Running 30s test @ http://localhost:9991/
  16 threads and 256 connections
  Thread calibration: mean lat.: 4854.960ms, rate sampling interval: 17399ms
  Thread calibration: mean lat.: 4858.169ms, rate sampling interval: 17416ms
  Thread calibration: mean lat.: 4850.181ms, rate sampling interval: 17399ms
  Thread calibration: mean lat.: 4853.969ms, rate sampling interval: 17399ms
  Thread calibration: mean lat.: 4858.565ms, rate sampling interval: 17399ms
  Thread calibration: mean lat.: 4853.677ms, rate sampling interval: 17399ms
  Thread calibration: mean lat.: 4856.654ms, rate sampling interval: 17399ms
  Thread calibration: mean lat.: 4863.070ms, rate sampling interval: 17399ms
  Thread calibration: mean lat.: 4859.237ms, rate sampling interval: 17416ms
  Thread calibration: mean lat.: 4854.808ms, rate sampling interval: 17399ms
  Thread calibration: mean lat.: 4853.189ms, rate sampling interval: 17399ms
  Thread calibration: mean lat.: 4852.266ms, rate sampling interval: 17383ms
  Thread calibration: mean lat.: 4853.013ms, rate sampling interval: 17399ms
  Thread calibration: mean lat.: 4857.813ms, rate sampling interval: 17416ms
  Thread calibration: mean lat.: 4863.509ms, rate sampling interval: 17399ms
  Thread calibration: mean lat.: 4853.253ms, rate sampling interval: 17383ms
  Thread Stats   Avg      Stdev     Max   +/- Stdev
    Latency    19.17s     5.55s   28.84s    57.61%
    Req/Sec   356.94      0.24   357.00    100.00%
  Latency Distribution (HdrHistogram - Recorded Latency)
 50.000%   19.17s 
 75.000%   23.97s 
 90.000%   26.90s 
 99.000%   28.64s 
 99.900%   28.82s 
 99.990%   28.85s 
 99.999%   28.85s 
100.000%   28.85s 

  Detailed Percentile spectrum:
       Value   Percentile   TotalCount 1/(1-Percentile)

    9625.599     0.000000            1         1.00
   11526.143     0.100000        11390         1.11
   13377.535     0.200000        22752         1.25
   15302.655     0.300000        34125         1.43
   17235.967     0.400000        45523         1.67
   19169.279     0.500000        56956         2.00
   20119.551     0.550000        62596         2.22
   21037.055     0.600000        68286         2.50
   22020.095     0.650000        73970         2.86
   22986.751     0.700000        79621         3.33
   23969.791     0.750000        85325         4.00
   24461.311     0.775000        88190         4.44
   24952.831     0.800000        91052         5.00
   25427.967     0.825000        93851         5.71
   25919.487     0.850000        96712         6.67
   26411.007     0.875000        99540         8.00
   26656.767     0.887500       100975         8.89
   26902.527     0.900000       102385        10.00
   27164.671     0.912500       103844        11.43
   27394.047     0.925000       105253        13.33
   27623.423     0.937500       106628        16.00
   27754.495     0.943750       107412        17.78
   27869.183     0.950000       108089        20.00
   27983.871     0.956250       108748        22.86
   28114.943     0.962500       109512        26.67
   28229.631     0.968750       110200        32.00
   28295.167     0.971875       110587        35.56
   28344.319     0.975000       110891        40.00
   28409.855     0.978125       111293        45.71
   28475.391     0.981250       111681        53.33
   28524.543     0.984375       111970        64.00
   28557.311     0.985938       112165        71.11
   28590.079     0.987500       112350        80.00
   28622.847     0.989062       112541        91.43
   28655.615     0.990625       112729       106.67
   28688.383     0.992188       112924       128.00
   28688.383     0.992969       112924       142.22
   28704.767     0.993750       113014       160.00
   28721.151     0.994531       113118       182.86
   28737.535     0.995313       113220       213.33
   28753.919     0.996094       113320       256.00
   28770.303     0.996484       113417       284.44
   28770.303     0.996875       113417       320.00
   28770.303     0.997266       113417       365.71
   28786.687     0.997656       113512       426.67
   28786.687     0.998047       113512       512.00
   28803.071     0.998242       113600       568.89
   28803.071     0.998437       113600       640.00
   28803.071     0.998633       113600       731.43
   28803.071     0.998828       113600       853.33
   28819.455     0.999023       113661      1024.00
   28819.455     0.999121       113661      1137.78
   28819.455     0.999219       113661      1280.00
   28819.455     0.999316       113661      1462.86
   28819.455     0.999414       113661      1706.67
   28835.839     0.999512       113704      2048.00
   28835.839     0.999561       113704      2275.56
   28835.839     0.999609       113704      2560.00
   28835.839     0.999658       113704      2925.71
   28835.839     0.999707       113704      3413.33
   28835.839     0.999756       113704      4096.00
   28835.839     0.999780       113704      4551.11
   28835.839     0.999805       113704      5120.00
   28835.839     0.999829       113704      5851.43
   28835.839     0.999854       113704      6826.67
   28852.223     0.999878       113720      8192.00
   28852.223     1.000000       113720          inf
#[Mean    =    19166.112, StdDeviation   =     5545.811]
#[Max     =    28835.840, Total count    =       113720]
#[Buckets =           27, SubBuckets     =         2048]
----------------------------------------------------------
  171061 requests in 30.01s, 57.10MB read
Requests/sec:   5700.88
Transfer/sec:      1.90MB
WRKX_RESULT {"durationUs":30006064,"requests":171061,"responses":171061,"errors":0,"bytes":59871350,"latencyAvgUs":19166111.759,"latencyP95Us":27869183.000,"latencyP99Us":28639231.000}
