Running 30s test @ http://localhost:9991/
  16 threads and 256 connections
  Thread calibration: mean lat.: 4274.399ms, rate sampling interval: 15409ms
  Thread calibration: mean lat.: 4280.573ms, rate sampling interval: 15417ms
  Thread calibration: mean lat.: 4278.215ms, rate sampling interval: 15417ms
  Thread calibration: mean lat.: 4275.800ms, rate sampling interval: 15425ms
  Thread calibration: mean lat.: 4279.130ms, rate sampling interval: 15441ms
  Thread calibration: mean lat.: 4285.173ms, rate sampling interval: 15433ms
  Thread calibration: mean lat.: 4278.421ms, rate sampling interval: 15433ms
  Thread calibration: mean lat.: 4282.201ms, rate sampling interval: 15441ms
  Thread calibration: mean lat.: 4275.499ms, rate sampling interval: 15417ms
  Thread calibration: mean lat.: 4280.142ms, rate sampling interval: 15433ms
  Thread calibration: mean lat.: 4282.035ms, rate sampling interval: 15425ms
  Thread calibration: mean lat.: 4281.203ms, rate sampling interval: 15425ms
  Thread calibration: mean lat.: 4284.863ms, rate sampling interval: 15425ms
  Thread calibration: mean lat.: 4283.461ms, rate sampling interval: 15433ms
  Thread calibration: mean lat.: 4284.241ms, rate sampling interval: 15450ms
  Thread calibration: mean lat.: 4285.520ms, rate sampling interval: 15433ms
  Thread Stats   Avg      Stdev     Max   +/- Stdev
    Latency    17.13s     4.91s   25.62s    58.00%
    Req/Sec   363.94      0.24   364.00    100.00%
  Latency Distribution (HdrHistogram - Recorded Latency)
 50.000%   17.10s 
 75.000%   21.38s 
 90.000%   23.94s 
 99.000%   25.44s 
 99.900%   25.59s 
 99.990%   25.62s 
 99.999%   25.62s 
100.000%   25.64s 

  Detailed Percentile spectrum:
       Value   Percentile   TotalCount 1/(1-Percentile)

    8568.831     0.000000            1         1.00
   10346.495     0.100000        11651         1.11
   12091.391     0.200000        23317         1.25
   13729.791     0.300000        34973         1.43
   15368.191     0.400000        46586         1.67
   17104.895     0.500000        58304         2.00
   17973.247     0.550000        64134         2.22
   18825.215     0.600000        69868         2.50
   19693.567     0.650000        75714         2.86
   20545.535     0.700000        81518         3.33
   21381.119     0.750000        87295         4.00
   21823.487     0.775000        90286         4.44
   22249.471     0.800000        93144         5.00
   22691.839     0.825000        96054         5.71
   23101.439     0.850000        98956         6.67
   23511.039     0.875000       101880         8.00
   23724.031     0.887500       103337         8.89
   23937.023     0.900000       104825        10.00
   24150.015     0.912500       106284        11.43
   24363.007     0.925000       107779        13.33
   24575.999     0.937500       109190        16.00
   24674.303     0.943750       109881        17.78
   24788.991     0.950000       110671        20.00
   24887.295     0.956250       111365        22.86
   24985.599     0.962500       112034        26.67
   25100.287     0.968750       112817        32.00
   25149.439     0.971875       113157        35.56
   25198.591     0.975000       113537        40.00
   25247.743     0.978125       113912        45.71
   25296.895     0.981250       114281        53.33
   25346.047     0.984375       114635        64.00
   25378.815     0.985938       114867        71.11
   25395.199     0.987500       114977        80.00
   25427.967     0.989062       115198        91.43
   25444.351     0.990625       115303       106.67
   25477.119     0.992188       115528       128.00
   25493.503     0.992969       115639       142.22
   25509.887     0.993750       115751       160.00
   25526.271     0.994531       115870       182.86
   25526.271     0.995313       115870       213.33
   25542.655     0.996094       115986       256.00
   25542.655     0.996484       115986       284.44
   25559.039     0.996875       116106       320.00
   25559.039     0.997266       116106       365.71
   25575.423     0.997656       116222       426.67
   25575.423     0.998047       116222       512.00
   25575.423     0.998242       116222       568.89
   25575.423     0.998437       116222       640.00
   25591.807     0.998633       116318       731.43
   25591.807     0.998828       116318       853.33
   25591.807     0.999023       116318      1024.00
   25591.807     0.999121       116318      1137.78
   25591.807     0.999219       116318      1280.00
   25591.807     0.999316       116318      1462.86
   25608.191     0.999414       116371      1706.67
   25608.191     0.999512       116371      2048.00
   25608.191     0.999561       116371      2275.56
   25608.191     0.999609       116371      2560.00
   25608.191     0.999658       116371      2925.71
   25608.191     0.999707       116371      3413.33
   25608.191     0.999756       116371      4096.00
   25608.191     0.999780       116371      4551.11
   25608.191     0.999805       116371      5120.00
   25624.575     0.999829       116390      5851.43
   25624.575     0.999854       116390      6826.67
   25624.575     0.999878       116390      8192.00
   25624.575     0.999890       116390      9102.22
   25624.575     0.999902       116390     10240.00
   25624.575     0.999915       116390     11702.86
   25624.575     0.999927       116390     13653.33
   25624.575     0.999939       116390     16384.00
   25624.575     0.999945       116390     18204.44
   25624.575     0.999951       116390     20480.00
   25624.575     0.999957       116390     23405.71
   25624.575     0.999963       116390     27306.67
   25624.575     0.999969       116390     32768.00
   25624.575     0.999973       116390     36408.89
   25624.575     0.999976       116390     40960.00
   25624.575     0.999979       116390     46811.43
   25624.575     0.999982       116390     54613.33
   25624.575     0.999985       116390     65536.00
   25624.575     0.999986       116390     72817.78
   25624.575     0.999988       116390     81920.00
   25624.575     0.999989       116390     93622.86
   25624.575     0.999991       116390    109226.67
   25640.959     0.999992       116391    131072.00
   25640.959     1.000000       116391          inf
#[Mean    =    17126.574, StdDeviation   =     4905.520]
#[Max     =    25624.576, Total count    =       116391]
#[Buckets =           27, SubBuckets     =         2048]
----------------------------------------------------------
  174628 requests in 30.01s, 58.29MB read
Requests/sec:   5819.75
Transfer/sec:      1.94MB
WRKX_RESULT {"durationUs":30006122,"requests":174628,"responses":174628,"errors":0,"bytes":61119800,"latencyAvgUs":17126574.067,"latencyP95Us":24788991.000,"latencyP99Us":25444351.000}
