Running 30s test @ http://localhost:9991/
  16 threads and 256 connections
  Thread calibration: mean lat.: 4420.338ms, rate sampling interval: 15900ms
  Thread calibration: mean lat.: 4426.398ms, rate sampling interval: 15908ms
  Thread calibration: mean lat.: 4429.989ms, rate sampling interval: 15933ms
  Thread calibration: mean lat.: 4421.035ms, rate sampling interval: 15908ms
  Thread calibration: mean lat.: 4421.751ms, rate sampling interval: 15917ms
  Thread calibration: mean lat.: 4423.876ms, rate sampling interval: 15917ms
  Thread calibration: mean lat.: 4422.644ms, rate sampling interval: 15908ms
  Thread calibration: mean lat.: 4425.507ms, rate sampling interval: 15917ms
  Thread calibration: mean lat.: 4423.350ms, rate sampling interval: 15908ms
  Thread calibration: mean lat.: 4422.997ms, rate sampling interval: 15908ms
  Thread calibration: mean lat.: 4430.046ms, rate sampling interval: 15917ms
  Thread calibration: mean lat.: 4423.333ms, rate sampling interval: 15908ms
  Thread calibration: mean lat.: 4420.481ms, rate sampling interval: 15892ms
  Thread calibration: mean lat.: 4423.950ms, rate sampling interval: 15917ms
  Thread calibration: mean lat.: 4424.141ms, rate sampling interval: 15925ms
  Thread calibration: mean lat.: 4435.702ms, rate sampling interval: 15925ms
  Thread Stats   Avg      Stdev     Max   +/- Stdev
    Latency    17.62s     5.04s   26.48s    58.07%
    Req/Sec   367.00      0.00   367.00    100.00%
  Latency Distribution (HdrHistogram - Recorded Latency)
 50.000%   17.60s 
 75.000%   21.92s 
 90.000%   24.66s 
 99.000%   26.28s 
 99.900%   26.44s 
 99.990%   26.48s 
 99.999%   26.49s 
100.000%   26.49s 

  Detailed Percentile spectrum:
       Value   Percentile   TotalCount 1/(1-Percentile)

    8830.975     0.000000            1         1.00
   10657.791     0.100000        11670         1.11
   12410.879     0.200000        23301         1.25
   14155.775     0.300000        34901         1.43
   15917.055     0.400000        46548         1.67
   17596.415     0.500000        58152         2.00
   18497.535     0.550000        64049         2.22
   19333.119     0.600000        69841         2.50
   20185.087     0.650000        75688         2.86
   21053.439     0.700000        81492         3.33
   21921.791     0.750000        87239         4.00
   22380.543     0.775000        90179         4.44
   22822.911     0.800000        93080         5.00
   23265.279     0.825000        95958         5.71
   23724.031     0.850000        98939         6.67
   24182.783     0.875000       101755         8.00
   24428.543     0.887500       103300         8.89
   24657.919     0.900000       104745        10.00
   24870.911     0.912500       106159        11.43
   25100.287     0.925000       107630        13.33
   25329.663     0.937500       109070        16.00
   25444.351     0.943750       109756        17.78
   25559.039     0.950000       110484        20.00
   25690.111     0.956250       111289        22.86
   25804.799     0.962500       112016        26.67
   25903.103     0.968750       112679        32.00
   25968.639     0.971875       113127        35.56
   26017.791     0.975000       113462        40.00
   26066.943     0.978125       113828        45.71
   26116.095     0.981250       114173        53.33
   26165.247     0.984375       114478        64.00
   26198.015     0.985938       114695        71.11
   26230.783     0.987500       114895        80.00
   26263.551     0.989062       115101        91.43
   26279.935     0.990625       115209       106.67
   26312.703     0.992188       115434       128.00
   26329.087     0.992969       115531       142.22
   26345.471     0.993750       115640       160.00
   26361.855     0.994531       115742       182.86
   26378.239     0.995313       115848       213.33
   26378.239     0.996094       115848       256.00
   26394.623     0.996484       115949       284.44
   26394.623     0.996875       115949       320.00
   26411.007     0.997266       116050       365.71
   26411.007     0.997656       116050       426.67
   26427.391     0.998047       116149       512.00
   26427.391     0.998242       116149       568.89
   26427.391     0.998437       116149       640.00
   26427.391     0.998633       116149       731.43
   26443.775     0.998828       116229       853.33
   26443.775     0.999023       116229      1024.00
   26443.775     0.999121       116229      1137.78
   26443.775     0.999219       116229      1280.00
   26443.775     0.999316       116229      1462.86
   26443.775     0.999414       116229      1706.67
   26460.159     0.999512       116271      2048.00
   26460.159     0.999561       116271      2275.56
   26460.159     0.999609       116271      2560.00
   26460.159     0.999658       116271      2925.71
   26460.159     0.999707       116271      3413.33
   26460.159     0.999756       116271      4096.00
   26460.159     0.999780       116271      4551.11
   26460.159     0.999805       116271      5120.00
   26460.159     0.999829       116271      5851.43
   26476.543     0.999854       116287      6826.67
   26476.543     0.999878       116287      8192.00
   26476.543     0.999890       116287      9102.22
   26476.543     0.999902       116287     10240.00
   26476.543     0.999915       116287     11702.86
   26476.543     0.999927       116287     13653.33
   26476.543     0.999939       116287     16384.00
   26476.543     0.999945       116287     18204.44
   26476.543     0.999951       116287     20480.00
   26476.543     0.999957       116287     23405.71
   26476.543     0.999963       116287     27306.67
   26476.543     0.999969       116287     32768.00
   26476.543     0.999973       116287     36408.89
   26492.927     0.999976       116290     40960.00
   26492.927     1.000000       116290          inf
#[Mean    =    17621.740, StdDeviation   =     5036.266]
#[Max     =    26476.544, Total count    =       116290]
#[Buckets =           27, SubBuckets     =         2048]
----------------------------------------------------------
  175712 requests in 30.01s, 58.65MB read
Requests/sec:   5856.08
Transfer/sec:      1.95MB
WRKX_RESULT {"durationUs":30005057,"requests":175712,"responses":175712,"errors":0,"bytes":61499200,"latencyAvgUs":17621740.051,"latencyP95Us":25559039.000,"latencyP99Us":26279935.000}
