Running 30s test @ http://localhost:9991/
  16 threads and 256 connections
  Thread calibration: mean lat.: 2097.751ms, rate sampling interval: 7553ms
  Thread calibration: mean lat.: 2097.228ms, rate sampling interval: 7553ms
  Thread calibration: mean lat.: 2093.272ms, rate sampling interval: 7540ms
  Thread calibration: mean lat.: 2091.695ms, rate sampling interval: 7532ms
  Thread calibration: mean lat.: 2099.487ms, rate sampling interval: 7536ms
  Thread calibration: mean lat.: 2096.409ms, rate sampling interval: 7540ms
  Thread calibration: mean lat.: 1973.078ms, rate sampling interval: 6938ms
  Thread calibration: mean lat.: 2102.401ms, rate sampling interval: 7548ms
  Thread calibration: mean lat.: 2100.475ms, rate sampling interval: 7553ms
  Thread calibration: mean lat.: 2101.193ms, rate sampling interval: 7553ms
  Thread calibration: mean lat.: 2093.958ms, rate sampling interval: 7532ms
  Thread calibration: mean lat.: 2096.261ms, rate sampling interval: 7536ms
  Thread calibration: mean lat.: 2098.826ms, rate sampling interval: 7544ms
  Thread calibration: mean lat.: 2106.650ms, rate sampling interval: 7557ms
  Thread calibration: mean lat.: 2095.633ms, rate sampling interval: 7536ms
  Thread calibration: mean lat.: 2101.811ms, rate sampling interval: 7536ms
  Thread Stats   Avg      Stdev     Max   +/- Stdev
    Latency     8.34s     2.45s   12.66s    58.05%
    Req/Sec   360.72      2.28   364.00     93.75%
  Latency Distribution (HdrHistogram - Recorded Latency)
 50.000%    8.29s 
 75.000%   10.47s 
 90.000%   11.77s 
 99.000%   12.51s 
 99.900%   12.61s 
 99.990%   12.64s 
 99.999%   12.66s 
100.000%   12.66s 

  Detailed Percentile spectrum:
       Value   Percentile   TotalCount 1/(1-Percentile)

    3823.615     0.000000            1         1.00
    4956.159     0.100000        11537         1.11
    5808.127     0.200000        23026         1.25
    6631.423     0.300000        34498         1.43
    7475.199     0.400000        46000         1.67
    8286.207     0.500000        57515         2.00
    8732.671     0.550000        63329         2.22
    9199.615     0.600000        69030         2.50
    9641.983     0.650000        74812         2.86
   10067.967     0.700000        80576         3.33
   10469.375     0.750000        86272         4.00
   10665.983     0.775000        89168         4.44
   10895.359     0.800000        92095         5.00
   11108.351     0.825000        94872         5.71
   11321.343     0.850000        97810         6.67
   11542.527     0.875000       100699         8.00
   11657.215     0.887500       102130         8.89
   11771.903     0.900000       103554        10.00
   11878.399     0.912500       104930        11.43
   11984.895     0.925000       106368        13.33
   12091.391     0.937500       107932        16.00
   12132.351     0.943750       108598        17.78
   12173.311     0.950000       109265        20.00
   12222.463     0.956250       109973        22.86
   12279.807     0.962500       110778        26.67
   12328.959     0.968750       111505        32.00
   12353.535     0.971875       111859        35.56
   12378.111     0.975000       112187        40.00
   12402.687     0.978125       112496        45.71
   12435.455     0.981250       112933        53.33
   12460.031     0.984375       113257        64.00
   12476.415     0.985938       113455        71.11
   12484.607     0.987500       113576        80.00
   12500.991     0.989062       113769        91.43
   12517.375     0.990625       113970       106.67
   12533.759     0.992188       114153       128.00
   12541.951     0.992969       114255       142.22
   12550.143     0.993750       114349       160.00
   12558.335     0.994531       114439       182.86
   12566.527     0.995313       114537       213.33
   12566.527     0.996094       114537       256.00
   12574.719     0.996484       114627       284.44
   12574.719     0.996875       114627       320.00
   12582.911     0.997266       114720       365.71
   12582.911     0.997656       114720       426.67
   12591.103     0.998047       114787       512.00
   12591.103     0.998242       114787       568.89
   12599.295     0.998437       114853       640.00
   12599.295     0.998633       114853       731.43
   12599.295     0.998828       114853       853.33
   12607.487     0.999023       114903      1024.00
   12607.487     0.999121       114903      1137.78
   12607.487     0.999219       114903      1280.00
   12615.679     0.999316       114934      1462.86
   12615.679     0.999414       114934      1706.67
   12615.679     0.999512       114934      2048.00
   12623.871     0.999561       114957      2275.56
   12623.871     0.999609       114957      2560.00
   12623.871     0.999658       114957      2925.71
   12623.871     0.999707       114957      3413.33
   12623.871     0.999756       114957      4096.00
   12632.063     0.999780       114968      4551.11
   12632.063     0.999805       114968      5120.00
   12632.063     0.999829       114968      5851.43
   12640.255     0.999854       114979      6826.67
   12640.255     0.999878       114979      8192.00
   12640.255     0.999890       114979      9102.22
   12640.255     0.999902       114979     10240.00
   12640.255     0.999915       114979     11702.86
   12640.255     0.999927       114979     13653.33
   12640.255     0.999939       114979     16384.00
   12640.255     0.999945       114979     18204.44
   12648.447     0.999951       114982     20480.00
   12648.447     0.999957       114982     23405.71
   12648.447     0.999963       114982     27306.67
   12648.447     0.999969       114982     32768.00
   12648.447     0.999973       114982     36408.89
   12656.639     0.999976       114984     40960.00
   12656.639     0.999979       114984     46811.43
   12656.639     0.999982       114984     54613.33
   12656.639     0.999985       114984     65536.00
   12656.639     0.999986       114984     72817.78
   12656.639     0.999988       114984     81920.00
   12656.639     0.999989       114984     93622.86
   12656.639     0.999991       114984    109226.67
   12664.831     0.999992       114985    131072.00
   12664.831     1.000000       114985          inf
#[Mean    =     8340.120, StdDeviation   =     2451.594]
#[Max     =    12656.640, Total count    =       114985]
#[Buckets =           27, SubBuckets     =         2048]
----------------------------------------------------------
  173352 requests in 30.00s, 57.86MB read
Requests/sec:   5777.52
Transfer/sec:      1.93MB
WRKX_RESULT {"durationUs":30004586,"requests":173352,"responses":173352,"errors":0,"bytes":60673200,"latencyAvgUs":8340120.342,"latencyP95Us":12173311.000,"latencyP99Us":12509183.000}
