Running 30s test @ http://localhost:9991/
  16 threads and 256 connections
  Thread calibration: mean lat.: 4054.442ms, rate sampling interval: 14614ms
  Thread calibration: mean lat.: 4055.674ms, rate sampling interval: 14606ms
  Thread calibration: mean lat.: 4059.417ms, rate sampling interval: 14606ms
  Thread calibration: mean lat.: 4060.451ms, rate sampling interval: 14606ms
  Thread calibration: mean lat.: 4051.920ms, rate sampling interval: 14606ms
  Thread calibration: mean lat.: 4054.799ms, rate sampling interval: 14614ms
  Thread calibration: mean lat.: 4054.221ms, rate sampling interval: 14606ms
  Thread calibration: mean lat.: 4053.549ms, rate sampling interval: 14598ms
  Thread calibration: mean lat.: 4070.444ms, rate sampling interval: 14630ms
  Thread calibration: mean lat.: 3723.136ms, rate sampling interval: 13262ms
  Thread calibration: mean lat.: 4053.567ms, rate sampling interval: 14606ms
  Thread calibration: mean lat.: 4052.867ms, rate sampling interval: 14598ms
  Thread calibration: mean lat.: 4056.810ms, rate sampling interval: 14614ms
  Thread calibration: mean lat.: 4058.220ms, rate sampling interval: 14614ms
  Thread calibration: mean lat.: 4061.701ms, rate sampling interval: 14622ms
  Thread calibration: mean lat.: 4060.464ms, rate sampling interval: 14622ms
  Thread Stats   Avg      Stdev     Max   +/- Stdev
    Latency    16.02s     4.60s   24.15s    58.17%
    Req/Sec   369.00      0.35   370.00    100.00%
  Latency Distribution (HdrHistogram - Recorded Latency)
 50.000%   15.99s 
 75.000%   19.92s 
 90.000%   22.45s 
 99.000%   23.97s 
 99.900%   24.12s 
 99.990%   24.15s 
 99.999%   24.15s 
100.000%   24.17s 

  Detailed Percentile spectrum:
       Value   Percentile   TotalCount 1/(1-Percentile)

    7340.031     0.000000            1         1.00
    9674.751     0.100000        11678         1.11
   11272.191     0.200000        23306         1.25
   12861.439     0.300000        34992         1.43
   14434.303     0.400000        46655         1.67
   15990.783     0.500000        58269         2.00
   16793.599     0.550000        64143         2.22
   17580.031     0.600000        69940         2.50
   18350.079     0.650000        75765         2.86
   19152.895     0.700000        81553         3.33
   19922.943     0.750000        87417         4.00
   20348.927     0.775000        90289         4.44
   20774.911     0.800000        93227         5.00
   21184.511     0.825000        96156         5.71
   21594.111     0.850000        99064         6.67
   22036.479     0.875000       102019         8.00
   22233.087     0.887500       103425         8.89
   22446.079     0.900000       104880        10.00
   22659.071     0.912500       106349        11.43
   22872.063     0.925000       107780        13.33
   23085.055     0.937500       109236        16.00
   23183.359     0.943750       109965        17.78
   23281.663     0.950000       110711        20.00
   23379.967     0.956250       111443        22.86
   23494.655     0.962500       112190        26.67
   23609.343     0.968750       112945        32.00
   23658.495     0.971875       113263        35.56
   23707.647     0.975000       113590        40.00
   23773.183     0.978125       114013        45.71
   23822.335     0.981250       114343        53.33
   23871.487     0.984375       114706        64.00
   23904.255     0.985938       114930        71.11
   23937.023     0.987500       115150        80.00
   23953.407     0.989062       115259        91.43
   23986.175     0.990625       115484       106.67
   24002.559     0.992188       115612       128.00
   24018.943     0.992969       115716       142.22
   24035.327     0.993750       115850       160.00
   24051.711     0.994531       115957       182.86
   24051.711     0.995313       115957       213.33
   24068.095     0.996094       116076       256.00
   24084.479     0.996484       116192       284.44
   24084.479     0.996875       116192       320.00
   24084.479     0.997266       116192       365.71
   24100.863     0.997656       116307       426.67
   24100.863     0.998047       116307       512.00
   24100.863     0.998242       116307       568.89
   24117.247     0.998437       116399       640.00
   24117.247     0.998633       116399       731.43
   24117.247     0.998828       116399       853.33
   24117.247     0.999023       116399      1024.00
   24117.247     0.999121       116399      1137.78
   24133.631     0.999219       116466      1280.00
   24133.631     0.999316       116466      1462.86
   24133.631     0.999414       116466      1706.67
   24133.631     0.999512       116466      2048.00
   24133.631     0.999561       116466      2275.56
   24133.631     0.999609       116466      2560.00
   24133.631     0.999658       116466      2925.71
   24133.631     0.999707       116466      3413.33
   24133.631     0.999756       116466      4096.00
   24150.015     0.999780       116492      4551.11
   24150.015     0.999805       116492      5120.00
   24150.015     0.999829       116492      5851.43
   24150.015     0.999854       116492      6826.67
   24150.015     0.999878       116492      8192.00
   24150.015     0.999890       116492      9102.22
   24150.015     0.999902       116492     10240.00
   24150.015     0.999915       116492     11702.86
   24150.015     0.999927       116492     13653.33
   24150.015     0.999939       116492     16384.00
   24150.015     0.999945       116492     18204.44
   24150.015     0.999951       116492     20480.00
   24150.015     0.999957       116492     23405.71
   24150.015     0.999963       116492     27306.67
   24150.015     0.999969       116492     32768.00
   24150.015     0.999973       116492     36408.89
   24150.015     0.999976       116492     40960.00
   24150.015     0.999979       116492     46811.43
   24150.015     0.999982       116492     54613.33
   24150.015     0.999985       116492     65536.00
   24150.015     0.999986       116492     72817.78
   24150.015     0.999988       116492     81920.00
   24150.015     0.999989       116492     93622.86
   24150.015     0.999991       116492    109226.67
   24166.399     0.999992       116493    131072.00
   24166.399     1.000000       116493          inf
#[Mean    =    16019.207, StdDeviation   =     4600.347]
#[Max     =    24150.016, Total count    =       116493]
#[Buckets =           27, SubBuckets     =         2048]
----------------------------------------------------------
  174695 requests in 30.01s, 58.31MB read
Requests/sec:   5821.88
Transfer/sec:      1.94MB
WRKX_RESULT {"durationUs":30006643,"requests":174695,"responses":174695,"errors":0,"bytes":61143250,"latencyAvgUs":16019206.727,"latencyP95Us":23281663.000,"latencyP99Us":23969791.000}
