Running 30s test @ http://localhost:9991/
  16 threads and 256 connections
  Thread calibration: mean lat.: 3080.790ms, rate sampling interval: 11182ms
  Thread calibration: mean lat.: 3077.299ms, rate sampling interval: 11165ms
  Thread calibration: mean lat.: 3079.771ms, rate sampling interval: 11182ms
  Thread calibration: mean lat.: 3076.665ms, rate sampling interval: 11165ms
  Thread calibration: mean lat.: 3077.919ms, rate sampling interval: 11165ms
  Thread calibration: mean lat.: 3080.028ms, rate sampling interval: 11182ms
  Thread calibration: mean lat.: 3071.364ms, rate sampling interval: 11149ms
  Thread calibration: mean lat.: 3075.227ms, rate sampling interval: 11173ms
  Thread calibration: mean lat.: 3077.919ms, rate sampling interval: 11182ms
  Thread calibration: mean lat.: 3074.682ms, rate sampling interval: 11173ms
  Thread calibration: mean lat.: 3074.973ms, rate sampling interval: 11173ms
  Thread calibration: mean lat.: 3075.605ms, rate sampling interval: 11165ms
  Thread calibration: mean lat.: 3075.800ms, rate sampling interval: 11173ms
  Thread calibration: mean lat.: 3080.865ms, rate sampling interval: 11173ms
  Thread calibration: mean lat.: 3085.440ms, rate sampling interval: 11182ms
  Thread calibration: mean lat.: 3080.746ms, rate sampling interval: 11182ms
  Thread Stats   Avg      Stdev     Max   +/- Stdev
    Latency    12.33s     3.53s   18.50s    57.96%
    Req/Sec   358.00      0.00   358.00    100.00%
  Latency Distribution (HdrHistogram - Recorded Latency)
 50.000%   12.36s 
 75.000%   15.38s 
 90.000%   17.20s 
 99.000%   18.37s 
 99.900%   18.48s 
 99.990%   18.51s 
 99.999%   18.51s 
100.000%   18.51s 

  Detailed Percentile spectrum:
       Value   Percentile   TotalCount 1/(1-Percentile)

    6172.671     0.000000            1         1.00
    7405.567     0.100000        11473         1.11
    8658.943     0.200000        22927         1.25
    9920.511     0.300000        34378         1.43
   11149.311     0.400000        45796         1.67
   12361.727     0.500000        57235         2.00
   12967.935     0.550000        62966         2.22
   13590.527     0.600000        68681         2.50
   14188.543     0.650000        74401         2.86
   14778.367     0.700000        80114         3.33
   15384.575     0.750000        85902         4.00
   15679.487     0.775000        88694         4.44
   15982.591     0.800000        91579         5.00
   16269.311     0.825000        94453         5.71
   16564.223     0.850000        97327         6.67
   16891.903     0.875000       100241         8.00
   17055.743     0.887500       101620         8.89
   17203.199     0.900000       103011        10.00
   17367.039     0.912500       104443        11.43
   17530.879     0.925000       105928        13.33
   17694.719     0.937500       107343        16.00
   17776.639     0.943750       108046        17.78
   17858.559     0.950000       108804        20.00
   17940.479     0.956250       109515        22.86
   18022.399     0.962500       110183        26.67
   18104.319     0.968750       110907        32.00
   18153.471     0.971875       111356        35.56
   18186.239     0.975000       111669        40.00
   18219.007     0.978125       111985        45.71
   18251.775     0.981250       112298        53.33
   18300.927     0.984375       112781        64.00
   18317.311     0.985938       112924        71.11
   18333.695     0.987500       113081        80.00
   18350.079     0.989062       113236        91.43
   18366.463     0.990625       113393       106.67
   18399.231     0.992188       113700       128.00
   18399.231     0.992969       113700       142.22
   18415.615     0.993750       113859       160.00
   18415.615     0.994531       113859       182.86
   18431.999     0.995313       114024       213.33
   18431.999     0.996094       114024       256.00
   18448.383     0.996484       114161       284.44
   18448.383     0.996875       114161       320.00
   18448.383     0.997266       114161       365.71
   18464.767     0.997656       114302       426.67
   18464.767     0.998047       114302       512.00
   18464.767     0.998242       114302       568.89
   18464.767     0.998437       114302       640.00
   18464.767     0.998633       114302       731.43
   18481.151     0.998828       114391       853.33
   18481.151     0.999023       114391      1024.00
   18481.151     0.999121       114391      1137.78
   18481.151     0.999219       114391      1280.00
   18481.151     0.999316       114391      1462.86
   18481.151     0.999414       114391      1706.67
   18481.151     0.999512       114391      2048.00
   18497.535     0.999561       114431      2275.56
   18497.535     0.999609       114431      2560.00
   18497.535     0.999658       114431      2925.71
   18497.535     0.999707       114431      3413.33
   18497.535     0.999756       114431      4096.00
   18497.535     0.999780       114431      4551.11
   18497.535     0.999805       114431      5120.00
   18497.535     0.999829       114431      5851.43
   18497.535     0.999854       114431      6826.67
   18497.535     0.999878       114431      8192.00
   18497.535     0.999890       114431      9102.22
   18513.919     0.999902       114443     10240.00
   18513.919     1.000000       114443          inf
#[Mean    =    12334.932, StdDeviation   =     3533.061]
#[Max     =    18497.536, Total count    =       114443]
#[Buckets =           27, SubBuckets     =         2048]
----------------------------------------------------------
  172359 requests in 30.01s, 57.53MB read
Requests/sec:   5743.89
Transfer/sec:      1.92MB
WRKX_RESULT {"durationUs":30007388,"requests":172359,"responses":172359,"errors":0,"bytes":60325650,"latencyAvgUs":12334931.578,"latencyP95Us":17858559.000,"latencyP99Us":18366463.000}
