Running 30s test @ http://localhost:9991/
  16 threads and 256 connections
  Thread calibration: mean lat.: 3530.589ms, rate sampling interval: 12853ms
  Thread calibration: mean lat.: 3527.310ms, rate sampling interval: 12845ms
  Thread calibration: mean lat.: 3530.535ms, rate sampling interval: 12845ms
  Thread calibration: mean lat.: 3529.512ms, rate sampling interval: 12853ms
  Thread calibration: mean lat.: 3525.262ms, rate sampling interval: 12836ms
  Thread calibration: mean lat.: 3530.154ms, rate sampling interval: 12853ms
  Thread calibration: mean lat.: 3527.932ms, rate sampling interval: 12845ms
  Thread calibration: mean lat.: 3530.570ms, rate sampling interval: 12845ms
  Thread calibration: mean lat.: 3526.446ms, rate sampling interval: 12836ms
  Thread calibration: mean lat.: 3528.600ms, rate sampling interval: 12845ms
  Thread calibration: mean lat.: 3526.550ms, rate sampling interval: 12845ms
  Thread calibration: mean lat.: 3532.785ms, rate sampling interval: 12853ms
  Thread calibration: mean lat.: 3530.874ms, rate sampling interval: 12845ms
  Thread calibration: mean lat.: 3535.150ms, rate sampling interval: 12845ms
  Thread calibration: mean lat.: 3531.826ms, rate sampling interval: 12836ms
  Thread calibration: mean lat.: 3535.404ms, rate sampling interval: 12845ms
  Thread Stats   Avg      Stdev     Max   +/- Stdev
    Latency    14.10s     4.06s   21.25s    57.78%
    Req/Sec   369.00      0.00   369.00    100.00%
  Latency Distribution (HdrHistogram - Recorded Latency)
 50.000%   14.07s 
 75.000%   17.58s 
 90.000%   19.79s 
 99.000%   21.09s 
 99.900%   21.23s 
 99.990%   21.25s 
 99.999%   21.27s 
100.000%   21.27s 

  Detailed Percentile spectrum:
       Value   Percentile   TotalCount 1/(1-Percentile)

    7106.559     0.000000            1         1.00
    8503.295     0.100000        11683         1.11
    9871.359     0.200000        23285         1.25
   11296.767     0.300000        34935         1.43
   12722.175     0.400000        46541         1.67
   14073.855     0.500000        58248         2.00
   14729.215     0.550000        64051         2.22
   15441.919     0.600000        69846         2.50
   16138.239     0.650000        75637         2.86
   16875.519     0.700000        81566         3.33
   17580.031     0.750000        87293         4.00
   17956.863     0.775000        90273         4.44
   18333.695     0.800000        93167         5.00
   18694.143     0.825000        96060         5.71
   19021.823     0.850000        98897         6.67
   19398.655     0.875000       101818         8.00
   19595.263     0.887500       103316         8.89
   19791.871     0.900000       104800        10.00
   19972.095     0.912500       106245        11.43
   20152.319     0.925000       107674        13.33
   20332.543     0.937500       109168        16.00
   20414.463     0.943750       109835        17.78
   20512.767     0.950000       110617        20.00
   20594.687     0.956250       111277        22.86
   20692.991     0.962500       112085        26.67
   20774.911     0.968750       112761        32.00
   20824.063     0.971875       113155        35.56
   20873.215     0.975000       113556        40.00
   20905.983     0.978125       113806        45.71
   20955.135     0.981250       114194        53.33
   21004.287     0.984375       114596        64.00
   21020.671     0.985938       114725        71.11
   21053.439     0.987500       114969        80.00
   21069.823     0.989062       115081        91.43
   21102.591     0.990625       115330       106.67
   21118.975     0.992188       115458       128.00
   21135.359     0.992969       115596       142.22
   21151.743     0.993750       115722       160.00
   21151.743     0.994531       115722       182.86
   21168.127     0.995313       115850       213.33
   21184.511     0.996094       115983       256.00
   21184.511     0.996484       115983       284.44
   21184.511     0.996875       115983       320.00
   21200.895     0.997266       116108       365.71
   21200.895     0.997656       116108       426.67
   21217.279     0.998047       116228       512.00
   21217.279     0.998242       116228       568.89
   21217.279     0.998437       116228       640.00
   21217.279     0.998633       116228       731.43
   21217.279     0.998828       116228       853.33
   21233.663     0.999023       116312      1024.00
   21233.663     0.999121       116312      1137.78
   21233.663     0.999219       116312      1280.00
   21233.663     0.999316       116312      1462.86
   21233.663     0.999414       116312      1706.67
   21233.663     0.999512       116312      2048.00
   21233.663     0.999561       116312      2275.56
   21233.663     0.999609       116312      2560.00
   21233.663     0.999658       116312      2925.71
   21233.663     0.999707       116312      3413.33
   21250.047     0.999756       116339      4096.00
   21250.047     0.999780       116339      4551.11
   21250.047     0.999805       116339      5120.00
   21250.047     0.999829       116339      5851.43
   21250.047     0.999854       116339      6826.67
   21250.047     0.999878       116339      8192.00
   21250.047     0.999890       116339      9102.22
   21250.047     0.999902       116339     10240.00
   21250.047     0.999915       116339     11702.86
   21250.047     0.999927       116339     13653.33
   21250.047     0.999939       116339     16384.00
   21266.431     0.999945       116346     18204.44
   21266.431     1.000000       116346          inf
#[Mean    =    14096.822, StdDeviation   =     4059.044]
#[Max     =    21250.048, Total count    =       116346]
#[Buckets =           27, SubBuckets     =         2048]
----------------------------------------------------------
  174753 requests in 30.00s, 58.33MB read
Requests/sec:   5824.22
Transfer/sec:      1.94MB
WRKX_RESULT {"durationUs":30004516,"requests":174753,"responses":174753,"errors":0,"bytes":61163550,"latencyAvgUs":14096821.849,"latencyP95Us":20512767.000,"latencyP99Us":21086207.000}
