Running 30s test @ http://localhost:9991/
  16 threads and 256 connections
  Thread calibration: mean lat.: 3862.692ms, rate sampling interval: 13926ms
  Thread calibration: mean lat.: 3867.630ms, rate sampling interval: 13926ms
  Thread calibration: mean lat.: 3863.221ms, rate sampling interval: 13910ms
  Thread calibration: mean lat.: 3866.561ms, rate sampling interval: 13918ms
  Thread calibration: mean lat.: 3869.326ms, rate sampling interval: 13926ms
  Thread calibration: mean lat.: 3860.851ms, rate sampling interval: 13910ms
  Thread calibration: mean lat.: 3862.837ms, rate sampling interval: 13918ms
  Thread calibration: mean lat.: 3869.720ms, rate sampling interval: 13934ms
  Thread calibration: mean lat.: 3855.944ms, rate sampling interval: 13901ms
  Thread calibration: mean lat.: 3861.863ms, rate sampling interval: 13918ms
  Thread calibration: mean lat.: 3867.246ms, rate sampling interval: 13934ms
  Thread calibration: mean lat.: 3866.715ms, rate sampling interval: 13926ms
  Thread calibration: mean lat.: 3868.791ms, rate sampling interval: 13926ms
  Thread calibration: mean lat.: 3868.498ms, rate sampling interval: 13934ms
  Thread calibration: mean lat.: 3861.097ms, rate sampling interval: 13901ms
  Thread calibration: mean lat.: 3864.933ms, rate sampling interval: 13910ms
  Thread Stats   Avg      Stdev     Max   +/- Stdev
    Latency    15.28s     4.40s   22.95s    57.84%
    Req/Sec   367.69      0.46   368.00    100.00%
  Latency Distribution (HdrHistogram - Recorded Latency)
 50.000%   15.23s 
 75.000%   19.12s 
 90.000%   21.43s 
 99.000%   22.77s 
 99.900%   22.94s 
 99.990%   22.95s 
 99.999%   22.97s 
100.000%   22.97s 

  Detailed Percentile spectrum:
       Value   Percentile   TotalCount 1/(1-Percentile)

    7671.807     0.000000            1         1.00
    9207.807     0.100000        11756         1.11
   10747.903     0.200000        23435         1.25
   12238.847     0.300000        35095         1.43
   13721.599     0.400000        46848         1.67
   15228.927     0.500000        58498         2.00
   15982.591     0.550000        64403         2.22
   16769.023     0.600000        70200         2.50
   17547.263     0.650000        76056         2.86
   18333.695     0.700000        81923         3.33
   19120.127     0.750000        87806         4.00
   19496.959     0.775000        90679         4.44
   19890.175     0.800000        93641         5.00
   20283.391     0.825000        96519         5.71
   20692.991     0.850000        99472         6.67
   21069.823     0.875000       102469         8.00
   21250.047     0.887500       103880         8.89
   21430.271     0.900000       105348        10.00
   21626.879     0.912500       106836        11.43
   21823.487     0.925000       108300        13.33
   22003.711     0.937500       109788        16.00
   22085.631     0.943750       110441        17.78
   22183.935     0.950000       111268        20.00
   22265.855     0.956250       111896        22.86
   22364.159     0.962500       112665        26.67
   22446.079     0.968750       113364        32.00
   22495.231     0.971875       113779        35.56
   22544.383     0.975000       114168        40.00
   22593.535     0.978125       114534        45.71
   22642.687     0.981250       114870        53.33
   22691.839     0.984375       115235        64.00
   22708.223     0.985938       115357        71.11
   22740.991     0.987500       115604        80.00
   22757.375     0.989062       115727        91.43
   22790.143     0.990625       115952       106.67
   22806.527     0.992188       116071       128.00
   22822.911     0.992969       116168       142.22
   22839.295     0.993750       116283       160.00
   22855.679     0.994531       116390       182.86
   22872.063     0.995313       116519       213.33
   22888.447     0.996094       116632       256.00
   22888.447     0.996484       116632       284.44
   22888.447     0.996875       116632       320.00
   22904.831     0.997266       116742       365.71
   22904.831     0.997656       116742       426.67
   22921.215     0.998047       116851       512.00
   22921.215     0.998242       116851       568.89
   22921.215     0.998437       116851       640.00
   22921.215     0.998633       116851       731.43
   22921.215     0.998828       116851       853.33
   22937.599     0.999023       116925      1024.00
   22937.599     0.999121       116925      1137.78
   22937.599     0.999219       116925      1280.00
   22937.599     0.999316       116925      1462.86
   22937.599     0.999414       116925      1706.67
   22937.599     0.999512       116925      2048.00
   22953.983     0.999561       116973      2275.56
   22953.983     0.999609       116973      2560.00
   22953.983     0.999658       116973      2925.71
   22953.983     0.999707       116973      3413.33
   22953.983     0.999756       116973      4096.00
   22953.983     0.999780       116973      4551.11
   22953.983     0.999805       116973      5120.00
   22953.983     0.999829       116973      5851.43
   22953.983     0.999854       116973      6826.67
   22953.983     0.999878       116973      8192.00
   22953.983     0.999890       116973      9102.22
   22953.983     0.999902       116973     10240.00
   22953.983     0.999915       116973     11702.86
   22953.983     0.999927       116973     13653.33
   22953.983     0.999939       116973     16384.00
   22970.367     0.999945       116980     18204.44
   22970.367     1.000000       116980          inf
#[Mean    =    15284.722, StdDeviation   =     4403.463]
#[Max     =    22953.984, Total count    =       116980]
#[Buckets =           27, SubBuckets     =         2048]
----------------------------------------------------------
  175684 requests in 30.01s, 58.64MB read
Requests/sec:   5854.45
Transfer/sec:      1.95MB
WRKX_RESULT {"durationUs":30008619,"requests":175684,"responses":175684,"errors":0,"bytes":61489400,"latencyAvgUs":15284721.872,"latencyP95Us":22183935.000,"latencyP99Us":22773759.000}
