Running 30s test @ http://localhost:9991/
  16 threads and 256 connections
  Thread calibration: mean lat.: 4728.861ms, rate sampling interval: 17055ms
  Thread calibration: mean lat.: 4728.875ms, rate sampling interval: 17055ms
  Thread calibration: mean lat.: 4723.858ms, rate sampling interval: 17039ms
  Thread calibration: mean lat.: 4723.494ms, rate sampling interval: 17055ms
  Thread calibration: mean lat.: 4728.285ms, rate sampling interval: 17039ms
  Thread calibration: mean lat.: 4725.531ms, rate sampling interval: 17055ms
  Thread calibration: mean lat.: 4726.578ms, rate sampling interval: 17039ms
  Thread calibration: mean lat.: 4729.163ms, rate sampling interval: 17055ms
  Thread calibration: mean lat.: 4726.675ms, rate sampling interval: 17055ms
  Thread calibration: mean lat.: 4732.863ms, rate sampling interval: 17072ms
  Thread calibration: mean lat.: 4727.439ms, rate sampling interval: 17055ms
  Thread calibration: mean lat.: 4729.679ms, rate sampling interval: 17055ms
  Thread calibration: mean lat.: 4726.462ms, rate sampling interval: 17055ms
  Thread calibration: mean lat.: 4730.153ms, rate sampling interval: 17055ms
  Thread calibration: mean lat.: 4728.287ms, rate sampling interval: 17039ms
  Thread calibration: mean lat.: 4727.033ms, rate sampling interval: 17055ms
  Thread Stats   Avg      Stdev     Max   +/- Stdev
    Latency    18.75s     5.41s   28.25s    57.87%
    Req/Sec   361.19      0.39   362.00    100.00%
  Latency Distribution (HdrHistogram - Recorded Latency)
 50.000%   18.71s 
 75.000%   23.40s 
 90.000%   26.31s 
 99.000%   28.03s 
 99.900%   28.21s 
 99.990%   28.25s 
 99.999%   28.25s 
100.000%   28.26s 

  Detailed Percentile spectrum:
       Value   Percentile   TotalCount 1/(1-Percentile)

    9428.991     0.000000            4         1.00
   11280.383     0.100000        11521         1.11
   13123.583     0.200000        22994         1.25
   14991.359     0.300000        34484         1.43
   16859.135     0.400000        45989         1.67
   18710.527     0.500000        57509         2.00
   19660.799     0.550000        63201         2.22
   20627.455     0.600000        68975         2.50
   21544.959     0.650000        74679         2.86
   22462.463     0.700000        80446         3.33
   23396.351     0.750000        86207         4.00
   23887.871     0.775000        89113         4.44
   24346.623     0.800000        91909         5.00
   24838.143     0.825000        94790         5.71
   25346.047     0.850000        97727         6.67
   25837.567     0.875000       100612         8.00
   26066.943     0.887500       102024         8.89
   26312.703     0.900000       103419        10.00
   26558.463     0.912500       104891        11.43
   26787.839     0.925000       106296        13.33
   27017.215     0.937500       107743        16.00
   27131.903     0.943750       108426        17.78
   27262.975     0.950000       109218        20.00
   27377.663     0.956250       109926        22.86
   27492.351     0.962500       110618        26.67
   27623.423     0.968750       111383        32.00
   27688.959     0.971875       111742        35.56
   27738.111     0.975000       112040        40.00
   27803.647     0.978125       112409        45.71
   27869.183     0.981250       112783        53.33
   27918.335     0.984375       113091        64.00
   27951.103     0.985938       113284        71.11
   27983.871     0.987500       113480        80.00
   28016.639     0.989062       113685        91.43
   28049.407     0.990625       113893       106.67
   28082.175     0.992188       114077       128.00
   28098.559     0.992969       114181       142.22
   28098.559     0.993750       114181       160.00
   28114.943     0.994531       114263       182.86
   28131.327     0.995313       114362       213.33
   28147.711     0.996094       114452       256.00
   28164.095     0.996484       114551       284.44
   28164.095     0.996875       114551       320.00
   28180.479     0.997266       114652       365.71
   28180.479     0.997656       114652       426.67
   28196.863     0.998047       114735       512.00
   28196.863     0.998242       114735       568.89
   28196.863     0.998437       114735       640.00
   28196.863     0.998633       114735       731.43
   28213.247     0.998828       114806       853.33
   28213.247     0.999023       114806      1024.00
   28213.247     0.999121       114806      1137.78
   28213.247     0.999219       114806      1280.00
   28229.631     0.999316       114860      1462.86
   28229.631     0.999414       114860      1706.67
   28229.631     0.999512       114860      2048.00
   28229.631     0.999561       114860      2275.56
   28229.631     0.999609       114860      2560.00
   28229.631     0.999658       114860      2925.71
   28229.631     0.999707       114860      3413.33
   28229.631     0.999756       114860      4096.00
   28246.015     0.999780       114885      4551.11
   28246.015     0.999805       114885      5120.00
   28246.015     0.999829       114885      5851.43
   28246.015     0.999854       114885      6826.67
   28246.015     0.999878       114885      8192.00
   28246.015     0.999890       114885      9102.22
   28246.015     0.999902       114885     10240.00
   28246.015     0.999915       114885     11702.86
   28246.015     0.999927       114885     13653.33
   28246.015     0.999939       114885     16384.00
   28246.015     0.999945       114885     18204.44
   28246.015     0.999951       114885     20480.00
   28246.015     0.999957       114885     23405.71
   28246.015     0.999963       114885     27306.67
   28246.015     0.999969       114885     32768.00
   28246.015     0.999973       114885     36408.89
   28246.015     0.999976       114885     40960.00
   28246.015     0.999979       114885     46811.43
   28246.015     0.999982       114885     54613.33
   28246.015     0.999985       114885     65536.00
   28246.015     0.999986       114885     72817.78
   28246.015     0.999988       114885     81920.00
   28246.015     0.999989       114885     93622.86
   28246.015     0.999991       114885    109226.67
   28262.399     0.999992       114886    131072.00
   28262.399     1.000000       114886          inf
#[Mean    =    18747.654, StdDeviation   =     5414.747]
#[Max     =    28246.016, Total count    =       114886]
#[Buckets =           27, SubBuckets     =         2048]
----------------------------------------------------------
  174041 requests in 30.00s, 58.09MB read
Requests/sec:   5800.52
Transfer/sec:      1.94MB
WRKX_RESULT {"durationUs":30004374,"requests":174041,"responses":174041,"errors":0,"bytes":60914350,"latencyAvgUs":18747653.762,"latencyP95Us":27262975.000,"latencyP99Us":28033023.000}
