Running 30s test @ http://localhost:9991/
  16 threads and 256 connections
  Thread calibration: mean lat.: 4517.697ms, rate sampling interval: 16580ms
  Thread calibration: mean lat.: 4517.319ms, rate sampling interval: 16564ms
  Thread calibration: mean lat.: 4524.040ms, rate sampling interval: 16580ms
  Thread calibration: mean lat.: 4516.350ms, rate sampling interval: 16572ms
  Thread calibration: mean lat.: 4533.345ms, rate sampling interval: 16596ms
  Thread calibration: mean lat.: 4524.394ms, rate sampling interval: 16588ms
  Thread calibration: mean lat.: 4516.669ms, rate sampling interval: 16580ms
  Thread calibration: mean lat.: 4514.388ms, rate sampling interval: 16580ms
  Thread calibration: mean lat.: 4531.113ms, rate sampling interval: 16588ms
  Thread calibration: mean lat.: 4519.287ms, rate sampling interval: 16588ms
  Thread calibration: mean lat.: 4526.879ms, rate sampling interval: 16580ms
  Thread calibration: mean lat.: 4181.908ms, rate sampling interval: 15065ms
  Thread calibration: mean lat.: 4524.587ms, rate sampling interval: 16580ms
  Thread calibration: mean lat.: 4520.117ms, rate sampling interval: 16596ms
  Thread calibration: mean lat.: 4523.661ms, rate sampling interval: 16588ms
  Thread calibration: mean lat.: 4181.058ms, rate sampling interval: 15065ms
  Thread Stats   Avg      Stdev     Max   +/- Stdev
    Latency    18.30s     5.33s   27.62s    57.73%
    Req/Sec   367.62      0.48   368.00    100.00%
  Latency Distribution (HdrHistogram - Recorded Latency)
 50.000%   18.33s 
 75.000%   22.90s 
 90.000%   25.67s 
 99.000%   27.39s 
 99.900%   27.59s 
 99.990%   27.62s 
 99.999%   27.64s 
100.000%   27.64s 

  Detailed Percentile spectrum:
       Value   Percentile   TotalCount 1/(1-Percentile)

    8359.935     0.000000            1         1.00
   10928.127     0.100000        11753         1.11
   12746.751     0.200000        23480         1.25
   14606.335     0.300000        35222         1.43
   16457.727     0.400000        46954         1.67
   18333.695     0.500000        58684         2.00
   19251.199     0.550000        64619         2.22
   20185.087     0.600000        70472         2.50
   21102.591     0.650000        76351         2.86
   22020.095     0.700000        82212         3.33
   22904.831     0.750000        88103         4.00
   23363.583     0.775000        90948         4.44
   23822.335     0.800000        93919         5.00
   24297.471     0.825000        96894         5.71
   24756.223     0.850000        99832         6.67
   25214.975     0.875000       102720         8.00
   25444.351     0.887500       104166         8.89
   25673.727     0.900000       105622        10.00
   25919.487     0.912500       107172        11.43
   26132.479     0.925000       108563        13.33
   26361.855     0.937500       110028        16.00
   26476.543     0.943750       110806        17.78
   26591.231     0.950000       111557        20.00
   26705.919     0.956250       112286        22.86
   26836.991     0.962500       113037        26.67
   26951.679     0.968750       113686        32.00
   27017.215     0.971875       114054        35.56
   27082.751     0.975000       114429        40.00
   27148.287     0.978125       114808        45.71
   27213.823     0.981250       115158        53.33
   27279.359     0.984375       115525        64.00
   27312.127     0.985938       115714        71.11
   27344.895     0.987500       115887        80.00
   27377.663     0.989062       116082        91.43
   27410.431     0.990625       116272       106.67
   27443.199     0.992188       116461       128.00
   27459.583     0.992969       116558       142.22
   27475.967     0.993750       116650       160.00
   27492.351     0.994531       116746       182.86
   27508.735     0.995313       116840       213.33
   27525.119     0.996094       116933       256.00
   27525.119     0.996484       116933       284.44
   27541.503     0.996875       117032       320.00
   27541.503     0.997266       117032       365.71
   27557.887     0.997656       117117       426.67
   27557.887     0.998047       117117       512.00
   27574.271     0.998242       117212       568.89
   27574.271     0.998437       117212       640.00
   27574.271     0.998633       117212       731.43
   27574.271     0.998828       117212       853.33
   27590.655     0.999023       117283      1024.00
   27590.655     0.999121       117283      1137.78
   27590.655     0.999219       117283      1280.00
   27590.655     0.999316       117283      1462.86
   27590.655     0.999414       117283      1706.67
   27607.039     0.999512       117323      2048.00
   27607.039     0.999561       117323      2275.56
   27607.039     0.999609       117323      2560.00
   27607.039     0.999658       117323      2925.71
   27607.039     0.999707       117323      3413.33
   27607.039     0.999756       117323      4096.00
   27607.039     0.999780       117323      4551.11
   27607.039     0.999805       117323      5120.00
   27607.039     0.999829       117323      5851.43
   27623.423     0.999854       117340      6826.67
   27623.423     0.999878       117340      8192.00
   27623.423     0.999890       117340      9102.22
   27623.423     0.999902       117340     10240.00
   27623.423     0.999915       117340     11702.86
   27623.423     0.999927       117340     13653.33
   27623.423     0.999939       117340     16384.00
   27623.423     0.999945       117340     18204.44
   27623.423     0.999951       117340     20480.00
   27623.423     0.999957       117340     23405.71
   27623.423     0.999963       117340     27306.67
   27623.423     0.999969       117340     32768.00
   27623.423     0.999973       117340     36408.89
   27623.423     0.999976       117340     40960.00
   27623.423     0.999979       117340     46811.43
   27623.423     0.999982       117340     54613.33
   27639.807     0.999985       117342     65536.00
   27639.807     1.000000       117342          inf
#[Mean    =    18301.832, StdDeviation   =     5330.112]
#[Max     =    27623.424, Total count    =       117342]
#[Buckets =           27, SubBuckets     =         2048]
----------------------------------------------------------
  176387 requests in 30.01s, 58.88MB read
Requests/sec:   5878.26
Transfer/sec:      1.96MB
WRKX_RESULT {"durationUs":30006678,"requests":176387,"responses":176387,"errors":0,"bytes":61735450,"latencyAvgUs":18301831.922,"latencyP95Us":26591231.000,"latencyP99Us":27394047.000}
