Running 30s test @ http://localhost:9991/
  16 threads and 256 connections
  Thread calibration: mean lat.: 4888.974ms, rate sampling interval: 17563ms
  Thread calibration: mean lat.: 4880.566ms, rate sampling interval: 17563ms
  Thread calibration: mean lat.: 4889.649ms, rate sampling interval: 17547ms
  Thread calibration: mean lat.: 4874.605ms, rate sampling interval: 17547ms
  Thread calibration: mean lat.: 4888.921ms, rate sampling interval: 17547ms
  Thread calibration: mean lat.: 4878.194ms, rate sampling interval: 17563ms
  Thread calibration: mean lat.: 4875.030ms, rate sampling interval: 17547ms
  Thread calibration: mean lat.: 4876.526ms, rate sampling interval: 17547ms
  Thread calibration: mean lat.: 4876.465ms, rate sampling interval: 17563ms
  Thread calibration: mean lat.: 4874.434ms, rate sampling interval: 17547ms
  Thread calibration: mean lat.: 4875.010ms, rate sampling interval: 17563ms
  Thread calibration: mean lat.: 4881.030ms, rate sampling interval: 17563ms
  Thread calibration: mean lat.: 4873.774ms, rate sampling interval: 17563ms
  Thread calibration: mean lat.: 4443.848ms, rate sampling interval: 15900ms
  Thread calibration: mean lat.: 4880.437ms, rate sampling interval: 17547ms
  Thread calibration: mean lat.: 4884.364ms, rate sampling interval: 17563ms
  Thread Stats   Avg      Stdev     Max   +/- Stdev
    Latency    19.28s     5.60s   29.13s    57.87%
    Req/Sec   354.06      0.24   355.00    100.00%
  Latency Distribution (HdrHistogram - Recorded Latency)
 50.000%   19.27s 
 75.000%   24.12s 
 90.000%   27.10s 
 99.000%   28.92s 
 99.900%   29.10s 
 99.990%   29.15s 
 99.999%   29.15s 
100.000%   29.15s 

  Detailed Percentile spectrum:
       Value   Percentile   TotalCount 1/(1-Percentile)

    8830.975     0.000000            4         1.00
   11550.719     0.100000        11319         1.11
   13467.647     0.200000        22558         1.25
   15376.383     0.300000        33847         1.43
   17334.271     0.400000        45094         1.67
   19267.583     0.500000        56409         2.00
   20234.239     0.550000        62083         2.22
   21184.511     0.600000        67671         2.50
   22167.551     0.650000        73339         2.86
   23134.207     0.700000        78928         3.33
   24117.247     0.750000        84608         4.00
   24575.999     0.775000        87353         4.44
   25083.903     0.800000        90189         5.00
   25624.575     0.825000        93062         5.71
   26116.095     0.850000        95842         6.67
   26607.615     0.875000        98682         8.00
   26853.375     0.887500       100082         8.89
   27099.135     0.900000       101484        10.00
   27344.895     0.912500       102904        11.43
   27590.655     0.925000       104279        13.33
   27836.415     0.937500       105669        16.00
   27967.487     0.943750       106415        17.78
   28082.175     0.950000       107082        20.00
   28213.247     0.956250       107832        22.86
   28344.319     0.962500       108557        26.67
   28475.391     0.968750       109259        32.00
   28524.543     0.971875       109536        35.56
   28590.079     0.975000       109905        40.00
   28655.615     0.978125       110261        45.71
   28721.151     0.981250       110611        53.33
   28786.687     0.984375       110968        64.00
   28819.455     0.985938       111134        71.11
   28852.223     0.987500       111299        80.00
   28884.991     0.989062       111475        91.43
   28917.759     0.990625       111659       106.67
   28950.527     0.992188       111843       128.00
   28966.911     0.992969       111935       142.22
   28983.295     0.993750       112021       160.00
   28999.679     0.994531       112115       182.86
   29016.063     0.995313       112198       213.33
   29032.447     0.996094       112283       256.00
   29048.831     0.996484       112378       284.44
   29048.831     0.996875       112378       320.00
   29065.215     0.997266       112465       365.71
   29065.215     0.997656       112465       426.67
   29081.599     0.998047       112552       512.00
   29081.599     0.998242       112552       568.89
   29081.599     0.998437       112552       640.00
   29081.599     0.998633       112552       731.43
   29097.983     0.998828       112627       853.33
   29097.983     0.999023       112627      1024.00
   29097.983     0.999121       112627      1137.78
   29097.983     0.999219       112627      1280.00
   29097.983     0.999316       112627      1462.86
   29114.367     0.999414       112664      1706.67
   29114.367     0.999512       112664      2048.00
   29114.367     0.999561       112664      2275.56
   29114.367     0.999609       112664      2560.00
   29130.751     0.999658       112689      2925.71
   29130.751     0.999707       112689      3413.33
   29130.751     0.999756       112689      4096.00
   29130.751     0.999780       112689      4551.11
   29130.751     0.999805       112689      5120.00
   29130.751     0.999829       112689      5851.43
   29130.751     0.999854       112689      6826.67
   29147.135     0.999878       112703      8192.00
   29147.135     1.000000       112703          inf
#[Mean    =    19282.390, StdDeviation   =     5604.522]
#[Max     =    29130.752, Total count    =       112703]
#[Buckets =           27, SubBuckets     =         2048]
----------------------------------------------------------
  169779 requests in 30.01s, 56.67MB read
Requests/sec:   5658.06
Transfer/sec:      1.89MB
WRKX_RESULT {"durationUs":30006574,"requests":169779,"responses":169779,"errors":0,"bytes":59422650,"latencyAvgUs":19282389.719,"latencyP95Us":28082175.000,"latencyP99Us":28917759.000}
