Running 30s test @ http://localhost:9991/
  16 threads and 256 connections
  Thread calibration: mean lat.: 6.798ms, rate sampling interval: 19ms
  Thread calibration: mean lat.: 6.781ms, rate sampling interval: 19ms
  Thread calibration: mean lat.: 6.719ms, rate sampling interval: 19ms
  Thread calibration: mean lat.: 6.717ms, rate sampling interval: 19ms
  Thread calibration: mean lat.: 6.864ms, rate sampling interval: 19ms
  Thread calibration: mean lat.: 5.158ms, rate sampling interval: 15ms
  Thread calibration: mean lat.: 7.027ms, rate sampling interval: 19ms
  Thread calibration: mean lat.: 7.102ms, rate sampling interval: 20ms
  Thread calibration: mean lat.: 7.094ms, rate sampling interval: 19ms
  Thread calibration: mean lat.: 6.960ms, rate sampling interval: 19ms
  Thread calibration: mean lat.: 7.027ms, rate sampling interval: 19ms
  Thread calibration: mean lat.: 7.086ms, rate sampling interval: 20ms
  Thread calibration: mean lat.: 6.952ms, rate sampling interval: 19ms
  Thread calibration: mean lat.: 7.021ms, rate sampling interval: 19ms
  Thread calibration: mean lat.: 6.872ms, rate sampling interval: 19ms
  Thread calibration: mean lat.: 6.678ms, rate sampling interval: 16ms
  Thread Stats   Avg      Stdev     Max   +/- Stdev
    Latency     6.30ms    2.07ms  18.53ms   67.40%
    Req/Sec   321.08    173.79     1.14k    84.11%
  Latency Distribution (HdrHistogram - Recorded Latency)
 50.000%    6.07ms
 75.000%    7.59ms
 90.000%    9.08ms
 99.000%   12.11ms
 99.900%   14.63ms
 99.990%   16.22ms
 99.999%   18.11ms
100.000%   18.54ms

  Detailed Percentile spectrum:
       Value   Percentile   TotalCount 1/(1-Percentile)

       2.033     0.000000            1         1.00
       3.809     0.100000         9960         1.11
       4.435     0.200000        19923         1.25
       5.003     0.300000        29895         1.43
       5.555     0.400000        39854         1.67
       6.071     0.500000        49848         2.00
       6.339     0.550000        54834         2.22
       6.611     0.600000        59775         2.50
       6.903     0.650000        64789         2.86
       7.215     0.700000        69724         3.33
       7.587     0.750000        74740         4.00
       7.775     0.775000        77227         4.44
       7.991     0.800000        79683         5.00
       8.215     0.825000        82185         5.71
       8.471     0.850000        84685         6.67
       8.759     0.875000        87176         8.00
       8.911     0.887500        88431         8.89
       9.079     0.900000        89660        10.00
       9.255     0.912500        90887        11.43
       9.463     0.925000        92144        13.33
       9.703     0.937500        93401        16.00
       9.863     0.943750        94029        17.78
      10.015     0.950000        94633        20.00
      10.199     0.956250        95257        22.86
      10.399     0.962500        95869        26.67
      10.631     0.968750        96488        32.00
      10.783     0.971875        96805        35.56
      10.967     0.975000        97115        40.00
      11.151     0.978125        97432        45.71
      11.359     0.981250        97741        53.33
      11.575     0.984375        98050        64.00
      11.695     0.985938        98201        71.11
      11.823     0.987500        98357        80.00
      11.991     0.989062        98517        91.43
      12.183     0.990625        98669       106.67
      12.415     0.992188        98820       128.00
      12.559     0.992969        98898       142.22
      12.711     0.993750        98980       160.00
      12.863     0.994531        99054       182.86
      13.047     0.995313        99133       213.33
      13.263     0.996094        99211       256.00
      13.375     0.996484        99249       284.44
      13.455     0.996875        99288       320.00
      13.615     0.997266        99327       365.71
      13.775     0.997656        99365       426.67
      13.967     0.998047        99404       512.00
      14.095     0.998242        99424       568.89
      14.231     0.998437        99444       640.00
      14.335     0.998633        99462       731.43
      14.511     0.998828        99482       853.33
      14.639     0.999023        99501      1024.00
      14.743     0.999121        99511      1137.78
      14.823     0.999219        99522      1280.00
      14.967     0.999316        99530      1462.86
      15.063     0.999414        99540      1706.67
      15.151     0.999512        99550      2048.00
      15.183     0.999561        99556      2275.56
      15.239     0.999609        99560      2560.00
      15.383     0.999658        99564      2925.71
      15.519     0.999707        99569      3413.33
      15.639     0.999756        99575      4096.00
      15.679     0.999780        99577      4551.11
      15.711     0.999805        99579      5120.00
      16.023     0.999829        99581      5851.43
      16.103     0.999854        99585      6826.67
      16.135     0.999878        99586      8192.00
      16.215     0.999890        99588      9102.22
      16.255     0.999902        99589     10240.00
      16.359     0.999915        99590     11702.86
      16.431     0.999927        99591     13653.33
      16.623     0.999939        99593     16384.00
      16.623     0.999945        99593     18204.44
      16.687     0.999951        99594     20480.00
      16.687     0.999957        99594     23405.71
      17.327     0.999963        99595     27306.67
      17.327     0.999969        99595     32768.00
      18.095     0.999973        99596     36408.89
      18.095     0.999976        99596     40960.00
      18.095     0.999979        99596     46811.43
      18.111     0.999982        99597     54613.33
      18.111     0.999985        99597     65536.00
      18.111     0.999986        99597     72817.78
      18.111     0.999988        99597     81920.00
      18.111     0.999989        99597     93622.86
      18.543     0.999991        99598    109226.67
      18.543     1.000000        99598          inf
#[Mean    =        6.302, StdDeviation   =        2.065]
#[Max     =       18.528, Total count    =        99598]
#[Buckets =           27, SubBuckets     =         2048]
----------------------------------------------------------
  149310 requests in 30.03s, 49.84MB read
Requests/sec:   4971.41
Transfer/sec:      1.66MB
WRKX_RESULT {"durationUs":30033717,"requests":149310,"responses":149310,"errors":0,"bytes":52258500,"latencyAvgUs":6302.216,"latencyP95Us":10015.000,"latencyP99Us":12111.000}
