Running 30s test @ http://localhost:9991/postgres/orders
  16 threads and 256 connections
  Thread calibration: mean lat.: 4803.919ms, rate sampling interval: 16973ms
  Thread calibration: mean lat.: 4802.668ms, rate sampling interval: 16990ms
  Thread calibration: mean lat.: 4809.985ms, rate sampling interval: 16990ms
  Thread calibration: mean lat.: 4803.106ms, rate sampling interval: 17006ms
  Thread calibration: mean lat.: 4801.746ms, rate sampling interval: 16973ms
  Thread calibration: mean lat.: 4805.062ms, rate sampling interval: 16990ms
  Thread calibration: mean lat.: 4811.751ms, rate sampling interval: 16990ms
  Thread calibration: mean lat.: 4809.230ms, rate sampling interval: 17006ms
  Thread calibration: mean lat.: 4804.350ms, rate sampling interval: 17006ms
  Thread calibration: mean lat.: 4806.164ms, rate sampling interval: 16973ms
  Thread calibration: mean lat.: 4798.239ms, rate sampling interval: 16990ms
  Thread calibration: mean lat.: 4808.780ms, rate sampling interval: 16990ms
  Thread calibration: mean lat.: 4809.421ms, rate sampling interval: 16990ms
  Thread calibration: mean lat.: 4806.463ms, rate sampling interval: 16990ms
  Thread calibration: mean lat.: 4806.222ms, rate sampling interval: 16973ms
  Thread calibration: mean lat.: 4806.738ms, rate sampling interval: 16990ms
  Thread Stats   Avg      Stdev     Max   +/- Stdev
    Latency    18.94s     5.39s   28.28s    57.79%
    Req/Sec   266.56      0.50   267.00    100.00%
  Latency Distribution (HdrHistogram - Recorded Latency)
 50.000%   18.96s 
 75.000%   23.59s 
 90.000%   26.44s 
 99.000%   28.08s 
 99.900%   28.25s 
 99.990%   28.28s 
 99.999%   28.28s 
100.000%   28.30s 

  Detailed Percentile spectrum:
       Value   Percentile   TotalCount 1/(1-Percentile)

    9445.375     0.000000            1         1.00
   11419.647     0.100000         8556         1.11
   13369.343     0.200000        17127         1.25
   15269.887     0.300000        25664         1.43
   17170.431     0.400000        34249         1.67
   18956.287     0.500000        42742         2.00
   19906.559     0.550000        47057         2.22
   20791.295     0.600000        51375         2.50
   21643.263     0.650000        55629         2.86
   22609.919     0.700000        59883         3.33
   23592.959     0.750000        64162         4.00
   24100.863     0.775000        66311         4.44
   24575.999     0.800000        68419         5.00
   25051.135     0.825000        70583         5.71
   25526.271     0.850000        72694         6.67
   25985.023     0.875000        74820         8.00
   26214.399     0.887500        75883         8.89
   26443.775     0.900000        76968        10.00
   26656.767     0.912500        78025        11.43
   26869.759     0.925000        79074        13.33
   27115.519     0.937500        80216        16.00
   27213.823     0.943750        80704        17.78
   27328.511     0.950000        81269        20.00
   27443.199     0.956250        81784        22.86
   27557.887     0.962500        82297        26.67
   27672.575     0.968750        82826        32.00
   27738.111     0.971875        83125        35.56
   27803.647     0.975000        83415        40.00
   27852.799     0.978125        83649        45.71
   27918.335     0.981250        83935        53.33
   27967.487     0.984375        84168        64.00
   28000.255     0.985938        84322        71.11
   28033.023     0.987500        84463        80.00
   28065.791     0.989062        84623        91.43
   28082.175     0.990625        84695       106.67
   28114.943     0.992188        84851       128.00
   28131.327     0.992969        84925       142.22
   28147.711     0.993750        84990       160.00
   28164.095     0.994531        85071       182.86
   28180.479     0.995313        85155       213.33
   28180.479     0.996094        85155       256.00
   28196.863     0.996484        85221       284.44
   28196.863     0.996875        85221       320.00
   28213.247     0.997266        85291       365.71
   28213.247     0.997656        85291       426.67
   28229.631     0.998047        85373       512.00
   28229.631     0.998242        85373       568.89
   28229.631     0.998437        85373       640.00
   28229.631     0.998633        85373       731.43
   28246.015     0.998828        85425       853.33
   28246.015     0.999023        85425      1024.00
   28246.015     0.999121        85425      1137.78
   28246.015     0.999219        85425      1280.00
   28262.399     0.999316        85464      1462.86
   28262.399     0.999414        85464      1706.67
   28262.399     0.999512        85464      2048.00
   28262.399     0.999561        85464      2275.56
   28262.399     0.999609        85464      2560.00
   28262.399     0.999658        85464      2925.71
   28262.399     0.999707        85464      3413.33
   28262.399     0.999756        85464      4096.00
   28278.783     0.999780        85483      4551.11
   28278.783     0.999805        85483      5120.00
   28278.783     0.999829        85483      5851.43
   28278.783     0.999854        85483      6826.67
   28278.783     0.999878        85483      8192.00
   28278.783     0.999890        85483      9102.22
   28278.783     0.999902        85483     10240.00
   28278.783     0.999915        85483     11702.86
   28278.783     0.999927        85483     13653.33
   28278.783     0.999939        85483     16384.00
   28278.783     0.999945        85483     18204.44
   28278.783     0.999951        85483     20480.00
   28278.783     0.999957        85483     23405.71
   28278.783     0.999963        85483     27306.67
   28278.783     0.999969        85483     32768.00
   28278.783     0.999973        85483     36408.89
   28278.783     0.999976        85483     40960.00
   28278.783     0.999979        85483     46811.43
   28278.783     0.999982        85483     54613.33
   28278.783     0.999985        85483     65536.00
   28278.783     0.999986        85483     72817.78
   28278.783     0.999988        85483     81920.00
   28295.167     0.999989        85484     93622.86
   28295.167     1.000000        85484          inf
#[Mean    =    18940.768, StdDeviation   =     5391.952]
#[Max     =    28278.784, Total count    =        85484]
#[Buckets =           27, SubBuckets     =         2048]
----------------------------------------------------------
  128076 requests in 30.01s, 1.70GB read
Requests/sec:   4267.60
Transfer/sec:     58.11MB
WRKX_RESULT {"durationUs":30011280,"requests":128076,"responses":128076,"errors":0,"bytes":1828553432,"latencyAvgUs":18940768.394,"latencyP95Us":27328511.000,"latencyP99Us":28082175.000}
