Running 30s test @ http://localhost:9991/postgres/orders
  16 threads and 256 connections
  Thread calibration: mean lat.: 4286.266ms, rate sampling interval: 15228ms
  Thread calibration: mean lat.: 4289.284ms, rate sampling interval: 15220ms
  Thread calibration: mean lat.: 4286.101ms, rate sampling interval: 15220ms
  Thread calibration: mean lat.: 4280.177ms, rate sampling interval: 15204ms
  Thread calibration: mean lat.: 4285.508ms, rate sampling interval: 15204ms
  Thread calibration: mean lat.: 4291.782ms, rate sampling interval: 15228ms
  Thread calibration: mean lat.: 4290.888ms, rate sampling interval: 15220ms
  Thread calibration: mean lat.: 4283.168ms, rate sampling interval: 15204ms
  Thread calibration: mean lat.: 4287.933ms, rate sampling interval: 15220ms
  Thread calibration: mean lat.: 4290.271ms, rate sampling interval: 15220ms
  Thread calibration: mean lat.: 4281.085ms, rate sampling interval: 15212ms
  Thread calibration: mean lat.: 4285.549ms, rate sampling interval: 15212ms
  Thread calibration: mean lat.: 4290.892ms, rate sampling interval: 15204ms
  Thread calibration: mean lat.: 4303.993ms, rate sampling interval: 15237ms
  Thread calibration: mean lat.: 4291.920ms, rate sampling interval: 15228ms
  Thread calibration: mean lat.: 4294.254ms, rate sampling interval: 15204ms
  Thread Stats   Avg      Stdev     Max   +/- Stdev
    Latency    16.69s     4.78s   25.00s    57.40%
    Req/Sec   262.88      0.33   263.00    100.00%
  Latency Distribution (HdrHistogram - Recorded Latency)
 50.000%   16.70s 
 75.000%   20.91s 
 90.000%   23.30s 
 99.000%   24.82s 
 99.900%   24.99s 
 99.990%   25.00s 
 99.999%   25.02s 
100.000%   25.02s 

  Detailed Percentile spectrum:
       Value   Percentile   TotalCount 1/(1-Percentile)

    8421.375     0.000000            6         1.00
   10076.159     0.100000         8441         1.11
   11714.559     0.200000        16836         1.25
   13361.151     0.300000        25260         1.43
   15040.511     0.400000        33649         1.67
   16703.487     0.500000        42089         2.00
   17563.647     0.550000        46290         2.22
   18399.231     0.600000        50538         2.50
   19169.279     0.650000        54726         2.86
   20021.247     0.700000        58923         3.33
   20905.983     0.750000        63126         4.00
   21299.199     0.775000        65287         4.44
   21692.415     0.800000        67361         5.00
   22069.247     0.825000        69400         5.71
   22478.847     0.850000        71535         6.67
   22904.831     0.875000        73687         8.00
   23101.439     0.887500        74717         8.89
   23314.431     0.900000        75786        10.00
   23494.655     0.912500        76771        11.43
   23707.647     0.925000        77868        13.33
   23904.255     0.937500        78881        16.00
   24018.943     0.943750        79402        17.78
   24133.631     0.950000        79936        20.00
   24248.319     0.956250        80492        22.86
   24346.623     0.962500        80992        26.67
   24444.927     0.968750        81508        32.00
   24510.463     0.971875        81813        35.56
   24559.615     0.975000        82045        40.00
   24608.767     0.978125        82296        45.71
   24674.303     0.981250        82610        53.33
   24723.455     0.984375        82842        64.00
   24756.223     0.985938        83004        71.11
   24772.607     0.987500        83073        80.00
   24805.375     0.989062        83237        91.43
   24838.143     0.990625        83377       106.67
   24854.527     0.992188        83472       128.00
   24870.911     0.992969        83550       142.22
   24887.295     0.993750        83619       160.00
   24903.679     0.994531        83711       182.86
   24920.063     0.995313        83800       213.33
   24920.063     0.996094        83800       256.00
   24936.447     0.996484        83858       284.44
   24936.447     0.996875        83858       320.00
   24952.831     0.997266        83942       365.71
   24952.831     0.997656        83942       426.67
   24969.215     0.998047        84020       512.00
   24969.215     0.998242        84020       568.89
   24969.215     0.998437        84020       640.00
   24969.215     0.998633        84020       731.43
   24969.215     0.998828        84020       853.33
   24985.599     0.999023        84079      1024.00
   24985.599     0.999121        84079      1137.78
   24985.599     0.999219        84079      1280.00
   24985.599     0.999316        84079      1462.86
   24985.599     0.999414        84079      1706.67
   24985.599     0.999512        84079      2048.00
   25001.983     0.999561        84111      2275.56
   25001.983     0.999609        84111      2560.00
   25001.983     0.999658        84111      2925.71
   25001.983     0.999707        84111      3413.33
   25001.983     0.999756        84111      4096.00
   25001.983     0.999780        84111      4551.11
   25001.983     0.999805        84111      5120.00
   25001.983     0.999829        84111      5851.43
   25001.983     0.999854        84111      6826.67
   25001.983     0.999878        84111      8192.00
   25001.983     0.999890        84111      9102.22
   25001.983     0.999902        84111     10240.00
   25001.983     0.999915        84111     11702.86
   25018.367     0.999927        84118     13653.33
   25018.367     1.000000        84118          inf
#[Mean    =    16694.585, StdDeviation   =     4780.853]
#[Max     =    25001.984, Total count    =        84118]
#[Buckets =           27, SubBuckets     =         2048]
----------------------------------------------------------
  124433 requests in 30.01s, 1.65GB read
Requests/sec:   4146.80
Transfer/sec:     56.46MB
WRKX_RESULT {"durationUs":30006997,"requests":124433,"responses":124433,"errors":0,"bytes":1776542321,"latencyAvgUs":16694584.929,"latencyP95Us":24133631.000,"latencyP99Us":24821759.000}
