Running 30s test @ http://localhost:9991/postgres/orders
  16 threads and 256 connections
  Thread calibration: mean lat.: 876.205ms, rate sampling interval: 3031ms
  Thread calibration: mean lat.: 876.629ms, rate sampling interval: 3028ms
  Thread calibration: mean lat.: 879.346ms, rate sampling interval: 3039ms
  Thread calibration: mean lat.: 879.960ms, rate sampling interval: 3045ms
  Thread calibration: mean lat.: 882.231ms, rate sampling interval: 3055ms
  Thread calibration: mean lat.: 877.571ms, rate sampling interval: 3037ms
  Thread calibration: mean lat.: 874.839ms, rate sampling interval: 3026ms
  Thread calibration: mean lat.: 896.416ms, rate sampling interval: 2904ms
  Thread calibration: mean lat.: 884.122ms, rate sampling interval: 3047ms
  Thread calibration: mean lat.: 879.460ms, rate sampling interval: 3043ms
  Thread calibration: mean lat.: 881.303ms, rate sampling interval: 3049ms
  Thread calibration: mean lat.: 872.640ms, rate sampling interval: 3028ms
  Thread calibration: mean lat.: 879.024ms, rate sampling interval: 3043ms
  Thread calibration: mean lat.: 874.588ms, rate sampling interval: 3028ms
  Thread calibration: mean lat.: 897.781ms, rate sampling interval: 2906ms
  Thread calibration: mean lat.: 878.349ms, rate sampling interval: 3035ms
  Thread Stats   Avg      Stdev     Max   +/- Stdev
    Latency     3.04s   793.75ms   4.53s    58.74%
    Req/Sec   268.16      4.90   281.00     83.33%
  Latency Distribution (HdrHistogram - Recorded Latency)
 50.000%    3.04s 
 75.000%    3.73s 
 90.000%    4.15s 
 99.000%    4.42s 
 99.900%    4.48s 
 99.990%    4.51s 
 99.999%    4.53s 
100.000%    4.53s 

  Detailed Percentile spectrum:
       Value   Percentile   TotalCount 1/(1-Percentile)

    1544.191     0.000000            1         1.00
    1921.023     0.100000         8565         1.11
    2250.751     0.200000        17151         1.25
    2504.703     0.300000        25681         1.43
    2838.527     0.400000        34275         1.67
    3035.135     0.500000        42829         2.00
    3133.439     0.550000        47103         2.22
    3258.367     0.600000        51362         2.50
    3393.535     0.650000        55630         2.86
    3594.239     0.700000        59937         3.33
    3727.359     0.750000        64224         4.00
    3796.991     0.775000        66349         4.44
    3880.959     0.800000        68515         5.00
    3950.591     0.825000        70633         5.71
    4014.079     0.850000        72752         6.67
    4087.807     0.875000        74906         8.00
    4120.575     0.887500        75968         8.89
    4151.295     0.900000        77058        10.00
    4179.967     0.912500        78158        11.43
    4206.591     0.925000        79184        13.33
    4235.263     0.937500        80259        16.00
    4251.647     0.943750        80837        17.78
    4268.031     0.950000        81335        20.00
    4288.511     0.956250        81867        22.86
    4313.087     0.962500        82410        26.67
    4337.663     0.968750        82937        32.00
    4349.951     0.971875        83201        35.56
    4362.239     0.975000        83470        40.00
    4374.527     0.978125        83764        45.71
    4386.815     0.981250        84063        53.33
    4395.007     0.984375        84259        64.00
    4403.199     0.985938        84448        71.11
    4407.295     0.987500        84548        80.00
    4415.487     0.989062        84709        91.43
    4419.583     0.990625        84789       106.67
    4427.775     0.992188        84948       128.00
    4431.871     0.992969        85030       142.22
    4435.967     0.993750        85099       160.00
    4440.063     0.994531        85170       182.86
    4444.159     0.995313        85235       213.33
    4448.255     0.996094        85283       256.00
    4448.255     0.996484        85283       284.44
    4452.351     0.996875        85333       320.00
    4456.447     0.997266        85373       365.71
    4460.543     0.997656        85412       426.67
    4464.639     0.998047        85440       512.00
    4464.639     0.998242        85440       568.89
    4468.735     0.998437        85471       640.00
    4468.735     0.998633        85471       731.43
    4472.831     0.998828        85490       853.33
    4476.927     0.999023        85508      1024.00
    4476.927     0.999121        85508      1137.78
    4481.023     0.999219        85522      1280.00
    4485.119     0.999316        85531      1462.86
    4485.119     0.999414        85531      1706.67
    4489.215     0.999512        85541      2048.00
    4493.311     0.999561        85546      2275.56
    4497.407     0.999609        85554      2560.00
    4497.407     0.999658        85554      2925.71
    4501.503     0.999707        85560      3413.33
    4505.599     0.999756        85566      4096.00
    4505.599     0.999780        85566      4551.11
    4505.599     0.999805        85566      5120.00
    4509.695     0.999829        85571      5851.43
    4509.695     0.999854        85571      6826.67
    4509.695     0.999878        85571      8192.00
    4513.791     0.999890        85575      9102.22
    4513.791     0.999902        85575     10240.00
    4513.791     0.999915        85575     11702.86
    4513.791     0.999927        85575     13653.33
    4517.887     0.999939        85577     16384.00
    4517.887     0.999945        85577     18204.44
    4517.887     0.999951        85577     20480.00
    4521.983     0.999957        85579     23405.71
    4521.983     0.999963        85579     27306.67
    4521.983     0.999969        85579     32768.00
    4521.983     0.999973        85579     36408.89
    4521.983     0.999976        85579     40960.00
    4526.079     0.999979        85580     46811.43
    4526.079     0.999982        85580     54613.33
    4526.079     0.999985        85580     65536.00
    4526.079     0.999986        85580     72817.78
    4526.079     0.999988        85580     81920.00
    4530.175     0.999989        85581     93622.86
    4530.175     1.000000        85581          inf
#[Mean    =     3042.726, StdDeviation   =      793.751]
#[Max     =     4526.080, Total count    =        85581]
#[Buckets =           27, SubBuckets     =         2048]
----------------------------------------------------------
  127182 requests in 30.01s, 1.69GB read
Requests/sec:   4238.45
Transfer/sec:     57.71MB
WRKX_RESULT {"durationUs":30006737,"requests":127182,"responses":127182,"errors":0,"bytes":1815789794,"latencyAvgUs":3042726.123,"latencyP95Us":4268031.000,"latencyP99Us":4419583.000}
