Running 30s test @ http://localhost:9991/postgres/orders
  16 threads and 256 connections
  Thread calibration: mean lat.: 8.113ms, rate sampling interval: 25ms
  Thread calibration: mean lat.: 7.994ms, rate sampling interval: 25ms
  Thread calibration: mean lat.: 7.977ms, rate sampling interval: 25ms
  Thread calibration: mean lat.: 7.835ms, rate sampling interval: 24ms
  Thread calibration: mean lat.: 7.913ms, rate sampling interval: 25ms
  Thread calibration: mean lat.: 8.122ms, rate sampling interval: 25ms
  Thread calibration: mean lat.: 7.975ms, rate sampling interval: 25ms
  Thread calibration: mean lat.: 7.887ms, rate sampling interval: 24ms
  Thread calibration: mean lat.: 7.940ms, rate sampling interval: 24ms
  Thread calibration: mean lat.: 8.486ms, rate sampling interval: 26ms
  Thread calibration: mean lat.: 7.966ms, rate sampling interval: 24ms
  Thread calibration: mean lat.: 7.956ms, rate sampling interval: 25ms
  Thread calibration: mean lat.: 7.900ms, rate sampling interval: 25ms
  Thread calibration: mean lat.: 8.867ms, rate sampling interval: 26ms
  Thread calibration: mean lat.: 8.605ms, rate sampling interval: 26ms
  Thread calibration: mean lat.: 8.647ms, rate sampling interval: 27ms
  Thread Stats   Avg      Stdev     Max   +/- Stdev
    Latency     8.37ms    3.50ms  25.28ms   64.27%
    Req/Sec   159.20     63.25   360.00     69.53%
  Latency Distribution (HdrHistogram - Recorded Latency)
 50.000%    7.81ms
 75.000%   10.82ms
 90.000%   13.34ms
 99.000%   17.47ms
 99.900%   20.58ms
 99.990%   23.45ms
 99.999%   25.30ms
100.000%   25.30ms

  Detailed Percentile spectrum:
       Value   Percentile   TotalCount 1/(1-Percentile)

       2.409     0.000000            1         1.00
       4.339     0.100000         4982         1.11
       4.995     0.200000         9969         1.25
       5.719     0.300000        14943         1.43
       6.671     0.400000        19930         1.67
       7.807     0.500000        24901         2.00
       8.383     0.550000        27395         2.22
       8.983     0.600000        29879         2.50
       9.575     0.650000        32376         2.86
      10.175     0.700000        34878         3.33
      10.823     0.750000        37364         4.00
      11.167     0.775000        38614         4.44
      11.527     0.800000        39848         5.00
      11.911     0.825000        41103         5.71
      12.327     0.850000        42338         6.67
      12.799     0.875000        43574         8.00
      13.055     0.887500        44196         8.89
      13.335     0.900000        44816        10.00
      13.623     0.912500        45444        11.43
      13.967     0.925000        46066        13.33
      14.319     0.937500        46691        16.00
      14.511     0.943750        47005        17.78
      14.711     0.950000        47306        20.00
      14.983     0.956250        47617        22.86
      15.271     0.962500        47932        26.67
      15.591     0.968750        48241        32.00
      15.759     0.971875        48398        35.56
      15.943     0.975000        48553        40.00
      16.183     0.978125        48708        45.71
      16.431     0.981250        48863        53.33
      16.783     0.984375        49022        64.00
      16.975     0.985938        49096        71.11
      17.135     0.987500        49175        80.00
      17.375     0.989062        49257        91.43
      17.567     0.990625        49329       106.67
      17.839     0.992188        49407       128.00
      17.983     0.992969        49448       142.22
      18.175     0.993750        49487       160.00
      18.431     0.994531        49526       182.86
      18.687     0.995313        49563       213.33
      19.007     0.996094        49603       256.00
      19.151     0.996484        49620       284.44
      19.375     0.996875        49640       320.00
      19.519     0.997266        49660       365.71
      19.647     0.997656        49679       426.67
      19.951     0.998047        49698       512.00
      20.095     0.998242        49710       568.89
      20.223     0.998437        49718       640.00
      20.335     0.998633        49727       731.43
      20.463     0.998828        49737       853.33
      20.591     0.999023        49747      1024.00
      20.767     0.999121        49752      1137.78
      20.847     0.999219        49757      1280.00
      20.911     0.999316        49762      1462.86
      21.103     0.999414        49766      1706.67
      21.247     0.999512        49771      2048.00
      21.567     0.999561        49774      2275.56
      21.695     0.999609        49776      2560.00
      21.727     0.999658        49778      2925.71
      22.095     0.999707        49781      3413.33
      22.271     0.999756        49783      4096.00
      22.415     0.999780        49785      4551.11
      22.591     0.999805        49786      5120.00
      23.247     0.999829        49787      5851.43
      23.343     0.999854        49788      6826.67
      23.359     0.999878        49789      8192.00
      23.455     0.999890        49790      9102.22
      23.679     0.999902        49791     10240.00
      23.679     0.999915        49791     11702.86
      24.095     0.999927        49792     13653.33
      24.095     0.999939        49792     16384.00
      24.591     0.999945        49793     18204.44
      24.591     0.999951        49793     20480.00
      24.591     0.999957        49793     23405.71
      24.655     0.999963        49794     27306.67
      24.655     0.999969        49794     32768.00
      24.655     0.999973        49794     36408.89
      24.655     0.999976        49794     40960.00
      24.655     0.999979        49794     46811.43
      25.295     0.999982        49795     54613.33
      25.295     1.000000        49795          inf
#[Mean    =        8.368, StdDeviation   =        3.501]
#[Max     =       25.280, Total count    =        49795]
#[Buckets =           27, SubBuckets     =         2048]
----------------------------------------------------------
  75024 requests in 30.01s, 1.00GB read
Requests/sec:   2500.00
Transfer/sec:     34.04MB
WRKX_RESULT {"durationUs":30009598,"requests":75024,"responses":75024,"errors":0,"bytes":1071117648,"latencyAvgUs":8368.150,"latencyP95Us":14711.000,"latencyP99Us":17471.000}
