Running 30s test @ http://localhost:9991/postgres/orders
  16 threads and 256 connections
  Thread calibration: mean lat.: 4060.570ms, rate sampling interval: 14417ms
  Thread calibration: mean lat.: 4057.487ms, rate sampling interval: 14417ms
  Thread calibration: mean lat.: 4054.417ms, rate sampling interval: 14426ms
  Thread calibration: mean lat.: 4057.093ms, rate sampling interval: 14417ms
  Thread calibration: mean lat.: 4056.598ms, rate sampling interval: 14417ms
  Thread calibration: mean lat.: 4057.933ms, rate sampling interval: 14417ms
  Thread calibration: mean lat.: 4056.147ms, rate sampling interval: 14417ms
  Thread calibration: mean lat.: 4058.508ms, rate sampling interval: 14417ms
  Thread calibration: mean lat.: 4059.449ms, rate sampling interval: 14417ms
  Thread calibration: mean lat.: 4050.481ms, rate sampling interval: 14409ms
  Thread calibration: mean lat.: 4051.910ms, rate sampling interval: 14417ms
  Thread calibration: mean lat.: 4049.943ms, rate sampling interval: 14385ms
  Thread calibration: mean lat.: 4065.341ms, rate sampling interval: 14417ms
  Thread calibration: mean lat.: 4053.555ms, rate sampling interval: 14409ms
  Thread calibration: mean lat.: 4063.322ms, rate sampling interval: 14417ms
  Thread calibration: mean lat.: 4062.282ms, rate sampling interval: 14409ms
  Thread Stats   Avg      Stdev     Max   +/- Stdev
    Latency    15.72s     4.55s   23.81s    58.16%
    Req/Sec   257.00      0.00   257.00    100.00%
  Latency Distribution (HdrHistogram - Recorded Latency)
 50.000%   15.53s 
 75.000%   19.69s 
 90.000%   22.15s 
 99.000%   23.64s 
 99.900%   23.77s 
 99.990%   23.81s 
 99.999%   23.81s 
100.000%   23.82s 

  Detailed Percentile spectrum:
       Value   Percentile   TotalCount 1/(1-Percentile)

    7905.279     0.000000            1         1.00
    9510.911     0.100000         8144         1.11
   11051.007     0.200000        16223         1.25
   12558.335     0.300000        24349         1.43
   14114.815     0.400000        32469         1.67
   15532.031     0.500000        40604         2.00
   16269.311     0.550000        44649         2.22
   17104.895     0.600000        48686         2.50
   17973.247     0.650000        52787         2.86
   18841.599     0.700000        56810         3.33
   19693.567     0.750000        60913         4.00
   20070.399     0.775000        62897         4.44
   20479.999     0.800000        64951         5.00
   20873.215     0.825000        66958         5.71
   21282.815     0.850000        68970         6.67
   21692.415     0.875000        70973         8.00
   21921.791     0.887500        72032         8.89
   22151.167     0.900000        73049        10.00
   22364.159     0.912500        74042        11.43
   22593.535     0.925000        75081        13.33
   22790.143     0.937500        76039        16.00
   22904.831     0.943750        76559        17.78
   23019.519     0.950000        77115        20.00
   23117.823     0.956250        77587        22.86
   23216.127     0.962500        78090        26.67
   23314.431     0.968750        78615        32.00
   23363.583     0.971875        78882        35.56
   23412.735     0.975000        79156        40.00
   23461.887     0.978125        79418        45.71
   23494.655     0.981250        79599        53.33
   23543.807     0.984375        79862        64.00
   23576.575     0.985938        80032        71.11
   23592.959     0.987500        80115        80.00
   23625.727     0.989062        80286        91.43
   23642.111     0.990625        80370       106.67
   23674.879     0.992188        80524       128.00
   23691.263     0.992969        80610       142.22
   23691.263     0.993750        80610       160.00
   23707.647     0.994531        80691       182.86
   23724.031     0.995313        80764       213.33
   23740.415     0.996094        80858       256.00
   23740.415     0.996484        80858       284.44
   23740.415     0.996875        80858       320.00
   23756.799     0.997266        80951       365.71
   23756.799     0.997656        80951       426.67
   23756.799     0.998047        80951       512.00
   23773.183     0.998242        81033       568.89
   23773.183     0.998437        81033       640.00
   23773.183     0.998633        81033       731.43
   23773.183     0.998828        81033       853.33
   23773.183     0.999023        81033      1024.00
   23789.567     0.999121        81094      1137.78
   23789.567     0.999219        81094      1280.00
   23789.567     0.999316        81094      1462.86
   23789.567     0.999414        81094      1706.67
   23789.567     0.999512        81094      2048.00
   23789.567     0.999561        81094      2275.56
   23789.567     0.999609        81094      2560.00
   23789.567     0.999658        81094      2925.71
   23789.567     0.999707        81094      3413.33
   23789.567     0.999756        81094      4096.00
   23789.567     0.999780        81094      4551.11
   23789.567     0.999805        81094      5120.00
   23805.951     0.999829        81107      5851.43
   23805.951     0.999854        81107      6826.67
   23805.951     0.999878        81107      8192.00
   23805.951     0.999890        81107      9102.22
   23805.951     0.999902        81107     10240.00
   23805.951     0.999915        81107     11702.86
   23805.951     0.999927        81107     13653.33
   23805.951     0.999939        81107     16384.00
   23805.951     0.999945        81107     18204.44
   23805.951     0.999951        81107     20480.00
   23805.951     0.999957        81107     23405.71
   23805.951     0.999963        81107     27306.67
   23805.951     0.999969        81107     32768.00
   23805.951     0.999973        81107     36408.89
   23805.951     0.999976        81107     40960.00
   23805.951     0.999979        81107     46811.43
   23805.951     0.999982        81107     54613.33
   23805.951     0.999985        81107     65536.00
   23805.951     0.999986        81107     72817.78
   23822.335     0.999988        81108     81920.00
   23822.335     1.000000        81108          inf
#[Mean    =    15715.362, StdDeviation   =     4551.953]
#[Max     =    23805.952, Total count    =        81108]
#[Buckets =           27, SubBuckets     =         2048]
----------------------------------------------------------
  123661 requests in 30.01s, 1.64GB read
Requests/sec:   4121.29
Transfer/sec:     56.11MB
WRKX_RESULT {"durationUs":30005432,"requests":123661,"responses":123661,"errors":0,"bytes":1765508097,"latencyAvgUs":15715361.886,"latencyP95Us":23019519.000,"latencyP99Us":23642111.000}
