Running 30s test @ http://localhost:9991/postgres/orders
  16 threads and 256 connections
  Thread calibration: mean lat.: 4990.329ms, rate sampling interval: 17711ms
  Thread calibration: mean lat.: 4989.172ms, rate sampling interval: 17694ms
  Thread calibration: mean lat.: 4988.145ms, rate sampling interval: 17711ms
  Thread calibration: mean lat.: 4990.518ms, rate sampling interval: 17694ms
  Thread calibration: mean lat.: 4988.712ms, rate sampling interval: 17694ms
  Thread calibration: mean lat.: 4988.904ms, rate sampling interval: 17694ms
  Thread calibration: mean lat.: 4995.746ms, rate sampling interval: 17711ms
  Thread calibration: mean lat.: 5000.410ms, rate sampling interval: 17727ms
  Thread calibration: mean lat.: 4985.387ms, rate sampling interval: 17694ms
  Thread calibration: mean lat.: 4987.243ms, rate sampling interval: 17694ms
  Thread calibration: mean lat.: 4993.114ms, rate sampling interval: 17694ms
  Thread calibration: mean lat.: 4987.726ms, rate sampling interval: 17694ms
  Thread calibration: mean lat.: 4986.006ms, rate sampling interval: 17694ms
  Thread calibration: mean lat.: 4995.441ms, rate sampling interval: 17711ms
  Thread calibration: mean lat.: 4993.522ms, rate sampling interval: 17694ms
  Thread calibration: mean lat.: 4999.586ms, rate sampling interval: 17694ms
  Thread Stats   Avg      Stdev     Max   +/- Stdev
    Latency    19.37s     5.63s   29.11s    57.40%
    Req/Sec   275.06      0.24   276.00    100.00%
  Latency Distribution (HdrHistogram - Recorded Latency)
 50.000%   19.28s 
 75.000%   24.25s 
 90.000%   27.23s 
 99.000%   28.90s 
 99.900%   29.08s 
 99.990%   29.11s 
 99.999%   29.13s 
100.000%   29.13s 

  Detailed Percentile spectrum:
       Value   Percentile   TotalCount 1/(1-Percentile)

    9723.903     0.000000            1         1.00
   11657.215     0.100000         8866         1.11
   13500.415     0.200000        17669         1.25
   15392.767     0.300000        26479         1.43
   17367.039     0.400000        35356         1.67
   19283.967     0.500000        44172         2.00
   20316.159     0.550000        48558         2.22
   21299.199     0.600000        52967         2.50
   22315.007     0.650000        57399         2.86
   23314.431     0.700000        61807         3.33
   24248.319     0.750000        66212         4.00
   24739.839     0.775000        68427         4.44
   25247.743     0.800000        70608         5.00
   25755.647     0.825000        72879         5.71
   26263.551     0.850000        75034         6.67
   26755.071     0.875000        77282         8.00
   27000.831     0.887500        78385         8.89
   27230.207     0.900000        79460        10.00
   27459.583     0.912500        80541        11.43
   27688.959     0.925000        81649        13.33
   27918.335     0.937500        82761        16.00
   28033.023     0.943750        83309        17.78
   28147.711     0.950000        83857        20.00
   28278.783     0.956250        84459        22.86
   28393.471     0.962500        85008        26.67
   28508.159     0.968750        85556        32.00
   28557.311     0.971875        85791        35.56
   28622.847     0.975000        86101        40.00
   28671.999     0.978125        86326        45.71
   28737.535     0.981250        86632        53.33
   28803.071     0.984375        86938        64.00
   28819.455     0.985938        87019        71.11
   28852.223     0.987500        87162        80.00
   28884.991     0.989062        87317        91.43
   28917.759     0.990625        87473       106.67
   28950.527     0.992188        87615       128.00
   28966.911     0.992969        87681       142.22
   28983.295     0.993750        87762       160.00
   28999.679     0.994531        87831       182.86
   29016.063     0.995313        87907       213.33
   29032.447     0.996094        87992       256.00
   29032.447     0.996484        87992       284.44
   29032.447     0.996875        87992       320.00
   29048.831     0.997266        88062       365.71
   29048.831     0.997656        88062       426.67
   29065.215     0.998047        88132       512.00
   29065.215     0.998242        88132       568.89
   29065.215     0.998437        88132       640.00
   29081.599     0.998633        88188       731.43
   29081.599     0.998828        88188       853.33
   29081.599     0.999023        88188      1024.00
   29081.599     0.999121        88188      1137.78
   29081.599     0.999219        88188      1280.00
   29097.983     0.999316        88232      1462.86
   29097.983     0.999414        88232      1706.67
   29097.983     0.999512        88232      2048.00
   29097.983     0.999561        88232      2275.56
   29097.983     0.999609        88232      2560.00
   29097.983     0.999658        88232      2925.71
   29097.983     0.999707        88232      3413.33
   29097.983     0.999756        88232      4096.00
   29114.367     0.999780        88248      4551.11
   29114.367     0.999805        88248      5120.00
   29114.367     0.999829        88248      5851.43
   29114.367     0.999854        88248      6826.67
   29114.367     0.999878        88248      8192.00
   29114.367     0.999890        88248      9102.22
   29114.367     0.999902        88248     10240.00
   29114.367     0.999915        88248     11702.86
   29114.367     0.999927        88248     13653.33
   29114.367     0.999939        88248     16384.00
   29130.751     0.999945        88253     18204.44
   29130.751     1.000000        88253          inf
#[Mean    =    19365.437, StdDeviation   =     5628.003]
#[Max     =    29114.368, Total count    =        88253]
#[Buckets =           27, SubBuckets     =         2048]
----------------------------------------------------------
  130552 requests in 30.01s, 1.74GB read
Requests/sec:   4350.23
Transfer/sec:     59.23MB
WRKX_RESULT {"durationUs":30010347,"requests":130552,"responses":130552,"errors":0,"bytes":1863890904,"latencyAvgUs":19365437.386,"latencyP95Us":28147711.000,"latencyP99Us":28901375.000}
