Running 30s test @ http://localhost:9991/postgres/orders
  16 threads and 256 connections
  Thread calibration: mean lat.: 2836.166ms, rate sampling interval: 10412ms
  Thread calibration: mean lat.: 2839.214ms, rate sampling interval: 10412ms
  Thread calibration: mean lat.: 2838.690ms, rate sampling interval: 10403ms
  Thread calibration: mean lat.: 2839.700ms, rate sampling interval: 10412ms
  Thread calibration: mean lat.: 2840.911ms, rate sampling interval: 10420ms
  Thread calibration: mean lat.: 2842.781ms, rate sampling interval: 10428ms
  Thread calibration: mean lat.: 2832.517ms, rate sampling interval: 10395ms
  Thread calibration: mean lat.: 2841.862ms, rate sampling interval: 10412ms
  Thread calibration: mean lat.: 2831.676ms, rate sampling interval: 10395ms
  Thread calibration: mean lat.: 2834.338ms, rate sampling interval: 10395ms
  Thread calibration: mean lat.: 2834.719ms, rate sampling interval: 10412ms
  Thread calibration: mean lat.: 2835.541ms, rate sampling interval: 10403ms
  Thread calibration: mean lat.: 2835.081ms, rate sampling interval: 10403ms
  Thread calibration: mean lat.: 2839.538ms, rate sampling interval: 10403ms
  Thread calibration: mean lat.: 2838.571ms, rate sampling interval: 10403ms
  Thread calibration: mean lat.: 2841.154ms, rate sampling interval: 10420ms
  Thread Stats   Avg      Stdev     Max   +/- Stdev
    Latency    11.42s     3.44s   17.74s    58.33%
    Req/Sec   266.06      0.24   267.00    100.00%
  Latency Distribution (HdrHistogram - Recorded Latency)
 50.000%   11.20s 
 75.000%   14.34s 
 90.000%   16.44s 
 99.000%   17.60s 
 99.900%   17.73s 
 99.990%   17.74s 
 99.999%   17.76s 
100.000%   17.76s 

  Detailed Percentile spectrum:
       Value   Percentile   TotalCount 1/(1-Percentile)

    5775.359     0.000000            2         1.00
    6844.415     0.100000         8006         1.11
    7921.663     0.200000        15977         1.25
    8953.855     0.300000        23980         1.43
   10141.695     0.400000        31942         1.67
   11198.463     0.500000        39907         2.00
   11698.175     0.550000        43912         2.22
   12271.615     0.600000        47906         2.50
   12918.783     0.650000        51864         2.86
   13688.831     0.700000        55880         3.33
   14335.999     0.750000        59844         4.00
   14680.063     0.775000        61864         4.44
   15048.703     0.800000        63841         5.00
   15433.727     0.825000        65832         5.71
   15777.791     0.850000        67848         6.67
   16097.279     0.875000        69831         8.00
   16269.311     0.887500        70849         8.89
   16441.343     0.900000        71830        10.00
   16621.567     0.912500        72834        11.43
   16793.599     0.925000        73897        13.33
   16957.439     0.937500        74893        16.00
   17022.975     0.943750        75310        17.78
   17104.895     0.950000        75806        20.00
   17186.815     0.956250        76367        22.86
   17252.351     0.962500        76823        26.67
   17334.271     0.968750        77368        32.00
   17367.039     0.971875        77588        35.56
   17416.191     0.975000        77894        40.00
   17448.959     0.978125        78079        45.71
   17498.111     0.981250        78373        53.33
   17530.879     0.984375        78578        64.00
   17547.263     0.985938        78685        71.11
   17563.647     0.987500        78799        80.00
   17596.415     0.989062        79011        91.43
   17612.799     0.990625        79124       106.67
   17629.183     0.992188        79217       128.00
   17645.567     0.992969        79333       142.22
   17645.567     0.993750        79333       160.00
   17661.951     0.994531        79429       182.86
   17661.951     0.995313        79429       213.33
   17678.335     0.996094        79514       256.00
   17678.335     0.996484        79514       284.44
   17694.719     0.996875        79609       320.00
   17694.719     0.997266        79609       365.71
   17694.719     0.997656        79609       426.67
   17711.103     0.998047        79690       512.00
   17711.103     0.998242        79690       568.89
   17711.103     0.998437        79690       640.00
   17711.103     0.998633        79690       731.43
   17727.487     0.998828        79752       853.33
   17727.487     0.999023        79752      1024.00
   17727.487     0.999121        79752      1137.78
   17727.487     0.999219        79752      1280.00
   17727.487     0.999316        79752      1462.86
   17727.487     0.999414        79752      1706.67
   17727.487     0.999512        79752      2048.00
   17727.487     0.999561        79752      2275.56
   17743.871     0.999609        79785      2560.00
   17743.871     0.999658        79785      2925.71
   17743.871     0.999707        79785      3413.33
   17743.871     0.999756        79785      4096.00
   17743.871     0.999780        79785      4551.11
   17743.871     0.999805        79785      5120.00
   17743.871     0.999829        79785      5851.43
   17743.871     0.999854        79785      6826.67
   17743.871     0.999878        79785      8192.00
   17743.871     0.999890        79785      9102.22
   17743.871     0.999902        79785     10240.00
   17743.871     0.999915        79785     11702.86
   17743.871     0.999927        79785     13653.33
   17743.871     0.999939        79785     16384.00
   17743.871     0.999945        79785     18204.44
   17743.871     0.999951        79785     20480.00
   17743.871     0.999957        79785     23405.71
   17743.871     0.999963        79785     27306.67
   17743.871     0.999969        79785     32768.00
   17743.871     0.999973        79785     36408.89
   17760.255     0.999976        79787     40960.00
   17760.255     1.000000        79787          inf
#[Mean    =    11417.063, StdDeviation   =     3442.571]
#[Max     =    17743.872, Total count    =        79787]
#[Buckets =           27, SubBuckets     =         2048]
----------------------------------------------------------
  122462 requests in 30.01s, 1.63GB read
Requests/sec:   4081.14
Transfer/sec:     55.57MB
WRKX_RESULT {"durationUs":30006796,"requests":122462,"responses":122462,"errors":0,"bytes":1748389974,"latencyAvgUs":11417063.198,"latencyP95Us":17104895.000,"latencyP99Us":17596415.000}
