Running 30s test @ http://localhost:9991/postgres/orders
  16 threads and 256 connections
  Thread calibration: mean lat.: 4174.501ms, rate sampling interval: 15056ms
  Thread calibration: mean lat.: 4527.132ms, rate sampling interval: 16588ms
  Thread calibration: mean lat.: 4527.173ms, rate sampling interval: 16564ms
  Thread calibration: mean lat.: 4527.612ms, rate sampling interval: 16572ms
  Thread calibration: mean lat.: 4527.468ms, rate sampling interval: 16580ms
  Thread calibration: mean lat.: 4528.439ms, rate sampling interval: 16572ms
  Thread calibration: mean lat.: 4529.746ms, rate sampling interval: 16596ms
  Thread calibration: mean lat.: 4529.972ms, rate sampling interval: 16572ms
  Thread calibration: mean lat.: 4531.846ms, rate sampling interval: 16556ms
  Thread calibration: mean lat.: 4530.644ms, rate sampling interval: 16572ms
  Thread calibration: mean lat.: 4526.050ms, rate sampling interval: 16572ms
  Thread calibration: mean lat.: 4529.061ms, rate sampling interval: 16564ms
  Thread calibration: mean lat.: 4522.827ms, rate sampling interval: 16547ms
  Thread calibration: mean lat.: 4533.413ms, rate sampling interval: 16588ms
  Thread calibration: mean lat.: 4531.848ms, rate sampling interval: 16588ms
  Thread calibration: mean lat.: 4538.996ms, rate sampling interval: 16588ms
  Thread Stats   Avg      Stdev     Max   +/- Stdev
    Latency    18.01s     5.31s   27.43s    57.50%
    Req/Sec   263.12      0.48   265.00     93.75%
  Latency Distribution (HdrHistogram - Recorded Latency)
 50.000%   17.79s 
 75.000%   22.61s 
 90.000%   25.51s 
 99.000%   27.20s 
 99.900%   27.39s 
 99.990%   27.43s 
 99.999%   27.44s 
100.000%   27.44s 

  Detailed Percentile spectrum:
       Value   Percentile   TotalCount 1/(1-Percentile)

    8306.687     0.000000            3         1.00
   10805.247     0.100000         8385         1.11
   12492.799     0.200000        16720         1.25
   14262.271     0.300000        25105         1.43
   16097.279     0.400000        33443         1.67
   17793.023     0.500000        41791         2.00
   18694.143     0.550000        46000         2.22
   19709.951     0.600000        50166         2.50
   20692.991     0.650000        54355         2.86
   21659.647     0.700000        58579         3.33
   22609.919     0.750000        62707         4.00
   23085.055     0.775000        64781         4.44
   23576.575     0.800000        66894         5.00
   24068.095     0.825000        69008         5.71
   24543.231     0.850000        71054         6.67
   25034.751     0.875000        73139         8.00
   25280.511     0.887500        74204         8.89
   25509.887     0.900000        75220        10.00
   25755.647     0.912500        76326        11.43
   25985.023     0.925000        77370        13.33
   26214.399     0.937500        78417        16.00
   26329.087     0.943750        78939        17.78
   26443.775     0.950000        79458        20.00
   26542.079     0.956250        79934        22.86
   26656.767     0.962500        80462        26.67
   26787.839     0.968750        81024        32.00
   26853.375     0.971875        81296        35.56
   26902.527     0.975000        81503        40.00
   26968.063     0.978125        81776        45.71
   27033.599     0.981250        82063        53.33
   27082.751     0.984375        82274        64.00
   27115.519     0.985938        82406        71.11
   27148.287     0.987500        82541        80.00
   27181.055     0.989062        82675        91.43
   27213.823     0.990625        82804       106.67
   27262.975     0.992188        82987       128.00
   27279.359     0.992969        83046       142.22
   27295.743     0.993750        83118       160.00
   27312.127     0.994531        83174       182.86
   27328.511     0.995313        83246       213.33
   27344.895     0.996094        83311       256.00
   27344.895     0.996484        83311       284.44
   27361.279     0.996875        83370       320.00
   27361.279     0.997266        83370       365.71
   27377.663     0.997656        83437       426.67
   27377.663     0.998047        83437       512.00
   27377.663     0.998242        83437       568.89
   27394.047     0.998437        83497       640.00
   27394.047     0.998633        83497       731.43
   27394.047     0.998828        83497       853.33
   27394.047     0.999023        83497      1024.00
   27410.431     0.999121        83542      1137.78
   27410.431     0.999219        83542      1280.00
   27410.431     0.999316        83542      1462.86
   27410.431     0.999414        83542      1706.67
   27410.431     0.999512        83542      2048.00
   27410.431     0.999561        83542      2275.56
   27426.815     0.999609        83568      2560.00
   27426.815     0.999658        83568      2925.71
   27426.815     0.999707        83568      3413.33
   27426.815     0.999756        83568      4096.00
   27426.815     0.999780        83568      4551.11
   27426.815     0.999805        83568      5120.00
   27426.815     0.999829        83568      5851.43
   27426.815     0.999854        83568      6826.67
   27426.815     0.999878        83568      8192.00
   27426.815     0.999890        83568      9102.22
   27426.815     0.999902        83568     10240.00
   27443.199     0.999915        83576     11702.86
   27443.199     1.000000        83576          inf
#[Mean    =    18006.889, StdDeviation   =     5305.782]
#[Max     =    27426.816, Total count    =        83576]
#[Buckets =           27, SubBuckets     =         2048]
----------------------------------------------------------
  127258 requests in 30.01s, 1.69GB read
Requests/sec:   4241.14
Transfer/sec:     57.75MB
WRKX_RESULT {"durationUs":30005640,"requests":127258,"responses":127258,"errors":0,"bytes":1816874846,"latencyAvgUs":18006888.929,"latencyP95Us":26443775.000,"latencyP99Us":27197439.000}
