Running 30s test @ http://localhost:9991/postgres/orders
  16 threads and 256 connections
  Thread calibration: mean lat.: 3752.584ms, rate sampling interval: 13230ms
  Thread calibration: mean lat.: 3750.193ms, rate sampling interval: 13238ms
  Thread calibration: mean lat.: 3753.010ms, rate sampling interval: 13238ms
  Thread calibration: mean lat.: 3752.375ms, rate sampling interval: 13262ms
  Thread calibration: mean lat.: 3751.380ms, rate sampling interval: 13238ms
  Thread calibration: mean lat.: 3748.394ms, rate sampling interval: 13246ms
  Thread calibration: mean lat.: 3755.933ms, rate sampling interval: 13254ms
  Thread calibration: mean lat.: 3758.484ms, rate sampling interval: 13254ms
  Thread calibration: mean lat.: 3751.337ms, rate sampling interval: 13254ms
  Thread calibration: mean lat.: 3754.989ms, rate sampling interval: 13254ms
  Thread calibration: mean lat.: 3758.020ms, rate sampling interval: 13262ms
  Thread calibration: mean lat.: 3754.362ms, rate sampling interval: 13254ms
  Thread calibration: mean lat.: 3757.310ms, rate sampling interval: 13254ms
  Thread calibration: mean lat.: 3752.846ms, rate sampling interval: 13246ms
  Thread calibration: mean lat.: 3762.012ms, rate sampling interval: 13254ms
  Thread calibration: mean lat.: 3760.670ms, rate sampling interval: 13254ms
  Thread Stats   Avg      Stdev     Max   +/- Stdev
    Latency    14.57s     4.11s   21.74s    57.78%
    Req/Sec   262.00      0.00   262.00    100.00%
  Latency Distribution (HdrHistogram - Recorded Latency)
 50.000%   14.55s 
 75.000%   18.17s 
 90.000%   20.27s 
 99.000%   21.58s 
 99.900%   21.73s 
 99.990%   21.74s 
 99.999%   21.76s 
100.000%   21.76s 

  Detailed Percentile spectrum:
       Value   Percentile   TotalCount 1/(1-Percentile)

    7364.607     0.000000            7         1.00
    8912.895     0.100000         8362         1.11
   10321.919     0.200000        16743         1.25
   11698.175     0.300000        25089         1.43
   13139.967     0.400000        33408         1.67
   14548.991     0.500000        41775         2.00
   15335.423     0.550000        45932         2.22
   16064.511     0.600000        50149         2.50
   16711.679     0.650000        54317         2.86
   17416.191     0.700000        58482         3.33
   18169.855     0.750000        62712         4.00
   18497.535     0.775000        64805         4.44
   18841.599     0.800000        66817         5.00
   19202.047     0.825000        68966         5.71
   19546.111     0.850000        70994         6.67
   19922.943     0.875000        73158         8.00
   20086.783     0.887500        74144         8.89
   20267.007     0.900000        75208        10.00
   20430.847     0.912500        76221        11.43
   20611.071     0.925000        77334        13.33
   20791.295     0.937500        78335        16.00
   20889.599     0.943750        78898        17.78
   20971.519     0.950000        79374        20.00
   21069.823     0.956250        79941        22.86
   21151.743     0.962500        80419        26.67
   21233.663     0.968750        80913        32.00
   21282.815     0.971875        81190        35.56
   21331.967     0.975000        81460        40.00
   21381.119     0.978125        81741        45.71
   21430.271     0.981250        82008        53.33
   21479.423     0.984375        82263        64.00
   21512.191     0.985938        82415        71.11
   21528.575     0.987500        82492        80.00
   21561.343     0.989062        82649        91.43
   21577.727     0.990625        82740       106.67
   21610.495     0.992188        82897       128.00
   21626.879     0.992969        82991       142.22
   21626.879     0.993750        82991       160.00
   21643.263     0.994531        83077       182.86
   21659.647     0.995313        83166       213.33
   21676.031     0.996094        83252       256.00
   21676.031     0.996484        83252       284.44
   21676.031     0.996875        83252       320.00
   21692.415     0.997266        83330       365.71
   21692.415     0.997656        83330       426.67
   21708.799     0.998047        83409       512.00
   21708.799     0.998242        83409       568.89
   21708.799     0.998437        83409       640.00
   21708.799     0.998633        83409       731.43
   21725.183     0.998828        83481       853.33
   21725.183     0.999023        83481      1024.00
   21725.183     0.999121        83481      1137.78
   21725.183     0.999219        83481      1280.00
   21725.183     0.999316        83481      1462.86
   21725.183     0.999414        83481      1706.67
   21725.183     0.999512        83481      2048.00
   21725.183     0.999561        83481      2275.56
   21725.183     0.999609        83481      2560.00
   21725.183     0.999658        83481      2925.71
   21741.567     0.999707        83505      3413.33
   21741.567     0.999756        83505      4096.00
   21741.567     0.999780        83505      4551.11
   21741.567     0.999805        83505      5120.00
   21741.567     0.999829        83505      5851.43
   21741.567     0.999854        83505      6826.67
   21741.567     0.999878        83505      8192.00
   21741.567     0.999890        83505      9102.22
   21741.567     0.999902        83505     10240.00
   21741.567     0.999915        83505     11702.86
   21741.567     0.999927        83505     13653.33
   21741.567     0.999939        83505     16384.00
   21741.567     0.999945        83505     18204.44
   21741.567     0.999951        83505     20480.00
   21741.567     0.999957        83505     23405.71
   21741.567     0.999963        83505     27306.67
   21757.951     0.999969        83508     32768.00
   21757.951     1.000000        83508          inf
#[Mean    =    14570.631, StdDeviation   =     4111.360]
#[Max     =    21741.568, Total count    =        83508]
#[Buckets =           27, SubBuckets     =         2048]
----------------------------------------------------------
  123674 requests in 30.01s, 1.64GB read
Requests/sec:   4121.29
Transfer/sec:     56.11MB
WRKX_RESULT {"durationUs":30008549,"requests":123674,"responses":123674,"errors":0,"bytes":1765706078,"latencyAvgUs":14570631.376,"latencyP95Us":20971519.000,"latencyP99Us":21577727.000}
