Running 30s test @ http://localhost:9991/postgres/orders
  16 threads and 256 connections
  Thread calibration: mean lat.: 4567.221ms, rate sampling interval: 16285ms
  Thread calibration: mean lat.: 4574.609ms, rate sampling interval: 16310ms
  Thread calibration: mean lat.: 4573.544ms, rate sampling interval: 16318ms
  Thread calibration: mean lat.: 4570.534ms, rate sampling interval: 16302ms
  Thread calibration: mean lat.: 4572.916ms, rate sampling interval: 16310ms
  Thread calibration: mean lat.: 4571.853ms, rate sampling interval: 16310ms
  Thread calibration: mean lat.: 4578.962ms, rate sampling interval: 16310ms
  Thread calibration: mean lat.: 4569.838ms, rate sampling interval: 16326ms
  Thread calibration: mean lat.: 4573.196ms, rate sampling interval: 16310ms
  Thread calibration: mean lat.: 4575.060ms, rate sampling interval: 16310ms
  Thread calibration: mean lat.: 4573.925ms, rate sampling interval: 16302ms
  Thread calibration: mean lat.: 4571.678ms, rate sampling interval: 16302ms
  Thread calibration: mean lat.: 4580.970ms, rate sampling interval: 16302ms
  Thread calibration: mean lat.: 4578.648ms, rate sampling interval: 16326ms
  Thread calibration: mean lat.: 4572.430ms, rate sampling interval: 16310ms
  Thread calibration: mean lat.: 4582.946ms, rate sampling interval: 16318ms
  Thread Stats   Avg      Stdev     Max   +/- Stdev
    Latency    17.78s     5.15s   26.79s    57.59%
    Req/Sec   267.81      0.39   268.00    100.00%
  Latency Distribution (HdrHistogram - Recorded Latency)
 50.000%   17.63s 
 75.000%   22.27s 
 90.000%   25.03s 
 99.000%   26.61s 
 99.900%   26.76s 
 99.990%   26.79s 
 99.999%   26.80s 
100.000%   26.80s 

  Detailed Percentile spectrum:
       Value   Percentile   TotalCount 1/(1-Percentile)

    8970.239     0.000000            3         1.00
   10739.711     0.100000         8588         1.11
   12451.839     0.200000        17116         1.25
   14147.583     0.300000        25694         1.43
   15933.439     0.400000        34237         1.67
   17629.183     0.500000        42805         2.00
   18579.455     0.550000        47088         2.22
   19496.959     0.600000        51378         2.50
   20381.695     0.650000        55623         2.86
   21364.735     0.700000        59905         3.33
   22265.855     0.750000        64174         4.00
   22724.607     0.775000        66291         4.44
   23216.127     0.800000        68470         5.00
   23691.263     0.825000        70607         5.71
   24133.631     0.850000        72752         6.67
   24575.999     0.875000        74854         8.00
   24805.375     0.887500        75924         8.89
   25034.751     0.900000        77026        10.00
   25247.743     0.912500        78062        11.43
   25477.119     0.925000        79181        13.33
   25673.727     0.937500        80187        16.00
   25788.415     0.943750        80770        17.78
   25886.719     0.950000        81259        20.00
   26001.407     0.956250        81817        22.86
   26116.095     0.962500        82378        26.67
   26214.399     0.968750        82846        32.00
   26279.935     0.971875        83164        35.56
   26329.087     0.975000        83408        40.00
   26378.239     0.978125        83657        45.71
   26443.775     0.981250        83976        53.33
   26492.927     0.984375        84206        64.00
   26525.695     0.985938        84346        71.11
   26558.463     0.987500        84500        80.00
   26591.231     0.989062        84653        91.43
   26607.615     0.990625        84726       106.67
   26640.383     0.992188        84887       128.00
   26656.767     0.992969        84968       142.22
   26673.151     0.993750        85039       160.00
   26689.535     0.994531        85113       182.86
   26705.919     0.995313        85204       213.33
   26705.919     0.996094        85204       256.00
   26722.303     0.996484        85274       284.44
   26722.303     0.996875        85274       320.00
   26738.687     0.997266        85357       365.71
   26738.687     0.997656        85357       426.67
   26738.687     0.998047        85357       512.00
   26755.071     0.998242        85437       568.89
   26755.071     0.998437        85437       640.00
   26755.071     0.998633        85437       731.43
   26755.071     0.998828        85437       853.33
   26755.071     0.999023        85437      1024.00
   26771.455     0.999121        85485      1137.78
   26771.455     0.999219        85485      1280.00
   26771.455     0.999316        85485      1462.86
   26771.455     0.999414        85485      1706.67
   26771.455     0.999512        85485      2048.00
   26771.455     0.999561        85485      2275.56
   26771.455     0.999609        85485      2560.00
   26787.839     0.999658        85513      2925.71
   26787.839     0.999707        85513      3413.33
   26787.839     0.999756        85513      4096.00
   26787.839     0.999780        85513      4551.11
   26787.839     0.999805        85513      5120.00
   26787.839     0.999829        85513      5851.43
   26787.839     0.999854        85513      6826.67
   26787.839     0.999878        85513      8192.00
   26787.839     0.999890        85513      9102.22
   26787.839     0.999902        85513     10240.00
   26787.839     0.999915        85513     11702.86
   26787.839     0.999927        85513     13653.33
   26787.839     0.999939        85513     16384.00
   26787.839     0.999945        85513     18204.44
   26787.839     0.999951        85513     20480.00
   26804.223     0.999957        85517     23405.71
   26804.223     1.000000        85517          inf
#[Mean    =    17780.619, StdDeviation   =     5154.999]
#[Max     =    26787.840, Total count    =        85517]
#[Buckets =           27, SubBuckets     =         2048]
----------------------------------------------------------
  127759 requests in 30.00s, 1.70GB read
Requests/sec:   4258.13
Transfer/sec:     57.98MB
WRKX_RESULT {"durationUs":30003548,"requests":127759,"responses":127759,"errors":0,"bytes":1824015243,"latencyAvgUs":17780619.323,"latencyP95Us":25886719.000,"latencyP99Us":26607615.000}
