Running 30s test @ http://localhost:9991/postgres/orders
  16 threads and 256 connections
  Thread calibration: mean lat.: 6.136ms, rate sampling interval: 20ms
  Thread calibration: mean lat.: 5.521ms, rate sampling interval: 17ms
  Thread calibration: mean lat.: 5.937ms, rate sampling interval: 19ms
  Thread calibration: mean lat.: 7.606ms, rate sampling interval: 23ms
  Thread calibration: mean lat.: 6.046ms, rate sampling interval: 19ms
  Thread calibration: mean lat.: 7.568ms, rate sampling interval: 24ms
  Thread calibration: mean lat.: 7.181ms, rate sampling interval: 22ms
  Thread calibration: mean lat.: 6.191ms, rate sampling interval: 25ms
  Thread calibration: mean lat.: 5.969ms, rate sampling interval: 19ms
  Thread calibration: mean lat.: 6.990ms, rate sampling interval: 24ms
  Thread calibration: mean lat.: 6.982ms, rate sampling interval: 22ms
  Thread calibration: mean lat.: 7.237ms, rate sampling interval: 24ms
  Thread calibration: mean lat.: 7.103ms, rate sampling interval: 24ms
  Thread calibration: mean lat.: 5.713ms, rate sampling interval: 19ms
  Thread calibration: mean lat.: 7.433ms, rate sampling interval: 26ms
  Thread calibration: mean lat.: 5.662ms, rate sampling interval: 18ms
  Thread Stats   Avg      Stdev     Max   +/- Stdev
    Latency     6.95ms    3.89ms  31.17ms   85.81%
    Req/Sec   159.71     77.37   416.00     68.63%
  Latency Distribution (HdrHistogram - Recorded Latency)
 50.000%    5.57ms
 75.000%    8.52ms
 90.000%   12.10ms
 99.000%   21.01ms
 99.900%   24.88ms
 99.990%   27.52ms
 99.999%   31.18ms
100.000%   31.18ms

  Detailed Percentile spectrum:
       Value   Percentile   TotalCount 1/(1-Percentile)

       2.481     0.000000            1         1.00
       3.689     0.100000         4992         1.11
       4.025     0.200000         9976         1.25
       4.343     0.300000        14961         1.43
       4.767     0.400000        19935         1.67
       5.575     0.500000        24920         2.00
       6.087     0.550000        27399         2.22
       6.595     0.600000        29892         2.50
       7.111     0.650000        32378         2.86
       7.727     0.700000        34872         3.33
       8.519     0.750000        37367         4.00
       8.935     0.775000        38613         4.44
       9.383     0.800000        39858         5.00
       9.847     0.825000        41089         5.71
      10.383     0.850000        42344         6.67
      11.143     0.875000        43576         8.00
      11.575     0.887500        44204         8.89
      12.095     0.900000        44822        10.00
      12.711     0.912500        45456        11.43
      13.367     0.925000        46069        13.33
      14.327     0.937500        46690        16.00
      14.927     0.943750        47001        17.78
      15.543     0.950000        47316        20.00
      16.159     0.956250        47627        22.86
      16.799     0.962500        47934        26.67
      17.455     0.968750        48251        32.00
      17.791     0.971875        48401        35.56
      18.191     0.975000        48561        40.00
      18.607     0.978125        48716        45.71
      19.071     0.981250        48868        53.33
      19.647     0.984375        49027        64.00
      19.919     0.985938        49101        71.11
      20.303     0.987500        49180        80.00
      20.751     0.989062        49261        91.43
      21.151     0.990625        49337       106.67
      21.631     0.992188        49412       128.00
      21.887     0.992969        49451       142.22
      22.175     0.993750        49490       160.00
      22.399     0.994531        49531       182.86
      22.687     0.995313        49569       213.33
      23.007     0.996094        49609       256.00
      23.119     0.996484        49627       284.44
      23.295     0.996875        49648       320.00
      23.535     0.997266        49665       365.71
      23.791     0.997656        49687       426.67
      24.015     0.998047        49704       512.00
      24.239     0.998242        49714       568.89
      24.335     0.998437        49724       640.00
      24.511     0.998633        49733       731.43
      24.687     0.998828        49743       853.33
      24.991     0.999023        49754      1024.00
      25.087     0.999121        49759      1137.78
      25.215     0.999219        49763      1280.00
      25.455     0.999316        49767      1462.86
      25.631     0.999414        49772      1706.67
      26.063     0.999512        49777      2048.00
      26.191     0.999561        49780      2275.56
      26.239     0.999609        49783      2560.00
      26.351     0.999658        49785      2925.71
      26.383     0.999707        49787      3413.33
      26.559     0.999756        49789      4096.00
      26.799     0.999780        49791      4551.11
      26.831     0.999805        49792      5120.00
      26.975     0.999829        49793      5851.43
      27.103     0.999854        49794      6826.67
      27.295     0.999878        49795      8192.00
      27.519     0.999890        49796      9102.22
      28.047     0.999902        49797     10240.00
      28.047     0.999915        49797     11702.86
      28.495     0.999927        49798     13653.33
      28.495     0.999939        49798     16384.00
      28.623     0.999945        49799     18204.44
      28.623     0.999951        49799     20480.00
      28.623     0.999957        49799     23405.71
      29.119     0.999963        49800     27306.67
      29.119     0.999969        49800     32768.00
      29.119     0.999973        49800     36408.89
      29.119     0.999976        49800     40960.00
      29.119     0.999979        49800     46811.43
      31.183     0.999982        49801     54613.33
      31.183     1.000000        49801          inf
#[Mean    =        6.953, StdDeviation   =        3.892]
#[Max     =       31.168, Total count    =        49801]
#[Buckets =           27, SubBuckets     =         2048]
----------------------------------------------------------
  75024 requests in 30.01s, 0.99GB read
  Socket errors: connect 0, read 42, write 0, timeout 0
Requests/sec:   2499.71
Transfer/sec:     33.89MB
WRKX_RESULT {"durationUs":30013074,"requests":75024,"responses":75024,"errors":42,"bytes":1066466217,"latencyAvgUs":6952.631,"latencyP95Us":15543.000,"latencyP99Us":21007.000}
