Running 30s test @ http://localhost:9991/postgres/orders
  16 threads and 256 connections
  Thread calibration: mean lat.: 4184.611ms, rate sampling interval: 15286ms
  Thread calibration: mean lat.: 4179.509ms, rate sampling interval: 15245ms
  Thread calibration: mean lat.: 4293.489ms, rate sampling interval: 15663ms
  Thread calibration: mean lat.: 3934.969ms, rate sampling interval: 14745ms
  Thread calibration: mean lat.: 4240.297ms, rate sampling interval: 15474ms
  Thread calibration: mean lat.: 4254.418ms, rate sampling interval: 15589ms
  Thread calibration: mean lat.: 3690.598ms, rate sampling interval: 13475ms
  Thread calibration: mean lat.: 4171.470ms, rate sampling interval: 15261ms
  Thread calibration: mean lat.: 4132.111ms, rate sampling interval: 15196ms
  Thread calibration: mean lat.: 4188.183ms, rate sampling interval: 15294ms
  Thread calibration: mean lat.: 3880.405ms, rate sampling interval: 14532ms
  Thread calibration: mean lat.: 4088.112ms, rate sampling interval: 15089ms
  Thread calibration: mean lat.: 4030.514ms, rate sampling interval: 14868ms
  Thread calibration: mean lat.: 4209.237ms, rate sampling interval: 15335ms
  Thread calibration: mean lat.: 4255.423ms, rate sampling interval: 15515ms
  Thread calibration: mean lat.: 4098.634ms, rate sampling interval: 15024ms
  Thread Stats   Avg      Stdev     Max   +/- Stdev
    Latency    16.41s     5.19s   28.13s    58.57%
    Req/Sec   261.00     49.06   393.00     75.00%
  Latency Distribution (HdrHistogram - Recorded Latency)
 50.000%   16.29s 
 75.000%   20.73s 
 90.000%   23.61s 
 99.000%   26.33s 
 99.900%   27.69s 
 99.990%   28.11s 
 99.999%   28.15s 
100.000%   28.15s 

  Detailed Percentile spectrum:
       Value   Percentile   TotalCount 1/(1-Percentile)

    6107.135     0.000000            2         1.00
    9699.327     0.100000         8380         1.11
   11067.391     0.200000        16727         1.25
   12558.335     0.300000        25097         1.43
   14352.383     0.400000        33448         1.67
   16293.887     0.500000        41835         2.00
   17268.735     0.550000        46019         2.22
   18038.783     0.600000        50204         2.50
   18890.751     0.650000        54364         2.86
   19841.023     0.700000        58583         3.33
   20725.759     0.750000        62753         4.00
   21217.279     0.775000        64862         4.44
   21708.799     0.800000        66911         5.00
   22216.703     0.825000        69034         5.71
   22757.375     0.850000        71132         6.67
   23281.663     0.875000        73199         8.00
   23445.503     0.887500        74323         8.89
   23609.343     0.900000        75336        10.00
   23871.487     0.912500        76369        11.43
   24150.015     0.925000        77357        13.33
   24461.311     0.937500        78445        16.00
   24592.383     0.943750        78952        17.78
   24756.223     0.950000        79470        20.00
   24936.447     0.956250        79992        22.86
   25133.055     0.962500        80515        26.67
   25346.047     0.968750        81017        32.00
   25477.119     0.971875        81296        35.56
   25608.191     0.975000        81556        40.00
   25739.263     0.978125        81812        45.71
   25853.951     0.981250        82061        53.33
   26001.407     0.984375        82317        64.00
   26083.327     0.985938        82446        71.11
   26181.631     0.987500        82582        80.00
   26279.935     0.989062        82723        91.43
   26361.855     0.990625        82853       106.67
   26460.159     0.992188        82972       128.00
   26525.695     0.992969        83041       142.22
   26591.231     0.993750        83102       160.00
   26673.151     0.994531        83175       182.86
   26738.687     0.995313        83238       213.33
   26804.223     0.996094        83294       256.00
   26869.759     0.996484        83336       284.44
   26935.295     0.996875        83364       320.00
   27000.831     0.997266        83393       365.71
   27131.903     0.997656        83425       426.67
   27295.743     0.998047        83460       512.00
   27377.663     0.998242        83474       568.89
   27459.583     0.998437        83492       640.00
   27541.503     0.998633        83507       731.43
   27607.039     0.998828        83523       853.33
   27721.727     0.999023        83542      1024.00
   27754.495     0.999121        83550      1137.78
   27787.263     0.999219        83555      1280.00
   27852.799     0.999316        83565      1462.86
   27885.567     0.999414        83573      1706.67
   27918.335     0.999512        83581      2048.00
   27951.103     0.999561        83586      2275.56
   27967.487     0.999609        83588      2560.00
   28000.255     0.999658        83592      2925.71
   28033.023     0.999707        83596      3413.33
   28049.407     0.999756        83601      4096.00
   28065.791     0.999780        83604      4551.11
   28065.791     0.999805        83604      5120.00
   28082.175     0.999829        83609      5851.43
   28082.175     0.999854        83609      6826.67
   28098.559     0.999878        83611      8192.00
   28098.559     0.999890        83611      9102.22
   28114.943     0.999902        83614     10240.00
   28114.943     0.999915        83614     11702.86
   28114.943     0.999927        83614     13653.33
   28131.327     0.999939        83617     16384.00
   28131.327     0.999945        83617     18204.44
   28131.327     0.999951        83617     20480.00
   28131.327     0.999957        83617     23405.71
   28131.327     0.999963        83617     27306.67
   28147.711     0.999969        83620     32768.00
   28147.711     1.000000        83620          inf
#[Mean    =    16414.776, StdDeviation   =     5193.082]
#[Max     =    28131.328, Total count    =        83620]
#[Buckets =           27, SubBuckets     =         2048]
----------------------------------------------------------
  126132 requests in 30.01s, 1.67GB read
  Socket errors: connect 0, read 2, write 0, timeout 0
Requests/sec:   4203.66
Transfer/sec:     56.99MB
WRKX_RESULT {"durationUs":30005295,"requests":126132,"responses":126132,"errors":2,"bytes":1792968299,"latencyAvgUs":16414775.866,"latencyP95Us":24756223.000,"latencyP99Us":26329087.000}
