Running 30s test @ http://localhost:9991/postgres/orders
  16 threads and 256 connections
  Thread calibration: mean lat.: 3652.724ms, rate sampling interval: 13680ms
  Thread calibration: mean lat.: 3760.404ms, rate sampling interval: 14204ms
  Thread calibration: mean lat.: 3906.611ms, rate sampling interval: 14360ms
  Thread calibration: mean lat.: 3881.349ms, rate sampling interval: 14229ms
  Thread calibration: mean lat.: 3867.292ms, rate sampling interval: 13918ms
  Thread calibration: mean lat.: 3988.021ms, rate sampling interval: 14532ms
  Thread calibration: mean lat.: 3904.866ms, rate sampling interval: 14139ms
  Thread calibration: mean lat.: 3851.067ms, rate sampling interval: 14327ms
  Thread calibration: mean lat.: 3857.381ms, rate sampling interval: 14123ms
  Thread calibration: mean lat.: 3908.611ms, rate sampling interval: 14540ms
  Thread calibration: mean lat.: 3612.875ms, rate sampling interval: 13893ms
  Thread calibration: mean lat.: 3936.446ms, rate sampling interval: 14188ms
  Thread calibration: mean lat.: 3363.250ms, rate sampling interval: 13262ms
  Thread calibration: mean lat.: 3678.767ms, rate sampling interval: 14008ms
  Thread calibration: mean lat.: 3758.332ms, rate sampling interval: 14155ms
  Thread calibration: mean lat.: 3690.109ms, rate sampling interval: 13025ms
  Thread Stats   Avg      Stdev     Max   +/- Stdev
    Latency    15.67s     5.65s   28.33s    64.63%
    Req/Sec   257.56     36.48   342.00     75.00%
  Latency Distribution (HdrHistogram - Recorded Latency)
 50.000%   15.72s 
 75.000%   19.97s 
 90.000%   23.04s 
 99.000%   27.21s 
 99.900%   27.92s 
 99.990%   28.16s 
 99.999%   28.30s 
100.000%   28.34s 

  Detailed Percentile spectrum:
       Value   Percentile   TotalCount 1/(1-Percentile)

       3.251     0.000000            1         1.00
    8749.055     0.100000         8260         1.11
   10412.031     0.200000        16499         1.25
   11960.319     0.300000        24733         1.43
   13721.599     0.400000        32981         1.67
   15720.447     0.500000        41228         2.00
   16777.215     0.550000        45367         2.22
   17629.183     0.600000        49465         2.50
   18448.383     0.650000        53611         2.86
   19185.663     0.700000        57707         3.33
   19972.095     0.750000        61893         4.00
   20430.847     0.775000        63966         4.44
   20889.599     0.800000        65974         5.00
   21397.503     0.825000        68057         5.71
   21823.487     0.850000        70134         6.67
   22364.159     0.875000        72178         8.00
   22675.455     0.887500        73175         8.89
   23035.903     0.900000        74232        10.00
   23412.735     0.912500        75255        11.43
   23789.567     0.925000        76297        13.33
   24231.935     0.937500        77301        16.00
   24494.079     0.943750        77820        17.78
   24756.223     0.950000        78326        20.00
   25034.751     0.956250        78840        22.86
   25411.583     0.962500        79357        26.67
   25853.951     0.968750        79863        32.00
   26165.247     0.971875        80124        35.56
   26509.311     0.975000        80380        40.00
   26771.455     0.978125        80657        45.71
   26902.527     0.981250        80911        53.33
   27000.831     0.984375        81162        64.00
   27049.983     0.985938        81286        71.11
   27115.519     0.987500        81431        80.00
   27181.055     0.989062        81563        91.43
   27246.591     0.990625        81694       106.67
   27328.511     0.992188        81823       128.00
   27361.279     0.992969        81870       142.22
   27410.431     0.993750        81926       160.00
   27475.967     0.994531        82003       182.86
   27541.503     0.995313        82061       213.33
   27607.039     0.996094        82125       256.00
   27639.807     0.996484        82159       284.44
   27672.575     0.996875        82188       320.00
   27705.343     0.997266        82214       365.71
   27738.111     0.997656        82247       426.67
   27787.263     0.998047        82289       512.00
   27803.647     0.998242        82294       568.89
   27836.415     0.998437        82315       640.00
   27869.183     0.998633        82329       731.43
   27885.567     0.998828        82343       853.33
   27918.335     0.999023        82361      1024.00
   27934.719     0.999121        82367      1137.78
   27967.487     0.999219        82381      1280.00
   27983.871     0.999316        82387      1462.86
   28000.255     0.999414        82392      1706.67
   28016.639     0.999512        82399      2048.00
   28033.023     0.999561        82404      2275.56
   28049.407     0.999609        82412      2560.00
   28049.407     0.999658        82412      2925.71
   28065.791     0.999707        82415      3413.33
   28082.175     0.999756        82420      4096.00
   28082.175     0.999780        82420      4551.11
   28098.559     0.999805        82422      5120.00
   28114.943     0.999829        82424      5851.43
   28147.711     0.999854        82427      6826.67
   28164.095     0.999878        82431      8192.00
   28164.095     0.999890        82431      9102.22
   28164.095     0.999902        82431     10240.00
   28164.095     0.999915        82431     11702.86
   28196.863     0.999927        82433     13653.33
   28196.863     0.999939        82433     16384.00
   28213.247     0.999945        82434     18204.44
   28213.247     0.999951        82434     20480.00
   28262.399     0.999957        82435     23405.71
   28262.399     0.999963        82435     27306.67
   28278.783     0.999969        82436     32768.00
   28278.783     0.999973        82436     36408.89
   28278.783     0.999976        82436     40960.00
   28295.167     0.999979        82437     46811.43
   28295.167     0.999982        82437     54613.33
   28295.167     0.999985        82437     65536.00
   28295.167     0.999986        82437     72817.78
   28295.167     0.999988        82437     81920.00
   28344.319     0.999989        82438     93622.86
   28344.319     1.000000        82438          inf
#[Mean    =    15672.430, StdDeviation   =     5649.425]
#[Max     =    28327.936, Total count    =        82438]
#[Buckets =           27, SubBuckets     =         2048]
----------------------------------------------------------
  125150 requests in 30.01s, 1.66GB read
  Socket errors: connect 0, read 2, write 0, timeout 0
Requests/sec:   4170.29
Transfer/sec:     56.53MB
WRKX_RESULT {"durationUs":30009894,"requests":125150,"responses":125150,"errors":2,"bytes":1779012456,"latencyAvgUs":15672429.894,"latencyP95Us":24756223.000,"latencyP99Us":27213823.000}
