Running 30s test @ http://localhost:9991/postgres/orders
  16 threads and 256 connections
  Thread calibration: mean lat.: 3137.832ms, rate sampling interval: 12206ms
  Thread calibration: mean lat.: 2817.015ms, rate sampling interval: 12517ms
  Thread calibration: mean lat.: 2738.704ms, rate sampling interval: 12312ms
  Thread calibration: mean lat.: 2429.778ms, rate sampling interval: 10952ms
  Thread calibration: mean lat.: 3031.711ms, rate sampling interval: 11984ms
  Thread calibration: mean lat.: 2897.498ms, rate sampling interval: 11624ms
  Thread calibration: mean lat.: 3192.592ms, rate sampling interval: 12345ms
  Thread calibration: mean lat.: 2715.836ms, rate sampling interval: 12173ms
  Thread calibration: mean lat.: 3641.436ms, rate sampling interval: 13041ms
  Thread calibration: mean lat.: 3622.972ms, rate sampling interval: 12763ms
  Thread calibration: mean lat.: 2769.012ms, rate sampling interval: 12140ms
  Thread calibration: mean lat.: 3298.414ms, rate sampling interval: 12263ms
  Thread calibration: mean lat.: 2805.558ms, rate sampling interval: 12460ms
  Thread calibration: mean lat.: 3674.425ms, rate sampling interval: 13328ms
  Thread calibration: mean lat.: 3299.907ms, rate sampling interval: 12369ms
  Thread calibration: mean lat.: 3517.075ms, rate sampling interval: 12951ms
  Thread Stats   Avg      Stdev     Max   +/- Stdev
    Latency    13.23s     5.38s   27.49s    66.70%
    Req/Sec   260.31     30.36   315.00     56.25%
  Latency Distribution (HdrHistogram - Recorded Latency)
 50.000%   12.57s 
 75.000%   17.20s 
 90.000%   20.45s 
 99.000%   25.90s 
 99.900%   27.00s 
 99.990%   27.38s 
 99.999%   27.48s 
100.000%   27.51s 

  Detailed Percentile spectrum:
       Value   Percentile   TotalCount 1/(1-Percentile)

    1603.583     0.000000            1         1.00
    6701.055     0.100000         8315         1.11
    8495.103     0.200000        16656         1.25
    9846.783     0.300000        24969         1.43
   11116.543     0.400000        33264         1.67
   12574.719     0.500000        41564         2.00
   13443.071     0.550000        45720         2.22
   14434.303     0.600000        49862         2.50
   15458.303     0.650000        54047         2.86
   16220.159     0.700000        58193         3.33
   17203.199     0.750000        62389         4.00
   17694.719     0.775000        64447         4.44
   18055.167     0.800000        66498         5.00
   18546.687     0.825000        68620         5.71
   19120.127     0.850000        70679         6.67
   19726.335     0.875000        72762         8.00
   20054.015     0.887500        73763         8.89
   20447.231     0.900000        74789        10.00
   20905.983     0.912500        75851        11.43
   21348.351     0.925000        76870        13.33
   21921.791     0.937500        77911        16.00
   22315.007     0.943750        78432        17.78
   22724.607     0.950000        78964        20.00
   23248.895     0.956250        79472        22.86
   24100.863     0.962500        79979        26.67
   24707.071     0.968750        80530        32.00
   24821.759     0.971875        80793        35.56
   24936.447     0.975000        81029        40.00
   25100.287     0.978125        81282        45.71
   25280.511     0.981250        81550        53.33
   25493.503     0.984375        81811        64.00
   25608.191     0.985938        81944        71.11
   25706.495     0.987500        82057        80.00
   25837.567     0.989062        82194        91.43
   25968.639     0.990625        82329       106.67
   26116.095     0.992188        82453       128.00
   26214.399     0.992969        82528       142.22
   26279.935     0.993750        82581       160.00
   26378.239     0.994531        82645       182.86
   26476.543     0.995313        82716       213.33
   26558.463     0.996094        82771       256.00
   26607.615     0.996484        82811       284.44
   26656.767     0.996875        82843       320.00
   26705.919     0.997266        82873       365.71
   26755.071     0.997656        82902       426.67
   26820.607     0.998047        82942       512.00
   26836.991     0.998242        82951       568.89
   26869.759     0.998437        82972       640.00
   26902.527     0.998633        82983       731.43
   26951.679     0.998828        82999       853.33
   27000.831     0.999023        83015      1024.00
   27033.599     0.999121        83024      1137.78
   27066.367     0.999219        83033      1280.00
   27099.135     0.999316        83040      1462.86
   27148.287     0.999414        83051      1706.67
   27197.439     0.999512        83056      2048.00
   27213.823     0.999561        83060      2275.56
   27246.591     0.999609        83066      2560.00
   27262.975     0.999658        83067      2925.71
   27295.743     0.999707        83073      3413.33
   27328.511     0.999756        83076      4096.00
   27344.895     0.999780        83078      4551.11
   27361.279     0.999805        83084      5120.00
   27361.279     0.999829        83084      5851.43
   27361.279     0.999854        83084      6826.67
   27377.663     0.999878        83087      8192.00
   27377.663     0.999890        83087      9102.22
   27377.663     0.999902        83087     10240.00
   27394.047     0.999915        83090     11702.86
   27394.047     0.999927        83090     13653.33
   27394.047     0.999939        83090     16384.00
   27426.815     0.999945        83093     18204.44
   27426.815     0.999951        83093     20480.00
   27426.815     0.999957        83093     23405.71
   27426.815     0.999963        83093     27306.67
   27426.815     0.999969        83093     32768.00
   27426.815     0.999973        83093     36408.89
   27426.815     0.999976        83093     40960.00
   27475.967     0.999979        83094     46811.43
   27475.967     0.999982        83094     54613.33
   27475.967     0.999985        83094     65536.00
   27475.967     0.999986        83094     72817.78
   27475.967     0.999988        83094     81920.00
   27508.735     0.999989        83095     93622.86
   27508.735     1.000000        83095          inf
#[Mean    =    13229.176, StdDeviation   =     5378.427]
#[Max     =    27492.352, Total count    =        83095]
#[Buckets =           27, SubBuckets     =         2048]
----------------------------------------------------------
  126118 requests in 30.01s, 1.67GB read
  Socket errors: connect 0, read 3, write 0, timeout 0
Requests/sec:   4201.91
Transfer/sec:     56.96MB
WRKX_RESULT {"durationUs":30014437,"requests":126118,"responses":126118,"errors":3,"bytes":1792773450,"latencyAvgUs":13229175.628,"latencyP95Us":22708223.000,"latencyP99Us":25903103.000}
