Running 30s test @ http://localhost:9991/postgres/orders
  16 threads and 256 connections
  Thread calibration: mean lat.: 5405.349ms, rate sampling interval: 17481ms
  Thread calibration: mean lat.: 4602.581ms, rate sampling interval: 17301ms
  Thread calibration: mean lat.: 4781.678ms, rate sampling interval: 17448ms
  Thread calibration: mean lat.: 5073.240ms, rate sampling interval: 17711ms
  Thread calibration: mean lat.: 5273.886ms, rate sampling interval: 17203ms
  Thread calibration: mean lat.: 4892.661ms, rate sampling interval: 17448ms
  Thread calibration: mean lat.: 4984.899ms, rate sampling interval: 17645ms
  Thread calibration: mean lat.: 4567.536ms, rate sampling interval: 17170ms
  Thread calibration: mean lat.: 4578.209ms, rate sampling interval: 17383ms
  Thread calibration: mean lat.: 4584.405ms, rate sampling interval: 17350ms
  Thread calibration: mean lat.: 4941.932ms, rate sampling interval: 17399ms
  Thread calibration: mean lat.: 4753.820ms, rate sampling interval: 17596ms
  Thread calibration: mean lat.: 4703.205ms, rate sampling interval: 17350ms
  Thread calibration: mean lat.: 4531.482ms, rate sampling interval: 17170ms
  Thread calibration: mean lat.: 4626.560ms, rate sampling interval: 17399ms
  Thread calibration: mean lat.: 4511.344ms, rate sampling interval: 17088ms
  Thread Stats   Avg      Stdev     Max   +/- Stdev
    Latency    19.14s     5.67s   29.62s    57.66%
    Req/Sec   264.00     56.61   415.00     75.00%
  Latency Distribution (HdrHistogram - Recorded Latency)
 50.000%   19.12s 
 75.000%   24.08s 
 90.000%   27.03s 
 99.000%   28.90s 
 99.900%   29.34s 
 99.990%   29.57s 
 99.999%   29.62s 
100.000%   29.64s 

  Detailed Percentile spectrum:
       Value   Percentile   TotalCount 1/(1-Percentile)

    8790.015     0.000000            1         1.00
   11411.455     0.100000         8447         1.11
   13221.887     0.200000        16880         1.25
   15114.239     0.300000        25309         1.43
   17039.359     0.400000        33720         1.67
   19120.127     0.500000        42201         2.00
   20168.703     0.550000        46396         2.22
   21102.591     0.600000        50609         2.50
   22134.783     0.650000        54800         2.86
   23166.975     0.700000        59060         3.33
   24084.479     0.750000        63231         4.00
   24543.231     0.775000        65352         4.44
   25034.751     0.800000        67477         5.00
   25526.271     0.825000        69550         5.71
   26034.175     0.850000        71718         6.67
   26525.695     0.875000        73790         8.00
   26771.455     0.887500        74837         8.89
   27033.599     0.900000        75905        10.00
   27295.743     0.912500        76974        11.43
   27541.503     0.925000        78020        13.33
   27770.879     0.937500        79071        16.00
   27885.567     0.943750        79568        17.78
   28016.639     0.950000        80131        20.00
   28147.711     0.956250        80666        22.86
   28278.783     0.962500        81184        26.67
   28409.855     0.968750        81690        32.00
   28475.391     0.971875        81951        35.56
   28540.927     0.975000        82220        40.00
   28606.463     0.978125        82454        45.71
   28688.383     0.981250        82762        53.33
   28753.919     0.984375        82989        64.00
   28786.687     0.985938        83113        71.11
   28835.839     0.987500        83260        80.00
   28884.991     0.989062        83419        91.43
   28917.759     0.990625        83510       106.67
   28966.911     0.992188        83645       128.00
   28999.679     0.992969        83730       142.22
   29016.063     0.993750        83765       160.00
   29048.831     0.994531        83842       182.86
   29081.599     0.995313        83910       213.33
   29130.751     0.996094        83973       256.00
   29147.135     0.996484        84004       284.44
   29179.903     0.996875        84050       320.00
   29196.287     0.997266        84070       365.71
   29212.671     0.997656        84096       426.67
   29245.439     0.998047        84130       512.00
   29261.823     0.998242        84152       568.89
   29294.591     0.998437        84171       640.00
   29310.975     0.998633        84185       731.43
   29327.359     0.998828        84196       853.33
   29360.127     0.999023        84217      1024.00
   29360.127     0.999121        84217      1137.78
   29392.895     0.999219        84234      1280.00
   29392.895     0.999316        84234      1462.86
   29409.279     0.999414        84242      1706.67
   29425.663     0.999512        84252      2048.00
   29442.047     0.999561        84257      2275.56
   29474.815     0.999609        84259      2560.00
   29507.583     0.999658        84267      2925.71
   29507.583     0.999707        84267      3413.33
   29523.967     0.999756        84272      4096.00
   29540.351     0.999780        84273      4551.11
   29556.735     0.999805        84279      5120.00
   29556.735     0.999829        84279      5851.43
   29556.735     0.999854        84279      6826.67
   29573.119     0.999878        84285      8192.00
   29573.119     0.999890        84285      9102.22
   29573.119     0.999902        84285     10240.00
   29573.119     0.999915        84285     11702.86
   29573.119     0.999927        84285     13653.33
   29589.503     0.999939        84288     16384.00
   29589.503     0.999945        84288     18204.44
   29589.503     0.999951        84288     20480.00
   29589.503     0.999957        84288     23405.71
   29589.503     0.999963        84288     27306.67
   29605.887     0.999969        84289     32768.00
   29605.887     0.999973        84289     36408.89
   29605.887     0.999976        84289     40960.00
   29622.271     0.999979        84290     46811.43
   29622.271     0.999982        84290     54613.33
   29622.271     0.999985        84290     65536.00
   29622.271     0.999986        84290     72817.78
   29622.271     0.999988        84290     81920.00
   29638.655     0.999989        84291     93622.86
   29638.655     1.000000        84291          inf
#[Mean    =    19143.418, StdDeviation   =     5671.222]
#[Max     =    29622.272, Total count    =        84291]
#[Buckets =           27, SubBuckets     =         2048]
----------------------------------------------------------
  127057 requests in 30.00s, 1.68GB read
  Socket errors: connect 0, read 3, write 0, timeout 0
Requests/sec:   4234.94
Transfer/sec:     57.41MB
WRKX_RESULT {"durationUs":30002082,"requests":127057,"responses":127057,"errors":3,"bytes":1806119283,"latencyAvgUs":19143417.923,"latencyP95Us":28016639.000,"latencyP99Us":28901375.000}
