Running 30s test @ http://localhost:9991/postgres/orders
  16 threads and 256 connections
  Thread calibration: mean lat.: 1524.151ms, rate sampling interval: 8372ms
  Thread calibration: mean lat.: 2490.576ms, rate sampling interval: 10805ms
  Thread calibration: mean lat.: 2669.746ms, rate sampling interval: 11575ms
  Thread calibration: mean lat.: 2295.465ms, rate sampling interval: 11116ms
  Thread calibration: mean lat.: 2139.429ms, rate sampling interval: 11026ms
  Thread calibration: mean lat.: 2398.760ms, rate sampling interval: 10641ms
  Thread calibration: mean lat.: 1876.763ms, rate sampling interval: 8740ms
  Thread calibration: mean lat.: 1992.319ms, rate sampling interval: 9404ms
  Thread calibration: mean lat.: 3083.593ms, rate sampling interval: 11616ms
  Thread calibration: mean lat.: 2125.016ms, rate sampling interval: 10190ms
  Thread calibration: mean lat.: 2491.818ms, rate sampling interval: 10092ms
  Thread calibration: mean lat.: 2040.085ms, rate sampling interval: 9969ms
  Thread calibration: mean lat.: 2180.159ms, rate sampling interval: 9822ms
  Thread calibration: mean lat.: 1537.510ms, rate sampling interval: 9961ms
  Thread calibration: mean lat.: 2692.357ms, rate sampling interval: 11132ms
  Thread calibration: mean lat.: 2543.880ms, rate sampling interval: 11083ms
  Thread Stats   Avg      Stdev     Max   +/- Stdev
    Latency     9.57s     5.76s   23.25s    64.37%
    Req/Sec   267.55     37.08   329.00     60.00%
  Latency Distribution (HdrHistogram - Recorded Latency)
 50.000%    9.24s 
 75.000%   13.64s 
 90.000%   17.86s 
 99.000%   21.81s 
 99.900%   22.76s 
 99.990%   23.02s 
 99.999%   23.23s 
100.000%   23.27s 

  Detailed Percentile spectrum:
       Value   Percentile   TotalCount 1/(1-Percentile)

       2.993     0.000000            1         1.00
    1248.255     0.100000         8221         1.11
    4378.623     0.200000        16446         1.25
    6197.247     0.300000        24658         1.43
    7794.687     0.400000        32895         1.67
    9240.575     0.500000        41121         2.00
   10010.623     0.550000        45238         2.22
   10764.287     0.600000        49342         2.50
   11616.255     0.650000        53443         2.86
   12591.103     0.700000        57563         3.33
   13639.679     0.750000        61667         4.00
   14295.039     0.775000        63700         4.44
   14983.167     0.800000        65753         5.00
   15654.911     0.825000        67814         5.71
   16351.231     0.850000        69875         6.67
   17039.359     0.875000        71943         8.00
   17416.191     0.887500        72973         8.89
   17858.559     0.900000        73988        10.00
   18268.159     0.912500        74996        11.43
   18694.143     0.925000        76028        13.33
   19120.127     0.937500        77054        16.00
   19365.887     0.943750        77582        17.78
   19628.031     0.950000        78119        20.00
   19890.175     0.956250        78602        22.86
   20201.471     0.962500        79124        26.67
   20512.767     0.968750        79634        32.00
   20660.223     0.971875        79890        35.56
   20791.295     0.975000        80141        40.00
   20987.903     0.978125        80404        45.71
   21184.511     0.981250        80646        53.33
   21397.503     0.984375        80919        64.00
   21512.191     0.985938        81043        71.11
   21626.879     0.987500        81183        80.00
   21741.567     0.989062        81306        91.43
   21856.255     0.990625        81439       106.67
   21954.559     0.992188        81553       128.00
   22003.711     0.992969        81611       142.22
   22085.631     0.993750        81676       160.00
   22167.551     0.994531        81749       182.86
   22249.471     0.995313        81812       213.33
   22331.391     0.996094        81873       256.00
   22380.543     0.996484        81900       284.44
   22429.695     0.996875        81938       320.00
   22462.463     0.997266        81963       365.71
   22527.999     0.997656        81999       426.67
   22577.151     0.998047        82027       512.00
   22609.919     0.998242        82045       568.89
   22626.303     0.998437        82061       640.00
   22659.071     0.998633        82077       731.43
   22708.223     0.998828        82094       853.33
   22757.375     0.999023        82109      1024.00
   22790.143     0.999121        82118      1137.78
   22806.527     0.999219        82123      1280.00
   22839.295     0.999316        82131      1462.86
   22888.447     0.999414        82141      1706.67
   22904.831     0.999512        82147      2048.00
   22921.215     0.999561        82151      2275.56
   22937.599     0.999609        82156      2560.00
   22953.983     0.999658        82159      2925.71
   22970.367     0.999707        82163      3413.33
   22986.751     0.999756        82171      4096.00
   22986.751     0.999780        82171      4551.11
   22986.751     0.999805        82171      5120.00
   23003.135     0.999829        82178      5851.43
   23003.135     0.999854        82178      6826.67
   23003.135     0.999878        82178      8192.00
   23003.135     0.999890        82178      9102.22
   23019.519     0.999902        82182     10240.00
   23019.519     0.999915        82182     11702.86
   23019.519     0.999927        82182     13653.33
   23019.519     0.999939        82182     16384.00
   23052.287     0.999945        82183     18204.44
   23052.287     0.999951        82183     20480.00
   23134.207     0.999957        82184     23405.71
   23134.207     0.999963        82184     27306.67
   23166.975     0.999969        82185     32768.00
   23166.975     0.999973        82185     36408.89
   23166.975     0.999976        82185     40960.00
   23232.511     0.999979        82186     46811.43
   23232.511     0.999982        82186     54613.33
   23232.511     0.999985        82186     65536.00
   23232.511     0.999986        82186     72817.78
   23232.511     0.999988        82186     81920.00
   23265.279     0.999989        82187     93622.86
   23265.279     1.000000        82187          inf
#[Mean    =     9567.235, StdDeviation   =     5761.330]
#[Max     =    23248.896, Total count    =        82187]
#[Buckets =           27, SubBuckets     =         2048]
----------------------------------------------------------
  126208 requests in 30.01s, 1.67GB read
  Socket errors: connect 0, read 2, write 0, timeout 0
Requests/sec:   4205.76
Transfer/sec:     57.02MB
WRKX_RESULT {"durationUs":30008342,"requests":126208,"responses":126208,"errors":2,"bytes":1794047993,"latencyAvgUs":9567234.880,"latencyP95Us":19628031.000,"latencyP99Us":21807103.000}
