Running 30s test @ http://localhost:9991/postgres/orders
  16 threads and 256 connections
  Thread calibration: mean lat.: 4658.420ms, rate sampling interval: 16875ms
  Thread calibration: mean lat.: 4538.189ms, rate sampling interval: 16678ms
  Thread calibration: mean lat.: 4589.167ms, rate sampling interval: 16793ms
  Thread calibration: mean lat.: 4406.772ms, rate sampling interval: 16490ms
  Thread calibration: mean lat.: 4751.808ms, rate sampling interval: 17547ms
  Thread calibration: mean lat.: 4682.515ms, rate sampling interval: 17006ms
  Thread calibration: mean lat.: 4764.360ms, rate sampling interval: 17170ms
  Thread calibration: mean lat.: 4654.170ms, rate sampling interval: 17006ms
  Thread calibration: mean lat.: 4716.097ms, rate sampling interval: 17137ms
  Thread calibration: mean lat.: 4496.474ms, rate sampling interval: 15482ms
  Thread calibration: mean lat.: 4386.313ms, rate sampling interval: 16654ms
  Thread calibration: mean lat.: 4551.313ms, rate sampling interval: 16637ms
  Thread calibration: mean lat.: 4627.451ms, rate sampling interval: 16687ms
  Thread calibration: mean lat.: 4691.327ms, rate sampling interval: 16941ms
  Thread calibration: mean lat.: 4397.641ms, rate sampling interval: 16646ms
  Thread calibration: mean lat.: 4319.902ms, rate sampling interval: 16424ms
  Thread Stats   Avg      Stdev     Max   +/- Stdev
    Latency    18.47s     5.64s   29.11s    58.00%
    Req/Sec   260.50     87.27   520.00     87.50%
  Latency Distribution (HdrHistogram - Recorded Latency)
 50.000%   18.20s 
 75.000%   23.46s 
 90.000%   26.23s 
 99.000%   28.36s 
 99.900%   28.93s 
 99.990%   29.08s 
 99.999%   29.10s 
100.000%   29.13s 

  Detailed Percentile spectrum:
       Value   Percentile   TotalCount 1/(1-Percentile)

    5533.695     0.000000            1         1.00
   10829.823     0.100000         8351         1.11
   12582.911     0.200000        16701         1.25
   14475.263     0.300000        25008         1.43
   16465.919     0.400000        33341         1.67
   18202.623     0.500000        41714         2.00
   19283.967     0.550000        45812         2.22
   20463.615     0.600000        50006         2.50
   21610.495     0.650000        54138         2.86
   22626.303     0.700000        58306         3.33
   23461.887     0.750000        62483         4.00
   23822.335     0.775000        64585         4.44
   24215.551     0.800000        66692         5.00
   24674.303     0.825000        68716         5.71
   25182.207     0.850000        70794         6.67
   25706.495     0.875000        72913         8.00
   25968.639     0.887500        73965         8.89
   26230.783     0.900000        75009        10.00
   26492.927     0.912500        76042        11.43
   26755.071     0.925000        77081        13.33
   27033.599     0.937500        78117        16.00
   27164.671     0.943750        78611        17.78
   27312.127     0.950000        79167        20.00
   27443.199     0.956250        79655        22.86
   27590.655     0.962500        80216        26.67
   27738.111     0.968750        80739        32.00
   27803.647     0.971875        80952        35.56
   27885.567     0.975000        81234        40.00
   27967.487     0.978125        81485        45.71
   28065.791     0.981250        81760        53.33
   28164.095     0.984375        82023        64.00
   28213.247     0.985938        82142        71.11
   28262.399     0.987500        82262        80.00
   28311.551     0.989062        82376        91.43
   28393.471     0.990625        82537       106.67
   28442.623     0.992188        82636       128.00
   28491.775     0.992969        82716       142.22
   28524.543     0.993750        82782       160.00
   28557.311     0.994531        82842       182.86
   28606.463     0.995313        82905       213.33
   28655.615     0.996094        82971       256.00
   28688.383     0.996484        82996       284.44
   28721.151     0.996875        83031       320.00
   28753.919     0.997266        83059       365.71
   28786.687     0.997656        83091       426.67
   28852.223     0.998047        83132       512.00
   28868.607     0.998242        83146       568.89
   28884.991     0.998437        83164       640.00
   28901.375     0.998633        83179       731.43
   28917.759     0.998828        83196       853.33
   28934.143     0.999023        83210      1024.00
   28950.527     0.999121        83223      1137.78
   28950.527     0.999219        83223      1280.00
   28966.911     0.999316        83230      1462.86
   28983.295     0.999414        83239      1706.67
   28999.679     0.999512        83253      2048.00
   28999.679     0.999561        83253      2275.56
   28999.679     0.999609        83253      2560.00
   29016.063     0.999658        83261      2925.71
   29016.063     0.999707        83261      3413.33
   29032.447     0.999756        83268      4096.00
   29032.447     0.999780        83268      4551.11
   29048.831     0.999805        83271      5120.00
   29048.831     0.999829        83271      5851.43
   29065.215     0.999854        83276      6826.67
   29065.215     0.999878        83276      8192.00
   29065.215     0.999890        83276      9102.22
   29081.599     0.999902        83281     10240.00
   29081.599     0.999915        83281     11702.86
   29081.599     0.999927        83281     13653.33
   29081.599     0.999939        83281     16384.00
   29081.599     0.999945        83281     18204.44
   29081.599     0.999951        83281     20480.00
   29097.983     0.999957        83284     23405.71
   29097.983     0.999963        83284     27306.67
   29097.983     0.999969        83284     32768.00
   29097.983     0.999973        83284     36408.89
   29097.983     0.999976        83284     40960.00
   29097.983     0.999979        83284     46811.43
   29097.983     0.999982        83284     54613.33
   29097.983     0.999985        83284     65536.00
   29097.983     0.999986        83284     72817.78
   29097.983     0.999988        83284     81920.00
   29130.751     0.999989        83285     93622.86
   29130.751     1.000000        83285          inf
#[Mean    =    18470.935, StdDeviation   =     5637.848]
#[Max     =    29114.368, Total count    =        83285]
#[Buckets =           27, SubBuckets     =         2048]
----------------------------------------------------------
  124887 requests in 30.01s, 1.65GB read
  Socket errors: connect 0, read 3, write 0, timeout 0
Requests/sec:   4161.86
Transfer/sec:     56.42MB
WRKX_RESULT {"durationUs":30007462,"requests":124887,"responses":124887,"errors":3,"bytes":1775272201,"latencyAvgUs":18470935.385,"latencyP95Us":27312127.000,"latencyP99Us":28360703.000}
