Running 30s test @ http://localhost:9991/postgres/orders
  16 threads and 256 connections
  Thread calibration: mean lat.: 98.516ms, rate sampling interval: 689ms
  Thread calibration: mean lat.: 587.011ms, rate sampling interval: 3665ms
  Thread calibration: mean lat.: 396.185ms, rate sampling interval: 2555ms
  Thread calibration: mean lat.: 412.192ms, rate sampling interval: 2324ms
  Thread calibration: mean lat.: 350.317ms, rate sampling interval: 2570ms
  Thread calibration: mean lat.: 357.315ms, rate sampling interval: 2385ms
  Thread calibration: mean lat.: 294.444ms, rate sampling interval: 1170ms
  Thread calibration: mean lat.: 311.739ms, rate sampling interval: 2334ms
  Thread calibration: mean lat.: 282.878ms, rate sampling interval: 1429ms
  Thread calibration: mean lat.: 543.653ms, rate sampling interval: 3497ms
  Thread calibration: mean lat.: 405.233ms, rate sampling interval: 2568ms
  Thread calibration: mean lat.: 228.445ms, rate sampling interval: 1616ms
  Thread calibration: mean lat.: 423.198ms, rate sampling interval: 2232ms
  Thread calibration: mean lat.: 243.623ms, rate sampling interval: 1287ms
  Thread calibration: mean lat.: 361.540ms, rate sampling interval: 2277ms
  Thread calibration: mean lat.: 283.944ms, rate sampling interval: 1993ms
  Thread Stats   Avg      Stdev     Max   +/- Stdev
    Latency     2.10s     2.96s   15.66s    85.82%
    Req/Sec   268.05     35.28   440.00     78.79%
  Latency Distribution (HdrHistogram - Recorded Latency)
 50.000%  814.08ms
 75.000%    2.94s 
 90.000%    6.27s 
 99.000%   12.48s 
 99.900%   14.75s 
 99.990%   15.48s 
 99.999%   15.63s 
100.000%   15.67s 

  Detailed Percentile spectrum:
       Value   Percentile   TotalCount 1/(1-Percentile)

       2.787     0.000000            1         1.00
       7.799     0.100000         8504         1.11
      17.567     0.200000        17001         1.25
      68.927     0.300000        25496         1.43
     356.095     0.400000        33996         1.67
     814.079     0.500000        42501         2.00
    1031.167     0.550000        46737         2.22
    1361.919     0.600000        50988         2.50
    1838.079     0.650000        55236         2.86
    2369.535     0.700000        59490         3.33
    2938.879     0.750000        63732         4.00
    3325.951     0.775000        65856         4.44
    3815.423     0.800000        67982         5.00
    4378.623     0.825000        70119         5.71
    4882.431     0.850000        72231         6.67
    5472.255     0.875000        74361         8.00
    5824.511     0.887500        75422         8.89
    6266.879     0.900000        76484        10.00
    6717.439     0.912500        77551        11.43
    7278.591     0.925000        78606        13.33
    8163.327     0.937500        79665        16.00
    8626.175     0.943750        80195        17.78
    9183.231     0.950000        80729        20.00
    9699.327     0.956250        81263        22.86
   10125.311     0.962500        81791        26.67
   10625.023     0.968750        82325        32.00
   10887.167     0.971875        82586        35.56
   11165.695     0.975000        82850        40.00
   11460.607     0.978125        83118        45.71
   11739.135     0.981250        83384        53.33
   12009.471     0.984375        83652        64.00
   12148.735     0.985938        83781        71.11
   12287.999     0.987500        83917        80.00
   12386.303     0.989062        84052        91.43
   12541.951     0.990625        84179       106.67
   12713.983     0.992188        84317       128.00
   12787.711     0.992969        84379       142.22
   12861.439     0.993750        84446       160.00
   12910.591     0.994531        84512       182.86
   12959.743     0.995313        84584       213.33
   13123.583     0.996094        84644       256.00
   13271.039     0.996484        84676       284.44
   13467.647     0.996875        84709       320.00
   13664.255     0.997266        84742       365.71
   13893.631     0.997656        84775       426.67
   14155.775     0.998047        84809       512.00
   14254.079     0.998242        84825       568.89
   14368.767     0.998437        84842       640.00
   14491.647     0.998633        84859       731.43
   14630.911     0.998828        84876       853.33
   14778.367     0.999023        84893      1024.00
   14827.519     0.999121        84900      1137.78
   14901.247     0.999219        84908      1280.00
   14958.591     0.999316        84916      1462.86
   15065.087     0.999414        84926      1706.67
   15138.815     0.999512        84933      2048.00
   15163.391     0.999561        84937      2275.56
   15220.735     0.999609        84941      2560.00
   15261.695     0.999658        84945      2925.71
   15310.847     0.999707        84950      3413.33
   15343.615     0.999756        84954      4096.00
   15376.383     0.999780        84956      4551.11
   15384.575     0.999805        84958      5120.00
   15400.959     0.999829        84960      5851.43
   15417.343     0.999854        84962      6826.67
   15450.111     0.999878        84964      8192.00
   15466.495     0.999890        84965      9102.22
   15482.879     0.999902        84967     10240.00
   15482.879     0.999915        84967     11702.86
   15523.839     0.999927        84968     13653.33
   15548.415     0.999939        84969     16384.00
   15564.799     0.999945        84970     18204.44
   15564.799     0.999951        84970     20480.00
   15597.567     0.999957        84972     23405.71
   15597.567     0.999963        84972     27306.67
   15597.567     0.999969        84972     32768.00
   15597.567     0.999973        84972     36408.89
   15597.567     0.999976        84972     40960.00
   15630.335     0.999979        84973     46811.43
   15630.335     0.999982        84973     54613.33
   15630.335     0.999985        84973     65536.00
   15630.335     0.999986        84973     72817.78
   15630.335     0.999988        84973     81920.00
   15671.295     0.999989        84974     93622.86
   15671.295     1.000000        84974          inf
#[Mean    =     2103.064, StdDeviation   =     2958.370]
#[Max     =    15663.104, Total count    =        84974]
#[Buckets =           27, SubBuckets     =         2048]
----------------------------------------------------------
  130365 requests in 30.01s, 1.73GB read
  Socket errors: connect 0, read 42, write 0, timeout 0
Requests/sec:   4344.58
Transfer/sec:     58.90MB
WRKX_RESULT {"durationUs":30006339,"requests":130365,"responses":130365,"errors":42,"bytes":1853143282,"latencyAvgUs":2103063.810,"latencyP95Us":9183231.000,"latencyP99Us":12476415.000}
