Running 30s test @ http://localhost:9991/postgres/orders
  16 threads and 256 connections
  Thread calibration: mean lat.: 4534.724ms, rate sampling interval: 16613ms
  Thread calibration: mean lat.: 4114.330ms, rate sampling interval: 15441ms
  Thread calibration: mean lat.: 4216.978ms, rate sampling interval: 15851ms
  Thread calibration: mean lat.: 4294.403ms, rate sampling interval: 15859ms
  Thread calibration: mean lat.: 4743.511ms, rate sampling interval: 15605ms
  Thread calibration: mean lat.: 4313.603ms, rate sampling interval: 15933ms
  Thread calibration: mean lat.: 4318.843ms, rate sampling interval: 15966ms
  Thread calibration: mean lat.: 4303.506ms, rate sampling interval: 15835ms
  Thread calibration: mean lat.: 4231.798ms, rate sampling interval: 15638ms
  Thread calibration: mean lat.: 4575.256ms, rate sampling interval: 16588ms
  Thread calibration: mean lat.: 4402.287ms, rate sampling interval: 16105ms
  Thread calibration: mean lat.: 4759.830ms, rate sampling interval: 15548ms
  Thread calibration: mean lat.: 4375.277ms, rate sampling interval: 15933ms
  Thread calibration: mean lat.: 3997.612ms, rate sampling interval: 14540ms
  Thread calibration: mean lat.: 4390.626ms, rate sampling interval: 16220ms
  Thread calibration: mean lat.: 4239.871ms, rate sampling interval: 15761ms
  Thread Stats   Avg      Stdev     Max   +/- Stdev
    Latency    17.15s     5.56s   29.10s    60.97%
    Req/Sec   258.88     58.18   400.00     81.25%
  Latency Distribution (HdrHistogram - Recorded Latency)
 50.000%   16.89s 
 75.000%   21.91s 
 90.000%   24.81s 
 99.000%   27.64s 
 99.900%   28.84s 
 99.990%   29.05s 
 99.999%   29.11s 
100.000%   29.11s 

  Detailed Percentile spectrum:
       Value   Percentile   TotalCount 1/(1-Percentile)

    6037.503     0.000000            4         1.00
    9904.127     0.100000         8302         1.11
   11771.903     0.200000        16581         1.25
   13697.023     0.300000        24835         1.43
   15147.007     0.400000        33186         1.67
   16891.903     0.500000        41450         2.00
   17825.791     0.550000        45571         2.22
   18808.831     0.600000        49702         2.50
   19808.255     0.650000        53822         2.86
   20824.063     0.700000        57955         3.33
   21905.407     0.750000        62110         4.00
   22315.007     0.775000        64225         4.44
   22708.223     0.800000        66257         5.00
   23183.359     0.825000        68320         5.71
   23707.647     0.850000        70399         6.67
   24248.319     0.875000        72455         8.00
   24526.847     0.887500        73479         8.89
   24805.375     0.900000        74508        10.00
   25100.287     0.912500        75562        11.43
   25362.431     0.925000        76700        13.33
   25624.575     0.937500        77640        16.00
   25788.415     0.943750        78163        17.78
   25935.871     0.950000        78639        20.00
   26148.863     0.956250        79175        22.86
   26345.471     0.962500        79674        26.67
   26574.847     0.968750        80207        32.00
   26705.919     0.971875        80487        35.56
   26836.991     0.975000        80740        40.00
   26968.063     0.978125        80976        45.71
   27115.519     0.981250        81232        53.33
   27295.743     0.984375        81493        64.00
   27394.047     0.985938        81629        71.11
   27492.351     0.987500        81756        80.00
   27574.271     0.989062        81873        91.43
   27688.959     0.990625        82013       106.67
   27836.415     0.992188        82135       128.00
   27918.335     0.992969        82201       142.22
   28000.255     0.993750        82264       160.00
   28098.559     0.994531        82326       182.86
   28213.247     0.995313        82398       213.33
   28311.551     0.996094        82462       256.00
   28360.703     0.996484        82491       284.44
   28409.855     0.996875        82525       320.00
   28475.391     0.997266        82554       365.71
   28540.927     0.997656        82582       426.67
   28622.847     0.998047        82618       512.00
   28671.999     0.998242        82637       568.89
   28704.767     0.998437        82647       640.00
   28753.919     0.998633        82664       731.43
   28786.687     0.998828        82680       853.33
   28835.839     0.999023        82697      1024.00
   28868.607     0.999121        82711      1137.78
   28884.991     0.999219        82716      1280.00
   28901.375     0.999316        82720      1462.86
   28934.143     0.999414        82731      1706.67
   28950.527     0.999512        82738      2048.00
   28966.911     0.999561        82742      2275.56
   28983.295     0.999609        82751      2560.00
   28983.295     0.999658        82751      2925.71
   28999.679     0.999707        82761      3413.33
   28999.679     0.999756        82761      4096.00
   28999.679     0.999780        82761      4551.11
   28999.679     0.999805        82761      5120.00
   29016.063     0.999829        82764      5851.43
   29016.063     0.999854        82764      6826.67
   29032.447     0.999878        82766      8192.00
   29048.831     0.999890        82770      9102.22
   29048.831     0.999902        82770     10240.00
   29048.831     0.999915        82770     11702.86
   29048.831     0.999927        82770     13653.33
   29065.215     0.999939        82772     16384.00
   29065.215     0.999945        82772     18204.44
   29065.215     0.999951        82772     20480.00
   29081.599     0.999957        82774     23405.71
   29081.599     0.999963        82774     27306.67
   29081.599     0.999969        82774     32768.00
   29081.599     0.999973        82774     36408.89
   29081.599     0.999976        82774     40960.00
   29114.367     0.999979        82776     46811.43
   29114.367     1.000000        82776          inf
#[Mean    =    17151.877, StdDeviation   =     5555.601]
#[Max     =    29097.984, Total count    =        82776]
#[Buckets =           27, SubBuckets     =         2048]
----------------------------------------------------------
  125577 requests in 30.01s, 1.66GB read
  Socket errors: connect 0, read 3, write 0, timeout 0
Requests/sec:   4183.95
Transfer/sec:     56.72MB
WRKX_RESULT {"durationUs":30013988,"requests":125577,"responses":125577,"errors":3,"bytes":1785078974,"latencyAvgUs":17151876.614,"latencyP95Us":25935871.000,"latencyP99Us":27639807.000}
