Running 30s test @ http://localhost:9991/postgres/orders
  16 threads and 256 connections
  Thread calibration: mean lat.: 4781.039ms, rate sampling interval: 17498ms
  Thread calibration: mean lat.: 4774.838ms, rate sampling interval: 17629ms
  Thread calibration: mean lat.: 4881.588ms, rate sampling interval: 17694ms
  Thread calibration: mean lat.: 4793.357ms, rate sampling interval: 17596ms
  Thread calibration: mean lat.: 4821.077ms, rate sampling interval: 17612ms
  Thread calibration: mean lat.: 4852.594ms, rate sampling interval: 17596ms
  Thread calibration: mean lat.: 4853.744ms, rate sampling interval: 17661ms
  Thread calibration: mean lat.: 4923.606ms, rate sampling interval: 17842ms
  Thread calibration: mean lat.: 4805.951ms, rate sampling interval: 17448ms
  Thread calibration: mean lat.: 4825.641ms, rate sampling interval: 17596ms
  Thread calibration: mean lat.: 4844.359ms, rate sampling interval: 17563ms
  Thread calibration: mean lat.: 4847.314ms, rate sampling interval: 17580ms
  Thread calibration: mean lat.: 4873.762ms, rate sampling interval: 17776ms
  Thread calibration: mean lat.: 4872.424ms, rate sampling interval: 17547ms
  Thread calibration: mean lat.: 4976.057ms, rate sampling interval: 17727ms
  Thread calibration: mean lat.: 4832.337ms, rate sampling interval: 17678ms
  Thread Stats   Avg      Stdev     Max   +/- Stdev
    Latency    19.49s     5.62s   29.57s    57.88%
    Req/Sec   260.38     30.31   327.00     68.75%
  Latency Distribution (HdrHistogram - Recorded Latency)
 50.000%   19.48s 
 75.000%   24.40s 
 90.000%   27.31s 
 99.000%   29.10s 
 99.900%   29.41s 
 99.990%   29.54s 
 99.999%   29.57s 
100.000%   29.59s 

  Detailed Percentile spectrum:
       Value   Percentile   TotalCount 1/(1-Percentile)

    9617.407     0.000000            1         1.00
   11747.327     0.100000         8342         1.11
   13664.255     0.200000        16648         1.25
   15581.183     0.300000        24971         1.43
   17481.727     0.400000        33265         1.67
   19480.575     0.500000        41621         2.00
   20463.615     0.550000        45782         2.22
   21446.655     0.600000        49899         2.50
   22446.079     0.650000        54093         2.86
   23396.351     0.700000        58230         3.33
   24395.775     0.750000        62403         4.00
   24854.527     0.775000        64454         4.44
   25346.047     0.800000        66537         5.00
   25837.567     0.825000        68596         5.71
   26329.087     0.850000        70665         6.67
   26836.991     0.875000        72800         8.00
   27066.367     0.887500        73779         8.89
   27312.127     0.900000        74849        10.00
   27557.887     0.912500        75907        11.43
   27803.647     0.925000        76939        13.33
   28033.023     0.937500        77960        16.00
   28147.711     0.943750        78472        17.78
   28262.399     0.950000        78995        20.00
   28377.087     0.956250        79498        22.86
   28508.159     0.962500        80064        26.67
   28622.847     0.968750        80532        32.00
   28688.383     0.971875        80797        35.56
   28753.919     0.975000        81055        40.00
   28819.455     0.978125        81319        45.71
   28884.991     0.981250        81577        53.33
   28950.527     0.984375        81827        64.00
   28999.679     0.985938        82010        71.11
   29032.447     0.987500        82118        80.00
   29065.215     0.989062        82241        91.43
   29097.983     0.990625        82345       106.67
   29147.135     0.992188        82497       128.00
   29163.519     0.992969        82542       142.22
   29196.287     0.993750        82635       160.00
   29212.671     0.994531        82694       182.86
   29245.439     0.995313        82762       213.33
   29261.823     0.996094        82801       256.00
   29278.207     0.996484        82844       284.44
   29294.591     0.996875        82873       320.00
   29310.975     0.997266        82902       365.71
   29327.359     0.997656        82930       426.67
   29343.743     0.998047        82958       512.00
   29360.127     0.998242        82977       568.89
   29376.511     0.998437        83009       640.00
   29376.511     0.998633        83009       731.43
   29392.895     0.998828        83029       853.33
   29409.279     0.999023        83048      1024.00
   29409.279     0.999121        83048      1137.78
   29425.663     0.999219        83060      1280.00
   29442.047     0.999316        83075      1462.86
   29442.047     0.999414        83075      1706.67
   29458.431     0.999512        83083      2048.00
   29458.431     0.999561        83083      2275.56
   29474.815     0.999609        83090      2560.00
   29491.199     0.999658        83094      2925.71
   29507.583     0.999707        83102      3413.33
   29507.583     0.999756        83102      4096.00
   29507.583     0.999780        83102      4551.11
   29523.967     0.999805        83110      5120.00
   29523.967     0.999829        83110      5851.43
   29523.967     0.999854        83110      6826.67
   29523.967     0.999878        83110      8192.00
   29523.967     0.999890        83110      9102.22
   29540.351     0.999902        83114     10240.00
   29540.351     0.999915        83114     11702.86
   29540.351     0.999927        83114     13653.33
   29540.351     0.999939        83114     16384.00
   29556.735     0.999945        83116     18204.44
   29556.735     0.999951        83116     20480.00
   29556.735     0.999957        83116     23405.71
   29556.735     0.999963        83116     27306.67
   29573.119     0.999969        83118     32768.00
   29573.119     0.999973        83118     36408.89
   29573.119     0.999976        83118     40960.00
   29573.119     0.999979        83118     46811.43
   29573.119     0.999982        83118     54613.33
   29573.119     0.999985        83118     65536.00
   29573.119     0.999986        83118     72817.78
   29573.119     0.999988        83118     81920.00
   29589.503     0.999989        83119     93622.86
   29589.503     1.000000        83119          inf
#[Mean    =    19492.425, StdDeviation   =     5624.866]
#[Max     =    29573.120, Total count    =        83119]
#[Buckets =           27, SubBuckets     =         2048]
----------------------------------------------------------
  126774 requests in 30.01s, 1.68GB read
  Socket errors: connect 0, read 5, write 0, timeout 0
Requests/sec:   4224.57
Transfer/sec:     57.27MB
WRKX_RESULT {"durationUs":30008707,"requests":126774,"responses":126774,"errors":5,"bytes":1802096058,"latencyAvgUs":19492424.581,"latencyP95Us":28262399.000,"latencyP99Us":29097983.000}
