Running 30s test @ http://localhost:9991/postgres/orders
  16 threads and 256 connections
  Thread calibration: mean lat.: 4158.880ms, rate sampling interval: 15441ms
  Thread calibration: mean lat.: 4115.426ms, rate sampling interval: 15736ms
  Thread calibration: mean lat.: 4325.491ms, rate sampling interval: 15908ms
  Thread calibration: mean lat.: 4275.255ms, rate sampling interval: 15900ms
  Thread calibration: mean lat.: 4624.803ms, rate sampling interval: 15458ms
  Thread calibration: mean lat.: 4354.731ms, rate sampling interval: 16080ms
  Thread calibration: mean lat.: 4527.964ms, rate sampling interval: 15294ms
  Thread calibration: mean lat.: 4486.588ms, rate sampling interval: 16261ms
  Thread calibration: mean lat.: 4394.036ms, rate sampling interval: 16179ms
  Thread calibration: mean lat.: 4365.560ms, rate sampling interval: 15826ms
  Thread calibration: mean lat.: 4084.719ms, rate sampling interval: 15245ms
  Thread calibration: mean lat.: 4116.190ms, rate sampling interval: 15785ms
  Thread calibration: mean lat.: 4394.834ms, rate sampling interval: 16007ms
  Thread calibration: mean lat.: 4329.054ms, rate sampling interval: 15843ms
  Thread calibration: mean lat.: 4462.619ms, rate sampling interval: 16048ms
  Thread calibration: mean lat.: 4222.618ms, rate sampling interval: 15712ms
  Thread Stats   Avg      Stdev     Max   +/- Stdev
    Latency    17.19s     5.12s   28.38s    61.16%
    Req/Sec   260.00     52.25   368.00     43.75%
  Latency Distribution (HdrHistogram - Recorded Latency)
 50.000%   16.64s 
 75.000%   21.36s 
 90.000%   24.58s 
 99.000%   27.38s 
 99.900%   28.08s 
 99.990%   28.34s 
 99.999%   28.38s 
100.000%   28.39s 

  Detailed Percentile spectrum:
       Value   Percentile   TotalCount 1/(1-Percentile)

    6721.535     0.000000            1         1.00
   10452.991     0.100000         8278         1.11
   12304.383     0.200000        16553         1.25
   13877.247     0.300000        24831         1.43
   15409.151     0.400000        33108         1.67
   16637.951     0.500000        41323         2.00
   17383.423     0.550000        45487         2.22
   18251.775     0.600000        49597         2.50
   19218.431     0.650000        53752         2.86
   20267.007     0.700000        57873         3.33
   21364.735     0.750000        61993         4.00
   21872.639     0.775000        64054         4.44
   22331.391     0.800000        66141         5.00
   22790.143     0.825000        68212         5.71
   23314.431     0.850000        70260         6.67
   23904.255     0.875000        72322         8.00
   24248.319     0.887500        73397         8.89
   24575.999     0.900000        74415        10.00
   24952.831     0.912500        75440        11.43
   25346.047     0.925000        76475        13.33
   25739.263     0.937500        77517        16.00
   25919.487     0.943750        78034        17.78
   26083.327     0.950000        78566        20.00
   26214.399     0.956250        79036        22.86
   26361.855     0.962500        79564        26.67
   26542.079     0.968750        80076        32.00
   26623.999     0.971875        80327        35.56
   26722.303     0.975000        80604        40.00
   26853.375     0.978125        80861        45.71
   26984.447     0.981250        81099        53.33
   27131.903     0.984375        81379        64.00
   27197.439     0.985938        81504        71.11
   27262.975     0.987500        81622        80.00
   27328.511     0.989062        81740        91.43
   27410.431     0.990625        81874       106.67
   27492.351     0.992188        82002       128.00
   27541.503     0.992969        82081       142.22
   27590.655     0.993750        82139       160.00
   27639.807     0.994531        82205       182.86
   27705.343     0.995313        82266       213.33
   27754.495     0.996094        82322       256.00
   27787.263     0.996484        82356       284.44
   27820.031     0.996875        82388       320.00
   27869.183     0.997266        82425       365.71
   27901.951     0.997656        82454       426.67
   27934.719     0.998047        82482       512.00
   27951.103     0.998242        82496       568.89
   27983.871     0.998437        82520       640.00
   28000.255     0.998633        82530       731.43
   28049.407     0.998828        82549       853.33
   28082.175     0.999023        82561      1024.00
   28114.943     0.999121        82575      1137.78
   28131.327     0.999219        82579      1280.00
   28147.711     0.999316        82585      1462.86
   28180.479     0.999414        82594      1706.67
   28229.631     0.999512        82606      2048.00
   28229.631     0.999561        82606      2275.56
   28246.015     0.999609        82611      2560.00
   28262.399     0.999658        82619      2925.71
   28262.399     0.999707        82619      3413.33
   28295.167     0.999756        82624      4096.00
   28295.167     0.999780        82624      4551.11
   28311.551     0.999805        82627      5120.00
   28311.551     0.999829        82627      5851.43
   28327.935     0.999854        82630      6826.67
   28344.319     0.999878        82635      8192.00
   28344.319     0.999890        82635      9102.22
   28344.319     0.999902        82635     10240.00
   28344.319     0.999915        82635     11702.86
   28344.319     0.999927        82635     13653.33
   28360.703     0.999939        82637     16384.00
   28360.703     0.999945        82637     18204.44
   28360.703     0.999951        82637     20480.00
   28377.087     0.999957        82640     23405.71
   28377.087     0.999963        82640     27306.67
   28377.087     0.999969        82640     32768.00
   28377.087     0.999973        82640     36408.89
   28377.087     0.999976        82640     40960.00
   28377.087     0.999979        82640     46811.43
   28377.087     0.999982        82640     54613.33
   28377.087     0.999985        82640     65536.00
   28377.087     0.999986        82640     72817.78
   28377.087     0.999988        82640     81920.00
   28393.471     0.999989        82641     93622.86
   28393.471     1.000000        82641          inf
#[Mean    =    17187.831, StdDeviation   =     5118.847]
#[Max     =    28377.088, Total count    =        82641]
#[Buckets =           27, SubBuckets     =         2048]
----------------------------------------------------------
  125286 requests in 30.01s, 1.66GB read
  Socket errors: connect 0, read 3, write 0, timeout 0
Requests/sec:   4175.14
Transfer/sec:     56.60MB
WRKX_RESULT {"durationUs":30007643,"requests":125286,"responses":125286,"errors":3,"bytes":1780944157,"latencyAvgUs":17187830.546,"latencyP95Us":26083327.000,"latencyP99Us":27377663.000}
