Running 30s test @ http://localhost:9991/postgres/orders
  16 threads and 256 connections
  Thread calibration: mean lat.: 4909.458ms, rate sampling interval: 17760ms
  Thread calibration: mean lat.: 4762.035ms, rate sampling interval: 17252ms
  Thread calibration: mean lat.: 4728.877ms, rate sampling interval: 17235ms
  Thread calibration: mean lat.: 4676.268ms, rate sampling interval: 16941ms
  Thread calibration: mean lat.: 4698.259ms, rate sampling interval: 16973ms
  Thread calibration: mean lat.: 4756.139ms, rate sampling interval: 17219ms
  Thread calibration: mean lat.: 4742.566ms, rate sampling interval: 17219ms
  Thread calibration: mean lat.: 4706.566ms, rate sampling interval: 17154ms
  Thread calibration: mean lat.: 4804.493ms, rate sampling interval: 17317ms
  Thread calibration: mean lat.: 4681.202ms, rate sampling interval: 17137ms
  Thread calibration: mean lat.: 4733.556ms, rate sampling interval: 17104ms
  Thread calibration: mean lat.: 4679.559ms, rate sampling interval: 16924ms
  Thread calibration: mean lat.: 4752.054ms, rate sampling interval: 17235ms
  Thread calibration: mean lat.: 4743.049ms, rate sampling interval: 17104ms
  Thread calibration: mean lat.: 4732.959ms, rate sampling interval: 17072ms
  Thread calibration: mean lat.: 4664.300ms, rate sampling interval: 16777ms
  Thread Stats   Avg      Stdev     Max   +/- Stdev
    Latency    18.80s     5.42s   29.34s    59.01%
    Req/Sec   263.19     49.72   385.00     75.00%
  Latency Distribution (HdrHistogram - Recorded Latency)
 50.000%   18.73s 
 75.000%   23.23s 
 90.000%   26.46s 
 99.000%   28.74s 
 99.900%   29.16s 
 99.990%   29.33s 
 99.999%   29.36s 
100.000%   29.36s 

  Detailed Percentile spectrum:
       Value   Percentile   TotalCount 1/(1-Percentile)

    8896.511     0.000000            2         1.00
   11345.919     0.100000         8401         1.11
   13238.271     0.200000        16827         1.25
   15163.391     0.300000        25239         1.43
   16990.207     0.400000        33610         1.67
   18726.911     0.500000        42026         2.00
   19611.647     0.550000        46255         2.22
   20479.999     0.600000        50431         2.50
   21331.967     0.650000        54651         2.86
   22216.703     0.700000        58843         3.33
   23232.511     0.750000        63060         4.00
   23740.415     0.775000        65116         4.44
   24281.087     0.800000        67251         5.00
   24821.759     0.825000        69339         5.71
   25346.047     0.850000        71411         6.67
   25919.487     0.875000        73527         8.00
   26198.015     0.887500        74613         8.89
   26460.159     0.900000        75643        10.00
   26722.303     0.912500        76673        11.43
   27000.831     0.925000        77750        13.33
   27279.359     0.937500        78757        16.00
   27459.583     0.943750        79325        17.78
   27639.807     0.950000        79852        20.00
   27820.031     0.956250        80366        22.86
   27967.487     0.962500        80858        26.67
   28147.711     0.968750        81392        32.00
   28229.631     0.971875        81668        35.56
   28311.551     0.975000        81954        40.00
   28377.087     0.978125        82172        45.71
   28475.391     0.981250        82455        53.33
   28573.695     0.984375        82707        64.00
   28622.847     0.985938        82838        71.11
   28671.999     0.987500        82999        80.00
   28704.767     0.989062        83087        91.43
   28753.919     0.990625        83233       106.67
   28803.071     0.992188        83390       128.00
   28819.455     0.992969        83434       142.22
   28835.839     0.993750        83484       160.00
   28884.991     0.994531        83565       182.86
   28917.759     0.995313        83616       213.33
   28966.911     0.996094        83687       256.00
   28983.295     0.996484        83714       284.44
   29016.063     0.996875        83759       320.00
   29032.447     0.997266        83781       365.71
   29048.831     0.997656        83809       426.67
   29081.599     0.998047        83845       512.00
   29097.983     0.998242        83867       568.89
   29114.367     0.998437        83887       640.00
   29130.751     0.998633        83904       731.43
   29147.135     0.998828        83917       853.33
   29163.519     0.999023        83933      1024.00
   29163.519     0.999121        83933      1137.78
   29179.903     0.999219        83947      1280.00
   29196.287     0.999316        83957      1462.86
   29196.287     0.999414        83957      1706.67
   29212.671     0.999512        83967      2048.00
   29229.055     0.999561        83969      2275.56
   29245.439     0.999609        83976      2560.00
   29261.823     0.999658        83980      2925.71
   29278.207     0.999707        83986      3413.33
   29278.207     0.999756        83986      4096.00
   29294.591     0.999780        83991      4551.11
   29294.591     0.999805        83991      5120.00
   29294.591     0.999829        83991      5851.43
   29310.975     0.999854        83994      6826.67
   29327.359     0.999878        83998      8192.00
   29327.359     0.999890        83998      9102.22
   29327.359     0.999902        83998     10240.00
   29327.359     0.999915        83998     11702.86
   29343.743     0.999927        84002     13653.33
   29343.743     0.999939        84002     16384.00
   29343.743     0.999945        84002     18204.44
   29343.743     0.999951        84002     20480.00
   29343.743     0.999957        84002     23405.71
   29343.743     0.999963        84002     27306.67
   29360.127     0.999969        84005     32768.00
   29360.127     1.000000        84005          inf
#[Mean    =    18801.526, StdDeviation   =     5420.379]
#[Max     =    29343.744, Total count    =        84005]
#[Buckets =           27, SubBuckets     =         2048]
----------------------------------------------------------
  127388 requests in 30.01s, 1.69GB read
  Socket errors: connect 0, read 2, write 0, timeout 0
Requests/sec:   4245.17
Transfer/sec:     57.55MB
WRKX_RESULT {"durationUs":30007773,"requests":127388,"responses":127388,"errors":2,"bytes":1810822928,"latencyAvgUs":18801526.487,"latencyP95Us":27639807.000,"latencyP99Us":28737535.000}
