Running 30s test @ http://localhost:9991/postgres/orders
  16 threads and 256 connections
  Thread calibration: mean lat.: 3831.769ms, rate sampling interval: 13778ms
  Thread calibration: mean lat.: 3762.136ms, rate sampling interval: 13754ms
  Thread calibration: mean lat.: 3828.267ms, rate sampling interval: 13721ms
  Thread calibration: mean lat.: 3866.250ms, rate sampling interval: 14057ms
  Thread calibration: mean lat.: 3892.777ms, rate sampling interval: 13991ms
  Thread calibration: mean lat.: 3623.800ms, rate sampling interval: 13295ms
  Thread calibration: mean lat.: 3924.408ms, rate sampling interval: 13983ms
  Thread calibration: mean lat.: 3704.183ms, rate sampling interval: 13287ms
  Thread calibration: mean lat.: 3738.458ms, rate sampling interval: 13549ms
  Thread calibration: mean lat.: 3955.853ms, rate sampling interval: 14073ms
  Thread calibration: mean lat.: 3512.078ms, rate sampling interval: 12681ms
  Thread calibration: mean lat.: 3560.481ms, rate sampling interval: 12820ms
  Thread calibration: mean lat.: 3692.747ms, rate sampling interval: 13295ms
  Thread calibration: mean lat.: 3678.554ms, rate sampling interval: 13377ms
  Thread calibration: mean lat.: 3799.677ms, rate sampling interval: 13664ms
  Thread calibration: mean lat.: 3611.392ms, rate sampling interval: 13238ms
  Thread Stats   Avg      Stdev     Max   +/- Stdev
    Latency    14.80s     4.77s   27.97s    61.40%
    Req/Sec   258.44     20.70   292.00     62.50%
  Latency Distribution (HdrHistogram - Recorded Latency)
 50.000%   14.17s 
 75.000%   18.60s 
 90.000%   21.51s 
 99.000%   25.23s 
 99.900%   27.61s 
 99.990%   27.93s 
 99.999%   27.98s 
100.000%   27.98s 

  Detailed Percentile spectrum:
       Value   Percentile   TotalCount 1/(1-Percentile)

    5795.839     0.000000            2         1.00
    8765.439     0.100000         8183         1.11
   10207.231     0.200000        16382         1.25
   11542.527     0.300000        24517         1.43
   12845.055     0.400000        32735         1.67
   14172.159     0.500000        40878         2.00
   14958.591     0.550000        44948         2.22
   15835.135     0.600000        49035         2.50
   16769.023     0.650000        53140         2.86
   17678.335     0.700000        57215         3.33
   18595.839     0.750000        61297         4.00
   19054.591     0.775000        63334         4.44
   19529.727     0.800000        65414         5.00
   20004.863     0.825000        67432         5.71
   20512.767     0.850000        69512         6.67
   21020.671     0.875000        71512         8.00
   21233.663     0.887500        72536         8.89
   21512.191     0.900000        73541        10.00
   21807.103     0.912500        74584        11.43
   22151.167     0.925000        75625        13.33
   22478.847     0.937500        76605        16.00
   22659.071     0.943750        77138        17.78
   22872.063     0.950000        77633        20.00
   23134.207     0.956250        78145        22.86
   23445.503     0.962500        78660        26.67
   23773.183     0.968750        79158        32.00
   23953.407     0.971875        79428        35.56
   24133.631     0.975000        79677        40.00
   24297.471     0.978125        79921        45.71
   24477.695     0.981250        80174        53.33
   24707.071     0.984375        80435        64.00
   24821.759     0.985938        80569        71.11
   24952.831     0.987500        80690        80.00
   25116.671     0.989062        80820        91.43
   25329.663     0.990625        80948       106.67
   25559.039     0.992188        81073       128.00
   25706.495     0.992969        81136       142.22
   25903.103     0.993750        81195       160.00
   26116.095     0.994531        81259       182.86
   26329.087     0.995313        81323       213.33
   26558.463     0.996094        81387       256.00
   26705.919     0.996484        81418       284.44
   26836.991     0.996875        81451       320.00
   26968.063     0.997266        81486       365.71
   27115.519     0.997656        81515       426.67
   27262.975     0.998047        81552       512.00
   27295.743     0.998242        81563       568.89
   27394.047     0.998437        81578       640.00
   27475.967     0.998633        81598       731.43
   27541.503     0.998828        81612       853.33
   27623.423     0.999023        81633      1024.00
   27639.807     0.999121        81638      1137.78
   27656.191     0.999219        81643      1280.00
   27705.343     0.999316        81651      1462.86
   27754.495     0.999414        81659      1706.67
   27803.647     0.999512        81666      2048.00
   27820.031     0.999561        81671      2275.56
   27836.415     0.999609        81675      2560.00
   27852.799     0.999658        81678      2925.71
   27869.183     0.999707        81684      3413.33
   27885.567     0.999756        81687      4096.00
   27901.951     0.999780        81689      4551.11
   27918.335     0.999805        81694      5120.00
   27918.335     0.999829        81694      5851.43
   27918.335     0.999854        81694      6826.67
   27934.719     0.999878        81698      8192.00
   27934.719     0.999890        81698      9102.22
   27934.719     0.999902        81698     10240.00
   27951.103     0.999915        81700     11702.86
   27951.103     0.999927        81700     13653.33
   27967.487     0.999939        81701     16384.00
   27967.487     0.999945        81701     18204.44
   27983.871     0.999951        81705     20480.00
   27983.871     1.000000        81705          inf
#[Mean    =    14796.595, StdDeviation   =     4765.851]
#[Max     =    27967.488, Total count    =        81705]
#[Buckets =           27, SubBuckets     =         2048]
----------------------------------------------------------
  124717 requests in 30.01s, 1.65GB read
  Socket errors: connect 0, read 2, write 0, timeout 0
Requests/sec:   4156.30
Transfer/sec:     56.34MB
WRKX_RESULT {"durationUs":30006762,"requests":124717,"responses":124717,"errors":2,"bytes":1772853618,"latencyAvgUs":14796594.511,"latencyP95Us":22872063.000,"latencyP99Us":25231359.000}
