Running 30s test @ http://localhost:9991/postgres/orders
  16 threads and 256 connections
  Thread calibration: mean lat.: 2.490ms, rate sampling interval: 10ms
  Thread calibration: mean lat.: 2.333ms, rate sampling interval: 10ms
  Thread calibration: mean lat.: 2.120ms, rate sampling interval: 10ms
  Thread calibration: mean lat.: 2.863ms, rate sampling interval: 10ms
  Thread calibration: mean lat.: 2.486ms, rate sampling interval: 10ms
  Thread calibration: mean lat.: 3.044ms, rate sampling interval: 12ms
  Thread calibration: mean lat.: 2.621ms, rate sampling interval: 10ms
  Thread calibration: mean lat.: 2.654ms, rate sampling interval: 10ms
  Thread calibration: mean lat.: 2.557ms, rate sampling interval: 10ms
  Thread calibration: mean lat.: 2.487ms, rate sampling interval: 10ms
  Thread calibration: mean lat.: 2.386ms, rate sampling interval: 10ms
  Thread calibration: mean lat.: 2.673ms, rate sampling interval: 10ms
  Thread calibration: mean lat.: 2.861ms, rate sampling interval: 10ms
  Thread calibration: mean lat.: 3.308ms, rate sampling interval: 15ms
  Thread calibration: mean lat.: 2.570ms, rate sampling interval: 10ms
  Thread calibration: mean lat.: 2.754ms, rate sampling interval: 10ms
  Thread Stats   Avg      Stdev     Max   +/- Stdev
    Latency     2.62ms    1.32ms  15.50ms   85.45%
    Req/Sec   329.00    100.84   666.00     55.05%
  Latency Distribution (HdrHistogram - Recorded Latency)
 50.000%    2.28ms
 75.000%    2.95ms
 90.000%    4.02ms
 99.000%    8.22ms
 99.900%   10.44ms
 99.990%   12.95ms
 99.999%   15.30ms
100.000%   15.50ms

  Detailed Percentile spectrum:
       Value   Percentile   TotalCount 1/(1-Percentile)

       0.780     0.000000            1         1.00
       1.500     0.100000         9969         1.11
       1.728     0.200000        19945         1.25
       1.923     0.300000        29886         1.43
       2.099     0.400000        39877         1.67
       2.281     0.500000        49844         2.00
       2.379     0.550000        54789         2.22
       2.493     0.600000        59783         2.50
       2.621     0.650000        64757         2.86
       2.773     0.700000        69737         3.33
       2.955     0.750000        74754         4.00
       3.059     0.775000        77224         4.44
       3.183     0.800000        79682         5.00
       3.327     0.825000        82179         5.71
       3.499     0.850000        84659         6.67
       3.721     0.875000        87155         8.00
       3.861     0.887500        88399         8.89
       4.023     0.900000        89644        10.00
       4.219     0.912500        90899        11.43
       4.459     0.925000        92134        13.33
       4.783     0.937500        93379        16.00
       4.983     0.943750        94004        17.78
       5.207     0.950000        94619        20.00
       5.495     0.956250        95242        22.86
       5.823     0.962500        95863        26.67
       6.203     0.968750        96487        32.00
       6.411     0.971875        96798        35.56
       6.639     0.975000        97107        40.00
       6.907     0.978125        97419        45.71
       7.187     0.981250        97729        53.33
       7.511     0.984375        98039        64.00
       7.675     0.985938        98195        71.11
       7.879     0.987500        98352        80.00
       8.095     0.989062        98506        91.43
       8.311     0.990625        98662       106.67
       8.527     0.992188        98818       128.00
       8.639     0.992969        98895       142.22
       8.767     0.993750        98976       160.00
       8.887     0.994531        99050       182.86
       9.063     0.995313        99128       213.33
       9.247     0.996094        99208       256.00
       9.327     0.996484        99245       284.44
       9.431     0.996875        99283       320.00
       9.543     0.997266        99328       365.71
       9.639     0.997656        99361       426.67
       9.831     0.998047        99401       512.00
       9.951     0.998242        99420       568.89
      10.079     0.998437        99439       640.00
      10.199     0.998633        99460       731.43
      10.359     0.998828        99482       853.33
      10.471     0.999023        99497      1024.00
      10.583     0.999121        99507      1137.78
      10.695     0.999219        99518      1280.00
      10.783     0.999316        99526      1462.86
      10.943     0.999414        99536      1706.67
      11.095     0.999512        99546      2048.00
      11.151     0.999561        99551      2275.56
      11.263     0.999609        99557      2560.00
      11.335     0.999658        99560      2925.71
      11.447     0.999707        99565      3413.33
      11.735     0.999756        99571      4096.00
      11.935     0.999780        99573      4551.11
      12.175     0.999805        99575      5120.00
      12.415     0.999829        99577      5851.43
      12.783     0.999854        99581      6826.67
      12.895     0.999878        99582      8192.00
      12.951     0.999890        99584      9102.22
      13.031     0.999902        99585     10240.00
      13.679     0.999915        99586     11702.86
      13.711     0.999927        99587     13653.33
      13.823     0.999939        99588     16384.00
      14.015     0.999945        99589     18204.44
      14.079     0.999951        99590     20480.00
      14.079     0.999957        99590     23405.71
      14.239     0.999963        99591     27306.67
      14.239     0.999969        99591     32768.00
      14.375     0.999973        99592     36408.89
      14.375     0.999976        99592     40960.00
      14.375     0.999979        99592     46811.43
      15.303     0.999982        99593     54613.33
      15.303     0.999985        99593     65536.00
      15.303     0.999986        99593     72817.78
      15.303     0.999988        99593     81920.00
      15.303     0.999989        99593     93622.86
      15.503     0.999991        99594    109226.67
      15.503     1.000000        99594          inf
#[Mean    =        2.622, StdDeviation   =        1.318]
#[Max     =       15.496, Total count    =        99594]
#[Buckets =           27, SubBuckets     =         2048]
----------------------------------------------------------
  149928 requests in 30.00s, 1.98GB read
  Socket errors: connect 0, read 298, write 0, timeout 0
Requests/sec:   4996.85
Transfer/sec:     67.74MB
WRKX_RESULT {"durationUs":30004528,"requests":149928,"responses":149928,"errors":298,"bytes":2131226938,"latencyAvgUs":2621.632,"latencyP95Us":5207.000,"latencyP99Us":8223.000}
