Running 30s test @ http://localhost:9991/postgres/orders
  16 threads and 256 connections
  Thread calibration: mean lat.: 4764.799ms, rate sampling interval: 16293ms
  Thread calibration: mean lat.: 4959.607ms, rate sampling interval: 16654ms
  Thread calibration: mean lat.: 4274.475ms, rate sampling interval: 15949ms
  Thread calibration: mean lat.: 4400.890ms, rate sampling interval: 16654ms
  Thread calibration: mean lat.: 4267.154ms, rate sampling interval: 16318ms
  Thread calibration: mean lat.: 4790.936ms, rate sampling interval: 16793ms
  Thread calibration: mean lat.: 4684.833ms, rate sampling interval: 16408ms
  Thread calibration: mean lat.: 4731.054ms, rate sampling interval: 16498ms
  Thread calibration: mean lat.: 4382.953ms, rate sampling interval: 16228ms
  Thread calibration: mean lat.: 4547.902ms, rate sampling interval: 15917ms
  Thread calibration: mean lat.: 4027.211ms, rate sampling interval: 15933ms
  Thread calibration: mean lat.: 4837.581ms, rate sampling interval: 16621ms
  Thread calibration: mean lat.: 4562.002ms, rate sampling interval: 16506ms
  Thread calibration: mean lat.: 4342.700ms, rate sampling interval: 16277ms
  Thread calibration: mean lat.: 4382.182ms, rate sampling interval: 16039ms
  Thread calibration: mean lat.: 4550.465ms, rate sampling interval: 16195ms
  Thread Stats   Avg      Stdev     Max   +/- Stdev
    Latency    18.71s     5.55s   28.98s    57.96%
    Req/Sec   800.31    109.96     1.02k    56.25%
  Latency Distribution (HdrHistogram - Recorded Latency)
 50.000%   18.94s 
 75.000%   23.58s 
 90.000%   26.18s 
 99.000%   28.07s 
 99.900%   28.57s 
 99.990%   28.77s 
 99.999%   28.95s 
100.000%   29.00s 

  Detailed Percentile spectrum:
       Value   Percentile   TotalCount 1/(1-Percentile)

    7888.895     0.000000            1         1.00
   10788.863     0.100000        26202         1.11
   12959.743     0.200000        52233         1.25
   14917.631     0.300000        78269         1.43
   16973.823     0.400000       104487         1.67
   18939.903     0.500000       130617         2.00
   19841.023     0.550000       143529         2.22
   20840.447     0.600000       156602         2.50
   21774.335     0.650000       169746         2.86
   22675.455     0.700000       182640         3.33
   23576.575     0.750000       195692         4.00
   24018.943     0.775000       202189         4.44
   24428.543     0.800000       208629         5.00
   24854.527     0.825000       215380         5.71
   25280.511     0.850000       221722         6.67
   25755.647     0.875000       228399         8.00
   25985.023     0.887500       231643         8.89
   26181.631     0.900000       234729        10.00
   26394.623     0.912500       238178        11.43
   26591.231     0.925000       241272        13.33
   26820.607     0.937500       244625        16.00
   26935.295     0.943750       246141        17.78
   27066.367     0.950000       247879        20.00
   27197.439     0.956250       249532        22.86
   27328.511     0.962500       251076        26.67
   27475.967     0.968750       252748        32.00
   27541.503     0.971875       253456        35.56
   27623.423     0.975000       254299        40.00
   27705.343     0.978125       255102        45.71
   27803.647     0.981250       256048        53.33
   27885.567     0.984375       256774        64.00
   27934.719     0.985938       257197        71.11
   27983.871     0.987500       257600        80.00
   28033.023     0.989062       257962        91.43
   28098.559     0.990625       258440       106.67
   28147.711     0.992188       258761       128.00
   28180.479     0.992969       258952       142.22
   28229.631     0.993750       259229       160.00
   28262.399     0.994531       259395       182.86
   28311.551     0.995313       259629       213.33
   28344.319     0.996094       259771       256.00
   28377.087     0.996484       259899       284.44
   28393.471     0.996875       259971       320.00
   28426.239     0.997266       260091       365.71
   28459.007     0.997656       260211       426.67
   28491.775     0.998047       260329       512.00
   28491.775     0.998242       260329       568.89
   28524.543     0.998437       260418       640.00
   28540.927     0.998633       260460       731.43
   28557.311     0.998828       260499       853.33
   28573.695     0.999023       260535      1024.00
   28590.079     0.999121       260567      1137.78
   28606.463     0.999219       260600      1280.00
   28622.847     0.999316       260629      1462.86
   28639.231     0.999414       260657      1706.67
   28655.615     0.999512       260679      2048.00
   28655.615     0.999561       260679      2275.56
   28671.999     0.999609       260700      2560.00
   28671.999     0.999658       260700      2925.71
   28688.383     0.999707       260714      3413.33
   28704.767     0.999756       260727      4096.00
   28721.151     0.999780       260737      4551.11
   28721.151     0.999805       260737      5120.00
   28737.535     0.999829       260745      5851.43
   28753.919     0.999854       260752      6826.67
   28770.303     0.999878       260759      8192.00
   28770.303     0.999890       260759      9102.22
   28786.687     0.999902       260765     10240.00
   28786.687     0.999915       260765     11702.86
   28803.071     0.999927       260768     13653.33
   28819.455     0.999939       260772     16384.00
   28819.455     0.999945       260772     18204.44
   28835.839     0.999951       260774     20480.00
   28835.839     0.999957       260774     23405.71
   28868.607     0.999963       260776     27306.67
   28884.991     0.999969       260778     32768.00
   28884.991     0.999973       260778     36408.89
   28917.759     0.999976       260780     40960.00
   28917.759     0.999979       260780     46811.43
   28934.143     0.999982       260781     54613.33
   28950.527     0.999985       260782     65536.00
   28950.527     0.999986       260782     72817.78
   28950.527     0.999988       260782     81920.00
   28966.911     0.999989       260783     93622.86
   28966.911     0.999991       260783    109226.67
   28983.295     0.999992       260784    131072.00
   28983.295     0.999993       260784    145635.56
   28983.295     0.999994       260784    163840.00
   28983.295     0.999995       260784    187245.71
   28983.295     0.999995       260784    218453.33
   28999.679     0.999996       260785    262144.00
   28999.679     1.000000       260785          inf
#[Mean    =    18712.635, StdDeviation   =     5551.928]
#[Max     =    28983.296, Total count    =       260785]
#[Buckets =           27, SubBuckets     =         2048]
----------------------------------------------------------
  400113 requests in 30.00s, 5.30GB read
  Socket errors: connect 0, read 13, write 0, timeout 0
Requests/sec:  13336.56
Transfer/sec:    180.80MB
WRKX_RESULT {"durationUs":30001212,"requests":400113,"responses":400113,"errors":13,"bytes":5687620336,"latencyAvgUs":18712634.624,"latencyP95Us":27066367.000,"latencyP99Us":28065791.000}
