Running 30s test @ http://localhost:9991/postgres/orders
  16 threads and 256 connections
  Thread calibration: mean lat.: 3848.135ms, rate sampling interval: 14516ms
  Thread calibration: mean lat.: 4100.220ms, rate sampling interval: 14557ms
  Thread calibration: mean lat.: 4003.340ms, rate sampling interval: 15204ms
  Thread calibration: mean lat.: 4416.085ms, rate sampling interval: 15147ms
  Thread calibration: mean lat.: 3808.788ms, rate sampling interval: 14548ms
  Thread calibration: mean lat.: 3245.249ms, rate sampling interval: 13238ms
  Thread calibration: mean lat.: 4077.526ms, rate sampling interval: 15392ms
  Thread calibration: mean lat.: 4103.666ms, rate sampling interval: 13811ms
  Thread calibration: mean lat.: 4133.409ms, rate sampling interval: 14565ms
  Thread calibration: mean lat.: 4203.764ms, rate sampling interval: 14983ms
  Thread calibration: mean lat.: 3865.171ms, rate sampling interval: 14901ms
  Thread calibration: mean lat.: 4002.260ms, rate sampling interval: 15548ms
  Thread calibration: mean lat.: 3751.810ms, rate sampling interval: 13778ms
  Thread calibration: mean lat.: 4504.012ms, rate sampling interval: 15466ms
  Thread calibration: mean lat.: 3945.759ms, rate sampling interval: 14917ms
  Thread calibration: mean lat.: 3833.274ms, rate sampling interval: 14548ms
  Thread Stats   Avg      Stdev     Max   +/- Stdev
    Latency    17.07s     5.39s   28.16s    60.20%
    Req/Sec   803.81     70.87     0.95k    68.75%
  Latency Distribution (HdrHistogram - Recorded Latency)
 50.000%   17.19s 
 75.000%   21.48s 
 90.000%   24.41s 
 99.000%   26.80s 
 99.900%   27.66s 
 99.990%   27.95s 
 99.999%   28.10s 
100.000%   28.18s 

  Detailed Percentile spectrum:
       Value   Percentile   TotalCount 1/(1-Percentile)

    3465.215     0.000000            2         1.00
    9633.791     0.100000        25994         1.11
   11673.599     0.200000        51890         1.25
   13656.063     0.300000        77817         1.43
   15491.071     0.400000       103692         1.67
   17186.815     0.500000       129659         2.00
   18071.551     0.550000       142698         2.22
   18989.055     0.600000       155510         2.50
   19677.183     0.650000       168549         2.86
   20545.535     0.700000       181535         3.33
   21479.423     0.750000       194489         4.00
   21938.175     0.775000       200907         4.44
   22413.311     0.800000       207325         5.00
   22921.215     0.825000       213902         5.71
   23412.735     0.850000       220431         6.67
   23937.023     0.875000       226860         8.00
   24199.167     0.887500       230113         8.89
   24412.159     0.900000       233308        10.00
   24641.535     0.912500       236667        11.43
   24887.295     0.925000       239859        13.33
   25133.055     0.937500       242942        16.00
   25280.511     0.943750       244725        17.78
   25411.583     0.950000       246223        20.00
   25575.423     0.956250       247856        22.86
   25755.647     0.962500       249468        26.67
   25935.871     0.968750       251051        32.00
   26050.559     0.971875       251933        35.56
   26148.863     0.975000       252702        40.00
   26263.551     0.978125       253556        45.71
   26378.239     0.981250       254289        53.33
   26525.695     0.984375       255167        64.00
   26591.231     0.985938       255505        71.11
   26673.151     0.987500       255920        80.00
   26755.071     0.989062       256320        91.43
   26853.375     0.990625       256784       106.67
   26951.679     0.992188       257155       128.00
   27000.831     0.992969       257322       142.22
   27049.983     0.993750       257516       160.00
   27099.135     0.994531       257724       182.86
   27164.671     0.995313       257928       213.33
   27246.591     0.996094       258152       256.00
   27279.359     0.996484       258227       284.44
   27328.511     0.996875       258327       320.00
   27394.047     0.997266       258432       365.71
   27459.583     0.997656       258526       426.67
   27541.503     0.998047       258636       512.00
   27557.887     0.998242       258706       568.89
   27574.271     0.998437       258734       640.00
   27607.039     0.998633       258801       731.43
   27623.423     0.998828       258831       853.33
   27672.575     0.999023       258888      1024.00
   27705.343     0.999121       258915      1137.78
   27738.111     0.999219       258936      1280.00
   27770.879     0.999316       258972      1462.86
   27787.263     0.999414       258989      1706.67
   27820.031     0.999512       259022      2048.00
   27820.031     0.999561       259022      2275.56
   27836.415     0.999609       259034      2560.00
   27852.799     0.999658       259048      2925.71
   27869.183     0.999707       259059      3413.33
   27885.567     0.999756       259071      4096.00
   27901.951     0.999780       259084      4551.11
   27901.951     0.999805       259084      5120.00
   27918.335     0.999829       259094      5851.43
   27934.719     0.999854       259104      6826.67
   27934.719     0.999878       259104      8192.00
   27934.719     0.999890       259104      9102.22
   27951.103     0.999902       259108     10240.00
   27983.871     0.999915       259114     11702.86
   27983.871     0.999927       259114     13653.33
   28016.639     0.999939       259118     16384.00
   28016.639     0.999945       259118     18204.44
   28033.023     0.999951       259120     20480.00
   28049.407     0.999957       259123     23405.71
   28049.407     0.999963       259123     27306.67
   28065.791     0.999969       259125     32768.00
   28065.791     0.999973       259125     36408.89
   28082.175     0.999976       259126     40960.00
   28098.559     0.999979       259129     46811.43
   28098.559     0.999982       259129     54613.33
   28098.559     0.999985       259129     65536.00
   28098.559     0.999986       259129     72817.78
   28098.559     0.999988       259129     81920.00
   28131.327     0.999989       259130     93622.86
   28131.327     0.999991       259130    109226.67
   28147.711     0.999992       259131    131072.00
   28147.711     0.999993       259131    145635.56
   28147.711     0.999994       259131    163840.00
   28147.711     0.999995       259131    187245.71
   28147.711     0.999995       259131    218453.33
   28180.479     0.999996       259132    262144.00
   28180.479     1.000000       259132          inf
#[Mean    =    17070.047, StdDeviation   =     5389.800]
#[Max     =    28164.096, Total count    =       259132]
#[Buckets =           27, SubBuckets     =         2048]
----------------------------------------------------------
  397865 requests in 30.00s, 5.27GB read
  Socket errors: connect 0, read 10, write 0, timeout 0
Requests/sec:  13262.12
Transfer/sec:    179.79MB
WRKX_RESULT {"durationUs":30000097,"requests":397865,"responses":397865,"errors":10,"bytes":5655664066,"latencyAvgUs":17070047.201,"latencyP95Us":25411583.000,"latencyP99Us":26804223.000}
