Running 30s test @ http://localhost:9991/postgres/orders
  16 threads and 256 connections
  Thread calibration: mean lat.: 1533.409ms, rate sampling interval: 7385ms
  Thread calibration: mean lat.: 1365.530ms, rate sampling interval: 6422ms
  Thread calibration: mean lat.: 1482.872ms, rate sampling interval: 7118ms
  Thread calibration: mean lat.: 1272.176ms, rate sampling interval: 6889ms
  Thread calibration: mean lat.: 1264.614ms, rate sampling interval: 6561ms
  Thread calibration: mean lat.: 1373.521ms, rate sampling interval: 7114ms
  Thread calibration: mean lat.: 1526.343ms, rate sampling interval: 6942ms
  Thread calibration: mean lat.: 1005.886ms, rate sampling interval: 5779ms
  Thread calibration: mean lat.: 1520.953ms, rate sampling interval: 7553ms
  Thread calibration: mean lat.: 1051.928ms, rate sampling interval: 5619ms
  Thread calibration: mean lat.: 986.226ms, rate sampling interval: 5062ms
  Thread calibration: mean lat.: 1067.520ms, rate sampling interval: 5210ms
  Thread calibration: mean lat.: 1994.203ms, rate sampling interval: 8560ms
  Thread calibration: mean lat.: 1259.284ms, rate sampling interval: 5963ms
  Thread calibration: mean lat.: 1382.366ms, rate sampling interval: 6017ms
  Thread calibration: mean lat.: 2047.785ms, rate sampling interval: 8355ms
  Thread Stats   Avg      Stdev     Max   +/- Stdev
    Latency     6.20s     4.00s   18.78s    63.14%
    Req/Sec   823.65    118.46     1.13k    75.00%
  Latency Distribution (HdrHistogram - Recorded Latency)
 50.000%    5.94s 
 75.000%    9.10s 
 90.000%   11.71s 
 99.000%   15.34s 
 99.900%   17.06s 
 99.990%   18.48s 
 99.999%   18.76s 
100.000%   18.79s 

  Detailed Percentile spectrum:
       Value   Percentile   TotalCount 1/(1-Percentile)

       1.191     0.000000            1         1.00
     514.047     0.100000        26476         1.11
    2318.335     0.200000        52948         1.25
    3819.519     0.300000        79424         1.43
    4972.543     0.400000       105923         1.67
    5943.295     0.500000       132381         2.00
    6492.159     0.550000       145653         2.22
    7045.119     0.600000       158867         2.50
    7659.519     0.650000       172070         2.86
    8331.263     0.700000       185368         3.33
    9101.311     0.750000       198548         4.00
    9519.103     0.775000       205342         4.44
    9863.167     0.800000       211788         5.00
   10231.807     0.825000       218453         5.71
   10649.599     0.850000       225087         6.67
   11182.079     0.875000       231650         8.00
   11427.839     0.887500       234948         8.89
   11714.559     0.900000       238247        10.00
   12034.047     0.912500       241597        11.43
   12419.071     0.925000       244850        13.33
   12836.863     0.937500       248202        16.00
   13058.047     0.943750       249839        17.78
   13262.847     0.950000       251537        20.00
   13516.799     0.956250       253136        22.86
   13754.367     0.962500       254783        26.67
   14049.279     0.968750       256449        32.00
   14213.119     0.971875       257264        35.56
   14360.575     0.975000       258100        40.00
   14540.799     0.978125       258914        45.71
   14721.023     0.981250       259758        53.33
   14876.671     0.984375       260574        64.00
   15015.935     0.985938       260991        71.11
   15106.047     0.987500       261402        80.00
   15237.119     0.989062       261840        91.43
   15409.151     0.990625       262236       106.67
   15556.607     0.992188       262632       128.00
   15654.911     0.992969       262839       142.22
   15794.175     0.993750       263049       160.00
   15917.055     0.994531       263254       182.86
   16072.703     0.995313       263464       213.33
   16187.391     0.996094       263670       256.00
   16261.119     0.996484       263774       284.44
   16343.039     0.996875       263872       320.00
   16441.343     0.997266       263977       365.71
   16539.647     0.997656       264080       426.67
   16678.911     0.998047       264183       512.00
   16752.639     0.998242       264240       568.89
   16859.135     0.998437       264291       640.00
   16990.207     0.998633       264342       731.43
   17022.975     0.998828       264392       853.33
   17072.127     0.999023       264461      1024.00
   17088.511     0.999121       264472      1137.78
   17121.279     0.999219       264493      1280.00
   17203.199     0.999316       264523      1462.86
   17285.119     0.999414       264547      1706.67
   17383.423     0.999512       264571      2048.00
   17448.959     0.999561       264584      2275.56
   17514.495     0.999609       264596      2560.00
   17596.415     0.999658       264609      2925.71
   17678.335     0.999707       264622      3413.33
   17776.639     0.999756       264635      4096.00
   17842.175     0.999780       264643      4551.11
   17891.327     0.999805       264648      5120.00
   18087.935     0.999829       264654      5851.43
   18300.927     0.999854       264661      6826.67
   18415.615     0.999878       264667      8192.00
   18448.383     0.999890       264670      9102.22
   18497.535     0.999902       264674     10240.00
   18530.303     0.999915       264677     11702.86
   18563.071     0.999927       264680     13653.33
   18595.839     0.999939       264683     16384.00
   18628.607     0.999945       264685     18204.44
   18661.375     0.999951       264687     20480.00
   18677.759     0.999957       264689     23405.71
   18694.143     0.999963       264690     27306.67
   18710.527     0.999969       264691     32768.00
   18726.911     0.999973       264693     36408.89
   18726.911     0.999976       264693     40960.00
   18743.295     0.999979       264694     46811.43
   18759.679     0.999982       264696     54613.33
   18759.679     0.999985       264696     65536.00
   18759.679     0.999986       264696     72817.78
   18759.679     0.999988       264696     81920.00
   18776.063     0.999989       264697     93622.86
   18776.063     0.999991       264697    109226.67
   18776.063     0.999992       264697    131072.00
   18792.447     0.999993       264699    145635.56
   18792.447     1.000000       264699          inf
#[Mean    =     6200.637, StdDeviation   =     4003.726]
#[Max     =    18776.064, Total count    =       264699]
#[Buckets =           27, SubBuckets     =         2048]
----------------------------------------------------------
  398028 requests in 30.00s, 5.27GB read
  Socket errors: connect 0, read 18, write 0, timeout 0
Requests/sec:  13267.03
Transfer/sec:    179.85MB
WRKX_RESULT {"durationUs":30001294,"requests":398028,"responses":398028,"errors":18,"bytes":5657982574,"latencyAvgUs":6200637.031,"latencyP95Us":13262847.000,"latencyP99Us":15335423.000}
