Running 30s test @ http://localhost:9991/postgres/orders
  16 threads and 256 connections
  Thread calibration: mean lat.: 10.464ms, rate sampling interval: 21ms
  Thread calibration: mean lat.: 7.918ms, rate sampling interval: 21ms
  Thread calibration: mean lat.: 14.180ms, rate sampling interval: 60ms
  Thread calibration: mean lat.: 17.183ms, rate sampling interval: 113ms
  Thread calibration: mean lat.: 7.344ms, rate sampling interval: 17ms
  Thread calibration: mean lat.: 4.339ms, rate sampling interval: 16ms
  Thread calibration: mean lat.: 10.134ms, rate sampling interval: 23ms
  Thread calibration: mean lat.: 4.147ms, rate sampling interval: 14ms
  Thread calibration: mean lat.: 10.319ms, rate sampling interval: 22ms
  Thread calibration: mean lat.: 10.774ms, rate sampling interval: 26ms
  Thread calibration: mean lat.: 7.929ms, rate sampling interval: 18ms
  Thread calibration: mean lat.: 7.720ms, rate sampling interval: 19ms
  Thread calibration: mean lat.: 8.817ms, rate sampling interval: 21ms
  Thread calibration: mean lat.: 11.451ms, rate sampling interval: 30ms
  Thread calibration: mean lat.: 6.976ms, rate sampling interval: 14ms
  Thread calibration: mean lat.: 11.132ms, rate sampling interval: 26ms
  Thread Stats   Avg      Stdev     Max   +/- Stdev
    Latency    85.47ms  213.13ms   1.73s    91.38%
    Req/Sec   640.42    135.70     1.73k    80.02%
  Latency Distribution (HdrHistogram - Recorded Latency)
 50.000%    5.43ms
 75.000%   29.81ms
 90.000%  258.17ms
 99.000%    1.05s 
 99.900%    1.57s 
 99.990%    1.70s 
 99.999%    1.73s 
100.000%    1.73s 

  Detailed Percentile spectrum:
       Value   Percentile   TotalCount 1/(1-Percentile)

       0.936     0.000000            1         1.00
       2.241     0.100000        19924         1.11
       2.811     0.200000        39810         1.25
       3.449     0.300000        59659         1.43
       4.255     0.400000        79557         1.67
       5.427     0.500000        99436         2.00
       6.271     0.550000       109373         2.22
       7.383     0.600000       119291         2.50
       9.079     0.650000       129237         2.86
      14.223     0.700000       139172         3.33
      29.807     0.750000       149106         4.00
      46.911     0.775000       154080         4.44
      71.487     0.800000       159046         5.00
     101.439     0.825000       164022         5.71
     155.519     0.850000       168998         6.67
     209.151     0.875000       173958         8.00
     231.551     0.887500       176443         8.89
     258.175     0.900000       178932        10.00
     293.119     0.912500       181425        11.43
     357.631     0.925000       183901        13.33
     455.167     0.937500       186382        16.00
     515.839     0.943750       187625        17.78
     574.463     0.950000       188881        20.00
     626.175     0.956250       190118        22.86
     690.687     0.962500       191352        26.67
     764.927     0.968750       192595        32.00
     805.887     0.971875       193218        35.56
     844.287     0.975000       193845        40.00
     880.639     0.978125       194463        45.71
     915.455     0.981250       195084        53.33
     963.583     0.984375       195705        64.00
     988.671     0.985938       196013        71.11
    1006.591     0.987500       196325        80.00
    1043.455     0.989062       196639        91.43
    1055.743     0.990625       196950       106.67
    1083.391     0.992188       197262       128.00
    1100.799     0.992969       197419       142.22
    1137.663     0.993750       197569       160.00
    1178.623     0.994531       197721       182.86
    1232.895     0.995313       197876       213.33
    1298.431     0.996094       198031       256.00
    1337.343     0.996484       198109       284.44
    1380.351     0.996875       198186       320.00
    1418.239     0.997266       198265       365.71
    1452.031     0.997656       198345       426.67
    1486.847     0.998047       198425       512.00
    1499.135     0.998242       198465       568.89
    1510.399     0.998437       198497       640.00
    1531.903     0.998633       198537       731.43
    1552.383     0.998828       198575       853.33
    1567.743     0.999023       198613      1024.00
    1583.103     0.999121       198633      1137.78
    1609.727     0.999219       198653      1280.00
    1623.039     0.999316       198673      1462.86
    1631.231     0.999414       198692      1706.67
    1649.663     0.999512       198710      2048.00
    1656.831     0.999561       198721      2275.56
    1665.023     0.999609       198731      2560.00
    1670.143     0.999658       198742      2925.71
    1673.215     0.999707       198753      3413.33
    1675.263     0.999756       198759      4096.00
    1677.311     0.999780       198765      4551.11
    1679.359     0.999805       198769      5120.00
    1683.455     0.999829       198774      5851.43
    1686.527     0.999854       198778      6826.67
    1692.671     0.999878       198783      8192.00
    1694.719     0.999890       198786      9102.22
    1696.767     0.999902       198788     10240.00
    1701.887     0.999915       198791     11702.86
    1705.983     0.999927       198793     13653.33
    1708.031     0.999939       198795     16384.00
    1710.079     0.999945       198797     18204.44
    1712.127     0.999951       198799     20480.00
    1712.127     0.999957       198799     23405.71
    1715.199     0.999963       198800     27306.67
    1716.223     0.999969       198802     32768.00
    1716.223     0.999973       198802     36408.89
    1719.295     0.999976       198803     40960.00
    1719.295     0.999979       198803     46811.43
    1724.415     0.999982       198804     54613.33
    1724.415     0.999985       198804     65536.00
    1726.463     0.999986       198805     72817.78
    1726.463     0.999988       198805     81920.00
    1726.463     0.999989       198805     93622.86
    1730.559     0.999991       198806    109226.67
    1730.559     0.999992       198806    131072.00
    1730.559     0.999993       198806    145635.56
    1730.559     0.999994       198806    163840.00
    1730.559     0.999995       198806    187245.71
    1731.583     0.999995       198807    218453.33
    1731.583     1.000000       198807          inf
#[Mean    =       85.468, StdDeviation   =      213.132]
#[Max     =     1730.560, Total count    =       198807]
#[Buckets =           27, SubBuckets     =         2048]
----------------------------------------------------------
  298568 requests in 30.01s, 3.95GB read
  Socket errors: connect 0, read 119, write 0, timeout 0
Requests/sec:   9950.56
Transfer/sec:    134.89MB
WRKX_RESULT {"durationUs":30005136,"requests":298568,"responses":298568,"errors":119,"bytes":4244151568,"latencyAvgUs":85468.380,"latencyP95Us":574463.000,"latencyP99Us":1050623.000}
