Running 30s test @ http://localhost:9991/postgres/orders
  16 threads and 256 connections
  Thread calibration: mean lat.: 502.563ms, rate sampling interval: 3430ms
  Thread calibration: mean lat.: 458.730ms, rate sampling interval: 3321ms
  Thread calibration: mean lat.: 343.548ms, rate sampling interval: 2217ms
  Thread calibration: mean lat.: 521.946ms, rate sampling interval: 4155ms
  Thread calibration: mean lat.: 470.441ms, rate sampling interval: 2752ms
  Thread calibration: mean lat.: 417.411ms, rate sampling interval: 2840ms
  Thread calibration: mean lat.: 391.301ms, rate sampling interval: 2498ms
  Thread calibration: mean lat.: 453.801ms, rate sampling interval: 3160ms
  Thread calibration: mean lat.: 372.980ms, rate sampling interval: 2230ms
  Thread calibration: mean lat.: 345.064ms, rate sampling interval: 2209ms
  Thread calibration: mean lat.: 463.118ms, rate sampling interval: 2625ms
  Thread calibration: mean lat.: 692.031ms, rate sampling interval: 4767ms
  Thread calibration: mean lat.: 338.133ms, rate sampling interval: 2547ms
  Thread calibration: mean lat.: 314.789ms, rate sampling interval: 2075ms
  Thread calibration: mean lat.: 423.379ms, rate sampling interval: 2711ms
  Thread calibration: mean lat.: 325.365ms, rate sampling interval: 2230ms
  Thread Stats   Avg      Stdev     Max   +/- Stdev
    Latency     1.65s     1.71s    9.53s    82.71%
    Req/Sec     0.86k    80.60     1.10k    71.30%
  Latency Distribution (HdrHistogram - Recorded Latency)
 50.000%    1.16s 
 75.000%    2.70s 
 90.000%    4.20s 
 99.000%    6.65s 
 99.900%    8.57s 
 99.990%    9.38s 
 99.999%    9.53s 
100.000%    9.54s 

  Detailed Percentile spectrum:
       Value   Percentile   TotalCount 1/(1-Percentile)

       0.923     0.000000            1         1.00
       7.371     0.100000        27385         1.11
      23.055     0.200000        54763         1.25
     241.791     0.300000        82152         1.43
     670.207     0.400000       109541         1.67
    1157.119     0.500000       136905         2.00
    1422.335     0.550000       150641         2.22
    1701.887     0.600000       164285         2.50
    2009.087     0.650000       177997         2.86
    2324.479     0.700000       191711         3.33
    2695.167     0.750000       205362         4.00
    2906.111     0.775000       212227         4.44
    3112.959     0.800000       219044         5.00
    3348.479     0.825000       225905         5.71
    3618.815     0.850000       232769         6.67
    3905.535     0.875000       239601         8.00
    4042.751     0.887500       243008         8.89
    4202.495     0.900000       246447        10.00
    4366.335     0.912500       249898        11.43
    4554.751     0.925000       253274        13.33
    4763.647     0.937500       256694        16.00
    4870.143     0.943750       258410        17.78
    5005.311     0.950000       260160        20.00
    5156.863     0.956250       261850        22.86
    5324.799     0.962500       263565        26.67
    5521.407     0.968750       265277        32.00
    5623.807     0.971875       266122        35.56
    5742.591     0.975000       266981        40.00
    5877.759     0.978125       267830        45.71
    6033.407     0.981250       268684        53.33
    6230.015     0.984375       269528        64.00
    6336.511     0.985938       269969        71.11
    6471.679     0.987500       270395        80.00
    6582.271     0.989062       270812        91.43
    6709.247     0.990625       271252       106.67
    6860.799     0.992188       271666       128.00
    6955.007     0.992969       271886       142.22
    7065.599     0.993750       272100       160.00
    7188.479     0.994531       272314       182.86
    7344.127     0.995313       272523       213.33
    7573.503     0.996094       272737       256.00
    7688.191     0.996484       272848       284.44
    7794.687     0.996875       272950       320.00
    7880.703     0.997266       273058       365.71
    7995.391     0.997656       273164       426.67
    8159.231     0.998047       273272       512.00
    8249.343     0.998242       273327       568.89
    8327.167     0.998437       273380       640.00
    8413.183     0.998633       273432       731.43
    8503.295     0.998828       273491       853.33
    8577.023     0.999023       273538      1024.00
    8626.175     0.999121       273566      1137.78
    8683.519     0.999219       273595      1280.00
    8732.671     0.999316       273623      1462.86
    8830.975     0.999414       273646      1706.67
    8970.239     0.999512       273672      2048.00
    9003.007     0.999561       273693      2275.56
    9011.199     0.999609       273704      2560.00
    9035.775     0.999658       273715      2925.71
    9084.927     0.999707       273725      3413.33
    9150.463     0.999756       273739      4096.00
    9175.039     0.999780       273745      4551.11
    9199.615     0.999805       273752      5120.00
    9240.575     0.999829       273760      5851.43
    9273.343     0.999854       273765      6826.67
    9330.687     0.999878       273773      8192.00
    9347.071     0.999890       273775      9102.22
    9388.031     0.999902       273779     10240.00
    9412.607     0.999915       273783     11702.86
    9420.799     0.999927       273786     13653.33
    9437.183     0.999939       273790     16384.00
    9437.183     0.999945       273790     18204.44
    9461.759     0.999951       273792     20480.00
    9469.951     0.999957       273796     23405.71
    9469.951     0.999963       273796     27306.67
    9478.143     0.999969       273797     32768.00
    9486.335     0.999973       273798     36408.89
    9494.527     0.999976       273799     40960.00
    9502.719     0.999979       273800     46811.43
    9502.719     0.999982       273800     54613.33
    9510.911     0.999985       273801     65536.00
    9527.295     0.999986       273802     72817.78
    9527.295     0.999988       273802     81920.00
    9535.487     0.999989       273805     93622.86
    9535.487     1.000000       273805          inf
#[Mean    =     1654.072, StdDeviation   =     1714.199]
#[Max     =     9527.296, Total count    =       273805]
#[Buckets =           27, SubBuckets     =         2048]
----------------------------------------------------------
  409915 requests in 30.00s, 5.43GB read
  Socket errors: connect 0, read 32, write 0, timeout 0
Requests/sec:  13662.68
Transfer/sec:    185.22MB
WRKX_RESULT {"durationUs":30002534,"requests":409915,"responses":409915,"errors":32,"bytes":5826956450,"latencyAvgUs":1654072.285,"latencyP95Us":5005311.000,"latencyP99Us":6651903.000}
