Running 30s test @ http://localhost:9991/postgres/orders
  16 threads and 256 connections
  Thread calibration: mean lat.: 1753.604ms, rate sampling interval: 8773ms
  Thread calibration: mean lat.: 1853.127ms, rate sampling interval: 8724ms
  Thread calibration: mean lat.: 1887.357ms, rate sampling interval: 8470ms
  Thread calibration: mean lat.: 2002.684ms, rate sampling interval: 8552ms
  Thread calibration: mean lat.: 1746.306ms, rate sampling interval: 7528ms
  Thread calibration: mean lat.: 1867.507ms, rate sampling interval: 7839ms
  Thread calibration: mean lat.: 1713.257ms, rate sampling interval: 7643ms
  Thread calibration: mean lat.: 2136.411ms, rate sampling interval: 8871ms
  Thread calibration: mean lat.: 1743.181ms, rate sampling interval: 8544ms
  Thread calibration: mean lat.: 1903.837ms, rate sampling interval: 7856ms
  Thread calibration: mean lat.: 1580.247ms, rate sampling interval: 7565ms
  Thread calibration: mean lat.: 1736.842ms, rate sampling interval: 7630ms
  Thread calibration: mean lat.: 2243.585ms, rate sampling interval: 8888ms
  Thread calibration: mean lat.: 1917.533ms, rate sampling interval: 8036ms
  Thread calibration: mean lat.: 1757.307ms, rate sampling interval: 8089ms
  Thread calibration: mean lat.: 1665.640ms, rate sampling interval: 8114ms
  Thread Stats   Avg      Stdev     Max   +/- Stdev
    Latency     7.84s     4.13s   20.30s    66.62%
    Req/Sec     0.88k    80.86     1.09k    75.00%
  Latency Distribution (HdrHistogram - Recorded Latency)
 50.000%    7.52s 
 75.000%   10.58s 
 90.000%   13.66s 
 99.000%   17.76s 
 99.900%   19.33s 
 99.990%   19.81s 
 99.999%   20.27s 
100.000%   20.32s 

  Detailed Percentile spectrum:
       Value   Percentile   TotalCount 1/(1-Percentile)

       1.363     0.000000            1         1.00
    2629.631     0.100000        28059         1.11
    4366.335     0.200000        56107         1.25
    5423.103     0.300000        84144         1.43
    6459.391     0.400000       112222         1.67
    7520.255     0.500000       140225         2.00
    7946.239     0.550000       154266         2.22
    8527.871     0.600000       168331         2.50
    9150.463     0.650000       182386         2.86
    9814.015     0.700000       196293         3.33
   10584.063     0.750000       210312         4.00
   10993.663     0.775000       217312         4.44
   11427.839     0.800000       224373         5.00
   11943.935     0.825000       231404         5.71
   12468.223     0.850000       238345         6.67
   13058.047     0.875000       245336         8.00
   13352.959     0.887500       248910         8.89
   13656.063     0.900000       252372        10.00
   13983.743     0.912500       255879        11.43
   14352.383     0.925000       259359        13.33
   14770.175     0.937500       262920        16.00
   15015.935     0.943750       264616        17.78
   15269.887     0.950000       266392        20.00
   15515.647     0.956250       268150        22.86
   15826.943     0.962500       269894        26.67
   16162.815     0.968750       271653        32.00
   16334.847     0.971875       272504        35.56
   16539.647     0.975000       273379        40.00
   16760.831     0.978125       274241        45.71
   17022.975     0.981250       275133        53.33
   17268.735     0.984375       276038        64.00
   17383.423     0.985938       276452        71.11
   17514.495     0.987500       276883        80.00
   17661.951     0.989062       277317        91.43
   17809.407     0.990625       277750       106.67
   17989.631     0.992188       278185       128.00
   18104.319     0.992969       278429       142.22
   18219.007     0.993750       278655       160.00
   18382.847     0.994531       278848       182.86
   18513.919     0.995313       279060       213.33
   18628.607     0.996094       279295       256.00
   18694.143     0.996484       279401       284.44
   18759.679     0.996875       279500       320.00
   18857.983     0.997266       279628       365.71
   18939.903     0.997656       279727       426.67
   19038.207     0.998047       279839       512.00
   19087.359     0.998242       279898       568.89
   19120.127     0.998437       279941       640.00
   19185.663     0.998633       280001       731.43
   19251.199     0.998828       280052       853.33
   19333.119     0.999023       280101      1024.00
   19382.271     0.999121       280129      1137.78
   19431.423     0.999219       280156      1280.00
   19480.575     0.999316       280185      1462.86
   19529.727     0.999414       280212      1706.67
   19578.879     0.999512       280246      2048.00
   19595.263     0.999561       280258      2275.56
   19611.647     0.999609       280269      2560.00
   19644.415     0.999658       280288      2925.71
   19660.799     0.999707       280295      3413.33
   19693.567     0.999756       280311      4096.00
   19709.951     0.999780       280318      4551.11
   19726.335     0.999805       280325      5120.00
   19742.719     0.999829       280330      5851.43
   19759.103     0.999854       280335      6826.67
   19775.487     0.999878       280340      8192.00
   19808.255     0.999890       280347      9102.22
   19808.255     0.999902       280347     10240.00
   19873.791     0.999915       280351     11702.86
   19939.327     0.999927       280354     13653.33
   19988.479     0.999939       280357     16384.00
   20037.631     0.999945       280359     18204.44
   20070.399     0.999951       280361     20480.00
   20103.167     0.999957       280363     23405.71
   20135.935     0.999963       280364     27306.67
   20168.703     0.999969       280366     32768.00
   20185.087     0.999973       280367     36408.89
   20201.471     0.999976       280368     40960.00
   20234.239     0.999979       280369     46811.43
   20234.239     0.999982       280369     54613.33
   20250.623     0.999985       280370     65536.00
   20267.007     0.999986       280371     72817.78
   20267.007     0.999988       280371     81920.00
   20283.391     0.999989       280372     93622.86
   20283.391     0.999991       280372    109226.67
   20283.391     0.999992       280372    131072.00
   20299.775     0.999993       280373    145635.56
   20299.775     0.999994       280373    163840.00
   20299.775     0.999995       280373    187245.71
   20299.775     0.999995       280373    218453.33
   20299.775     0.999996       280373    262144.00
   20316.159     0.999997       280374    291271.11
   20316.159     1.000000       280374          inf
#[Mean    =     7838.865, StdDeviation   =     4125.738]
#[Max     =    20299.776, Total count    =       280374]
#[Buckets =           27, SubBuckets     =         2048]
----------------------------------------------------------
  425190 requests in 30.00s, 5.63GB read
  Socket errors: connect 0, read 9, write 0, timeout 0
Requests/sec:  14172.46
Transfer/sec:    192.13MB
WRKX_RESULT {"durationUs":30001140,"requests":425190,"responses":425190,"errors":9,"bytes":6044089777,"latencyAvgUs":7838864.973,"latencyP95Us":15269887.000,"latencyP99Us":17760255.000}
