Running 30s test @ http://localhost:9991/postgres/orders
  16 threads and 256 connections
  Thread calibration: mean lat.: 2961.706ms, rate sampling interval: 12386ms
  Thread calibration: mean lat.: 3825.048ms, rate sampling interval: 13443ms
  Thread calibration: mean lat.: 3938.254ms, rate sampling interval: 13819ms
  Thread calibration: mean lat.: 3632.861ms, rate sampling interval: 13451ms
  Thread calibration: mean lat.: 3126.199ms, rate sampling interval: 12705ms
  Thread calibration: mean lat.: 3519.452ms, rate sampling interval: 12795ms
  Thread calibration: mean lat.: 3793.798ms, rate sampling interval: 13983ms
  Thread calibration: mean lat.: 3134.100ms, rate sampling interval: 13844ms
  Thread calibration: mean lat.: 2961.563ms, rate sampling interval: 12230ms
  Thread calibration: mean lat.: 3293.923ms, rate sampling interval: 13451ms
  Thread calibration: mean lat.: 2876.609ms, rate sampling interval: 11599ms
  Thread calibration: mean lat.: 3403.870ms, rate sampling interval: 13524ms
  Thread calibration: mean lat.: 3426.022ms, rate sampling interval: 12787ms
  Thread calibration: mean lat.: 2524.619ms, rate sampling interval: 13189ms
  Thread calibration: mean lat.: 3593.060ms, rate sampling interval: 13320ms
  Thread calibration: mean lat.: 3553.288ms, rate sampling interval: 13303ms
  Thread Stats   Avg      Stdev     Max   +/- Stdev
    Latency    14.53s     5.08s   26.12s    60.97%
    Req/Sec   767.94     91.44     0.91k    62.50%
  Latency Distribution (HdrHistogram - Recorded Latency)
 50.000%   14.45s 
 75.000%   18.73s 
 90.000%   21.41s 
 99.000%   24.18s 
 99.900%   25.43s 
 99.990%   25.90s 
 99.999%   26.08s 
100.000%   26.13s 

  Detailed Percentile spectrum:
       Value   Percentile   TotalCount 1/(1-Percentile)

     224.255     0.000000            1         1.00
    7933.951     0.100000        25073         1.11
    9502.719     0.200000        50095         1.25
   11255.807     0.300000        75230         1.43
   12754.943     0.400000       100257         1.67
   14450.687     0.500000       125214         2.00
   15294.463     0.550000       137755         2.22
   16162.815     0.600000       150275         2.50
   17154.047     0.650000       162928         2.86
   17874.943     0.700000       175362         3.33
   18726.911     0.750000       188077         4.00
   19087.359     0.775000       194321         4.44
   19513.343     0.800000       200550         5.00
   19939.327     0.825000       206656         5.71
   20414.463     0.850000       212866         6.67
   20905.983     0.875000       219181         8.00
   21168.127     0.887500       222357         8.89
   21413.887     0.900000       225463        10.00
   21659.647     0.912500       228705        11.43
   21938.175     0.925000       231690        13.33
   22183.935     0.937500       234884        16.00
   22331.391     0.943750       236456        17.78
   22495.231     0.950000       237939        20.00
   22708.223     0.956250       239582        22.86
   22921.215     0.962500       241113        26.67
   23199.743     0.968750       242697        32.00
   23314.431     0.971875       243401        35.56
   23445.503     0.975000       244260        40.00
   23560.191     0.978125       244972        45.71
   23707.647     0.981250       245769        53.33
   23855.103     0.984375       246626        64.00
   23904.255     0.985938       246913        71.11
   24002.559     0.987500       247308        80.00
   24117.247     0.989062       247739        91.43
   24231.935     0.990625       248085       106.67
   24363.007     0.992188       248488       128.00
   24444.927     0.992969       248667       142.22
   24543.231     0.993750       248887       160.00
   24625.151     0.994531       249076       182.86
   24723.455     0.995313       249262       213.33
   24821.759     0.996094       249450       256.00
   24870.911     0.996484       249548       284.44
   24936.447     0.996875       249665       320.00
   24985.599     0.997266       249743       365.71
   25051.135     0.997656       249849       426.67
   25116.671     0.998047       249949       512.00
   25149.439     0.998242       249986       568.89
   25214.975     0.998437       250047       640.00
   25264.127     0.998633       250084       731.43
   25346.047     0.998828       250138       853.33
   25427.967     0.999023       250183      1024.00
   25477.119     0.999121       250209      1137.78
   25509.887     0.999219       250231      1280.00
   25559.039     0.999316       250261      1462.86
   25591.807     0.999414       250279      1706.67
   25657.343     0.999512       250304      2048.00
   25690.111     0.999561       250315      2275.56
   25739.263     0.999609       250328      2560.00
   25788.415     0.999658       250345      2925.71
   25821.183     0.999707       250356      3413.33
   25837.567     0.999756       250365      4096.00
   25853.951     0.999780       250372      4551.11
   25870.335     0.999805       250383      5120.00
   25870.335     0.999829       250383      5851.43
   25886.719     0.999854       250392      6826.67
   25903.103     0.999878       250400      8192.00
   25903.103     0.999890       250400      9102.22
   25919.487     0.999902       250408     10240.00
   25919.487     0.999915       250408     11702.86
   25919.487     0.999927       250408     13653.33
   25935.871     0.999939       250413     16384.00
   25935.871     0.999945       250413     18204.44
   25935.871     0.999951       250413     20480.00
   25968.639     0.999957       250415     23405.71
   26001.407     0.999963       250417     27306.67
   26017.791     0.999969       250418     32768.00
   26034.175     0.999973       250419     36408.89
   26034.175     0.999976       250419     40960.00
   26050.559     0.999979       250420     46811.43
   26083.327     0.999982       250422     54613.33
   26083.327     0.999985       250422     65536.00
   26083.327     0.999986       250422     72817.78
   26083.327     0.999988       250422     81920.00
   26099.711     0.999989       250423     93622.86
   26099.711     0.999991       250423    109226.67
   26116.095     0.999992       250424    131072.00
   26116.095     0.999993       250424    145635.56
   26116.095     0.999994       250424    163840.00
   26116.095     0.999995       250424    187245.71
   26116.095     0.999995       250424    218453.33
   26132.479     0.999996       250425    262144.00
   26132.479     1.000000       250425          inf
#[Mean    =    14526.485, StdDeviation   =     5077.978]
#[Max     =    26116.096, Total count    =       250425]
#[Buckets =           27, SubBuckets     =         2048]
----------------------------------------------------------
  385468 requests in 30.00s, 5.10GB read
  Socket errors: connect 0, read 12, write 0, timeout 0
Requests/sec:  12848.77
Transfer/sec:    174.18MB
WRKX_RESULT {"durationUs":30000381,"requests":385468,"responses":385468,"errors":12,"bytes":5479441243,"latencyAvgUs":14526484.886,"latencyP95Us":22495231.000,"latencyP99Us":24182783.000}
