Running 30s test @ http://localhost:9991/postgres/orders
  16 threads and 256 connections
  Thread calibration: mean lat.: 2505.360ms, rate sampling interval: 11829ms
  Thread calibration: mean lat.: 2232.092ms, rate sampling interval: 10207ms
  Thread calibration: mean lat.: 2792.479ms, rate sampling interval: 11452ms
  Thread calibration: mean lat.: 2507.978ms, rate sampling interval: 11419ms
  Thread calibration: mean lat.: 1835.256ms, rate sampling interval: 10141ms
  Thread calibration: mean lat.: 2927.204ms, rate sampling interval: 11542ms
  Thread calibration: mean lat.: 2770.346ms, rate sampling interval: 10870ms
  Thread calibration: mean lat.: 3083.757ms, rate sampling interval: 12066ms
  Thread calibration: mean lat.: 2552.624ms, rate sampling interval: 11018ms
  Thread calibration: mean lat.: 2707.999ms, rate sampling interval: 11968ms
  Thread calibration: mean lat.: 2596.627ms, rate sampling interval: 11067ms
  Thread calibration: mean lat.: 2787.141ms, rate sampling interval: 11542ms
  Thread calibration: mean lat.: 2893.110ms, rate sampling interval: 11468ms
  Thread calibration: mean lat.: 2961.590ms, rate sampling interval: 11952ms
  Thread calibration: mean lat.: 2937.112ms, rate sampling interval: 11993ms
  Thread calibration: mean lat.: 2945.205ms, rate sampling interval: 11853ms
  Thread Stats   Avg      Stdev     Max   +/- Stdev
    Latency    12.36s     4.69s   24.12s    65.23%
    Req/Sec     0.89k   105.78     1.20k    81.25%
  Latency Distribution (HdrHistogram - Recorded Latency)
 50.000%   12.02s 
 75.000%   15.98s 
 90.000%   18.87s 
 99.000%   21.74s 
 99.900%   22.92s 
 99.990%   23.56s 
 99.999%   23.95s 
100.000%   24.13s 

  Detailed Percentile spectrum:
       Value   Percentile   TotalCount 1/(1-Percentile)

       2.861     0.000000            1         1.00
    6860.799     0.100000        27677         1.11
    8372.223     0.200000        55344         1.25
    9551.871     0.300000        82979         1.43
   10772.479     0.400000       110680         1.67
   12017.663     0.500000       138312         2.00
   12713.983     0.550000       152027         2.22
   13426.687     0.600000       165863         2.50
   14221.311     0.650000       179798         2.86
   15040.511     0.700000       193659         3.33
   15982.591     0.750000       207386         4.00
   16449.535     0.775000       214329         4.44
   16973.823     0.800000       221235         5.00
   17416.191     0.825000       228094         5.71
   17825.791     0.850000       235043         6.67
   18350.079     0.875000       241991         8.00
   18628.607     0.887500       245492         8.89
   18874.367     0.900000       248820        10.00
   19185.663     0.912500       252341        11.43
   19496.959     0.925000       255820        13.33
   19791.871     0.937500       259256        16.00
   19955.711     0.943750       260898        17.78
   20135.935     0.950000       262717        20.00
   20316.159     0.956250       264418        22.86
   20512.767     0.962500       266148        26.67
   20725.759     0.968750       267866        32.00
   20840.447     0.971875       268645        35.56
   20955.135     0.975000       269563        40.00
   21069.823     0.978125       270424        45.71
   21217.279     0.981250       271227        53.33
   21381.119     0.984375       272115        64.00
   21479.423     0.985938       272605        71.11
   21561.343     0.987500       272953        80.00
   21676.031     0.989062       273402        91.43
   21790.719     0.990625       273836       106.67
   21905.407     0.992188       274259       128.00
   21970.943     0.992969       274477       142.22
   22036.479     0.993750       274686       160.00
   22118.399     0.994531       274919       182.86
   22200.319     0.995313       275140       213.33
   22298.623     0.996094       275358       256.00
   22347.775     0.996484       275458       284.44
   22396.927     0.996875       275543       320.00
   22478.847     0.997266       275667       365.71
   22544.383     0.997656       275765       426.67
   22626.303     0.998047       275871       512.00
   22675.455     0.998242       275925       568.89
   22724.607     0.998437       275975       640.00
   22790.143     0.998633       276030       731.43
   22855.679     0.998828       276083       853.33
   22937.599     0.999023       276140      1024.00
   22986.751     0.999121       276168      1137.78
   23035.903     0.999219       276197      1280.00
   23085.055     0.999316       276223      1462.86
   23134.207     0.999414       276252      1706.67
   23199.743     0.999512       276278      2048.00
   23232.511     0.999561       276289      2275.56
   23265.279     0.999609       276302      2560.00
   23298.047     0.999658       276315      2925.71
   23330.815     0.999707       276328      3413.33
   23363.583     0.999756       276339      4096.00
   23396.351     0.999780       276347      4551.11
   23429.119     0.999805       276353      5120.00
   23461.887     0.999829       276361      5851.43
   23494.655     0.999854       276366      6826.67
   23527.423     0.999878       276373      8192.00
   23560.191     0.999890       276379      9102.22
   23576.575     0.999902       276382     10240.00
   23592.959     0.999915       276386     11702.86
   23592.959     0.999927       276386     13653.33
   23609.343     0.999939       276390     16384.00
   23625.727     0.999945       276392     18204.44
   23642.111     0.999951       276396     20480.00
   23642.111     0.999957       276396     23405.71
   23642.111     0.999963       276396     27306.67
   23674.879     0.999969       276398     32768.00
   23724.031     0.999973       276399     36408.89
   23789.567     0.999976       276400     40960.00
   23838.719     0.999979       276401     46811.43
   23838.719     0.999982       276401     54613.33
   23904.255     0.999985       276402     65536.00
   23953.407     0.999986       276403     72817.78
   23953.407     0.999988       276403     81920.00
   24018.943     0.999989       276404     93622.86
   24018.943     0.999991       276404    109226.67
   24018.943     0.999992       276404    131072.00
   24084.479     0.999993       276405    145635.56
   24084.479     0.999994       276405    163840.00
   24084.479     0.999995       276405    187245.71
   24084.479     0.999995       276405    218453.33
   24084.479     0.999996       276405    262144.00
   24133.631     0.999997       276406    291271.11
   24133.631     1.000000       276406          inf
#[Mean    =    12364.781, StdDeviation   =     4692.898]
#[Max     =    24117.248, Total count    =       276406]
#[Buckets =           27, SubBuckets     =         2048]
----------------------------------------------------------
  419024 requests in 30.00s, 5.55GB read
  Socket errors: connect 0, read 10, write 0, timeout 0
Requests/sec:  13966.41
Transfer/sec:    189.34MB
WRKX_RESULT {"durationUs":30002262,"requests":419024,"responses":419024,"errors":10,"bytes":5956440619,"latencyAvgUs":12364780.813,"latencyP95Us":20135935.000,"latencyP99Us":21741567.000}
