Running 30s test @ http://localhost:9991/postgres/orders
  16 threads and 256 connections
  Thread calibration: mean lat.: 3705.623ms, rate sampling interval: 13901ms
  Thread calibration: mean lat.: 3752.556ms, rate sampling interval: 14426ms
  Thread calibration: mean lat.: 4185.075ms, rate sampling interval: 14884ms
  Thread calibration: mean lat.: 3790.206ms, rate sampling interval: 14491ms
  Thread calibration: mean lat.: 3729.184ms, rate sampling interval: 14090ms
  Thread calibration: mean lat.: 3345.150ms, rate sampling interval: 14049ms
  Thread calibration: mean lat.: 3528.518ms, rate sampling interval: 12615ms
  Thread calibration: mean lat.: 3654.253ms, rate sampling interval: 14049ms
  Thread calibration: mean lat.: 3408.991ms, rate sampling interval: 13311ms
  Thread calibration: mean lat.: 3471.365ms, rate sampling interval: 12804ms
  Thread calibration: mean lat.: 4054.880ms, rate sampling interval: 14180ms
  Thread calibration: mean lat.: 3810.291ms, rate sampling interval: 14524ms
  Thread calibration: mean lat.: 4161.263ms, rate sampling interval: 15048ms
  Thread calibration: mean lat.: 3926.772ms, rate sampling interval: 14360ms
  Thread calibration: mean lat.: 3666.954ms, rate sampling interval: 13549ms
  Thread calibration: mean lat.: 3947.503ms, rate sampling interval: 14598ms
  Thread Stats   Avg      Stdev     Max   +/- Stdev
    Latency    15.62s     5.16s   27.36s    61.17%
    Req/Sec     0.88k    94.25     1.02k    75.00%
  Latency Distribution (HdrHistogram - Recorded Latency)
 50.000%   15.59s 
 75.000%   19.78s 
 90.000%   22.77s 
 99.000%   25.54s 
 99.900%   26.76s 
 99.990%   27.18s 
 99.999%   27.33s 
100.000%   27.38s 

  Detailed Percentile spectrum:
       Value   Percentile   TotalCount 1/(1-Percentile)

    1453.055     0.000000            3         1.00
    8912.895     0.100000        27526         1.11
   10592.255     0.200000        55040         1.25
   12066.815     0.300000        82493         1.43
   13795.327     0.400000       110020         1.67
   15589.375     0.500000       137505         2.00
   16383.999     0.550000       151261         2.22
   17170.431     0.600000       165153         2.50
   17989.631     0.650000       178748         2.86
   18841.599     0.700000       192576         3.33
   19775.487     0.750000       206154         4.00
   20267.007     0.775000       213020         4.44
   20758.527     0.800000       219950         5.00
   21266.431     0.825000       226803         5.71
   21757.951     0.850000       233611         6.67
   22265.855     0.875000       240534         8.00
   22544.383     0.887500       244031         8.89
   22773.759     0.900000       247475        10.00
   23019.519     0.912500       250861        11.43
   23330.815     0.925000       254321        13.33
   23625.727     0.937500       257732        16.00
   23789.567     0.943750       259367        17.78
   23953.407     0.950000       261137        20.00
   24100.863     0.956250       262810        22.86
   24264.703     0.962500       264545        26.67
   24526.847     0.968750       266315        32.00
   24641.535     0.971875       267105        35.56
   24772.607     0.975000       268009        40.00
   24920.063     0.978125       268855        45.71
   25034.751     0.981250       269735        53.33
   25198.591     0.984375       270588        64.00
   25280.511     0.985938       270977        71.11
   25362.431     0.987500       271420        80.00
   25460.735     0.989062       271849        91.43
   25591.807     0.990625       272273       106.67
   25739.263     0.992188       272681       128.00
   25837.567     0.992969       272899       142.22
   25935.871     0.993750       273104       160.00
   26050.559     0.994531       273322       182.86
   26165.247     0.995313       273531       213.33
   26247.167     0.996094       273775       256.00
   26279.935     0.996484       273865       284.44
   26329.087     0.996875       273970       320.00
   26394.623     0.997266       274077       365.71
   26460.159     0.997656       274173       426.67
   26542.079     0.998047       274287       512.00
   26574.847     0.998242       274334       568.89
   26623.999     0.998437       274398       640.00
   26656.767     0.998633       274441       731.43
   26722.303     0.998828       274511       853.33
   26755.071     0.999023       274547      1024.00
   26787.839     0.999121       274582      1137.78
   26820.607     0.999219       274615      1280.00
   26836.991     0.999316       274627      1462.86
   26869.759     0.999414       274654      1706.67
   26918.911     0.999512       274687      2048.00
   26935.295     0.999561       274697      2275.56
   26951.679     0.999609       274706      2560.00
   26984.447     0.999658       274720      2925.71
   27017.215     0.999707       274733      3413.33
   27049.983     0.999756       274749      4096.00
   27066.367     0.999780       274753      4551.11
   27099.135     0.999805       274763      5120.00
   27115.519     0.999829       274768      5851.43
   27131.903     0.999854       274773      6826.67
   27164.671     0.999878       274782      8192.00
   27181.055     0.999890       274788      9102.22
   27181.055     0.999902       274788     10240.00
   27197.439     0.999915       274792     11702.86
   27213.823     0.999927       274795     13653.33
   27230.207     0.999939       274798     16384.00
   27230.207     0.999945       274798     18204.44
   27246.591     0.999951       274801     20480.00
   27262.975     0.999957       274803     23405.71
   27262.975     0.999963       274803     27306.67
   27279.359     0.999969       274805     32768.00
   27295.743     0.999973       274808     36408.89
   27295.743     0.999976       274808     40960.00
   27295.743     0.999979       274808     46811.43
   27295.743     0.999982       274808     54613.33
   27312.127     0.999985       274809     65536.00
   27328.511     0.999986       274810     72817.78
   27328.511     0.999988       274810     81920.00
   27344.895     0.999989       274811     93622.86
   27344.895     0.999991       274811    109226.67
   27344.895     0.999992       274811    131072.00
   27361.279     0.999993       274812    145635.56
   27361.279     0.999994       274812    163840.00
   27361.279     0.999995       274812    187245.71
   27361.279     0.999995       274812    218453.33
   27361.279     0.999996       274812    262144.00
   27377.663     0.999997       274813    291271.11
   27377.663     1.000000       274813          inf
#[Mean    =    15622.196, StdDeviation   =     5157.927]
#[Max     =    27361.280, Total count    =       274813]
#[Buckets =           27, SubBuckets     =         2048]
----------------------------------------------------------
  416627 requests in 30.00s, 5.52GB read
  Socket errors: connect 0, read 9, write 0, timeout 0
Requests/sec:  13886.93
Transfer/sec:    188.26MB
WRKX_RESULT {"durationUs":30001379,"requests":416627,"responses":416627,"errors":9,"bytes":5922366542,"latencyAvgUs":15622195.585,"latencyP95Us":23953407.000,"latencyP99Us":25542655.000}
