Running 30s test @ http://localhost:9991/postgres/orders
  16 threads and 256 connections
  Thread calibration: mean lat.: 2.088ms, rate sampling interval: 10ms
  Thread calibration: mean lat.: 2.234ms, rate sampling interval: 10ms
  Thread calibration: mean lat.: 2.209ms, rate sampling interval: 10ms
  Thread calibration: mean lat.: 2.261ms, rate sampling interval: 10ms
  Thread calibration: mean lat.: 2.289ms, rate sampling interval: 10ms
  Thread calibration: mean lat.: 2.391ms, rate sampling interval: 10ms
  Thread calibration: mean lat.: 2.261ms, rate sampling interval: 10ms
  Thread calibration: mean lat.: 2.209ms, rate sampling interval: 10ms
  Thread calibration: mean lat.: 2.327ms, rate sampling interval: 10ms
  Thread calibration: mean lat.: 2.221ms, rate sampling interval: 10ms
  Thread calibration: mean lat.: 2.281ms, rate sampling interval: 10ms
  Thread calibration: mean lat.: 2.847ms, rate sampling interval: 10ms
  Thread calibration: mean lat.: 2.230ms, rate sampling interval: 10ms
  Thread calibration: mean lat.: 2.252ms, rate sampling interval: 10ms
  Thread calibration: mean lat.: 2.161ms, rate sampling interval: 10ms
  Thread calibration: mean lat.: 2.212ms, rate sampling interval: 10ms
  Thread Stats   Avg      Stdev     Max   +/- Stdev
    Latency     2.48ms    0.90ms  15.02ms   79.11%
    Req/Sec   164.84    153.54     1.78k    70.86%
  Latency Distribution (HdrHistogram - Recorded Latency)
 50.000%    2.29ms
 75.000%    2.78ms
 90.000%    3.60ms
 99.000%    5.80ms
 99.900%    7.26ms
 99.990%    8.69ms
 99.999%   15.03ms
100.000%   15.03ms

  Detailed Percentile spectrum:
       Value   Percentile   TotalCount 1/(1-Percentile)

       0.880     0.000000            1         1.00
       1.614     0.100000         4998         1.11
       1.823     0.200000         9961         1.25
       1.989     0.300000        14962         1.43
       2.145     0.400000        19942         1.67
       2.289     0.500000        24902         2.00
       2.367     0.550000        27435         2.22
       2.449     0.600000        29898         2.50
       2.541     0.650000        32376         2.86
       2.649     0.700000        34890         3.33
       2.779     0.750000        37365         4.00
       2.861     0.775000        38618         4.44
       2.949     0.800000        39860         5.00
       3.053     0.825000        41085         5.71
       3.193     0.850000        42336         6.67
       3.371     0.875000        43586         8.00
       3.469     0.887500        44200         8.89
       3.601     0.900000        44821        10.00
       3.737     0.912500        45446        11.43
       3.905     0.925000        46063        13.33
       4.099     0.937500        46688        16.00
       4.215     0.943750        46995        17.78
       4.335     0.950000        47316        20.00
       4.479     0.956250        47630        22.86
       4.623     0.962500        47940        26.67
       4.799     0.968750        48243        32.00
       4.895     0.971875        48403        35.56
       4.979     0.975000        48552        40.00
       5.143     0.978125        48707        45.71
       5.275     0.981250        48866        53.33
       5.443     0.984375        49021        64.00
       5.531     0.985938        49097        71.11
       5.623     0.987500        49175        80.00
       5.723     0.989062        49252        91.43
       5.859     0.990625        49330       106.67
       6.007     0.992188        49407       128.00
       6.087     0.992969        49449       142.22
       6.155     0.993750        49485       160.00
       6.251     0.994531        49524       182.86
       6.363     0.995313        49563       213.33
       6.483     0.996094        49602       256.00
       6.543     0.996484        49622       284.44
       6.627     0.996875        49642       320.00
       6.723     0.997266        49660       365.71
       6.803     0.997656        49683       426.67
       6.871     0.998047        49699       512.00
       6.955     0.998242        49709       568.89
       7.003     0.998437        49720       640.00
       7.047     0.998633        49729       731.43
       7.175     0.998828        49738       853.33
       7.275     0.999023        49749      1024.00
       7.311     0.999121        49753      1137.78
       7.335     0.999219        49758      1280.00
       7.363     0.999316        49762      1462.86
       7.463     0.999414        49767      1706.67
       7.559     0.999512        49772      2048.00
       7.579     0.999561        49775      2275.56
       7.619     0.999609        49777      2560.00
       7.671     0.999658        49779      2925.71
       7.699     0.999707        49782      3413.33
       7.747     0.999756        49784      4096.00
       7.931     0.999780        49786      4551.11
       7.955     0.999805        49787      5120.00
       7.995     0.999829        49788      5851.43
       8.123     0.999854        49789      6826.67
       8.131     0.999878        49790      8192.00
       8.687     0.999890        49791      9102.22
      13.543     0.999902        49792     10240.00
      13.543     0.999915        49792     11702.86
      14.559     0.999927        49793     13653.33
      14.559     0.999939        49793     16384.00
      14.575     0.999945        49794     18204.44
      14.575     0.999951        49794     20480.00
      14.575     0.999957        49794     23405.71
      14.839     0.999963        49795     27306.67
      14.839     0.999969        49795     32768.00
      14.839     0.999973        49795     36408.89
      14.839     0.999976        49795     40960.00
      14.839     0.999979        49795     46811.43
      15.031     0.999982        49796     54613.33
      15.031     1.000000        49796          inf
#[Mean    =        2.485, StdDeviation   =        0.903]
#[Max     =       15.024, Total count    =        49796]
#[Buckets =           27, SubBuckets     =         2048]
----------------------------------------------------------
  74879 requests in 30.08s, 0.99GB read
  Socket errors: connect 0, read 68, write 0, timeout 0
Requests/sec:   2489.12
Transfer/sec:     33.74MB
WRKX_RESULT {"durationUs":30082526,"requests":74879,"responses":74879,"errors":68,"bytes":1064405023,"latencyAvgUs":2484.787,"latencyP95Us":4335.000,"latencyP99Us":5795.000}
