Running 30s test @ http://localhost:9991/postgres/orders
  16 threads and 256 connections
  Thread calibration: mean lat.: 4102.397ms, rate sampling interval: 16211ms
  Thread calibration: mean lat.: 4181.067ms, rate sampling interval: 14942ms
  Thread calibration: mean lat.: 4189.627ms, rate sampling interval: 15613ms
  Thread calibration: mean lat.: 4118.697ms, rate sampling interval: 15507ms
  Thread calibration: mean lat.: 4105.451ms, rate sampling interval: 16121ms
  Thread calibration: mean lat.: 4506.568ms, rate sampling interval: 15974ms
  Thread calibration: mean lat.: 4433.335ms, rate sampling interval: 16515ms
  Thread calibration: mean lat.: 4673.626ms, rate sampling interval: 16064ms
  Thread calibration: mean lat.: 4721.172ms, rate sampling interval: 16039ms
  Thread calibration: mean lat.: 4469.553ms, rate sampling interval: 15925ms
  Thread calibration: mean lat.: 4530.695ms, rate sampling interval: 15941ms
  Thread calibration: mean lat.: 4530.425ms, rate sampling interval: 15679ms
  Thread calibration: mean lat.: 4418.787ms, rate sampling interval: 16220ms
  Thread calibration: mean lat.: 4380.318ms, rate sampling interval: 16400ms
  Thread calibration: mean lat.: 4699.931ms, rate sampling interval: 16195ms
  Thread calibration: mean lat.: 4020.851ms, rate sampling interval: 14868ms
  Thread Stats   Avg      Stdev     Max   +/- Stdev
    Latency    17.88s     5.36s   28.36s    58.04%
    Req/Sec     0.87k    61.70     0.99k    75.00%
  Latency Distribution (HdrHistogram - Recorded Latency)
 50.000%   17.99s 
 75.000%   22.41s 
 90.000%   25.17s 
 99.000%   27.38s 
 99.900%   27.92s 
 99.990%   28.18s 
 99.999%   28.33s 
100.000%   28.38s 

  Detailed Percentile spectrum:
       Value   Percentile   TotalCount 1/(1-Percentile)

    6647.807     0.000000            1         1.00
   10436.607     0.100000        27798         1.11
   12271.615     0.200000        55636         1.25
   14139.391     0.300000        83361         1.43
   16146.431     0.400000       111204         1.67
   17989.631     0.500000       138912         2.00
   18907.135     0.550000       152903         2.22
   19808.255     0.600000       166767         2.50
   20725.759     0.650000       180803         2.86
   21594.111     0.700000       194602         3.33
   22413.311     0.750000       208594         4.00
   22855.679     0.775000       215509         4.44
   23298.047     0.800000       222354         5.00
   23773.183     0.825000       229320         5.71
   24248.319     0.850000       236249         6.67
   24707.071     0.875000       243309         8.00
   24920.063     0.887500       246584         8.89
   25165.823     0.900000       250186        10.00
   25411.583     0.912500       253597        11.43
   25673.727     0.925000       256992        13.33
   25968.639     0.937500       260529        16.00
   26116.095     0.943750       262225        17.78
   26263.551     0.950000       263921        20.00
   26411.007     0.956250       265675        22.86
   26591.231     0.962500       267502        26.67
   26722.303     0.968750       269168        32.00
   26787.839     0.971875       269995        35.56
   26869.759     0.975000       270879        40.00
   26984.447     0.978125       271857        45.71
   27082.751     0.981250       272673        53.33
   27181.055     0.984375       273544        64.00
   27230.207     0.985938       273951        71.11
   27279.359     0.987500       274370        80.00
   27344.895     0.989062       274880        91.43
   27394.047     0.990625       275278       106.67
   27459.583     0.992188       275739       128.00
   27475.967     0.992969       275862       142.22
   27508.735     0.993750       276078       160.00
   27557.887     0.994531       276341       182.86
   27607.039     0.995313       276563       213.33
   27656.191     0.996094       276769       256.00
   27672.575     0.996484       276836       284.44
   27705.343     0.996875       276956       320.00
   27738.111     0.997266       277087       365.71
   27770.879     0.997656       277205       426.67
   27787.263     0.998047       277260       512.00
   27803.647     0.998242       277313       568.89
   27836.415     0.998437       277394       640.00
   27852.799     0.998633       277424       731.43
   27885.567     0.998828       277488       853.33
   27918.335     0.999023       277545      1024.00
   27934.719     0.999121       277560      1137.78
   27951.103     0.999219       277589      1280.00
   27983.871     0.999316       277631      1462.86
   28000.255     0.999414       277647      1706.67
   28033.023     0.999512       277681      2048.00
   28033.023     0.999561       277681      2275.56
   28049.407     0.999609       277696      2560.00
   28065.791     0.999658       277708      2925.71
   28082.175     0.999707       277720      3413.33
   28098.559     0.999756       277734      4096.00
   28114.943     0.999780       277747      4551.11
   28114.943     0.999805       277747      5120.00
   28131.327     0.999829       277754      5851.43
   28147.711     0.999854       277762      6826.67
   28164.095     0.999878       277770      8192.00
   28180.479     0.999890       277778      9102.22
   28180.479     0.999902       277778     10240.00
   28180.479     0.999915       277778     11702.86
   28196.863     0.999927       277781     13653.33
   28213.247     0.999939       277787     16384.00
   28213.247     0.999945       277787     18204.44
   28229.631     0.999951       277789     20480.00
   28246.015     0.999957       277793     23405.71
   28246.015     0.999963       277793     27306.67
   28246.015     0.999969       277793     32768.00
   28262.399     0.999973       277794     36408.89
   28278.783     0.999976       277796     40960.00
   28278.783     0.999979       277796     46811.43
   28278.783     0.999982       277796     54613.33
   28311.551     0.999985       277797     65536.00
   28327.935     0.999986       277799     72817.78
   28327.935     0.999988       277799     81920.00
   28327.935     0.999989       277799     93622.86
   28327.935     0.999991       277799    109226.67
   28327.935     0.999992       277799    131072.00
   28360.703     0.999993       277800    145635.56
   28360.703     0.999994       277800    163840.00
   28360.703     0.999995       277800    187245.71
   28360.703     0.999995       277800    218453.33
   28360.703     0.999996       277800    262144.00
   28377.087     0.999997       277801    291271.11
   28377.087     1.000000       277801          inf
#[Mean    =    17883.271, StdDeviation   =     5356.036]
#[Max     =    28360.704, Total count    =       277801]
#[Buckets =           27, SubBuckets     =         2048]
----------------------------------------------------------
  417116 requests in 30.00s, 5.52GB read
  Socket errors: connect 0, read 14, write 0, timeout 0
Requests/sec:  13903.41
Transfer/sec:    188.48MB
WRKX_RESULT {"durationUs":30000983,"requests":417116,"responses":417116,"errors":14,"bytes":5929319102,"latencyAvgUs":17883270.793,"latencyP95Us":26263551.000,"latencyP99Us":27377663.000}
