Running 30s test @ http://localhost:9991/postgres/orders
  16 threads and 256 connections
  Thread calibration: mean lat.: 2294.694ms, rate sampling interval: 9699ms
  Thread calibration: mean lat.: 2193.857ms, rate sampling interval: 8871ms
  Thread calibration: mean lat.: 2787.017ms, rate sampling interval: 11378ms
  Thread calibration: mean lat.: 2295.462ms, rate sampling interval: 9281ms
  Thread calibration: mean lat.: 2347.022ms, rate sampling interval: 9715ms
  Thread calibration: mean lat.: 2686.250ms, rate sampling interval: 10248ms
  Thread calibration: mean lat.: 2168.217ms, rate sampling interval: 10018ms
  Thread calibration: mean lat.: 2256.169ms, rate sampling interval: 8953ms
  Thread calibration: mean lat.: 2203.817ms, rate sampling interval: 9879ms
  Thread calibration: mean lat.: 2468.273ms, rate sampling interval: 10477ms
  Thread calibration: mean lat.: 2697.672ms, rate sampling interval: 10346ms
  Thread calibration: mean lat.: 2526.330ms, rate sampling interval: 10264ms
  Thread calibration: mean lat.: 2163.376ms, rate sampling interval: 9797ms
  Thread calibration: mean lat.: 2720.373ms, rate sampling interval: 9904ms
  Thread calibration: mean lat.: 2569.292ms, rate sampling interval: 10174ms
  Thread calibration: mean lat.: 2064.299ms, rate sampling interval: 9199ms
  Thread Stats   Avg      Stdev     Max   +/- Stdev
    Latency    10.48s     4.52s   22.95s    65.11%
    Req/Sec   820.48     82.18     0.94k    68.00%
  Latency Distribution (HdrHistogram - Recorded Latency)
 50.000%   10.35s 
 75.000%   13.90s 
 90.000%   16.57s 
 99.000%   19.99s 
 99.900%   21.84s 
 99.990%   22.95s 
 99.999%   22.97s 
100.000%   22.97s 

  Detailed Percentile spectrum:
       Value   Percentile   TotalCount 1/(1-Percentile)

       1.189     0.000000            1         1.00
    4861.951     0.100000        26481         1.11
    6352.895     0.200000        52971         1.25
    7675.903     0.300000        79421         1.43
    9109.503     0.400000       105912         1.67
   10346.495     0.500000       132411         2.00
   11067.391     0.550000       145654         2.22
   11763.711     0.600000       158746         2.50
   12525.567     0.650000       172089         2.86
   13172.735     0.700000       185263         3.33
   13901.823     0.750000       198428         4.00
   14262.271     0.775000       205120         4.44
   14655.487     0.800000       211754         5.00
   15065.087     0.825000       218381         5.71
   15532.031     0.850000       224933         6.67
   16048.127     0.875000       231556         8.00
   16302.079     0.887500       234822         8.89
   16572.415     0.900000       238147        10.00
   16891.903     0.912500       241440        11.43
   17170.431     0.925000       244789        13.33
   17498.111     0.937500       248148        16.00
   17678.335     0.943750       249734        17.78
   17891.327     0.950000       251416        20.00
   18120.703     0.956250       253067        22.86
   18350.079     0.962500       254706        26.67
   18563.071     0.968750       256349        32.00
   18677.759     0.971875       257212        35.56
   18792.447     0.975000       257976        40.00
   18956.287     0.978125       258824        45.71
   19136.511     0.981250       259637        53.33
   19349.503     0.984375       260441        64.00
   19496.959     0.985938       260876        71.11
   19660.799     0.987500       261287        80.00
   19841.023     0.989062       261672        91.43
   20103.167     0.990625       262089       106.67
   20348.927     0.992188       262511       128.00
   20430.847     0.992969       262715       142.22
   20561.919     0.993750       262915       160.00
   20725.759     0.994531       263134       182.86
   20922.367     0.995313       263326       213.33
   21037.055     0.996094       263531       256.00
   21118.975     0.996484       263660       284.44
   21168.127     0.996875       263743       320.00
   21233.663     0.997266       263861       365.71
   21282.815     0.997656       263957       426.67
   21348.351     0.998047       264049       512.00
   21430.271     0.998242       264111       568.89
   21495.807     0.998437       264159       640.00
   21594.111     0.998633       264204       731.43
   21741.567     0.998828       264260       853.33
   21856.255     0.999023       264312      1024.00
   21889.023     0.999121       264334      1137.78
   21938.175     0.999219       264365      1280.00
   21987.327     0.999316       264389      1462.86
   22036.479     0.999414       264409      1706.67
   22151.167     0.999512       264436      2048.00
   22216.703     0.999561       264452      2275.56
   22265.855     0.999609       264461      2560.00
   22331.391     0.999658       264476      2925.71
   22413.311     0.999707       264487      3413.33
   22560.767     0.999756       264501      4096.00
   22642.687     0.999780       264507      4551.11
   22740.991     0.999805       264513      5120.00
   22855.679     0.999829       264519      5851.43
   22953.983     0.999854       264543      6826.67
   22953.983     0.999878       264543      8192.00
   22953.983     0.999890       264543      9102.22
   22953.983     0.999902       264543     10240.00
   22953.983     0.999915       264543     11702.86
   22970.367     0.999927       264564     13653.33
   22970.367     1.000000       264564          inf
#[Mean    =    10481.029, StdDeviation   =     4523.124]
#[Max     =    22953.984, Total count    =       264564]
#[Buckets =           27, SubBuckets     =         2048]
----------------------------------------------------------
  403480 requests in 30.00s, 5.34GB read
  Socket errors: connect 0, read 12, write 0, timeout 0
Requests/sec:  13449.24
Transfer/sec:    182.32MB
WRKX_RESULT {"durationUs":30000211,"requests":403480,"responses":403480,"errors":12,"bytes":5735481272,"latencyAvgUs":10481028.818,"latencyP95Us":17891327.000,"latencyP99Us":19988479.000}
