Running 30s test @ http://localhost:9991/postgres/orders
  16 threads and 256 connections
  Thread calibration: mean lat.: 504.849ms, rate sampling interval: 1968ms
  Thread calibration: mean lat.: 505.031ms, rate sampling interval: 1959ms
  Thread calibration: mean lat.: 505.941ms, rate sampling interval: 1960ms
  Thread calibration: mean lat.: 505.707ms, rate sampling interval: 1961ms
  Thread calibration: mean lat.: 508.751ms, rate sampling interval: 1974ms
  Thread calibration: mean lat.: 508.722ms, rate sampling interval: 1975ms
  Thread calibration: mean lat.: 505.383ms, rate sampling interval: 1960ms
  Thread calibration: mean lat.: 501.841ms, rate sampling interval: 1952ms
  Thread calibration: mean lat.: 503.280ms, rate sampling interval: 1960ms
  Thread calibration: mean lat.: 504.131ms, rate sampling interval: 1950ms
  Thread calibration: mean lat.: 507.368ms, rate sampling interval: 1966ms
  Thread calibration: mean lat.: 504.076ms, rate sampling interval: 1955ms
  Thread calibration: mean lat.: 502.957ms, rate sampling interval: 1951ms
  Thread calibration: mean lat.: 510.283ms, rate sampling interval: 1975ms
  Thread calibration: mean lat.: 508.402ms, rate sampling interval: 1886ms
  Thread calibration: mean lat.: 507.220ms, rate sampling interval: 1969ms
  Thread Stats   Avg      Stdev     Max   +/- Stdev
    Latency     2.37s   740.99ms   3.86s    57.73%
    Req/Sec   541.94     14.27   578.00     78.12%
  Latency Distribution (HdrHistogram - Recorded Latency)
 50.000%    2.33s 
 75.000%    2.99s 
 90.000%    3.42s 
 99.000%    3.74s 
 99.900%    3.81s 
 99.990%    3.84s 
 99.999%    3.85s 
100.000%    3.86s 

  Detailed Percentile spectrum:
       Value   Percentile   TotalCount 1/(1-Percentile)

    1043.455     0.000000            1         1.00
    1359.871     0.100000        17309         1.11
    1601.535     0.200000        34552         1.25
    1912.831     0.300000        51821         1.43
    2063.359     0.400000        69100         1.67
    2332.671     0.500000        86315         2.00
    2435.071     0.550000        94991         2.22
    2598.911     0.600000       103607         2.50
    2723.839     0.650000       112239         2.86
    2859.007     0.700000       120920         3.33
    2990.079     0.750000       129521         4.00
    3069.951     0.775000       133809         4.44
    3151.871     0.800000       138137         5.00
    3209.215     0.825000       142485         5.71
    3276.799     0.850000       146775         6.67
    3350.527     0.875000       151167         8.00
    3385.343     0.887500       153325         8.89
    3416.063     0.900000       155496        10.00
    3442.687     0.912500       157579        11.43
    3469.311     0.925000       159697        13.33
    3508.223     0.937500       161862        16.00
    3536.895     0.943750       162909        17.78
    3571.711     0.950000       164005        20.00
    3604.479     0.956250       165087        22.86
    3633.151     0.962500       166194        26.67
    3657.727     0.968750       167265        32.00
    3670.015     0.971875       167820        35.56
    3682.303     0.975000       168375        40.00
    3692.543     0.978125       168837        45.71
    3704.831     0.981250       169381        53.33
    3719.167     0.984375       169982        64.00
    3725.311     0.985938       170218        71.11
    3731.455     0.987500       170461        80.00
    3739.647     0.989062       170767        91.43
    3745.791     0.990625       171001       106.67
    3753.983     0.992188       171289       128.00
    3758.079     0.992969       171421       142.22
    3762.175     0.993750       171544       160.00
    3768.319     0.994531       171732       182.86
    3772.415     0.995313       171828       213.33
    3776.511     0.996094       171947       256.00
    3780.607     0.996484       172035       284.44
    3782.655     0.996875       172082       320.00
    3786.751     0.997266       172179       365.71
    3788.799     0.997656       172209       426.67
    3792.895     0.998047       172284       512.00
    3794.943     0.998242       172317       568.89
    3796.991     0.998437       172346       640.00
    3799.039     0.998633       172378       731.43
    3803.135     0.998828       172432       853.33
    3805.183     0.999023       172455      1024.00
    3807.231     0.999121       172474      1137.78
    3809.279     0.999219       172496      1280.00
    3809.279     0.999316       172496      1462.86
    3811.327     0.999414       172511      1706.67
    3815.423     0.999512       172535      2048.00
    3817.471     0.999561       172546      2275.56
    3817.471     0.999609       172546      2560.00
    3819.519     0.999658       172554      2925.71
    3821.567     0.999707       172563      3413.33
    3823.615     0.999756       172570      4096.00
    3827.711     0.999780       172578      4551.11
    3827.711     0.999805       172578      5120.00
    3829.759     0.999829       172583      5851.43
    3831.807     0.999854       172589      6826.67
    3833.855     0.999878       172590      8192.00
    3835.903     0.999890       172595      9102.22
    3835.903     0.999902       172595     10240.00
    3837.951     0.999915       172598     11702.86
    3839.999     0.999927       172600     13653.33
    3842.047     0.999939       172602     16384.00
    3842.047     0.999945       172602     18204.44
    3844.095     0.999951       172606     20480.00
    3844.095     0.999957       172606     23405.71
    3844.095     0.999963       172606     27306.67
    3844.095     0.999969       172606     32768.00
    3848.191     0.999973       172607     36408.89
    3848.191     0.999976       172607     40960.00
    3850.239     0.999979       172608     46811.43
    3850.239     0.999982       172608     54613.33
    3852.287     0.999985       172609     65536.00
    3852.287     0.999986       172609     72817.78
    3852.287     0.999988       172609     81920.00
    3854.335     0.999989       172610     93622.86
    3854.335     0.999991       172610    109226.67
    3854.335     0.999992       172610    131072.00
    3854.335     0.999993       172610    145635.56
    3854.335     0.999994       172610    163840.00
    3858.431     0.999995       172611    187245.71
    3858.431     1.000000       172611          inf
#[Mean    =     2369.383, StdDeviation   =      740.994]
#[Max     =     3856.384, Total count    =       172611]
#[Buckets =           27, SubBuckets     =         2048]
----------------------------------------------------------
  261292 requests in 30.00s, 3.47GB read
Requests/sec:   8709.03
Transfer/sec:    118.40MB
WRKX_RESULT {"durationUs":30002434,"requests":261292,"responses":261292,"errors":0,"bytes":3724978752,"latencyAvgUs":2369383.234,"latencyP95Us":3571711.000,"latencyP99Us":3743743.000}
