Running 30s test @ http://localhost:9991/postgres/orders
  16 threads and 256 connections
  Thread calibration: mean lat.: 2.916ms, rate sampling interval: 10ms
  Thread calibration: mean lat.: 2.894ms, rate sampling interval: 10ms
  Thread calibration: mean lat.: 2.897ms, rate sampling interval: 10ms
  Thread calibration: mean lat.: 2.906ms, rate sampling interval: 10ms
  Thread calibration: mean lat.: 2.937ms, rate sampling interval: 10ms
  Thread calibration: mean lat.: 2.893ms, rate sampling interval: 10ms
  Thread calibration: mean lat.: 2.889ms, rate sampling interval: 10ms
  Thread calibration: mean lat.: 2.885ms, rate sampling interval: 10ms
  Thread calibration: mean lat.: 2.878ms, rate sampling interval: 10ms
  Thread calibration: mean lat.: 2.972ms, rate sampling interval: 10ms
  Thread calibration: mean lat.: 2.806ms, rate sampling interval: 10ms
  Thread calibration: mean lat.: 2.903ms, rate sampling interval: 10ms
  Thread calibration: mean lat.: 2.927ms, rate sampling interval: 10ms
  Thread calibration: mean lat.: 2.973ms, rate sampling interval: 10ms
  Thread calibration: mean lat.: 2.828ms, rate sampling interval: 10ms
  Thread calibration: mean lat.: 3.008ms, rate sampling interval: 10ms
  Thread Stats   Avg      Stdev     Max   +/- Stdev
    Latency     2.92ms    1.02ms   8.54ms   76.21%
    Req/Sec   164.62    120.05   555.00     59.83%
  Latency Distribution (HdrHistogram - Recorded Latency)
 50.000%    2.65ms
 75.000%    3.25ms
 90.000%    4.45ms
 99.000%    6.23ms
 99.900%    7.38ms
 99.990%    8.27ms
 99.999%    8.54ms
100.000%    8.54ms

  Detailed Percentile spectrum:
       Value   Percentile   TotalCount 1/(1-Percentile)

       1.163     0.000000            1         1.00
       1.940     0.100000         4986         1.11
       2.159     0.200000         9978         1.25
       2.335     0.300000        14971         1.43
       2.491     0.400000        19945         1.67
       2.647     0.500000        24943         2.00
       2.731     0.550000        27429         2.22
       2.825     0.600000        29882         2.50
       2.935     0.650000        32379         2.86
       3.071     0.700000        34895         3.33
       3.251     0.750000        37358         4.00
       3.371     0.775000        38604         4.44
       3.523     0.800000        39843         5.00
       3.709     0.825000        41085         5.71
       3.949     0.850000        42329         6.67
       4.187     0.875000        43575         8.00
       4.319     0.887500        44203         8.89
       4.451     0.900000        44820        10.00
       4.619     0.912500        45446        11.43
       4.759     0.925000        46063        13.33
       4.935     0.937500        46699        16.00
       5.027     0.943750        47000        17.78
       5.119     0.950000        47307        20.00
       5.227     0.956250        47617        22.86
       5.351     0.962500        47933        26.67
       5.487     0.968750        48246        32.00
       5.555     0.971875        48395        35.56
       5.631     0.975000        48551        40.00
       5.703     0.978125        48711        45.71
       5.803     0.981250        48865        53.33
       5.923     0.984375        49019        64.00
       6.003     0.985938        49098        71.11
       6.067     0.987500        49176        80.00
       6.159     0.989062        49251        91.43
       6.275     0.990625        49329       106.67
       6.355     0.992188        49407       128.00
       6.415     0.992969        49447       142.22
       6.459     0.993750        49486       160.00
       6.539     0.994531        49524       182.86
       6.651     0.995313        49563       213.33
       6.739     0.996094        49601       256.00
       6.795     0.996484        49620       284.44
       6.847     0.996875        49642       320.00
       6.923     0.997266        49659       365.71
       6.971     0.997656        49680       426.67
       7.055     0.998047        49698       512.00
       7.115     0.998242        49709       568.89
       7.163     0.998437        49718       640.00
       7.251     0.998633        49727       731.43
       7.331     0.998828        49740       853.33
       7.415     0.999023        49747      1024.00
       7.459     0.999121        49752      1137.78
       7.483     0.999219        49759      1280.00
       7.495     0.999316        49761      1462.86
       7.519     0.999414        49767      1706.67
       7.611     0.999512        49772      2048.00
       7.623     0.999561        49774      2275.56
       7.667     0.999609        49776      2560.00
       7.791     0.999658        49778      2925.71
       7.903     0.999707        49781      3413.33
       7.959     0.999756        49783      4096.00
       8.107     0.999780        49785      4551.11
       8.123     0.999805        49786      5120.00
       8.131     0.999829        49788      5851.43
       8.131     0.999854        49788      6826.67
       8.207     0.999878        49789      8192.00
       8.271     0.999890        49790      9102.22
       8.335     0.999902        49791     10240.00
       8.335     0.999915        49791     11702.86
       8.351     0.999927        49792     13653.33
       8.351     0.999939        49792     16384.00
       8.367     0.999945        49793     18204.44
       8.367     0.999951        49793     20480.00
       8.367     0.999957        49793     23405.71
       8.463     0.999963        49794     27306.67
       8.463     0.999969        49794     32768.00
       8.463     0.999973        49794     36408.89
       8.463     0.999976        49794     40960.00
       8.463     0.999979        49794     46811.43
       8.543     0.999982        49795     54613.33
       8.543     1.000000        49795          inf
#[Mean    =        2.921, StdDeviation   =        1.015]
#[Max     =        8.536, Total count    =        49795]
#[Buckets =           27, SubBuckets     =         2048]
----------------------------------------------------------
  75024 requests in 30.01s, 1.00GB read
Requests/sec:   2500.14
Transfer/sec:     33.99MB
WRKX_RESULT {"durationUs":30007918,"requests":75024,"responses":75024,"errors":0,"bytes":1069542144,"latencyAvgUs":2921.071,"latencyP95Us":5119.000,"latencyP99Us":6231.000}
