Running 30s test @ http://localhost:9991/postgres/orders
  16 threads and 256 connections
  Thread calibration: mean lat.: 2270.890ms, rate sampling interval: 8286ms
  Thread calibration: mean lat.: 2265.164ms, rate sampling interval: 8273ms
  Thread calibration: mean lat.: 2267.859ms, rate sampling interval: 8286ms
  Thread calibration: mean lat.: 2266.738ms, rate sampling interval: 8282ms
  Thread calibration: mean lat.: 2268.916ms, rate sampling interval: 8282ms
  Thread calibration: mean lat.: 2269.246ms, rate sampling interval: 8286ms
  Thread calibration: mean lat.: 2267.124ms, rate sampling interval: 8282ms
  Thread calibration: mean lat.: 2268.536ms, rate sampling interval: 8282ms
  Thread calibration: mean lat.: 2269.196ms, rate sampling interval: 8286ms
  Thread calibration: mean lat.: 2266.785ms, rate sampling interval: 8282ms
  Thread calibration: mean lat.: 2267.131ms, rate sampling interval: 8282ms
  Thread calibration: mean lat.: 2271.069ms, rate sampling interval: 8278ms
  Thread calibration: mean lat.: 2270.363ms, rate sampling interval: 8282ms
  Thread calibration: mean lat.: 2267.153ms, rate sampling interval: 8290ms
  Thread calibration: mean lat.: 2267.543ms, rate sampling interval: 8286ms
  Thread calibration: mean lat.: 2273.100ms, rate sampling interval: 8290ms
  Thread Stats   Avg      Stdev     Max   +/- Stdev
    Latency     8.95s     2.40s   12.96s    57.53%
    Req/Sec   539.84     15.04   555.00    100.00%
  Latency Distribution (HdrHistogram - Recorded Latency)
 50.000%    9.09s 
 75.000%   11.07s 
 90.000%   12.17s 
 99.000%   12.82s 
 99.900%   12.90s 
 99.990%   12.92s 
 99.999%   12.94s 
100.000%   12.97s 

  Detailed Percentile spectrum:
       Value   Percentile   TotalCount 1/(1-Percentile)

    4571.135     0.000000            1         1.00
    5545.983     0.100000        17433         1.11
    6451.199     0.200000        34863         1.25
    7258.111     0.300000        52294         1.43
    8249.343     0.400000        69747         1.67
    9093.119     0.500000        87176         2.00
    9486.335     0.550000        95949         2.22
    9887.743     0.600000       104748         2.50
   10272.767     0.650000       113412         2.86
   10674.175     0.700000       122184         3.33
   11067.391     0.750000       130884         4.00
   11255.807     0.775000       135168         4.44
   11444.223     0.800000       139585         5.00
   11649.023     0.825000       143940         5.71
   11812.863     0.850000       148348         6.67
   11993.087     0.875000       152596         8.00
   12083.199     0.887500       154831         8.89
   12165.119     0.900000       156972        10.00
   12255.231     0.912500       159124        11.43
   12337.151     0.925000       161354        13.33
   12419.071     0.937500       163500        16.00
   12460.031     0.943750       164621        17.78
   12500.991     0.950000       165698        20.00
   12550.143     0.956250       166839        22.86
   12591.103     0.962500       167793        26.67
   12640.255     0.968750       168888        32.00
   12673.023     0.971875       169549        35.56
   12697.599     0.975000       170053        40.00
   12722.175     0.978125       170574        45.71
   12746.751     0.981250       171110        53.33
   12771.327     0.984375       171644        64.00
   12787.711     0.985938       171986        71.11
   12795.903     0.987500       172157        80.00
   12812.287     0.989062       172495        91.43
   12828.671     0.990625       172816       106.67
   12836.863     0.992188       172980       128.00
   12845.055     0.992969       173149       142.22
   12853.247     0.993750       173315       160.00
   12861.439     0.994531       173472       182.86
   12869.631     0.995313       173635       213.33
   12869.631     0.996094       173635       256.00
   12877.823     0.996484       173786       284.44
   12877.823     0.996875       173786       320.00
   12886.015     0.997266       173943       365.71
   12886.015     0.997656       173943       426.67
   12894.207     0.998047       174077       512.00
   12894.207     0.998242       174077       568.89
   12894.207     0.998437       174077       640.00
   12894.207     0.998633       174077       731.43
   12902.399     0.998828       174172       853.33
   12902.399     0.999023       174172      1024.00
   12902.399     0.999121       174172      1137.78
   12902.399     0.999219       174172      1280.00
   12910.591     0.999316       174233      1462.86
   12910.591     0.999414       174233      1706.67
   12910.591     0.999512       174233      2048.00
   12910.591     0.999561       174233      2275.56
   12910.591     0.999609       174233      2560.00
   12918.783     0.999658       174276      2925.71
   12918.783     0.999707       174276      3413.33
   12918.783     0.999756       174276      4096.00
   12918.783     0.999780       174276      4551.11
   12918.783     0.999805       174276      5120.00
   12918.783     0.999829       174276      5851.43
   12918.783     0.999854       174276      6826.67
   12918.783     0.999878       174276      8192.00
   12918.783     0.999890       174276      9102.22
   12918.783     0.999902       174276     10240.00
   12926.975     0.999915       174283     11702.86
   12926.975     0.999927       174283     13653.33
   12926.975     0.999939       174283     16384.00
   12935.167     0.999945       174289     18204.44
   12935.167     0.999951       174289     20480.00
   12935.167     0.999957       174289     23405.71
   12935.167     0.999963       174289     27306.67
   12935.167     0.999969       174289     32768.00
   12935.167     0.999973       174289     36408.89
   12935.167     0.999976       174289     40960.00
   12943.359     0.999979       174291     46811.43
   12943.359     0.999982       174291     54613.33
   12943.359     0.999985       174291     65536.00
   12943.359     0.999986       174291     72817.78
   12943.359     0.999988       174291     81920.00
   12951.551     0.999989       174292     93622.86
   12951.551     0.999991       174292    109226.67
   12951.551     0.999992       174292    131072.00
   12951.551     0.999993       174292    145635.56
   12951.551     0.999994       174292    163840.00
   12967.935     0.999995       174293    187245.71
   12967.935     1.000000       174293          inf
#[Mean    =     8946.773, StdDeviation   =     2399.401]
#[Max     =    12959.744, Total count    =       174293]
#[Buckets =           27, SubBuckets     =         2048]
----------------------------------------------------------
  256067 requests in 30.01s, 3.40GB read
Requests/sec:   8533.92
Transfer/sec:    116.02MB
WRKX_RESULT {"durationUs":30005805,"requests":256067,"responses":256067,"errors":0,"bytes":3650491152,"latencyAvgUs":8946772.573,"latencyP95Us":12500991.000,"latencyP99Us":12820479.000}
