Running 30s test @ http://localhost:9991/postgres/orders
  16 threads and 256 connections
  Thread calibration: mean lat.: 4699.733ms, rate sampling interval: 17203ms
  Thread calibration: mean lat.: 4695.694ms, rate sampling interval: 17186ms
  Thread calibration: mean lat.: 4701.807ms, rate sampling interval: 17203ms
  Thread calibration: mean lat.: 4695.842ms, rate sampling interval: 17186ms
  Thread calibration: mean lat.: 4700.810ms, rate sampling interval: 17203ms
  Thread calibration: mean lat.: 4702.444ms, rate sampling interval: 17203ms
  Thread calibration: mean lat.: 4703.604ms, rate sampling interval: 17203ms
  Thread calibration: mean lat.: 4701.537ms, rate sampling interval: 17203ms
  Thread calibration: mean lat.: 4698.190ms, rate sampling interval: 17203ms
  Thread calibration: mean lat.: 4704.499ms, rate sampling interval: 17219ms
  Thread calibration: mean lat.: 4703.281ms, rate sampling interval: 17219ms
  Thread calibration: mean lat.: 4697.265ms, rate sampling interval: 17203ms
  Thread calibration: mean lat.: 4304.621ms, rate sampling interval: 15597ms
  Thread calibration: mean lat.: 4704.512ms, rate sampling interval: 17203ms
  Thread calibration: mean lat.: 4705.385ms, rate sampling interval: 17203ms
  Thread calibration: mean lat.: 4706.421ms, rate sampling interval: 17219ms
  Thread Stats   Avg      Stdev     Max   +/- Stdev
    Latency    18.90s     5.49s   28.67s    57.97%
    Req/Sec   543.50      1.00   547.00     93.75%
  Latency Distribution (HdrHistogram - Recorded Latency)
 50.000%   18.84s 
 75.000%   23.59s 
 90.000%   26.62s 
 99.000%   28.44s 
 99.900%   28.64s 
 99.990%   28.67s 
 99.999%   28.69s 
100.000%   28.69s 

  Detailed Percentile spectrum:
       Value   Percentile   TotalCount 1/(1-Percentile)

    8683.519     0.000000            4         1.00
   11386.879     0.100000        17200         1.11
   13180.927     0.200000        34417         1.25
   15106.047     0.300000        51622         1.43
   16957.439     0.400000        68880         1.67
   18841.599     0.500000        85971         2.00
   19824.639     0.550000        94663         2.22
   20742.143     0.600000       103153         2.50
   21725.183     0.650000       111883         2.86
   22659.071     0.700000       120477         3.33
   23592.959     0.750000       129043         4.00
   24084.479     0.775000       133327         4.44
   24559.615     0.800000       137541         5.00
   25051.135     0.825000       141980         5.71
   25526.271     0.850000       146151         6.67
   26083.327     0.875000       150456         8.00
   26361.855     0.887500       152619         8.89
   26623.999     0.900000       154818        10.00
   26869.759     0.912500       156915        11.43
   27115.519     0.925000       159135        13.33
   27377.663     0.937500       161287        16.00
   27492.351     0.943750       162305        17.78
   27623.423     0.950000       163464        20.00
   27738.111     0.956250       164465        22.86
   27869.183     0.962500       165557        26.67
   28000.255     0.968750       166672        32.00
   28065.791     0.971875       167199        35.56
   28131.327     0.975000       167716        40.00
   28196.863     0.978125       168222        45.71
   28262.399     0.981250       168755        53.33
   28327.935     0.984375       169302        64.00
   28360.703     0.985938       169587        71.11
   28393.471     0.987500       169842        80.00
   28426.239     0.989062       170106        91.43
   28459.007     0.990625       170364       106.67
   28491.775     0.992188       170617       128.00
   28508.159     0.992969       170778       142.22
   28524.543     0.993750       170890       160.00
   28540.927     0.994531       171041       182.86
   28557.311     0.995313       171163       213.33
   28573.695     0.996094       171300       256.00
   28590.079     0.996484       171444       284.44
   28590.079     0.996875       171444       320.00
   28606.463     0.997266       171565       365.71
   28606.463     0.997656       171565       426.67
   28622.847     0.998047       171718       512.00
   28622.847     0.998242       171718       568.89
   28622.847     0.998437       171718       640.00
   28622.847     0.998633       171718       731.43
   28639.231     0.998828       171798       853.33
   28639.231     0.999023       171798      1024.00
   28639.231     0.999121       171798      1137.78
   28639.231     0.999219       171798      1280.00
   28655.615     0.999316       171880      1462.86
   28655.615     0.999414       171880      1706.67
   28655.615     0.999512       171880      2048.00
   28655.615     0.999561       171880      2275.56
   28655.615     0.999609       171880      2560.00
   28655.615     0.999658       171880      2925.71
   28655.615     0.999707       171880      3413.33
   28655.615     0.999756       171880      4096.00
   28671.999     0.999780       171910      4551.11
   28671.999     0.999805       171910      5120.00
   28671.999     0.999829       171910      5851.43
   28671.999     0.999854       171910      6826.67
   28671.999     0.999878       171910      8192.00
   28671.999     0.999890       171910      9102.22
   28671.999     0.999902       171910     10240.00
   28671.999     0.999915       171910     11702.86
   28671.999     0.999927       171910     13653.33
   28688.383     0.999939       171921     16384.00
   28688.383     1.000000       171921          inf
#[Mean    =    18904.841, StdDeviation   =     5490.291]
#[Max     =    28672.000, Total count    =       171921]
#[Buckets =           27, SubBuckets     =         2048]
----------------------------------------------------------
  261936 requests in 30.01s, 3.48GB read
Requests/sec:   8729.44
Transfer/sec:    118.68MB
WRKX_RESULT {"durationUs":30006039,"requests":261936,"responses":261936,"errors":0,"bytes":3734159616,"latencyAvgUs":18904840.567,"latencyP95Us":27623423.000,"latencyP99Us":28442623.000}
