Running 30s test @ http://localhost:9991/postgres/orders
  16 threads and 256 connections
  Thread calibration: mean lat.: 3420.205ms, rate sampling interval: 12238ms
  Thread calibration: mean lat.: 3416.364ms, rate sampling interval: 12238ms
  Thread calibration: mean lat.: 3416.797ms, rate sampling interval: 12247ms
  Thread calibration: mean lat.: 3419.961ms, rate sampling interval: 12230ms
  Thread calibration: mean lat.: 3413.756ms, rate sampling interval: 12222ms
  Thread calibration: mean lat.: 3417.221ms, rate sampling interval: 12238ms
  Thread calibration: mean lat.: 3415.467ms, rate sampling interval: 12238ms
  Thread calibration: mean lat.: 3414.902ms, rate sampling interval: 12230ms
  Thread calibration: mean lat.: 3416.788ms, rate sampling interval: 12238ms
  Thread calibration: mean lat.: 3418.184ms, rate sampling interval: 12238ms
  Thread calibration: mean lat.: 3416.726ms, rate sampling interval: 12230ms
  Thread calibration: mean lat.: 3413.879ms, rate sampling interval: 12230ms
  Thread calibration: mean lat.: 3417.960ms, rate sampling interval: 12238ms
  Thread calibration: mean lat.: 3418.878ms, rate sampling interval: 12238ms
  Thread calibration: mean lat.: 3418.389ms, rate sampling interval: 12230ms
  Thread calibration: mean lat.: 3419.448ms, rate sampling interval: 12238ms
  Thread Stats   Avg      Stdev     Max   +/- Stdev
    Latency    13.27s     3.66s   19.56s    57.88%
    Req/Sec   554.00      0.00   554.00    100.00%
  Latency Distribution (HdrHistogram - Recorded Latency)
 50.000%   13.39s 
 75.000%   16.48s 
 90.000%   18.22s 
 99.000%   19.40s 
 99.900%   19.53s 
 99.990%   19.55s 
 99.999%   19.56s 
100.000%   19.58s 

  Detailed Percentile spectrum:
       Value   Percentile   TotalCount 1/(1-Percentile)

    6758.399     0.000000            1         1.00
    8077.311     0.100000        17929         1.11
    9453.567     0.200000        35863         1.25
   10772.479     0.300000        53828         1.43
   12107.775     0.400000        71698         1.67
   13393.919     0.500000        89580         2.00
   13975.551     0.550000        98631         2.22
   14598.143     0.600000       107468         2.50
   15253.503     0.650000       116533         2.86
   15892.479     0.700000       125478         3.33
   16482.303     0.750000       134342         4.00
   16760.831     0.775000       138927         4.44
   17055.743     0.800000       143406         5.00
   17334.271     0.825000       147857         5.71
   17645.567     0.850000       152279         6.67
   17940.479     0.875000       156852         8.00
   18087.935     0.887500       159127         8.89
   18219.007     0.900000       161218        10.00
   18366.463     0.912500       163553        11.43
   18513.919     0.925000       165743        13.33
   18677.759     0.937500       167983        16.00
   18759.679     0.943750       169090        17.78
   18857.983     0.950000       170262        20.00
   18939.903     0.956250       171332        22.86
   19038.207     0.962500       172573        26.67
   19120.127     0.968750       173646        32.00
   19152.895     0.971875       174094        35.56
   19202.047     0.975000       174788        40.00
   19234.815     0.978125       175256        45.71
   19283.967     0.981250       175952        53.33
   19316.735     0.984375       176420        64.00
   19333.119     0.985938       176649        71.11
   19365.887     0.987500       177076        80.00
   19382.271     0.989062       177266        91.43
   19398.655     0.990625       177457       106.67
   19431.423     0.992188       177855       128.00
   19431.423     0.992969       177855       142.22
   19447.807     0.993750       178038       160.00
   19464.191     0.994531       178245       182.86
   19480.575     0.995313       178452       213.33
   19480.575     0.996094       178452       256.00
   19496.959     0.996484       178661       284.44
   19496.959     0.996875       178661       320.00
   19496.959     0.997266       178661       365.71
   19513.343     0.997656       178862       426.67
   19513.343     0.998047       178862       512.00
   19513.343     0.998242       178862       568.89
   19513.343     0.998437       178862       640.00
   19529.727     0.998633       179013       731.43
   19529.727     0.998828       179013       853.33
   19529.727     0.999023       179013      1024.00
   19529.727     0.999121       179013      1137.78
   19529.727     0.999219       179013      1280.00
   19529.727     0.999316       179013      1462.86
   19529.727     0.999414       179013      1706.67
   19546.111     0.999512       179099      2048.00
   19546.111     0.999561       179099      2275.56
   19546.111     0.999609       179099      2560.00
   19546.111     0.999658       179099      2925.71
   19546.111     0.999707       179099      3413.33
   19546.111     0.999756       179099      4096.00
   19546.111     0.999780       179099      4551.11
   19546.111     0.999805       179099      5120.00
   19546.111     0.999829       179099      5851.43
   19546.111     0.999854       179099      6826.67
   19546.111     0.999878       179099      8192.00
   19546.111     0.999890       179099      9102.22
   19546.111     0.999902       179099     10240.00
   19546.111     0.999915       179099     11702.86
   19546.111     0.999927       179099     13653.33
   19562.495     0.999939       179111     16384.00
   19562.495     0.999945       179111     18204.44
   19562.495     0.999951       179111     20480.00
   19562.495     0.999957       179111     23405.71
   19562.495     0.999963       179111     27306.67
   19562.495     0.999969       179111     32768.00
   19562.495     0.999973       179111     36408.89
   19562.495     0.999976       179111     40960.00
   19562.495     0.999979       179111     46811.43
   19562.495     0.999982       179111     54613.33
   19562.495     0.999985       179111     65536.00
   19562.495     0.999986       179111     72817.78
   19562.495     0.999988       179111     81920.00
   19562.495     0.999989       179111     93622.86
   19562.495     0.999991       179111    109226.67
   19562.495     0.999992       179111    131072.00
   19562.495     0.999993       179111    145635.56
   19562.495     0.999994       179111    163840.00
   19578.879     0.999995       179112    187245.71
   19578.879     1.000000       179112          inf
#[Mean    =    13269.228, StdDeviation   =     3661.842]
#[Max     =    19562.496, Total count    =       179112]
#[Buckets =           27, SubBuckets     =         2048]
----------------------------------------------------------
  260811 requests in 30.00s, 3.46GB read
Requests/sec:   8693.38
Transfer/sec:    118.19MB
WRKX_RESULT {"durationUs":30001112,"requests":260811,"responses":260811,"errors":0,"bytes":3718125712,"latencyAvgUs":13269228.105,"latencyP95Us":18857983.000,"latencyP99Us":19398655.000}
