Running 30s test @ http://localhost:9991/postgres/orders
  16 threads and 256 connections
  Thread calibration: mean lat.: 3989.020ms, rate sampling interval: 14434ms
  Thread calibration: mean lat.: 3981.955ms, rate sampling interval: 14417ms
  Thread calibration: mean lat.: 3984.930ms, rate sampling interval: 14426ms
  Thread calibration: mean lat.: 3986.047ms, rate sampling interval: 14417ms
  Thread calibration: mean lat.: 3988.890ms, rate sampling interval: 14426ms
  Thread calibration: mean lat.: 3987.087ms, rate sampling interval: 14434ms
  Thread calibration: mean lat.: 3986.320ms, rate sampling interval: 14426ms
  Thread calibration: mean lat.: 3985.654ms, rate sampling interval: 14417ms
  Thread calibration: mean lat.: 3985.712ms, rate sampling interval: 14426ms
  Thread calibration: mean lat.: 3983.474ms, rate sampling interval: 14417ms
  Thread calibration: mean lat.: 3989.203ms, rate sampling interval: 14417ms
  Thread calibration: mean lat.: 3992.514ms, rate sampling interval: 14434ms
  Thread calibration: mean lat.: 3987.792ms, rate sampling interval: 14417ms
  Thread calibration: mean lat.: 3983.970ms, rate sampling interval: 14417ms
  Thread calibration: mean lat.: 3994.594ms, rate sampling interval: 14434ms
  Thread calibration: mean lat.: 3985.463ms, rate sampling interval: 14426ms
  Thread Stats   Avg      Stdev     Max   +/- Stdev
    Latency    15.73s     4.48s   23.48s    57.68%
    Req/Sec   555.81      0.39   556.00    100.00%
  Latency Distribution (HdrHistogram - Recorded Latency)
 50.000%   15.75s 
 75.000%   19.68s 
 90.000%   21.94s 
 99.000%   23.30s 
 99.900%   23.45s 
 99.990%   23.48s 
 99.999%   23.49s 
100.000%   23.49s 

  Detailed Percentile spectrum:
       Value   Percentile   TotalCount 1/(1-Percentile)

    7970.815     0.000000            1         1.00
    9469.951     0.100000        17794         1.11
   11091.967     0.200000        35664         1.25
   12632.063     0.300000        53361         1.43
   14204.927     0.400000        71208         1.67
   15745.023     0.500000        89010         2.00
   16498.687     0.550000        97831         2.22
   17285.119     0.600000       106743         2.50
   18055.167     0.650000       115637         2.86
   18825.215     0.700000       124613         3.33
   19677.183     0.750000       133484         4.00
   20037.631     0.775000       137874         4.44
   20414.463     0.800000       142420         5.00
   20791.295     0.825000       146826         5.71
   21200.895     0.850000       151332         6.67
   21561.343     0.875000       155627         8.00
   21757.951     0.887500       157979         8.89
   21938.175     0.900000       160127        10.00
   22118.399     0.912500       162299        11.43
   22298.623     0.925000       164581        13.33
   22478.847     0.937500       166755        16.00
   22577.151     0.943750       167874        17.78
   22675.455     0.950000       169008        20.00
   22773.759     0.956250       170156        22.86
   22872.063     0.962500       171280        26.67
   22970.367     0.968750       172457        32.00
   23003.135     0.971875       172839        35.56
   23068.671     0.975000       173532        40.00
   23117.823     0.978125       174058        45.71
   23166.975     0.981250       174637        53.33
   23216.127     0.984375       175188        64.00
   23232.511     0.985938       175373        71.11
   23265.279     0.987500       175730        80.00
   23281.663     0.989062       175928        91.43
   23314.431     0.990625       176267       106.67
   23330.815     0.992188       176459       128.00
   23347.199     0.992969       176643       142.22
   23363.583     0.993750       176826       160.00
   23379.967     0.994531       176996       182.86
   23396.351     0.995313       177181       213.33
   23396.351     0.996094       177181       256.00
   23412.735     0.996484       177342       284.44
   23412.735     0.996875       177342       320.00
   23429.119     0.997266       177504       365.71
   23429.119     0.997656       177504       426.67
   23429.119     0.998047       177504       512.00
   23445.503     0.998242       177663       568.89
   23445.503     0.998437       177663       640.00
   23445.503     0.998633       177663       731.43
   23445.503     0.998828       177663       853.33
   23461.887     0.999023       177770      1024.00
   23461.887     0.999121       177770      1137.78
   23461.887     0.999219       177770      1280.00
   23461.887     0.999316       177770      1462.86
   23461.887     0.999414       177770      1706.67
   23461.887     0.999512       177770      2048.00
   23461.887     0.999561       177770      2275.56
   23461.887     0.999609       177770      2560.00
   23478.271     0.999658       177831      2925.71
   23478.271     0.999707       177831      3413.33
   23478.271     0.999756       177831      4096.00
   23478.271     0.999780       177831      4551.11
   23478.271     0.999805       177831      5120.00
   23478.271     0.999829       177831      5851.43
   23478.271     0.999854       177831      6826.67
   23478.271     0.999878       177831      8192.00
   23478.271     0.999890       177831      9102.22
   23478.271     0.999902       177831     10240.00
   23478.271     0.999915       177831     11702.86
   23478.271     0.999927       177831     13653.33
   23478.271     0.999939       177831     16384.00
   23478.271     0.999945       177831     18204.44
   23478.271     0.999951       177831     20480.00
   23478.271     0.999957       177831     23405.71
   23478.271     0.999963       177831     27306.67
   23494.655     0.999969       177837     32768.00
   23494.655     1.000000       177837          inf
#[Mean    =    15729.326, StdDeviation   =     4479.911]
#[Max     =    23478.272, Total count    =       177837]
#[Buckets =           27, SubBuckets     =         2048]
----------------------------------------------------------
  260095 requests in 30.00s, 3.45GB read
Requests/sec:   8668.73
Transfer/sec:    117.86MB
WRKX_RESULT {"durationUs":30003824,"requests":260095,"responses":260095,"errors":0,"bytes":3707932667,"latencyAvgUs":15729326.133,"latencyP95Us":22675455.000,"latencyP99Us":23298047.000}
