Running 30s test @ http://localhost:9991/postgres/orders
  16 threads and 256 connections
  Thread calibration: mean lat.: 4552.318ms, rate sampling interval: 16220ms
  Thread calibration: mean lat.: 4552.140ms, rate sampling interval: 16211ms
  Thread calibration: mean lat.: 4553.670ms, rate sampling interval: 16211ms
  Thread calibration: mean lat.: 4549.772ms, rate sampling interval: 16211ms
  Thread calibration: mean lat.: 4549.212ms, rate sampling interval: 16211ms
  Thread calibration: mean lat.: 4552.557ms, rate sampling interval: 16211ms
  Thread calibration: mean lat.: 4550.236ms, rate sampling interval: 16211ms
  Thread calibration: mean lat.: 4548.287ms, rate sampling interval: 16211ms
  Thread calibration: mean lat.: 4551.143ms, rate sampling interval: 16220ms
  Thread calibration: mean lat.: 4547.785ms, rate sampling interval: 16211ms
  Thread calibration: mean lat.: 4553.683ms, rate sampling interval: 16211ms
  Thread calibration: mean lat.: 4556.324ms, rate sampling interval: 16211ms
  Thread calibration: mean lat.: 4550.787ms, rate sampling interval: 16211ms
  Thread calibration: mean lat.: 4550.608ms, rate sampling interval: 16211ms
  Thread calibration: mean lat.: 4551.089ms, rate sampling interval: 16211ms
  Thread calibration: mean lat.: 4556.953ms, rate sampling interval: 16220ms
  Thread Stats   Avg      Stdev     Max   +/- Stdev
    Latency    17.76s     5.09s   26.53s    57.74%
    Req/Sec   549.19      0.39   550.00    100.00%
  Latency Distribution (HdrHistogram - Recorded Latency)
 50.000%   17.83s 
 75.000%   22.18s 
 90.000%   24.74s 
 99.000%   26.35s 
 99.900%   26.51s 
 99.990%   26.53s 
 99.999%   26.54s 
100.000%   26.54s 

  Detailed Percentile spectrum:
       Value   Percentile   TotalCount 1/(1-Percentile)

    8904.703     0.000000            3         1.00
   10633.215     0.100000        17528         1.11
   12427.263     0.200000        35061         1.25
   14270.463     0.300000        52618         1.43
   16048.127     0.400000        70140         1.67
   17825.791     0.500000        87650         2.00
   18726.911     0.550000        96373         2.22
   19611.647     0.600000       105208         2.50
   20479.999     0.650000       113967         2.86
   21315.583     0.700000       122690         3.33
   22183.935     0.750000       131459         4.00
   22593.535     0.775000       135787         4.44
   23019.519     0.800000       140287         5.00
   23429.119     0.825000       144564         5.71
   23871.487     0.850000       148905         6.67
   24313.855     0.875000       153288         8.00
   24543.231     0.887500       155599         8.89
   24739.839     0.900000       157664        10.00
   24952.831     0.912500       159909        11.43
   25182.207     0.925000       162190        13.33
   25411.583     0.937500       164340        16.00
   25526.271     0.943750       165437        17.78
   25640.959     0.950000       166545        20.00
   25739.263     0.956250       167535        22.86
   25853.951     0.962500       168681        26.67
   25968.639     0.968750       169808        32.00
   26017.791     0.971875       170282        35.56
   26083.327     0.975000       170925        40.00
   26132.479     0.978125       171414        45.71
   26181.631     0.981250       171913        53.33
   26247.167     0.984375       172565        64.00
   26263.551     0.985938       172732        71.11
   26296.319     0.987500       173055        80.00
   26329.087     0.989062       173368        91.43
   26361.855     0.990625       173674       106.67
   26378.239     0.992188       173833       128.00
   26394.623     0.992969       173992       142.22
   26411.007     0.993750       174146       160.00
   26427.391     0.994531       174317       182.86
   26443.775     0.995313       174468       213.33
   26460.159     0.996094       174637       256.00
   26460.159     0.996484       174637       284.44
   26460.159     0.996875       174637       320.00
   26476.543     0.997266       174814       365.71
   26476.543     0.997656       174814       426.67
   26492.927     0.998047       174959       512.00
   26492.927     0.998242       174959       568.89
   26492.927     0.998437       174959       640.00
   26492.927     0.998633       174959       731.43
   26509.311     0.998828       175087       853.33
   26509.311     0.999023       175087      1024.00
   26509.311     0.999121       175087      1137.78
   26509.311     0.999219       175087      1280.00
   26509.311     0.999316       175087      1462.86
   26509.311     0.999414       175087      1706.67
   26525.695     0.999512       175162      2048.00
   26525.695     0.999561       175162      2275.56
   26525.695     0.999609       175162      2560.00
   26525.695     0.999658       175162      2925.71
   26525.695     0.999707       175162      3413.33
   26525.695     0.999756       175162      4096.00
   26525.695     0.999780       175162      4551.11
   26525.695     0.999805       175162      5120.00
   26525.695     0.999829       175162      5851.43
   26525.695     0.999854       175162      6826.67
   26525.695     0.999878       175162      8192.00
   26525.695     0.999890       175162      9102.22
   26525.695     0.999902       175162     10240.00
   26525.695     0.999915       175162     11702.86
   26542.079     0.999927       175175     13653.33
   26542.079     1.000000       175175          inf
#[Mean    =    17757.175, StdDeviation   =     5088.311]
#[Max     =    26525.696, Total count    =       175175]
#[Buckets =           27, SubBuckets     =         2048]
----------------------------------------------------------
  258717 requests in 30.01s, 3.43GB read
Requests/sec:   8621.75
Transfer/sec:    117.22MB
WRKX_RESULT {"durationUs":30007496,"requests":258717,"responses":258717,"errors":0,"bytes":3688269552,"latencyAvgUs":17757175.378,"latencyP95Us":25640959.000,"latencyP99Us":26345471.000}
