Running 30s test @ http://localhost:9991/postgres/orders
  16 threads and 256 connections
  Thread calibration: mean lat.: 4772.207ms, rate sampling interval: 17121ms
  Thread calibration: mean lat.: 4773.187ms, rate sampling interval: 17121ms
  Thread calibration: mean lat.: 4772.122ms, rate sampling interval: 17104ms
  Thread calibration: mean lat.: 4773.167ms, rate sampling interval: 17104ms
  Thread calibration: mean lat.: 4774.245ms, rate sampling interval: 17121ms
  Thread calibration: mean lat.: 4776.235ms, rate sampling interval: 17121ms
  Thread calibration: mean lat.: 4770.627ms, rate sampling interval: 17104ms
  Thread calibration: mean lat.: 4775.784ms, rate sampling interval: 17121ms
  Thread calibration: mean lat.: 4771.777ms, rate sampling interval: 17121ms
  Thread calibration: mean lat.: 4773.407ms, rate sampling interval: 17104ms
  Thread calibration: mean lat.: 4772.145ms, rate sampling interval: 17088ms
  Thread calibration: mean lat.: 4773.535ms, rate sampling interval: 17088ms
  Thread calibration: mean lat.: 4774.010ms, rate sampling interval: 17104ms
  Thread calibration: mean lat.: 4770.278ms, rate sampling interval: 17104ms
  Thread calibration: mean lat.: 4776.710ms, rate sampling interval: 17104ms
  Thread calibration: mean lat.: 4775.553ms, rate sampling interval: 17104ms
  Thread Stats   Avg      Stdev     Max   +/- Stdev
    Latency    18.85s     5.44s   28.23s    57.47%
    Req/Sec   559.75      0.43   560.00    100.00%
  Latency Distribution (HdrHistogram - Recorded Latency)
 50.000%   18.97s 
 75.000%   23.56s 
 90.000%   26.31s 
 99.000%   28.02s 
 99.900%   28.20s 
 99.990%   28.23s 
 99.999%   28.25s 
100.000%   28.25s 

  Detailed Percentile spectrum:
       Value   Percentile   TotalCount 1/(1-Percentile)

    9453.567     0.000000            2         1.00
   11239.423     0.100000        17901         1.11
   13107.199     0.200000        35690         1.25
   15065.087     0.300000        53490         1.43
   17022.975     0.400000        71417         1.67
   18972.671     0.500000        89152         2.00
   19906.559     0.550000        98085         2.22
   20824.063     0.600000       106980         2.50
   21741.567     0.650000       115899         2.86
   22659.071     0.700000       124889         3.33
   23560.191     0.750000       133728         4.00
   24035.327     0.775000       138295         4.44
   24461.311     0.800000       142659         5.00
   24936.447     0.825000       147107         5.71
   25395.199     0.850000       151544         6.67
   25853.951     0.875000       156073         8.00
   26083.327     0.887500       158340         8.89
   26312.703     0.900000       160573        10.00
   26525.695     0.912500       162697        11.43
   26755.071     0.925000       165015        13.33
   27000.831     0.937500       167247        16.00
   27115.519     0.943750       168335        17.78
   27230.207     0.950000       169461        20.00
   27344.895     0.956250       170507        22.86
   27475.967     0.962500       171666        26.67
   27590.655     0.968750       172735        32.00
   27656.191     0.971875       173326        35.56
   27721.727     0.975000       173903        40.00
   27787.263     0.978125       174468        45.71
   27852.799     0.981250       175069        53.33
   27901.951     0.984375       175520        64.00
   27934.719     0.985938       175824        71.11
   27967.487     0.987500       176108        80.00
   28000.255     0.989062       176393        91.43
   28033.023     0.990625       176666       106.67
   28065.791     0.992188       176948       128.00
   28082.175     0.992969       177089       142.22
   28098.559     0.993750       177230       160.00
   28114.943     0.994531       177386       182.86
   28131.327     0.995313       177520       213.33
   28147.711     0.996094       177687       256.00
   28147.711     0.996484       177687       284.44
   28164.095     0.996875       177831       320.00
   28164.095     0.997266       177831       365.71
   28180.479     0.997656       177988       426.67
   28180.479     0.998047       177988       512.00
   28180.479     0.998242       177988       568.89
   28196.863     0.998437       178125       640.00
   28196.863     0.998633       178125       731.43
   28196.863     0.998828       178125       853.33
   28196.863     0.999023       178125      1024.00
   28213.247     0.999121       178213      1137.78
   28213.247     0.999219       178213      1280.00
   28213.247     0.999316       178213      1462.86
   28213.247     0.999414       178213      1706.67
   28213.247     0.999512       178213      2048.00
   28213.247     0.999561       178213      2275.56
   28229.631     0.999609       178265      2560.00
   28229.631     0.999658       178265      2925.71
   28229.631     0.999707       178265      3413.33
   28229.631     0.999756       178265      4096.00
   28229.631     0.999780       178265      4551.11
   28229.631     0.999805       178265      5120.00
   28229.631     0.999829       178265      5851.43
   28229.631     0.999854       178265      6826.67
   28229.631     0.999878       178265      8192.00
   28229.631     0.999890       178265      9102.22
   28246.015     0.999902       178283     10240.00
   28246.015     1.000000       178283          inf
#[Mean    =    18845.000, StdDeviation   =     5438.709]
#[Max     =    28229.632, Total count    =       178283]
#[Buckets =           27, SubBuckets     =         2048]
----------------------------------------------------------
  262603 requests in 30.00s, 3.49GB read
Requests/sec:   8752.20
Transfer/sec:    118.99MB
WRKX_RESULT {"durationUs":30004228,"requests":262603,"responses":262603,"errors":0,"bytes":3743682617,"latencyAvgUs":18845000.257,"latencyP95Us":27230207.000,"latencyP99Us":28016639.000}
