Running 30s test @ http://localhost:9991/postgres/orders
  16 threads and 256 connections
  Thread calibration: mean lat.: 3391.546ms, rate sampling interval: 12550ms
  Thread calibration: mean lat.: 3391.529ms, rate sampling interval: 12550ms
  Thread calibration: mean lat.: 3393.333ms, rate sampling interval: 12558ms
  Thread calibration: mean lat.: 3394.158ms, rate sampling interval: 12558ms
  Thread calibration: mean lat.: 3395.506ms, rate sampling interval: 12558ms
  Thread calibration: mean lat.: 3392.678ms, rate sampling interval: 12558ms
  Thread calibration: mean lat.: 3391.946ms, rate sampling interval: 12550ms
  Thread calibration: mean lat.: 3388.813ms, rate sampling interval: 12558ms
  Thread calibration: mean lat.: 3396.492ms, rate sampling interval: 12550ms
  Thread calibration: mean lat.: 3391.716ms, rate sampling interval: 12550ms
  Thread calibration: mean lat.: 3392.487ms, rate sampling interval: 12550ms
  Thread calibration: mean lat.: 3391.316ms, rate sampling interval: 12558ms
  Thread calibration: mean lat.: 3119.068ms, rate sampling interval: 11436ms
  Thread calibration: mean lat.: 3395.546ms, rate sampling interval: 12558ms
  Thread calibration: mean lat.: 3395.917ms, rate sampling interval: 12558ms
  Thread calibration: mean lat.: 3391.069ms, rate sampling interval: 12550ms
  Thread Stats   Avg      Stdev     Max   +/- Stdev
    Latency    13.89s     4.06s   21.18s    57.81%
    Req/Sec   551.12      0.33   552.00    100.00%
  Latency Distribution (HdrHistogram - Recorded Latency)
 50.000%   13.93s 
 75.000%   17.32s 
 90.000%   19.51s 
 99.000%   21.00s 
 99.900%   21.15s 
 99.990%   21.18s 
 99.999%   21.20s 
100.000%   21.20s 

  Detailed Percentile spectrum:
       Value   Percentile   TotalCount 1/(1-Percentile)

    6389.759     0.000000            1         1.00
    8335.359     0.100000        17404         1.11
    9560.063     0.200000        34755         1.25
   11042.815     0.300000        52150         1.43
   12468.223     0.400000        69442         1.67
   13934.591     0.500000        86781         2.00
   14639.103     0.550000        95436         2.22
   15327.231     0.600000       104166         2.50
   16007.167     0.650000       112833         2.86
   16670.719     0.700000       121485         3.33
   17317.887     0.750000       130263         4.00
   17645.567     0.775000       134539         4.44
   18006.015     0.800000       138832         5.00
   18366.463     0.825000       143271         5.71
   18726.911     0.850000       147535         6.67
   19103.743     0.875000       151874         8.00
   19300.351     0.887500       154014         8.89
   19513.343     0.900000       156228        10.00
   19709.951     0.912500       158407        11.43
   19906.559     0.925000       160498        13.33
   20119.551     0.937500       162748        16.00
   20217.855     0.943750       163750        17.78
   20332.543     0.950000       164902        20.00
   20447.231     0.956250       166059        22.86
   20545.535     0.962500       167098        26.67
   20643.839     0.968750       168125        32.00
   20709.375     0.971875       168768        35.56
   20758.527     0.975000       169284        40.00
   20807.679     0.978125       169804        45.71
   20856.831     0.981250       170307        53.33
   20922.367     0.984375       170970        64.00
   20938.751     0.985938       171129        71.11
   20971.519     0.987500       171480        80.00
   20987.903     0.989062       171652        91.43
   21020.671     0.990625       171991       106.67
   21037.055     0.992188       172168       128.00
   21053.439     0.992969       172322       142.22
   21069.823     0.993750       172491       160.00
   21086.207     0.994531       172677       182.86
   21102.591     0.995313       172852       213.33
   21102.591     0.996094       172852       256.00
   21118.975     0.996484       173021       284.44
   21118.975     0.996875       173021       320.00
   21135.359     0.997266       173207       365.71
   21135.359     0.997656       173207       426.67
   21135.359     0.998047       173207       512.00
   21135.359     0.998242       173207       568.89
   21151.743     0.998437       173380       640.00
   21151.743     0.998633       173380       731.43
   21151.743     0.998828       173380       853.33
   21151.743     0.999023       173380      1024.00
   21151.743     0.999121       173380      1137.78
   21151.743     0.999219       173380      1280.00
   21168.127     0.999316       173475      1462.86
   21168.127     0.999414       173475      1706.67
   21168.127     0.999512       173475      2048.00
   21168.127     0.999561       173475      2275.56
   21168.127     0.999609       173475      2560.00
   21168.127     0.999658       173475      2925.71
   21168.127     0.999707       173475      3413.33
   21168.127     0.999756       173475      4096.00
   21168.127     0.999780       173475      4551.11
   21168.127     0.999805       173475      5120.00
   21184.511     0.999829       173504      5851.43
   21184.511     0.999854       173504      6826.67
   21184.511     0.999878       173504      8192.00
   21184.511     0.999890       173504      9102.22
   21184.511     0.999902       173504     10240.00
   21184.511     0.999915       173504     11702.86
   21184.511     0.999927       173504     13653.33
   21184.511     0.999939       173504     16384.00
   21184.511     0.999945       173504     18204.44
   21184.511     0.999951       173504     20480.00
   21184.511     0.999957       173504     23405.71
   21184.511     0.999963       173504     27306.67
   21184.511     0.999969       173504     32768.00
   21184.511     0.999973       173504     36408.89
   21184.511     0.999976       173504     40960.00
   21200.895     0.999979       173508     46811.43
   21200.895     1.000000       173508          inf
#[Mean    =    13886.973, StdDeviation   =     4055.611]
#[Max     =    21184.512, Total count    =       173508]
#[Buckets =           27, SubBuckets     =         2048]
----------------------------------------------------------
  263459 requests in 30.01s, 3.50GB read
Requests/sec:   8779.38
Transfer/sec:    119.36MB
WRKX_RESULT {"durationUs":30008825,"requests":263459,"responses":263459,"errors":0,"bytes":3755893945,"latencyAvgUs":13886973.167,"latencyP95Us":20332543.000,"latencyP99Us":21004287.000}
