Running 30s test @ http://localhost:9991/postgres/orders
  16 threads and 256 connections
  Thread calibration: mean lat.: 4072.048ms, rate sampling interval: 14802ms
  Thread calibration: mean lat.: 4067.765ms, rate sampling interval: 14794ms
  Thread calibration: mean lat.: 4068.601ms, rate sampling interval: 14794ms
  Thread calibration: mean lat.: 4070.365ms, rate sampling interval: 14802ms
  Thread calibration: mean lat.: 4067.200ms, rate sampling interval: 14794ms
  Thread calibration: mean lat.: 4065.974ms, rate sampling interval: 14786ms
  Thread calibration: mean lat.: 4073.149ms, rate sampling interval: 14794ms
  Thread calibration: mean lat.: 4071.973ms, rate sampling interval: 14802ms
  Thread calibration: mean lat.: 4071.325ms, rate sampling interval: 14794ms
  Thread calibration: mean lat.: 4068.834ms, rate sampling interval: 14794ms
  Thread calibration: mean lat.: 4068.849ms, rate sampling interval: 14794ms
  Thread calibration: mean lat.: 4066.911ms, rate sampling interval: 14794ms
  Thread calibration: mean lat.: 4073.139ms, rate sampling interval: 14794ms
  Thread calibration: mean lat.: 4071.485ms, rate sampling interval: 14794ms
  Thread calibration: mean lat.: 4072.873ms, rate sampling interval: 14802ms
  Thread calibration: mean lat.: 4069.975ms, rate sampling interval: 14786ms
  Thread Stats   Avg      Stdev     Max   +/- Stdev
    Latency    16.41s     4.71s   24.76s    58.33%
    Req/Sec   546.38      0.48   547.00    100.00%
  Latency Distribution (HdrHistogram - Recorded Latency)
 50.000%   16.51s 
 75.000%   20.40s 
 90.000%   22.94s 
 99.000%   24.58s 
 99.900%   24.72s 
 99.990%   24.76s 
 99.999%   24.76s 
100.000%   24.77s 

  Detailed Percentile spectrum:
       Value   Percentile   TotalCount 1/(1-Percentile)

    8216.575     0.000000            2         1.00
    9854.975     0.100000        17223         1.11
   11493.375     0.200000        34391         1.25
   13148.159     0.300000        51488         1.43
   14868.479     0.400000        68714         1.67
   16506.879     0.500000        85872         2.00
   17268.735     0.550000        94555         2.22
   18006.015     0.600000       103063         2.50
   18825.215     0.650000       111589         2.86
   19595.263     0.700000       120130         3.33
   20398.079     0.750000       128864         4.00
   20791.295     0.775000       133121         4.44
   21200.895     0.800000       137404         5.00
   21594.111     0.825000       141617         5.71
   22003.711     0.850000       146005         6.67
   22446.079     0.875000       150221         8.00
   22675.455     0.887500       152330         8.89
   22937.599     0.900000       154496        10.00
   23183.359     0.912500       156713        11.43
   23412.735     0.925000       158761        13.33
   23658.495     0.937500       160978        16.00
   23773.183     0.943750       162008        17.78
   23887.871     0.950000       163065        20.00
   24002.559     0.956250       164200        22.86
   24117.247     0.962500       165320        26.67
   24215.551     0.968750       166310        32.00
   24264.703     0.971875       166823        35.56
   24313.855     0.975000       167338        40.00
   24379.391     0.978125       167977        45.71
   24428.543     0.981250       168464        53.33
   24477.695     0.984375       168966        64.00
   24510.463     0.985938       169319        71.11
   24526.847     0.987500       169504        80.00
   24559.615     0.989062       169840        91.43
   24575.999     0.990625       170015       106.67
   24608.767     0.992188       170353       128.00
   24625.151     0.992969       170527       142.22
   24641.535     0.993750       170699       160.00
   24641.535     0.994531       170699       182.86
   24657.919     0.995313       170859       213.33
   24674.303     0.996094       171031       256.00
   24674.303     0.996484       171031       284.44
   24690.687     0.996875       171209       320.00
   24690.687     0.997266       171209       365.71
   24690.687     0.997656       171209       426.67
   24707.071     0.998047       171361       512.00
   24707.071     0.998242       171361       568.89
   24707.071     0.998437       171361       640.00
   24723.455     0.998633       171500       731.43
   24723.455     0.998828       171500       853.33
   24723.455     0.999023       171500      1024.00
   24723.455     0.999121       171500      1137.78
   24723.455     0.999219       171500      1280.00
   24723.455     0.999316       171500      1462.86
   24739.839     0.999414       171582      1706.67
   24739.839     0.999512       171582      2048.00
   24739.839     0.999561       171582      2275.56
   24739.839     0.999609       171582      2560.00
   24739.839     0.999658       171582      2925.71
   24739.839     0.999707       171582      3413.33
   24739.839     0.999756       171582      4096.00
   24739.839     0.999780       171582      4551.11
   24739.839     0.999805       171582      5120.00
   24739.839     0.999829       171582      5851.43
   24756.223     0.999854       171608      6826.67
   24756.223     0.999878       171608      8192.00
   24756.223     0.999890       171608      9102.22
   24756.223     0.999902       171608     10240.00
   24756.223     0.999915       171608     11702.86
   24756.223     0.999927       171608     13653.33
   24756.223     0.999939       171608     16384.00
   24756.223     0.999945       171608     18204.44
   24756.223     0.999951       171608     20480.00
   24756.223     0.999957       171608     23405.71
   24756.223     0.999963       171608     27306.67
   24756.223     0.999969       171608     32768.00
   24756.223     0.999973       171608     36408.89
   24756.223     0.999976       171608     40960.00
   24756.223     0.999979       171608     46811.43
   24756.223     0.999982       171608     54613.33
   24756.223     0.999985       171608     65536.00
   24756.223     0.999986       171608     72817.78
   24756.223     0.999988       171608     81920.00
   24756.223     0.999989       171608     93622.86
   24756.223     0.999991       171608    109226.67
   24756.223     0.999992       171608    131072.00
   24756.223     0.999993       171608    145635.56
   24756.223     0.999994       171608    163840.00
   24772.607     0.999995       171609    187245.71
   24772.607     1.000000       171609          inf
#[Mean    =    16405.489, StdDeviation   =     4708.215]
#[Max     =    24756.224, Total count    =       171609]
#[Buckets =           27, SubBuckets     =         2048]
----------------------------------------------------------
  261643 requests in 30.00s, 3.47GB read
Requests/sec:   8720.49
Transfer/sec:    118.56MB
WRKX_RESULT {"durationUs":30003247,"requests":261643,"responses":261643,"errors":0,"bytes":3729996857,"latencyAvgUs":16405488.802,"latencyP95Us":23887871.000,"latencyP99Us":24575999.000}
