Running 30s test @ http://localhost:9991/postgres/orders
  16 threads and 256 connections
  Thread calibration: mean lat.: 2697.090ms, rate sampling interval: 10043ms
  Thread calibration: mean lat.: 2695.822ms, rate sampling interval: 10035ms
  Thread calibration: mean lat.: 2704.597ms, rate sampling interval: 10051ms
  Thread calibration: mean lat.: 2697.549ms, rate sampling interval: 10035ms
  Thread calibration: mean lat.: 2699.192ms, rate sampling interval: 10043ms
  Thread calibration: mean lat.: 2697.954ms, rate sampling interval: 10043ms
  Thread calibration: mean lat.: 2706.376ms, rate sampling interval: 10051ms
  Thread calibration: mean lat.: 2697.069ms, rate sampling interval: 10043ms
  Thread calibration: mean lat.: 2695.303ms, rate sampling interval: 10027ms
  Thread calibration: mean lat.: 2699.146ms, rate sampling interval: 10043ms
  Thread calibration: mean lat.: 2695.253ms, rate sampling interval: 10043ms
  Thread calibration: mean lat.: 2698.526ms, rate sampling interval: 10035ms
  Thread calibration: mean lat.: 2704.784ms, rate sampling interval: 10051ms
  Thread calibration: mean lat.: 2702.434ms, rate sampling interval: 10043ms
  Thread calibration: mean lat.: 2696.256ms, rate sampling interval: 10035ms
  Thread calibration: mean lat.: 2696.206ms, rate sampling interval: 10035ms
  Thread Stats   Avg      Stdev     Max   +/- Stdev
    Latency    11.16s     3.15s   16.97s    59.09%
    Req/Sec   546.94      0.24   547.00    100.00%
  Latency Distribution (HdrHistogram - Recorded Latency)
 50.000%   11.19s 
 75.000%   13.78s 
 90.000%   15.52s 
 99.000%   16.79s 
 99.900%   16.92s 
 99.990%   16.94s 
 99.999%   16.97s 
100.000%   16.99s 

  Detailed Percentile spectrum:
       Value   Percentile   TotalCount 1/(1-Percentile)

    5623.807     0.000000           10         1.00
    6778.879     0.100000        17315         1.11
    7917.567     0.200000        34555         1.25
    9043.967     0.300000        51864         1.43
   10076.159     0.400000        69152         1.67
   11190.271     0.500000        86435         2.00
   11722.751     0.550000        95058         2.22
   12206.079     0.600000       103586         2.50
   12746.751     0.650000       112282         2.86
   13271.039     0.700000       120862         3.33
   13778.943     0.750000       129488         4.00
   14032.895     0.775000       133900         4.44
   14319.615     0.800000       138163         5.00
   14606.335     0.825000       142520         5.71
   14893.055     0.850000       146799         6.67
   15204.351     0.875000       151122         8.00
   15351.807     0.887500       153331         8.89
   15515.647     0.900000       155368        10.00
   15687.679     0.912500       157518        11.43
   15867.903     0.925000       159717        13.33
   16064.511     0.937500       161875        16.00
   16154.623     0.943750       162923        17.78
   16244.735     0.950000       164038        20.00
   16326.655     0.956250       165078        22.86
   16424.959     0.962500       166217        26.67
   16506.879     0.968750       167255        32.00
   16547.839     0.971875       167785        35.56
   16596.991     0.975000       168399        40.00
   16637.951     0.978125       168940        45.71
   16678.911     0.981250       169467        53.33
   16719.871     0.984375       169994        64.00
   16736.255     0.985938       170202        71.11
   16760.831     0.987500       170542        80.00
   16777.215     0.989062       170777        91.43
   16793.599     0.990625       171009       106.67
   16826.367     0.992188       171438       128.00
   16826.367     0.992969       171438       142.22
   16842.751     0.993750       171627       160.00
   16859.135     0.994531       171838       182.86
   16859.135     0.995313       171838       213.33
   16875.519     0.996094       172032       256.00
   16875.519     0.996484       172032       284.44
   16891.903     0.996875       172215       320.00
   16891.903     0.997266       172215       365.71
   16908.287     0.997656       172414       426.67
   16908.287     0.998047       172414       512.00
   16908.287     0.998242       172414       568.89
   16908.287     0.998437       172414       640.00
   16908.287     0.998633       172414       731.43
   16924.671     0.998828       172550       853.33
   16924.671     0.999023       172550      1024.00
   16924.671     0.999121       172550      1137.78
   16924.671     0.999219       172550      1280.00
   16924.671     0.999316       172550      1462.86
   16924.671     0.999414       172550      1706.67
   16924.671     0.999512       172550      2048.00
   16924.671     0.999561       172550      2275.56
   16941.055     0.999609       172605      2560.00
   16941.055     0.999658       172605      2925.71
   16941.055     0.999707       172605      3413.33
   16941.055     0.999756       172605      4096.00
   16941.055     0.999780       172605      4551.11
   16941.055     0.999805       172605      5120.00
   16941.055     0.999829       172605      5851.43
   16941.055     0.999854       172605      6826.67
   16941.055     0.999878       172605      8192.00
   16941.055     0.999890       172605      9102.22
   16941.055     0.999902       172605     10240.00
   16957.439     0.999915       172616     11702.86
   16957.439     0.999927       172616     13653.33
   16957.439     0.999939       172616     16384.00
   16957.439     0.999945       172616     18204.44
   16957.439     0.999951       172616     20480.00
   16957.439     0.999957       172616     23405.71
   16957.439     0.999963       172616     27306.67
   16957.439     0.999969       172616     32768.00
   16957.439     0.999973       172616     36408.89
   16957.439     0.999976       172616     40960.00
   16973.823     0.999979       172619     46811.43
   16973.823     0.999982       172619     54613.33
   16973.823     0.999985       172619     65536.00
   16973.823     0.999986       172619     72817.78
   16973.823     0.999988       172619     81920.00
   16973.823     0.999989       172619     93622.86
   16973.823     0.999991       172619    109226.67
   16973.823     0.999992       172619    131072.00
   16973.823     0.999993       172619    145635.56
   16973.823     0.999994       172619    163840.00
   16990.207     0.999995       172620    187245.71
   16990.207     1.000000       172620          inf
#[Mean    =    11157.408, StdDeviation   =     3152.213]
#[Max     =    16973.824, Total count    =       172620]
#[Buckets =           27, SubBuckets     =         2048]
----------------------------------------------------------
  260859 requests in 30.00s, 3.46GB read
Requests/sec:   8694.68
Transfer/sec:    118.21MB
WRKX_RESULT {"durationUs":30002127,"requests":260859,"responses":260859,"errors":0,"bytes":3718805904,"latencyAvgUs":11157407.769,"latencyP95Us":16244735.000,"latencyP99Us":16793599.000}
