Running 30s test @ http://localhost:9991/postgres/orders
  16 threads and 256 connections
  Thread calibration: mean lat.: 15.266ms, rate sampling interval: 16ms
  Thread calibration: mean lat.: 15.041ms, rate sampling interval: 16ms
  Thread calibration: mean lat.: 15.111ms, rate sampling interval: 16ms
  Thread calibration: mean lat.: 15.384ms, rate sampling interval: 16ms
  Thread calibration: mean lat.: 15.294ms, rate sampling interval: 16ms
  Thread calibration: mean lat.: 15.246ms, rate sampling interval: 16ms
  Thread calibration: mean lat.: 15.238ms, rate sampling interval: 16ms
  Thread calibration: mean lat.: 15.983ms, rate sampling interval: 10ms
  Thread calibration: mean lat.: 15.156ms, rate sampling interval: 16ms
  Thread calibration: mean lat.: 15.266ms, rate sampling interval: 16ms
  Thread calibration: mean lat.: 15.220ms, rate sampling interval: 16ms
  Thread calibration: mean lat.: 15.346ms, rate sampling interval: 17ms
  Thread calibration: mean lat.: 15.097ms, rate sampling interval: 16ms
  Thread calibration: mean lat.: 15.306ms, rate sampling interval: 16ms
  Thread calibration: mean lat.: 15.218ms, rate sampling interval: 16ms
  Thread calibration: mean lat.: 15.283ms, rate sampling interval: 16ms
  Thread Stats   Avg      Stdev     Max   +/- Stdev
    Latency     3.69ms    1.52ms  14.09ms   72.38%
    Req/Sec   323.20    237.28     1.78k    81.76%
  Latency Distribution (HdrHistogram - Recorded Latency)
 50.000%    3.27ms
 75.000%    4.54ms
 90.000%    5.88ms
 99.000%    8.23ms
 99.900%   10.17ms
 99.990%   12.45ms
 99.999%   13.14ms
100.000%   14.10ms

  Detailed Percentile spectrum:
       Value   Percentile   TotalCount 1/(1-Percentile)

       1.187     0.000000            1         1.00
       2.117     0.100000        10000         1.11
       2.411     0.200000        19969         1.25
       2.671     0.300000        29882         1.43
       2.943     0.400000        39883         1.67
       3.269     0.500000        49797         2.00
       3.477     0.550000        54773         2.22
       3.711     0.600000        59768         2.50
       3.967     0.650000        64764         2.86
       4.247     0.700000        69765         3.33
       4.543     0.750000        74691         4.00
       4.715     0.775000        77184         4.44
       4.903     0.800000        79709         5.00
       5.099     0.825000        82175         5.71
       5.327     0.850000        84678         6.67
       5.575     0.875000        87149         8.00
       5.719     0.887500        88381         8.89
       5.875     0.900000        89645        10.00
       6.047     0.912500        90892        11.43
       6.235     0.925000        92122        13.33
       6.459     0.937500        93371        16.00
       6.579     0.943750        94000        17.78
       6.715     0.950000        94618        20.00
       6.867     0.956250        95231        22.86
       7.035     0.962500        95854        26.67
       7.227     0.968750        96481        32.00
       7.331     0.971875        96793        35.56
       7.439     0.975000        97115        40.00
       7.555     0.978125        97409        45.71
       7.695     0.981250        97725        53.33
       7.847     0.984375        98033        64.00
       7.931     0.985938        98187        71.11
       8.027     0.987500        98350        80.00
       8.151     0.989062        98501        91.43
       8.279     0.990625        98653       106.67
       8.431     0.992188        98813       128.00
       8.511     0.992969        98886       142.22
       8.599     0.993750        98964       160.00
       8.727     0.994531        99045       182.86
       8.847     0.995313        99121       213.33
       8.991     0.996094        99197       256.00
       9.071     0.996484        99235       284.44
       9.183     0.996875        99277       320.00
       9.287     0.997266        99316       365.71
       9.399     0.997656        99355       426.67
       9.535     0.998047        99390       512.00
       9.591     0.998242        99409       568.89
       9.671     0.998437        99429       640.00
       9.839     0.998633        99448       731.43
       9.999     0.998828        99470       853.33
      10.191     0.999023        99488      1024.00
      10.255     0.999121        99497      1137.78
      10.415     0.999219        99507      1280.00
      10.559     0.999316        99516      1462.86
      10.671     0.999414        99526      1706.67
      10.847     0.999512        99536      2048.00
      10.935     0.999561        99541      2275.56
      11.063     0.999609        99546      2560.00
      11.263     0.999658        99550      2925.71
      11.575     0.999707        99555      3413.33
      11.727     0.999756        99560      4096.00
      11.911     0.999780        99564      4551.11
      12.015     0.999805        99565      5120.00
      12.031     0.999829        99567      5851.43
      12.215     0.999854        99570      6826.67
      12.319     0.999878        99572      8192.00
      12.447     0.999890        99574      9102.22
      12.463     0.999902        99575     10240.00
      12.535     0.999915        99576     11702.86
      12.543     0.999927        99577     13653.33
      12.575     0.999939        99578     16384.00
      12.663     0.999945        99579     18204.44
      12.775     0.999951        99580     20480.00
      12.775     0.999957        99580     23405.71
      12.799     0.999963        99581     27306.67
      12.799     0.999969        99581     32768.00
      12.935     0.999973        99582     36408.89
      12.935     0.999976        99582     40960.00
      12.935     0.999979        99582     46811.43
      13.143     0.999982        99583     54613.33
      13.143     0.999985        99583     65536.00
      13.143     0.999986        99583     72817.78
      13.143     0.999988        99583     81920.00
      13.143     0.999989        99583     93622.86
      14.095     0.999991        99584    109226.67
      14.095     1.000000        99584          inf
#[Mean    =        3.690, StdDeviation   =        1.523]
#[Max     =       14.088, Total count    =        99584]
#[Buckets =           27, SubBuckets     =         2048]
----------------------------------------------------------
  149614 requests in 30.03s, 1.99GB read
Requests/sec:   4981.88
Transfer/sec:     67.73MB
WRKX_RESULT {"durationUs":30031608,"requests":149614,"responses":149614,"errors":0,"bytes":2132897184,"latencyAvgUs":3690.055,"latencyP95Us":6715.000,"latencyP99Us":8231.000}
