Running 30s test @ http://localhost:9991/postgres/orders
  16 threads and 256 connections
  Thread calibration: mean lat.: 4697.727ms, rate sampling interval: 17006ms
  Thread calibration: mean lat.: 4696.066ms, rate sampling interval: 17006ms
  Thread calibration: mean lat.: 4694.749ms, rate sampling interval: 16990ms
  Thread calibration: mean lat.: 4280.877ms, rate sampling interval: 15409ms
  Thread calibration: mean lat.: 4700.317ms, rate sampling interval: 16990ms
  Thread calibration: mean lat.: 4698.490ms, rate sampling interval: 16990ms
  Thread calibration: mean lat.: 4700.046ms, rate sampling interval: 17022ms
  Thread calibration: mean lat.: 4698.160ms, rate sampling interval: 16990ms
  Thread calibration: mean lat.: 4702.917ms, rate sampling interval: 16990ms
  Thread calibration: mean lat.: 4700.908ms, rate sampling interval: 16990ms
  Thread calibration: mean lat.: 4699.894ms, rate sampling interval: 16990ms
  Thread calibration: mean lat.: 4700.738ms, rate sampling interval: 17022ms
  Thread calibration: mean lat.: 4696.405ms, rate sampling interval: 17006ms
  Thread calibration: mean lat.: 4702.999ms, rate sampling interval: 17006ms
  Thread calibration: mean lat.: 4699.938ms, rate sampling interval: 17006ms
  Thread calibration: mean lat.: 4701.413ms, rate sampling interval: 17006ms
  Thread Stats   Avg      Stdev     Max   +/- Stdev
    Latency    18.77s     5.40s   28.23s    58.15%
    Req/Sec   274.94      0.24   275.00    100.00%
  Latency Distribution (HdrHistogram - Recorded Latency)
 50.000%   18.79s 
 75.000%   23.38s 
 90.000%   26.23s 
 99.000%   28.02s 
 99.900%   28.21s 
 99.990%   28.25s 
 99.999%   28.25s 
100.000%   28.25s 

  Detailed Percentile spectrum:
       Value   Percentile   TotalCount 1/(1-Percentile)

    8568.831     0.000000            1         1.00
   11304.959     0.100000         8741         1.11
   13180.927     0.200000        17464         1.25
   14983.167     0.300000        26200         1.43
   16908.287     0.400000        34963         1.67
   18792.447     0.500000        43680         2.00
   19775.487     0.550000        48024         2.22
   20709.375     0.600000        52400         2.50
   21610.495     0.650000        56779         2.86
   22462.463     0.700000        61125         3.33
   23379.967     0.750000        65489         4.00
   23855.103     0.775000        67686         4.44
   24330.239     0.800000        69896         5.00
   24788.991     0.825000        72064         5.71
   25264.127     0.850000        74210         6.67
   25755.647     0.875000        76426         8.00
   26001.407     0.887500        77532         8.89
   26230.783     0.900000        78587        10.00
   26492.927     0.912500        79709        11.43
   26738.687     0.925000        80759        13.33
   27000.831     0.937500        81916        16.00
   27115.519     0.943750        82420        17.78
   27230.207     0.950000        82942        20.00
   27361.279     0.956250        83523        22.86
   27475.967     0.962500        84040        26.67
   27607.039     0.968750        84622        32.00
   27672.575     0.971875        84906        35.56
   27721.727     0.975000        85121        40.00
   27787.263     0.978125        85423        45.71
   27852.799     0.981250        85720        53.33
   27901.951     0.984375        85942        64.00
   27934.719     0.985938        86091        71.11
   27967.487     0.987500        86231        80.00
   28000.255     0.989062        86366        91.43
   28033.023     0.990625        86517       106.67
   28065.791     0.992188        86656       128.00
   28082.175     0.992969        86730       142.22
   28098.559     0.993750        86803       160.00
   28114.943     0.994531        86865       182.86
   28131.327     0.995313        86937       213.33
   28147.711     0.996094        87013       256.00
   28147.711     0.996484        87013       284.44
   28164.095     0.996875        87077       320.00
   28164.095     0.997266        87077       365.71
   28180.479     0.997656        87144       426.67
   28180.479     0.998047        87144       512.00
   28196.863     0.998242        87207       568.89
   28196.863     0.998437        87207       640.00
   28196.863     0.998633        87207       731.43
   28196.863     0.998828        87207       853.33
   28213.247     0.999023        87254      1024.00
   28213.247     0.999121        87254      1137.78
   28213.247     0.999219        87254      1280.00
   28213.247     0.999316        87254      1462.86
   28213.247     0.999414        87254      1706.67
   28229.631     0.999512        87286      2048.00
   28229.631     0.999561        87286      2275.56
   28229.631     0.999609        87286      2560.00
   28229.631     0.999658        87286      2925.71
   28229.631     0.999707        87286      3413.33
   28229.631     0.999756        87286      4096.00
   28229.631     0.999780        87286      4551.11
   28229.631     0.999805        87286      5120.00
   28246.015     0.999829        87301      5851.43
   28246.015     1.000000        87301          inf
#[Mean    =    18767.044, StdDeviation   =     5398.077]
#[Max     =    28229.632, Total count    =        87301]
#[Buckets =           27, SubBuckets     =         2048]
----------------------------------------------------------
  130666 requests in 30.01s, 1.73GB read
Requests/sec:   4354.62
Transfer/sec:     59.12MB
WRKX_RESULT {"durationUs":30006275,"requests":130666,"responses":130666,"errors":0,"bytes":1860161176,"latencyAvgUs":18767043.567,"latencyP95Us":27230207.000,"latencyP99Us":28016639.000}
