Running 30s test @ http://localhost:9991/postgres/orders
  16 threads and 256 connections
  Thread calibration: mean lat.: 4867.155ms, rate sampling interval: 17743ms
  Thread calibration: mean lat.: 4870.195ms, rate sampling interval: 17776ms
  Thread calibration: mean lat.: 4869.318ms, rate sampling interval: 17760ms
  Thread calibration: mean lat.: 4872.755ms, rate sampling interval: 17776ms
  Thread calibration: mean lat.: 4870.383ms, rate sampling interval: 17776ms
  Thread calibration: mean lat.: 4874.111ms, rate sampling interval: 17760ms
  Thread calibration: mean lat.: 4879.080ms, rate sampling interval: 17776ms
  Thread calibration: mean lat.: 4873.864ms, rate sampling interval: 17760ms
  Thread calibration: mean lat.: 4872.124ms, rate sampling interval: 17776ms
  Thread calibration: mean lat.: 4873.112ms, rate sampling interval: 17760ms
  Thread calibration: mean lat.: 4872.367ms, rate sampling interval: 17760ms
  Thread calibration: mean lat.: 4876.169ms, rate sampling interval: 17793ms
  Thread calibration: mean lat.: 4874.315ms, rate sampling interval: 17776ms
  Thread calibration: mean lat.: 4865.799ms, rate sampling interval: 17760ms
  Thread calibration: mean lat.: 4876.170ms, rate sampling interval: 17760ms
  Thread calibration: mean lat.: 4872.176ms, rate sampling interval: 17743ms
  Thread Stats   Avg      Stdev     Max   +/- Stdev
    Latency    19.34s     5.69s   29.39s    57.44%
    Req/Sec   245.00      0.00   245.00    100.00%
  Latency Distribution (HdrHistogram - Recorded Latency)
 50.000%   19.20s 
 75.000%   24.25s 
 90.000%   27.44s 
 99.000%   29.21s 
 99.900%   29.36s 
 99.990%   29.39s 
 99.999%   29.41s 
100.000%   29.41s 

  Detailed Percentile spectrum:
       Value   Percentile   TotalCount 1/(1-Percentile)

    9797.631     0.000000            1         1.00
   11657.215     0.100000         7868         1.11
   13393.919     0.200000        15681         1.25
   15294.463     0.300000        23524         1.43
   17219.583     0.400000        31367         1.67
   19202.047     0.500000        39161         2.00
   20250.623     0.550000        43130         2.22
   21217.279     0.600000        47052         2.50
   22167.551     0.650000        50957         2.86
   23216.127     0.700000        54860         3.33
   24248.319     0.750000        58773         4.00
   24756.223     0.775000        60735         4.44
   25280.511     0.800000        62712         5.00
   25837.567     0.825000        64627         5.71
   26345.471     0.850000        66577         6.67
   26902.527     0.875000        68567         8.00
   27164.671     0.887500        69516         8.89
   27443.199     0.900000        70531        10.00
   27688.959     0.912500        71488        11.43
   27934.719     0.925000        72448        13.33
   28196.863     0.937500        73505        16.00
   28311.551     0.943750        73976        17.78
   28426.239     0.950000        74422        20.00
   28557.311     0.956250        74903        22.86
   28688.383     0.962500        75385        26.67
   28819.455     0.968750        75904        32.00
   28884.991     0.971875        76167        35.56
   28934.143     0.975000        76388        40.00
   28999.679     0.978125        76665        45.71
   29048.831     0.981250        76876        53.33
   29114.367     0.984375        77153        64.00
   29130.751     0.985938        77218        71.11
   29163.519     0.987500        77378        80.00
   29196.287     0.989062        77516        91.43
   29212.671     0.990625        77609       106.67
   29245.439     0.992188        77736       128.00
   29261.823     0.992969        77836       142.22
   29261.823     0.993750        77836       160.00
   29278.207     0.994531        77907       182.86
   29294.591     0.995313        77976       213.33
   29310.975     0.996094        78056       256.00
   29310.975     0.996484        78056       284.44
   29327.359     0.996875        78138       320.00
   29327.359     0.997266        78138       365.71
   29327.359     0.997656        78138       426.67
   29343.743     0.998047        78206       512.00
   29343.743     0.998242        78206       568.89
   29343.743     0.998437        78206       640.00
   29360.127     0.998633        78248       731.43
   29360.127     0.998828        78248       853.33
   29360.127     0.999023        78248      1024.00
   29376.511     0.999121        78294      1137.78
   29376.511     0.999219        78294      1280.00
   29376.511     0.999316        78294      1462.86
   29376.511     0.999414        78294      1706.67
   29376.511     0.999512        78294      2048.00
   29376.511     0.999561        78294      2275.56
   29376.511     0.999609        78294      2560.00
   29376.511     0.999658        78294      2925.71
   29392.895     0.999707        78315      3413.33
   29392.895     0.999756        78315      4096.00
   29392.895     0.999780        78315      4551.11
   29392.895     0.999805        78315      5120.00
   29392.895     0.999829        78315      5851.43
   29392.895     0.999854        78315      6826.67
   29392.895     0.999878        78315      8192.00
   29392.895     0.999890        78315      9102.22
   29392.895     0.999902        78315     10240.00
   29392.895     0.999915        78315     11702.86
   29392.895     0.999927        78315     13653.33
   29392.895     0.999939        78315     16384.00
   29392.895     0.999945        78315     18204.44
   29392.895     0.999951        78315     20480.00
   29392.895     0.999957        78315     23405.71
   29409.279     0.999963        78318     27306.67
   29409.279     1.000000        78318          inf
#[Mean    =    19342.482, StdDeviation   =     5691.639]
#[Max     =    29392.896, Total count    =        78318]
#[Buckets =           27, SubBuckets     =         2048]
----------------------------------------------------------
  119248 requests in 30.01s, 1.58GB read
Requests/sec:   3973.63
Transfer/sec:     53.95MB
WRKX_RESULT {"durationUs":30009816,"requests":119248,"responses":119248,"errors":0,"bytes":1697614528,"latencyAvgUs":19342481.890,"latencyP95Us":28426239.000,"latencyP99Us":29212671.000}
