Running 30s test @ http://localhost:9991/postgres/orders
  16 threads and 256 connections
  Thread calibration: mean lat.: 4486.224ms, rate sampling interval: 16195ms
  Thread calibration: mean lat.: 4479.338ms, rate sampling interval: 16195ms
  Thread calibration: mean lat.: 4484.121ms, rate sampling interval: 16203ms
  Thread calibration: mean lat.: 4490.765ms, rate sampling interval: 16195ms
  Thread calibration: mean lat.: 4483.833ms, rate sampling interval: 16211ms
  Thread calibration: mean lat.: 4485.582ms, rate sampling interval: 16195ms
  Thread calibration: mean lat.: 4485.832ms, rate sampling interval: 16195ms
  Thread calibration: mean lat.: 4485.200ms, rate sampling interval: 16211ms
  Thread calibration: mean lat.: 4488.099ms, rate sampling interval: 16203ms
  Thread calibration: mean lat.: 4480.294ms, rate sampling interval: 16187ms
  Thread calibration: mean lat.: 4491.894ms, rate sampling interval: 16220ms
  Thread calibration: mean lat.: 4487.873ms, rate sampling interval: 16203ms
  Thread calibration: mean lat.: 4482.052ms, rate sampling interval: 16187ms
  Thread calibration: mean lat.: 4484.761ms, rate sampling interval: 16195ms
  Thread calibration: mean lat.: 4481.720ms, rate sampling interval: 16187ms
  Thread calibration: mean lat.: 4490.237ms, rate sampling interval: 16203ms
  Thread Stats   Avg      Stdev     Max   +/- Stdev
    Latency    17.67s     5.10s   26.67s    57.82%
    Req/Sec   281.00      0.00   281.00    100.00%
  Latency Distribution (HdrHistogram - Recorded Latency)
 50.000%   17.71s 
 75.000%   22.02s 
 90.000%   24.76s 
 99.000%   26.46s 
 99.900%   26.66s 
 99.990%   26.67s 
 99.999%   26.69s 
100.000%   26.69s 

  Detailed Percentile spectrum:
       Value   Percentile   TotalCount 1/(1-Percentile)

    8921.087     0.000000            1         1.00
   10625.023     0.100000         8872         1.11
   12320.767     0.200000        17760         1.25
   14065.663     0.300000        26611         1.43
   15990.783     0.400000        35488         1.67
   17711.103     0.500000        44357         2.00
   18579.455     0.550000        48809         2.22
   19431.423     0.600000        53225         2.50
   20299.775     0.650000        57697         2.86
   21168.127     0.700000        62135         3.33
   22020.095     0.750000        66522         4.00
   22478.847     0.775000        68712         4.44
   22921.215     0.800000        70938         5.00
   23379.967     0.825000        73186         5.71
   23838.719     0.850000        75420         6.67
   24281.087     0.875000        77583         8.00
   24526.847     0.887500        78740         8.89
   24756.223     0.900000        79828        10.00
   25001.983     0.912500        80968        11.43
   25231.359     0.925000        82036        13.33
   25460.735     0.937500        83143        16.00
   25575.423     0.943750        83713        17.78
   25690.111     0.950000        84264        20.00
   25804.799     0.956250        84823        22.86
   25919.487     0.962500        85338        26.67
   26050.559     0.968750        85917        32.00
   26116.095     0.971875        86238        35.56
   26165.247     0.975000        86472        40.00
   26230.783     0.978125        86760        45.71
   26296.319     0.981250        87041        53.33
   26361.855     0.984375        87326        64.00
   26394.623     0.985938        87482        71.11
   26427.391     0.987500        87632        80.00
   26443.775     0.989062        87702        91.43
   26476.543     0.990625        87844       106.67
   26509.311     0.992188        87992       128.00
   26525.695     0.992969        88060       142.22
   26542.079     0.993750        88132       160.00
   26558.463     0.994531        88197       182.86
   26574.847     0.995313        88268       213.33
   26591.231     0.996094        88333       256.00
   26607.615     0.996484        88410       284.44
   26607.615     0.996875        88410       320.00
   26623.999     0.997266        88488       365.71
   26623.999     0.997656        88488       426.67
   26623.999     0.998047        88488       512.00
   26640.383     0.998242        88555       568.89
   26640.383     0.998437        88555       640.00
   26640.383     0.998633        88555       731.43
   26640.383     0.998828        88555       853.33
   26656.767     0.999023        88625      1024.00
   26656.767     0.999121        88625      1137.78
   26656.767     0.999219        88625      1280.00
   26656.767     0.999316        88625      1462.86
   26656.767     0.999414        88625      1706.67
   26656.767     0.999512        88625      2048.00
   26656.767     0.999561        88625      2275.56
   26656.767     0.999609        88625      2560.00
   26673.151     0.999658        88654      2925.71
   26673.151     0.999707        88654      3413.33
   26673.151     0.999756        88654      4096.00
   26673.151     0.999780        88654      4551.11
   26673.151     0.999805        88654      5120.00
   26673.151     0.999829        88654      5851.43
   26673.151     0.999854        88654      6826.67
   26673.151     0.999878        88654      8192.00
   26673.151     0.999890        88654      9102.22
   26673.151     0.999902        88654     10240.00
   26673.151     0.999915        88654     11702.86
   26673.151     0.999927        88654     13653.33
   26673.151     0.999939        88654     16384.00
   26673.151     0.999945        88654     18204.44
   26673.151     0.999951        88654     20480.00
   26689.535     0.999957        88658     23405.71
   26689.535     1.000000        88658          inf
#[Mean    =    17670.653, StdDeviation   =     5096.965]
#[Max     =    26673.152, Total count    =        88658]
#[Buckets =           27, SubBuckets     =         2048]
----------------------------------------------------------
  132265 requests in 30.01s, 1.75GB read
Requests/sec:   4407.42
Transfer/sec:     59.84MB
WRKX_RESULT {"durationUs":30009587,"requests":132265,"responses":132265,"errors":0,"bytes":1882924540,"latencyAvgUs":17670653.032,"latencyP95Us":25690111.000,"latencyP99Us":26460159.000}
