Running 30s test @ http://localhost:9991/postgres/orders
  16 threads and 256 connections
  Thread calibration: mean lat.: 3835.030ms, rate sampling interval: 14041ms
  Thread calibration: mean lat.: 3830.921ms, rate sampling interval: 14016ms
  Thread calibration: mean lat.: 3831.813ms, rate sampling interval: 14032ms
  Thread calibration: mean lat.: 3838.338ms, rate sampling interval: 14049ms
  Thread calibration: mean lat.: 3841.665ms, rate sampling interval: 14041ms
  Thread calibration: mean lat.: 3828.025ms, rate sampling interval: 14016ms
  Thread calibration: mean lat.: 3561.542ms, rate sampling interval: 12795ms
  Thread calibration: mean lat.: 3843.586ms, rate sampling interval: 14065ms
  Thread calibration: mean lat.: 3829.038ms, rate sampling interval: 14024ms
  Thread calibration: mean lat.: 3842.391ms, rate sampling interval: 14032ms
  Thread calibration: mean lat.: 3836.366ms, rate sampling interval: 14032ms
  Thread calibration: mean lat.: 3831.861ms, rate sampling interval: 14016ms
  Thread calibration: mean lat.: 3833.511ms, rate sampling interval: 14032ms
  Thread calibration: mean lat.: 3833.399ms, rate sampling interval: 14041ms
  Thread calibration: mean lat.: 3837.170ms, rate sampling interval: 14041ms
  Thread calibration: mean lat.: 3839.088ms, rate sampling interval: 14049ms
  Thread Stats   Avg      Stdev     Max   +/- Stdev
    Latency    15.40s     4.64s   23.59s    56.90%
    Req/Sec   264.50      0.79   267.00     93.75%
  Latency Distribution (HdrHistogram - Recorded Latency)
 50.000%   15.18s 
 75.000%   19.48s 
 90.000%   22.02s 
 99.000%   23.43s 
 99.900%   23.58s 
 99.990%   23.59s 
 99.999%   23.61s 
100.000%   23.61s 

  Detailed Percentile spectrum:
       Value   Percentile   TotalCount 1/(1-Percentile)

    7102.463     0.000000            1         1.00
    9207.807     0.100000         8300         1.11
   10600.447     0.200000        16614         1.25
   12075.007     0.300000        24923         1.43
   13574.143     0.400000        33184         1.67
   15179.775     0.500000        41472         2.00
   16048.127     0.550000        45612         2.22
   16891.903     0.600000        49831         2.50
   17694.719     0.650000        53947         2.86
   18513.919     0.700000        58057         3.33
   19480.575     0.750000        62262         4.00
   19955.711     0.775000        64344         4.44
   20381.695     0.800000        66399         5.00
   20791.295     0.825000        68484         5.71
   21200.895     0.850000        70569         6.67
   21594.111     0.875000        72601         8.00
   21790.719     0.887500        73607         8.89
   22020.095     0.900000        74694        10.00
   22233.087     0.912500        75742        11.43
   22429.695     0.925000        76755        13.33
   22626.303     0.937500        77811        16.00
   22724.607     0.943750        78348        17.78
   22806.527     0.950000        78788        20.00
   22921.215     0.956250        79346        22.86
   23019.519     0.962500        79855        26.67
   23117.823     0.968750        80360        32.00
   23166.975     0.971875        80635        35.56
   23216.127     0.975000        80920        40.00
   23265.279     0.978125        81200        45.71
   23298.047     0.981250        81381        53.33
   23347.199     0.984375        81654        64.00
   23379.967     0.985938        81836        71.11
   23396.351     0.987500        81923        80.00
   23429.119     0.989062        82101        91.43
   23445.503     0.990625        82198       106.67
   23461.887     0.992188        82284       128.00
   23478.271     0.992969        82384       142.22
   23494.655     0.993750        82464       160.00
   23511.039     0.994531        82548       182.86
   23511.039     0.995313        82548       213.33
   23527.423     0.996094        82635       256.00
   23543.807     0.996484        82718       284.44
   23543.807     0.996875        82718       320.00
   23543.807     0.997266        82718       365.71
   23560.191     0.997656        82799       426.67
   23560.191     0.998047        82799       512.00
   23560.191     0.998242        82799       568.89
   23576.575     0.998437        82876       640.00
   23576.575     0.998633        82876       731.43
   23576.575     0.998828        82876       853.33
   23576.575     0.999023        82876      1024.00
   23576.575     0.999121        82876      1137.78
   23576.575     0.999219        82876      1280.00
   23576.575     0.999316        82876      1462.86
   23592.959     0.999414        82921      1706.67
   23592.959     0.999512        82921      2048.00
   23592.959     0.999561        82921      2275.56
   23592.959     0.999609        82921      2560.00
   23592.959     0.999658        82921      2925.71
   23592.959     0.999707        82921      3413.33
   23592.959     0.999756        82921      4096.00
   23592.959     0.999780        82921      4551.11
   23592.959     0.999805        82921      5120.00
   23592.959     0.999829        82921      5851.43
   23592.959     0.999854        82921      6826.67
   23592.959     0.999878        82921      8192.00
   23592.959     0.999890        82921      9102.22
   23592.959     0.999902        82921     10240.00
   23609.343     0.999915        82929     11702.86
   23609.343     1.000000        82929          inf
#[Mean    =    15403.174, StdDeviation   =     4639.982]
#[Max     =    23592.960, Total count    =        82929]
#[Buckets =           27, SubBuckets     =         2048]
----------------------------------------------------------
  127383 requests in 30.01s, 1.69GB read
Requests/sec:   4244.65
Transfer/sec:     57.63MB
WRKX_RESULT {"durationUs":30010282,"requests":127383,"responses":127383,"errors":0,"bytes":1813424388,"latencyAvgUs":15403173.684,"latencyP95Us":22806527.000,"latencyP99Us":23429119.000}
