Running 30s test @ http://localhost:9991/postgres/orders
  16 threads and 256 connections
  Thread calibration: mean lat.: 4256.748ms, rate sampling interval: 15450ms
  Thread calibration: mean lat.: 4254.812ms, rate sampling interval: 15441ms
  Thread calibration: mean lat.: 4255.698ms, rate sampling interval: 15425ms
  Thread calibration: mean lat.: 4264.706ms, rate sampling interval: 15450ms
  Thread calibration: mean lat.: 4254.032ms, rate sampling interval: 15441ms
  Thread calibration: mean lat.: 4264.178ms, rate sampling interval: 15458ms
  Thread calibration: mean lat.: 4255.754ms, rate sampling interval: 15458ms
  Thread calibration: mean lat.: 4256.638ms, rate sampling interval: 15409ms
  Thread calibration: mean lat.: 4257.727ms, rate sampling interval: 15433ms
  Thread calibration: mean lat.: 4264.328ms, rate sampling interval: 15458ms
  Thread calibration: mean lat.: 4253.593ms, rate sampling interval: 15450ms
  Thread calibration: mean lat.: 4250.656ms, rate sampling interval: 15441ms
  Thread calibration: mean lat.: 4258.250ms, rate sampling interval: 15425ms
  Thread calibration: mean lat.: 4258.899ms, rate sampling interval: 15441ms
  Thread calibration: mean lat.: 4262.239ms, rate sampling interval: 15450ms
  Thread calibration: mean lat.: 4261.658ms, rate sampling interval: 15441ms
  Thread Stats   Avg      Stdev     Max   +/- Stdev
    Latency    16.83s     4.95s   25.74s    58.08%
    Req/Sec   266.19      0.39   267.00    100.00%
  Latency Distribution (HdrHistogram - Recorded Latency)
 50.000%   16.70s 
 75.000%   21.04s 
 90.000%   23.90s 
 99.000%   25.54s 
 99.900%   25.71s 
 99.990%   25.74s 
 99.999%   25.74s 
100.000%   25.76s 

  Detailed Percentile spectrum:
       Value   Percentile   TotalCount 1/(1-Percentile)

    8536.063     0.000000            1         1.00
   10100.735     0.100000         8325         1.11
   11706.367     0.200000        16642         1.25
   13393.919     0.300000        24950         1.43
   14999.551     0.400000        33266         1.67
   16703.487     0.500000        41553         2.00
   17514.495     0.550000        45705         2.22
   18350.079     0.600000        49875         2.50
   19234.815     0.650000        54053         2.86
   20086.783     0.700000        58210         3.33
   21037.055     0.750000        62358         4.00
   21495.807     0.775000        64402         4.44
   21938.175     0.800000        66509         5.00
   22380.543     0.825000        68583         5.71
   22888.447     0.850000        70682         6.67
   23396.351     0.875000        72712         8.00
   23658.495     0.887500        73795         8.89
   23904.255     0.900000        74801        10.00
   24150.015     0.912500        75860        11.43
   24379.391     0.925000        76851        13.33
   24625.151     0.937500        77933        16.00
   24739.839     0.943750        78445        17.78
   24854.527     0.950000        78966        20.00
   24952.831     0.956250        79489        22.86
   25051.135     0.962500        79977        26.67
   25165.823     0.968750        80487        32.00
   25231.359     0.971875        80786        35.56
   25280.511     0.975000        81031        40.00
   25329.663     0.978125        81288        45.71
   25395.199     0.981250        81575        53.33
   25444.351     0.984375        81810        64.00
   25477.119     0.985938        81961        71.11
   25493.503     0.987500        82044        80.00
   25526.271     0.989062        82192        91.43
   25559.039     0.990625        82343       106.67
   25591.807     0.992188        82504       128.00
   25591.807     0.992969        82504       142.22
   25608.191     0.993750        82583       160.00
   25624.575     0.994531        82655       182.86
   25640.959     0.995313        82745       213.33
   25657.343     0.996094        82824       256.00
   25657.343     0.996484        82824       284.44
   25657.343     0.996875        82824       320.00
   25673.727     0.997266        82885       365.71
   25690.111     0.997656        82965       426.67
   25690.111     0.998047        82965       512.00
   25690.111     0.998242        82965       568.89
   25690.111     0.998437        82965       640.00
   25706.495     0.998633        83039       731.43
   25706.495     0.998828        83039       853.33
   25706.495     0.999023        83039      1024.00
   25706.495     0.999121        83039      1137.78
   25706.495     0.999219        83039      1280.00
   25706.495     0.999316        83039      1462.86
   25706.495     0.999414        83039      1706.67
   25722.879     0.999512        83071      2048.00
   25722.879     0.999561        83071      2275.56
   25722.879     0.999609        83071      2560.00
   25722.879     0.999658        83071      2925.71
   25722.879     0.999707        83071      3413.33
   25722.879     0.999756        83071      4096.00
   25722.879     0.999780        83071      4551.11
   25722.879     0.999805        83071      5120.00
   25722.879     0.999829        83071      5851.43
   25722.879     0.999854        83071      6826.67
   25722.879     0.999878        83071      8192.00
   25722.879     0.999890        83071      9102.22
   25739.263     0.999902        83079     10240.00
   25739.263     0.999915        83079     11702.86
   25739.263     0.999927        83079     13653.33
   25739.263     0.999939        83079     16384.00
   25739.263     0.999945        83079     18204.44
   25739.263     0.999951        83079     20480.00
   25739.263     0.999957        83079     23405.71
   25739.263     0.999963        83079     27306.67
   25739.263     0.999969        83079     32768.00
   25739.263     0.999973        83079     36408.89
   25739.263     0.999976        83079     40960.00
   25739.263     0.999979        83079     46811.43
   25739.263     0.999982        83079     54613.33
   25739.263     0.999985        83079     65536.00
   25739.263     0.999986        83079     72817.78
   25739.263     0.999988        83079     81920.00
   25755.647     0.999989        83080     93622.86
   25755.647     1.000000        83080          inf
#[Mean    =    16827.477, StdDeviation   =     4945.031]
#[Max     =    25739.264, Total count    =        83080]
#[Buckets =           27, SubBuckets     =         2048]
----------------------------------------------------------
  127528 requests in 30.01s, 1.69GB read
Requests/sec:   4248.83
Transfer/sec:     57.68MB
WRKX_RESULT {"durationUs":30014849,"requests":127528,"responses":127528,"errors":0,"bytes":1815488608,"latencyAvgUs":16827477.391,"latencyP95Us":24854527.000,"latencyP99Us":25542655.000}
