Running 30s test @ http://localhost:9991/postgres/orders
  16 threads and 256 connections
  Thread calibration: mean lat.: 3501.361ms, rate sampling interval: 12754ms
  Thread calibration: mean lat.: 3501.012ms, rate sampling interval: 12746ms
  Thread calibration: mean lat.: 3502.808ms, rate sampling interval: 12746ms
  Thread calibration: mean lat.: 3505.214ms, rate sampling interval: 12763ms
  Thread calibration: mean lat.: 3512.608ms, rate sampling interval: 12763ms
  Thread calibration: mean lat.: 3501.536ms, rate sampling interval: 12754ms
  Thread calibration: mean lat.: 3504.093ms, rate sampling interval: 12754ms
  Thread calibration: mean lat.: 3502.684ms, rate sampling interval: 12746ms
  Thread calibration: mean lat.: 3504.107ms, rate sampling interval: 12754ms
  Thread calibration: mean lat.: 3497.127ms, rate sampling interval: 12738ms
  Thread calibration: mean lat.: 3496.820ms, rate sampling interval: 12730ms
  Thread calibration: mean lat.: 3499.450ms, rate sampling interval: 12730ms
  Thread calibration: mean lat.: 3508.978ms, rate sampling interval: 12754ms
  Thread calibration: mean lat.: 3499.690ms, rate sampling interval: 12746ms
  Thread calibration: mean lat.: 3507.170ms, rate sampling interval: 12754ms
  Thread calibration: mean lat.: 3504.444ms, rate sampling interval: 12754ms
  Thread Stats   Avg      Stdev     Max   +/- Stdev
    Latency    13.97s     4.05s   21.02s    57.51%
    Req/Sec   281.06      0.24   282.00    100.00%
  Latency Distribution (HdrHistogram - Recorded Latency)
 50.000%   13.92s 
 75.000%   17.45s 
 90.000%   19.63s 
 99.000%   20.86s 
 99.900%   20.99s 
 99.990%   21.02s 
 99.999%   21.04s 
100.000%   21.04s 

  Detailed Percentile spectrum:
       Value   Percentile   TotalCount 1/(1-Percentile)

    7045.119     0.000000            1         1.00
    8429.567     0.100000         9018         1.11
    9707.519     0.200000        17990         1.25
   11149.311     0.300000        26950         1.43
   12574.719     0.400000        35917         1.67
   13918.207     0.500000        44877         2.00
   14655.487     0.550000        49370         2.22
   15409.151     0.600000        53860         2.50
   16113.663     0.650000        58353         2.86
   16744.447     0.700000        62852         3.33
   17448.959     0.750000        67340         4.00
   17793.023     0.775000        69573         4.44
   18169.855     0.800000        71847         5.00
   18546.687     0.825000        74130         5.71
   18923.519     0.850000        76344         6.67
   19283.967     0.875000        78587         8.00
   19464.191     0.887500        79732         8.89
   19628.031     0.900000        80775        10.00
   19808.255     0.912500        81940        11.43
   19972.095     0.925000        83001        13.33
   20152.319     0.937500        84180        16.00
   20234.239     0.943750        84766        17.78
   20316.159     0.950000        85306        20.00
   20398.079     0.956250        85857        22.86
   20479.999     0.962500        86422        26.67
   20561.919     0.968750        86980        32.00
   20594.687     0.971875        87208        35.56
   20643.839     0.975000        87535        40.00
   20692.991     0.978125        87859        45.71
   20725.759     0.981250        88055        53.33
   20774.911     0.984375        88345        64.00
   20807.679     0.985938        88549        71.11
   20824.063     0.987500        88654        80.00
   20840.447     0.989062        88753        91.43
   20873.215     0.990625        88946       106.67
   20889.599     0.992188        89042       128.00
   20905.983     0.992969        89139       142.22
   20922.367     0.993750        89242       160.00
   20922.367     0.994531        89242       182.86
   20938.751     0.995313        89348       213.33
   20955.135     0.996094        89457       256.00
   20955.135     0.996484        89457       284.44
   20955.135     0.996875        89457       320.00
   20971.519     0.997266        89557       365.71
   20971.519     0.997656        89557       426.67
   20971.519     0.998047        89557       512.00
   20987.903     0.998242        89643       568.89
   20987.903     0.998437        89643       640.00
   20987.903     0.998633        89643       731.43
   20987.903     0.998828        89643       853.33
   20987.903     0.999023        89643      1024.00
   21004.287     0.999121        89706      1137.78
   21004.287     0.999219        89706      1280.00
   21004.287     0.999316        89706      1462.86
   21004.287     0.999414        89706      1706.67
   21004.287     0.999512        89706      2048.00
   21004.287     0.999561        89706      2275.56
   21004.287     0.999609        89706      2560.00
   21004.287     0.999658        89706      2925.71
   21004.287     0.999707        89706      3413.33
   21004.287     0.999756        89706      4096.00
   21020.671     0.999780        89724      4551.11
   21020.671     0.999805        89724      5120.00
   21020.671     0.999829        89724      5851.43
   21020.671     0.999854        89724      6826.67
   21020.671     0.999878        89724      8192.00
   21020.671     0.999890        89724      9102.22
   21020.671     0.999902        89724     10240.00
   21020.671     0.999915        89724     11702.86
   21020.671     0.999927        89724     13653.33
   21020.671     0.999939        89724     16384.00
   21020.671     0.999945        89724     18204.44
   21020.671     0.999951        89724     20480.00
   21020.671     0.999957        89724     23405.71
   21020.671     0.999963        89724     27306.67
   21037.055     0.999969        89727     32768.00
   21037.055     1.000000        89727          inf
#[Mean    =    13971.266, StdDeviation   =     4046.610]
#[Max     =    21020.672, Total count    =        89727]
#[Buckets =           27, SubBuckets     =         2048]
----------------------------------------------------------
  134558 requests in 30.00s, 1.78GB read
Requests/sec:   4484.76
Transfer/sec:     60.89MB
WRKX_RESULT {"durationUs":30003397,"requests":134558,"responses":134558,"errors":0,"bytes":1915567688,"latencyAvgUs":13971266.394,"latencyP95Us":20316159.000,"latencyP99Us":20856831.000}
