Running 30s test @ http://localhost:9991/postgres/orders
  16 threads and 256 connections
  Thread calibration: mean lat.: 4558.642ms, rate sampling interval: 16441ms
  Thread calibration: mean lat.: 4554.428ms, rate sampling interval: 16424ms
  Thread calibration: mean lat.: 4567.459ms, rate sampling interval: 16449ms
  Thread calibration: mean lat.: 4557.150ms, rate sampling interval: 16433ms
  Thread calibration: mean lat.: 4557.371ms, rate sampling interval: 16449ms
  Thread calibration: mean lat.: 4564.257ms, rate sampling interval: 16449ms
  Thread calibration: mean lat.: 4558.784ms, rate sampling interval: 16441ms
  Thread calibration: mean lat.: 4556.189ms, rate sampling interval: 16441ms
  Thread calibration: mean lat.: 4554.821ms, rate sampling interval: 16441ms
  Thread calibration: mean lat.: 4556.734ms, rate sampling interval: 16441ms
  Thread calibration: mean lat.: 4560.478ms, rate sampling interval: 16457ms
  Thread calibration: mean lat.: 4569.996ms, rate sampling interval: 16465ms
  Thread calibration: mean lat.: 4564.638ms, rate sampling interval: 16457ms
  Thread calibration: mean lat.: 4558.518ms, rate sampling interval: 16424ms
  Thread calibration: mean lat.: 4575.312ms, rate sampling interval: 16474ms
  Thread calibration: mean lat.: 4556.141ms, rate sampling interval: 16441ms
  Thread Stats   Avg      Stdev     Max   +/- Stdev
    Latency    17.94s     5.30s   27.48s    57.87%
    Req/Sec   255.00      0.00   255.00    100.00%
  Latency Distribution (HdrHistogram - Recorded Latency)
 50.000%   17.79s 
 75.000%   22.51s 
 90.000%   25.56s 
 99.000%   27.30s 
 99.900%   27.44s 
 99.990%   27.48s 
 99.999%   27.49s 
100.000%   27.49s 

  Detailed Percentile spectrum:
       Value   Percentile   TotalCount 1/(1-Percentile)

    9117.695     0.000000            3         1.00
   10788.863     0.100000         8041         1.11
   12460.031     0.200000        16061         1.25
   14237.695     0.300000        24090         1.43
   15900.671     0.400000        32128         1.67
   17793.023     0.500000        40148         2.00
   18694.143     0.550000        44188         2.22
   19562.495     0.600000        48150         2.50
   20447.231     0.650000        52174         2.86
   21381.119     0.700000        56217         3.33
   22511.615     0.750000        60193         4.00
   22986.751     0.775000        62243         4.44
   23445.503     0.800000        64212         5.00
   23969.791     0.825000        66241         5.71
   24477.695     0.850000        68213         6.67
   25034.751     0.875000        70251         8.00
   25296.895     0.887500        71235         8.89
   25559.039     0.900000        72235        10.00
   25821.183     0.912500        73269        11.43
   26066.943     0.925000        74247        13.33
   26312.703     0.937500        75277        16.00
   26427.391     0.943750        75757        17.78
   26558.463     0.950000        76296        20.00
   26673.151     0.956250        76795        22.86
   26771.455     0.962500        77243        26.67
   26902.527     0.968750        77772        32.00
   26968.063     0.971875        78042        35.56
   27017.215     0.975000        78254        40.00
   27082.751     0.978125        78527        45.71
   27131.903     0.981250        78743        53.33
   27197.439     0.984375        79029        64.00
   27230.207     0.985938        79192        71.11
   27246.591     0.987500        79267        80.00
   27279.359     0.989062        79430        91.43
   27295.743     0.990625        79505       106.67
   27328.511     0.992188        79658       128.00
   27344.895     0.992969        79745       142.22
   27361.279     0.993750        79812       160.00
   27361.279     0.994531        79812       182.86
   27377.663     0.995313        79887       213.33
   27394.047     0.996094        79979       256.00
   27394.047     0.996484        79979       284.44
   27410.431     0.996875        80053       320.00
   27410.431     0.997266        80053       365.71
   27426.815     0.997656        80121       426.67
   27426.815     0.998047        80121       512.00
   27426.815     0.998242        80121       568.89
   27443.199     0.998437        80179       640.00
   27443.199     0.998633        80179       731.43
   27443.199     0.998828        80179       853.33
   27443.199     0.999023        80179      1024.00
   27443.199     0.999121        80179      1137.78
   27459.583     0.999219        80223      1280.00
   27459.583     0.999316        80223      1462.86
   27459.583     0.999414        80223      1706.67
   27459.583     0.999512        80223      2048.00
   27459.583     0.999561        80223      2275.56
   27459.583     0.999609        80223      2560.00
   27459.583     0.999658        80223      2925.71
   27475.967     0.999707        80242      3413.33
   27475.967     0.999756        80242      4096.00
   27475.967     0.999780        80242      4551.11
   27475.967     0.999805        80242      5120.00
   27475.967     0.999829        80242      5851.43
   27475.967     0.999854        80242      6826.67
   27475.967     0.999878        80242      8192.00
   27475.967     0.999890        80242      9102.22
   27475.967     0.999902        80242     10240.00
   27475.967     0.999915        80242     11702.86
   27475.967     0.999927        80242     13653.33
   27492.351     0.999939        80247     16384.00
   27492.351     1.000000        80247          inf
#[Mean    =    17939.616, StdDeviation   =     5302.082]
#[Max     =    27475.968, Total count    =        80247]
#[Buckets =           27, SubBuckets     =         2048]
----------------------------------------------------------
  125372 requests in 30.02s, 1.66GB read
Requests/sec:   4176.77
Transfer/sec:     56.71MB
WRKX_RESULT {"durationUs":30016513,"requests":125372,"responses":125372,"errors":0,"bytes":1784795792,"latencyAvgUs":17939615.699,"latencyP95Us":26558463.000,"latencyP99Us":27295743.000}
