Running 30s test @ http://localhost:9991/postgres/orders
  16 threads and 256 connections
  Thread calibration: mean lat.: 298.605ms, rate sampling interval: 1432ms
  Thread calibration: mean lat.: 302.370ms, rate sampling interval: 1468ms
  Thread calibration: mean lat.: 300.822ms, rate sampling interval: 1454ms
  Thread calibration: mean lat.: 300.085ms, rate sampling interval: 1451ms
  Thread calibration: mean lat.: 295.186ms, rate sampling interval: 1419ms
  Thread calibration: mean lat.: 300.402ms, rate sampling interval: 1440ms
  Thread calibration: mean lat.: 296.909ms, rate sampling interval: 1443ms
  Thread calibration: mean lat.: 295.572ms, rate sampling interval: 1431ms
  Thread calibration: mean lat.: 304.830ms, rate sampling interval: 1460ms
  Thread calibration: mean lat.: 299.929ms, rate sampling interval: 1444ms
  Thread calibration: mean lat.: 299.846ms, rate sampling interval: 1448ms
  Thread calibration: mean lat.: 301.275ms, rate sampling interval: 1459ms
  Thread calibration: mean lat.: 300.131ms, rate sampling interval: 1447ms
  Thread calibration: mean lat.: 302.229ms, rate sampling interval: 1461ms
  Thread calibration: mean lat.: 303.803ms, rate sampling interval: 1454ms
  Thread calibration: mean lat.: 301.161ms, rate sampling interval: 1460ms
  Thread Stats   Avg      Stdev     Max   +/- Stdev
    Latency     1.52s   466.32ms   2.44s    50.22%
    Req/Sec   288.68      8.04   307.00     76.56%
  Latency Distribution (HdrHistogram - Recorded Latency)
 50.000%    1.51s 
 75.000%    1.96s 
 90.000%    2.16s 
 99.000%    2.32s 
 99.900%    2.37s 
 99.990%    2.41s 
 99.999%    2.44s 
100.000%    2.44s 

  Detailed Percentile spectrum:
       Value   Percentile   TotalCount 1/(1-Percentile)

     757.247     0.000000            1         1.00
     916.479     0.100000         9225         1.11
     990.719     0.200000        18461         1.25
    1153.023     0.300000        27662         1.43
    1347.583     0.400000        36851         1.67
    1513.471     0.500000        46079         2.00
    1575.935     0.550000        50664         2.22
    1661.951     0.600000        55268         2.50
    1762.303     0.650000        59871         2.86
    1860.607     0.700000        64490         3.33
    1955.839     0.750000        69097         4.00
    2001.919     0.775000        71429         4.44
    2038.783     0.800000        73711         5.00
    2072.575     0.825000        76028         5.71
    2101.247     0.850000        78313         6.67
    2129.919     0.875000        80615         8.00
    2144.255     0.887500        81802         8.89
    2160.639     0.900000        83028        10.00
    2177.023     0.912500        84168        11.43
    2193.407     0.925000        85261        13.33
    2211.839     0.937500        86398        16.00
    2222.079     0.943750        86950        17.78
    2234.367     0.950000        87558        20.00
    2246.655     0.956250        88158        22.86
    2258.943     0.962500        88739        26.67
    2269.183     0.968750        89229        32.00
    2275.327     0.971875        89531        35.56
    2281.471     0.975000        89805        40.00
    2287.615     0.978125        90094        45.71
    2295.807     0.981250        90438        53.33
    2301.951     0.984375        90676        64.00
    2306.047     0.985938        90846        71.11
    2310.143     0.987500        90983        80.00
    2314.239     0.989062        91133        91.43
    2318.335     0.990625        91264       106.67
    2322.431     0.992188        91393       128.00
    2326.527     0.992969        91482       142.22
    2328.575     0.993750        91536       160.00
    2332.671     0.994531        91624       182.86
    2336.767     0.995313        91711       213.33
    2340.863     0.996094        91782       256.00
    2342.911     0.996484        91804       284.44
    2344.959     0.996875        91846       320.00
    2347.007     0.997266        91871       365.71
    2349.055     0.997656        91894       426.67
    2353.151     0.998047        91936       512.00
    2355.199     0.998242        91958       568.89
    2357.247     0.998437        91972       640.00
    2359.295     0.998633        91985       731.43
    2363.391     0.998828        92014       853.33
    2365.439     0.999023        92021      1024.00
    2367.487     0.999121        92030      1137.78
    2369.535     0.999219        92039      1280.00
    2371.583     0.999316        92046      1462.86
    2375.679     0.999414        92054      1706.67
    2379.775     0.999512        92069      2048.00
    2379.775     0.999561        92069      2275.56
    2381.823     0.999609        92072      2560.00
    2383.871     0.999658        92077      2925.71
    2387.967     0.999707        92083      3413.33
    2390.015     0.999756        92086      4096.00
    2392.063     0.999780        92087      4551.11
    2394.111     0.999805        92090      5120.00
    2396.159     0.999829        92093      5851.43
    2400.255     0.999854        92094      6826.67
    2406.399     0.999878        92097      8192.00
    2406.399     0.999890        92097      9102.22
    2412.543     0.999902        92099     10240.00
    2414.591     0.999915        92100     11702.86
    2418.687     0.999927        92101     13653.33
    2420.735     0.999939        92102     16384.00
    2420.735     0.999945        92102     18204.44
    2426.879     0.999951        92103     20480.00
    2428.927     0.999957        92105     23405.71
    2428.927     0.999963        92105     27306.67
    2428.927     0.999969        92105     32768.00
    2428.927     0.999973        92105     36408.89
    2428.927     0.999976        92105     40960.00
    2435.071     0.999979        92106     46811.43
    2435.071     0.999982        92106     54613.33
    2435.071     0.999985        92106     65536.00
    2435.071     0.999986        92106     72817.78
    2435.071     0.999988        92106     81920.00
    2439.167     0.999989        92107     93622.86
    2439.167     1.000000        92107          inf
#[Mean    =     1519.900, StdDeviation   =      466.322]
#[Max     =     2437.120, Total count    =        92107]
#[Buckets =           27, SubBuckets     =         2048]
----------------------------------------------------------
  138389 requests in 30.01s, 1.83GB read
Requests/sec:   4611.55
Transfer/sec:     62.61MB
WRKX_RESULT {"durationUs":30009225,"requests":138389,"responses":138389,"errors":0,"bytes":1970105804,"latencyAvgUs":1519899.852,"latencyP95Us":2234367.000,"latencyP99Us":2316287.000}
