Running 30s test @ http://localhost:9991/postgres/orders
  16 threads and 256 connections
  Thread calibration: mean lat.: 2706.552ms, rate sampling interval: 10092ms
  Thread calibration: mean lat.: 2706.062ms, rate sampling interval: 10076ms
  Thread calibration: mean lat.: 2707.134ms, rate sampling interval: 10076ms
  Thread calibration: mean lat.: 2707.238ms, rate sampling interval: 10084ms
  Thread calibration: mean lat.: 2705.562ms, rate sampling interval: 10076ms
  Thread calibration: mean lat.: 2710.085ms, rate sampling interval: 10100ms
  Thread calibration: mean lat.: 2711.220ms, rate sampling interval: 10076ms
  Thread calibration: mean lat.: 2716.246ms, rate sampling interval: 10108ms
  Thread calibration: mean lat.: 2705.900ms, rate sampling interval: 10076ms
  Thread calibration: mean lat.: 2709.823ms, rate sampling interval: 10084ms
  Thread calibration: mean lat.: 2707.290ms, rate sampling interval: 10076ms
  Thread calibration: mean lat.: 2705.885ms, rate sampling interval: 10084ms
  Thread calibration: mean lat.: 2708.921ms, rate sampling interval: 10084ms
  Thread calibration: mean lat.: 2711.289ms, rate sampling interval: 10092ms
  Thread calibration: mean lat.: 2714.385ms, rate sampling interval: 10100ms
  Thread calibration: mean lat.: 2708.292ms, rate sampling interval: 10084ms
  Thread Stats   Avg      Stdev     Max   +/- Stdev
    Latency    11.23s     3.32s   17.22s    57.96%
    Req/Sec   269.38      0.48   270.00    100.00%
  Latency Distribution (HdrHistogram - Recorded Latency)
 50.000%   11.12s 
 75.000%   14.06s 
 90.000%   15.97s 
 99.000%   17.09s 
 99.900%   17.19s 
 99.990%   17.22s 
 99.999%   17.24s 
100.000%   17.24s 

  Detailed Percentile spectrum:
       Value   Percentile   TotalCount 1/(1-Percentile)

    5619.711     0.000000            1         1.00
    6754.303     0.100000         8392         1.11
    7811.071     0.200000        16760         1.25
    8904.703     0.300000        25130         1.43
   10035.199     0.400000        33544         1.67
   11124.735     0.500000        41859         2.00
   11722.751     0.550000        46062         2.22
   12271.615     0.600000        50246         2.50
   12812.287     0.650000        54442         2.86
   13385.727     0.700000        58605         3.33
   14057.471     0.750000        62776         4.00
   14393.343     0.775000        64907         4.44
   14721.023     0.800000        66986         5.00
   15032.319     0.825000        69076         5.71
   15343.615     0.850000        71168         6.67
   15654.911     0.875000        73261         8.00
   15818.751     0.887500        74314         8.89
   15974.399     0.900000        75338        10.00
   16138.239     0.912500        76438        11.43
   16293.887     0.925000        77432        13.33
   16449.535     0.937500        78490        16.00
   16523.263     0.943750        78992        17.78
   16613.375     0.950000        79555        20.00
   16687.103     0.956250        80061        22.86
   16760.831     0.962500        80576        26.67
   16842.751     0.968750        81132        32.00
   16875.519     0.971875        81355        35.56
   16924.671     0.975000        81662        40.00
   16957.439     0.978125        81911        45.71
   16990.207     0.981250        82158        53.33
   17022.975     0.984375        82410        64.00
   17039.359     0.985938        82537        71.11
   17055.743     0.987500        82668        80.00
   17072.127     0.989062        82806        91.43
   17088.511     0.990625        82932       106.67
   17104.895     0.992188        83063       128.00
   17121.279     0.992969        83184       142.22
   17121.279     0.993750        83184       160.00
   17137.663     0.994531        83317       182.86
   17137.663     0.995313        83317       213.33
   17154.047     0.996094        83433       256.00
   17154.047     0.996484        83433       284.44
   17170.431     0.996875        83558       320.00
   17170.431     0.997266        83558       365.71
   17170.431     0.997656        83558       426.67
   17170.431     0.998047        83558       512.00
   17170.431     0.998242        83558       568.89
   17186.815     0.998437        83634       640.00
   17186.815     0.998633        83634       731.43
   17186.815     0.998828        83634       853.33
   17186.815     0.999023        83634      1024.00
   17186.815     0.999121        83634      1137.78
   17186.815     0.999219        83634      1280.00
   17203.199     0.999316        83677      1462.86
   17203.199     0.999414        83677      1706.67
   17203.199     0.999512        83677      2048.00
   17203.199     0.999561        83677      2275.56
   17203.199     0.999609        83677      2560.00
   17203.199     0.999658        83677      2925.71
   17203.199     0.999707        83677      3413.33
   17219.583     0.999756        83695      4096.00
   17219.583     0.999780        83695      4551.11
   17219.583     0.999805        83695      5120.00
   17219.583     0.999829        83695      5851.43
   17219.583     0.999854        83695      6826.67
   17219.583     0.999878        83695      8192.00
   17219.583     0.999890        83695      9102.22
   17219.583     0.999902        83695     10240.00
   17219.583     0.999915        83695     11702.86
   17219.583     0.999927        83695     13653.33
   17219.583     0.999939        83695     16384.00
   17219.583     0.999945        83695     18204.44
   17219.583     0.999951        83695     20480.00
   17235.967     0.999957        83699     23405.71
   17235.967     1.000000        83699          inf
#[Mean    =    11234.059, StdDeviation   =     3323.862]
#[Max     =    17219.584, Total count    =        83699]
#[Buckets =           27, SubBuckets     =         2048]
----------------------------------------------------------
  127866 requests in 30.00s, 1.70GB read
Requests/sec:   4261.57
Transfer/sec:     57.86MB
WRKX_RESULT {"durationUs":30004451,"requests":127866,"responses":127866,"errors":0,"bytes":1820300523,"latencyAvgUs":11234059.204,"latencyP95Us":16613375.000,"latencyP99Us":17088511.000}
