Running 30s test @ http://localhost:9991/postgres/orders
  16 threads and 256 connections
  Thread calibration: mean lat.: 4109.635ms, rate sampling interval: 14778ms
  Thread calibration: mean lat.: 4108.043ms, rate sampling interval: 14753ms
  Thread calibration: mean lat.: 4110.987ms, rate sampling interval: 14778ms
  Thread calibration: mean lat.: 4111.980ms, rate sampling interval: 14778ms
  Thread calibration: mean lat.: 4113.220ms, rate sampling interval: 14770ms
  Thread calibration: mean lat.: 4105.966ms, rate sampling interval: 14770ms
  Thread calibration: mean lat.: 4106.882ms, rate sampling interval: 14770ms
  Thread calibration: mean lat.: 4107.574ms, rate sampling interval: 14786ms
  Thread calibration: mean lat.: 4108.701ms, rate sampling interval: 14778ms
  Thread calibration: mean lat.: 4111.354ms, rate sampling interval: 14786ms
  Thread calibration: mean lat.: 4117.947ms, rate sampling interval: 14786ms
  Thread calibration: mean lat.: 4108.380ms, rate sampling interval: 14770ms
  Thread calibration: mean lat.: 4110.053ms, rate sampling interval: 14770ms
  Thread calibration: mean lat.: 4111.521ms, rate sampling interval: 14770ms
  Thread calibration: mean lat.: 4121.754ms, rate sampling interval: 14786ms
  Thread calibration: mean lat.: 4113.226ms, rate sampling interval: 14794ms
  Thread Stats   Avg      Stdev     Max   +/- Stdev
    Latency    16.31s     4.71s   24.64s    58.04%
    Req/Sec   279.94      0.24   280.00    100.00%
  Latency Distribution (HdrHistogram - Recorded Latency)
 50.000%   16.27s 
 75.000%   20.30s 
 90.000%   22.94s 
 99.000%   24.46s 
 99.900%   24.63s 
 99.990%   24.64s 
 99.999%   24.66s 
100.000%   24.66s 

  Detailed Percentile spectrum:
       Value   Percentile   TotalCount 1/(1-Percentile)

    8200.191     0.000000            1         1.00
    9838.591     0.100000         8796         1.11
   11419.647     0.200000        17608         1.25
   13033.471     0.300000        26425         1.43
   14655.487     0.400000        35182         1.67
   16269.311     0.500000        43982         2.00
   17055.743     0.550000        48425         2.22
   17874.943     0.600000        52766         2.50
   18710.527     0.650000        57176         2.86
   19480.575     0.700000        61638         3.33
   20299.775     0.750000        65999         4.00
   20725.759     0.775000        68168         4.44
   21168.127     0.800000        70402         5.00
   21594.111     0.825000        72599         5.71
   22052.863     0.850000        74753         6.67
   22511.615     0.875000        77011         8.00
   22724.607     0.887500        78095         8.89
   22937.599     0.900000        79179        10.00
   23150.591     0.912500        80247        11.43
   23379.967     0.925000        81400        13.33
   23576.575     0.937500        82437        16.00
   23691.263     0.943750        83069        17.78
   23773.183     0.950000        83552        20.00
   23871.487     0.956250        84117        22.86
   23969.791     0.962500        84634        26.67
   24084.479     0.968750        85207        32.00
   24150.015     0.971875        85524        35.56
   24199.167     0.975000        85766        40.00
   24264.703     0.978125        86078        45.71
   24313.855     0.981250        86330        53.33
   24363.007     0.984375        86585        64.00
   24395.775     0.985938        86742        71.11
   24428.543     0.987500        86913        80.00
   24444.927     0.989062        86987        91.43
   24477.695     0.990625        87162       106.67
   24510.463     0.992188        87332       128.00
   24510.463     0.992969        87332       142.22
   24526.847     0.993750        87420       160.00
   24543.231     0.994531        87498       182.86
   24559.615     0.995313        87588       213.33
   24559.615     0.996094        87588       256.00
   24575.999     0.996484        87679       284.44
   24575.999     0.996875        87679       320.00
   24592.383     0.997266        87752       365.71
   24592.383     0.997656        87752       426.67
   24608.767     0.998047        87836       512.00
   24608.767     0.998242        87836       568.89
   24608.767     0.998437        87836       640.00
   24608.767     0.998633        87836       731.43
   24608.767     0.998828        87836       853.33
   24625.151     0.999023        87898      1024.00
   24625.151     0.999121        87898      1137.78
   24625.151     0.999219        87898      1280.00
   24625.151     0.999316        87898      1462.86
   24625.151     0.999414        87898      1706.67
   24625.151     0.999512        87898      2048.00
   24625.151     0.999561        87898      2275.56
   24625.151     0.999609        87898      2560.00
   24641.535     0.999658        87924      2925.71
   24641.535     0.999707        87924      3413.33
   24641.535     0.999756        87924      4096.00
   24641.535     0.999780        87924      4551.11
   24641.535     0.999805        87924      5120.00
   24641.535     0.999829        87924      5851.43
   24641.535     0.999854        87924      6826.67
   24641.535     0.999878        87924      8192.00
   24641.535     0.999890        87924      9102.22
   24641.535     0.999902        87924     10240.00
   24641.535     0.999915        87924     11702.86
   24657.919     0.999927        87931     13653.33
   24657.919     1.000000        87931          inf
#[Mean    =    16305.030, StdDeviation   =     4708.036]
#[Max     =    24641.536, Total count    =        87931]
#[Buckets =           27, SubBuckets     =         2048]
----------------------------------------------------------
  133438 requests in 30.00s, 1.77GB read
Requests/sec:   4447.29
Transfer/sec:     60.38MB
WRKX_RESULT {"durationUs":30004335,"requests":133438,"responses":133438,"errors":0,"bytes":1899623368,"latencyAvgUs":16305030.153,"latencyP95Us":23773183.000,"latencyP99Us":24461311.000}
