Running 30s test @ http://localhost:9991/postgres/orders
  16 threads and 256 connections
  Thread calibration: mean lat.: 4719.872ms, rate sampling interval: 17219ms
  Thread calibration: mean lat.: 4720.061ms, rate sampling interval: 17219ms
  Thread calibration: mean lat.: 4719.181ms, rate sampling interval: 17219ms
  Thread calibration: mean lat.: 4712.879ms, rate sampling interval: 17219ms
  Thread calibration: mean lat.: 4721.773ms, rate sampling interval: 17235ms
  Thread calibration: mean lat.: 4712.324ms, rate sampling interval: 17219ms
  Thread calibration: mean lat.: 4715.430ms, rate sampling interval: 17219ms
  Thread calibration: mean lat.: 4718.033ms, rate sampling interval: 17219ms
  Thread calibration: mean lat.: 4718.704ms, rate sampling interval: 17203ms
  Thread calibration: mean lat.: 4711.827ms, rate sampling interval: 17203ms
  Thread calibration: mean lat.: 4712.064ms, rate sampling interval: 17203ms
  Thread calibration: mean lat.: 4714.749ms, rate sampling interval: 17203ms
  Thread calibration: mean lat.: 4723.368ms, rate sampling interval: 17219ms
  Thread calibration: mean lat.: 4713.099ms, rate sampling interval: 17203ms
  Thread calibration: mean lat.: 4724.687ms, rate sampling interval: 17235ms
  Thread calibration: mean lat.: 4714.039ms, rate sampling interval: 17203ms
  Thread Stats   Avg      Stdev     Max   +/- Stdev
    Latency    18.68s     5.68s   28.80s    57.19%
    Req/Sec   232.31      0.46   233.00    100.00%
  Latency Distribution (HdrHistogram - Recorded Latency)
 50.000%   18.61s 
 75.000%   23.69s 
 90.000%   26.77s 
 99.000%   28.62s 
 99.900%   28.77s 
 99.990%   28.80s 
 99.999%   28.80s 
100.000%   28.82s 

  Detailed Percentile spectrum:
       Value   Percentile   TotalCount 1/(1-Percentile)

    9560.063     0.000000            2         1.00
   11214.847     0.100000         7374         1.11
   12787.711     0.200000        14715         1.25
   14352.383     0.300000        22060         1.43
   16056.319     0.400000        29384         1.67
   18612.223     0.500000        36757         2.00
   19644.415     0.550000        40418         2.22
   20594.687     0.600000        44103         2.50
   21643.263     0.650000        47809         2.86
   22609.919     0.700000        51427         3.33
   23691.263     0.750000        55106         4.00
   24182.783     0.775000        56966         4.44
   24625.151     0.800000        58818         5.00
   25133.055     0.825000        60608         5.71
   25673.727     0.850000        62445         6.67
   26198.015     0.875000        64280         8.00
   26492.927     0.887500        65249         8.89
   26771.455     0.900000        66165        10.00
   27017.215     0.912500        67042        11.43
   27295.743     0.925000        67978        13.33
   27557.887     0.937500        68893        16.00
   27688.959     0.943750        69336        17.78
   27820.031     0.950000        69816        20.00
   28000.255     0.956250        70267        22.86
   28131.327     0.962500        70763        26.67
   28246.015     0.968750        71205        32.00
   28295.167     0.971875        71405        35.56
   28360.703     0.975000        71681        40.00
   28409.855     0.978125        71897        45.71
   28459.007     0.981250        72092        53.33
   28524.543     0.984375        72369        64.00
   28540.927     0.985938        72440        71.11
   28573.695     0.987500        72571        80.00
   28606.463     0.989062        72718        91.43
   28622.847     0.990625        72786       106.67
   28655.615     0.992188        72936       128.00
   28671.999     0.992969        73007       142.22
   28671.999     0.993750        73007       160.00
   28688.383     0.994531        73071       182.86
   28704.767     0.995313        73149       213.33
   28721.151     0.996094        73224       256.00
   28721.151     0.996484        73224       284.44
   28737.535     0.996875        73296       320.00
   28737.535     0.997266        73296       365.71
   28737.535     0.997656        73296       426.67
   28753.919     0.998047        73353       512.00
   28753.919     0.998242        73353       568.89
   28753.919     0.998437        73353       640.00
   28770.303     0.998633        73407       731.43
   28770.303     0.998828        73407       853.33
   28770.303     0.999023        73407      1024.00
   28770.303     0.999121        73407      1137.78
   28770.303     0.999219        73407      1280.00
   28770.303     0.999316        73407      1462.86
   28786.687     0.999414        73438      1706.67
   28786.687     0.999512        73438      2048.00
   28786.687     0.999561        73438      2275.56
   28786.687     0.999609        73438      2560.00
   28786.687     0.999658        73438      2925.71
   28786.687     0.999707        73438      3413.33
   28786.687     0.999756        73438      4096.00
   28786.687     0.999780        73438      4551.11
   28803.071     0.999805        73453      5120.00
   28803.071     0.999829        73453      5851.43
   28803.071     0.999854        73453      6826.67
   28803.071     0.999878        73453      8192.00
   28803.071     0.999890        73453      9102.22
   28803.071     0.999902        73453     10240.00
   28803.071     0.999915        73453     11702.86
   28803.071     0.999927        73453     13653.33
   28803.071     0.999939        73453     16384.00
   28803.071     0.999945        73453     18204.44
   28803.071     0.999951        73453     20480.00
   28803.071     0.999957        73453     23405.71
   28803.071     0.999963        73453     27306.67
   28803.071     0.999969        73453     32768.00
   28803.071     0.999973        73453     36408.89
   28803.071     0.999976        73453     40960.00
   28803.071     0.999979        73453     46811.43
   28803.071     0.999982        73453     54613.33
   28803.071     0.999985        73453     65536.00
   28803.071     0.999986        73453     72817.78
   28819.455     0.999988        73454     81920.00
   28819.455     1.000000        73454          inf
#[Mean    =    18681.462, StdDeviation   =     5684.744]
#[Max     =    28803.072, Total count    =        73454]
#[Buckets =           27, SubBuckets     =         2048]
----------------------------------------------------------
  118967 requests in 30.00s, 1.58GB read
Requests/sec:   3965.00
Transfer/sec:     53.83MB
WRKX_RESULT {"durationUs":30004304,"requests":118967,"responses":118967,"errors":0,"bytes":1693614212,"latencyAvgUs":18681461.757,"latencyP95Us":27820031.000,"latencyP99Us":28622847.000}
