Running 30s test @ http://localhost:9991/
  16 threads and 256 connections
  Thread calibration: mean lat.: 1.009ms, rate sampling interval: 10ms
  Thread calibration: mean lat.: 1.011ms, rate sampling interval: 10ms
  Thread calibration: mean lat.: 0.989ms, rate sampling interval: 10ms
  Thread calibration: mean lat.: 1.035ms, rate sampling interval: 10ms
  Thread calibration: mean lat.: 0.993ms, rate sampling interval: 10ms
  Thread calibration: mean lat.: 1.022ms, rate sampling interval: 10ms
  Thread calibration: mean lat.: 1.024ms, rate sampling interval: 10ms
  Thread calibration: mean lat.: 1.022ms, rate sampling interval: 10ms
  Thread calibration: mean lat.: 1.029ms, rate sampling interval: 10ms
  Thread calibration: mean lat.: 1.003ms, rate sampling interval: 10ms
  Thread calibration: mean lat.: 1.032ms, rate sampling interval: 10ms
  Thread calibration: mean lat.: 1.019ms, rate sampling interval: 10ms
  Thread calibration: mean lat.: 1.014ms, rate sampling interval: 10ms
  Thread calibration: mean lat.: 1.025ms, rate sampling interval: 10ms
  Thread calibration: mean lat.: 0.967ms, rate sampling interval: 10ms
  Thread calibration: mean lat.: 1.022ms, rate sampling interval: 10ms
  Thread Stats   Avg      Stdev     Max   +/- Stdev
    Latency     1.00ms  420.31us   4.74ms   64.36%
    Req/Sec     1.32k   239.74     2.11k    82.49%
  Latency Distribution (HdrHistogram - Recorded Latency)
 50.000%    0.99ms
 75.000%    1.30ms
 90.000%    1.55ms
 99.000%    1.97ms
 99.900%    2.30ms
 99.990%    2.97ms
 99.999%    4.14ms
100.000%    4.74ms

  Detailed Percentile spectrum:
       Value   Percentile   TotalCount 1/(1-Percentile)

       0.118     0.000000            1         1.00
       0.440     0.100000        40013         1.11
       0.599     0.200000        79805         1.25
       0.737     0.300000       119783         1.43
       0.863     0.400000       159515         1.67
       0.985     0.500000       199270         2.00
       1.046     0.550000       219231         2.22
       1.108     0.600000       239148         2.50
       1.170     0.650000       259106         2.86
       1.233     0.700000       279001         3.33
       1.301     0.750000       298987         4.00
       1.336     0.775000       308767         4.44
       1.374     0.800000       318919         5.00
       1.413     0.825000       328777         5.71
       1.455     0.850000       338665         6.67
       1.501     0.875000       348599         8.00
       1.527     0.887500       353637         8.89
       1.555     0.900000       358587        10.00
       1.586     0.912500       363644        11.43
       1.620     0.925000       368570        13.33
       1.659     0.937500       373559        16.00
       1.681     0.943750       376019        17.78
       1.705     0.950000       378518        20.00
       1.732     0.956250       381011        22.86
       1.761     0.962500       383451        26.67
       1.794     0.968750       385914        32.00
       1.813     0.971875       387200        35.56
       1.833     0.975000       388467        40.00
       1.854     0.978125       389647        45.71
       1.880     0.981250       390901        53.33
       1.908     0.984375       392159        64.00
       1.923     0.985938       392780        71.11
       1.940     0.987500       393391        80.00
       1.960     0.989062       394018        91.43
       1.980     0.990625       394623       106.67
       2.007     0.992188       395248       128.00
       2.022     0.992969       395579       142.22
       2.036     0.993750       395878       160.00
       2.053     0.994531       396180       182.86
       2.073     0.995313       396502       213.33
       2.095     0.996094       396817       256.00
       2.107     0.996484       396958       284.44
       2.125     0.996875       397130       320.00
       2.141     0.997266       397278       365.71
       2.161     0.997656       397432       426.67
       2.187     0.998047       397591       512.00
       2.201     0.998242       397662       568.89
       2.217     0.998437       397737       640.00
       2.241     0.998633       397822       731.43
       2.265     0.998828       397893       853.33
       2.301     0.999023       397968      1024.00
       2.319     0.999121       398008      1137.78
       2.339     0.999219       398047      1280.00
       2.369     0.999316       398086      1462.86
       2.411     0.999414       398124      1706.67
       2.463     0.999512       398164      2048.00
       2.489     0.999561       398182      2275.56
       2.537     0.999609       398202      2560.00
       2.579     0.999658       398221      2925.71
       2.613     0.999707       398241      3413.33
       2.669     0.999756       398260      4096.00
       2.689     0.999780       398270      4551.11
       2.729     0.999805       398280      5120.00
       2.799     0.999829       398289      5851.43
       2.821     0.999854       398299      6826.67
       2.931     0.999878       398310      8192.00
       2.949     0.999890       398314      9102.22
       3.019     0.999902       398319     10240.00
       3.067     0.999915       398323     11702.86
       3.157     0.999927       398328     13653.33
       3.327     0.999939       398333     16384.00
       3.369     0.999945       398336     18204.44
       3.387     0.999951       398339     20480.00
       3.473     0.999957       398340     23405.71
       3.547     0.999963       398343     27306.67
       3.625     0.999969       398345     32768.00
       3.683     0.999973       398347     36408.89
       3.727     0.999976       398348     40960.00
       3.919     0.999979       398349     46811.43
       3.943     0.999982       398350     54613.33
       4.065     0.999985       398351     65536.00
       4.127     0.999986       398352     72817.78
       4.135     0.999988       398353     81920.00
       4.135     0.999989       398353     93622.86
       4.219     0.999991       398354    109226.67
       4.219     0.999992       398354    131072.00
       4.223     0.999993       398355    145635.56
       4.223     0.999994       398355    163840.00
       4.223     0.999995       398355    187245.71
       4.599     0.999995       398356    218453.33
       4.599     0.999996       398356    262144.00
       4.599     0.999997       398356    291271.11
       4.599     0.999997       398356    327680.00
       4.599     0.999997       398356    374491.43
       4.739     0.999998       398357    436906.67
       4.739     1.000000       398357          inf
#[Mean    =        0.998, StdDeviation   =        0.420]
#[Max     =        4.736, Total count    =       398357]
#[Buckets =           27, SubBuckets     =         2048]
----------------------------------------------------------
  598115 requests in 30.01s, 107.24MB read
  Socket errors: connect 0, read 1183, write 0, timeout 0
Requests/sec:  19933.35
Transfer/sec:      3.57MB
WRKX_RESULT {"durationUs":30005743,"requests":598115,"responses":598115,"errors":1183,"bytes":112446190,"latencyAvgUs":997.601,"latencyP95Us":1705.000,"latencyP99Us":1971.000}
