Running 30s test @ http://localhost:9991/
  16 threads and 256 connections
  Thread calibration: mean lat.: 1.129ms, rate sampling interval: 10ms
  Thread calibration: mean lat.: 1.131ms, rate sampling interval: 10ms
  Thread calibration: mean lat.: 1.135ms, rate sampling interval: 10ms
  Thread calibration: mean lat.: 1.136ms, rate sampling interval: 10ms
  Thread calibration: mean lat.: 1.148ms, rate sampling interval: 10ms
  Thread calibration: mean lat.: 1.145ms, rate sampling interval: 10ms
  Thread calibration: mean lat.: 1.156ms, rate sampling interval: 10ms
  Thread calibration: mean lat.: 1.135ms, rate sampling interval: 10ms
  Thread calibration: mean lat.: 1.142ms, rate sampling interval: 10ms
  Thread calibration: mean lat.: 1.148ms, rate sampling interval: 10ms
  Thread calibration: mean lat.: 1.151ms, rate sampling interval: 10ms
  Thread calibration: mean lat.: 1.156ms, rate sampling interval: 10ms
  Thread calibration: mean lat.: 1.144ms, rate sampling interval: 10ms
  Thread calibration: mean lat.: 1.154ms, rate sampling interval: 10ms
  Thread calibration: mean lat.: 1.186ms, rate sampling interval: 10ms
  Thread calibration: mean lat.: 1.119ms, rate sampling interval: 10ms
  Thread Stats   Avg      Stdev     Max   +/- Stdev
    Latency     1.12ms  494.20us   5.98ms   66.01%
    Req/Sec     2.64k   271.74     3.56k    79.52%
  Latency Distribution (HdrHistogram - Recorded Latency)
 50.000%    1.10ms
 75.000%    1.46ms
 90.000%    1.77ms
 99.000%    2.38ms
 99.900%    3.16ms
 99.990%    4.29ms
 99.999%    5.16ms
100.000%    5.98ms

  Detailed Percentile spectrum:
       Value   Percentile   TotalCount 1/(1-Percentile)

       0.132     0.000000            3         1.00
       0.493     0.100000        79782         1.11
       0.663     0.200000       159497         1.25
       0.815     0.300000       239296         1.43
       0.959     0.400000       318856         1.67
       1.099     0.500000       398856         2.00
       1.168     0.550000       438352         2.22
       1.239     0.600000       478608         2.50
       1.310     0.650000       518205         2.86
       1.384     0.700000       557812         3.33
       1.462     0.750000       597689         4.00
       1.503     0.775000       617655         4.44
       1.546     0.800000       637498         5.00
       1.593     0.825000       657623         5.71
       1.643     0.850000       677297         6.67
       1.701     0.875000       697412         8.00
       1.733     0.887500       707342         8.89
       1.768     0.900000       717301        10.00
       1.807     0.912500       727195        11.43
       1.850     0.925000       737009        13.33
       1.900     0.937500       746998        16.00
       1.928     0.943750       751967        17.78
       1.960     0.950000       756982        20.00
       1.995     0.956250       761993        22.86
       2.034     0.962500       766900        26.67
       2.081     0.968750       772012        32.00
       2.107     0.971875       774442        35.56
       2.135     0.975000       776848        40.00
       2.169     0.978125       779347        45.71
       2.209     0.981250       781844        53.33
       2.257     0.984375       784353        64.00
       2.285     0.985938       785616        71.11
       2.317     0.987500       786848        80.00
       2.353     0.989062       788089        91.43
       2.393     0.990625       789300       106.67
       2.445     0.992188       790557       128.00
       2.475     0.992969       791150       142.22
       2.511     0.993750       791785       160.00
       2.551     0.994531       792417       182.86
       2.597     0.995313       793023       213.33
       2.655     0.996094       793652       256.00
       2.691     0.996484       793966       284.44
       2.729     0.996875       794270       320.00
       2.777     0.997266       794582       365.71
       2.833     0.997656       794890       426.67
       2.901     0.998047       795200       512.00
       2.939     0.998242       795353       568.89
       2.989     0.998437       795509       640.00
       3.045     0.998633       795665       731.43
       3.101     0.998828       795821       853.33
       3.167     0.999023       795974      1024.00
       3.215     0.999121       796054      1137.78
       3.269     0.999219       796132      1280.00
       3.337     0.999316       796209      1462.86
       3.417     0.999414       796288      1706.67
       3.497     0.999512       796364      2048.00
       3.537     0.999561       796401      2275.56
       3.593     0.999609       796441      2560.00
       3.657     0.999658       796479      2925.71
       3.741     0.999707       796519      3413.33
       3.839     0.999756       796557      4096.00
       3.885     0.999780       796576      4551.11
       3.943     0.999805       796596      5120.00
       3.993     0.999829       796615      5851.43
       4.069     0.999854       796635      6826.67
       4.199     0.999878       796654      8192.00
       4.255     0.999890       796664      9102.22
       4.307     0.999902       796674     10240.00
       4.355     0.999915       796684     11702.86
       4.439     0.999927       796693     13653.33
       4.519     0.999939       796703     16384.00
       4.571     0.999945       796708     18204.44
       4.619     0.999951       796713     20480.00
       4.663     0.999957       796718     23405.71
       4.703     0.999963       796722     27306.67
       4.815     0.999969       796727     32768.00
       4.919     0.999973       796730     36408.89
       4.971     0.999976       796732     40960.00
       5.019     0.999979       796734     46811.43
       5.043     0.999982       796737     54613.33
       5.051     0.999985       796739     65536.00
       5.111     0.999986       796741     72817.78
       5.139     0.999988       796742     81920.00
       5.159     0.999989       796743     93622.86
       5.179     0.999991       796744    109226.67
       5.371     0.999992       796745    131072.00
       5.375     0.999993       796746    145635.56
       5.395     0.999994       796747    163840.00
       5.395     0.999995       796747    187245.71
       5.427     0.999995       796748    218453.33
       5.427     0.999996       796748    262144.00
       5.575     0.999997       796749    291271.11
       5.575     0.999997       796749    327680.00
       5.575     0.999997       796749    374491.43
       5.883     0.999998       796750    436906.67
       5.883     0.999998       796750    524288.00
       5.883     0.999998       796750    582542.22
       5.883     0.999998       796750    655360.00
       5.883     0.999999       796750    748982.86
       5.979     0.999999       796751    873813.33
       5.979     1.000000       796751          inf
#[Mean    =        1.125, StdDeviation   =        0.494]
#[Max     =        5.976, Total count    =       796751]
#[Buckets =           27, SubBuckets     =         2048]
----------------------------------------------------------
  1196119 requests in 30.00s, 214.46MB read
  Socket errors: connect 0, read 2384, write 0, timeout 0
Requests/sec:  39870.42
Transfer/sec:      7.15MB
WRKX_RESULT {"durationUs":30000163,"requests":1196119,"responses":1196119,"errors":2384,"bytes":224872728,"latencyAvgUs":1124.954,"latencyP95Us":1960.000,"latencyP99Us":2375.000}
