Running 30s test @ http://localhost:9991/
  16 threads and 256 connections
  Thread calibration: mean lat.: 1.077ms, rate sampling interval: 10ms
  Thread calibration: mean lat.: 1.064ms, rate sampling interval: 10ms
  Thread calibration: mean lat.: 1.077ms, rate sampling interval: 10ms
  Thread calibration: mean lat.: 1.063ms, rate sampling interval: 10ms
  Thread calibration: mean lat.: 1.094ms, rate sampling interval: 10ms
  Thread calibration: mean lat.: 1.060ms, rate sampling interval: 10ms
  Thread calibration: mean lat.: 1.057ms, rate sampling interval: 10ms
  Thread calibration: mean lat.: 1.106ms, rate sampling interval: 10ms
  Thread calibration: mean lat.: 1.052ms, rate sampling interval: 10ms
  Thread calibration: mean lat.: 1.055ms, rate sampling interval: 10ms
  Thread calibration: mean lat.: 1.073ms, rate sampling interval: 10ms
  Thread calibration: mean lat.: 1.074ms, rate sampling interval: 10ms
  Thread calibration: mean lat.: 1.070ms, rate sampling interval: 10ms
  Thread calibration: mean lat.: 1.082ms, rate sampling interval: 10ms
  Thread calibration: mean lat.: 1.080ms, rate sampling interval: 10ms
  Thread calibration: mean lat.: 1.125ms, rate sampling interval: 10ms
  Thread Stats   Avg      Stdev     Max   +/- Stdev
    Latency     1.04ms  427.06us   4.51ms   64.58%
    Req/Sec   657.99    311.52     1.78k    69.74%
  Latency Distribution (HdrHistogram - Recorded Latency)
 50.000%    1.04ms
 75.000%    1.34ms
 90.000%    1.61ms
 99.000%    2.03ms
 99.900%    2.35ms
 99.990%    2.85ms
 99.999%    3.69ms
100.000%    4.51ms

  Detailed Percentile spectrum:
       Value   Percentile   TotalCount 1/(1-Percentile)

       0.137     0.000000            1         1.00
       0.473     0.100000        19968         1.11
       0.637     0.200000        39868         1.25
       0.780     0.300000        59762         1.43
       0.914     0.400000        79679         1.67
       1.041     0.500000        99704         2.00
       1.101     0.550000       109634         2.22
       1.160     0.600000       119606         2.50
       1.218     0.650000       129596         2.86
       1.278     0.700000       139518         3.33
       1.344     0.750000       149496         4.00
       1.380     0.775000       154408         4.44
       1.419     0.800000       159436         5.00
       1.460     0.825000       164331         5.71
       1.505     0.850000       169397         6.67
       1.555     0.875000       174379         8.00
       1.581     0.887500       176796         8.89
       1.611     0.900000       179273        10.00
       1.644     0.912500       181794        11.43
       1.679     0.925000       184260        13.33
       1.721     0.937500       186771        16.00
       1.744     0.943750       188004        17.78
       1.767     0.950000       189249        20.00
       1.792     0.956250       190469        22.86
       1.822     0.962500       191746        26.67
       1.855     0.968750       192982        32.00
       1.874     0.971875       193588        35.56
       1.895     0.975000       194204        40.00
       1.916     0.978125       194834        45.71
       1.939     0.981250       195458        53.33
       1.965     0.984375       196086        64.00
       1.980     0.985938       196382        71.11
       1.998     0.987500       196705        80.00
       2.018     0.989062       197022        91.43
       2.038     0.990625       197317       106.67
       2.063     0.992188       197645       128.00
       2.075     0.992969       197784       142.22
       2.093     0.993750       197960       160.00
       2.109     0.994531       198101       182.86
       2.129     0.995313       198260       213.33
       2.151     0.996094       198417       256.00
       2.163     0.996484       198490       284.44
       2.177     0.996875       198564       320.00
       2.197     0.997266       198650       365.71
       2.215     0.997656       198720       426.67
       2.235     0.998047       198795       512.00
       2.253     0.998242       198837       568.89
       2.271     0.998437       198875       640.00
       2.289     0.998633       198911       731.43
       2.327     0.998828       198950       853.33
       2.349     0.999023       198989      1024.00
       2.361     0.999121       199008      1137.78
       2.379     0.999219       199028      1280.00
       2.401     0.999316       199048      1462.86
       2.431     0.999414       199067      1706.67
       2.463     0.999512       199087      2048.00
       2.483     0.999561       199096      2275.56
       2.511     0.999609       199106      2560.00
       2.555     0.999658       199116      2925.71
       2.613     0.999707       199125      3413.33
       2.677     0.999756       199135      4096.00
       2.693     0.999780       199141      4551.11
       2.707     0.999805       199145      5120.00
       2.731     0.999829       199149      5851.43
       2.761     0.999854       199154      6826.67
       2.811     0.999878       199159      8192.00
       2.829     0.999890       199162      9102.22
       2.865     0.999902       199164     10240.00
       2.873     0.999915       199166     11702.86
       2.955     0.999927       199169     13653.33
       3.089     0.999939       199171     16384.00
       3.125     0.999945       199173     18204.44
       3.161     0.999951       199174     20480.00
       3.227     0.999957       199175     23405.71
       3.273     0.999963       199176     27306.67
       3.321     0.999969       199177     32768.00
       3.329     0.999973       199178     36408.89
       3.479     0.999976       199179     40960.00
       3.479     0.999979       199179     46811.43
       3.481     0.999982       199180     54613.33
       3.481     0.999985       199180     65536.00
       3.695     0.999986       199181     72817.78
       3.695     0.999988       199181     81920.00
       3.695     0.999989       199181     93622.86
       4.279     0.999991       199182    109226.67
       4.279     0.999992       199182    131072.00
       4.279     0.999993       199182    145635.56
       4.279     0.999994       199182    163840.00
       4.279     0.999995       199182    187245.71
       4.511     0.999995       199183    218453.33
       4.511     1.000000       199183          inf
#[Mean    =        1.044, StdDeviation   =        0.427]
#[Max     =        4.508, Total count    =       199183]
#[Buckets =           27, SubBuckets     =         2048]
----------------------------------------------------------
  299114 requests in 30.01s, 53.63MB read
  Socket errors: connect 0, read 648, write 0, timeout 0
Requests/sec:   9968.77
Transfer/sec:      1.79MB
WRKX_RESULT {"durationUs":30005104,"requests":299114,"responses":299114,"errors":648,"bytes":56233926,"latencyAvgUs":1043.808,"latencyP95Us":1767.000,"latencyP99Us":2030.000}
