Running 30s test @ http://localhost:9991/
  16 threads and 256 connections
  Thread calibration: mean lat.: 2824.868ms, rate sampling interval: 10280ms
  Thread calibration: mean lat.: 3044.695ms, rate sampling interval: 10510ms
  Thread calibration: mean lat.: 2559.908ms, rate sampling interval: 10027ms
  Thread calibration: mean lat.: 2930.374ms, rate sampling interval: 10543ms
  Thread calibration: mean lat.: 2836.470ms, rate sampling interval: 10739ms
  Thread calibration: mean lat.: 2911.461ms, rate sampling interval: 10665ms
  Thread calibration: mean lat.: 3030.328ms, rate sampling interval: 10690ms
  Thread calibration: mean lat.: 2864.765ms, rate sampling interval: 10772ms
  Thread calibration: mean lat.: 2786.159ms, rate sampling interval: 10190ms
  Thread calibration: mean lat.: 2805.215ms, rate sampling interval: 10248ms
  Thread calibration: mean lat.: 2988.007ms, rate sampling interval: 10813ms
  Thread calibration: mean lat.: 2959.636ms, rate sampling interval: 10526ms
  Thread calibration: mean lat.: 2868.983ms, rate sampling interval: 10534ms
  Thread calibration: mean lat.: 2868.186ms, rate sampling interval: 10371ms
  Thread calibration: mean lat.: 2701.311ms, rate sampling interval: 9674ms
  Thread calibration: mean lat.: 2746.039ms, rate sampling interval: 10559ms
  Thread Stats   Avg      Stdev     Max   +/- Stdev
    Latency    11.39s     3.43s   19.17s    58.96%
    Req/Sec     5.34k   187.16     5.60k    52.94%
  Latency Distribution (HdrHistogram - Recorded Latency)
 50.000%   11.37s 
 75.000%   14.25s 
 90.000%   16.08s 
 99.000%   17.96s 
 99.900%   18.73s 
 99.990%   18.97s 
 99.999%   19.17s 
100.000%   19.19s 

  Detailed Percentile spectrum:
       Value   Percentile   TotalCount 1/(1-Percentile)

    3874.815     0.000000            2         1.00
    6819.839     0.100000       170306         1.11
    7852.031     0.200000       340857         1.25
    9003.007     0.300000       511879         1.43
   10174.463     0.400000       681094         1.67
   11370.495     0.500000       852336         2.00
   11943.935     0.550000       936803         2.22
   12558.335     0.600000      1022651         2.50
   13123.583     0.650000      1108124         2.86
   13688.831     0.700000      1193032         3.33
   14245.887     0.750000      1277722         4.00
   14532.607     0.775000      1319919         4.44
   14827.519     0.800000      1362724         5.00
   15106.047     0.825000      1405372         5.71
   15433.727     0.850000      1447373         6.67
   15761.407     0.875000      1490447         8.00
   15917.055     0.887500      1511630         8.89
   16080.895     0.900000      1532537        10.00
   16252.927     0.912500      1553724        11.43
   16441.343     0.925000      1575288        13.33
   16629.759     0.937500      1596331        16.00
   16744.447     0.943750      1607135        17.78
   16859.135     0.950000      1617970        20.00
   16973.823     0.956250      1628718        22.86
   17104.895     0.962500      1639667        26.67
   17252.351     0.968750      1650357        32.00
   17317.887     0.971875      1655445        35.56
   17399.807     0.975000      1660709        40.00
   17481.727     0.978125      1665681        45.71
   17596.415     0.981250      1671359        53.33
   17711.103     0.984375      1676561        64.00
   17776.639     0.985938      1679257        71.11
   17842.175     0.987500      1681884        80.00
   17907.711     0.989062      1684456        91.43
   17973.247     0.990625      1686828       106.67
   18087.935     0.992188      1689907       128.00
   18120.703     0.992969      1690751       142.22
   18169.855     0.993750      1692267       160.00
   18219.007     0.994531      1693406       182.86
   18300.927     0.995313      1695104       213.33
   18366.463     0.996094      1696205       256.00
   18415.615     0.996484      1696857       284.44
   18464.767     0.996875      1697479       320.00
   18513.919     0.997266      1698214       365.71
   18546.687     0.997656      1698921       426.67
   18595.839     0.998047      1699563       512.00
   18612.223     0.998242      1699724       568.89
   18628.607     0.998437      1700005       640.00
   18677.759     0.998633      1700500       731.43
   18694.143     0.998828      1700678       853.33
   18726.911     0.999023      1701180      1024.00
   18726.911     0.999121      1701180      1137.78
   18759.679     0.999219      1701436      1280.00
   18776.063     0.999316      1701546      1462.86
   18808.831     0.999414      1701731      1706.67
   18841.599     0.999512      1701896      2048.00
   18857.983     0.999561      1701977      2275.56
   18874.367     0.999609      1702046      2560.00
   18890.751     0.999658      1702114      2925.71
   18907.135     0.999707      1702197      3413.33
   18923.519     0.999756      1702290      4096.00
   18923.519     0.999780      1702290      4551.11
   18939.903     0.999805      1702393      5120.00
   18939.903     0.999829      1702393      5851.43
   18956.287     0.999854      1702461      6826.67
   18956.287     0.999878      1702461      8192.00
   18972.671     0.999890      1702520      9102.22
   18972.671     0.999902      1702520     10240.00
   18972.671     0.999915      1702520     11702.86
   19005.439     0.999927      1702540     13653.33
   19070.975     0.999939      1702564     16384.00
   19103.743     0.999945      1702576     18204.44
   19120.127     0.999951      1702594     20480.00
   19120.127     0.999957      1702594     23405.71
   19136.511     0.999963      1702618     27306.67
   19136.511     0.999969      1702618     32768.00
   19136.511     0.999973      1702618     36408.89
   19152.895     0.999976      1702638     40960.00
   19152.895     0.999979      1702638     46811.43
   19152.895     0.999982      1702638     54613.33
   19169.279     0.999985      1702659     65536.00
   19169.279     0.999986      1702659     72817.78
   19169.279     0.999988      1702659     81920.00
   19169.279     0.999989      1702659     93622.86
   19169.279     0.999991      1702659    109226.67
   19169.279     0.999992      1702659    131072.00
   19169.279     0.999993      1702659    145635.56
   19169.279     0.999994      1702659    163840.00
   19169.279     0.999995      1702659    187245.71
   19169.279     0.999995      1702659    218453.33
   19169.279     0.999996      1702659    262144.00
   19169.279     0.999997      1702659    291271.11
   19169.279     0.999997      1702659    327680.00
   19185.663     0.999997      1702664    374491.43
   19185.663     1.000000      1702664          inf
#[Mean    =    11394.695, StdDeviation   =     3428.536]
#[Max     =    19169.280, Total count    =      1702664]
#[Buckets =           27, SubBuckets     =         2048]
----------------------------------------------------------
  2557083 requests in 30.00s, 458.55MB read
  Socket errors: connect 0, read 741, write 0, timeout 0
Requests/sec:  85239.30
Transfer/sec:     15.29MB
WRKX_RESULT {"durationUs":29998875,"requests":2557083,"responses":2557083,"errors":741,"bytes":480827573,"latencyAvgUs":11394694.620,"latencyP95Us":16859135.000,"latencyP99Us":17956863.000}
