Running 30s test @ http://localhost:9991/
  16 threads and 256 connections
  Thread calibration: mean lat.: 1872.776ms, rate sampling interval: 7479ms
  Thread calibration: mean lat.: 2027.349ms, rate sampling interval: 8200ms
  Thread calibration: mean lat.: 2111.204ms, rate sampling interval: 7712ms
  Thread calibration: mean lat.: 1950.221ms, rate sampling interval: 8007ms
  Thread calibration: mean lat.: 1973.522ms, rate sampling interval: 7544ms
  Thread calibration: mean lat.: 2075.254ms, rate sampling interval: 8347ms
  Thread calibration: mean lat.: 2147.694ms, rate sampling interval: 8085ms
  Thread calibration: mean lat.: 1731.828ms, rate sampling interval: 6590ms
  Thread calibration: mean lat.: 2170.919ms, rate sampling interval: 8519ms
  Thread calibration: mean lat.: 2217.295ms, rate sampling interval: 8626ms
  Thread calibration: mean lat.: 2320.195ms, rate sampling interval: 8617ms
  Thread calibration: mean lat.: 2045.598ms, rate sampling interval: 7544ms
  Thread calibration: mean lat.: 2189.967ms, rate sampling interval: 8232ms
  Thread calibration: mean lat.: 2394.367ms, rate sampling interval: 8683ms
  Thread calibration: mean lat.: 2286.179ms, rate sampling interval: 7757ms
  Thread calibration: mean lat.: 2052.742ms, rate sampling interval: 7679ms
  Thread Stats   Avg      Stdev     Max   +/- Stdev
    Latency     8.59s     2.72s   15.94s    62.45%
    Req/Sec     5.38k   238.12     5.89k    69.70%
  Latency Distribution (HdrHistogram - Recorded Latency)
 50.000%    8.60s 
 75.000%   10.73s 
 90.000%   12.22s 
 99.000%   14.12s 
 99.900%   15.11s 
 99.990%   15.88s 
 99.999%   15.93s 
100.000%   15.95s 

  Detailed Percentile spectrum:
       Value   Percentile   TotalCount 1/(1-Percentile)

     298.239     0.000000            1         1.00
    5070.847     0.100000       172649         1.11
    5967.871     0.200000       344636         1.25
    6811.647     0.300000       516477         1.43
    7704.575     0.400000       688594         1.67
    8601.599     0.500000       861679         2.00
    9027.583     0.550000       947578         2.22
    9453.567     0.600000      1032806         2.50
    9863.167     0.650000      1120224         2.86
   10289.151     0.700000      1205472         3.33
   10731.519     0.750000      1291883         4.00
   10960.895     0.775000      1334097         4.44
   11182.079     0.800000      1377081         5.00
   11427.839     0.825000      1420956         5.71
   11657.215     0.850000      1463462         6.67
   11927.551     0.875000      1507108         8.00
   12075.007     0.887500      1528534         8.89
   12222.463     0.900000      1549287        10.00
   12402.687     0.912500      1570873        11.43
   12591.103     0.925000      1592637        13.33
   12771.327     0.937500      1613970        16.00
   12861.439     0.943750      1624902        17.78
   12976.127     0.950000      1635893        20.00
   13090.815     0.956250      1646069        22.86
   13221.887     0.962500      1657184        26.67
   13377.535     0.968750      1668002        32.00
   13459.455     0.971875      1673201        35.56
   13549.567     0.975000      1678349        40.00
   13639.679     0.978125      1683624        45.71
   13754.367     0.981250      1689142        53.33
   13869.055     0.984375      1694656        64.00
   13926.399     0.985938      1697074        71.11
   14000.127     0.987500      1700081        80.00
   14065.663     0.989062      1702446        91.43
   14163.967     0.990625      1705225       106.67
   14262.271     0.992188      1707797       128.00
   14311.423     0.992969      1709186       142.22
   14360.575     0.993750      1710591       160.00
   14417.919     0.994531      1711900       182.86
   14491.647     0.995313      1713304       213.33
   14622.719     0.996094      1714560       256.00
   14688.255     0.996484      1715271       284.44
   14737.407     0.996875      1715877       320.00
   14811.135     0.997266      1716566       365.71
   14893.055     0.997656      1717274       426.67
   14950.399     0.998047      1717992       512.00
   14983.167     0.998242      1718287       568.89
   14999.551     0.998437      1718568       640.00
   15032.319     0.998633      1718945       731.43
   15073.279     0.998828      1719254       853.33
   15122.431     0.999023      1719586      1024.00
   15171.583     0.999121      1719756      1137.78
   15237.119     0.999219      1719918      1280.00
   15286.271     0.999316      1720111      1462.86
   15327.231     0.999414      1720241      1706.67
   15376.383     0.999512      1720407      2048.00
   15433.727     0.999561      1720502      2275.56
   15458.303     0.999609      1720588      2560.00
   15491.071     0.999658      1720661      2925.71
   15523.839     0.999707      1720743      3413.33
   15622.143     0.999756      1720828      4096.00
   15687.679     0.999780      1720868      4551.11
   15769.599     0.999805      1720908      5120.00
   15843.327     0.999829      1720952      5851.43
   15859.711     0.999854      1721050      6826.67
   15859.711     0.999878      1721050      8192.00
   15867.903     0.999890      1721067      9102.22
   15876.095     0.999902      1721104     10240.00
   15876.095     0.999915      1721104     11702.86
   15884.287     0.999927      1721158     13653.33
   15884.287     0.999939      1721158     16384.00
   15884.287     0.999945      1721158     18204.44
   15892.479     0.999951      1721179     20480.00
   15892.479     0.999957      1721179     23405.71
   15900.671     0.999963      1721189     27306.67
   15908.863     0.999969      1721198     32768.00
   15908.863     0.999973      1721198     36408.89
   15917.055     0.999976      1721209     40960.00
   15917.055     0.999979      1721209     46811.43
   15925.247     0.999982      1721221     54613.33
   15925.247     0.999985      1721221     65536.00
   15925.247     0.999986      1721221     72817.78
   15933.439     0.999988      1721234     81920.00
   15933.439     0.999989      1721234     93622.86
   15933.439     0.999991      1721234    109226.67
   15933.439     0.999992      1721234    131072.00
   15933.439     0.999993      1721234    145635.56
   15933.439     0.999994      1721234    163840.00
   15941.631     0.999995      1721243    187245.71
   15941.631     0.999995      1721243    218453.33
   15941.631     0.999996      1721243    262144.00
   15941.631     0.999997      1721243    291271.11
   15941.631     0.999997      1721243    327680.00
   15941.631     0.999997      1721243    374491.43
   15941.631     0.999998      1721243    436906.67
   15941.631     0.999998      1721243    524288.00
   15941.631     0.999998      1721243    582542.22
   15941.631     0.999998      1721243    655360.00
   15941.631     0.999999      1721243    748982.86
   15941.631     0.999999      1721243    873813.33
   15941.631     0.999999      1721243   1048576.00
   15941.631     0.999999      1721243   1165084.44
   15941.631     0.999999      1721243   1310720.00
   15941.631     0.999999      1721243   1497965.71
   15949.823     0.999999      1721244   1747626.67
   15949.823     1.000000      1721244          inf
#[Mean    =     8593.002, StdDeviation   =     2715.368]
#[Max     =    15941.632, Total count    =      1721244]
#[Buckets =           27, SubBuckets     =         2048]
----------------------------------------------------------
  2564722 requests in 30.00s, 459.92MB read
  Socket errors: connect 0, read 781, write 0, timeout 0
Requests/sec:  85492.79
Transfer/sec:     15.33MB
WRKX_RESULT {"durationUs":29999277,"requests":2564722,"responses":2564722,"errors":781,"bytes":482259924,"latencyAvgUs":8593001.876,"latencyP95Us":12976127.000,"latencyP99Us":14123007.000}
