Running 30s test @ http://localhost:9991/
  16 threads and 256 connections
  Thread calibration: mean lat.: 1.268ms, rate sampling interval: 10ms
  Thread calibration: mean lat.: 1.432ms, rate sampling interval: 10ms
  Thread calibration: mean lat.: 1.417ms, rate sampling interval: 10ms
  Thread calibration: mean lat.: 1.419ms, rate sampling interval: 10ms
  Thread calibration: mean lat.: 1.469ms, rate sampling interval: 10ms
  Thread calibration: mean lat.: 1.429ms, rate sampling interval: 10ms
  Thread calibration: mean lat.: 1.410ms, rate sampling interval: 10ms
  Thread calibration: mean lat.: 1.412ms, rate sampling interval: 10ms
  Thread calibration: mean lat.: 1.434ms, rate sampling interval: 10ms
  Thread calibration: mean lat.: 1.436ms, rate sampling interval: 10ms
  Thread calibration: mean lat.: 1.452ms, rate sampling interval: 10ms
  Thread calibration: mean lat.: 1.463ms, rate sampling interval: 10ms
  Thread calibration: mean lat.: 1.531ms, rate sampling interval: 10ms
  Thread calibration: mean lat.: 1.509ms, rate sampling interval: 10ms
  Thread calibration: mean lat.: 1.485ms, rate sampling interval: 10ms
  Thread calibration: mean lat.: 1.498ms, rate sampling interval: 10ms
  Thread Stats   Avg      Stdev     Max   +/- Stdev
    Latency     1.41ms  689.31us   9.20ms   69.63%
    Req/Sec     3.29k   270.05     5.11k    77.34%
  Latency Distribution (HdrHistogram - Recorded Latency)
 50.000%    1.32ms
 75.000%    1.80ms
 90.000%    2.31ms
 99.000%    3.41ms
 99.900%    4.64ms
 99.990%    7.35ms
 99.999%    8.73ms
100.000%    9.21ms

  Detailed Percentile spectrum:
       Value   Percentile   TotalCount 1/(1-Percentile)

       0.119     0.000000            1         1.00
       0.594     0.100000        99728         1.11
       0.809     0.200000       199329         1.25
       0.992     0.300000       299042         1.43
       1.161     0.400000       398756         1.67
       1.324     0.500000       498200         2.00
       1.408     0.550000       548178         2.22
       1.496     0.600000       598001         2.50
       1.589     0.650000       647508         2.86
       1.691     0.700000       697332         3.33
       1.804     0.750000       747168         4.00
       1.866     0.775000       771952         4.44
       1.935     0.800000       796967         5.00
       2.010     0.825000       821734         5.71
       2.095     0.850000       846867         6.67
       2.191     0.875000       871941         8.00
       2.245     0.887500       884102         8.89
       2.307     0.900000       896757        10.00
       2.375     0.912500       908908        11.43
       2.455     0.925000       921540        13.33
       2.547     0.937500       933949        16.00
       2.597     0.943750       940036        17.78
       2.655     0.950000       946214        20.00
       2.721     0.956250       952566        22.86
       2.793     0.962500       958645        26.67
       2.881     0.968750       964870        32.00
       2.931     0.971875       968061        35.56
       2.987     0.975000       971121        40.00
       3.049     0.978125       974214        45.71
       3.121     0.981250       977361        53.33
       3.205     0.984375       980430        64.00
       3.255     0.985938       982039        71.11
       3.309     0.987500       983569        80.00
       3.367     0.989062       985110        91.43
       3.437     0.990625       986687       106.67
       3.519     0.992188       988212       128.00
       3.569     0.992969       989000       142.22
       3.621     0.993750       989777       160.00
       3.687     0.994531       990554       182.86
       3.765     0.995313       991335       213.33
       3.849     0.996094       992097       256.00
       3.907     0.996484       992497       284.44
       3.967     0.996875       992876       320.00
       4.031     0.997266       993266       365.71
       4.115     0.997656       993660       426.67
       4.215     0.998047       994053       512.00
       4.271     0.998242       994242       568.89
       4.347     0.998437       994431       640.00
       4.423     0.998633       994632       731.43
       4.523     0.998828       994823       853.33
       4.659     0.999023       995015      1024.00
       4.751     0.999121       995114      1137.78
       4.847     0.999219       995208      1280.00
       4.999     0.999316       995309      1462.86
       5.135     0.999414       995403      1706.67
       5.331     0.999512       995502      2048.00
       5.427     0.999561       995552      2275.56
       5.563     0.999609       995598      2560.00
       5.687     0.999658       995646      2925.71
       5.891     0.999707       995696      3413.33
       6.179     0.999756       995744      4096.00
       6.343     0.999780       995768      4551.11
       6.563     0.999805       995792      5120.00
       6.759     0.999829       995816      5851.43
       6.943     0.999854       995841      6826.67
       7.171     0.999878       995866      8192.00
       7.271     0.999890       995877      9102.22
       7.367     0.999902       995889     10240.00
       7.467     0.999915       995901     11702.86
       7.563     0.999927       995914     13653.33
       7.743     0.999939       995926     16384.00
       7.823     0.999945       995935     18204.44
       7.871     0.999951       995938     20480.00
       7.935     0.999957       995944     23405.71
       8.095     0.999963       995950     27306.67
       8.191     0.999969       995956     32768.00
       8.255     0.999973       995959     36408.89
       8.351     0.999976       995963     40960.00
       8.455     0.999979       995965     46811.43
       8.535     0.999982       995968     54613.33
       8.599     0.999985       995972     65536.00
       8.639     0.999986       995973     72817.78
       8.679     0.999988       995974     81920.00
       8.727     0.999989       995976     93622.86
       8.751     0.999991       995977    109226.67
       8.799     0.999992       995979    131072.00
       8.855     0.999993       995980    145635.56
       8.855     0.999994       995980    163840.00
       8.879     0.999995       995981    187245.71
       8.911     0.999995       995982    218453.33
       8.991     0.999996       995983    262144.00
       8.991     0.999997       995983    291271.11
       8.991     0.999997       995983    327680.00
       9.015     0.999997       995984    374491.43
       9.015     0.999998       995984    436906.67
       9.103     0.999998       995985    524288.00
       9.103     0.999998       995985    582542.22
       9.103     0.999998       995985    655360.00
       9.103     0.999999       995985    748982.86
       9.103     0.999999       995985    873813.33
       9.207     0.999999       995986   1048576.00
       9.207     1.000000       995986          inf
#[Mean    =        1.408, StdDeviation   =        0.689]
#[Max     =        9.200, Total count    =       995986]
#[Buckets =           27, SubBuckets     =         2048]
----------------------------------------------------------
  1495142 requests in 30.00s, 268.07MB read
  Socket errors: connect 0, read 2773, write 0, timeout 0
Requests/sec:  49835.30
Transfer/sec:      8.94MB
WRKX_RESULT {"durationUs":30001667,"requests":1495142,"responses":1495142,"errors":2773,"bytes":281094315,"latencyAvgUs":1408.430,"latencyP95Us":2655.000,"latencyP99Us":3409.000}
