Running 30s test @ http://localhost:9991/
  16 threads and 256 connections
  Thread calibration: mean lat.: 1.057ms, rate sampling interval: 10ms
  Thread calibration: mean lat.: 1.047ms, rate sampling interval: 10ms
  Thread calibration: mean lat.: 1.042ms, rate sampling interval: 10ms
  Thread calibration: mean lat.: 1.038ms, rate sampling interval: 10ms
  Thread calibration: mean lat.: 1.038ms, rate sampling interval: 10ms
  Thread calibration: mean lat.: 1.058ms, rate sampling interval: 10ms
  Thread calibration: mean lat.: 1.040ms, rate sampling interval: 10ms
  Thread calibration: mean lat.: 1.018ms, rate sampling interval: 10ms
  Thread calibration: mean lat.: 1.050ms, rate sampling interval: 10ms
  Thread calibration: mean lat.: 1.026ms, rate sampling interval: 10ms
  Thread calibration: mean lat.: 1.022ms, rate sampling interval: 10ms
  Thread calibration: mean lat.: 1.044ms, rate sampling interval: 10ms
  Thread calibration: mean lat.: 1.014ms, rate sampling interval: 10ms
  Thread calibration: mean lat.: 1.037ms, rate sampling interval: 10ms
  Thread calibration: mean lat.: 1.056ms, rate sampling interval: 10ms
  Thread calibration: mean lat.: 1.029ms, rate sampling interval: 10ms
  Thread Stats   Avg      Stdev     Max   +/- Stdev
    Latency     1.01ms  404.99us   3.69ms   65.28%
    Req/Sec   328.41     98.08   666.00     52.74%
  Latency Distribution (HdrHistogram - Recorded Latency)
 50.000%    1.01ms
 75.000%    1.29ms
 90.000%    1.55ms
 99.000%    1.99ms
 99.900%    2.25ms
 99.990%    2.79ms
 99.999%    3.41ms
100.000%    3.69ms

  Detailed Percentile spectrum:
       Value   Percentile   TotalCount 1/(1-Percentile)

       0.150     0.000000            1         1.00
       0.481     0.100000        10000         1.11
       0.629     0.200000        19997         1.25
       0.759     0.300000        29947         1.43
       0.883     0.400000        39849         1.67
       1.006     0.500000        49800         2.00
       1.066     0.550000        54809         2.22
       1.124     0.600000        59772         2.50
       1.180     0.650000        64773         2.86
       1.237     0.700000        69789         3.33
       1.294     0.750000        74764         4.00
       1.326     0.775000        77229         4.44
       1.360     0.800000        79712         5.00
       1.398     0.825000        82173         5.71
       1.441     0.850000        84673         6.67
       1.492     0.875000        87180         8.00
       1.520     0.887500        88439         8.89
       1.548     0.900000        89646        10.00
       1.583     0.912500        90909        11.43
       1.620     0.925000        92159        13.33
       1.662     0.937500        93398        16.00
       1.685     0.943750        93999        17.78
       1.711     0.950000        94634        20.00
       1.739     0.956250        95267        22.86
       1.768     0.962500        95883        26.67
       1.804     0.968750        96489        32.00
       1.824     0.971875        96799        35.56
       1.845     0.975000        97115        40.00
       1.867     0.978125        97427        45.71
       1.892     0.981250        97732        53.33
       1.925     0.984375        98043        64.00
       1.942     0.985938        98200        71.11
       1.962     0.987500        98361        80.00
       1.982     0.989062        98512        91.43
       2.002     0.990625        98671       106.67
       2.030     0.992188        98826       128.00
       2.041     0.992969        98901       142.22
       2.057     0.993750        98988       160.00
       2.069     0.994531        99059       182.86
       2.087     0.995313        99133       213.33
       2.107     0.996094        99219       256.00
       2.119     0.996484        99253       284.44
       2.133     0.996875        99294       320.00
       2.147     0.997266        99327       365.71
       2.167     0.997656        99371       426.67
       2.183     0.998047        99406       512.00
       2.197     0.998242        99427       568.89
       2.207     0.998437        99445       640.00
       2.223     0.998633        99464       731.43
       2.235     0.998828        99484       853.33
       2.251     0.999023        99502      1024.00
       2.267     0.999121        99515      1137.78
       2.283     0.999219        99523      1280.00
       2.289     0.999316        99533      1462.86
       2.307     0.999414        99542      1706.67
       2.325     0.999512        99551      2048.00
       2.345     0.999561        99557      2275.56
       2.369     0.999609        99561      2560.00
       2.379     0.999658        99565      2925.71
       2.395     0.999707        99570      3413.33
       2.469     0.999756        99575      4096.00
       2.513     0.999780        99579      4551.11
       2.529     0.999805        99580      5120.00
       2.561     0.999829        99582      5851.43
       2.611     0.999854        99585      6826.67
       2.665     0.999878        99587      8192.00
       2.785     0.999890        99589      9102.22
       2.881     0.999902        99590     10240.00
       2.883     0.999915        99591     11702.86
       2.931     0.999927        99592     13653.33
       3.047     0.999939        99593     16384.00
       3.103     0.999945        99594     18204.44
       3.151     0.999951        99595     20480.00
       3.151     0.999957        99595     23405.71
       3.193     0.999963        99596     27306.67
       3.193     0.999969        99596     32768.00
       3.363     0.999973        99597     36408.89
       3.363     0.999976        99597     40960.00
       3.363     0.999979        99597     46811.43
       3.415     0.999982        99598     54613.33
       3.415     0.999985        99598     65536.00
       3.415     0.999986        99598     72817.78
       3.415     0.999988        99598     81920.00
       3.415     0.999989        99598     93622.86
       3.691     0.999991        99599    109226.67
       3.691     1.000000        99599          inf
#[Mean    =        1.014, StdDeviation   =        0.405]
#[Max     =        3.690, Total count    =        99599]
#[Buckets =           27, SubBuckets     =         2048]
----------------------------------------------------------
  149937 requests in 30.00s, 26.88MB read
  Socket errors: connect 0, read 138, write 0, timeout 0
Requests/sec:   4997.13
Transfer/sec:      0.90MB
WRKX_RESULT {"durationUs":30004596,"requests":149937,"responses":149937,"errors":138,"bytes":28188175,"latencyAvgUs":1014.106,"latencyP95Us":1711.000,"latencyP99Us":1993.000}
