Running 30s test @ http://localhost:9991/
  16 threads and 256 connections
  Thread calibration: mean lat.: 1.039ms, rate sampling interval: 10ms
  Thread calibration: mean lat.: 1.048ms, rate sampling interval: 10ms
  Thread calibration: mean lat.: 1.050ms, rate sampling interval: 10ms
  Thread calibration: mean lat.: 1.037ms, rate sampling interval: 10ms
  Thread calibration: mean lat.: 1.039ms, rate sampling interval: 10ms
  Thread calibration: mean lat.: 1.031ms, rate sampling interval: 10ms
  Thread calibration: mean lat.: 1.042ms, rate sampling interval: 10ms
  Thread calibration: mean lat.: 1.042ms, rate sampling interval: 10ms
  Thread calibration: mean lat.: 1.039ms, rate sampling interval: 10ms
  Thread calibration: mean lat.: 1.040ms, rate sampling interval: 10ms
  Thread calibration: mean lat.: 1.031ms, rate sampling interval: 10ms
  Thread calibration: mean lat.: 1.035ms, rate sampling interval: 10ms
  Thread calibration: mean lat.: 1.055ms, rate sampling interval: 10ms
  Thread calibration: mean lat.: 1.043ms, rate sampling interval: 10ms
  Thread calibration: mean lat.: 1.057ms, rate sampling interval: 10ms
  Thread calibration: mean lat.: 1.076ms, rate sampling interval: 10ms
  Thread Stats   Avg      Stdev     Max   +/- Stdev
    Latency     1.02ms  450.11us   5.52ms   64.48%
    Req/Sec     1.98k   160.37     2.67k    67.39%
  Latency Distribution (HdrHistogram - Recorded Latency)
 50.000%    1.01ms
 75.000%    1.35ms
 90.000%    1.61ms
 99.000%    2.10ms
 99.900%    2.67ms
 99.990%    3.61ms
 99.999%    4.31ms
100.000%    5.53ms

  Detailed Percentile spectrum:
       Value   Percentile   TotalCount 1/(1-Percentile)

       0.120     0.000000            1         1.00
       0.435     0.100000        59938         1.11
       0.592     0.200000       119782         1.25
       0.737     0.300000       179365         1.43
       0.876     0.400000       239329         1.67
       1.010     0.500000       298853         2.00
       1.076     0.550000       328681         2.22
       1.143     0.600000       358967         2.50
       1.209     0.650000       388657         2.86
       1.277     0.700000       418512         3.33
       1.348     0.750000       448457         4.00
       1.385     0.775000       463319         4.44
       1.423     0.800000       478195         5.00
       1.463     0.825000       493166         5.71
       1.505     0.850000       508026         6.67
       1.553     0.875000       522948         8.00
       1.580     0.887500       530383         8.89
       1.610     0.900000       537815        10.00
       1.644     0.912500       545476        11.43
       1.681     0.925000       552850        13.33
       1.724     0.937500       560303        16.00
       1.749     0.943750       564053        17.78
       1.775     0.950000       567732        20.00
       1.806     0.956250       571502        22.86
       1.839     0.962500       575187        26.67
       1.878     0.968750       578918        32.00
       1.900     0.971875       580774        35.56
       1.925     0.975000       582650        40.00
       1.952     0.978125       584510        45.71
       1.983     0.981250       586385        53.33
       2.018     0.984375       588277        64.00
       2.037     0.985938       589164        71.11
       2.061     0.987500       590150        80.00
       2.085     0.989062       591048        91.43
       2.117     0.990625       592000       106.67
       2.153     0.992188       592941       128.00
       2.173     0.992969       593372       142.22
       2.199     0.993750       593852       160.00
       2.227     0.994531       594305       182.86
       2.263     0.995313       594789       213.33
       2.301     0.996094       595235       256.00
       2.327     0.996484       595471       284.44
       2.357     0.996875       595704       320.00
       2.389     0.997266       595934       365.71
       2.431     0.997656       596167       426.67
       2.477     0.998047       596406       512.00
       2.509     0.998242       596518       568.89
       2.541     0.998437       596637       640.00
       2.577     0.998633       596751       731.43
       2.625     0.998828       596868       853.33
       2.677     0.999023       596986      1024.00
       2.719     0.999121       597042      1137.78
       2.753     0.999219       597101      1280.00
       2.791     0.999316       597163      1462.86
       2.841     0.999414       597217      1706.67
       2.909     0.999512       597276      2048.00
       2.965     0.999561       597305      2275.56
       3.013     0.999609       597334      2560.00
       3.051     0.999658       597364      2925.71
       3.111     0.999707       597392      3413.33
       3.185     0.999756       597422      4096.00
       3.229     0.999780       597437      4551.11
       3.285     0.999805       597451      5120.00
       3.361     0.999829       597465      5851.43
       3.443     0.999854       597481      6826.67
       3.535     0.999878       597495      8192.00
       3.571     0.999890       597502      9102.22
       3.623     0.999902       597509     10240.00
       3.681     0.999915       597516     11702.86
       3.743     0.999927       597525     13653.33
       3.793     0.999939       597531     16384.00
       3.853     0.999945       597535     18204.44
       3.887     0.999951       597538     20480.00
       3.927     0.999957       597542     23405.71
       3.977     0.999963       597546     27306.67
       4.021     0.999969       597549     32768.00
       4.083     0.999973       597551     36408.89
       4.115     0.999976       597553     40960.00
       4.151     0.999979       597555     46811.43
       4.203     0.999982       597557     54613.33
       4.219     0.999985       597558     65536.00
       4.263     0.999986       597559     72817.78
       4.267     0.999988       597560     81920.00
       4.311     0.999989       597561     93622.86
       4.319     0.999991       597562    109226.67
       4.515     0.999992       597563    131072.00
       4.515     0.999993       597563    145635.56
       4.535     0.999994       597564    163840.00
       4.535     0.999995       597564    187245.71
       5.079     0.999995       597565    218453.33
       5.079     0.999996       597565    262144.00
       5.079     0.999997       597565    291271.11
       5.387     0.999997       597566    327680.00
       5.387     0.999997       597566    374491.43
       5.387     0.999998       597566    436906.67
       5.387     0.999998       597566    524288.00
       5.387     0.999998       597566    582542.22
       5.527     0.999998       597567    655360.00
       5.527     1.000000       597567          inf
#[Mean    =        1.025, StdDeviation   =        0.450]
#[Max     =        5.524, Total count    =       597567]
#[Buckets =           27, SubBuckets     =         2048]
----------------------------------------------------------
  898922 requests in 30.00s, 161.17MB read
  Socket errors: connect 0, read 1906, write 0, timeout 0
Requests/sec:  29964.46
Transfer/sec:      5.37MB
WRKX_RESULT {"durationUs":29999608,"requests":898922,"responses":898922,"errors":1906,"bytes":168998305,"latencyAvgUs":1024.780,"latencyP95Us":1775.000,"latencyP99Us":2103.000}
