Running 30s test @ http://localhost:9991/
  16 threads and 256 connections
  Thread calibration: mean lat.: 1.081ms, rate sampling interval: 10ms
  Thread calibration: mean lat.: 1.090ms, rate sampling interval: 10ms
  Thread calibration: mean lat.: 1.088ms, rate sampling interval: 10ms
  Thread calibration: mean lat.: 1.132ms, rate sampling interval: 10ms
  Thread calibration: mean lat.: 1.095ms, rate sampling interval: 10ms
  Thread calibration: mean lat.: 1.101ms, rate sampling interval: 10ms
  Thread calibration: mean lat.: 1.123ms, rate sampling interval: 10ms
  Thread calibration: mean lat.: 1.143ms, rate sampling interval: 10ms
  Thread calibration: mean lat.: 1.123ms, rate sampling interval: 10ms
  Thread calibration: mean lat.: 1.128ms, rate sampling interval: 10ms
  Thread calibration: mean lat.: 1.144ms, rate sampling interval: 10ms
  Thread calibration: mean lat.: 1.106ms, rate sampling interval: 10ms
  Thread calibration: mean lat.: 1.144ms, rate sampling interval: 10ms
  Thread calibration: mean lat.: 1.110ms, rate sampling interval: 10ms
  Thread calibration: mean lat.: 1.106ms, rate sampling interval: 10ms
  Thread calibration: mean lat.: 1.077ms, rate sampling interval: 10ms
  Thread Stats   Avg      Stdev     Max   +/- Stdev
    Latency     1.09ms  504.42us   7.13ms   66.06%
    Req/Sec     1.64k   136.05     2.56k    80.62%
  Latency Distribution (HdrHistogram - Recorded Latency)
 50.000%    1.05ms
 75.000%    1.43ms
 90.000%    1.75ms
 99.000%    2.41ms
 99.900%    3.09ms
 99.990%    3.84ms
 99.999%    6.62ms
100.000%    7.14ms

  Detailed Percentile spectrum:
       Value   Percentile   TotalCount 1/(1-Percentile)

       0.112     0.000000            1         1.00
       0.451     0.100000        50024         1.11
       0.616     0.200000        99877         1.25
       0.767     0.300000       149595         1.43
       0.912     0.400000       199303         1.67
       1.054     0.500000       249131         2.00
       1.125     0.550000       274221         2.22
       1.195     0.600000       298923         2.50
       1.268     0.650000       323816         2.86
       1.345     0.700000       348634         3.33
       1.426     0.750000       373604         4.00
       1.469     0.775000       386230         4.44
       1.514     0.800000       398572         5.00
       1.564     0.825000       411089         5.71
       1.618     0.850000       423442         6.67
       1.679     0.875000       435805         8.00
       1.714     0.887500       442092         8.89
       1.752     0.900000       448395        10.00
       1.793     0.912500       454463        11.43
       1.840     0.925000       460754        13.33
       1.895     0.937500       467009        16.00
       1.925     0.943750       470060        17.78
       1.958     0.950000       473191        20.00
       1.994     0.956250       476251        22.86
       2.037     0.962500       479363        26.67
       2.087     0.968750       482511        32.00
       2.115     0.971875       484092        35.56
       2.147     0.975000       485667        40.00
       2.183     0.978125       487182        45.71
       2.225     0.981250       488713        53.33
       2.277     0.984375       490279        64.00
       2.309     0.985938       491071        71.11
       2.343     0.987500       491839        80.00
       2.383     0.989062       492618        91.43
       2.425     0.990625       493379       106.67
       2.477     0.992188       494177       128.00
       2.507     0.992969       494549       142.22
       2.543     0.993750       494940       160.00
       2.585     0.994531       495322       182.86
       2.627     0.995313       495705       213.33
       2.683     0.996094       496096       256.00
       2.717     0.996484       496296       284.44
       2.755     0.996875       496489       320.00
       2.795     0.997266       496683       365.71
       2.843     0.997656       496872       426.67
       2.899     0.998047       497073       512.00
       2.925     0.998242       497164       568.89
       2.959     0.998437       497261       640.00
       3.001     0.998633       497362       731.43
       3.047     0.998828       497459       853.33
       3.095     0.999023       497553      1024.00
       3.133     0.999121       497604      1137.78
       3.169     0.999219       497651      1280.00
       3.213     0.999316       497702      1462.86
       3.269     0.999414       497750      1706.67
       3.323     0.999512       497796      2048.00
       3.363     0.999561       497823      2275.56
       3.393     0.999609       497846      2560.00
       3.437     0.999658       497869      2925.71
       3.485     0.999707       497895      3413.33
       3.533     0.999756       497918      4096.00
       3.569     0.999780       497931      4551.11
       3.603     0.999805       497942      5120.00
       3.635     0.999829       497954      5851.43
       3.701     0.999854       497968      6826.67
       3.739     0.999878       497979      8192.00
       3.779     0.999890       497985      9102.22
       3.883     0.999902       497991     10240.00
       3.913     0.999915       497997     11702.86
       3.963     0.999927       498003     13653.33
       4.079     0.999939       498009     16384.00
       4.123     0.999945       498012     18204.44
       4.267     0.999951       498015     20480.00
       4.371     0.999957       498018     23405.71
       4.491     0.999963       498021     27306.67
       4.579     0.999969       498024     32768.00
       4.679     0.999973       498026     36408.89
       5.267     0.999976       498027     40960.00
       5.727     0.999979       498029     46811.43
       5.739     0.999982       498030     54613.33
       5.859     0.999985       498032     65536.00
       6.019     0.999986       498033     72817.78
       6.019     0.999988       498033     81920.00
       6.619     0.999989       498034     93622.86
       6.691     0.999991       498035    109226.67
       6.887     0.999992       498036    131072.00
       6.887     0.999993       498036    145635.56
       6.887     0.999994       498036    163840.00
       7.007     0.999995       498037    187245.71
       7.007     0.999995       498037    218453.33
       7.035     0.999996       498038    262144.00
       7.035     0.999997       498038    291271.11
       7.035     0.999997       498038    327680.00
       7.035     0.999997       498038    374491.43
       7.035     0.999998       498038    436906.67
       7.135     0.999998       498039    524288.00
       7.135     1.000000       498039          inf
#[Mean    =        1.088, StdDeviation   =        0.504]
#[Max     =        7.132, Total count    =       498039]
#[Buckets =           27, SubBuckets     =         2048]
----------------------------------------------------------
  749158 requests in 30.00s, 134.32MB read
  Socket errors: connect 0, read 1487, write 0, timeout 0
Requests/sec:  24970.43
Transfer/sec:      4.48MB
WRKX_RESULT {"durationUs":30001806,"requests":749158,"responses":749158,"errors":1487,"bytes":140843357,"latencyAvgUs":1088.059,"latencyP95Us":1958.000,"latencyP99Us":2409.000}
