Running 30s test @ http://localhost:9991/
  16 threads and 256 connections
  Thread calibration: mean lat.: 0.998ms, rate sampling interval: 10ms
  Thread calibration: mean lat.: 1.045ms, rate sampling interval: 10ms
  Thread calibration: mean lat.: 1.040ms, rate sampling interval: 10ms
  Thread calibration: mean lat.: 1.062ms, rate sampling interval: 10ms
  Thread calibration: mean lat.: 1.089ms, rate sampling interval: 10ms
  Thread calibration: mean lat.: 1.077ms, rate sampling interval: 10ms
  Thread calibration: mean lat.: 1.049ms, rate sampling interval: 10ms
  Thread calibration: mean lat.: 1.011ms, rate sampling interval: 10ms
  Thread calibration: mean lat.: 1.093ms, rate sampling interval: 10ms
  Thread calibration: mean lat.: 1.083ms, rate sampling interval: 10ms
  Thread calibration: mean lat.: 1.023ms, rate sampling interval: 10ms
  Thread calibration: mean lat.: 1.041ms, rate sampling interval: 10ms
  Thread calibration: mean lat.: 1.067ms, rate sampling interval: 10ms
  Thread calibration: mean lat.: 1.070ms, rate sampling interval: 10ms
  Thread calibration: mean lat.: 1.076ms, rate sampling interval: 10ms
  Thread calibration: mean lat.: 1.112ms, rate sampling interval: 10ms
  Thread Stats   Avg      Stdev     Max   +/- Stdev
    Latency     0.99ms  426.26us   4.89ms   65.07%
    Req/Sec     0.99k   360.94     1.78k    71.50%
  Latency Distribution (HdrHistogram - Recorded Latency)
 50.000%    0.98ms
 75.000%    1.29ms
 90.000%    1.56ms
 99.000%    2.03ms
 99.900%    2.47ms
 99.990%    3.23ms
 99.999%    4.26ms
100.000%    4.89ms

  Detailed Percentile spectrum:
       Value   Percentile   TotalCount 1/(1-Percentile)

       0.120     0.000000            1         1.00
       0.435     0.100000        29900         1.11
       0.591     0.200000        59933         1.25
       0.730     0.300000        89818         1.43
       0.858     0.400000       119625         1.67
       0.980     0.500000       149506         2.00
       1.040     0.550000       164416         2.22
       1.101     0.600000       179301         2.50
       1.161     0.650000       194332         2.86
       1.223     0.700000       209258         3.33
       1.288     0.750000       224154         4.00
       1.324     0.775000       231558         4.44
       1.363     0.800000       239155         5.00
       1.404     0.825000       246568         5.71
       1.449     0.850000       253979         6.67
       1.498     0.875000       261438         8.00
       1.525     0.887500       265198         8.89
       1.556     0.900000       268973        10.00
       1.590     0.912500       272681        11.43
       1.628     0.925000       276433        13.33
       1.672     0.937500       280125        16.00
       1.696     0.943750       282015        17.78
       1.722     0.950000       283885        20.00
       1.751     0.956250       285733        22.86
       1.785     0.962500       287595        26.67
       1.823     0.968750       289490        32.00
       1.843     0.971875       290385        35.56
       1.866     0.975000       291320        40.00
       1.891     0.978125       292264        45.71
       1.920     0.981250       293196        53.33
       1.950     0.984375       294115        64.00
       1.969     0.985938       294581        71.11
       1.990     0.987500       295048        80.00
       2.013     0.989062       295517        91.43
       2.038     0.990625       295994       106.67
       2.065     0.992188       296451       128.00
       2.083     0.992969       296705       142.22
       2.103     0.993750       296935       160.00
       2.125     0.994531       297152       182.86
       2.149     0.995313       297401       213.33
       2.177     0.996094       297622       256.00
       2.195     0.996484       297741       284.44
       2.219     0.996875       297857       320.00
       2.243     0.997266       297979       365.71
       2.269     0.997656       298082       426.67
       2.309     0.998047       298199       512.00
       2.331     0.998242       298257       568.89
       2.357     0.998437       298316       640.00
       2.389     0.998633       298374       731.43
       2.427     0.998828       298431       853.33
       2.481     0.999023       298492      1024.00
       2.503     0.999121       298521      1137.78
       2.535     0.999219       298548      1280.00
       2.571     0.999316       298577      1462.86
       2.611     0.999414       298606      1706.67
       2.655     0.999512       298637      2048.00
       2.675     0.999561       298651      2275.56
       2.713     0.999609       298665      2560.00
       2.759     0.999658       298679      2925.71
       2.813     0.999707       298694      3413.33
       2.853     0.999756       298709      4096.00
       2.883     0.999780       298716      4551.11
       2.929     0.999805       298723      5120.00
       2.989     0.999829       298730      5851.43
       3.043     0.999854       298738      6826.67
       3.141     0.999878       298745      8192.00
       3.175     0.999890       298749      9102.22
       3.261     0.999902       298752     10240.00
       3.283     0.999915       298756     11702.86
       3.345     0.999927       298760     13653.33
       3.459     0.999939       298763     16384.00
       3.489     0.999945       298765     18204.44
       3.659     0.999951       298767     20480.00
       3.723     0.999957       298769     23405.71
       3.801     0.999963       298771     27306.67
       3.825     0.999969       298772     32768.00
       3.873     0.999973       298773     36408.89
       3.963     0.999976       298774     40960.00
       4.045     0.999979       298775     46811.43
       4.067     0.999982       298776     54613.33
       4.179     0.999985       298777     65536.00
       4.179     0.999986       298777     72817.78
       4.263     0.999988       298778     81920.00
       4.263     0.999989       298778     93622.86
       4.415     0.999991       298779    109226.67
       4.415     0.999992       298779    131072.00
       4.415     0.999993       298779    145635.56
       4.555     0.999994       298780    163840.00
       4.555     0.999995       298780    187245.71
       4.555     0.999995       298780    218453.33
       4.555     0.999996       298780    262144.00
       4.555     0.999997       298780    291271.11
       4.891     0.999997       298781    327680.00
       4.891     1.000000       298781          inf
#[Mean    =        0.994, StdDeviation   =        0.426]
#[Max     =        4.888, Total count    =       298781]
#[Buckets =           27, SubBuckets     =         2048]
----------------------------------------------------------
  447703 requests in 30.00s, 80.27MB read
  Socket errors: connect 0, read 928, write 0, timeout 0
Requests/sec:  14922.33
Transfer/sec:      2.68MB
WRKX_RESULT {"durationUs":30002216,"requests":447703,"responses":447703,"errors":928,"bytes":84168943,"latencyAvgUs":994.355,"latencyP95Us":1722.000,"latencyP99Us":2028.000}
