Running 30s test @ http://localhost:9991/
  16 threads and 256 connections
  Thread calibration: mean lat.: 664.516ms, rate sampling interval: 3196ms
  Thread calibration: mean lat.: 682.311ms, rate sampling interval: 3327ms
  Thread calibration: mean lat.: 578.150ms, rate sampling interval: 2781ms
  Thread calibration: mean lat.: 663.489ms, rate sampling interval: 3135ms
  Thread calibration: mean lat.: 609.394ms, rate sampling interval: 3051ms
  Thread calibration: mean lat.: 771.613ms, rate sampling interval: 3246ms
  Thread calibration: mean lat.: 510.146ms, rate sampling interval: 2385ms
  Thread calibration: mean lat.: 623.158ms, rate sampling interval: 2930ms
  Thread calibration: mean lat.: 621.031ms, rate sampling interval: 3397ms
  Thread calibration: mean lat.: 695.052ms, rate sampling interval: 3215ms
  Thread calibration: mean lat.: 698.426ms, rate sampling interval: 3381ms
  Thread calibration: mean lat.: 675.202ms, rate sampling interval: 3377ms
  Thread calibration: mean lat.: 744.611ms, rate sampling interval: 3573ms
  Thread calibration: mean lat.: 603.895ms, rate sampling interval: 3004ms
  Thread calibration: mean lat.: 649.960ms, rate sampling interval: 3420ms
  Thread calibration: mean lat.: 556.192ms, rate sampling interval: 2904ms
  Thread Stats   Avg      Stdev     Max   +/- Stdev
    Latency     2.57s     1.56s    8.61s    65.52%
    Req/Sec     5.41k   320.47     6.27k    66.67%
  Latency Distribution (HdrHistogram - Recorded Latency)
 50.000%    2.45s 
 75.000%    3.61s 
 90.000%    4.74s 
 99.000%    6.58s 
 99.900%    7.60s 
 99.990%    8.49s 
 99.999%    8.61s 
100.000%    8.62s 

  Detailed Percentile spectrum:
       Value   Percentile   TotalCount 1/(1-Percentile)

       0.217     0.000000            1         1.00
     601.087     0.100000       171867         1.11
    1133.567     0.200000       343532         1.25
    1579.007     0.300000       515310         1.43
    2007.039     0.400000       686955         1.67
    2447.359     0.500000       858880         2.00
    2660.351     0.550000       945056         2.22
    2842.623     0.600000      1030703         2.50
    3063.807     0.650000      1116727         2.86
    3330.047     0.700000      1202630         3.33
    3610.623     0.750000      1288027         4.00
    3753.983     0.775000      1331483         4.44
    3909.631     0.800000      1374039         5.00
    4077.567     0.825000      1417089         5.71
    4263.935     0.850000      1459981         6.67
    4468.735     0.875000      1502704         8.00
    4607.999     0.887500      1524358         8.89
    4743.167     0.900000      1545818        10.00
    4882.431     0.912500      1567199        11.43
    5046.271     0.925000      1588640        13.33
    5210.111     0.937500      1610094        16.00
    5287.935     0.943750      1620802        17.78
    5394.431     0.950000      1631668        20.00
    5484.543     0.956250      1642636        22.86
    5595.135     0.962500      1653113        26.67
    5730.303     0.968750      1663846        32.00
    5804.031     0.971875      1669235        35.56
    5881.855     0.975000      1674427        40.00
    5984.255     0.978125      1679886        45.71
    6094.847     0.981250      1685232        53.33
    6230.015     0.984375      1690678        64.00
    6320.127     0.985938      1693200        71.11
    6426.623     0.987500      1695956        80.00
    6529.023     0.989062      1698640        91.43
    6602.751     0.990625      1701309       106.67
    6692.863     0.992188      1703989       128.00
    6758.399     0.992969      1705336       142.22
    6832.127     0.993750      1706665       160.00
    6922.239     0.994531      1708034       182.86
    7012.351     0.995313      1709312       213.33
    7110.655     0.996094      1710682       256.00
    7147.519     0.996484      1711330       284.44
    7204.863     0.996875      1712078       320.00
    7237.631     0.997266      1712659       365.71
    7282.687     0.997656      1713352       426.67
    7344.127     0.998047      1714006       512.00
    7385.087     0.998242      1714343       568.89
    7450.623     0.998437      1714671       640.00
    7503.871     0.998633      1715019       731.43
    7553.023     0.998828      1715355       853.33
    7610.367     0.999023      1715680      1024.00
    7647.231     0.999121      1715847      1137.78
    7679.999     0.999219      1716021      1280.00
    7745.535     0.999316      1716193      1462.86
    7770.111     0.999414      1716345      1706.67
    7806.975     0.999512      1716514      2048.00
    7864.319     0.999561      1716599      2275.56
    7921.663     0.999609      1716679      2560.00
    7974.911     0.999658      1716763      2925.71
    8019.967     0.999707      1716850      3413.33
    8056.831     0.999756      1716938      4096.00
    8069.119     0.999780      1716978      4551.11
    8126.463     0.999805      1717014      5120.00
    8359.935     0.999829      1717056      5851.43
    8429.567     0.999854      1717114      6826.67
    8445.951     0.999878      1717146      8192.00
    8470.527     0.999890      1717166      9102.22
    8495.103     0.999902      1717185     10240.00
    8503.295     0.999915      1717214     11702.86
    8511.487     0.999927      1717241     13653.33
    8519.679     0.999939      1717247     16384.00
    8536.063     0.999945      1717257     18204.44
    8560.639     0.999951      1717273     20480.00
    8568.831     0.999957      1717284     23405.71
    8577.023     0.999963      1717287     27306.67
    8593.407     0.999969      1717304     32768.00
    8593.407     0.999973      1717304     36408.89
    8601.599     0.999976      1717317     40960.00
    8601.599     0.999979      1717317     46811.43
    8609.791     0.999982      1717347     54613.33
    8609.791     0.999985      1717347     65536.00
    8609.791     0.999986      1717347     72817.78
    8609.791     0.999988      1717347     81920.00
    8609.791     0.999989      1717347     93622.86
    8609.791     0.999991      1717347    109226.67
    8609.791     0.999992      1717347    131072.00
    8609.791     0.999993      1717347    145635.56
    8609.791     0.999994      1717347    163840.00
    8609.791     0.999995      1717347    187245.71
    8609.791     0.999995      1717347    218453.33
    8609.791     0.999996      1717347    262144.00
    8609.791     0.999997      1717347    291271.11
    8609.791     0.999997      1717347    327680.00
    8609.791     0.999997      1717347    374491.43
    8609.791     0.999998      1717347    436906.67
    8609.791     0.999998      1717347    524288.00
    8609.791     0.999998      1717347    582542.22
    8609.791     0.999998      1717347    655360.00
    8609.791     0.999999      1717347    748982.86
    8617.983     0.999999      1717349    873813.33
    8617.983     1.000000      1717349          inf
#[Mean    =     2569.708, StdDeviation   =     1557.242]
#[Max     =     8609.792, Total count    =      1717349]
#[Buckets =           27, SubBuckets     =         2048]
----------------------------------------------------------
  2579831 requests in 30.00s, 462.63MB read
  Socket errors: connect 0, read 802, write 0, timeout 0
Requests/sec:  85996.91
Transfer/sec:     15.42MB
WRKX_RESULT {"durationUs":29999112,"requests":2579831,"responses":2579831,"errors":802,"bytes":485100739,"latencyAvgUs":2569707.852,"latencyP95Us":5394431.000,"latencyP99Us":6578175.000}
