Running 30s test @ http://localhost:9991/
  16 threads and 256 connections
  Thread calibration: mean lat.: 1.391ms, rate sampling interval: 10ms
  Thread calibration: mean lat.: 1.376ms, rate sampling interval: 10ms
  Thread calibration: mean lat.: 1.366ms, rate sampling interval: 10ms
  Thread calibration: mean lat.: 1.397ms, rate sampling interval: 10ms
  Thread calibration: mean lat.: 1.377ms, rate sampling interval: 10ms
  Thread calibration: mean lat.: 1.374ms, rate sampling interval: 10ms
  Thread calibration: mean lat.: 1.399ms, rate sampling interval: 10ms
  Thread calibration: mean lat.: 1.362ms, rate sampling interval: 10ms
  Thread calibration: mean lat.: 1.397ms, rate sampling interval: 10ms
  Thread calibration: mean lat.: 1.423ms, rate sampling interval: 10ms
  Thread calibration: mean lat.: 1.395ms, rate sampling interval: 10ms
  Thread calibration: mean lat.: 1.369ms, rate sampling interval: 10ms
  Thread calibration: mean lat.: 1.358ms, rate sampling interval: 10ms
  Thread calibration: mean lat.: 1.417ms, rate sampling interval: 10ms
  Thread calibration: mean lat.: 1.363ms, rate sampling interval: 10ms
  Thread calibration: mean lat.: 1.377ms, rate sampling interval: 10ms
  Thread Stats   Avg      Stdev     Max   +/- Stdev
    Latency     1.35ms  555.83us   6.70ms   67.51%
    Req/Sec     0.99k   151.99     1.55k    67.99%
  Latency Distribution (HdrHistogram - Recorded Latency)
 50.000%    1.31ms
 75.000%    1.70ms
 90.000%    2.08ms
 99.000%    2.87ms
 99.900%    3.70ms
 99.990%    4.67ms
 99.999%    5.61ms
100.000%    6.70ms

  Detailed Percentile spectrum:
       Value   Percentile   TotalCount 1/(1-Percentile)

       0.261     0.000000            1         1.00
       0.658     0.100000        29893         1.11
       0.852     0.200000        59847         1.25
       1.019     0.300000        89657         1.43
       1.171     0.400000       119674         1.67
       1.312     0.500000       149578         2.00
       1.380     0.550000       164394         2.22
       1.452     0.600000       179372         2.50
       1.531     0.650000       194382         2.86
       1.614     0.700000       209162         3.33
       1.704     0.750000       224143         4.00
       1.752     0.775000       231602         4.44
       1.803     0.800000       239028         5.00
       1.859     0.825000       246511         5.71
       1.924     0.850000       254020         6.67
       1.998     0.875000       261520         8.00
       2.038     0.887500       265173         8.89
       2.083     0.900000       268969        10.00
       2.131     0.912500       272667        11.43
       2.187     0.925000       276436        13.33
       2.249     0.937500       280149        16.00
       2.289     0.943750       282070        17.78
       2.329     0.950000       283875        20.00
       2.373     0.956250       285719        22.86
       2.425     0.962500       287578        26.67
       2.491     0.968750       289451        32.00
       2.527     0.971875       290418        35.56
       2.567     0.975000       291334        40.00
       2.613     0.978125       292252        45.71
       2.667     0.981250       293184        53.33
       2.723     0.984375       294114        64.00
       2.757     0.985938       294581        71.11
       2.797     0.987500       295053        80.00
       2.837     0.989062       295507        91.43
       2.887     0.990625       295981       106.67
       2.943     0.992188       296441       128.00
       2.977     0.992969       296677       142.22
       3.015     0.993750       296914       160.00
       3.063     0.994531       297142       182.86
       3.117     0.995313       297373       213.33
       3.185     0.996094       297606       256.00
       3.227     0.996484       297725       284.44
       3.267     0.996875       297843       320.00
       3.313     0.997266       297964       365.71
       3.361     0.997656       298073       426.67
       3.431     0.998047       298193       512.00
       3.473     0.998242       298248       568.89
       3.509     0.998437       298306       640.00
       3.581     0.998633       298365       731.43
       3.641     0.998828       298422       853.33
       3.717     0.999023       298481      1024.00
       3.765     0.999121       298510      1137.78
       3.815     0.999219       298540      1280.00
       3.857     0.999316       298568      1462.86
       3.945     0.999414       298597      1706.67
       4.033     0.999512       298627      2048.00
       4.065     0.999561       298641      2275.56
       4.131     0.999609       298656      2560.00
       4.199     0.999658       298672      2925.71
       4.219     0.999707       298685      3413.33
       4.307     0.999756       298701      4096.00
       4.359     0.999780       298707      4551.11
       4.415     0.999805       298714      5120.00
       4.447     0.999829       298721      5851.43
       4.555     0.999854       298729      6826.67
       4.619     0.999878       298736      8192.00
       4.639     0.999890       298740      9102.22
       4.707     0.999902       298743     10240.00
       4.771     0.999915       298747     11702.86
       4.899     0.999927       298751     13653.33
       4.927     0.999939       298754     16384.00
       4.939     0.999945       298756     18204.44
       4.967     0.999951       298758     20480.00
       5.047     0.999957       298760     23405.71
       5.127     0.999963       298762     27306.67
       5.223     0.999969       298763     32768.00
       5.247     0.999973       298764     36408.89
       5.279     0.999976       298765     40960.00
       5.403     0.999979       298766     46811.43
       5.419     0.999982       298767     54613.33
       5.547     0.999985       298768     65536.00
       5.547     0.999986       298768     72817.78
       5.611     0.999988       298769     81920.00
       5.611     0.999989       298769     93622.86
       6.287     0.999991       298770    109226.67
       6.287     0.999992       298770    131072.00
       6.287     0.999993       298770    145635.56
       6.291     0.999994       298771    163840.00
       6.291     0.999995       298771    187245.71
       6.291     0.999995       298771    218453.33
       6.291     0.999996       298771    262144.00
       6.291     0.999997       298771    291271.11
       6.699     0.999997       298772    327680.00
       6.699     1.000000       298772          inf
#[Mean    =        1.354, StdDeviation   =        0.556]
#[Max     =        6.696, Total count    =       298772]
#[Buckets =           27, SubBuckets     =         2048]
----------------------------------------------------------
  449520 requests in 30.00s, 98.60MB read
Requests/sec:  14983.42
Transfer/sec:      3.29MB
WRKX_RESULT {"durationUs":30001155,"requests":449520,"responses":449520,"errors":0,"bytes":103389825,"latencyAvgUs":1354.139,"latencyP95Us":2329.000,"latencyP99Us":2867.000}
