Running 30s test @ http://localhost:9991/
  16 threads and 256 connections
  Thread calibration: mean lat.: 2007.653ms, rate sampling interval: 7163ms
  Thread calibration: mean lat.: 2006.917ms, rate sampling interval: 7159ms
  Thread calibration: mean lat.: 2007.993ms, rate sampling interval: 7163ms
  Thread calibration: mean lat.: 2002.663ms, rate sampling interval: 7151ms
  Thread calibration: mean lat.: 2003.614ms, rate sampling interval: 7151ms
  Thread calibration: mean lat.: 2004.505ms, rate sampling interval: 7147ms
  Thread calibration: mean lat.: 2005.962ms, rate sampling interval: 7155ms
  Thread calibration: mean lat.: 2006.031ms, rate sampling interval: 7155ms
  Thread calibration: mean lat.: 2005.238ms, rate sampling interval: 7155ms
  Thread calibration: mean lat.: 2002.522ms, rate sampling interval: 7147ms
  Thread calibration: mean lat.: 2003.505ms, rate sampling interval: 7147ms
  Thread calibration: mean lat.: 2005.504ms, rate sampling interval: 7151ms
  Thread calibration: mean lat.: 2004.839ms, rate sampling interval: 7155ms
  Thread calibration: mean lat.: 2012.944ms, rate sampling interval: 7172ms
  Thread calibration: mean lat.: 2010.313ms, rate sampling interval: 7159ms
  Thread calibration: mean lat.: 2009.306ms, rate sampling interval: 7159ms
  Thread Stats   Avg      Stdev     Max   +/- Stdev
    Latency     7.69s     2.24s   11.65s    56.81%
    Req/Sec     1.93k    26.57     1.96k    81.25%
  Latency Distribution (HdrHistogram - Recorded Latency)
 50.000%    7.61s 
 75.000%    9.69s 
 90.000%   10.85s 
 99.000%   11.53s 
 99.900%   11.61s 
 99.990%   11.64s 
 99.999%   11.65s 
100.000%   11.66s 

  Detailed Percentile spectrum:
       Value   Percentile   TotalCount 1/(1-Percentile)

    3903.487     0.000000            1         1.00
    4648.959     0.100000        61485         1.11
    5357.567     0.200000       122689         1.25
    6111.231     0.300000       184029         1.43
    6873.087     0.400000       245118         1.67
    7606.271     0.500000       306312         2.00
    7974.911     0.550000       337182         2.22
    8364.031     0.600000       367565         2.50
    8798.207     0.650000       398404         2.86
    9232.383     0.700000       429103         3.33
    9691.135     0.750000       459899         4.00
    9912.319     0.775000       475393         4.44
   10108.927     0.800000       490397         5.00
   10313.727     0.825000       506016         5.71
   10493.951     0.850000       521135         6.67
   10674.175     0.875000       536371         8.00
   10764.287     0.887500       544074         8.89
   10854.399     0.900000       551398        10.00
   10952.703     0.912500       559384        11.43
   11051.007     0.925000       566879        13.33
   11157.503     0.937500       574881        16.00
   11206.655     0.943750       578672        17.78
   11255.807     0.950000       582512        20.00
   11304.959     0.956250       586028        22.86
   11354.111     0.962500       590148        26.67
   11395.071     0.968750       594127        32.00
   11411.455     0.971875       595625        35.56
   11436.031     0.975000       597878        40.00
   11452.415     0.978125       599380        45.71
   11476.991     0.981250       601562        53.33
   11501.567     0.984375       603721        64.00
   11509.759     0.985938       604431        71.11
   11517.951     0.987500       605129        80.00
   11534.335     0.989062       606605        91.43
   11542.527     0.990625       607335       106.67
   11550.719     0.992188       608082       128.00
   11558.911     0.992969       608818       142.22
   11558.911     0.993750       608818       160.00
   11567.103     0.994531       609546       182.86
   11575.295     0.995313       610248       213.33
   11575.295     0.996094       610248       256.00
   11583.487     0.996484       610876       284.44
   11583.487     0.996875       610876       320.00
   11591.679     0.997266       611402       365.71
   11591.679     0.997656       611402       426.67
   11591.679     0.998047       611402       512.00
   11599.871     0.998242       611830       568.89
   11599.871     0.998437       611830       640.00
   11599.871     0.998633       611830       731.43
   11608.063     0.998828       612118       853.33
   11608.063     0.999023       612118      1024.00
   11608.063     0.999121       612118      1137.78
   11616.255     0.999219       612317      1280.00
   11616.255     0.999316       612317      1462.86
   11616.255     0.999414       612317      1706.67
   11616.255     0.999512       612317      2048.00
   11624.447     0.999561       612448      2275.56
   11624.447     0.999609       612448      2560.00
   11624.447     0.999658       612448      2925.71
   11624.447     0.999707       612448      3413.33
   11624.447     0.999756       612448      4096.00
   11632.639     0.999780       612533      4551.11
   11632.639     0.999805       612533      5120.00
   11632.639     0.999829       612533      5851.43
   11632.639     0.999854       612533      6826.67
   11632.639     0.999878       612533      8192.00
   11632.639     0.999890       612533      9102.22
   11640.831     0.999902       612577     10240.00
   11640.831     0.999915       612577     11702.86
   11640.831     0.999927       612577     13653.33
   11640.831     0.999939       612577     16384.00
   11640.831     0.999945       612577     18204.44
   11640.831     0.999951       612577     20480.00
   11640.831     0.999957       612577     23405.71
   11640.831     0.999963       612577     27306.67
   11649.023     0.999969       612595     32768.00
   11649.023     0.999973       612595     36408.89
   11649.023     0.999976       612595     40960.00
   11649.023     0.999979       612595     46811.43
   11649.023     0.999982       612595     54613.33
   11649.023     0.999985       612595     65536.00
   11649.023     0.999986       612595     72817.78
   11649.023     0.999988       612595     81920.00
   11649.023     0.999989       612595     93622.86
   11649.023     0.999991       612595    109226.67
   11649.023     0.999992       612595    131072.00
   11649.023     0.999993       612595    145635.56
   11649.023     0.999994       612595    163840.00
   11649.023     0.999995       612595    187245.71
   11649.023     0.999995       612595    218453.33
   11649.023     0.999996       612595    262144.00
   11649.023     0.999997       612595    291271.11
   11657.215     0.999997       612597    327680.00
   11657.215     1.000000       612597          inf
#[Mean    =     7694.412, StdDeviation   =     2244.451]
#[Max     =    11649.024, Total count    =       612597]
#[Buckets =           27, SubBuckets     =         2048]
----------------------------------------------------------
  918164 requests in 30.00s, 201.39MB read
Requests/sec:  30606.01
Transfer/sec:      6.71MB
WRKX_RESULT {"durationUs":29999470,"requests":918164,"responses":918164,"errors":0,"bytes":211177720,"latencyAvgUs":7694412.371,"latencyP95Us":11255807.000,"latencyP99Us":11534335.000}
