Running 30s test @ http://localhost:9991/
  16 threads and 256 connections
  Thread calibration: mean lat.: 1.415ms, rate sampling interval: 10ms
  Thread calibration: mean lat.: 1.411ms, rate sampling interval: 10ms
  Thread calibration: mean lat.: 1.410ms, rate sampling interval: 10ms
  Thread calibration: mean lat.: 1.431ms, rate sampling interval: 10ms
  Thread calibration: mean lat.: 1.415ms, rate sampling interval: 10ms
  Thread calibration: mean lat.: 1.400ms, rate sampling interval: 10ms
  Thread calibration: mean lat.: 1.423ms, rate sampling interval: 10ms
  Thread calibration: mean lat.: 1.431ms, rate sampling interval: 10ms
  Thread calibration: mean lat.: 1.393ms, rate sampling interval: 10ms
  Thread calibration: mean lat.: 1.421ms, rate sampling interval: 10ms
  Thread calibration: mean lat.: 1.419ms, rate sampling interval: 10ms
  Thread calibration: mean lat.: 1.415ms, rate sampling interval: 10ms
  Thread calibration: mean lat.: 1.426ms, rate sampling interval: 10ms
  Thread calibration: mean lat.: 1.423ms, rate sampling interval: 10ms
  Thread calibration: mean lat.: 1.433ms, rate sampling interval: 10ms
  Thread calibration: mean lat.: 1.455ms, rate sampling interval: 10ms
  Thread Stats   Avg      Stdev     Max   +/- Stdev
    Latency     1.41ms  566.24us   9.00ms   68.35%
    Req/Sec     1.32k   134.52     1.78k    78.40%
  Latency Distribution (HdrHistogram - Recorded Latency)
 50.000%    1.36ms
 75.000%    1.77ms
 90.000%    2.14ms
 99.000%    2.98ms
 99.900%    4.03ms
 99.990%    5.53ms
 99.999%    6.94ms
100.000%    9.01ms

  Detailed Percentile spectrum:
       Value   Percentile   TotalCount 1/(1-Percentile)

       0.255     0.000000            1         1.00
       0.716     0.100000        39977         1.11
       0.908     0.200000        79855         1.25
       1.070     0.300000       119555         1.43
       1.221     0.400000       159534         1.67
       1.364     0.500000       199213         2.00
       1.437     0.550000       219262         2.22
       1.512     0.600000       239086         2.50
       1.592     0.650000       259164         2.86
       1.677     0.700000       279032         3.33
       1.768     0.750000       298884         4.00
       1.816     0.775000       308902         4.44
       1.867     0.800000       318799         5.00
       1.923     0.825000       328830         5.71
       1.985     0.850000       338721         6.67
       2.055     0.875000       348590         8.00
       2.095     0.887500       353589         8.89
       2.139     0.900000       358724        10.00
       2.187     0.912500       363589        11.43
       2.243     0.925000       368537        13.33
       2.309     0.937500       373525        16.00
       2.347     0.943750       376086        17.78
       2.385     0.950000       378469        20.00
       2.431     0.956250       380966        22.86
       2.487     0.962500       383456        26.67
       2.555     0.968750       385972        32.00
       2.591     0.971875       387206        35.56
       2.635     0.975000       388463        40.00
       2.683     0.978125       389684        45.71
       2.739     0.981250       390919        53.33
       2.807     0.984375       392182        64.00
       2.845     0.985938       392798        71.11
       2.889     0.987500       393421        80.00
       2.941     0.989062       394038        91.43
       3.001     0.990625       394653       106.67
       3.073     0.992188       395283       128.00
       3.115     0.992969       395592       142.22
       3.163     0.993750       395908       160.00
       3.221     0.994531       396216       182.86
       3.285     0.995313       396528       213.33
       3.361     0.996094       396836       256.00
       3.399     0.996484       396990       284.44
       3.451     0.996875       397143       320.00
       3.511     0.997266       397303       365.71
       3.577     0.997656       397456       426.67
       3.667     0.998047       397609       512.00
       3.725     0.998242       397689       568.89
       3.793     0.998437       397767       640.00
       3.865     0.998633       397843       731.43
       3.951     0.998828       397921       853.33
       4.053     0.999023       397998      1024.00
       4.099     0.999121       398039      1137.78
       4.159     0.999219       398076      1280.00
       4.267     0.999316       398117      1462.86
       4.375     0.999414       398154      1706.67
       4.487     0.999512       398194      2048.00
       4.583     0.999561       398213      2275.56
       4.659     0.999609       398232      2560.00
       4.731     0.999658       398251      2925.71
       4.823     0.999707       398271      3413.33
       4.979     0.999756       398290      4096.00
       5.051     0.999780       398300      4551.11
       5.143     0.999805       398311      5120.00
       5.243     0.999829       398319      5851.43
       5.319     0.999854       398331      6826.67
       5.435     0.999878       398339      8192.00
       5.511     0.999890       398344      9102.22
       5.543     0.999902       398349     10240.00
       5.639     0.999915       398353     11702.86
       5.847     0.999927       398358     13653.33
       5.963     0.999939       398363     16384.00
       6.063     0.999945       398367     18204.44
       6.119     0.999951       398368     20480.00
       6.167     0.999957       398370     23405.71
       6.215     0.999963       398373     27306.67
       6.259     0.999969       398375     32768.00
       6.275     0.999973       398377     36408.89
       6.383     0.999976       398378     40960.00
       6.539     0.999979       398379     46811.43
       6.643     0.999982       398380     54613.33
       6.827     0.999985       398381     65536.00
       6.831     0.999986       398382     72817.78
       6.939     0.999988       398383     81920.00
       6.939     0.999989       398383     93622.86
       7.191     0.999991       398384    109226.67
       7.191     0.999992       398384    131072.00
       7.343     0.999993       398385    145635.56
       7.343     0.999994       398385    163840.00
       7.343     0.999995       398385    187245.71
       8.067     0.999995       398386    218453.33
       8.067     0.999996       398386    262144.00
       8.067     0.999997       398386    291271.11
       8.067     0.999997       398386    327680.00
       8.067     0.999997       398386    374491.43
       9.007     0.999998       398387    436906.67
       9.007     1.000000       398387          inf
#[Mean    =        1.412, StdDeviation   =        0.566]
#[Max     =        9.000, Total count    =       398387]
#[Buckets =           27, SubBuckets     =         2048]
----------------------------------------------------------
  599335 requests in 30.00s, 131.46MB read
Requests/sec:  19977.72
Transfer/sec:      4.38MB
WRKX_RESULT {"durationUs":30000173,"requests":599335,"responses":599335,"errors":0,"bytes":137847275,"latencyAvgUs":1411.912,"latencyP95Us":2385.000,"latencyP99Us":2977.000}
