Running 30s test @ http://localhost:9991/
  16 threads and 256 connections
  Thread calibration: mean lat.: 1041.936ms, rate sampling interval: 3989ms
  Thread calibration: mean lat.: 1040.534ms, rate sampling interval: 3987ms
  Thread calibration: mean lat.: 1044.827ms, rate sampling interval: 3989ms
  Thread calibration: mean lat.: 1046.170ms, rate sampling interval: 3999ms
  Thread calibration: mean lat.: 1041.246ms, rate sampling interval: 3985ms
  Thread calibration: mean lat.: 1043.538ms, rate sampling interval: 3999ms
  Thread calibration: mean lat.: 1042.298ms, rate sampling interval: 3985ms
  Thread calibration: mean lat.: 1046.393ms, rate sampling interval: 4003ms
  Thread calibration: mean lat.: 1038.725ms, rate sampling interval: 3971ms
  Thread calibration: mean lat.: 1036.634ms, rate sampling interval: 3971ms
  Thread calibration: mean lat.: 1042.118ms, rate sampling interval: 3805ms
  Thread calibration: mean lat.: 1043.384ms, rate sampling interval: 3991ms
  Thread calibration: mean lat.: 1042.070ms, rate sampling interval: 3987ms
  Thread calibration: mean lat.: 1038.168ms, rate sampling interval: 3801ms
  Thread calibration: mean lat.: 1043.250ms, rate sampling interval: 3991ms
  Thread calibration: mean lat.: 1046.091ms, rate sampling interval: 3995ms
  Thread Stats   Avg      Stdev     Max   +/- Stdev
    Latency     4.49s     1.30s    6.80s    58.37%
    Req/Sec     1.93k     7.39     1.94k    73.53%
  Latency Distribution (HdrHistogram - Recorded Latency)
 50.000%    4.50s 
 75.000%    5.62s 
 90.000%    6.30s 
 99.000%    6.69s 
 99.900%    6.76s 
 99.990%    6.79s 
 99.999%    6.80s 
100.000%    6.80s 

  Detailed Percentile spectrum:
       Value   Percentile   TotalCount 1/(1-Percentile)

    2088.959     0.000000            1         1.00
    2656.255     0.100000        61785         1.11
    3147.775     0.200000       123387         1.25
    3575.807     0.300000       185073         1.43
    4042.751     0.400000       246570         1.67
    4501.503     0.500000       308633         2.00
    4710.399     0.550000       339325         2.22
    4943.871     0.600000       370253         2.50
    5165.055     0.650000       400679         2.86
    5386.239     0.700000       431925         3.33
    5615.615     0.750000       462418         4.00
    5726.207     0.775000       478205         4.44
    5836.799     0.800000       493423         5.00
    5955.583     0.825000       508768         5.71
    6070.271     0.850000       524044         6.67
    6189.055     0.875000       539468         8.00
    6246.399     0.887500       547627         8.89
    6299.647     0.900000       554923        10.00
    6352.895     0.912500       562925        11.43
    6402.047     0.925000       570183        13.33
    6455.295     0.937500       578055        16.00
    6479.871     0.943750       581716        17.78
    6508.543     0.950000       585794        20.00
    6537.215     0.956250       589904        22.86
    6561.791     0.962500       593514        26.67
    6590.463     0.968750       597503        32.00
    6602.751     0.971875       599115        35.56
    6619.135     0.975000       601229        40.00
    6635.519     0.978125       603293        45.71
    6647.807     0.981250       604856        53.33
    6664.191     0.984375       606899        64.00
    6672.383     0.985938       607862        71.11
    6680.575     0.987500       608864        80.00
    6688.767     0.989062       609856        91.43
    6696.959     0.990625       610831       106.67
    6705.151     0.992188       611773       128.00
    6709.247     0.992969       612246       142.22
    6713.343     0.993750       612720       160.00
    6717.439     0.994531       613162       182.86
    6721.535     0.995313       613553       213.33
    6729.727     0.996094       614277       256.00
    6729.727     0.996484       614277       284.44
    6733.823     0.996875       614601       320.00
    6737.919     0.997266       614879       365.71
    6742.015     0.997656       615164       426.67
    6746.111     0.998047       615383       512.00
    6746.111     0.998242       615383       568.89
    6750.207     0.998437       615567       640.00
    6750.207     0.998633       615567       731.43
    6754.303     0.998828       615724       853.33
    6758.399     0.999023       615863      1024.00
    6758.399     0.999121       615863      1137.78
    6762.495     0.999219       615995      1280.00
    6762.495     0.999316       615995      1462.86
    6766.591     0.999414       616096      1706.67
    6766.591     0.999512       616096      2048.00
    6770.687     0.999561       616170      2275.56
    6770.687     0.999609       616170      2560.00
    6770.687     0.999658       616170      2925.71
    6774.783     0.999707       616220      3413.33
    6778.879     0.999756       616270      4096.00
    6778.879     0.999780       616270      4551.11
    6778.879     0.999805       616270      5120.00
    6782.975     0.999829       616307      5851.43
    6782.975     0.999854       616307      6826.67
    6782.975     0.999878       616307      8192.00
    6787.071     0.999890       616335      9102.22
    6787.071     0.999902       616335     10240.00
    6787.071     0.999915       616335     11702.86
    6787.071     0.999927       616335     13653.33
    6791.167     0.999939       616357     16384.00
    6791.167     0.999945       616357     18204.44
    6791.167     0.999951       616357     20480.00
    6791.167     0.999957       616357     23405.71
    6791.167     0.999963       616357     27306.67
    6795.263     0.999969       616370     32768.00
    6795.263     0.999973       616370     36408.89
    6795.263     0.999976       616370     40960.00
    6795.263     0.999979       616370     46811.43
    6795.263     0.999982       616370     54613.33
    6795.263     0.999985       616370     65536.00
    6795.263     0.999986       616370     72817.78
    6799.359     0.999988       616375     81920.00
    6799.359     0.999989       616375     93622.86
    6799.359     0.999991       616375    109226.67
    6799.359     0.999992       616375    131072.00
    6799.359     0.999993       616375    145635.56
    6799.359     0.999994       616375    163840.00
    6799.359     0.999995       616375    187245.71
    6803.455     0.999995       616378    218453.33
    6803.455     1.000000       616378          inf
#[Mean    =     4485.100, StdDeviation   =     1304.732]
#[Max     =     6799.360, Total count    =       616378]
#[Buckets =           27, SubBuckets     =         2048]
----------------------------------------------------------
  924656 requests in 30.00s, 202.82MB read
Requests/sec:  30821.93
Transfer/sec:      6.76MB
WRKX_RESULT {"durationUs":29999940,"requests":924656,"responses":924656,"errors":0,"bytes":212670880,"latencyAvgUs":4485100.171,"latencyP95Us":6508543.000,"latencyP99Us":6692863.000}
