Running 30s test @ http://localhost:9991/
  16 threads and 256 connections
  Thread calibration: mean lat.: 1.754ms, rate sampling interval: 10ms
  Thread calibration: mean lat.: 1.743ms, rate sampling interval: 10ms
  Thread calibration: mean lat.: 1.712ms, rate sampling interval: 10ms
  Thread calibration: mean lat.: 1.718ms, rate sampling interval: 10ms
  Thread calibration: mean lat.: 1.891ms, rate sampling interval: 10ms
  Thread calibration: mean lat.: 1.901ms, rate sampling interval: 10ms
  Thread calibration: mean lat.: 1.893ms, rate sampling interval: 10ms
  Thread calibration: mean lat.: 1.910ms, rate sampling interval: 10ms
  Thread calibration: mean lat.: 1.859ms, rate sampling interval: 10ms
  Thread calibration: mean lat.: 1.878ms, rate sampling interval: 10ms
  Thread calibration: mean lat.: 1.864ms, rate sampling interval: 10ms
  Thread calibration: mean lat.: 1.880ms, rate sampling interval: 10ms
  Thread calibration: mean lat.: 1.865ms, rate sampling interval: 10ms
  Thread calibration: mean lat.: 1.865ms, rate sampling interval: 10ms
  Thread calibration: mean lat.: 1.863ms, rate sampling interval: 10ms
  Thread calibration: mean lat.: 1.886ms, rate sampling interval: 10ms
  Thread Stats   Avg      Stdev     Max   +/- Stdev
    Latency     1.92ms    0.86ms  11.40ms   72.59%
    Req/Sec     1.65k   176.98     2.67k    76.02%
  Latency Distribution (HdrHistogram - Recorded Latency)
 50.000%    1.82ms
 75.000%    2.36ms
 90.000%    2.96ms
 99.000%    4.67ms
 99.900%    6.66ms
 99.990%    8.64ms
 99.999%    9.96ms
100.000%   11.41ms

  Detailed Percentile spectrum:
       Value   Percentile   TotalCount 1/(1-Percentile)

       0.244     0.000000            1         1.00
       0.940     0.100000        49941         1.11
       1.210     0.200000        99727         1.25
       1.433     0.300000       149619         1.43
       1.629     0.400000       199423         1.67
       1.820     0.500000       249260         2.00
       1.917     0.550000       274096         2.22
       2.016     0.600000       298942         2.50
       2.121     0.650000       323768         2.86
       2.233     0.700000       348835         3.33
       2.361     0.750000       373789         4.00
       2.431     0.775000       386272         4.44
       2.509     0.800000       398647         5.00
       2.595     0.825000       410971         5.71
       2.695     0.850000       423332         6.67
       2.813     0.875000       435743         8.00
       2.881     0.887500       442036         8.89
       2.959     0.900000       448240        10.00
       3.047     0.912500       454419        11.43
       3.151     0.925000       460666        13.33
       3.275     0.937500       466880        16.00
       3.349     0.943750       469992        17.78
       3.433     0.950000       473122        20.00
       3.529     0.956250       476248        22.86
       3.643     0.962500       479329        26.67
       3.779     0.968750       482436        32.00
       3.863     0.971875       484025        35.56
       3.955     0.975000       485564        40.00
       4.059     0.978125       487106        45.71
       4.179     0.981250       488664        53.33
       4.323     0.984375       490218        64.00
       4.407     0.985938       491013        71.11
       4.495     0.987500       491772        80.00
       4.595     0.989062       492563        91.43
       4.727     0.990625       493334       106.67
       4.871     0.992188       494109       128.00
       4.963     0.992969       494501       142.22
       5.067     0.993750       494891       160.00
       5.159     0.994531       495271       182.86
       5.287     0.995313       495663       213.33
       5.435     0.996094       496049       256.00
       5.523     0.996484       496244       284.44
       5.631     0.996875       496436       320.00
       5.743     0.997266       496635       365.71
       5.867     0.997656       496825       426.67
       6.027     0.998047       497021       512.00
       6.131     0.998242       497119       568.89
       6.223     0.998437       497216       640.00
       6.367     0.998633       497313       731.43
       6.543     0.998828       497412       853.33
       6.683     0.999023       497508      1024.00
       6.763     0.999121       497555      1137.78
       6.851     0.999219       497605      1280.00
       6.983     0.999316       497652      1462.86
       7.111     0.999414       497701      1706.67
       7.263     0.999512       497749      2048.00
       7.335     0.999561       497774      2275.56
       7.423     0.999609       497800      2560.00
       7.563     0.999658       497823      2925.71
       7.679     0.999707       497847      3413.33
       7.851     0.999756       497871      4096.00
       7.931     0.999780       497883      4551.11
       8.015     0.999805       497895      5120.00
       8.151     0.999829       497907      5851.43
       8.311     0.999854       497920      6826.67
       8.471     0.999878       497933      8192.00
       8.567     0.999890       497938      9102.22
       8.663     0.999902       497945     10240.00
       8.743     0.999915       497950     11702.86
       8.895     0.999927       497957     13653.33
       8.991     0.999939       497962     16384.00
       9.055     0.999945       497965     18204.44
       9.215     0.999951       497968     20480.00
       9.303     0.999957       497971     23405.71
       9.383     0.999963       497974     27306.67
       9.583     0.999969       497978     32768.00
       9.655     0.999973       497979     36408.89
       9.663     0.999976       497980     40960.00
       9.743     0.999979       497982     46811.43
       9.759     0.999982       497983     54613.33
       9.799     0.999985       497985     65536.00
       9.831     0.999986       497986     72817.78
       9.831     0.999988       497986     81920.00
       9.959     0.999989       497987     93622.86
       9.967     0.999991       497988    109226.67
      10.255     0.999992       497989    131072.00
      10.255     0.999993       497989    145635.56
      10.255     0.999994       497989    163840.00
      10.311     0.999995       497990    187245.71
      10.311     0.999995       497990    218453.33
      10.951     0.999996       497991    262144.00
      10.951     0.999997       497991    291271.11
      10.951     0.999997       497991    327680.00
      10.951     0.999997       497991    374491.43
      10.951     0.999998       497991    436906.67
      11.407     0.999998       497992    524288.00
      11.407     1.000000       497992          inf
#[Mean    =        1.919, StdDeviation   =        0.856]
#[Max     =       11.400, Total count    =       497992]
#[Buckets =           27, SubBuckets     =         2048]
----------------------------------------------------------
  749125 requests in 30.00s, 164.32MB read
Requests/sec:  24970.94
Transfer/sec:      5.48MB
WRKX_RESULT {"durationUs":29999874,"requests":749125,"responses":749125,"errors":0,"bytes":172298750,"latencyAvgUs":1918.872,"latencyP95Us":3433.000,"latencyP99Us":4671.000}
