Running 30s test @ http://localhost:9991/
  16 threads and 256 connections
  Thread calibration: mean lat.: 1.192ms, rate sampling interval: 10ms
  Thread calibration: mean lat.: 1.207ms, rate sampling interval: 10ms
  Thread calibration: mean lat.: 1.193ms, rate sampling interval: 10ms
  Thread calibration: mean lat.: 1.205ms, rate sampling interval: 10ms
  Thread calibration: mean lat.: 1.199ms, rate sampling interval: 10ms
  Thread calibration: mean lat.: 1.194ms, rate sampling interval: 10ms
  Thread calibration: mean lat.: 1.211ms, rate sampling interval: 10ms
  Thread calibration: mean lat.: 1.187ms, rate sampling interval: 10ms
  Thread calibration: mean lat.: 1.197ms, rate sampling interval: 10ms
  Thread calibration: mean lat.: 1.173ms, rate sampling interval: 10ms
  Thread calibration: mean lat.: 1.189ms, rate sampling interval: 10ms
  Thread calibration: mean lat.: 1.196ms, rate sampling interval: 10ms
  Thread calibration: mean lat.: 1.306ms, rate sampling interval: 10ms
  Thread calibration: mean lat.: 1.168ms, rate sampling interval: 10ms
  Thread calibration: mean lat.: 1.202ms, rate sampling interval: 10ms
  Thread calibration: mean lat.: 1.169ms, rate sampling interval: 10ms
  Thread Stats   Avg      Stdev     Max   +/- Stdev
    Latency     1.16ms  410.50us   3.27ms   65.67%
    Req/Sec   329.98    196.17     1.78k    85.29%
  Latency Distribution (HdrHistogram - Recorded Latency)
 50.000%    1.16ms
 75.000%    1.43ms
 90.000%    1.70ms
 99.000%    2.15ms
 99.900%    2.45ms
 99.990%    2.83ms
 99.999%    3.20ms
100.000%    3.28ms

  Detailed Percentile spectrum:
       Value   Percentile   TotalCount 1/(1-Percentile)

       0.282     0.000000            1         1.00
       0.613     0.100000         9969         1.11
       0.772     0.200000        19940         1.25
       0.913     0.300000        29949         1.43
       1.041     0.400000        39909         1.67
       1.157     0.500000        49828         2.00
       1.213     0.550000        54837         2.22
       1.267     0.600000        59803         2.50
       1.322     0.650000        64765         2.86
       1.376     0.700000        69734         3.33
       1.433     0.750000        74730         4.00
       1.465     0.775000        77213         4.44
       1.503     0.800000        79743         5.00
       1.544     0.825000        82218         5.71
       1.589     0.850000        84679         6.67
       1.640     0.875000        87163         8.00
       1.669     0.887500        88416         8.89
       1.700     0.900000        89683        10.00
       1.734     0.912500        90922        11.43
       1.772     0.925000        92153        13.33
       1.817     0.937500        93406        16.00
       1.842     0.943750        94021        17.78
       1.866     0.950000        94640        20.00
       1.895     0.956250        95259        22.86
       1.926     0.962500        95881        26.67
       1.961     0.968750        96496        32.00
       1.981     0.971875        96811        35.56
       2.003     0.975000        97117        40.00
       2.027     0.978125        97433        45.71
       2.051     0.981250        97742        53.33
       2.081     0.984375        98064        64.00
       2.099     0.985938        98225        71.11
       2.115     0.987500        98367        80.00
       2.141     0.989062        98521        91.43
       2.165     0.990625        98681       106.67
       2.191     0.992188        98836       128.00
       2.207     0.992969        98915       142.22
       2.223     0.993750        98996       160.00
       2.239     0.994531        99071       182.86
       2.255     0.995313        99141       213.33
       2.277     0.996094        99219       256.00
       2.289     0.996484        99257       284.44
       2.305     0.996875        99297       320.00
       2.327     0.997266        99341       365.71
       2.351     0.997656        99378       426.67
       2.373     0.998047        99416       512.00
       2.383     0.998242        99432       568.89
       2.397     0.998437        99452       640.00
       2.419     0.998633        99473       731.43
       2.435     0.998828        99491       853.33
       2.455     0.999023        99510      1024.00
       2.469     0.999121        99520      1137.78
       2.487     0.999219        99532      1280.00
       2.493     0.999316        99539      1462.86
       2.509     0.999414        99549      1706.67
       2.525     0.999512        99559      2048.00
       2.543     0.999561        99564      2275.56
       2.547     0.999609        99569      2560.00
       2.559     0.999658        99573      2925.71
       2.581     0.999707        99578      3413.33
       2.609     0.999756        99583      4096.00
       2.633     0.999780        99586      4551.11
       2.647     0.999805        99588      5120.00
       2.661     0.999829        99590      5851.43
       2.691     0.999854        99593      6826.67
       2.751     0.999878        99595      8192.00
       2.831     0.999890        99597      9102.22
       2.833     0.999902        99598     10240.00
       2.891     0.999915        99599     11702.86
       3.007     0.999927        99600     13653.33
       3.045     0.999939        99601     16384.00
       3.091     0.999945        99602     18204.44
       3.109     0.999951        99603     20480.00
       3.109     0.999957        99603     23405.71
       3.115     0.999963        99604     27306.67
       3.115     0.999969        99604     32768.00
       3.117     0.999973        99605     36408.89
       3.117     0.999976        99605     40960.00
       3.117     0.999979        99605     46811.43
       3.197     0.999982        99606     54613.33
       3.197     0.999985        99606     65536.00
       3.197     0.999986        99606     72817.78
       3.197     0.999988        99606     81920.00
       3.197     0.999989        99606     93622.86
       3.275     0.999991        99607    109226.67
       3.275     1.000000        99607          inf
#[Mean    =        1.159, StdDeviation   =        0.411]
#[Max     =        3.274, Total count    =        99607]
#[Buckets =           27, SubBuckets     =         2048]
----------------------------------------------------------
  149636 requests in 30.03s, 32.82MB read
Requests/sec:   4982.69
Transfer/sec:      1.09MB
WRKX_RESULT {"durationUs":30031155,"requests":149636,"responses":149636,"errors":0,"bytes":34416280,"latencyAvgUs":1159.349,"latencyP95Us":1866.000,"latencyP99Us":2153.000}
