Running 30s test @ http://localhost:9991/
  16 threads and 256 connections
  Thread calibration: mean lat.: 1.199ms, rate sampling interval: 10ms
  Thread calibration: mean lat.: 1.210ms, rate sampling interval: 10ms
  Thread calibration: mean lat.: 1.201ms, rate sampling interval: 10ms
  Thread calibration: mean lat.: 1.215ms, rate sampling interval: 10ms
  Thread calibration: mean lat.: 1.197ms, rate sampling interval: 10ms
  Thread calibration: mean lat.: 1.216ms, rate sampling interval: 10ms
  Thread calibration: mean lat.: 1.210ms, rate sampling interval: 10ms
  Thread calibration: mean lat.: 1.216ms, rate sampling interval: 10ms
  Thread calibration: mean lat.: 1.224ms, rate sampling interval: 10ms
  Thread calibration: mean lat.: 1.197ms, rate sampling interval: 10ms
  Thread calibration: mean lat.: 1.209ms, rate sampling interval: 10ms
  Thread calibration: mean lat.: 1.191ms, rate sampling interval: 10ms
  Thread calibration: mean lat.: 1.190ms, rate sampling interval: 10ms
  Thread calibration: mean lat.: 1.214ms, rate sampling interval: 10ms
  Thread calibration: mean lat.: 1.228ms, rate sampling interval: 10ms
  Thread calibration: mean lat.: 1.231ms, rate sampling interval: 10ms
  Thread Stats   Avg      Stdev     Max   +/- Stdev
    Latency     1.20ms  466.74us   5.70ms   65.21%
    Req/Sec   658.42    145.91     1.22k    66.94%
  Latency Distribution (HdrHistogram - Recorded Latency)
 50.000%    1.18ms
 75.000%    1.51ms
 90.000%    1.82ms
 99.000%    2.35ms
 99.900%    3.04ms
 99.990%    3.99ms
 99.999%    4.85ms
100.000%    5.71ms

  Detailed Percentile spectrum:
       Value   Percentile   TotalCount 1/(1-Percentile)

       0.276     0.000000            2         1.00
       0.600     0.100000        19967         1.11
       0.760     0.200000        39936         1.25
       0.904     0.300000        59826         1.43
       1.044     0.400000        79815         1.67
       1.180     0.500000        99710         2.00
       1.246     0.550000       109680         2.22
       1.309     0.600000       119541         2.50
       1.373     0.650000       129509         2.86
       1.439     0.700000       139449         3.33
       1.515     0.750000       149438         4.00
       1.557     0.775000       154388         4.44
       1.601     0.800000       159440         5.00
       1.650     0.825000       164415         5.71
       1.700     0.850000       169331         6.67
       1.756     0.875000       174342         8.00
       1.785     0.887500       176796         8.89
       1.818     0.900000       179286        10.00
       1.855     0.912500       181792        11.43
       1.895     0.925000       184295        13.33
       1.941     0.937500       186792        16.00
       1.968     0.943750       188046        17.78
       1.996     0.950000       189269        20.00
       2.027     0.956250       190501        22.86
       2.063     0.962500       191755        26.67
       2.103     0.968750       193029        32.00
       2.125     0.971875       193596        35.56
       2.151     0.975000       194234        40.00
       2.181     0.978125       194857        45.71
       2.213     0.981250       195476        53.33
       2.253     0.984375       196100        64.00
       2.275     0.985938       196402        71.11
       2.301     0.987500       196717        80.00
       2.333     0.989062       197034        91.43
       2.367     0.990625       197337       106.67
       2.409     0.992188       197648       128.00
       2.431     0.992969       197804       142.22
       2.457     0.993750       197958       160.00
       2.489     0.994531       198113       182.86
       2.531     0.995313       198269       213.33
       2.583     0.996094       198420       256.00
       2.611     0.996484       198498       284.44
       2.647     0.996875       198575       320.00
       2.683     0.997266       198656       365.71
       2.729     0.997656       198733       426.67
       2.783     0.998047       198811       512.00
       2.807     0.998242       198848       568.89
       2.841     0.998437       198887       640.00
       2.901     0.998633       198926       731.43
       2.963     0.998828       198964       853.33
       3.047     0.999023       199003      1024.00
       3.107     0.999121       199023      1137.78
       3.161     0.999219       199042      1280.00
       3.211     0.999316       199061      1462.86
       3.273     0.999414       199081      1706.67
       3.349     0.999512       199101      2048.00
       3.397     0.999561       199110      2275.56
       3.443     0.999609       199120      2560.00
       3.489     0.999658       199129      2925.71
       3.561     0.999707       199139      3413.33
       3.591     0.999756       199149      4096.00
       3.609     0.999780       199154      4551.11
       3.729     0.999805       199159      5120.00
       3.781     0.999829       199164      5851.43
       3.831     0.999854       199168      6826.67
       3.931     0.999878       199173      8192.00
       3.983     0.999890       199176      9102.22
       3.993     0.999902       199178     10240.00
       4.045     0.999915       199180     11702.86
       4.263     0.999927       199183     13653.33
       4.339     0.999939       199185     16384.00
       4.347     0.999945       199187     18204.44
       4.379     0.999951       199188     20480.00
       4.383     0.999957       199189     23405.71
       4.479     0.999963       199190     27306.67
       4.503     0.999969       199191     32768.00
       4.667     0.999973       199192     36408.89
       4.719     0.999976       199193     40960.00
       4.719     0.999979       199193     46811.43
       4.835     0.999982       199194     54613.33
       4.835     0.999985       199194     65536.00
       4.851     0.999986       199195     72817.78
       4.851     0.999988       199195     81920.00
       4.851     0.999989       199195     93622.86
       5.059     0.999991       199196    109226.67
       5.059     0.999992       199196    131072.00
       5.059     0.999993       199196    145635.56
       5.059     0.999994       199196    163840.00
       5.059     0.999995       199196    187245.71
       5.707     0.999995       199197    218453.33
       5.707     1.000000       199197          inf
#[Mean    =        1.200, StdDeviation   =        0.467]
#[Max     =        5.704, Total count    =       199197]
#[Buckets =           27, SubBuckets     =         2048]
----------------------------------------------------------
  299738 requests in 30.00s, 65.75MB read
Requests/sec:   9990.07
Transfer/sec:      2.19MB
WRKX_RESULT {"durationUs":30003605,"requests":299738,"responses":299738,"errors":0,"bytes":68939740,"latencyAvgUs":1199.827,"latencyP95Us":1996.000,"latencyP99Us":2351.000}
