Running 30s test @ http://localhost:9991/
  16 threads and 256 connections
  Thread calibration: mean lat.: 3435.805ms, rate sampling interval: 12451ms
  Thread calibration: mean lat.: 3434.778ms, rate sampling interval: 12443ms
  Thread calibration: mean lat.: 3432.009ms, rate sampling interval: 12435ms
  Thread calibration: mean lat.: 3431.662ms, rate sampling interval: 12443ms
  Thread calibration: mean lat.: 3435.703ms, rate sampling interval: 12443ms
  Thread calibration: mean lat.: 3433.745ms, rate sampling interval: 12435ms
  Thread calibration: mean lat.: 3438.647ms, rate sampling interval: 12451ms
  Thread calibration: mean lat.: 3436.104ms, rate sampling interval: 12451ms
  Thread calibration: mean lat.: 3438.911ms, rate sampling interval: 12451ms
  Thread calibration: mean lat.: 3438.717ms, rate sampling interval: 12451ms
  Thread calibration: mean lat.: 3433.413ms, rate sampling interval: 12443ms
  Thread calibration: mean lat.: 3437.426ms, rate sampling interval: 12443ms
  Thread calibration: mean lat.: 3440.431ms, rate sampling interval: 12451ms
  Thread calibration: mean lat.: 3434.807ms, rate sampling interval: 12443ms
  Thread calibration: mean lat.: 3445.107ms, rate sampling interval: 12460ms
  Thread calibration: mean lat.: 3443.757ms, rate sampling interval: 12460ms
  Thread Stats   Avg      Stdev     Max   +/- Stdev
    Latency    13.71s     3.99s   20.73s    57.55%
    Req/Sec     1.94k     0.99     1.95k    93.75%
  Latency Distribution (HdrHistogram - Recorded Latency)
 50.000%   13.66s 
 75.000%   17.22s 
 90.000%   19.28s 
 99.000%   20.55s 
 99.900%   20.68s 
 99.990%   20.69s 
 99.999%   20.73s 
100.000%   20.74s 

  Detailed Percentile spectrum:
       Value   Percentile   TotalCount 1/(1-Percentile)

    6852.607     0.000000            2         1.00
    8200.191     0.100000        61210         1.11
    9568.255     0.200000       122711         1.25
   10936.319     0.300000       183921         1.43
   12296.191     0.400000       244870         1.67
   13656.063     0.500000       306222         2.00
   14311.423     0.550000       336730         2.22
   15007.743     0.600000       367514         2.50
   15753.215     0.650000       397835         2.86
   16515.071     0.700000       428519         3.33
   17219.583     0.750000       459372         4.00
   17563.647     0.775000       474919         4.44
   17907.711     0.800000       490191         5.00
   18235.391     0.825000       505398         5.71
   18579.455     0.850000       520605         6.67
   18923.519     0.875000       535574         8.00
   19103.743     0.887500       543374         8.89
   19283.967     0.900000       550973        10.00
   19447.807     0.912500       558612        11.43
   19628.031     0.925000       566541        13.33
   19791.871     0.937500       573733        16.00
   19890.175     0.943750       577971        17.78
   19972.095     0.950000       581430        20.00
   20070.399     0.956250       585527        22.86
   20152.319     0.962500       589194        26.67
   20250.623     0.968750       593455        32.00
   20283.391     0.971875       594814        35.56
   20332.543     0.975000       596950        40.00
   20381.695     0.978125       598956        45.71
   20430.847     0.981250       601212        53.33
   20463.615     0.984375       602580        64.00
   20496.383     0.985938       604048        71.11
   20512.767     0.987500       604781        80.00
   20529.151     0.989062       605488        91.43
   20561.919     0.990625       606941       106.67
   20578.303     0.992188       607690       128.00
   20578.303     0.992969       607690       142.22
   20594.687     0.993750       608416       160.00
   20611.071     0.994531       609103       182.86
   20627.455     0.995313       609816       213.33
   20627.455     0.996094       609816       256.00
   20643.839     0.996484       610517       284.44
   20643.839     0.996875       610517       320.00
   20643.839     0.997266       610517       365.71
   20660.223     0.997656       611174       426.67
   20660.223     0.998047       611174       512.00
   20660.223     0.998242       611174       568.89
   20660.223     0.998437       611174       640.00
   20660.223     0.998633       611174       731.43
   20676.607     0.998828       611674       853.33
   20676.607     0.999023       611674      1024.00
   20676.607     0.999121       611674      1137.78
   20676.607     0.999219       611674      1280.00
   20676.607     0.999316       611674      1462.86
   20676.607     0.999414       611674      1706.67
   20692.991     0.999512       611920      2048.00
   20692.991     0.999561       611920      2275.56
   20692.991     0.999609       611920      2560.00
   20692.991     0.999658       611920      2925.71
   20692.991     0.999707       611920      3413.33
   20692.991     0.999756       611920      4096.00
   20692.991     0.999780       611920      4551.11
   20692.991     0.999805       611920      5120.00
   20692.991     0.999829       611920      5851.43
   20692.991     0.999854       611920      6826.67
   20692.991     0.999878       611920      8192.00
   20692.991     0.999890       611920      9102.22
   20692.991     0.999902       611920     10240.00
   20709.375     0.999915       611969     11702.86
   20709.375     0.999927       611969     13653.33
   20709.375     0.999939       611969     16384.00
   20709.375     0.999945       611969     18204.44
   20709.375     0.999951       611969     20480.00
   20709.375     0.999957       611969     23405.71
   20709.375     0.999963       611969     27306.67
   20709.375     0.999969       611969     32768.00
   20709.375     0.999973       611969     36408.89
   20709.375     0.999976       611969     40960.00
   20709.375     0.999979       611969     46811.43
   20709.375     0.999982       611969     54613.33
   20709.375     0.999985       611969     65536.00
   20725.759     0.999986       611977     72817.78
   20725.759     0.999988       611977     81920.00
   20725.759     0.999989       611977     93622.86
   20725.759     0.999991       611977    109226.67
   20725.759     0.999992       611977    131072.00
   20725.759     0.999993       611977    145635.56
   20725.759     0.999994       611977    163840.00
   20725.759     0.999995       611977    187245.71
   20725.759     0.999995       611977    218453.33
   20725.759     0.999996       611977    262144.00
   20725.759     0.999997       611977    291271.11
   20725.759     0.999997       611977    327680.00
   20725.759     0.999997       611977    374491.43
   20725.759     0.999998       611977    436906.67
   20725.759     0.999998       611977    524288.00
   20725.759     0.999998       611977    582542.22
   20742.143     0.999998       611978    655360.00
   20742.143     1.000000       611978          inf
#[Mean    =    13706.680, StdDeviation   =     3994.354]
#[Max     =    20725.760, Total count    =       611978]
#[Buckets =           27, SubBuckets     =         2048]
----------------------------------------------------------
  928464 requests in 30.00s, 203.65MB read
Requests/sec:  30948.71
Transfer/sec:      6.79MB
WRKX_RESULT {"durationUs":30000084,"requests":928464,"responses":928464,"errors":0,"bytes":213546720,"latencyAvgUs":13706679.834,"latencyP95Us":19972095.000,"latencyP99Us":20545535.000}
