Running 30s test @ http://localhost:9991/
  16 threads and 256 connections
  Thread calibration: mean lat.: 2930.921ms, rate sampling interval: 10641ms
  Thread calibration: mean lat.: 2931.054ms, rate sampling interval: 10649ms
  Thread calibration: mean lat.: 2928.905ms, rate sampling interval: 10641ms
  Thread calibration: mean lat.: 2934.147ms, rate sampling interval: 10649ms
  Thread calibration: mean lat.: 2935.119ms, rate sampling interval: 10649ms
  Thread calibration: mean lat.: 2929.711ms, rate sampling interval: 10641ms
  Thread calibration: mean lat.: 2932.902ms, rate sampling interval: 10657ms
  Thread calibration: mean lat.: 2930.988ms, rate sampling interval: 10641ms
  Thread calibration: mean lat.: 2929.328ms, rate sampling interval: 10641ms
  Thread calibration: mean lat.: 2935.144ms, rate sampling interval: 10665ms
  Thread calibration: mean lat.: 2931.409ms, rate sampling interval: 10641ms
  Thread calibration: mean lat.: 2929.789ms, rate sampling interval: 10641ms
  Thread calibration: mean lat.: 2928.522ms, rate sampling interval: 10641ms
  Thread calibration: mean lat.: 2929.094ms, rate sampling interval: 10641ms
  Thread calibration: mean lat.: 2939.316ms, rate sampling interval: 10657ms
  Thread calibration: mean lat.: 2937.486ms, rate sampling interval: 10649ms
  Thread Stats   Avg      Stdev     Max   +/- Stdev
    Latency    11.78s     3.40s   17.68s    57.71%
    Req/Sec     1.93k     0.85     1.93k   100.00%
  Latency Distribution (HdrHistogram - Recorded Latency)
 50.000%   11.75s 
 75.000%   14.75s 
 90.000%   16.51s 
 99.000%   17.53s 
 99.900%   17.65s 
 99.990%   17.66s 
 99.999%   17.68s 
100.000%   17.69s 

  Detailed Percentile spectrum:
       Value   Percentile   TotalCount 1/(1-Percentile)

    5873.663     0.000000            1         1.00
    7106.559     0.100000        61500         1.11
    8257.535     0.200000       122880         1.25
    9396.223     0.300000       184287         1.43
   10575.871     0.400000       245934         1.67
   11747.327     0.500000       307172         2.00
   12369.919     0.550000       338093         2.22
   12959.743     0.600000       368500         2.50
   13565.951     0.650000       399423         2.86
   14163.967     0.700000       429799         3.33
   14753.791     0.750000       460574         4.00
   15048.703     0.775000       476197         4.44
   15335.423     0.800000       491243         5.00
   15630.335     0.825000       506692         5.71
   15941.631     0.850000       522201         6.67
   16220.159     0.875000       537299         8.00
   16367.615     0.887500       544939         8.89
   16506.879     0.900000       552686        10.00
   16646.143     0.912500       560305        11.43
   16793.599     0.925000       568037        13.33
   16941.055     0.937500       575617        16.00
   17022.975     0.943750       579955        17.78
   17088.511     0.950000       583323        20.00
   17170.431     0.956250       587587        22.86
   17235.967     0.962500       591070        26.67
   17317.887     0.968750       595652        32.00
   17350.655     0.971875       597555        35.56
   17383.423     0.975000       599445        40.00
   17416.191     0.978125       601385        45.71
   17448.959     0.981250       603232        53.33
   17481.727     0.984375       605043        64.00
   17498.111     0.985938       606043        71.11
   17514.495     0.987500       607031        80.00
   17530.879     0.989062       607958        91.43
   17547.263     0.990625       608848       106.67
   17563.647     0.992188       609708       128.00
   17563.647     0.992969       609708       142.22
   17580.031     0.993750       610630       160.00
   17580.031     0.994531       610630       182.86
   17596.415     0.995313       611574       213.33
   17612.799     0.996094       612490       256.00
   17612.799     0.996484       612490       284.44
   17612.799     0.996875       612490       320.00
   17612.799     0.997266       612490       365.71
   17629.183     0.997656       613254       426.67
   17629.183     0.998047       613254       512.00
   17629.183     0.998242       613254       568.89
   17629.183     0.998437       613254       640.00
   17629.183     0.998633       613254       731.43
   17645.567     0.998828       613758       853.33
   17645.567     0.999023       613758      1024.00
   17645.567     0.999121       613758      1137.78
   17645.567     0.999219       613758      1280.00
   17645.567     0.999316       613758      1462.86
   17645.567     0.999414       613758      1706.67
   17645.567     0.999512       613758      2048.00
   17645.567     0.999561       613758      2275.56
   17645.567     0.999609       613758      2560.00
   17661.951     0.999658       613948      2925.71
   17661.951     0.999707       613948      3413.33
   17661.951     0.999756       613948      4096.00
   17661.951     0.999780       613948      4551.11
   17661.951     0.999805       613948      5120.00
   17661.951     0.999829       613948      5851.43
   17661.951     0.999854       613948      6826.67
   17661.951     0.999878       613948      8192.00
   17661.951     0.999890       613948      9102.22
   17661.951     0.999902       613948     10240.00
   17661.951     0.999915       613948     11702.86
   17661.951     0.999927       613948     13653.33
   17661.951     0.999939       613948     16384.00
   17678.335     0.999945       613981     18204.44
   17678.335     0.999951       613981     20480.00
   17678.335     0.999957       613981     23405.71
   17678.335     0.999963       613981     27306.67
   17678.335     0.999969       613981     32768.00
   17678.335     0.999973       613981     36408.89
   17678.335     0.999976       613981     40960.00
   17678.335     0.999979       613981     46811.43
   17678.335     0.999982       613981     54613.33
   17678.335     0.999985       613981     65536.00
   17678.335     0.999986       613981     72817.78
   17678.335     0.999988       613981     81920.00
   17678.335     0.999989       613981     93622.86
   17678.335     0.999991       613981    109226.67
   17678.335     0.999992       613981    131072.00
   17678.335     0.999993       613981    145635.56
   17678.335     0.999994       613981    163840.00
   17678.335     0.999995       613981    187245.71
   17694.719     0.999995       613984    218453.33
   17694.719     1.000000       613984          inf
#[Mean    =    11780.051, StdDeviation   =     3402.620]
#[Max     =    17678.336, Total count    =       613984]
#[Buckets =           27, SubBuckets     =         2048]
----------------------------------------------------------
  924193 requests in 30.00s, 202.72MB read
Requests/sec:  30806.58
Transfer/sec:      6.76MB
WRKX_RESULT {"durationUs":29999857,"requests":924193,"responses":924193,"errors":0,"bytes":212564390,"latencyAvgUs":11780050.843,"latencyP95Us":17088511.000,"latencyP99Us":17530879.000}
