Running 30s test @ http://localhost:9991/
  16 threads and 256 connections
  Thread calibration: mean lat.: 4005.112ms, rate sampling interval: 14442ms
  Thread calibration: mean lat.: 4004.728ms, rate sampling interval: 14442ms
  Thread calibration: mean lat.: 4004.593ms, rate sampling interval: 14450ms
  Thread calibration: mean lat.: 4005.882ms, rate sampling interval: 14450ms
  Thread calibration: mean lat.: 4004.764ms, rate sampling interval: 14450ms
  Thread calibration: mean lat.: 4006.655ms, rate sampling interval: 14450ms
  Thread calibration: mean lat.: 4007.344ms, rate sampling interval: 14442ms
  Thread calibration: mean lat.: 4007.720ms, rate sampling interval: 14442ms
  Thread calibration: mean lat.: 4008.268ms, rate sampling interval: 14458ms
  Thread calibration: mean lat.: 4004.572ms, rate sampling interval: 14450ms
  Thread calibration: mean lat.: 4002.586ms, rate sampling interval: 14442ms
  Thread calibration: mean lat.: 4007.438ms, rate sampling interval: 14450ms
  Thread calibration: mean lat.: 4003.866ms, rate sampling interval: 14450ms
  Thread calibration: mean lat.: 4003.227ms, rate sampling interval: 14450ms
  Thread calibration: mean lat.: 4009.321ms, rate sampling interval: 14450ms
  Thread calibration: mean lat.: 4010.364ms, rate sampling interval: 14450ms
  Thread Stats   Avg      Stdev     Max   +/- Stdev
    Latency    15.88s     4.54s   23.81s    57.84%
    Req/Sec     1.96k     0.77     1.96k   100.00%
  Latency Distribution (HdrHistogram - Recorded Latency)
 50.000%   15.89s 
 75.000%   19.79s 
 90.000%   22.18s 
 99.000%   23.64s 
 99.900%   23.77s 
 99.990%   23.81s 
 99.999%   23.82s 
100.000%   23.82s 

  Detailed Percentile spectrum:
       Value   Percentile   TotalCount 1/(1-Percentile)

    7966.719     0.000000            1         1.00
    9633.791     0.100000        62409         1.11
   11165.695     0.200000       124260         1.25
   12722.175     0.300000       186470         1.43
   14327.807     0.400000       248677         1.67
   15892.479     0.500000       310762         2.00
   16695.295     0.550000       341710         2.22
   17465.343     0.600000       372875         2.50
   18219.007     0.650000       403695         2.86
   19005.439     0.700000       435269         3.33
   19791.871     0.750000       466380         4.00
   20185.087     0.775000       481611         4.44
   20594.687     0.800000       497378         5.00
   20971.519     0.825000       512643         5.71
   21364.735     0.850000       528236         6.67
   21757.951     0.875000       543722         8.00
   21970.943     0.887500       551233         8.89
   22183.935     0.900000       558954        10.00
   22396.927     0.912500       566973        11.43
   22609.919     0.925000       574894        13.33
   22806.527     0.937500       582729        16.00
   22904.831     0.943750       586628        17.78
   23003.135     0.950000       590360        20.00
   23101.439     0.956250       594144        22.86
   23199.743     0.962500       597977        26.67
   23298.047     0.968750       602013        32.00
   23347.199     0.971875       603883        35.56
   23396.351     0.975000       605800        40.00
   23445.503     0.978125       607648        45.71
   23494.655     0.981250       609577        53.33
   23543.807     0.984375       611417        64.00
   23576.575     0.985938       612625        71.11
   23609.343     0.987500       613946        80.00
   23625.727     0.989062       614612        91.43
   23642.111     0.990625       615273       106.67
   23674.879     0.992188       616575       128.00
   23691.263     0.992969       617229       142.22
   23691.263     0.993750       617229       160.00
   23707.647     0.994531       617930       182.86
   23724.031     0.995313       618615       213.33
   23740.415     0.996094       619289       256.00
   23740.415     0.996484       619289       284.44
   23740.415     0.996875       619289       320.00
   23756.799     0.997266       619964       365.71
   23756.799     0.997656       619964       426.67
   23756.799     0.998047       619964       512.00
   23773.183     0.998242       620520       568.89
   23773.183     0.998437       620520       640.00
   23773.183     0.998633       620520       731.43
   23773.183     0.998828       620520       853.33
   23773.183     0.999023       620520      1024.00
   23773.183     0.999121       620520      1137.78
   23789.567     0.999219       620883      1280.00
   23789.567     0.999316       620883      1462.86
   23789.567     0.999414       620883      1706.67
   23789.567     0.999512       620883      2048.00
   23789.567     0.999561       620883      2275.56
   23789.567     0.999609       620883      2560.00
   23789.567     0.999658       620883      2925.71
   23789.567     0.999707       620883      3413.33
   23805.951     0.999756       621046      4096.00
   23805.951     0.999780       621046      4551.11
   23805.951     0.999805       621046      5120.00
   23805.951     0.999829       621046      5851.43
   23805.951     0.999854       621046      6826.67
   23805.951     0.999878       621046      8192.00
   23805.951     0.999890       621046      9102.22
   23805.951     0.999902       621046     10240.00
   23805.951     0.999915       621046     11702.86
   23805.951     0.999927       621046     13653.33
   23805.951     0.999939       621046     16384.00
   23805.951     0.999945       621046     18204.44
   23805.951     0.999951       621046     20480.00
   23805.951     0.999957       621046     23405.71
   23805.951     0.999963       621046     27306.67
   23805.951     0.999969       621046     32768.00
   23805.951     0.999973       621046     36408.89
   23805.951     0.999976       621046     40960.00
   23805.951     0.999979       621046     46811.43
   23805.951     0.999982       621046     54613.33
   23822.335     0.999985       621057     65536.00
   23822.335     1.000000       621057          inf
#[Mean    =    15881.141, StdDeviation   =     4537.003]
#[Max     =    23805.952, Total count    =       621057]
#[Buckets =           27, SubBuckets     =         2048]
----------------------------------------------------------
  927037 requests in 30.00s, 203.34MB read
Requests/sec:  30901.48
Transfer/sec:      6.78MB
WRKX_RESULT {"durationUs":29999757,"requests":927037,"responses":927037,"errors":0,"bytes":213219185,"latencyAvgUs":15881140.793,"latencyP95Us":23003135.000,"latencyP99Us":23642111.000}
