Running 30s test @ http://localhost:9991/
  16 threads and 256 connections
  Thread calibration: mean lat.: 4222.751ms, rate sampling interval: 15245ms
  Thread calibration: mean lat.: 4219.176ms, rate sampling interval: 15237ms
  Thread calibration: mean lat.: 4221.799ms, rate sampling interval: 15237ms
  Thread calibration: mean lat.: 4226.156ms, rate sampling interval: 15245ms
  Thread calibration: mean lat.: 4221.682ms, rate sampling interval: 15237ms
  Thread calibration: mean lat.: 4221.481ms, rate sampling interval: 15237ms
  Thread calibration: mean lat.: 4221.469ms, rate sampling interval: 15237ms
  Thread calibration: mean lat.: 4224.964ms, rate sampling interval: 15237ms
  Thread calibration: mean lat.: 4220.985ms, rate sampling interval: 15245ms
  Thread calibration: mean lat.: 4218.213ms, rate sampling interval: 15237ms
  Thread calibration: mean lat.: 4221.660ms, rate sampling interval: 15237ms
  Thread calibration: mean lat.: 4222.292ms, rate sampling interval: 15237ms
  Thread calibration: mean lat.: 4224.837ms, rate sampling interval: 15237ms
  Thread calibration: mean lat.: 4233.143ms, rate sampling interval: 15253ms
  Thread calibration: mean lat.: 4224.486ms, rate sampling interval: 15245ms
  Thread calibration: mean lat.: 4225.399ms, rate sampling interval: 15245ms
  Thread Stats   Avg      Stdev     Max   +/- Stdev
    Latency    16.88s     4.89s   25.31s    57.58%
    Req/Sec     1.93k     0.77     1.93k   100.00%
  Latency Distribution (HdrHistogram - Recorded Latency)
 50.000%   16.86s 
 75.000%   21.15s 
 90.000%   23.66s 
 99.000%   25.13s 
 99.900%   25.28s 
 99.990%   25.31s 
 99.999%   25.33s 
100.000%   25.33s 

  Detailed Percentile spectrum:
       Value   Percentile   TotalCount 1/(1-Percentile)

    8445.951     0.000000           18         1.00
   10108.927     0.100000        62070         1.11
   11796.479     0.200000       123905         1.25
   13459.455     0.300000       185685         1.43
   15179.775     0.400000       247615         1.67
   16859.135     0.500000       309525         2.00
   17711.103     0.550000       340792         2.22
   18563.071     0.600000       371619         2.50
   19447.807     0.650000       402603         2.86
   20316.159     0.700000       433312         3.33
   21151.743     0.750000       464273         4.00
   21577.727     0.775000       480043         4.44
   22003.711     0.800000       495440         5.00
   22413.311     0.825000       510746         5.71
   22839.295     0.850000       526483         6.67
   23232.511     0.875000       541396         8.00
   23445.503     0.887500       549355         8.89
   23658.495     0.900000       556987        10.00
   23871.487     0.912500       564850        11.43
   24084.479     0.925000       572678        13.33
   24281.087     0.937500       580055        16.00
   24379.391     0.943750       583944        17.78
   24477.695     0.950000       587775        20.00
   24592.383     0.956250       592027        22.86
   24690.687     0.962500       595851        26.67
   24788.991     0.968750       599637        32.00
   24838.143     0.971875       601585        35.56
   24887.295     0.975000       603455        40.00
   24936.447     0.978125       605266        45.71
   24985.599     0.981250       607194        53.33
   25051.135     0.984375       609524        64.00
   25067.519     0.985938       610157        71.11
   25100.287     0.987500       611395        80.00
   25116.671     0.989062       611997        91.43
   25149.439     0.990625       613167       106.67
   25182.207     0.992188       614368       128.00
   25182.207     0.992969       614368       142.22
   25198.591     0.993750       614992       160.00
   25214.975     0.994531       615619       182.86
   25231.359     0.995313       616250       213.33
   25231.359     0.996094       616250       256.00
   25247.743     0.996484       616907       284.44
   25247.743     0.996875       616907       320.00
   25264.127     0.997266       617545       365.71
   25264.127     0.997656       617545       426.67
   25264.127     0.998047       617545       512.00
   25264.127     0.998242       617545       568.89
   25280.511     0.998437       618098       640.00
   25280.511     0.998633       618098       731.43
   25280.511     0.998828       618098       853.33
   25280.511     0.999023       618098      1024.00
   25280.511     0.999121       618098      1137.78
   25296.895     0.999219       618435      1280.00
   25296.895     0.999316       618435      1462.86
   25296.895     0.999414       618435      1706.67
   25296.895     0.999512       618435      2048.00
   25296.895     0.999561       618435      2275.56
   25296.895     0.999609       618435      2560.00
   25296.895     0.999658       618435      2925.71
   25313.279     0.999707       618608      3413.33
   25313.279     0.999756       618608      4096.00
   25313.279     0.999780       618608      4551.11
   25313.279     0.999805       618608      5120.00
   25313.279     0.999829       618608      5851.43
   25313.279     0.999854       618608      6826.67
   25313.279     0.999878       618608      8192.00
   25313.279     0.999890       618608      9102.22
   25313.279     0.999902       618608     10240.00
   25313.279     0.999915       618608     11702.86
   25313.279     0.999927       618608     13653.33
   25313.279     0.999939       618608     16384.00
   25313.279     0.999945       618608     18204.44
   25313.279     0.999951       618608     20480.00
   25313.279     0.999957       618608     23405.71
   25313.279     0.999963       618608     27306.67
   25329.663     0.999969       618629     32768.00
   25329.663     1.000000       618629          inf
#[Mean    =    16875.330, StdDeviation   =     4886.897]
#[Max     =    25313.280, Total count    =       618629]
#[Buckets =           27, SubBuckets     =         2048]
----------------------------------------------------------
  933607 requests in 30.00s, 204.78MB read
Requests/sec:  31119.87
Transfer/sec:      6.83MB
WRKX_RESULT {"durationUs":30000352,"requests":933607,"responses":933607,"errors":0,"bytes":214730060,"latencyAvgUs":16875329.558,"latencyP95Us":24477695.000,"latencyP99Us":25133055.000}
