Running 30s test @ http://localhost:9991/postgres/orders
  16 threads and 256 connections
  Thread calibration: mean lat.: 4153.496ms, rate sampling interval: 15212ms
  Thread calibration: mean lat.: 4152.109ms, rate sampling interval: 15228ms
  Thread calibration: mean lat.: 4151.543ms, rate sampling interval: 15220ms
  Thread calibration: mean lat.: 4151.392ms, rate sampling interval: 15212ms
  Thread calibration: mean lat.: 4153.405ms, rate sampling interval: 15220ms
  Thread calibration: mean lat.: 4150.203ms, rate sampling interval: 15212ms
  Thread calibration: mean lat.: 4152.051ms, rate sampling interval: 15220ms
  Thread calibration: mean lat.: 4149.736ms, rate sampling interval: 15220ms
  Thread calibration: mean lat.: 4148.429ms, rate sampling interval: 15212ms
  Thread calibration: mean lat.: 4150.046ms, rate sampling interval: 15212ms
  Thread calibration: mean lat.: 4150.240ms, rate sampling interval: 15228ms
  Thread calibration: mean lat.: 4153.377ms, rate sampling interval: 15220ms
  Thread calibration: mean lat.: 4156.445ms, rate sampling interval: 15228ms
  Thread calibration: mean lat.: 4150.075ms, rate sampling interval: 15220ms
  Thread calibration: mean lat.: 4161.145ms, rate sampling interval: 15228ms
  Thread calibration: mean lat.: 4152.559ms, rate sampling interval: 15220ms
  Thread Stats   Avg      Stdev     Max   +/- Stdev
    Latency    16.99s     4.77s   25.20s    58.16%
    Req/Sec   752.50      0.50   753.00    100.00%
  Latency Distribution (HdrHistogram - Recorded Latency)
 50.000%   17.06s 
 75.000%   21.10s 
 90.000%   23.56s 
 99.000%   25.05s 
 99.900%   25.18s 
 99.990%   25.21s 
 99.999%   25.21s 
100.000%   25.21s 

  Detailed Percentile spectrum:
       Value   Percentile   TotalCount 1/(1-Percentile)

    8462.335     0.000000            3         1.00
   10313.727     0.100000        24129         1.11
   12058.623     0.200000        48323         1.25
   13803.519     0.300000        72469         1.43
   15433.727     0.400000        96598         1.67
   17055.743     0.500000       120771         2.00
   17858.559     0.550000       132879         2.22
   18661.375     0.600000       144849         2.50
   19496.959     0.650000       156984         2.86
   20299.775     0.700000       168968         3.33
   21102.591     0.750000       181100         4.00
   21512.191     0.775000       187024         4.44
   21938.175     0.800000       193250         5.00
   22347.775     0.825000       199264         5.71
   22740.991     0.850000       205214         6.67
   23166.975     0.875000       211329         8.00
   23363.583     0.887500       214160         8.89
   23560.191     0.900000       217157        10.00
   23773.183     0.912500       220284        11.43
   23986.175     0.925000       223312        13.33
   24182.783     0.937500       226287        16.00
   24297.471     0.943750       227936        17.78
   24395.775     0.950000       229361        20.00
   24494.079     0.956250       230802        22.86
   24608.767     0.962500       232367        26.67
   24707.071     0.968750       233871        32.00
   24756.223     0.971875       234579        35.56
   24805.375     0.975000       235320        40.00
   24854.527     0.978125       236062        45.71
   24903.679     0.981250       236830        53.33
   24952.831     0.984375       237566        64.00
   24985.599     0.985938       238058        71.11
   25001.983     0.987500       238316        80.00
   25034.751     0.989062       238837        91.43
   25051.135     0.990625       239095       106.67
   25083.903     0.992188       239636       128.00
   25083.903     0.992969       239636       142.22
   25100.287     0.993750       239915       160.00
   25116.671     0.994531       240190       182.86
   25116.671     0.995313       240190       213.33
   25133.055     0.996094       240454       256.00
   25133.055     0.996484       240454       284.44
   25149.439     0.996875       240706       320.00
   25149.439     0.997266       240706       365.71
   25165.823     0.997656       240948       426.67
   25165.823     0.998047       240948       512.00
   25165.823     0.998242       240948       568.89
   25165.823     0.998437       240948       640.00
   25182.207     0.998633       241137       731.43
   25182.207     0.998828       241137       853.33
   25182.207     0.999023       241137      1024.00
   25182.207     0.999121       241137      1137.78
   25182.207     0.999219       241137      1280.00
   25182.207     0.999316       241137      1462.86
   25198.591     0.999414       241248      1706.67
   25198.591     0.999512       241248      2048.00
   25198.591     0.999561       241248      2275.56
   25198.591     0.999609       241248      2560.00
   25198.591     0.999658       241248      2925.71
   25198.591     0.999707       241248      3413.33
   25198.591     0.999756       241248      4096.00
   25198.591     0.999780       241248      4551.11
   25198.591     0.999805       241248      5120.00
   25198.591     0.999829       241248      5851.43
   25198.591     0.999854       241248      6826.67
   25214.975     0.999878       241281      8192.00
   25214.975     1.000000       241281          inf
#[Mean    =    16994.211, StdDeviation   =     4772.192]
#[Max     =    25198.592, Total count    =       241281]
#[Buckets =           27, SubBuckets     =         2048]
----------------------------------------------------------
  358181 requests in 30.00s, 4.76GB read
Requests/sec:  11939.18
Transfer/sec:    162.36MB
WRKX_RESULT {"durationUs":30000464,"requests":358181,"responses":358181,"errors":0,"bytes":5107331701,"latencyAvgUs":16994211.209,"latencyP95Us":24395775.000,"latencyP99Us":25051135.000}
