Running 30s test @ http://localhost:9991/postgres/orders
  16 threads and 256 connections
  Thread calibration: mean lat.: 4574.751ms, rate sampling interval: 16769ms
  Thread calibration: mean lat.: 4571.448ms, rate sampling interval: 16760ms
  Thread calibration: mean lat.: 4572.973ms, rate sampling interval: 16760ms
  Thread calibration: mean lat.: 4577.635ms, rate sampling interval: 16769ms
  Thread calibration: mean lat.: 4572.156ms, rate sampling interval: 16769ms
  Thread calibration: mean lat.: 4571.374ms, rate sampling interval: 16769ms
  Thread calibration: mean lat.: 4573.382ms, rate sampling interval: 16760ms
  Thread calibration: mean lat.: 4579.732ms, rate sampling interval: 16769ms
  Thread calibration: mean lat.: 4573.411ms, rate sampling interval: 16760ms
  Thread calibration: mean lat.: 4573.959ms, rate sampling interval: 16760ms
  Thread calibration: mean lat.: 4194.505ms, rate sampling interval: 15196ms
  Thread calibration: mean lat.: 4578.550ms, rate sampling interval: 16760ms
  Thread calibration: mean lat.: 4579.103ms, rate sampling interval: 16760ms
  Thread calibration: mean lat.: 4576.652ms, rate sampling interval: 16760ms
  Thread calibration: mean lat.: 4573.718ms, rate sampling interval: 16752ms
  Thread calibration: mean lat.: 4574.611ms, rate sampling interval: 16752ms
  Thread Stats   Avg      Stdev     Max   +/- Stdev
    Latency    18.57s     5.24s   27.62s    58.38%
    Req/Sec   756.81      0.53   757.00     93.75%
  Latency Distribution (HdrHistogram - Recorded Latency)
 50.000%   18.55s 
 75.000%   23.10s 
 90.000%   25.79s 
 99.000%   27.43s 
 99.900%   27.59s 
 99.990%   27.62s 
 99.999%   27.62s 
100.000%   27.64s 

  Detailed Percentile spectrum:
       Value   Percentile   TotalCount 1/(1-Percentile)

    8421.375     0.000000            5         1.00
   11247.615     0.100000        24290         1.11
   13221.887     0.200000        48580         1.25
   15040.511     0.300000        72898         1.43
   16842.751     0.400000        97249         1.67
   18546.687     0.500000       121565         2.00
   19447.807     0.550000       133588         2.22
   20398.079     0.600000       145724         2.50
   21315.583     0.650000       157973         2.86
   22216.703     0.700000       170180         3.33
   23101.439     0.750000       182198         4.00
   23560.191     0.775000       188293         4.44
   24018.943     0.800000       194436         5.00
   24461.311     0.825000       200529         5.71
   24903.679     0.850000       206634         6.67
   25329.663     0.875000       212578         8.00
   25559.039     0.887500       215709         8.89
   25788.415     0.900000       218751        10.00
   26001.407     0.912500       221676        11.43
   26230.783     0.925000       224702        13.33
   26460.159     0.937500       227782        16.00
   26574.847     0.943750       229348        17.78
   26689.535     0.950000       230888        20.00
   26804.223     0.956250       232343        22.86
   26918.911     0.962500       233810        26.67
   27033.599     0.968750       235331        32.00
   27099.135     0.971875       236169        35.56
   27148.287     0.975000       236833        40.00
   27213.823     0.978125       237706        45.71
   27262.975     0.981250       238353        53.33
   27328.511     0.984375       239266        64.00
   27344.895     0.985938       239489        71.11
   27377.663     0.987500       239946        80.00
   27410.431     0.989062       240381        91.43
   27426.815     0.990625       240587       106.67
   27459.583     0.992188       241012       128.00
   27475.967     0.992969       241222       142.22
   27492.351     0.993750       241442       160.00
   27508.735     0.994531       241667       182.86
   27525.119     0.995313       241884       213.33
   27541.503     0.996094       242110       256.00
   27541.503     0.996484       242110       284.44
   27541.503     0.996875       242110       320.00
   27557.887     0.997266       242340       365.71
   27557.887     0.997656       242340       426.67
   27574.271     0.998047       242555       512.00
   27574.271     0.998242       242555       568.89
   27574.271     0.998437       242555       640.00
   27574.271     0.998633       242555       731.43
   27590.655     0.998828       242710       853.33
   27590.655     0.999023       242710      1024.00
   27590.655     0.999121       242710      1137.78
   27590.655     0.999219       242710      1280.00
   27590.655     0.999316       242710      1462.86
   27607.039     0.999414       242810      1706.67
   27607.039     0.999512       242810      2048.00
   27607.039     0.999561       242810      2275.56
   27607.039     0.999609       242810      2560.00
   27607.039     0.999658       242810      2925.71
   27607.039     0.999707       242810      3413.33
   27607.039     0.999756       242810      4096.00
   27607.039     0.999780       242810      4551.11
   27607.039     0.999805       242810      5120.00
   27623.423     0.999829       242855      5851.43
   27623.423     0.999854       242855      6826.67
   27623.423     0.999878       242855      8192.00
   27623.423     0.999890       242855      9102.22
   27623.423     0.999902       242855     10240.00
   27623.423     0.999915       242855     11702.86
   27623.423     0.999927       242855     13653.33
   27623.423     0.999939       242855     16384.00
   27623.423     0.999945       242855     18204.44
   27623.423     0.999951       242855     20480.00
   27623.423     0.999957       242855     23405.71
   27623.423     0.999963       242855     27306.67
   27623.423     0.999969       242855     32768.00
   27623.423     0.999973       242855     36408.89
   27623.423     0.999976       242855     40960.00
   27623.423     0.999979       242855     46811.43
   27623.423     0.999982       242855     54613.33
   27623.423     0.999985       242855     65536.00
   27623.423     0.999986       242855     72817.78
   27623.423     0.999988       242855     81920.00
   27623.423     0.999989       242855     93622.86
   27623.423     0.999991       242855    109226.67
   27623.423     0.999992       242855    131072.00
   27623.423     0.999993       242855    145635.56
   27623.423     0.999994       242855    163840.00
   27623.423     0.999995       242855    187245.71
   27623.423     0.999995       242855    218453.33
   27639.807     0.999996       242856    262144.00
   27639.807     1.000000       242856          inf
#[Mean    =    18565.102, StdDeviation   =     5242.149]
#[Max     =    27623.424, Total count    =       242856]
#[Buckets =           27, SubBuckets     =         2048]
----------------------------------------------------------
  354166 requests in 30.00s, 4.70GB read
Requests/sec:  11804.59
Transfer/sec:    160.52MB
WRKX_RESULT {"durationUs":30002390,"requests":354166,"responses":354166,"errors":0,"bytes":5050081502,"latencyAvgUs":18565102.392,"latencyP95Us":26689535.000,"latencyP99Us":27426815.000}
