Running 30s test @ http://localhost:9991/postgres/orders
  16 threads and 256 connections
  Thread calibration: mean lat.: 2913.776ms, rate sampling interval: 10526ms
  Thread calibration: mean lat.: 2917.041ms, rate sampling interval: 10543ms
  Thread calibration: mean lat.: 2912.006ms, rate sampling interval: 10526ms
  Thread calibration: mean lat.: 2918.589ms, rate sampling interval: 10534ms
  Thread calibration: mean lat.: 2911.370ms, rate sampling interval: 10534ms
  Thread calibration: mean lat.: 2912.771ms, rate sampling interval: 10534ms
  Thread calibration: mean lat.: 2917.430ms, rate sampling interval: 10543ms
  Thread calibration: mean lat.: 2914.271ms, rate sampling interval: 10543ms
  Thread calibration: mean lat.: 2915.776ms, rate sampling interval: 10534ms
  Thread calibration: mean lat.: 2913.826ms, rate sampling interval: 10534ms
  Thread calibration: mean lat.: 2912.925ms, rate sampling interval: 10534ms
  Thread calibration: mean lat.: 2912.158ms, rate sampling interval: 10526ms
  Thread calibration: mean lat.: 2913.541ms, rate sampling interval: 10534ms
  Thread calibration: mean lat.: 2909.808ms, rate sampling interval: 10526ms
  Thread calibration: mean lat.: 2918.419ms, rate sampling interval: 10543ms
  Thread calibration: mean lat.: 2918.989ms, rate sampling interval: 10543ms
  Thread Stats   Avg      Stdev     Max   +/- Stdev
    Latency    11.90s     3.39s   17.66s    57.49%
    Req/Sec   756.25      0.56   757.00    100.00%
  Latency Distribution (HdrHistogram - Recorded Latency)
 50.000%   11.92s 
 75.000%   14.91s 
 90.000%   16.52s 
 99.000%   17.51s 
 99.900%   17.63s 
 99.990%   17.65s 
 99.999%   17.66s 
100.000%   17.68s 

  Detailed Percentile spectrum:
       Value   Percentile   TotalCount 1/(1-Percentile)

    5844.991     0.000000            1         1.00
    7110.655     0.100000        24494         1.11
    8388.607     0.200000        48988         1.25
    9666.559     0.300000        73541         1.43
   10813.439     0.400000        98088         1.67
   11919.359     0.500000       122554         2.00
   12517.375     0.550000       134811         2.22
   13123.583     0.600000       146996         2.50
   13688.831     0.650000       159168         2.86
   14311.423     0.700000       171443         3.33
   14909.439     0.750000       183764         4.00
   15187.967     0.775000       189860         4.44
   15466.495     0.800000       196067         5.00
   15728.639     0.825000       202122         5.71
   15982.591     0.850000       208146         6.67
   16252.927     0.875000       214413         8.00
   16375.807     0.887500       217358         8.89
   16515.071     0.900000       220561        10.00
   16637.951     0.912500       223503        11.43
   16769.023     0.925000       226612        13.33
   16908.287     0.937500       229838        16.00
   16973.823     0.943750       231304        17.78
   17039.359     0.950000       232793        20.00
   17104.895     0.956250       234238        22.86
   17186.815     0.962500       236013        26.67
   17252.351     0.968750       237461        32.00
   17285.119     0.971875       238112        35.56
   17317.887     0.975000       238775        40.00
   17367.039     0.978125       239748        45.71
   17399.807     0.981250       240392        53.33
   17432.575     0.984375       241083        64.00
   17465.343     0.985938       241745        71.11
   17481.727     0.987500       242061        80.00
   17498.111     0.989062       242376        91.43
   17514.495     0.990625       242706       106.67
   17530.879     0.992188       243063       128.00
   17547.263     0.992969       243390       142.22
   17547.263     0.993750       243390       160.00
   17563.647     0.994531       243702       182.86
   17580.031     0.995313       243995       213.33
   17580.031     0.996094       243995       256.00
   17596.415     0.996484       244297       284.44
   17596.415     0.996875       244297       320.00
   17596.415     0.997266       244297       365.71
   17596.415     0.997656       244297       426.67
   17612.799     0.998047       244590       512.00
   17612.799     0.998242       244590       568.89
   17612.799     0.998437       244590       640.00
   17612.799     0.998633       244590       731.43
   17612.799     0.998828       244590       853.33
   17629.183     0.999023       244783      1024.00
   17629.183     0.999121       244783      1137.78
   17629.183     0.999219       244783      1280.00
   17629.183     0.999316       244783      1462.86
   17629.183     0.999414       244783      1706.67
   17629.183     0.999512       244783      2048.00
   17629.183     0.999561       244783      2275.56
   17629.183     0.999609       244783      2560.00
   17645.567     0.999658       244852      2925.71
   17645.567     0.999707       244852      3413.33
   17645.567     0.999756       244852      4096.00
   17645.567     0.999780       244852      4551.11
   17645.567     0.999805       244852      5120.00
   17645.567     0.999829       244852      5851.43
   17645.567     0.999854       244852      6826.67
   17645.567     0.999878       244852      8192.00
   17645.567     0.999890       244852      9102.22
   17645.567     0.999902       244852     10240.00
   17645.567     0.999915       244852     11702.86
   17661.951     0.999927       244868     13653.33
   17661.951     0.999939       244868     16384.00
   17661.951     0.999945       244868     18204.44
   17661.951     0.999951       244868     20480.00
   17661.951     0.999957       244868     23405.71
   17661.951     0.999963       244868     27306.67
   17661.951     0.999969       244868     32768.00
   17661.951     0.999973       244868     36408.89
   17661.951     0.999976       244868     40960.00
   17661.951     0.999979       244868     46811.43
   17661.951     0.999982       244868     54613.33
   17661.951     0.999985       244868     65536.00
   17661.951     0.999986       244868     72817.78
   17661.951     0.999988       244868     81920.00
   17661.951     0.999989       244868     93622.86
   17661.951     0.999991       244868    109226.67
   17678.335     0.999992       244870    131072.00
   17678.335     1.000000       244870          inf
#[Mean    =    11899.153, StdDeviation   =     3389.345]
#[Max     =    17661.952, Total count    =       244870]
#[Buckets =           27, SubBuckets     =         2048]
----------------------------------------------------------
  370209 requests in 30.00s, 4.92GB read
Requests/sec:  12339.22
Transfer/sec:    167.80MB
WRKX_RESULT {"durationUs":30002617,"requests":370209,"responses":370209,"errors":0,"bytes":5278853050,"latencyAvgUs":11899152.821,"latencyP95Us":17039359.000,"latencyP99Us":17514495.000}
