Running 30s test @ http://localhost:9991/postgres/orders
  16 threads and 256 connections
  Thread calibration: mean lat.: 2613.947ms, rate sampling interval: 9527ms
  Thread calibration: mean lat.: 2611.842ms, rate sampling interval: 9519ms
  Thread calibration: mean lat.: 2612.836ms, rate sampling interval: 9519ms
  Thread calibration: mean lat.: 2614.444ms, rate sampling interval: 9519ms
  Thread calibration: mean lat.: 2614.143ms, rate sampling interval: 9527ms
  Thread calibration: mean lat.: 2615.240ms, rate sampling interval: 9527ms
  Thread calibration: mean lat.: 2611.705ms, rate sampling interval: 9510ms
  Thread calibration: mean lat.: 2610.900ms, rate sampling interval: 9519ms
  Thread calibration: mean lat.: 2613.751ms, rate sampling interval: 9519ms
  Thread calibration: mean lat.: 2621.375ms, rate sampling interval: 9535ms
  Thread calibration: mean lat.: 2612.922ms, rate sampling interval: 9519ms
  Thread calibration: mean lat.: 2617.226ms, rate sampling interval: 9519ms
  Thread calibration: mean lat.: 2615.555ms, rate sampling interval: 9527ms
  Thread calibration: mean lat.: 2617.829ms, rate sampling interval: 9535ms
  Thread calibration: mean lat.: 2616.590ms, rate sampling interval: 9535ms
  Thread calibration: mean lat.: 2618.597ms, rate sampling interval: 9527ms
  Thread Stats   Avg      Stdev     Max   +/- Stdev
    Latency    10.58s     2.83s   15.52s    59.05%
    Req/Sec   768.28     23.04   792.00    100.00%
  Latency Distribution (HdrHistogram - Recorded Latency)
 50.000%   10.68s 
 75.000%   12.91s 
 90.000%   14.46s 
 99.000%   15.39s 
 99.900%   15.49s 
 99.990%   15.52s 
 99.999%   15.53s 
100.000%   15.53s 

  Detailed Percentile spectrum:
       Value   Percentile   TotalCount 1/(1-Percentile)

    5349.375     0.000000            2         1.00
    6549.503     0.100000        24537         1.11
    7684.095     0.200000        49014         1.25
    8814.591     0.300000        73605         1.43
    9732.095     0.400000        98087         1.67
   10682.367     0.500000       122428         2.00
   11124.735     0.550000       134719         2.22
   11575.295     0.600000       146998         2.50
   12017.663     0.650000       159114         2.86
   12460.031     0.700000       171406         3.33
   12910.591     0.750000       183721         4.00
   13164.543     0.775000       189711         4.44
   13443.071     0.800000       195883         5.00
   13697.023     0.825000       202032         5.71
   13942.783     0.850000       208053         6.67
   14196.735     0.875000       214307         8.00
   14327.807     0.887500       217222         8.89
   14458.879     0.900000       220292        10.00
   14606.335     0.912500       223508        11.43
   14729.215     0.925000       226440        13.33
   14852.095     0.937500       229668        16.00
   14901.247     0.943750       231002        17.78
   14966.783     0.950000       232555        20.00
   15040.511     0.956250       234165        22.86
   15106.047     0.962500       235656        26.67
   15171.583     0.968750       237155        32.00
   15204.351     0.971875       237902        35.56
   15237.119     0.975000       238645        40.00
   15278.079     0.978125       239549        45.71
   15310.847     0.981250       240296        53.33
   15343.615     0.984375       241068        64.00
   15359.999     0.985938       241487        71.11
   15376.383     0.987500       241905        80.00
   15384.575     0.989062       242097        91.43
   15400.959     0.990625       242516       106.67
   15417.343     0.992188       242909       128.00
   15425.535     0.992969       243090       142.22
   15433.727     0.993750       243297       160.00
   15441.919     0.994531       243496       182.86
   15450.111     0.995313       243666       213.33
   15458.303     0.996094       243847       256.00
   15466.495     0.996484       244033       284.44
   15466.495     0.996875       244033       320.00
   15474.687     0.997266       244216       365.71
   15474.687     0.997656       244216       426.67
   15482.879     0.998047       244376       512.00
   15482.879     0.998242       244376       568.89
   15482.879     0.998437       244376       640.00
   15491.071     0.998633       244512       731.43
   15491.071     0.998828       244512       853.33
   15499.263     0.999023       244619      1024.00
   15499.263     0.999121       244619      1137.78
   15499.263     0.999219       244619      1280.00
   15499.263     0.999316       244619      1462.86
   15499.263     0.999414       244619      1706.67
   15507.455     0.999512       244690      2048.00
   15507.455     0.999561       244690      2275.56
   15507.455     0.999609       244690      2560.00
   15507.455     0.999658       244690      2925.71
   15507.455     0.999707       244690      3413.33
   15515.647     0.999756       244732      4096.00
   15515.647     0.999780       244732      4551.11
   15515.647     0.999805       244732      5120.00
   15515.647     0.999829       244732      5851.43
   15515.647     0.999854       244732      6826.67
   15515.647     0.999878       244732      8192.00
   15515.647     0.999890       244732      9102.22
   15515.647     0.999902       244732     10240.00
   15515.647     0.999915       244732     11702.86
   15523.839     0.999927       244748     13653.33
   15523.839     0.999939       244748     16384.00
   15523.839     0.999945       244748     18204.44
   15523.839     0.999951       244748     20480.00
   15523.839     0.999957       244748     23405.71
   15523.839     0.999963       244748     27306.67
   15523.839     0.999969       244748     32768.00
   15523.839     0.999973       244748     36408.89
   15523.839     0.999976       244748     40960.00
   15523.839     0.999979       244748     46811.43
   15523.839     0.999982       244748     54613.33
   15532.031     0.999985       244752     65536.00
   15532.031     1.000000       244752          inf
#[Mean    =    10582.059, StdDeviation   =     2825.951]
#[Max     =    15523.840, Total count    =       244752]
#[Buckets =           27, SubBuckets     =         2048]
----------------------------------------------------------
  361684 requests in 30.00s, 4.80GB read
Requests/sec:  12055.08
Transfer/sec:    163.93MB
WRKX_RESULT {"durationUs":30002629,"requests":361684,"responses":361684,"errors":0,"bytes":5157309172,"latencyAvgUs":10582059.445,"latencyP95Us":14966783.000,"latencyP99Us":15392767.000}
