Running 30s test @ http://localhost:9991/postgres/orders
  16 threads and 256 connections
  Thread calibration: mean lat.: 3.157ms, rate sampling interval: 10ms
  Thread calibration: mean lat.: 3.159ms, rate sampling interval: 10ms
  Thread calibration: mean lat.: 3.212ms, rate sampling interval: 10ms
  Thread calibration: mean lat.: 3.328ms, rate sampling interval: 10ms
  Thread calibration: mean lat.: 3.284ms, rate sampling interval: 10ms
  Thread calibration: mean lat.: 3.165ms, rate sampling interval: 10ms
  Thread calibration: mean lat.: 3.222ms, rate sampling interval: 10ms
  Thread calibration: mean lat.: 3.272ms, rate sampling interval: 10ms
  Thread calibration: mean lat.: 3.218ms, rate sampling interval: 10ms
  Thread calibration: mean lat.: 3.227ms, rate sampling interval: 10ms
  Thread calibration: mean lat.: 3.233ms, rate sampling interval: 10ms
  Thread calibration: mean lat.: 2.517ms, rate sampling interval: 10ms
  Thread calibration: mean lat.: 3.210ms, rate sampling interval: 10ms
  Thread calibration: mean lat.: 3.228ms, rate sampling interval: 10ms
  Thread calibration: mean lat.: 3.259ms, rate sampling interval: 10ms
  Thread calibration: mean lat.: 3.228ms, rate sampling interval: 10ms
  Thread Stats   Avg      Stdev     Max   +/- Stdev
    Latency     2.98ms    1.19ms  11.48ms   71.17%
    Req/Sec   329.03    260.05     1.78k    71.20%
  Latency Distribution (HdrHistogram - Recorded Latency)
 50.000%    2.69ms
 75.000%    3.67ms
 90.000%    4.65ms
 99.000%    6.52ms
 99.900%    8.21ms
 99.990%    9.66ms
 99.999%   10.91ms
100.000%   11.49ms

  Detailed Percentile spectrum:
       Value   Percentile   TotalCount 1/(1-Percentile)

       0.802     0.000000            1         1.00
       1.722     0.100000         9982         1.11
       1.991     0.200000        19954         1.25
       2.211     0.300000        29921         1.43
       2.433     0.400000        39864         1.67
       2.687     0.500000        49857         2.00
       2.837     0.550000        54775         2.22
       3.011     0.600000        59769         2.50
       3.209     0.650000        64737         2.86
       3.423     0.700000        69751         3.33
       3.675     0.750000        74688         4.00
       3.813     0.775000        77203         4.44
       3.955     0.800000        79691         5.00
       4.107     0.825000        82198         5.71
       4.271     0.850000        84698         6.67
       4.443     0.875000        87168         8.00
       4.547     0.887500        88417         8.89
       4.651     0.900000        89627        10.00
       4.767     0.912500        90872        11.43
       4.899     0.925000        92133        13.33
       5.055     0.937500        93363        16.00
       5.151     0.943750        94007        17.78
       5.239     0.950000        94626        20.00
       5.355     0.956250        95231        22.86
       5.479     0.962500        95856        26.67
       5.631     0.968750        96487        32.00
       5.711     0.971875        96793        35.56
       5.811     0.975000        97101        40.00
       5.919     0.978125        97410        45.71
       6.039     0.981250        97717        53.33
       6.203     0.984375        98034        64.00
       6.291     0.985938        98189        71.11
       6.367     0.987500        98345        80.00
       6.455     0.989062        98496        91.43
       6.579     0.990625        98657       106.67
       6.727     0.992188        98807       128.00
       6.807     0.992969        98885       142.22
       6.891     0.993750        98963       160.00
       7.007     0.994531        99043       182.86
       7.135     0.995313        99118       213.33
       7.251     0.996094        99196       256.00
       7.323     0.996484        99237       284.44
       7.411     0.996875        99275       320.00
       7.515     0.997266        99315       365.71
       7.607     0.997656        99351       426.67
       7.731     0.998047        99390       512.00
       7.835     0.998242        99409       568.89
       7.943     0.998437        99429       640.00
       8.047     0.998633        99449       731.43
       8.107     0.998828        99468       853.33
       8.223     0.999023        99488      1024.00
       8.295     0.999121        99497      1137.78
       8.407     0.999219        99507      1280.00
       8.487     0.999316        99517      1462.86
       8.655     0.999414        99526      1706.67
       8.783     0.999512        99537      2048.00
       8.839     0.999561        99541      2275.56
       8.903     0.999609        99547      2560.00
       9.031     0.999658        99550      2925.71
       9.175     0.999707        99555      3413.33
       9.319     0.999756        99560      4096.00
       9.327     0.999780        99563      4551.11
       9.351     0.999805        99565      5120.00
       9.423     0.999829        99567      5851.43
       9.583     0.999854        99570      6826.67
       9.631     0.999878        99572      8192.00
       9.663     0.999890        99575      9102.22
       9.663     0.999902        99575     10240.00
       9.687     0.999915        99576     11702.86
       9.703     0.999927        99577     13653.33
       9.735     0.999939        99578     16384.00
       9.823     0.999945        99579     18204.44
      10.063     0.999951        99580     20480.00
      10.063     0.999957        99580     23405.71
      10.095     0.999963        99581     27306.67
      10.095     0.999969        99581     32768.00
      10.695     0.999973        99582     36408.89
      10.695     0.999976        99582     40960.00
      10.695     0.999979        99582     46811.43
      10.911     0.999982        99583     54613.33
      10.911     0.999985        99583     65536.00
      10.911     0.999986        99583     72817.78
      10.911     0.999988        99583     81920.00
      10.911     0.999989        99583     93622.86
      11.487     0.999991        99584    109226.67
      11.487     1.000000        99584          inf
#[Mean    =        2.982, StdDeviation   =        1.187]
#[Max     =       11.480, Total count    =        99584]
#[Buckets =           27, SubBuckets     =         2048]
----------------------------------------------------------
  149620 requests in 30.03s, 1.99GB read
Requests/sec:   4981.87
Transfer/sec:     67.75MB
WRKX_RESULT {"durationUs":30032871,"requests":149620,"responses":149620,"errors":0,"bytes":2133460088,"latencyAvgUs":2981.998,"latencyP95Us":5239.000,"latencyP99Us":6523.000}
