Running 30s test @ http://localhost:9991/postgres/orders
  16 threads and 256 connections
  Thread calibration: mean lat.: 1186.615ms, rate sampling interval: 4423ms
  Thread calibration: mean lat.: 1186.268ms, rate sampling interval: 4423ms
  Thread calibration: mean lat.: 1185.051ms, rate sampling interval: 4423ms
  Thread calibration: mean lat.: 1189.250ms, rate sampling interval: 4431ms
  Thread calibration: mean lat.: 1186.576ms, rate sampling interval: 4423ms
  Thread calibration: mean lat.: 1191.892ms, rate sampling interval: 4440ms
  Thread calibration: mean lat.: 1189.467ms, rate sampling interval: 4427ms
  Thread calibration: mean lat.: 1187.236ms, rate sampling interval: 4427ms
  Thread calibration: mean lat.: 1190.743ms, rate sampling interval: 4431ms
  Thread calibration: mean lat.: 1189.405ms, rate sampling interval: 4431ms
  Thread calibration: mean lat.: 1191.518ms, rate sampling interval: 4431ms
  Thread calibration: mean lat.: 1185.298ms, rate sampling interval: 4419ms
  Thread calibration: mean lat.: 1187.244ms, rate sampling interval: 4419ms
  Thread calibration: mean lat.: 1189.538ms, rate sampling interval: 4431ms
  Thread calibration: mean lat.: 1194.826ms, rate sampling interval: 4440ms
  Thread calibration: mean lat.: 1196.217ms, rate sampling interval: 4440ms
  Thread Stats   Avg      Stdev     Max   +/- Stdev
    Latency     5.02s     1.34s    7.14s    57.48%
    Req/Sec   713.41     20.68   743.00     50.00%
  Latency Distribution (HdrHistogram - Recorded Latency)
 50.000%    5.06s 
 75.000%    6.20s 
 90.000%    6.77s 
 99.000%    7.03s 
 99.900%    7.08s 
 99.990%    7.11s 
 99.999%    7.14s 
100.000%    7.14s 

  Detailed Percentile spectrum:
       Value   Percentile   TotalCount 1/(1-Percentile)

    2465.791     0.000000            1         1.00
    3016.703     0.100000        23105         1.11
    3604.479     0.200000        46102         1.25
    4192.255     0.300000        69169         1.43
    4710.399     0.400000        92313         1.67
    5062.655     0.500000       115238         2.00
    5337.087     0.550000       126781         2.22
    5582.847     0.600000       138256         2.50
    5804.031     0.650000       149960         2.86
    5988.351     0.700000       161350         3.33
    6201.343     0.750000       172848         4.00
    6307.839     0.775000       178670         4.44
    6426.623     0.800000       184304         5.00
    6549.503     0.825000       190184         5.71
    6643.711     0.850000       195829         6.67
    6717.439     0.875000       201620         8.00
    6746.111     0.887500       204555         8.89
    6774.783     0.900000       207495        10.00
    6807.551     0.912500       210350        11.43
    6844.415     0.925000       213309        13.33
    6877.183     0.937500       216339        16.00
    6889.471     0.943750       217475        17.78
    6909.951     0.950000       219139        20.00
    6926.335     0.956250       220348        22.86
    6946.815     0.962500       221797        26.67
    6967.295     0.968750       223228        32.00
    6979.583     0.971875       224134        35.56
    6987.775     0.975000       224765        40.00
    6995.967     0.978125       225394        45.71
    7008.255     0.981250       226351        53.33
    7016.447     0.984375       226968        64.00
    7020.543     0.985938       227280        71.11
    7024.639     0.987500       227573        80.00
    7028.735     0.989062       227864        91.43
    7036.927     0.990625       228418       106.67
    7041.023     0.992188       228680       128.00
    7045.119     0.992969       228917       142.22
    7049.215     0.993750       229140       160.00
    7049.215     0.994531       229140       182.86
    7053.311     0.995313       229356       213.33
    7057.407     0.996094       229548       256.00
    7061.503     0.996484       229726       284.44
    7061.503     0.996875       229726       320.00
    7065.599     0.997266       229878       365.71
    7065.599     0.997656       229878       426.67
    7069.695     0.998047       229990       512.00
    7069.695     0.998242       229990       568.89
    7073.791     0.998437       230086       640.00
    7073.791     0.998633       230086       731.43
    7077.887     0.998828       230166       853.33
    7077.887     0.999023       230166      1024.00
    7081.983     0.999121       230225      1137.78
    7081.983     0.999219       230225      1280.00
    7081.983     0.999316       230225      1462.86
    7086.079     0.999414       230265      1706.67
    7086.079     0.999512       230265      2048.00
    7090.175     0.999561       230298      2275.56
    7090.175     0.999609       230298      2560.00
    7090.175     0.999658       230298      2925.71
    7094.271     0.999707       230315      3413.33
    7094.271     0.999756       230315      4096.00
    7098.367     0.999780       230330      4551.11
    7098.367     0.999805       230330      5120.00
    7102.463     0.999829       230341      5851.43
    7102.463     0.999854       230341      6826.67
    7106.559     0.999878       230350      8192.00
    7106.559     0.999890       230350      9102.22
    7106.559     0.999902       230350     10240.00
    7110.655     0.999915       230356     11702.86
    7110.655     0.999927       230356     13653.33
    7114.751     0.999939       230359     16384.00
    7114.751     0.999945       230359     18204.44
    7118.847     0.999951       230361     20480.00
    7122.943     0.999957       230364     23405.71
    7122.943     0.999963       230364     27306.67
    7122.943     0.999969       230364     32768.00
    7127.039     0.999973       230366     36408.89
    7127.039     0.999976       230366     40960.00
    7131.135     0.999979       230367     46811.43
    7131.135     0.999982       230367     54613.33
    7135.231     0.999985       230369     65536.00
    7135.231     0.999986       230369     72817.78
    7135.231     0.999988       230369     81920.00
    7135.231     0.999989       230369     93622.86
    7135.231     0.999991       230369    109226.67
    7139.327     0.999992       230370    131072.00
    7139.327     0.999993       230370    145635.56
    7139.327     0.999994       230370    163840.00
    7139.327     0.999995       230370    187245.71
    7139.327     0.999995       230370    218453.33
    7143.423     0.999996       230371    262144.00
    7143.423     1.000000       230371          inf
#[Mean    =     5018.791, StdDeviation   =     1342.130]
#[Max     =     7139.328, Total count    =       230371]
#[Buckets =           27, SubBuckets     =         2048]
----------------------------------------------------------
  343645 requests in 30.00s, 4.56GB read
Requests/sec:  11453.79
Transfer/sec:    155.75MB
WRKX_RESULT {"durationUs":30002726,"requests":343645,"responses":343645,"errors":0,"bytes":4900048309,"latencyAvgUs":5018790.777,"latencyP95Us":6909951.000,"latencyP99Us":7032831.000}
