Running 30s test @ http://localhost:9991/postgres/orders
  16 threads and 256 connections
  Thread calibration: mean lat.: 4340.675ms, rate sampling interval: 15441ms
  Thread calibration: mean lat.: 4689.584ms, rate sampling interval: 17022ms
  Thread calibration: mean lat.: 4687.352ms, rate sampling interval: 17039ms
  Thread calibration: mean lat.: 4687.682ms, rate sampling interval: 17039ms
  Thread calibration: mean lat.: 4684.557ms, rate sampling interval: 17039ms
  Thread calibration: mean lat.: 4687.840ms, rate sampling interval: 17039ms
  Thread calibration: mean lat.: 4678.703ms, rate sampling interval: 17022ms
  Thread calibration: mean lat.: 4691.442ms, rate sampling interval: 17039ms
  Thread calibration: mean lat.: 4691.196ms, rate sampling interval: 17039ms
  Thread calibration: mean lat.: 4678.987ms, rate sampling interval: 17022ms
  Thread calibration: mean lat.: 4684.323ms, rate sampling interval: 17022ms
  Thread calibration: mean lat.: 4686.876ms, rate sampling interval: 17039ms
  Thread calibration: mean lat.: 4689.719ms, rate sampling interval: 17039ms
  Thread calibration: mean lat.: 4692.227ms, rate sampling interval: 17039ms
  Thread calibration: mean lat.: 4687.182ms, rate sampling interval: 17039ms
  Thread calibration: mean lat.: 4347.047ms, rate sampling interval: 15458ms
  Thread Stats   Avg      Stdev     Max   +/- Stdev
    Latency    18.76s     5.41s   28.13s    57.58%
    Req/Sec   758.31      1.65   759.00     87.50%
  Latency Distribution (HdrHistogram - Recorded Latency)
 50.000%   18.81s 
 75.000%   23.51s 
 90.000%   26.18s 
 99.000%   27.92s 
 99.900%   28.10s 
 99.990%   28.15s 
 99.999%   28.15s 
100.000%   28.15s 

  Detailed Percentile spectrum:
       Value   Percentile   TotalCount 1/(1-Percentile)

    8519.679     0.000000            4         1.00
   11247.615     0.100000        24395         1.11
   13148.159     0.200000        48726         1.25
   15056.895     0.300000        73030         1.43
   16924.671     0.400000        97331         1.67
   18808.831     0.500000       121786         2.00
   19709.951     0.550000       133995         2.22
   20676.607     0.600000       146015         2.50
   21643.263     0.650000       158166         2.86
   22577.151     0.700000       170290         3.33
   23511.039     0.750000       182589         4.00
   23969.791     0.775000       188538         4.44
   24428.543     0.800000       194806         5.00
   24854.527     0.825000       200781         5.71
   25296.895     0.850000       206874         6.67
   25739.263     0.875000       212966         8.00
   25952.255     0.887500       215941         8.89
   26181.631     0.900000       219098        10.00
   26411.007     0.912500       222139        11.43
   26640.383     0.925000       225144        13.33
   26869.759     0.937500       228172        16.00
   26984.447     0.943750       229673        17.78
   27099.135     0.950000       231118        20.00
   27213.823     0.956250       232636        22.86
   27344.895     0.962500       234155        26.67
   27492.351     0.968750       235825        32.00
   27557.887     0.971875       236584        35.56
   27623.423     0.975000       237373        40.00
   27672.575     0.978125       237970        45.71
   27738.111     0.981250       238773        53.33
   27803.647     0.984375       239540        64.00
   27836.415     0.985938       239908        71.11
   27869.183     0.987500       240264        80.00
   27901.951     0.989062       240655        91.43
   27934.719     0.990625       241067       106.67
   27967.487     0.992188       241487       128.00
   27983.871     0.992969       241689       142.22
   28000.255     0.993750       241882       160.00
   28016.639     0.994531       242082       182.86
   28033.023     0.995313       242290       213.33
   28049.407     0.996094       242489       256.00
   28049.407     0.996484       242489       284.44
   28065.791     0.996875       242683       320.00
   28065.791     0.997266       242683       365.71
   28082.175     0.997656       242890       426.67
   28082.175     0.998047       242890       512.00
   28082.175     0.998242       242890       568.89
   28082.175     0.998437       242890       640.00
   28098.559     0.998633       243054       731.43
   28098.559     0.998828       243054       853.33
   28098.559     0.999023       243054      1024.00
   28098.559     0.999121       243054      1137.78
   28114.943     0.999219       243170      1280.00
   28114.943     0.999316       243170      1462.86
   28114.943     0.999414       243170      1706.67
   28114.943     0.999512       243170      2048.00
   28114.943     0.999561       243170      2275.56
   28114.943     0.999609       243170      2560.00
   28131.327     0.999658       243231      2925.71
   28131.327     0.999707       243231      3413.33
   28131.327     0.999756       243231      4096.00
   28131.327     0.999780       243231      4551.11
   28131.327     0.999805       243231      5120.00
   28131.327     0.999829       243231      5851.43
   28131.327     0.999854       243231      6826.67
   28131.327     0.999878       243231      8192.00
   28147.711     0.999890       243258      9102.22
   28147.711     1.000000       243258          inf
#[Mean    =    18764.360, StdDeviation   =     5413.645]
#[Max     =    28131.328, Total count    =       243258]
#[Buckets =           27, SubBuckets     =         2048]
----------------------------------------------------------
  367497 requests in 30.00s, 4.88GB read
Requests/sec:  12249.52
Transfer/sec:    166.58MB
WRKX_RESULT {"durationUs":30000921,"requests":367497,"responses":367497,"errors":0,"bytes":5240196739,"latencyAvgUs":18764359.760,"latencyP95Us":27099135.000,"latencyP99Us":27918335.000}
