Running 30s test @ http://localhost:9991/postgres/orders
  16 threads and 256 connections
  Thread calibration: mean lat.: 3498.833ms, rate sampling interval: 12820ms
  Thread calibration: mean lat.: 3497.056ms, rate sampling interval: 12812ms
  Thread calibration: mean lat.: 3500.955ms, rate sampling interval: 12828ms
  Thread calibration: mean lat.: 3500.709ms, rate sampling interval: 12820ms
  Thread calibration: mean lat.: 3499.290ms, rate sampling interval: 12812ms
  Thread calibration: mean lat.: 3499.677ms, rate sampling interval: 12812ms
  Thread calibration: mean lat.: 3502.912ms, rate sampling interval: 12820ms
  Thread calibration: mean lat.: 3497.988ms, rate sampling interval: 12820ms
  Thread calibration: mean lat.: 3498.184ms, rate sampling interval: 12820ms
  Thread calibration: mean lat.: 3500.647ms, rate sampling interval: 12828ms
  Thread calibration: mean lat.: 3495.824ms, rate sampling interval: 12812ms
  Thread calibration: mean lat.: 3499.199ms, rate sampling interval: 12812ms
  Thread calibration: mean lat.: 3500.518ms, rate sampling interval: 12820ms
  Thread calibration: mean lat.: 3506.072ms, rate sampling interval: 12828ms
  Thread calibration: mean lat.: 3502.647ms, rate sampling interval: 12820ms
  Thread calibration: mean lat.: 3505.512ms, rate sampling interval: 12828ms
  Thread Stats   Avg      Stdev     Max   +/- Stdev
    Latency    14.42s     3.99s   21.25s    58.58%
    Req/Sec   727.00      0.00   727.00    100.00%
  Latency Distribution (HdrHistogram - Recorded Latency)
 50.000%   14.48s 
 75.000%   17.86s 
 90.000%   19.87s 
 99.000%   21.09s 
 99.900%   21.22s 
 99.990%   21.23s 
 99.999%   21.25s 
100.000%   21.27s 

  Detailed Percentile spectrum:
       Value   Percentile   TotalCount 1/(1-Percentile)

    7172.095     0.000000            2         1.00
    8757.247     0.100000        23677         1.11
   10346.495     0.200000        47224         1.25
   11796.479     0.300000        70820         1.43
   13148.159     0.400000        94433         1.67
   14483.455     0.500000       118009         2.00
   15163.391     0.550000       129778         2.22
   15843.327     0.600000       141603         2.50
   16523.263     0.650000       153331         2.86
   17170.431     0.700000       165203         3.33
   17858.559     0.750000       177056         4.00
   18202.623     0.775000       182977         4.44
   18546.687     0.800000       188654         5.00
   18923.519     0.825000       194789         5.71
   19234.815     0.850000       200518         6.67
   19546.111     0.875000       206388         8.00
   19709.951     0.887500       209420         8.89
   19873.791     0.900000       212442        10.00
   20037.631     0.912500       215321        11.43
   20201.471     0.925000       218309        13.33
   20365.311     0.937500       221058        16.00
   20463.615     0.943750       222798        17.78
   20545.535     0.950000       224254        20.00
   20627.455     0.956250       225604        22.86
   20709.375     0.962500       226954        26.67
   20807.679     0.968750       228577        32.00
   20856.831     0.971875       229421        35.56
   20889.599     0.975000       230001        40.00
   20938.751     0.978125       230852        45.71
   20971.519     0.981250       231457        53.33
   21020.671     0.984375       232325        64.00
   21037.055     0.985938       232623        71.11
   21053.439     0.987500       232931        80.00
   21069.823     0.989062       233228        91.43
   21102.591     0.990625       233807       106.67
   21118.975     0.992188       234103       128.00
   21135.359     0.992969       234391       142.22
   21135.359     0.993750       234391       160.00
   21151.743     0.994531       234671       182.86
   21168.127     0.995313       234955       213.33
   21168.127     0.996094       234955       256.00
   21184.511     0.996484       235242       284.44
   21184.511     0.996875       235242       320.00
   21184.511     0.997266       235242       365.71
   21184.511     0.997656       235242       426.67
   21200.895     0.998047       235522       512.00
   21200.895     0.998242       235522       568.89
   21200.895     0.998437       235522       640.00
   21200.895     0.998633       235522       731.43
   21200.895     0.998828       235522       853.33
   21217.279     0.999023       235704      1024.00
   21217.279     0.999121       235704      1137.78
   21217.279     0.999219       235704      1280.00
   21217.279     0.999316       235704      1462.86
   21217.279     0.999414       235704      1706.67
   21217.279     0.999512       235704      2048.00
   21217.279     0.999561       235704      2275.56
   21217.279     0.999609       235704      2560.00
   21233.663     0.999658       235775      2925.71
   21233.663     0.999707       235775      3413.33
   21233.663     0.999756       235775      4096.00
   21233.663     0.999780       235775      4551.11
   21233.663     0.999805       235775      5120.00
   21233.663     0.999829       235775      5851.43
   21233.663     0.999854       235775      6826.67
   21233.663     0.999878       235775      8192.00
   21233.663     0.999890       235775      9102.22
   21233.663     0.999902       235775     10240.00
   21233.663     0.999915       235775     11702.86
   21233.663     0.999927       235775     13653.33
   21233.663     0.999939       235775     16384.00
   21233.663     0.999945       235775     18204.44
   21250.047     0.999951       235785     20480.00
   21250.047     0.999957       235785     23405.71
   21250.047     0.999963       235785     27306.67
   21250.047     0.999969       235785     32768.00
   21250.047     0.999973       235785     36408.89
   21250.047     0.999976       235785     40960.00
   21250.047     0.999979       235785     46811.43
   21250.047     0.999982       235785     54613.33
   21250.047     0.999985       235785     65536.00
   21250.047     0.999986       235785     72817.78
   21250.047     0.999988       235785     81920.00
   21250.047     0.999989       235785     93622.86
   21250.047     0.999991       235785    109226.67
   21266.431     0.999992       235787    131072.00
   21266.431     1.000000       235787          inf
#[Mean    =    14415.388, StdDeviation   =     3991.419]
#[Max     =    21250.048, Total count    =       235787]
#[Buckets =           27, SubBuckets     =         2048]
----------------------------------------------------------
  349907 requests in 30.00s, 4.65GB read
Requests/sec:  11662.86
Transfer/sec:    158.60MB
WRKX_RESULT {"durationUs":30001809,"requests":349907,"responses":349907,"errors":0,"bytes":4989352419,"latencyAvgUs":14415388.340,"latencyP95Us":20545535.000,"latencyP99Us":21086207.000}
