Running 30s test @ http://localhost:9991/postgres/orders
  16 threads and 256 connections
  Thread calibration: mean lat.: 1948.760ms, rate sampling interval: 7032ms
  Thread calibration: mean lat.: 1944.758ms, rate sampling interval: 7020ms
  Thread calibration: mean lat.: 1950.023ms, rate sampling interval: 7032ms
  Thread calibration: mean lat.: 1946.712ms, rate sampling interval: 7032ms
  Thread calibration: mean lat.: 1945.141ms, rate sampling interval: 7032ms
  Thread calibration: mean lat.: 1944.793ms, rate sampling interval: 7020ms
  Thread calibration: mean lat.: 1946.278ms, rate sampling interval: 7028ms
  Thread calibration: mean lat.: 1951.733ms, rate sampling interval: 7041ms
  Thread calibration: mean lat.: 1948.593ms, rate sampling interval: 7041ms
  Thread calibration: mean lat.: 1950.931ms, rate sampling interval: 7045ms
  Thread calibration: mean lat.: 1949.294ms, rate sampling interval: 7036ms
  Thread calibration: mean lat.: 1949.432ms, rate sampling interval: 7041ms
  Thread calibration: mean lat.: 1943.544ms, rate sampling interval: 7020ms
  Thread calibration: mean lat.: 1952.137ms, rate sampling interval: 7045ms
  Thread calibration: mean lat.: 1945.176ms, rate sampling interval: 7036ms
  Thread calibration: mean lat.: 1947.006ms, rate sampling interval: 7028ms
  Thread Stats   Avg      Stdev     Max   +/- Stdev
    Latency     7.67s     2.24s   11.63s    57.14%
    Req/Sec   769.28      7.74   778.00    100.00%
  Latency Distribution (HdrHistogram - Recorded Latency)
 50.000%    7.63s 
 75.000%    9.61s 
 90.000%   10.81s 
 99.000%   11.52s 
 99.900%   11.58s 
 99.990%   11.61s 
 99.999%   11.63s 
100.000%   11.64s 

  Detailed Percentile spectrum:
       Value   Percentile   TotalCount 1/(1-Percentile)

    3860.479     0.000000            2         1.00
    4620.287     0.100000        24488         1.11
    5337.087     0.200000        48953         1.25
    6070.271     0.300000        73381         1.43
    6868.991     0.400000        97829         1.67
    7634.943     0.500000       122322         2.00
    8060.927     0.550000       134508         2.22
    8445.951     0.600000       146674         2.50
    8822.783     0.650000       158908         2.86
    9224.191     0.700000       171221         3.33
    9609.215     0.750000       183392         4.00
    9822.207     0.775000       189542         4.44
   10027.007     0.800000       195727         5.00
   10231.807     0.825000       201715         5.71
   10444.799     0.850000       208004         6.67
   10625.023     0.875000       213913         8.00
   10723.327     0.887500       217085         8.89
   10813.439     0.900000       220230        10.00
   10895.359     0.912500       223101        11.43
   10993.663     0.925000       226252        13.33
   11100.159     0.937500       229331        16.00
   11149.311     0.943750       230728        17.78
   11206.655     0.950000       232402        20.00
   11255.807     0.956250       233886        22.86
   11304.959     0.962500       235482        26.67
   11345.919     0.968750       236824        32.00
   11370.495     0.971875       237622        35.56
   11395.071     0.975000       238429        40.00
   11419.647     0.978125       239251        45.71
   11444.223     0.981250       240002        53.33
   11468.799     0.984375       240720        64.00
   11485.183     0.985938       241224        71.11
   11493.375     0.987500       241482        80.00
   11509.759     0.989062       242003        91.43
   11517.951     0.990625       242277       106.67
   11526.143     0.992188       242556       128.00
   11534.335     0.992969       242834       142.22
   11542.527     0.993750       243116       160.00
   11550.719     0.994531       243392       182.86
   11550.719     0.995313       243392       213.33
   11558.911     0.996094       243657       256.00
   11558.911     0.996484       243657       284.44
   11567.103     0.996875       243892       320.00
   11567.103     0.997266       243892       365.71
   11567.103     0.997656       243892       426.67
   11575.295     0.998047       244091       512.00
   11575.295     0.998242       244091       568.89
   11575.295     0.998437       244091       640.00
   11583.487     0.998633       244245       731.43
   11583.487     0.998828       244245       853.33
   11583.487     0.999023       244245      1024.00
   11583.487     0.999121       244245      1137.78
   11591.679     0.999219       244345      1280.00
   11591.679     0.999316       244345      1462.86
   11591.679     0.999414       244345      1706.67
   11591.679     0.999512       244345      2048.00
   11599.871     0.999561       244402      2275.56
   11599.871     0.999609       244402      2560.00
   11599.871     0.999658       244402      2925.71
   11599.871     0.999707       244402      3413.33
   11599.871     0.999756       244402      4096.00
   11599.871     0.999780       244402      4551.11
   11608.063     0.999805       244431      5120.00
   11608.063     0.999829       244431      5851.43
   11608.063     0.999854       244431      6826.67
   11608.063     0.999878       244431      8192.00
   11608.063     0.999890       244431      9102.22
   11608.063     0.999902       244431     10240.00
   11616.255     0.999915       244446     11702.86
   11616.255     0.999927       244446     13653.33
   11616.255     0.999939       244446     16384.00
   11616.255     0.999945       244446     18204.44
   11616.255     0.999951       244446     20480.00
   11616.255     0.999957       244446     23405.71
   11616.255     0.999963       244446     27306.67
   11616.255     0.999969       244446     32768.00
   11624.447     0.999973       244450     36408.89
   11624.447     0.999976       244450     40960.00
   11624.447     0.999979       244450     46811.43
   11624.447     0.999982       244450     54613.33
   11624.447     0.999985       244450     65536.00
   11624.447     0.999986       244450     72817.78
   11632.639     0.999988       244452     81920.00
   11632.639     0.999989       244452     93622.86
   11632.639     0.999991       244452    109226.67
   11632.639     0.999992       244452    131072.00
   11632.639     0.999993       244452    145635.56
   11632.639     0.999994       244452    163840.00
   11632.639     0.999995       244452    187245.71
   11632.639     0.999995       244452    218453.33
   11640.831     0.999996       244453    262144.00
   11640.831     1.000000       244453          inf
#[Mean    =     7674.724, StdDeviation   =     2241.818]
#[Max     =    11632.640, Total count    =       244453]
#[Buckets =           27, SubBuckets     =         2048]
----------------------------------------------------------
  367701 requests in 30.00s, 4.88GB read
Requests/sec:  12256.36
Transfer/sec:    166.67MB
WRKX_RESULT {"durationUs":30000835,"requests":367701,"responses":367701,"errors":0,"bytes":5243077224,"latencyAvgUs":7674723.974,"latencyP95Us":11206655.000,"latencyP99Us":11517951.000}
