Running 30s test @ http://localhost:9991/postgres/orders
  16 threads and 256 connections
  Thread calibration: mean lat.: 3.923ms, rate sampling interval: 12ms
  Thread calibration: mean lat.: 3.916ms, rate sampling interval: 12ms
  Thread calibration: mean lat.: 3.861ms, rate sampling interval: 12ms
  Thread calibration: mean lat.: 3.898ms, rate sampling interval: 12ms
  Thread calibration: mean lat.: 3.879ms, rate sampling interval: 12ms
  Thread calibration: mean lat.: 3.927ms, rate sampling interval: 12ms
  Thread calibration: mean lat.: 3.929ms, rate sampling interval: 12ms
  Thread calibration: mean lat.: 3.872ms, rate sampling interval: 12ms
  Thread calibration: mean lat.: 3.870ms, rate sampling interval: 12ms
  Thread calibration: mean lat.: 3.924ms, rate sampling interval: 12ms
  Thread calibration: mean lat.: 3.872ms, rate sampling interval: 12ms
  Thread calibration: mean lat.: 3.841ms, rate sampling interval: 12ms
  Thread calibration: mean lat.: 3.897ms, rate sampling interval: 12ms
  Thread calibration: mean lat.: 3.905ms, rate sampling interval: 12ms
  Thread calibration: mean lat.: 3.766ms, rate sampling interval: 10ms
  Thread calibration: mean lat.: 3.997ms, rate sampling interval: 12ms
  Thread Stats   Avg      Stdev     Max   +/- Stdev
    Latency     4.03ms    2.08ms  31.17ms   78.83%
    Req/Sec   652.54    238.01     1.78k    89.17%
  Latency Distribution (HdrHistogram - Recorded Latency)
 50.000%    3.56ms
 75.000%    4.93ms
 90.000%    6.47ms
 99.000%   11.69ms
 99.900%   17.61ms
 99.990%   21.50ms
 99.999%   28.77ms
100.000%   31.18ms

  Detailed Percentile spectrum:
       Value   Percentile   TotalCount 1/(1-Percentile)

       0.983     0.000000            1         1.00
       2.015     0.100000        19961         1.11
       2.429     0.200000        39887         1.25
       2.797     0.300000        59822         1.43
       3.167     0.400000        79696         1.67
       3.561     0.500000        99643         2.00
       3.779     0.550000       109591         2.22
       4.021     0.600000       119575         2.50
       4.283     0.650000       129487         2.86
       4.587     0.700000       139519         3.33
       4.931     0.750000       149439         4.00
       5.119     0.775000       154389         4.44
       5.323     0.800000       159415         5.00
       5.543     0.825000       164391         5.71
       5.803     0.850000       169379         6.67
       6.111     0.875000       174351         8.00
       6.275     0.887500       176823         8.89
       6.471     0.900000       179269        10.00
       6.687     0.912500       181776        11.43
       6.959     0.925000       184258        13.33
       7.303     0.937500       186753        16.00
       7.503     0.943750       188003        17.78
       7.727     0.950000       189239        20.00
       7.995     0.956250       190477        22.86
       8.343     0.962500       191729        26.67
       8.791     0.968750       192964        32.00
       9.087     0.971875       193592        35.56
       9.399     0.975000       194218        40.00
       9.767     0.978125       194835        45.71
      10.143     0.981250       195456        53.33
      10.591     0.984375       196083        64.00
      10.839     0.985938       196390        71.11
      11.135     0.987500       196703        80.00
      11.463     0.989062       197011        91.43
      11.855     0.990625       197323       106.67
      12.335     0.992188       197631       128.00
      12.639     0.992969       197792       142.22
      12.943     0.993750       197946       160.00
      13.303     0.994531       198098       182.86
      13.679     0.995313       198255       213.33
      14.215     0.996094       198410       256.00
      14.479     0.996484       198487       284.44
      14.807     0.996875       198565       320.00
      15.167     0.997266       198643       365.71
      15.519     0.997656       198721       426.67
      16.031     0.998047       198799       512.00
      16.287     0.998242       198837       568.89
      16.591     0.998437       198876       640.00
      16.991     0.998633       198916       731.43
      17.295     0.998828       198955       853.33
      17.663     0.999023       198993      1024.00
      17.871     0.999121       199014      1137.78
      18.031     0.999219       199034      1280.00
      18.303     0.999316       199051      1462.86
      18.559     0.999414       199071      1706.67
      18.767     0.999512       199090      2048.00
      18.895     0.999561       199100      2275.56
      19.135     0.999609       199110      2560.00
      19.391     0.999658       199119      2925.71
      19.775     0.999707       199130      3413.33
      20.255     0.999756       199139      4096.00
      20.447     0.999780       199144      4551.11
      20.543     0.999805       199149      5120.00
      20.735     0.999829       199153      5851.43
      20.863     0.999854       199158      6826.67
      21.231     0.999878       199163      8192.00
      21.455     0.999890       199166      9102.22
      21.503     0.999902       199168     10240.00
      22.031     0.999915       199170     11702.86
      23.087     0.999927       199173     13653.33
      23.551     0.999939       199175     16384.00
      23.807     0.999945       199177     18204.44
      24.175     0.999951       199178     20480.00
      24.271     0.999957       199179     23405.71
      24.495     0.999963       199180     27306.67
      24.799     0.999969       199181     32768.00
      26.463     0.999973       199182     36408.89
      26.639     0.999976       199183     40960.00
      26.639     0.999979       199183     46811.43
      28.639     0.999982       199184     54613.33
      28.639     0.999985       199184     65536.00
      28.767     0.999986       199185     72817.78
      28.767     0.999988       199185     81920.00
      28.767     0.999989       199185     93622.86
      30.031     0.999991       199186    109226.67
      30.031     0.999992       199186    131072.00
      30.031     0.999993       199186    145635.56
      30.031     0.999994       199186    163840.00
      30.031     0.999995       199186    187245.71
      31.183     0.999995       199187    218453.33
      31.183     1.000000       199187          inf
#[Mean    =        4.033, StdDeviation   =        2.077]
#[Max     =       31.168, Total count    =       199187]
#[Buckets =           27, SubBuckets     =         2048]
----------------------------------------------------------
  299109 requests in 30.01s, 3.97GB read
Requests/sec:   9968.61
Transfer/sec:    135.56MB
WRKX_RESULT {"durationUs":30005089,"requests":299109,"responses":299109,"errors":0,"bytes":4265024053,"latencyAvgUs":4032.731,"latencyP95Us":7727.000,"latencyP99Us":11695.000}
