Running 30s test @ http://localhost:9991/postgres/orders
  16 threads and 256 connections
  Thread calibration: mean lat.: 2.334ms, rate sampling interval: 10ms
  Thread calibration: mean lat.: 2.300ms, rate sampling interval: 10ms
  Thread calibration: mean lat.: 2.328ms, rate sampling interval: 10ms
  Thread calibration: mean lat.: 2.305ms, rate sampling interval: 10ms
  Thread calibration: mean lat.: 2.321ms, rate sampling interval: 10ms
  Thread calibration: mean lat.: 2.313ms, rate sampling interval: 10ms
  Thread calibration: mean lat.: 2.331ms, rate sampling interval: 10ms
  Thread calibration: mean lat.: 2.313ms, rate sampling interval: 10ms
  Thread calibration: mean lat.: 2.318ms, rate sampling interval: 10ms
  Thread calibration: mean lat.: 2.324ms, rate sampling interval: 10ms
  Thread calibration: mean lat.: 2.323ms, rate sampling interval: 10ms
  Thread calibration: mean lat.: 2.315ms, rate sampling interval: 10ms
  Thread calibration: mean lat.: 2.311ms, rate sampling interval: 10ms
  Thread calibration: mean lat.: 2.391ms, rate sampling interval: 10ms
  Thread calibration: mean lat.: 2.359ms, rate sampling interval: 10ms
  Thread calibration: mean lat.: 2.390ms, rate sampling interval: 10ms
  Thread Stats   Avg      Stdev     Max   +/- Stdev
    Latency     2.38ms  727.07us   6.69ms   75.01%
    Req/Sec   164.52    107.76   444.00     65.99%
  Latency Distribution (HdrHistogram - Recorded Latency)
 50.000%    2.26ms
 75.000%    2.67ms
 90.000%    3.33ms
 99.000%    4.74ms
 99.900%    5.47ms
 99.990%    6.32ms
 99.999%    6.70ms
100.000%    6.70ms

  Detailed Percentile spectrum:
       Value   Percentile   TotalCount 1/(1-Percentile)

       0.803     0.000000            1         1.00
       1.602     0.100000         4981         1.11
       1.807     0.200000         9966         1.25
       1.970     0.300000        14940         1.43
       2.117     0.400000        19984         1.67
       2.257     0.500000        24928         2.00
       2.327     0.550000        27436         2.22
       2.397     0.600000        29886         2.50
       2.479     0.650000        32409         2.86
       2.567     0.700000        34884         3.33
       2.675     0.750000        37342         4.00
       2.739     0.775000        38588         4.44
       2.811     0.800000        39844         5.00
       2.897     0.825000        41090         5.71
       3.001     0.850000        42330         6.67
       3.137     0.875000        43579         8.00
       3.227     0.887500        44185         8.89
       3.331     0.900000        44809        10.00
       3.443     0.912500        45428        11.43
       3.583     0.925000        46059        13.33
       3.747     0.937500        46675        16.00
       3.833     0.943750        46988        17.78
       3.915     0.950000        47296        20.00
       4.019     0.956250        47611        22.86
       4.115     0.962500        47928        26.67
       4.239     0.968750        48236        32.00
       4.299     0.971875        48387        35.56
       4.367     0.975000        48540        40.00
       4.431     0.978125        48705        45.71
       4.495     0.981250        48860        53.33
       4.567     0.984375        49008        64.00
       4.619     0.985938        49087        71.11
       4.663     0.987500        49164        80.00
       4.715     0.989062        49240        91.43
       4.771     0.990625        49323       106.67
       4.835     0.992188        49399       128.00
       4.863     0.992969        49434       142.22
       4.899     0.993750        49474       160.00
       4.959     0.994531        49514       182.86
       5.007     0.995313        49551       213.33
       5.071     0.996094        49590       256.00
       5.095     0.996484        49609       284.44
       5.143     0.996875        49629       320.00
       5.191     0.997266        49649       365.71
       5.251     0.997656        49669       426.67
       5.299     0.998047        49688       512.00
       5.331     0.998242        49697       568.89
       5.363     0.998437        49708       640.00
       5.403     0.998633        49717       731.43
       5.439     0.998828        49726       853.33
       5.487     0.999023        49736      1024.00
       5.527     0.999121        49741      1137.78
       5.555     0.999219        49746      1280.00
       5.587     0.999316        49750      1462.86
       5.607     0.999414        49755      1706.67
       5.667     0.999512        49760      2048.00
       5.707     0.999561        49763      2275.56
       5.731     0.999609        49765      2560.00
       5.843     0.999658        49767      2925.71
       5.935     0.999707        49770      3413.33
       6.027     0.999756        49772      4096.00
       6.079     0.999780        49774      4551.11
       6.151     0.999805        49775      5120.00
       6.175     0.999829        49776      5851.43
       6.243     0.999854        49777      6826.67
       6.299     0.999878        49778      8192.00
       6.315     0.999890        49780      9102.22
       6.315     0.999902        49780     10240.00
       6.315     0.999915        49780     11702.86
       6.319     0.999927        49781     13653.33
       6.319     0.999939        49781     16384.00
       6.623     0.999945        49782     18204.44
       6.623     0.999951        49782     20480.00
       6.623     0.999957        49782     23405.71
       6.691     0.999963        49783     27306.67
       6.691     0.999969        49783     32768.00
       6.691     0.999973        49783     36408.89
       6.691     0.999976        49783     40960.00
       6.691     0.999979        49783     46811.43
       6.695     0.999982        49784     54613.33
       6.695     1.000000        49784          inf
#[Mean    =        2.379, StdDeviation   =        0.727]
#[Max     =        6.692, Total count    =        49784]
#[Buckets =           27, SubBuckets     =         2048]
----------------------------------------------------------
  75024 requests in 30.01s, 1.00GB read
Requests/sec:   2500.26
Transfer/sec:     34.00MB
WRKX_RESULT {"durationUs":30006436,"requests":75024,"responses":75024,"errors":0,"bytes":1069767216,"latencyAvgUs":2378.707,"latencyP95Us":3915.000,"latencyP99Us":4743.000}
