Running 30s test @ http://localhost:9991/postgres/orders
  16 threads and 256 connections
  Thread calibration: mean lat.: 3780.744ms, rate sampling interval: 13680ms
  Thread calibration: mean lat.: 3785.488ms, rate sampling interval: 13680ms
  Thread calibration: mean lat.: 3781.005ms, rate sampling interval: 13672ms
  Thread calibration: mean lat.: 3783.603ms, rate sampling interval: 13672ms
  Thread calibration: mean lat.: 3786.592ms, rate sampling interval: 13672ms
  Thread calibration: mean lat.: 3784.606ms, rate sampling interval: 13680ms
  Thread calibration: mean lat.: 3779.408ms, rate sampling interval: 13672ms
  Thread calibration: mean lat.: 3781.693ms, rate sampling interval: 13672ms
  Thread calibration: mean lat.: 3785.265ms, rate sampling interval: 13680ms
  Thread calibration: mean lat.: 3786.836ms, rate sampling interval: 13680ms
  Thread calibration: mean lat.: 3784.490ms, rate sampling interval: 13680ms
  Thread calibration: mean lat.: 3462.248ms, rate sampling interval: 12419ms
  Thread calibration: mean lat.: 3783.945ms, rate sampling interval: 13680ms
  Thread calibration: mean lat.: 3787.965ms, rate sampling interval: 13680ms
  Thread calibration: mean lat.: 3785.788ms, rate sampling interval: 13680ms
  Thread calibration: mean lat.: 3785.229ms, rate sampling interval: 13680ms
  Thread Stats   Avg      Stdev     Max   +/- Stdev
    Latency    15.13s     4.31s   22.56s    57.89%
    Req/Sec   764.88      0.48   765.00     93.75%
  Latency Distribution (HdrHistogram - Recorded Latency)
 50.000%   15.15s 
 75.000%   18.89s 
 90.000%   21.07s 
 99.000%   22.41s 
 99.900%   22.53s 
 99.990%   22.56s 
 99.999%   22.58s 
100.000%   22.58s 

  Detailed Percentile spectrum:
       Value   Percentile   TotalCount 1/(1-Percentile)

    6832.127     0.000000            1         1.00
    9134.079     0.100000        24680         1.11
   10665.983     0.200000        49246         1.25
   12197.887     0.300000        73800         1.43
   13680.639     0.400000        98509         1.67
   15147.007     0.500000       123051         2.00
   15900.671     0.550000       135399         2.22
   16646.143     0.600000       147730         2.50
   17383.423     0.650000       160101         2.86
   18120.703     0.700000       172431         3.33
   18890.751     0.750000       184764         4.00
   19251.199     0.775000       190743         4.44
   19628.031     0.800000       197059         5.00
   19988.479     0.825000       203169         5.71
   20348.927     0.850000       209235         6.67
   20709.375     0.875000       215446         8.00
   20889.599     0.887500       218522         8.89
   21069.823     0.900000       221539        10.00
   21250.047     0.912500       224545        11.43
   21446.655     0.925000       227811        13.33
   21626.879     0.937500       230779        16.00
   21708.799     0.943750       232195        17.78
   21807.103     0.950000       233775        20.00
   21905.407     0.956250       235333        22.86
   22003.711     0.962500       236903        26.67
   22102.015     0.968750       238514        32.00
   22151.167     0.971875       239286        35.56
   22200.319     0.975000       240090        40.00
   22233.087     0.978125       240673        45.71
   22282.239     0.981250       241531        53.33
   22331.391     0.984375       242404        64.00
   22347.775     0.985938       242677        71.11
   22364.159     0.987500       242943        80.00
   22396.927     0.989062       243533        91.43
   22413.311     0.990625       243821       106.67
   22429.695     0.992188       244090       128.00
   22446.079     0.992969       244368       142.22
   22462.463     0.993750       244650       160.00
   22478.847     0.994531       244949       182.86
   22478.847     0.995313       244949       213.33
   22495.231     0.996094       245238       256.00
   22495.231     0.996484       245238       284.44
   22495.231     0.996875       245238       320.00
   22511.615     0.997266       245521       365.71
   22511.615     0.997656       245521       426.67
   22511.615     0.998047       245521       512.00
   22527.999     0.998242       245774       568.89
   22527.999     0.998437       245774       640.00
   22527.999     0.998633       245774       731.43
   22527.999     0.998828       245774       853.33
   22527.999     0.999023       245774      1024.00
   22544.383     0.999121       245932      1137.78
   22544.383     0.999219       245932      1280.00
   22544.383     0.999316       245932      1462.86
   22544.383     0.999414       245932      1706.67
   22544.383     0.999512       245932      2048.00
   22544.383     0.999561       245932      2275.56
   22544.383     0.999609       245932      2560.00
   22544.383     0.999658       245932      2925.71
   22544.383     0.999707       245932      3413.33
   22560.767     0.999756       245991      4096.00
   22560.767     0.999780       245991      4551.11
   22560.767     0.999805       245991      5120.00
   22560.767     0.999829       245991      5851.43
   22560.767     0.999854       245991      6826.67
   22560.767     0.999878       245991      8192.00
   22560.767     0.999890       245991      9102.22
   22560.767     0.999902       245991     10240.00
   22560.767     0.999915       245991     11702.86
   22560.767     0.999927       245991     13653.33
   22560.767     0.999939       245991     16384.00
   22560.767     0.999945       245991     18204.44
   22560.767     0.999951       245991     20480.00
   22560.767     0.999957       245991     23405.71
   22560.767     0.999963       245991     27306.67
   22577.151     0.999969       246000     32768.00
   22577.151     1.000000       246000          inf
#[Mean    =    15127.193, StdDeviation   =     4313.510]
#[Max     =    22560.768, Total count    =       246000]
#[Buckets =           27, SubBuckets     =         2048]
----------------------------------------------------------
  370441 requests in 30.00s, 4.92GB read
Requests/sec:  12347.45
Transfer/sec:    167.91MB
WRKX_RESULT {"durationUs":30001426,"requests":370441,"responses":370441,"errors":0,"bytes":5282118219,"latencyAvgUs":15127192.792,"latencyP95Us":21807103.000,"latencyP99Us":22413311.000}
