Running 30s test @ http://localhost:9991/
  16 threads and 256 connections
  Thread calibration: mean lat.: 47.482ms, rate sampling interval: 260ms
  Thread calibration: mean lat.: 52.034ms, rate sampling interval: 339ms
  Thread calibration: mean lat.: 74.495ms, rate sampling interval: 472ms
  Thread calibration: mean lat.: 54.778ms, rate sampling interval: 332ms
  Thread calibration: mean lat.: 49.092ms, rate sampling interval: 291ms
  Thread calibration: mean lat.: 61.021ms, rate sampling interval: 421ms
  Thread calibration: mean lat.: 49.872ms, rate sampling interval: 325ms
  Thread calibration: mean lat.: 78.388ms, rate sampling interval: 561ms
  Thread calibration: mean lat.: 82.705ms, rate sampling interval: 566ms
  Thread calibration: mean lat.: 62.275ms, rate sampling interval: 378ms
  Thread calibration: mean lat.: 47.804ms, rate sampling interval: 320ms
  Thread calibration: mean lat.: 55.239ms, rate sampling interval: 340ms
  Thread calibration: mean lat.: 62.054ms, rate sampling interval: 379ms
  Thread calibration: mean lat.: 49.040ms, rate sampling interval: 304ms
  Thread calibration: mean lat.: 67.433ms, rate sampling interval: 440ms
  Thread calibration: mean lat.: 69.474ms, rate sampling interval: 443ms
  Thread Stats   Avg      Stdev     Max   +/- Stdev
    Latency    71.29ms  143.63ms   1.77s    89.70%
    Req/Sec     4.65k   321.71     6.28k    74.30%
  Latency Distribution (HdrHistogram - Recorded Latency)
 50.000%    8.95ms
 75.000%   69.69ms
 90.000%  220.93ms
 99.000%  725.50ms
 99.900%    1.16s 
 99.990%    1.50s 
 99.999%    1.77s 
100.000%    1.77s 

  Detailed Percentile spectrum:
       Value   Percentile   TotalCount 1/(1-Percentile)

       0.149     0.000000            1         1.00
       1.309     0.100000       148141         1.11
       1.947     0.200000       295986         1.25
       2.807     0.300000       444045         1.43
       4.391     0.400000       592077         1.67
       8.951     0.500000       739982         2.00
      13.823     0.550000       813977         2.22
      21.199     0.600000       887961         2.50
      32.799     0.650000       962013         2.86
      49.599     0.700000      1036027         3.33
      69.695     0.750000      1110072         4.00
      83.519     0.775000      1146948         4.44
     100.671     0.800000      1184008         5.00
     123.007     0.825000      1220922         5.71
     149.119     0.850000      1257883         6.67
     179.455     0.875000      1294919         8.00
     198.399     0.887500      1313437         8.89
     220.927     0.900000      1331941        10.00
     247.295     0.912500      1350409        11.43
     276.991     0.925000      1368920        13.33
     313.087     0.937500      1387473        16.00
     334.591     0.943750      1396631        17.78
     357.631     0.950000      1405894        20.00
     383.487     0.956250      1415141        22.86
     416.511     0.962500      1424375        26.67
     453.119     0.968750      1433667        32.00
     473.855     0.971875      1438248        35.56
     497.151     0.975000      1442904        40.00
     525.311     0.978125      1447489        45.71
     565.247     0.981250      1452146        53.33
     613.375     0.984375      1456790        64.00
     641.535     0.985938      1459073        71.11
     666.623     0.987500      1461385        80.00
     701.439     0.989062      1463675        91.43
     740.351     0.990625      1466013       106.67
     786.943     0.992188      1468302       128.00
     814.591     0.992969      1469462       142.22
     839.167     0.993750      1470613       160.00
     862.207     0.994531      1471778       182.86
     889.855     0.995313      1472932       213.33
     919.551     0.996094      1474100       256.00
     936.959     0.996484      1474658       284.44
     954.879     0.996875      1475241       320.00
     986.623     0.997266      1475812       365.71
    1016.831     0.997656      1476390       426.67
    1053.695     0.998047      1476987       512.00
    1075.199     0.998242      1477262       568.89
    1094.655     0.998437      1477560       640.00
    1117.183     0.998633      1477836       731.43
    1138.687     0.998828      1478132       853.33
    1158.143     0.999023      1478415      1024.00
    1175.551     0.999121      1478570      1137.78
    1195.007     0.999219      1478702      1280.00
    1213.439     0.999316      1478850      1462.86
    1233.919     0.999414      1478990      1706.67
    1260.543     0.999512      1479141      2048.00
    1273.855     0.999561      1479213      2275.56
    1285.119     0.999609      1479280      2560.00
    1295.359     0.999658      1479353      2925.71
    1316.863     0.999707      1479426      3413.33
    1337.343     0.999756      1479496      4096.00
    1360.895     0.999780      1479532      4551.11
    1409.023     0.999805      1479573      5120.00
    1432.575     0.999829      1479606      5851.43
    1471.487     0.999854      1479644      6826.67
    1479.679     0.999878      1479677      8192.00
    1498.111     0.999890      1479695      9102.22
    1505.279     0.999902      1479714     10240.00
    1541.119     0.999915      1479732     11702.86
    1601.535     0.999927      1479749     13653.33
    1648.639     0.999939      1479769     16384.00
    1668.095     0.999945      1479776     18204.44
    1681.407     0.999951      1479785     20480.00
    1704.959     0.999957      1479794     23405.71
    1717.247     0.999963      1479803     27306.67
    1736.703     0.999969      1479813     32768.00
    1740.799     0.999973      1479819     36408.89
    1741.823     0.999976      1479821     40960.00
    1746.943     0.999979      1479827     46811.43
    1752.063     0.999982      1479830     54613.33
    1762.303     0.999985      1479836     65536.00
    1767.423     0.999986      1479838     72817.78
    1768.447     0.999988      1479841     81920.00
    1769.471     0.999989      1479846     93622.86
    1769.471     0.999991      1479846    109226.67
    1769.471     0.999992      1479846    131072.00
    1770.495     0.999993      1479849    145635.56
    1770.495     0.999994      1479849    163840.00
    1771.519     0.999995      1479850    187245.71
    1772.543     0.999995      1479852    218453.33
    1772.543     0.999996      1479852    262144.00
    1772.543     0.999997      1479852    291271.11
    1773.567     0.999997      1479854    327680.00
    1773.567     0.999997      1479854    374491.43
    1773.567     0.999998      1479854    436906.67
    1774.591     0.999998      1479857    524288.00
    1774.591     1.000000      1479857          inf
#[Mean    =       71.292, StdDeviation   =      143.634]
#[Max     =     1773.568, Total count    =      1479857]
#[Buckets =           27, SubBuckets     =         2048]
----------------------------------------------------------
  2230812 requests in 30.00s, 400.04MB read
  Socket errors: connect 0, read 726, write 0, timeout 0
Requests/sec:  74362.92
Transfer/sec:     13.33MB
WRKX_RESULT {"durationUs":29998985,"requests":2230812,"responses":2230812,"errors":726,"bytes":419468561,"latencyAvgUs":71292.374,"latencyP95Us":357631.000,"latencyP99Us":725503.000}
