Running 30s test @ http://localhost:9991/
  16 threads and 256 connections
  Thread calibration: mean lat.: 1.079ms, rate sampling interval: 10ms
  Thread calibration: mean lat.: 1.073ms, rate sampling interval: 10ms
  Thread calibration: mean lat.: 1.072ms, rate sampling interval: 10ms
  Thread calibration: mean lat.: 1.071ms, rate sampling interval: 10ms
  Thread calibration: mean lat.: 1.075ms, rate sampling interval: 10ms
  Thread calibration: mean lat.: 1.080ms, rate sampling interval: 10ms
  Thread calibration: mean lat.: 1.073ms, rate sampling interval: 10ms
  Thread calibration: mean lat.: 1.074ms, rate sampling interval: 10ms
  Thread calibration: mean lat.: 1.060ms, rate sampling interval: 10ms
  Thread calibration: mean lat.: 1.086ms, rate sampling interval: 10ms
  Thread calibration: mean lat.: 1.066ms, rate sampling interval: 10ms
  Thread calibration: mean lat.: 1.135ms, rate sampling interval: 10ms
  Thread calibration: mean lat.: 1.054ms, rate sampling interval: 10ms
  Thread calibration: mean lat.: 1.092ms, rate sampling interval: 10ms
  Thread calibration: mean lat.: 1.084ms, rate sampling interval: 10ms
  Thread calibration: mean lat.: 1.045ms, rate sampling interval: 10ms
  Thread Stats   Avg      Stdev     Max   +/- Stdev
    Latency     1.07ms  409.37us   4.63ms   66.49%
    Req/Sec   329.16    204.48     1.78k    81.15%
  Latency Distribution (HdrHistogram - Recorded Latency)
 50.000%    1.07ms
 75.000%    1.34ms
 90.000%    1.61ms
 99.000%    2.07ms
 99.900%    2.44ms
 99.990%    3.63ms
 99.999%    4.28ms
100.000%    4.64ms

  Detailed Percentile spectrum:
       Value   Percentile   TotalCount 1/(1-Percentile)

       0.160     0.000000            1         1.00
       0.540     0.100000        10008         1.11
       0.696     0.200000        19961         1.25
       0.830     0.300000        29905         1.43
       0.952     0.400000        39841         1.67
       1.065     0.500000        49820         2.00
       1.121     0.550000        54788         2.22
       1.178     0.600000        59810         2.50
       1.232     0.650000        64796         2.86
       1.286     0.700000        69725         3.33
       1.344     0.750000        74708         4.00
       1.377     0.775000        77208         4.44
       1.413     0.800000        79705         5.00
       1.453     0.825000        82193         5.71
       1.500     0.850000        84690         6.67
       1.553     0.875000        87148         8.00
       1.581     0.887500        88387         8.89
       1.614     0.900000        89649        10.00
       1.649     0.912500        90874        11.43
       1.688     0.925000        92147        13.33
       1.732     0.937500        93379        16.00
       1.757     0.943750        93992        17.78
       1.782     0.950000        94608        20.00
       1.812     0.956250        95243        22.86
       1.843     0.962500        95857        26.67
       1.878     0.968750        96479        32.00
       1.897     0.971875        96784        35.56
       1.920     0.975000        97106        40.00
       1.945     0.978125        97410        45.71
       1.973     0.981250        97720        53.33
       2.003     0.984375        98032        64.00
       2.019     0.985938        98185        71.11
       2.038     0.987500        98343        80.00
       2.057     0.989062        98499        91.43
       2.081     0.990625        98651       106.67
       2.107     0.992188        98807       128.00
       2.123     0.992969        98884       142.22
       2.139     0.993750        98964       160.00
       2.155     0.994531        99044       182.86
       2.175     0.995313        99119       213.33
       2.205     0.996094        99196       256.00
       2.225     0.996484        99237       284.44
       2.239     0.996875        99275       320.00
       2.263     0.997266        99316       365.71
       2.285     0.997656        99353       426.67
       2.315     0.998047        99393       512.00
       2.329     0.998242        99411       568.89
       2.353     0.998437        99430       640.00
       2.375     0.998633        99449       731.43
       2.397     0.998828        99468       853.33
       2.455     0.999023        99487      1024.00
       2.501     0.999121        99497      1137.78
       2.549     0.999219        99507      1280.00
       2.587     0.999316        99516      1462.86
       2.679     0.999414        99526      1706.67
       2.799     0.999512        99536      2048.00
       2.813     0.999561        99541      2275.56
       2.865     0.999609        99546      2560.00
       3.047     0.999658        99550      2925.71
       3.199     0.999707        99555      3413.33
       3.317     0.999756        99560      4096.00
       3.399     0.999780        99563      4551.11
       3.433     0.999805        99565      5120.00
       3.449     0.999829        99567      5851.43
       3.495     0.999854        99570      6826.67
       3.585     0.999878        99572      8192.00
       3.635     0.999890        99574      9102.22
       3.671     0.999902        99575     10240.00
       3.691     0.999915        99576     11702.86
       3.785     0.999927        99577     13653.33
       3.867     0.999939        99578     16384.00
       3.957     0.999945        99579     18204.44
       3.969     0.999951        99580     20480.00
       3.969     0.999957        99580     23405.71
       4.045     0.999963        99581     27306.67
       4.045     0.999969        99581     32768.00
       4.183     0.999973        99582     36408.89
       4.183     0.999976        99582     40960.00
       4.183     0.999979        99582     46811.43
       4.283     0.999982        99583     54613.33
       4.283     0.999985        99583     65536.00
       4.283     0.999986        99583     72817.78
       4.283     0.999988        99583     81920.00
       4.283     0.999989        99583     93622.86
       4.635     0.999991        99584    109226.67
       4.635     1.000000        99584          inf
#[Mean    =        1.075, StdDeviation   =        0.409]
#[Max     =        4.632, Total count    =        99584]
#[Buckets =           27, SubBuckets     =         2048]
----------------------------------------------------------
  149613 requests in 30.03s, 26.82MB read
  Socket errors: connect 0, read 208, write 0, timeout 0
Requests/sec:   4981.85
Transfer/sec:      0.89MB
WRKX_RESULT {"durationUs":30031617,"requests":149613,"responses":149613,"errors":208,"bytes":28127282,"latencyAvgUs":1074.819,"latencyP95Us":1782.000,"latencyP99Us":2071.000}
