Running 30s test @ http://localhost:9991/
  16 threads and 256 connections
  Thread calibration: mean lat.: 1.662ms, rate sampling interval: 10ms
  Thread calibration: mean lat.: 1.658ms, rate sampling interval: 10ms
  Thread calibration: mean lat.: 1.645ms, rate sampling interval: 10ms
  Thread calibration: mean lat.: 1.635ms, rate sampling interval: 10ms
  Thread calibration: mean lat.: 1.744ms, rate sampling interval: 10ms
  Thread calibration: mean lat.: 1.727ms, rate sampling interval: 10ms
  Thread calibration: mean lat.: 1.697ms, rate sampling interval: 10ms
  Thread calibration: mean lat.: 1.721ms, rate sampling interval: 10ms
  Thread calibration: mean lat.: 1.694ms, rate sampling interval: 10ms
  Thread calibration: mean lat.: 1.713ms, rate sampling interval: 10ms
  Thread calibration: mean lat.: 1.707ms, rate sampling interval: 10ms
  Thread calibration: mean lat.: 1.717ms, rate sampling interval: 10ms
  Thread calibration: mean lat.: 1.644ms, rate sampling interval: 10ms
  Thread calibration: mean lat.: 1.611ms, rate sampling interval: 10ms
  Thread calibration: mean lat.: 1.626ms, rate sampling interval: 10ms
  Thread calibration: mean lat.: 1.651ms, rate sampling interval: 10ms
  Thread Stats   Avg      Stdev     Max   +/- Stdev
    Latency     1.40ms  667.76us  13.14ms   71.57%
    Req/Sec     3.29k   252.97     4.67k    63.92%
  Latency Distribution (HdrHistogram - Recorded Latency)
 50.000%    1.32ms
 75.000%    1.77ms
 90.000%    2.23ms
 99.000%    3.39ms
 99.900%    5.23ms
 99.990%    8.34ms
 99.999%   11.06ms
100.000%   13.15ms

  Detailed Percentile spectrum:
       Value   Percentile   TotalCount 1/(1-Percentile)

       0.135     0.000000            1         1.00
       0.637     0.100000       100020         1.11
       0.836     0.200000       199705         1.25
       1.004     0.300000       299345         1.43
       1.160     0.400000       398706         1.67
       1.316     0.500000       498457         2.00
       1.396     0.550000       548251         2.22
       1.480     0.600000       598077         2.50
       1.569     0.650000       647862         2.86
       1.664     0.700000       697553         3.33
       1.769     0.750000       747127         4.00
       1.827     0.775000       772246         4.44
       1.890     0.800000       797071         5.00
       1.959     0.825000       821888         5.71
       2.037     0.850000       846854         6.67
       2.127     0.875000       871969         8.00
       2.177     0.887500       884120         8.89
       2.233     0.900000       896448        10.00
       2.297     0.912500       909024        11.43
       2.369     0.925000       921315        13.33
       2.455     0.937500       933846        16.00
       2.505     0.943750       940036        17.78
       2.561     0.950000       946212        20.00
       2.625     0.956250       952430        22.86
       2.701     0.962500       958704        26.67
       2.791     0.968750       964887        32.00
       2.845     0.971875       968031        35.56
       2.903     0.975000       971125        40.00
       2.973     0.978125       974235        45.71
       3.055     0.981250       977384        53.33
       3.151     0.984375       980463        64.00
       3.205     0.985938       982006        71.11
       3.269     0.987500       983534        80.00
       3.341     0.989062       985106        91.43
       3.429     0.990625       986673       106.67
       3.535     0.992188       988224       128.00
       3.597     0.992969       988981       142.22
       3.667     0.993750       989759       160.00
       3.751     0.994531       990540       182.86
       3.851     0.995313       991317       213.33
       3.971     0.996094       992089       256.00
       4.041     0.996484       992487       284.44
       4.123     0.996875       992880       320.00
       4.231     0.997266       993268       365.71
       4.355     0.997656       993644       426.67
       4.511     0.998047       994040       512.00
       4.611     0.998242       994232       568.89
       4.739     0.998437       994427       640.00
       4.871     0.998633       994621       731.43
       5.043     0.998828       994812       853.33
       5.255     0.999023       995011      1024.00
       5.399     0.999121       995104      1137.78
       5.551     0.999219       995202      1280.00
       5.707     0.999316       995298      1462.86
       5.915     0.999414       995395      1706.67
       6.163     0.999512       995493      2048.00
       6.299     0.999561       995542      2275.56
       6.475     0.999609       995590      2560.00
       6.631     0.999658       995638      2925.71
       6.903     0.999707       995687      3413.33
       7.147     0.999756       995735      4096.00
       7.303     0.999780       995760      4551.11
       7.443     0.999805       995784      5120.00
       7.595     0.999829       995808      5851.43
       7.763     0.999854       995833      6826.67
       7.983     0.999878       995857      8192.00
       8.247     0.999890       995869      9102.22
       8.343     0.999902       995881     10240.00
       8.631     0.999915       995894     11702.86
       8.839     0.999927       995906     13653.33
       9.159     0.999939       995918     16384.00
       9.287     0.999945       995924     18204.44
       9.415     0.999951       995930     20480.00
       9.607     0.999957       995936     23405.71
       9.775     0.999963       995942     27306.67
       9.847     0.999969       995948     32768.00
       9.999     0.999973       995951     36408.89
      10.055     0.999976       995954     40960.00
      10.151     0.999979       995957     46811.43
      10.271     0.999982       995960     54613.33
      10.351     0.999985       995963     65536.00
      10.639     0.999986       995965     72817.78
      10.647     0.999988       995966     81920.00
      11.055     0.999989       995968     93622.86
      11.103     0.999991       995969    109226.67
      11.327     0.999992       995971    131072.00
      11.535     0.999993       995972    145635.56
      11.535     0.999994       995972    163840.00
      11.727     0.999995       995973    187245.71
      11.767     0.999995       995974    218453.33
      11.903     0.999996       995975    262144.00
      11.903     0.999997       995975    291271.11
      11.903     0.999997       995975    327680.00
      12.247     0.999997       995976    374491.43
      12.247     0.999998       995976    436906.67
      12.463     0.999998       995977    524288.00
      12.463     0.999998       995977    582542.22
      12.463     0.999998       995977    655360.00
      12.463     0.999999       995977    748982.86
      12.463     0.999999       995977    873813.33
      13.151     0.999999       995978   1048576.00
      13.151     1.000000       995978          inf
#[Mean    =        1.400, StdDeviation   =        0.668]
#[Max     =       13.144, Total count    =       995978]
#[Buckets =           27, SubBuckets     =         2048]
----------------------------------------------------------
  1498052 requests in 30.00s, 268.60MB read
  Socket errors: connect 0, read 2673, write 0, timeout 0
Requests/sec:  49936.22
Transfer/sec:      8.95MB
WRKX_RESULT {"durationUs":29999309,"requests":1498052,"responses":1498052,"errors":2673,"bytes":281642326,"latencyAvgUs":1399.605,"latencyP95Us":2561.000,"latencyP99Us":3391.000}
