Running 30s test @ http://localhost:9991/
  16 threads and 256 connections
  Thread calibration: mean lat.: 1.173ms, rate sampling interval: 10ms
  Thread calibration: mean lat.: 1.174ms, rate sampling interval: 10ms
  Thread calibration: mean lat.: 1.168ms, rate sampling interval: 10ms
  Thread calibration: mean lat.: 1.164ms, rate sampling interval: 10ms
  Thread calibration: mean lat.: 1.158ms, rate sampling interval: 10ms
  Thread calibration: mean lat.: 1.165ms, rate sampling interval: 10ms
  Thread calibration: mean lat.: 1.163ms, rate sampling interval: 10ms
  Thread calibration: mean lat.: 1.182ms, rate sampling interval: 10ms
  Thread calibration: mean lat.: 1.157ms, rate sampling interval: 10ms
  Thread calibration: mean lat.: 1.177ms, rate sampling interval: 10ms
  Thread calibration: mean lat.: 1.159ms, rate sampling interval: 10ms
  Thread calibration: mean lat.: 1.176ms, rate sampling interval: 10ms
  Thread calibration: mean lat.: 1.187ms, rate sampling interval: 10ms
  Thread calibration: mean lat.: 1.194ms, rate sampling interval: 10ms
  Thread calibration: mean lat.: 1.195ms, rate sampling interval: 10ms
  Thread calibration: mean lat.: 1.199ms, rate sampling interval: 10ms
  Thread Stats   Avg      Stdev     Max   +/- Stdev
    Latency     1.14ms  513.80us   6.08ms   66.49%
    Req/Sec     2.64k   209.44     3.44k    65.57%
  Latency Distribution (HdrHistogram - Recorded Latency)
 50.000%    1.10ms
 75.000%    1.48ms
 90.000%    1.80ms
 99.000%    2.49ms
 99.900%    3.31ms
 99.990%    4.36ms
 99.999%    5.47ms
100.000%    6.09ms

  Detailed Percentile spectrum:
       Value   Percentile   TotalCount 1/(1-Percentile)

       0.123     0.000000            2         1.00
       0.489     0.100000        80004         1.11
       0.659     0.200000       159445         1.25
       0.813     0.300000       239124         1.43
       0.959     0.400000       318801         1.67
       1.103     0.500000       398826         2.00
       1.175     0.550000       438763         2.22
       1.247     0.600000       478079         2.50
       1.323     0.650000       518208         2.86
       1.399     0.700000       557831         3.33
       1.480     0.750000       597809         4.00
       1.523     0.775000       617779         4.44
       1.567     0.800000       637450         5.00
       1.616     0.825000       657421         5.71
       1.671     0.850000       677573         6.67
       1.733     0.875000       697421         8.00
       1.767     0.887500       707268         8.89
       1.804     0.900000       717195        10.00
       1.846     0.912500       727227        11.43
       1.892     0.925000       737027        13.33
       1.946     0.937500       747005        16.00
       1.977     0.943750       752075        17.78
       2.011     0.950000       757017        20.00
       2.051     0.956250       762102        22.86
       2.095     0.962500       766902        26.67
       2.149     0.968750       772025        32.00
       2.179     0.971875       774500        35.56
       2.211     0.975000       776876        40.00
       2.251     0.978125       779451        45.71
       2.297     0.981250       781906        53.33
       2.353     0.984375       784404        64.00
       2.383     0.985938       785589        71.11
       2.419     0.987500       786834        80.00
       2.459     0.989062       788087        91.43
       2.503     0.990625       789310       106.67
       2.561     0.992188       790549       128.00
       2.595     0.992969       791170       142.22
       2.633     0.993750       791812       160.00
       2.677     0.994531       792421       182.86
       2.729     0.995313       793047       213.33
       2.789     0.996094       793656       256.00
       2.829     0.996484       793979       284.44
       2.875     0.996875       794285       320.00
       2.925     0.997266       794590       365.71
       2.981     0.997656       794904       426.67
       3.053     0.998047       795220       512.00
       3.089     0.998242       795376       568.89
       3.129     0.998437       795524       640.00
       3.187     0.998633       795681       731.43
       3.247     0.998828       795835       853.33
       3.321     0.999023       795993      1024.00
       3.357     0.999121       796073      1137.78
       3.401     0.999219       796146      1280.00
       3.451     0.999316       796224      1462.86
       3.521     0.999414       796301      1706.67
       3.601     0.999512       796379      2048.00
       3.647     0.999561       796419      2275.56
       3.707     0.999609       796456      2560.00
       3.761     0.999658       796495      2925.71
       3.827     0.999707       796534      3413.33
       3.905     0.999756       796573      4096.00
       3.947     0.999780       796593      4551.11
       4.005     0.999805       796613      5120.00
       4.075     0.999829       796632      5851.43
       4.143     0.999854       796652      6826.67
       4.251     0.999878       796670      8192.00
       4.319     0.999890       796680      9102.22
       4.387     0.999902       796691     10240.00
       4.459     0.999915       796700     11702.86
       4.535     0.999927       796709     13653.33
       4.711     0.999939       796719     16384.00
       4.751     0.999945       796724     18204.44
       4.819     0.999951       796729     20480.00
       4.911     0.999957       796733     23405.71
       5.011     0.999963       796738     27306.67
       5.111     0.999969       796743     32768.00
       5.131     0.999973       796746     36408.89
       5.143     0.999976       796748     40960.00
       5.187     0.999979       796750     46811.43
       5.271     0.999982       796753     54613.33
       5.283     0.999985       796755     65536.00
       5.339     0.999986       796757     72817.78
       5.435     0.999988       796758     81920.00
       5.467     0.999989       796759     93622.86
       5.503     0.999991       796761    109226.67
       5.503     0.999992       796761    131072.00
       5.511     0.999993       796762    145635.56
       5.551     0.999994       796763    163840.00
       5.551     0.999995       796763    187245.71
       5.575     0.999995       796764    218453.33
       5.575     0.999996       796764    262144.00
       5.759     0.999997       796765    291271.11
       5.759     0.999997       796765    327680.00
       5.759     0.999997       796765    374491.43
       5.803     0.999998       796766    436906.67
       5.803     0.999998       796766    524288.00
       5.803     0.999998       796766    582542.22
       5.803     0.999998       796766    655360.00
       5.803     0.999999       796766    748982.86
       6.087     0.999999       796767    873813.33
       6.087     1.000000       796767          inf
#[Mean    =        1.137, StdDeviation   =        0.514]
#[Max     =        6.084, Total count    =       796767]
#[Buckets =           27, SubBuckets     =         2048]
----------------------------------------------------------
  1198486 requests in 30.00s, 214.88MB read
  Socket errors: connect 0, read 2488, write 0, timeout 0
Requests/sec:  39949.90
Transfer/sec:      7.16MB
WRKX_RESULT {"durationUs":29999722,"requests":1198486,"responses":1198486,"errors":2488,"bytes":225318028,"latencyAvgUs":1136.689,"latencyP95Us":2011.000,"latencyP99Us":2487.000}
