Running 30s test @ http://localhost:9991/
  16 threads and 256 connections
  Thread calibration: mean lat.: 1.174ms, rate sampling interval: 10ms
  Thread calibration: mean lat.: 1.122ms, rate sampling interval: 10ms
  Thread calibration: mean lat.: 1.155ms, rate sampling interval: 10ms
  Thread calibration: mean lat.: 1.147ms, rate sampling interval: 10ms
  Thread calibration: mean lat.: 1.161ms, rate sampling interval: 10ms
  Thread calibration: mean lat.: 1.175ms, rate sampling interval: 10ms
  Thread calibration: mean lat.: 1.143ms, rate sampling interval: 10ms
  Thread calibration: mean lat.: 1.145ms, rate sampling interval: 10ms
  Thread calibration: mean lat.: 1.175ms, rate sampling interval: 10ms
  Thread calibration: mean lat.: 1.147ms, rate sampling interval: 10ms
  Thread calibration: mean lat.: 1.157ms, rate sampling interval: 10ms
  Thread calibration: mean lat.: 1.152ms, rate sampling interval: 10ms
  Thread calibration: mean lat.: 1.151ms, rate sampling interval: 10ms
  Thread calibration: mean lat.: 1.155ms, rate sampling interval: 10ms
  Thread calibration: mean lat.: 1.139ms, rate sampling interval: 10ms
  Thread calibration: mean lat.: 1.154ms, rate sampling interval: 10ms
  Thread Stats   Avg      Stdev     Max   +/- Stdev
    Latency     1.06ms  470.42us   7.64ms   65.76%
    Req/Sec     1.65k   127.89     2.89k    55.62%
  Latency Distribution (HdrHistogram - Recorded Latency)
 50.000%    1.04ms
 75.000%    1.38ms
 90.000%    1.67ms
 99.000%    2.24ms
 99.900%    3.01ms
 99.990%    3.84ms
 99.999%    6.91ms
100.000%    7.64ms

  Detailed Percentile spectrum:
       Value   Percentile   TotalCount 1/(1-Percentile)

       0.118     0.000000            1         1.00
       0.460     0.100000        49923         1.11
       0.620     0.200000        99755         1.25
       0.764     0.300000       149503         1.43
       0.901     0.400000       199257         1.67
       1.037     0.500000       249109         2.00
       1.105     0.550000       274273         2.22
       1.172     0.600000       298916         2.50
       1.240     0.650000       323948         2.86
       1.310     0.700000       348699         3.33
       1.384     0.750000       373618         4.00
       1.424     0.775000       386102         4.44
       1.465     0.800000       398681         5.00
       1.508     0.825000       410891         5.71
       1.557     0.850000       423500         6.67
       1.611     0.875000       435918         8.00
       1.641     0.887500       442078         8.89
       1.673     0.900000       448205        10.00
       1.710     0.912500       454534        11.43
       1.750     0.925000       460670        13.33
       1.797     0.937500       466914        16.00
       1.824     0.943750       470016        17.78
       1.854     0.950000       473129        20.00
       1.887     0.956250       476285        22.86
       1.924     0.962500       479337        26.67
       1.968     0.968750       482499        32.00
       1.993     0.971875       484008        35.56
       2.021     0.975000       485592        40.00
       2.053     0.978125       487156        45.71
       2.089     0.981250       488722        53.33
       2.131     0.984375       490231        64.00
       2.157     0.985938       491026        71.11
       2.187     0.987500       491814        80.00
       2.219     0.989062       492588        91.43
       2.261     0.990625       493345       106.67
       2.313     0.992188       494126       128.00
       2.343     0.992969       494507       142.22
       2.375     0.993750       494896       160.00
       2.415     0.994531       495283       182.86
       2.463     0.995313       495669       213.33
       2.513     0.996094       496062       256.00
       2.543     0.996484       496250       284.44
       2.579     0.996875       496449       320.00
       2.627     0.997266       496643       365.71
       2.683     0.997656       496833       426.67
       2.749     0.998047       497028       512.00
       2.781     0.998242       497124       568.89
       2.825     0.998437       497223       640.00
       2.875     0.998633       497319       731.43
       2.937     0.998828       497419       853.33
       3.015     0.999023       497513      1024.00
       3.053     0.999121       497563      1137.78
       3.093     0.999219       497611      1280.00
       3.137     0.999316       497659      1462.86
       3.201     0.999414       497708      1706.67
       3.255     0.999512       497756      2048.00
       3.301     0.999561       497781      2275.56
       3.337     0.999609       497805      2560.00
       3.387     0.999658       497829      2925.71
       3.421     0.999707       497855      3413.33
       3.503     0.999756       497878      4096.00
       3.523     0.999780       497890      4551.11
       3.571     0.999805       497903      5120.00
       3.641     0.999829       497914      5851.43
       3.699     0.999854       497927      6826.67
       3.787     0.999878       497939      8192.00
       3.837     0.999890       497946      9102.22
       3.865     0.999902       497951     10240.00
       3.927     0.999915       497957     11702.86
       4.053     0.999927       497963     13653.33
       4.163     0.999939       497970     16384.00
       4.175     0.999945       497972     18204.44
       4.199     0.999951       497975     20480.00
       4.259     0.999957       497978     23405.71
       4.475     0.999963       497981     27306.67
       4.519     0.999969       497984     32768.00
       5.111     0.999973       497986     36408.89
       5.123     0.999976       497987     40960.00
       6.047     0.999979       497989     46811.43
       6.123     0.999982       497990     54613.33
       6.539     0.999985       497992     65536.00
       6.783     0.999986       497993     72817.78
       6.783     0.999988       497993     81920.00
       6.911     0.999989       497994     93622.86
       6.991     0.999991       497995    109226.67
       7.127     0.999992       497996    131072.00
       7.127     0.999993       497996    145635.56
       7.127     0.999994       497996    163840.00
       7.203     0.999995       497997    187245.71
       7.203     0.999995       497997    218453.33
       7.387     0.999996       497998    262144.00
       7.387     0.999997       497998    291271.11
       7.387     0.999997       497998    327680.00
       7.387     0.999997       497998    374491.43
       7.387     0.999998       497998    436906.67
       7.643     0.999998       497999    524288.00
       7.643     1.000000       497999          inf
#[Mean    =        1.061, StdDeviation   =        0.470]
#[Max     =        7.640, Total count    =       497999]
#[Buckets =           27, SubBuckets     =         2048]
----------------------------------------------------------
  749110 requests in 30.00s, 134.31MB read
  Socket errors: connect 0, read 1558, write 0, timeout 0
Requests/sec:  24969.94
Transfer/sec:      4.48MB
WRKX_RESULT {"durationUs":30000477,"requests":749110,"responses":749110,"errors":1558,"bytes":140834561,"latencyAvgUs":1061.441,"latencyP95Us":1854.000,"latencyP99Us":2243.000}
