Running 30s test @ http://localhost:9991/
  16 threads and 256 connections
  Thread calibration: mean lat.: 2932.080ms, rate sampling interval: 10715ms
  Thread calibration: mean lat.: 2986.151ms, rate sampling interval: 11173ms
  Thread calibration: mean lat.: 3266.407ms, rate sampling interval: 11370ms
  Thread calibration: mean lat.: 3141.382ms, rate sampling interval: 11263ms
  Thread calibration: mean lat.: 2905.427ms, rate sampling interval: 10821ms
  Thread calibration: mean lat.: 2979.288ms, rate sampling interval: 11116ms
  Thread calibration: mean lat.: 3172.681ms, rate sampling interval: 11337ms
  Thread calibration: mean lat.: 3224.512ms, rate sampling interval: 11272ms
  Thread calibration: mean lat.: 2964.784ms, rate sampling interval: 11067ms
  Thread calibration: mean lat.: 2881.508ms, rate sampling interval: 10616ms
  Thread calibration: mean lat.: 3151.049ms, rate sampling interval: 11141ms
  Thread calibration: mean lat.: 3115.392ms, rate sampling interval: 11272ms
  Thread calibration: mean lat.: 3048.248ms, rate sampling interval: 10838ms
  Thread calibration: mean lat.: 3121.648ms, rate sampling interval: 10911ms
  Thread calibration: mean lat.: 3059.036ms, rate sampling interval: 10846ms
  Thread calibration: mean lat.: 3123.765ms, rate sampling interval: 10952ms
  Thread Stats   Avg      Stdev     Max   +/- Stdev
    Latency    11.59s     3.38s   19.87s    59.29%
    Req/Sec     5.40k   221.82     5.94k    68.75%
  Latency Distribution (HdrHistogram - Recorded Latency)
 50.000%   11.53s 
 75.000%   14.38s 
 90.000%   16.23s 
 99.000%   18.17s 
 99.900%   18.99s 
 99.990%   19.66s 
 99.999%   19.86s 
100.000%   19.89s 

  Detailed Percentile spectrum:
       Value   Percentile   TotalCount 1/(1-Percentile)

    3977.215     0.000000            1         1.00
    7053.311     0.100000       171769         1.11
    8134.655     0.200000       343275         1.25
    9240.575     0.300000       514679         1.43
   10379.263     0.400000       686483         1.67
   11534.335     0.500000       857646         2.00
   12115.967     0.550000       943915         2.22
   12656.639     0.600000      1028543         2.50
   13221.887     0.650000      1114921         2.86
   13803.519     0.700000      1200585         3.33
   14376.959     0.750000      1286749         4.00
   14671.871     0.775000      1329499         4.44
   14974.975     0.800000      1372138         5.00
   15286.271     0.825000      1414841         5.71
   15589.375     0.850000      1457902         6.67
   15884.287     0.875000      1500663         8.00
   16039.935     0.887500      1521954         8.89
   16228.351     0.900000      1543626        10.00
   16408.575     0.912500      1564184        11.43
   16605.183     0.925000      1585878        13.33
   16809.983     0.937500      1606965        16.00
   16924.671     0.943750      1617782        17.78
   17055.743     0.950000      1629041        20.00
   17186.815     0.956250      1640068        22.86
   17317.887     0.962500      1650962        26.67
   17448.959     0.968750      1661421        32.00
   17514.495     0.971875      1665981        35.56
   17596.415     0.975000      1672057        40.00
   17678.335     0.978125      1676906        45.71
   17793.023     0.981250      1682458        53.33
   17907.711     0.984375      1687339        64.00
   17973.247     0.985938      1690433        71.11
   18038.783     0.987500      1692813        80.00
   18120.703     0.989062      1695694        91.43
   18202.623     0.990625      1698572       106.67
   18284.543     0.992188      1701003       128.00
   18333.695     0.992969      1702340       142.22
   18399.231     0.993750      1703662       160.00
   18448.383     0.994531      1704750       182.86
   18530.303     0.995313      1706249       213.33
   18595.839     0.996094      1707382       256.00
   18644.991     0.996484      1708239       284.44
   18661.375     0.996875      1708745       320.00
   18694.143     0.997266      1709558       365.71
   18743.295     0.997656      1710295       426.67
   18792.447     0.998047      1710795       512.00
   18825.215     0.998242      1711191       568.89
   18857.983     0.998437      1711493       640.00
   18890.751     0.998633      1711755       731.43
   18939.903     0.998828      1712068       853.33
   18989.055     0.999023      1712414      1024.00
   19021.823     0.999121      1712560      1137.78
   19070.975     0.999219      1712754      1280.00
   19120.127     0.999316      1712899      1462.86
   19202.047     0.999414      1713065      1706.67
   19283.967     0.999512      1713246      2048.00
   19316.735     0.999561      1713325      2275.56
   19365.887     0.999609      1713424      2560.00
   19398.655     0.999658      1713492      2925.71
   19464.191     0.999707      1713599      3413.33
   19480.575     0.999756      1713655      4096.00
   19513.343     0.999780      1713705      4551.11
   19546.111     0.999805      1713755      5120.00
   19562.495     0.999829      1713778      5851.43
   19595.263     0.999854      1713827      6826.67
   19644.415     0.999878      1713877      8192.00
   19644.415     0.999890      1713877      9102.22
   19660.799     0.999902      1713897     10240.00
   19693.567     0.999915      1713928     11702.86
   19726.335     0.999927      1713949     13653.33
   19742.719     0.999939      1713961     16384.00
   19759.103     0.999945      1713981     18204.44
   19759.103     0.999951      1713981     20480.00
   19775.487     0.999957      1713999     23405.71
   19791.871     0.999963      1714011     27306.67
   19808.255     0.999969      1714024     32768.00
   19808.255     0.999973      1714024     36408.89
   19808.255     0.999976      1714024     40960.00
   19824.639     0.999979      1714031     46811.43
   19841.023     0.999982      1714041     54613.33
   19841.023     0.999985      1714041     65536.00
   19841.023     0.999986      1714041     72817.78
   19857.407     0.999988      1714052     81920.00
   19857.407     0.999989      1714052     93622.86
   19857.407     0.999991      1714052    109226.67
   19857.407     0.999992      1714052    131072.00
   19873.791     0.999993      1714060    145635.56
   19873.791     0.999994      1714060    163840.00
   19873.791     0.999995      1714060    187245.71
   19873.791     0.999995      1714060    218453.33
   19873.791     0.999996      1714060    262144.00
   19873.791     0.999997      1714060    291271.11
   19873.791     0.999997      1714060    327680.00
   19873.791     0.999997      1714060    374491.43
   19890.175     0.999998      1714064    436906.67
   19890.175     1.000000      1714064          inf
#[Mean    =    11588.091, StdDeviation   =     3381.121]
#[Max     =    19873.792, Total count    =      1714064]
#[Buckets =           27, SubBuckets     =         2048]
----------------------------------------------------------
  2516131 requests in 30.00s, 451.21MB read
  Socket errors: connect 0, read 817, write 0, timeout 0
Requests/sec:  83874.94
Transfer/sec:     15.04MB
WRKX_RESULT {"durationUs":29998602,"requests":2516131,"responses":2516131,"errors":817,"bytes":473127343,"latencyAvgUs":11588091.147,"latencyP95Us":17055743.000,"latencyP99Us":18169855.000}
