Running 30s test @ http://localhost:9991/
  16 threads and 256 connections
  Thread calibration: mean lat.: 1.100ms, rate sampling interval: 10ms
  Thread calibration: mean lat.: 1.100ms, rate sampling interval: 10ms
  Thread calibration: mean lat.: 1.083ms, rate sampling interval: 10ms
  Thread calibration: mean lat.: 1.096ms, rate sampling interval: 10ms
  Thread calibration: mean lat.: 1.090ms, rate sampling interval: 10ms
  Thread calibration: mean lat.: 1.089ms, rate sampling interval: 10ms
  Thread calibration: mean lat.: 1.088ms, rate sampling interval: 10ms
  Thread calibration: mean lat.: 1.107ms, rate sampling interval: 10ms
  Thread calibration: mean lat.: 1.106ms, rate sampling interval: 10ms
  Thread calibration: mean lat.: 1.101ms, rate sampling interval: 10ms
  Thread calibration: mean lat.: 1.093ms, rate sampling interval: 10ms
  Thread calibration: mean lat.: 1.089ms, rate sampling interval: 10ms
  Thread calibration: mean lat.: 1.100ms, rate sampling interval: 10ms
  Thread calibration: mean lat.: 1.112ms, rate sampling interval: 10ms
  Thread calibration: mean lat.: 1.102ms, rate sampling interval: 10ms
  Thread calibration: mean lat.: 1.213ms, rate sampling interval: 10ms
  Thread Stats   Avg      Stdev     Max   +/- Stdev
    Latency     1.02ms  428.12us   4.39ms   64.82%
    Req/Sec     1.32k   209.21     1.89k    79.94%
  Latency Distribution (HdrHistogram - Recorded Latency)
 50.000%    1.01ms
 75.000%    1.33ms
 90.000%    1.58ms
 99.000%    2.04ms
 99.900%    2.52ms
 99.990%    3.29ms
 99.999%    4.05ms
100.000%    4.39ms

  Detailed Percentile spectrum:
       Value   Percentile   TotalCount 1/(1-Percentile)

       0.128     0.000000            1         1.00
       0.458     0.100000        40039         1.11
       0.618     0.200000        79955         1.25
       0.760     0.300000       119792         1.43
       0.890     0.400000       159629         1.67
       1.014     0.500000       199392         2.00
       1.075     0.550000       219209         2.22
       1.137     0.600000       239340         2.50
       1.198     0.650000       259207         2.86
       1.261     0.700000       279111         3.33
       1.326     0.750000       298807         4.00
       1.362     0.775000       308863         4.44
       1.399     0.800000       318746         5.00
       1.439     0.825000       328753         5.71
       1.482     0.850000       338696         6.67
       1.529     0.875000       348755         8.00
       1.555     0.887500       353645         8.89
       1.584     0.900000       358657        10.00
       1.615     0.912500       363518        11.43
       1.651     0.925000       368502        13.33
       1.693     0.937500       373510        16.00
       1.717     0.943750       376057        17.78
       1.741     0.950000       378466        20.00
       1.770     0.956250       380997        22.86
       1.801     0.962500       383480        26.67
       1.838     0.968750       385963        32.00
       1.859     0.971875       387205        35.56
       1.882     0.975000       388426        40.00
       1.907     0.978125       389679        45.71
       1.935     0.981250       390914        53.33
       1.968     0.984375       392178        64.00
       1.986     0.985938       392779        71.11
       2.005     0.987500       393413        80.00
       2.028     0.989062       394027        91.43
       2.055     0.990625       394660       106.67
       2.085     0.992188       395280       128.00
       2.105     0.992969       395599       142.22
       2.125     0.993750       395901       160.00
       2.147     0.994531       396201       182.86
       2.171     0.995313       396517       213.33
       2.199     0.996094       396823       256.00
       2.217     0.996484       396985       284.44
       2.239     0.996875       397139       320.00
       2.265     0.997266       397289       365.71
       2.295     0.997656       397444       426.67
       2.335     0.998047       397598       512.00
       2.365     0.998242       397678       568.89
       2.395     0.998437       397754       640.00
       2.431     0.998633       397831       731.43
       2.467     0.998828       397911       853.33
       2.525     0.999023       397986      1024.00
       2.555     0.999121       398025      1137.78
       2.595     0.999219       398068      1280.00
       2.637     0.999316       398103      1462.86
       2.695     0.999414       398144      1706.67
       2.749     0.999512       398182      2048.00
       2.777     0.999561       398200      2275.56
       2.815     0.999609       398220      2560.00
       2.849     0.999658       398239      2925.71
       2.889     0.999707       398259      3413.33
       2.955     0.999756       398278      4096.00
       3.003     0.999780       398288      4551.11
       3.037     0.999805       398298      5120.00
       3.085     0.999829       398307      5851.43
       3.141     0.999854       398317      6826.67
       3.183     0.999878       398327      8192.00
       3.255     0.999890       398332      9102.22
       3.289     0.999902       398337     10240.00
       3.345     0.999915       398341     11702.86
       3.419     0.999927       398346     13653.33
       3.541     0.999939       398351     16384.00
       3.583     0.999945       398354     18204.44
       3.619     0.999951       398356     20480.00
       3.709     0.999957       398358     23405.71
       3.815     0.999963       398361     27306.67
       3.837     0.999969       398363     32768.00
       3.859     0.999973       398365     36408.89
       3.875     0.999976       398366     40960.00
       3.889     0.999979       398367     46811.43
       3.975     0.999982       398368     54613.33
       3.997     0.999985       398369     65536.00
       4.035     0.999986       398370     72817.78
       4.049     0.999988       398371     81920.00
       4.049     0.999989       398371     93622.86
       4.055     0.999991       398372    109226.67
       4.055     0.999992       398372    131072.00
       4.111     0.999993       398373    145635.56
       4.111     0.999994       398373    163840.00
       4.111     0.999995       398373    187245.71
       4.171     0.999995       398374    218453.33
       4.171     0.999996       398374    262144.00
       4.171     0.999997       398374    291271.11
       4.171     0.999997       398374    327680.00
       4.171     0.999997       398374    374491.43
       4.395     0.999998       398375    436906.67
       4.395     1.000000       398375          inf
#[Mean    =        1.024, StdDeviation   =        0.428]
#[Max     =        4.392, Total count    =       398375]
#[Buckets =           27, SubBuckets     =         2048]
----------------------------------------------------------
  598138 requests in 30.01s, 107.24MB read
  Socket errors: connect 0, read 1251, write 0, timeout 0
Requests/sec:  19933.89
Transfer/sec:      3.57MB
WRKX_RESULT {"durationUs":30006085,"requests":598138,"responses":598138,"errors":1251,"bytes":112450571,"latencyAvgUs":1024.265,"latencyP95Us":1741.000,"latencyP99Us":2043.000}
