Running 30s test @ http://localhost:9991/
  16 threads and 256 connections
  Thread calibration: mean lat.: 1.080ms, rate sampling interval: 10ms
  Thread calibration: mean lat.: 1.054ms, rate sampling interval: 10ms
  Thread calibration: mean lat.: 1.081ms, rate sampling interval: 10ms
  Thread calibration: mean lat.: 1.060ms, rate sampling interval: 10ms
  Thread calibration: mean lat.: 1.084ms, rate sampling interval: 10ms
  Thread calibration: mean lat.: 1.063ms, rate sampling interval: 10ms
  Thread calibration: mean lat.: 1.086ms, rate sampling interval: 10ms
  Thread calibration: mean lat.: 1.077ms, rate sampling interval: 10ms
  Thread calibration: mean lat.: 1.073ms, rate sampling interval: 10ms
  Thread calibration: mean lat.: 1.073ms, rate sampling interval: 10ms
  Thread calibration: mean lat.: 1.081ms, rate sampling interval: 10ms
  Thread calibration: mean lat.: 1.064ms, rate sampling interval: 10ms
  Thread calibration: mean lat.: 1.059ms, rate sampling interval: 10ms
  Thread calibration: mean lat.: 1.069ms, rate sampling interval: 10ms
  Thread calibration: mean lat.: 1.067ms, rate sampling interval: 10ms
  Thread calibration: mean lat.: 1.073ms, rate sampling interval: 10ms
  Thread Stats   Avg      Stdev     Max   +/- Stdev
    Latency     1.02ms  421.92us   5.15ms   64.82%
    Req/Sec   659.44    107.78     1.00k    63.05%
  Latency Distribution (HdrHistogram - Recorded Latency)
 50.000%    1.01ms
 75.000%    1.32ms
 90.000%    1.58ms
 99.000%    2.03ms
 99.900%    2.39ms
 99.990%    3.07ms
 99.999%    3.91ms
100.000%    5.15ms

  Detailed Percentile spectrum:
       Value   Percentile   TotalCount 1/(1-Percentile)

       0.124     0.000000            1         1.00
       0.467     0.100000        19976         1.11
       0.622     0.200000        39868         1.25
       0.759     0.300000        59764         1.43
       0.889     0.400000        79820         1.67
       1.011     0.500000        99663         2.00
       1.071     0.550000       109603         2.22
       1.131     0.600000       119526         2.50
       1.191     0.650000       129511         2.86
       1.252     0.700000       139541         3.33
       1.316     0.750000       149459         4.00
       1.351     0.775000       154389         4.44
       1.390     0.800000       159413         5.00
       1.431     0.825000       164370         5.71
       1.476     0.850000       169347         6.67
       1.526     0.875000       174316         8.00
       1.554     0.887500       176861         8.89
       1.583     0.900000       179338        10.00
       1.617     0.912500       181826        11.43
       1.652     0.925000       184307        13.33
       1.694     0.937500       186744        16.00
       1.718     0.943750       188018        17.78
       1.742     0.950000       189255        20.00
       1.770     0.956250       190486        22.86
       1.801     0.962500       191746        26.67
       1.836     0.968750       192966        32.00
       1.857     0.971875       193606        35.56
       1.879     0.975000       194222        40.00
       1.903     0.978125       194854        45.71
       1.931     0.981250       195470        53.33
       1.962     0.984375       196090        64.00
       1.977     0.985938       196399        71.11
       1.994     0.987500       196704        80.00
       2.013     0.989062       197015        91.43
       2.037     0.990625       197324       106.67
       2.065     0.992188       197647       128.00
       2.079     0.992969       197797       142.22
       2.097     0.993750       197947       160.00
       2.117     0.994531       198113       182.86
       2.137     0.995313       198262       213.33
       2.161     0.996094       198415       256.00
       2.177     0.996484       198494       284.44
       2.193     0.996875       198571       320.00
       2.211     0.997266       198645       365.71
       2.235     0.997656       198728       426.67
       2.259     0.998047       198802       512.00
       2.277     0.998242       198840       568.89
       2.295     0.998437       198880       640.00
       2.317     0.998633       198918       731.43
       2.351     0.998828       198958       853.33
       2.397     0.999023       198995      1024.00
       2.429     0.999121       199014      1137.78
       2.465     0.999219       199035      1280.00
       2.495     0.999316       199054      1462.86
       2.541     0.999414       199074      1706.67
       2.591     0.999512       199092      2048.00
       2.619     0.999561       199103      2275.56
       2.657     0.999609       199112      2560.00
       2.689     0.999658       199122      2925.71
       2.735     0.999707       199131      3413.33
       2.777     0.999756       199142      4096.00
       2.791     0.999780       199146      4551.11
       2.829     0.999805       199151      5120.00
       2.881     0.999829       199155      5851.43
       2.943     0.999854       199160      6826.67
       3.025     0.999878       199165      8192.00
       3.053     0.999890       199168      9102.22
       3.095     0.999902       199170     10240.00
       3.181     0.999915       199172     11702.86
       3.221     0.999927       199175     13653.33
       3.373     0.999939       199177     16384.00
       3.449     0.999945       199179     18204.44
       3.501     0.999951       199180     20480.00
       3.547     0.999957       199181     23405.71
       3.549     0.999963       199182     27306.67
       3.593     0.999969       199183     32768.00
       3.635     0.999973       199184     36408.89
       3.659     0.999976       199185     40960.00
       3.659     0.999979       199185     46811.43
       3.709     0.999982       199186     54613.33
       3.709     0.999985       199186     65536.00
       3.915     0.999986       199187     72817.78
       3.915     0.999988       199187     81920.00
       3.915     0.999989       199187     93622.86
       4.107     0.999991       199188    109226.67
       4.107     0.999992       199188    131072.00
       4.107     0.999993       199188    145635.56
       4.107     0.999994       199188    163840.00
       4.107     0.999995       199188    187245.71
       5.151     0.999995       199189    218453.33
       5.151     1.000000       199189          inf
#[Mean    =        1.023, StdDeviation   =        0.422]
#[Max     =        5.148, Total count    =       199189]
#[Buckets =           27, SubBuckets     =         2048]
----------------------------------------------------------
  299731 requests in 30.00s, 53.74MB read
  Socket errors: connect 0, read 586, write 0, timeout 0
Requests/sec:   9990.69
Transfer/sec:      1.79MB
WRKX_RESULT {"durationUs":30001028,"requests":299731,"responses":299731,"errors":586,"bytes":56349599,"latencyAvgUs":1022.961,"latencyP95Us":1742.000,"latencyP99Us":2027.000}
