Running 30s test @ http://localhost:9991/
  16 threads and 256 connections
  Thread calibration: mean lat.: 1.084ms, rate sampling interval: 10ms
  Thread calibration: mean lat.: 1.117ms, rate sampling interval: 10ms
  Thread calibration: mean lat.: 1.127ms, rate sampling interval: 10ms
  Thread calibration: mean lat.: 1.124ms, rate sampling interval: 10ms
  Thread calibration: mean lat.: 1.117ms, rate sampling interval: 10ms
  Thread calibration: mean lat.: 1.128ms, rate sampling interval: 10ms
  Thread calibration: mean lat.: 1.126ms, rate sampling interval: 10ms
  Thread calibration: mean lat.: 1.107ms, rate sampling interval: 10ms
  Thread calibration: mean lat.: 1.122ms, rate sampling interval: 10ms
  Thread calibration: mean lat.: 1.121ms, rate sampling interval: 10ms
  Thread calibration: mean lat.: 1.132ms, rate sampling interval: 10ms
  Thread calibration: mean lat.: 1.126ms, rate sampling interval: 10ms
  Thread calibration: mean lat.: 1.129ms, rate sampling interval: 10ms
  Thread calibration: mean lat.: 1.123ms, rate sampling interval: 10ms
  Thread calibration: mean lat.: 1.146ms, rate sampling interval: 10ms
  Thread calibration: mean lat.: 1.135ms, rate sampling interval: 10ms
  Thread Stats   Avg      Stdev     Max   +/- Stdev
    Latency     1.02ms  448.73us   5.81ms   64.84%
    Req/Sec     1.98k   195.77     3.56k    75.61%
  Latency Distribution (HdrHistogram - Recorded Latency)
 50.000%    1.01ms
 75.000%    1.34ms
 90.000%    1.61ms
 99.000%    2.10ms
 99.900%    2.67ms
 99.990%    3.61ms
 99.999%    4.61ms
100.000%    5.82ms

  Detailed Percentile spectrum:
       Value   Percentile   TotalCount 1/(1-Percentile)

       0.108     0.000000            1         1.00
       0.434     0.100000        59915         1.11
       0.593     0.200000       119626         1.25
       0.740     0.300000       179365         1.43
       0.878     0.400000       239161         1.67
       1.010     0.500000       298908         2.00
       1.075     0.550000       328834         2.22
       1.140     0.600000       358800         2.50
       1.205     0.650000       388506         2.86
       1.271     0.700000       418463         3.33
       1.341     0.750000       448630         4.00
       1.377     0.775000       463389         4.44
       1.415     0.800000       478347         5.00
       1.455     0.825000       493216         5.71
       1.499     0.850000       507965         6.67
       1.549     0.875000       523096         8.00
       1.577     0.887500       530522         8.89
       1.607     0.900000       537955        10.00
       1.641     0.912500       545370        11.43
       1.680     0.925000       552933        13.33
       1.724     0.937500       560310        16.00
       1.749     0.943750       564101        17.78
       1.776     0.950000       567760        20.00
       1.806     0.956250       571542        22.86
       1.839     0.962500       575200        26.67
       1.877     0.968750       578946        32.00
       1.898     0.971875       580775        35.56
       1.923     0.975000       582679        40.00
       1.949     0.978125       584530        45.71
       1.979     0.981250       586396        53.33
       2.014     0.984375       588275        64.00
       2.034     0.985938       589203        71.11
       2.057     0.987500       590125        80.00
       2.083     0.989062       591084        91.43
       2.113     0.990625       592042       106.67
       2.147     0.992188       592914       128.00
       2.169     0.992969       593390       142.22
       2.191     0.993750       593863       160.00
       2.219     0.994531       594346       182.86
       2.253     0.995313       594797       213.33
       2.295     0.996094       595267       256.00
       2.321     0.996484       595486       284.44
       2.349     0.996875       595714       320.00
       2.387     0.997266       595953       365.71
       2.425     0.997656       596182       426.67
       2.473     0.998047       596415       512.00
       2.503     0.998242       596535       568.89
       2.535     0.998437       596649       640.00
       2.575     0.998633       596766       731.43
       2.617     0.998828       596883       853.33
       2.679     0.999023       596998      1024.00
       2.711     0.999121       597055      1137.78
       2.761     0.999219       597114      1280.00
       2.821     0.999316       597173      1462.86
       2.891     0.999414       597232      1706.67
       2.959     0.999512       597289      2048.00
       3.017     0.999561       597319      2275.56
       3.057     0.999609       597347      2560.00
       3.111     0.999658       597376      2925.71
       3.163     0.999707       597407      3413.33
       3.249     0.999756       597435      4096.00
       3.283     0.999780       597449      4551.11
       3.347     0.999805       597464      5120.00
       3.397     0.999829       597478      5851.43
       3.467     0.999854       597493      6826.67
       3.541     0.999878       597508      8192.00
       3.597     0.999890       597515      9102.22
       3.625     0.999902       597522     10240.00
       3.655     0.999915       597529     11702.86
       3.715     0.999927       597537     13653.33
       3.803     0.999939       597544     16384.00
       3.853     0.999945       597548     18204.44
       3.917     0.999951       597551     20480.00
       3.971     0.999957       597555     23405.71
       4.151     0.999963       597559     27306.67
       4.195     0.999969       597562     32768.00
       4.319     0.999973       597564     36408.89
       4.371     0.999976       597566     40960.00
       4.391     0.999979       597568     46811.43
       4.435     0.999982       597570     54613.33
       4.443     0.999985       597571     65536.00
       4.447     0.999986       597572     72817.78
       4.543     0.999988       597573     81920.00
       4.615     0.999989       597574     93622.86
       4.699     0.999991       597575    109226.67
       4.727     0.999992       597576    131072.00
       4.727     0.999993       597576    145635.56
       4.735     0.999994       597577    163840.00
       4.735     0.999995       597577    187245.71
       4.959     0.999995       597578    218453.33
       4.959     0.999996       597578    262144.00
       4.959     0.999997       597578    291271.11
       5.019     0.999997       597579    327680.00
       5.019     0.999997       597579    374491.43
       5.019     0.999998       597579    436906.67
       5.019     0.999998       597579    524288.00
       5.019     0.999998       597579    582542.22
       5.815     0.999998       597580    655360.00
       5.815     1.000000       597580          inf
#[Mean    =        1.023, StdDeviation   =        0.449]
#[Max     =        5.812, Total count    =       597580]
#[Buckets =           27, SubBuckets     =         2048]
----------------------------------------------------------
  897148 requests in 30.00s, 160.85MB read
  Socket errors: connect 0, read 1730, write 0, timeout 0
Requests/sec:  29900.62
Transfer/sec:      5.36MB
WRKX_RESULT {"durationUs":30004332,"requests":897148,"responses":897148,"errors":1730,"bytes":168665287,"latencyAvgUs":1023.078,"latencyP95Us":1776.000,"latencyP99Us":2101.000}
