Running 30s test @ http://localhost:9991/
  16 threads and 256 connections
  Thread calibration: mean lat.: 2141.323ms, rate sampling interval: 8237ms
  Thread calibration: mean lat.: 1923.235ms, rate sampling interval: 7618ms
  Thread calibration: mean lat.: 2033.945ms, rate sampling interval: 8335ms
  Thread calibration: mean lat.: 1745.908ms, rate sampling interval: 7176ms
  Thread calibration: mean lat.: 2154.249ms, rate sampling interval: 8155ms
  Thread calibration: mean lat.: 2063.757ms, rate sampling interval: 7872ms
  Thread calibration: mean lat.: 2096.704ms, rate sampling interval: 8364ms
  Thread calibration: mean lat.: 2246.723ms, rate sampling interval: 8306ms
  Thread calibration: mean lat.: 2002.749ms, rate sampling interval: 8146ms
  Thread calibration: mean lat.: 2040.355ms, rate sampling interval: 8249ms
  Thread calibration: mean lat.: 2325.065ms, rate sampling interval: 8814ms
  Thread calibration: mean lat.: 2170.591ms, rate sampling interval: 7970ms
  Thread calibration: mean lat.: 2066.765ms, rate sampling interval: 8036ms
  Thread calibration: mean lat.: 1903.517ms, rate sampling interval: 7352ms
  Thread calibration: mean lat.: 1925.445ms, rate sampling interval: 7471ms
  Thread calibration: mean lat.: 2046.465ms, rate sampling interval: 8245ms
  Thread Stats   Avg      Stdev     Max   +/- Stdev
    Latency     8.50s     2.75s   16.65s    62.75%
    Req/Sec     5.33k   285.20     6.11k    71.88%
  Latency Distribution (HdrHistogram - Recorded Latency)
 50.000%    8.36s 
 75.000%   10.50s 
 90.000%   12.38s 
 99.000%   14.57s 
 99.900%   15.61s 
 99.990%   16.41s 
 99.999%   16.61s 
100.000%   16.65s 

  Detailed Percentile spectrum:
       Value   Percentile   TotalCount 1/(1-Percentile)

    1663.999     0.000000            1         1.00
    4997.119     0.100000       165833         1.11
    5832.703     0.200000       331220         1.25
    6729.727     0.300000       496833         1.43
    7548.927     0.400000       663229         1.67
    8359.935     0.500000       828483         2.00
    8757.247     0.550000       911953         2.22
    9142.271     0.600000       993977         2.50
    9560.063     0.650000      1076646         2.86
   10018.815     0.700000      1159353         3.33
   10502.143     0.750000      1242945         4.00
   10747.903     0.775000      1284611         4.44
   11034.623     0.800000      1325411         5.00
   11329.535     0.825000      1366389         5.71
   11640.831     0.850000      1407991         6.67
   12001.279     0.875000      1449722         8.00
   12181.503     0.887500      1470457         8.89
   12378.111     0.900000      1490890        10.00
   12582.911     0.912500      1511844        11.43
   12795.903     0.925000      1532451        13.33
   13033.471     0.937500      1553144        16.00
   13139.967     0.943750      1562968        17.78
   13262.847     0.950000      1573568        20.00
   13393.919     0.956250      1583820        22.86
   13541.375     0.962500      1594174        26.67
   13705.215     0.968750      1604792        32.00
   13795.327     0.971875      1609751        35.56
   13877.247     0.975000      1614787        40.00
   13983.743     0.978125      1620141        45.71
   14114.815     0.981250      1625165        53.33
   14245.887     0.984375      1630415        64.00
   14327.807     0.985938      1632801        71.11
   14417.919     0.987500      1635432        80.00
   14516.223     0.989062      1638087        91.43
   14598.143     0.990625      1640682       106.67
   14696.447     0.992188      1643355       128.00
   14753.791     0.992969      1644564       142.22
   14819.327     0.993750      1645861       160.00
   14893.055     0.994531      1647113       182.86
   14934.015     0.995313      1648322       213.33
   15024.127     0.996094      1649649       256.00
   15081.471     0.996484      1650359       284.44
   15114.239     0.996875      1650965       320.00
   15179.775     0.997266      1651627       365.71
   15253.503     0.997656      1652274       426.67
   15310.847     0.998047      1652895       512.00
   15351.807     0.998242      1653207       568.89
   15392.767     0.998437      1653514       640.00
   15458.303     0.998633      1653853       731.43
   15523.839     0.998828      1654148       853.33
   15622.143     0.999023      1654483      1024.00
   15654.911     0.999121      1654655      1137.78
   15687.679     0.999219      1654788      1280.00
   15745.023     0.999316      1654950      1462.86
   15818.751     0.999414      1655115      1706.67
   15925.247     0.999512      1655274      2048.00
   16023.551     0.999561      1655356      2275.56
   16056.319     0.999609      1655435      2560.00
   16105.471     0.999658      1655522      2925.71
   16146.431     0.999707      1655615      3413.33
   16179.199     0.999756      1655678      4096.00
   16203.775     0.999780      1655722      4551.11
   16228.351     0.999805      1655760      5120.00
   16261.119     0.999829      1655797      5851.43
   16310.271     0.999854      1655837      6826.67
   16359.423     0.999878      1655879      8192.00
   16392.191     0.999890      1655901      9102.22
   16416.767     0.999902      1655916     10240.00
   16433.151     0.999915      1655938     11702.86
   16449.535     0.999927      1655964     13653.33
   16465.919     0.999939      1655976     16384.00
   16482.303     0.999945      1655991     18204.44
   16498.687     0.999951      1656002     20480.00
   16506.879     0.999957      1656008     23405.71
   16523.263     0.999963      1656017     27306.67
   16539.647     0.999969      1656027     32768.00
   16556.031     0.999973      1656036     36408.89
   16564.223     0.999976      1656042     40960.00
   16564.223     0.999979      1656042     46811.43
   16580.607     0.999982      1656050     54613.33
   16588.799     0.999985      1656054     65536.00
   16596.991     0.999986      1656056     72817.78
   16605.183     0.999988      1656060     81920.00
   16605.183     0.999989      1656060     93622.86
   16613.375     0.999991      1656063    109226.67
   16621.567     0.999992      1656066    131072.00
   16621.567     0.999993      1656066    145635.56
   16629.759     0.999994      1656069    163840.00
   16629.759     0.999995      1656069    187245.71
   16637.951     0.999995      1656070    218453.33
   16646.143     0.999996      1656073    262144.00
   16646.143     0.999997      1656073    291271.11
   16646.143     0.999997      1656073    327680.00
   16646.143     0.999997      1656073    374491.43
   16654.335     0.999998      1656077    436906.67
   16654.335     1.000000      1656077          inf
#[Mean    =     8495.824, StdDeviation   =     2746.355]
#[Max     =    16646.144, Total count    =      1656077]
#[Buckets =           27, SubBuckets     =         2048]
----------------------------------------------------------
  2492032 requests in 30.00s, 446.88MB read
  Socket errors: connect 0, read 798, write 0, timeout 0
Requests/sec:  83069.62
Transfer/sec:     14.90MB
WRKX_RESULT {"durationUs":29999318,"requests":2492032,"responses":2492032,"errors":798,"bytes":468592798,"latencyAvgUs":8495824.458,"latencyP95Us":13262847.000,"latencyP99Us":14565375.000}
