Running 30s test @ http://localhost:9991/
  16 threads and 256 connections
  Thread calibration: mean lat.: 1189.079ms, rate sampling interval: 4694ms
  Thread calibration: mean lat.: 1290.187ms, rate sampling interval: 5390ms
  Thread calibration: mean lat.: 1182.949ms, rate sampling interval: 4820ms
  Thread calibration: mean lat.: 1261.069ms, rate sampling interval: 5193ms
  Thread calibration: mean lat.: 1294.648ms, rate sampling interval: 5001ms
  Thread calibration: mean lat.: 1288.415ms, rate sampling interval: 5533ms
  Thread calibration: mean lat.: 1186.880ms, rate sampling interval: 5210ms
  Thread calibration: mean lat.: 1225.898ms, rate sampling interval: 4763ms
  Thread calibration: mean lat.: 1372.230ms, rate sampling interval: 5328ms
  Thread calibration: mean lat.: 1173.305ms, rate sampling interval: 5763ms
  Thread calibration: mean lat.: 1326.692ms, rate sampling interval: 4980ms
  Thread calibration: mean lat.: 1118.494ms, rate sampling interval: 4988ms
  Thread calibration: mean lat.: 1109.687ms, rate sampling interval: 4943ms
  Thread calibration: mean lat.: 1154.842ms, rate sampling interval: 4534ms
  Thread calibration: mean lat.: 1378.214ms, rate sampling interval: 5488ms
  Thread calibration: mean lat.: 1270.113ms, rate sampling interval: 5955ms
  Thread Stats   Avg      Stdev     Max   +/- Stdev
    Latency     3.78s     1.80s   10.48s    66.66%
    Req/Sec     5.30k   249.60     6.12k    69.81%
  Latency Distribution (HdrHistogram - Recorded Latency)
 50.000%    3.66s 
 75.000%    5.03s 
 90.000%    6.23s 
 99.000%    8.19s 
 99.900%    9.22s 
 99.990%   10.27s 
 99.999%   10.44s 
100.000%   10.49s 

  Detailed Percentile spectrum:
       Value   Percentile   TotalCount 1/(1-Percentile)

       0.222     0.000000            1         1.00
    1522.687     0.100000       168869         1.11
    2185.215     0.200000       338062         1.25
    2674.687     0.300000       507121         1.43
    3176.447     0.400000       676128         1.67
    3663.871     0.500000       844462         2.00
    3903.487     0.550000       928813         2.22
    4167.679     0.600000      1013255         2.50
    4423.679     0.650000      1098796         2.86
    4710.399     0.700000      1182812         3.33
    5025.791     0.750000      1266463         4.00
    5177.343     0.775000      1309669         4.44
    5361.663     0.800000      1351523         5.00
    5545.983     0.825000      1393510         5.71
    5750.783     0.850000      1435861         6.67
    5984.255     0.875000      1478009         8.00
    6107.135     0.887500      1499076         8.89
    6225.919     0.900000      1520274        10.00
    6381.567     0.912500      1541204        11.43
    6541.311     0.925000      1562135        13.33
    6733.823     0.937500      1583358        16.00
    6836.223     0.943750      1593785        17.78
    6938.623     0.950000      1604351        20.00
    7061.503     0.956250      1615047        22.86
    7180.287     0.962500      1625290        26.67
    7327.743     0.968750      1636010        32.00
    7421.951     0.971875      1641219        35.56
    7524.351     0.975000      1646458        40.00
    7643.135     0.978125      1651762        45.71
    7753.727     0.981250      1657099        53.33
    7909.375     0.984375      1662236        64.00
    7966.719     0.985938      1665040        71.11
    8060.927     0.987500      1667540        80.00
    8142.847     0.989062      1670278        91.43
    8208.383     0.990625      1672833       106.67
    8278.015     0.992188      1675431       128.00
    8331.263     0.992969      1676759       142.22
    8429.567     0.993750      1678122       160.00
    8495.103     0.994531      1679410       182.86
    8568.831     0.995313      1680706       213.33
    8658.943     0.996094      1682116       256.00
    8691.711     0.996484      1682689       284.44
    8740.863     0.996875      1683417       320.00
    8790.015     0.997266      1684093       365.71
    8830.975     0.997656      1684689       426.67
    8880.127     0.998047      1685313       512.00
    8904.703     0.998242      1685659       568.89
    8945.663     0.998437      1686008       640.00
    9019.391     0.998633      1686330       731.43
    9125.887     0.998828      1686638       853.33
    9240.575     0.999023      1686979      1024.00
    9379.839     0.999121      1687129      1137.78
    9469.951     0.999219      1687303      1280.00
    9584.639     0.999316      1687454      1462.86
    9814.015     0.999414      1687625      1706.67
    9961.471     0.999512      1687813      2048.00
    9977.855     0.999561      1687914      2275.56
   10059.775     0.999609      1687951      2560.00
   10108.927     0.999658      1688035      2925.71
   10125.311     0.999707      1688166      3413.33
   10141.695     0.999756      1688198      4096.00
   10174.463     0.999780      1688238      4551.11
   10223.615     0.999805      1688283      5120.00
   10231.807     0.999829      1688326      5851.43
   10248.191     0.999854      1688400      6826.67
   10256.383     0.999878      1688417      8192.00
   10264.575     0.999890      1688435      9102.22
   10272.767     0.999902      1688450     10240.00
   10280.959     0.999915      1688513     11702.86
   10280.959     0.999927      1688513     13653.33
   10280.959     0.999939      1688513     16384.00
   10289.151     0.999945      1688534     18204.44
   10289.151     0.999951      1688534     20480.00
   10297.343     0.999957      1688537     23405.71
   10330.111     0.999963      1688547     27306.67
   10354.687     0.999969      1688557     32768.00
   10371.071     0.999973      1688564     36408.89
   10379.263     0.999976      1688569     40960.00
   10395.647     0.999979      1688575     46811.43
   10412.031     0.999982      1688578     54613.33
   10428.415     0.999985      1688584     65536.00
   10436.607     0.999986      1688587     72817.78
   10444.799     0.999988      1688591     81920.00
   10444.799     0.999989      1688591     93622.86
   10452.991     0.999991      1688593    109226.67
   10461.183     0.999992      1688596    131072.00
   10469.375     0.999993      1688599    145635.56
   10469.375     0.999994      1688599    163840.00
   10469.375     0.999995      1688599    187245.71
   10477.567     0.999995      1688604    218453.33
   10477.567     0.999996      1688604    262144.00
   10477.567     0.999997      1688604    291271.11
   10477.567     0.999997      1688604    327680.00
   10477.567     0.999997      1688604    374491.43
   10485.759     0.999998      1688608    436906.67
   10485.759     1.000000      1688608          inf
#[Mean    =     3779.786, StdDeviation   =     1804.370]
#[Max     =    10477.568, Total count    =      1688608]
#[Buckets =           27, SubBuckets     =         2048]
----------------------------------------------------------
  2459427 requests in 30.00s, 441.04MB read
  Socket errors: connect 0, read 801, write 0, timeout 0
Requests/sec:  81983.71
Transfer/sec:     14.70MB
WRKX_RESULT {"durationUs":29998971,"requests":2459427,"responses":2459427,"errors":801,"bytes":462460911,"latencyAvgUs":3779785.566,"latencyP95Us":6938623.000,"latencyP99Us":8191999.000}
