Running 30s test @ http://localhost:9991/
  16 threads and 256 connections
  Thread calibration: mean lat.: 1.073ms, rate sampling interval: 10ms
  Thread calibration: mean lat.: 1.046ms, rate sampling interval: 10ms
  Thread calibration: mean lat.: 1.063ms, rate sampling interval: 10ms
  Thread calibration: mean lat.: 1.057ms, rate sampling interval: 10ms
  Thread calibration: mean lat.: 1.056ms, rate sampling interval: 10ms
  Thread calibration: mean lat.: 1.039ms, rate sampling interval: 10ms
  Thread calibration: mean lat.: 1.054ms, rate sampling interval: 10ms
  Thread calibration: mean lat.: 1.058ms, rate sampling interval: 10ms
  Thread calibration: mean lat.: 1.065ms, rate sampling interval: 10ms
  Thread calibration: mean lat.: 1.057ms, rate sampling interval: 10ms
  Thread calibration: mean lat.: 1.083ms, rate sampling interval: 10ms
  Thread calibration: mean lat.: 1.055ms, rate sampling interval: 10ms
  Thread calibration: mean lat.: 1.062ms, rate sampling interval: 10ms
  Thread calibration: mean lat.: 1.054ms, rate sampling interval: 10ms
  Thread calibration: mean lat.: 1.087ms, rate sampling interval: 10ms
  Thread calibration: mean lat.: 1.067ms, rate sampling interval: 10ms
  Thread Stats   Avg      Stdev     Max   +/- Stdev
    Latency     1.01ms  423.13us   4.84ms   65.29%
    Req/Sec     0.99k   151.58     1.55k    68.12%
  Latency Distribution (HdrHistogram - Recorded Latency)
 50.000%    1.00ms
 75.000%    1.30ms
 90.000%    1.56ms
 99.000%    2.02ms
 99.900%    2.45ms
 99.990%    3.43ms
 99.999%    4.02ms
100.000%    4.85ms

  Detailed Percentile spectrum:
       Value   Percentile   TotalCount 1/(1-Percentile)

       0.102     0.000000            1         1.00
       0.445     0.100000        29927         1.11
       0.604     0.200000        59786         1.25
       0.745     0.300000        89822         1.43
       0.877     0.400000       119755         1.67
       1.001     0.500000       149508         2.00
       1.061     0.550000       164624         2.22
       1.119     0.600000       179335         2.50
       1.177     0.650000       194341         2.86
       1.236     0.700000       209350         3.33
       1.299     0.750000       224322         4.00
       1.333     0.775000       231790         4.44
       1.369     0.800000       239121         5.00
       1.409     0.825000       246647         5.71
       1.453     0.850000       254076         6.67
       1.502     0.875000       261599         8.00
       1.529     0.887500       265308         8.89
       1.559     0.900000       269004        10.00
       1.591     0.912500       272737        11.43
       1.627     0.925000       276419        13.33
       1.669     0.937500       280134        16.00
       1.692     0.943750       282020        17.78
       1.718     0.950000       283915        20.00
       1.747     0.956250       285771        22.86
       1.778     0.962500       287623        26.67
       1.816     0.968750       289469        32.00
       1.837     0.971875       290436        35.56
       1.859     0.975000       291341        40.00
       1.884     0.978125       292266        45.71
       1.912     0.981250       293203        53.33
       1.944     0.984375       294150        64.00
       1.962     0.985938       294599        71.11
       1.980     0.987500       295063        80.00
       2.002     0.989062       295528        91.43
       2.028     0.990625       296019       106.67
       2.057     0.992188       296482       128.00
       2.075     0.992969       296705       142.22
       2.093     0.993750       296929       160.00
       2.115     0.994531       297163       182.86
       2.145     0.995313       297410       213.33
       2.173     0.996094       297639       256.00
       2.191     0.996484       297755       284.44
       2.213     0.996875       297868       320.00
       2.237     0.997266       297984       365.71
       2.267     0.997656       298097       426.67
       2.299     0.998047       298215       512.00
       2.319     0.998242       298269       568.89
       2.347     0.998437       298330       640.00
       2.383     0.998633       298387       731.43
       2.419     0.998828       298449       853.33
       2.455     0.999023       298503      1024.00
       2.481     0.999121       298535      1137.78
       2.513     0.999219       298562      1280.00
       2.549     0.999316       298590      1462.86
       2.593     0.999414       298620      1706.67
       2.635     0.999512       298649      2048.00
       2.675     0.999561       298663      2275.56
       2.723     0.999609       298678      2560.00
       2.787     0.999658       298692      2925.71
       2.889     0.999707       298708      3413.33
       2.963     0.999756       298722      4096.00
       3.105     0.999780       298729      4551.11
       3.155     0.999805       298736      5120.00
       3.201     0.999829       298743      5851.43
       3.225     0.999854       298751      6826.67
       3.343     0.999878       298758      8192.00
       3.385     0.999890       298762      9102.22
       3.443     0.999902       298765     10240.00
       3.525     0.999915       298769     11702.86
       3.559     0.999927       298773     13653.33
       3.623     0.999939       298776     16384.00
       3.663     0.999945       298778     18204.44
       3.699     0.999951       298780     20480.00
       3.705     0.999957       298782     23405.71
       3.749     0.999963       298784     27306.67
       3.821     0.999969       298785     32768.00
       3.823     0.999973       298786     36408.89
       3.851     0.999976       298787     40960.00
       3.893     0.999979       298788     46811.43
       3.901     0.999982       298789     54613.33
       3.955     0.999985       298790     65536.00
       3.955     0.999986       298790     72817.78
       4.019     0.999988       298791     81920.00
       4.019     0.999989       298791     93622.86
       4.065     0.999991       298792    109226.67
       4.065     0.999992       298792    131072.00
       4.065     0.999993       298792    145635.56
       4.167     0.999994       298793    163840.00
       4.167     0.999995       298793    187245.71
       4.167     0.999995       298793    218453.33
       4.167     0.999996       298793    262144.00
       4.167     0.999997       298793    291271.11
       4.847     0.999997       298794    327680.00
       4.847     1.000000       298794          inf
#[Mean    =        1.006, StdDeviation   =        0.423]
#[Max     =        4.844, Total count    =       298794]
#[Buckets =           27, SubBuckets     =         2048]
----------------------------------------------------------
  449507 requests in 30.00s, 80.59MB read
  Socket errors: connect 0, read 885, write 0, timeout 0
Requests/sec:  14983.39
Transfer/sec:      2.69MB
WRKX_RESULT {"durationUs":30000357,"requests":449507,"responses":449507,"errors":885,"bytes":84507658,"latencyAvgUs":1005.854,"latencyP95Us":1718.000,"latencyP99Us":2016.000}
