Running 30s test @ http://localhost:9991/postgres/orders
  16 threads and 256 connections
  Thread calibration: mean lat.: 3430.409ms, rate sampling interval: 12427ms
  Thread calibration: mean lat.: 3431.794ms, rate sampling interval: 12427ms
  Thread calibration: mean lat.: 3432.223ms, rate sampling interval: 12435ms
  Thread calibration: mean lat.: 3431.095ms, rate sampling interval: 12427ms
  Thread calibration: mean lat.: 3429.539ms, rate sampling interval: 12427ms
  Thread calibration: mean lat.: 3428.831ms, rate sampling interval: 12427ms
  Thread calibration: mean lat.: 3425.164ms, rate sampling interval: 12427ms
  Thread calibration: mean lat.: 3432.172ms, rate sampling interval: 12435ms
  Thread calibration: mean lat.: 3427.607ms, rate sampling interval: 12427ms
  Thread calibration: mean lat.: 3427.958ms, rate sampling interval: 12435ms
  Thread calibration: mean lat.: 3430.694ms, rate sampling interval: 12435ms
  Thread calibration: mean lat.: 3430.897ms, rate sampling interval: 12435ms
  Thread calibration: mean lat.: 3432.130ms, rate sampling interval: 12427ms
  Thread calibration: mean lat.: 3436.341ms, rate sampling interval: 12435ms
  Thread calibration: mean lat.: 3428.975ms, rate sampling interval: 12419ms
  Thread calibration: mean lat.: 3433.128ms, rate sampling interval: 12427ms
  Thread Stats   Avg      Stdev     Max   +/- Stdev
    Latency    13.81s     3.94s   20.64s    58.13%
    Req/Sec   778.88      0.33   779.00    100.00%
  Latency Distribution (HdrHistogram - Recorded Latency)
 50.000%   13.86s 
 75.000%   17.22s 
 90.000%   19.28s 
 99.000%   20.50s 
 99.900%   20.63s 
 99.990%   20.64s 
 99.999%   20.66s 
100.000%   20.66s 

  Detailed Percentile spectrum:
       Value   Percentile   TotalCount 1/(1-Percentile)

    6922.239     0.000000            6         1.00
    8302.591     0.100000        24975         1.11
    9740.287     0.200000        49934         1.25
   11100.159     0.300000        74767         1.43
   12468.223     0.400000        99697         1.67
   13860.863     0.500000       124687         2.00
   14524.415     0.550000       137029         2.22
   15204.351     0.600000       149575         2.50
   15859.711     0.650000       162016         2.86
   16515.071     0.700000       174395         3.33
   17219.583     0.750000       187088         4.00
   17563.647     0.775000       193298         4.44
   17907.711     0.800000       199523         5.00
   18235.391     0.825000       205553         5.71
   18595.839     0.850000       211951         6.67
   18939.903     0.875000       218081         8.00
   19120.127     0.887500       221310         8.89
   19283.967     0.900000       224412        10.00
   19447.807     0.912500       227365        11.43
   19628.031     0.925000       230571        13.33
   19791.871     0.937500       233806        16.00
   19873.791     0.943750       235317        17.78
   19955.711     0.950000       236844        20.00
   20037.631     0.956250       238328        22.86
   20119.551     0.962500       239843        26.67
   20201.471     0.968750       241317        32.00
   20250.623     0.971875       242256        35.56
   20283.391     0.975000       242902        40.00
   20332.543     0.978125       243803        45.71
   20381.695     0.981250       244688        53.33
   20414.463     0.984375       245275        64.00
   20447.231     0.985938       245872        71.11
   20463.615     0.987500       246169        80.00
   20479.999     0.989062       246462        91.43
   20512.767     0.990625       247010       106.67
   20529.151     0.992188       247280       128.00
   20545.535     0.992969       247558       142.22
   20545.535     0.993750       247558       160.00
   20561.919     0.994531       247846       182.86
   20578.303     0.995313       248148       213.33
   20578.303     0.996094       248148       256.00
   20594.687     0.996484       248424       284.44
   20594.687     0.996875       248424       320.00
   20594.687     0.997266       248424       365.71
   20611.071     0.997656       248695       426.67
   20611.071     0.998047       248695       512.00
   20611.071     0.998242       248695       568.89
   20627.455     0.998437       248924       640.00
   20627.455     0.998633       248924       731.43
   20627.455     0.998828       248924       853.33
   20627.455     0.999023       248924      1024.00
   20627.455     0.999121       248924      1137.78
   20627.455     0.999219       248924      1280.00
   20627.455     0.999316       248924      1462.86
   20643.839     0.999414       249064      1706.67
   20643.839     0.999512       249064      2048.00
   20643.839     0.999561       249064      2275.56
   20643.839     0.999609       249064      2560.00
   20643.839     0.999658       249064      2925.71
   20643.839     0.999707       249064      3413.33
   20643.839     0.999756       249064      4096.00
   20643.839     0.999780       249064      4551.11
   20643.839     0.999805       249064      5120.00
   20643.839     0.999829       249064      5851.43
   20643.839     0.999854       249064      6826.67
   20643.839     0.999878       249064      8192.00
   20643.839     0.999890       249064      9102.22
   20660.223     0.999902       249089     10240.00
   20660.223     1.000000       249089          inf
#[Mean    =    13812.539, StdDeviation   =     3944.465]
#[Max     =    20643.840, Total count    =       249089]
#[Buckets =           27, SubBuckets     =         2048]
----------------------------------------------------------
  373230 requests in 30.00s, 4.96GB read
Requests/sec:  12440.26
Transfer/sec:    169.17MB
WRKX_RESULT {"durationUs":30001773,"requests":373230,"responses":373230,"errors":0,"bytes":5321900981,"latencyAvgUs":13812539.253,"latencyP95Us":19955711.000,"latencyP99Us":20496383.000}
