Running 30s test @ http://localhost:9991/postgres/orders
  16 threads and 256 connections
  Thread calibration: mean lat.: 2553.917ms, rate sampling interval: 9117ms
  Thread calibration: mean lat.: 2556.577ms, rate sampling interval: 9125ms
  Thread calibration: mean lat.: 2555.840ms, rate sampling interval: 9125ms
  Thread calibration: mean lat.: 2554.804ms, rate sampling interval: 9125ms
  Thread calibration: mean lat.: 2558.653ms, rate sampling interval: 9125ms
  Thread calibration: mean lat.: 2558.732ms, rate sampling interval: 9125ms
  Thread calibration: mean lat.: 2559.340ms, rate sampling interval: 9134ms
  Thread calibration: mean lat.: 2556.309ms, rate sampling interval: 9125ms
  Thread calibration: mean lat.: 2555.550ms, rate sampling interval: 9134ms
  Thread calibration: mean lat.: 2553.309ms, rate sampling interval: 9117ms
  Thread calibration: mean lat.: 2554.087ms, rate sampling interval: 9117ms
  Thread calibration: mean lat.: 2556.072ms, rate sampling interval: 9125ms
  Thread calibration: mean lat.: 2555.516ms, rate sampling interval: 9125ms
  Thread calibration: mean lat.: 2558.216ms, rate sampling interval: 9125ms
  Thread calibration: mean lat.: 2559.816ms, rate sampling interval: 9134ms
  Thread calibration: mean lat.: 2559.817ms, rate sampling interval: 9134ms
  Thread Stats   Avg      Stdev     Max   +/- Stdev
    Latency    10.12s     2.92s   15.16s    57.46%
    Req/Sec   774.00      7.89   783.00     93.75%
  Latency Distribution (HdrHistogram - Recorded Latency)
 50.000%   10.07s 
 75.000%   12.71s 
 90.000%   14.19s 
 99.000%   15.02s 
 99.900%   15.11s 
 99.990%   15.14s 
 99.999%   15.16s 
100.000%   15.17s 

  Detailed Percentile spectrum:
       Value   Percentile   TotalCount 1/(1-Percentile)

    5070.847     0.000000            1         1.00
    6111.231     0.100000        24793         1.11
    7118.847     0.200000        49578         1.25
    8093.695     0.300000        74321         1.43
    9035.775     0.400000        99061         1.67
   10067.967     0.500000       123837         2.00
   10592.255     0.550000       136375         2.22
   11124.735     0.600000       148700         2.50
   11640.831     0.650000       160965         2.86
   12173.311     0.700000       173323         3.33
   12713.983     0.750000       185725         4.00
   12967.935     0.775000       191973         4.44
   13205.503     0.800000       198089         5.00
   13459.455     0.825000       204463         5.71
   13705.215     0.850000       210614         6.67
   13942.783     0.875000       216873         8.00
   14057.471     0.887500       219758         8.89
   14188.543     0.900000       223036        10.00
   14303.231     0.912500       225983        11.43
   14417.919     0.925000       229081        13.33
   14540.799     0.937500       232312        16.00
   14598.143     0.943750       233824        17.78
   14655.487     0.950000       235290        20.00
   14712.831     0.956250       236785        22.86
   14778.367     0.962500       238514        26.67
   14835.711     0.968750       240045        32.00
   14860.287     0.971875       240714        35.56
   14884.863     0.975000       241426        40.00
   14917.631     0.978125       242391        45.71
   14942.207     0.981250       243112        53.33
   14966.783     0.984375       243818        64.00
   14983.167     0.985938       244258        71.11
   14999.551     0.987500       244677        80.00
   15015.935     0.989062       245075        91.43
   15032.319     0.990625       245468       106.67
   15048.703     0.992188       245863       128.00
   15048.703     0.992969       245863       142.22
   15056.895     0.993750       246064       160.00
   15065.087     0.994531       246261       182.86
   15073.279     0.995313       246454       213.33
   15081.471     0.996094       246661       256.00
   15089.663     0.996484       246875       284.44
   15089.663     0.996875       246875       320.00
   15097.855     0.997266       247077       365.71
   15097.855     0.997656       247077       426.67
   15106.047     0.998047       247249       512.00
   15106.047     0.998242       247249       568.89
   15106.047     0.998437       247249       640.00
   15114.239     0.998633       247387       731.43
   15114.239     0.998828       247387       853.33
   15114.239     0.999023       247387      1024.00
   15114.239     0.999121       247387      1137.78
   15122.431     0.999219       247484      1280.00
   15122.431     0.999316       247484      1462.86
   15122.431     0.999414       247484      1706.67
   15122.431     0.999512       247484      2048.00
   15130.623     0.999561       247546      2275.56
   15130.623     0.999609       247546      2560.00
   15130.623     0.999658       247546      2925.71
   15130.623     0.999707       247546      3413.33
   15130.623     0.999756       247546      4096.00
   15130.623     0.999780       247546      4551.11
   15138.815     0.999805       247581      5120.00
   15138.815     0.999829       247581      5851.43
   15138.815     0.999854       247581      6826.67
   15138.815     0.999878       247581      8192.00
   15138.815     0.999890       247581      9102.22
   15138.815     0.999902       247581     10240.00
   15138.815     0.999915       247581     11702.86
   15138.815     0.999927       247581     13653.33
   15147.007     0.999939       247596     16384.00
   15147.007     0.999945       247596     18204.44
   15147.007     0.999951       247596     20480.00
   15147.007     0.999957       247596     23405.71
   15147.007     0.999963       247596     27306.67
   15147.007     0.999969       247596     32768.00
   15147.007     0.999973       247596     36408.89
   15147.007     0.999976       247596     40960.00
   15147.007     0.999979       247596     46811.43
   15147.007     0.999982       247596     54613.33
   15147.007     0.999985       247596     65536.00
   15147.007     0.999986       247596     72817.78
   15147.007     0.999988       247596     81920.00
   15155.199     0.999989       247598     93622.86
   15155.199     0.999991       247598    109226.67
   15155.199     0.999992       247598    131072.00
   15155.199     0.999993       247598    145635.56
   15155.199     0.999994       247598    163840.00
   15155.199     0.999995       247598    187245.71
   15155.199     0.999995       247598    218453.33
   15171.583     0.999996       247599    262144.00
   15171.583     1.000000       247599          inf
#[Mean    =    10120.375, StdDeviation   =     2917.691]
#[Max     =    15163.392, Total count    =       247599]
#[Buckets =           27, SubBuckets     =         2048]
----------------------------------------------------------
  371188 requests in 30.00s, 4.93GB read
Requests/sec:  12372.61
Transfer/sec:    168.25MB
WRKX_RESULT {"durationUs":30000794,"requests":371188,"responses":371188,"errors":0,"bytes":5292826708,"latencyAvgUs":10120375.250,"latencyP95Us":14655487.000,"latencyP99Us":15024127.000}
