Running 30s test @ http://localhost:9991/postgres/orders
  16 threads and 256 connections
  Thread calibration: mean lat.: 1923.330ms, rate sampling interval: 6967ms
  Thread calibration: mean lat.: 1924.697ms, rate sampling interval: 6975ms
  Thread calibration: mean lat.: 1927.812ms, rate sampling interval: 6983ms
  Thread calibration: mean lat.: 1928.794ms, rate sampling interval: 6979ms
  Thread calibration: mean lat.: 1923.355ms, rate sampling interval: 6967ms
  Thread calibration: mean lat.: 1925.906ms, rate sampling interval: 6975ms
  Thread calibration: mean lat.: 1928.035ms, rate sampling interval: 6983ms
  Thread calibration: mean lat.: 1921.181ms, rate sampling interval: 6963ms
  Thread calibration: mean lat.: 1930.207ms, rate sampling interval: 6975ms
  Thread calibration: mean lat.: 1922.480ms, rate sampling interval: 6971ms
  Thread calibration: mean lat.: 1925.161ms, rate sampling interval: 6967ms
  Thread calibration: mean lat.: 1922.733ms, rate sampling interval: 6967ms
  Thread calibration: mean lat.: 1927.414ms, rate sampling interval: 6979ms
  Thread calibration: mean lat.: 1927.955ms, rate sampling interval: 6975ms
  Thread calibration: mean lat.: 1927.657ms, rate sampling interval: 6975ms
  Thread calibration: mean lat.: 1927.494ms, rate sampling interval: 6987ms
  Thread Stats   Avg      Stdev     Max   +/- Stdev
    Latency     7.83s     2.27s   11.73s    57.72%
    Req/Sec   756.88      1.96   760.00     93.75%
  Latency Distribution (HdrHistogram - Recorded Latency)
 50.000%    7.86s 
 75.000%    9.85s 
 90.000%   10.94s 
 99.000%   11.61s 
 99.900%   11.67s 
 99.990%   11.71s 
 99.999%   11.72s 
100.000%   11.74s 

  Detailed Percentile spectrum:
       Value   Percentile   TotalCount 1/(1-Percentile)

    3858.431     0.000000            1         1.00
    4632.575     0.100000        24350         1.11
    5513.215     0.200000        48541         1.25
    6275.071     0.300000        72824         1.43
    7028.735     0.400000        97167         1.67
    7856.127     0.500000       121395         2.00
    8241.151     0.550000       133503         2.22
    8634.367     0.600000       145746         2.50
    9019.391     0.650000       157782         2.86
    9420.799     0.700000       169923         3.33
    9846.783     0.750000       182187         4.00
   10051.583     0.775000       188200         4.44
   10248.191     0.800000       194296         5.00
   10420.223     0.825000       200249         5.71
   10608.639     0.850000       206530         6.67
   10764.287     0.875000       212424         8.00
   10854.399     0.887500       215409         8.89
   10944.511     0.900000       218439        10.00
   11034.623     0.912500       221476        11.43
   11132.927     0.925000       224603        13.33
   11214.847     0.937500       227527        16.00
   11255.807     0.943750       229071        17.78
   11304.959     0.950000       230757        20.00
   11345.919     0.956250       232160        22.86
   11395.071     0.962500       233768        26.67
   11436.031     0.968750       235166        32.00
   11460.607     0.971875       235984        35.56
   11485.183     0.975000       236796        40.00
   11509.759     0.978125       237609        45.71
   11534.335     0.981250       238378        53.33
   11558.911     0.984375       239056        64.00
   11567.103     0.985938       239290        71.11
   11583.487     0.987500       239763        80.00
   11599.871     0.989062       240263        91.43
   11608.063     0.990625       240514       106.67
   11624.447     0.992188       241037       128.00
   11624.447     0.992969       241037       142.22
   11632.639     0.993750       241316       160.00
   11640.831     0.994531       241576       182.86
   11640.831     0.995313       241576       213.33
   11649.023     0.996094       241843       256.00
   11649.023     0.996484       241843       284.44
   11657.215     0.996875       242086       320.00
   11657.215     0.997266       242086       365.71
   11665.407     0.997656       242288       426.67
   11665.407     0.998047       242288       512.00
   11665.407     0.998242       242288       568.89
   11673.599     0.998437       242454       640.00
   11673.599     0.998633       242454       731.43
   11673.599     0.998828       242454       853.33
   11681.791     0.999023       242570      1024.00
   11681.791     0.999121       242570      1137.78
   11681.791     0.999219       242570      1280.00
   11681.791     0.999316       242570      1462.86
   11681.791     0.999414       242570      1706.67
   11689.983     0.999512       242638      2048.00
   11689.983     0.999561       242638      2275.56
   11689.983     0.999609       242638      2560.00
   11689.983     0.999658       242638      2925.71
   11689.983     0.999707       242638      3413.33
   11689.983     0.999756       242638      4096.00
   11698.175     0.999780       242670      4551.11
   11698.175     0.999805       242670      5120.00
   11698.175     0.999829       242670      5851.43
   11698.175     0.999854       242670      6826.67
   11698.175     0.999878       242670      8192.00
   11698.175     0.999890       242670      9102.22
   11706.367     0.999902       242687     10240.00
   11706.367     0.999915       242687     11702.86
   11706.367     0.999927       242687     13653.33
   11706.367     0.999939       242687     16384.00
   11706.367     0.999945       242687     18204.44
   11706.367     0.999951       242687     20480.00
   11706.367     0.999957       242687     23405.71
   11706.367     0.999963       242687     27306.67
   11714.559     0.999969       242692     32768.00
   11714.559     0.999973       242692     36408.89
   11714.559     0.999976       242692     40960.00
   11714.559     0.999979       242692     46811.43
   11714.559     0.999982       242692     54613.33
   11714.559     0.999985       242692     65536.00
   11714.559     0.999986       242692     72817.78
   11722.751     0.999988       242693     81920.00
   11722.751     0.999989       242693     93622.86
   11722.751     0.999991       242693    109226.67
   11730.943     0.999992       242694    131072.00
   11730.943     0.999993       242694    145635.56
   11730.943     0.999994       242694    163840.00
   11730.943     0.999995       242694    187245.71
   11730.943     0.999995       242694    218453.33
   11739.135     0.999996       242695    262144.00
   11739.135     1.000000       242695          inf
#[Mean    =     7828.735, StdDeviation   =     2272.408]
#[Max     =    11730.944, Total count    =       242695]
#[Buckets =           27, SubBuckets     =         2048]
----------------------------------------------------------
  365875 requests in 30.00s, 4.86GB read
Requests/sec:  12195.32
Transfer/sec:    165.84MB
WRKX_RESULT {"durationUs":30001269,"requests":365875,"responses":365875,"errors":0,"bytes":5217026193,"latencyAvgUs":7828735.094,"latencyP95Us":11304959.000,"latencyP99Us":11608063.000}
