Running 30s test @ http://localhost:9991/postgres/orders
  16 threads and 256 connections
  Thread calibration: mean lat.: 4362.272ms, rate sampling interval: 15810ms
  Thread calibration: mean lat.: 4362.542ms, rate sampling interval: 15810ms
  Thread calibration: mean lat.: 4357.707ms, rate sampling interval: 15802ms
  Thread calibration: mean lat.: 4359.202ms, rate sampling interval: 15810ms
  Thread calibration: mean lat.: 3984.690ms, rate sampling interval: 14335ms
  Thread calibration: mean lat.: 4359.033ms, rate sampling interval: 15810ms
  Thread calibration: mean lat.: 4362.263ms, rate sampling interval: 15810ms
  Thread calibration: mean lat.: 4362.773ms, rate sampling interval: 15810ms
  Thread calibration: mean lat.: 4358.723ms, rate sampling interval: 15810ms
  Thread calibration: mean lat.: 4361.980ms, rate sampling interval: 15810ms
  Thread calibration: mean lat.: 4358.174ms, rate sampling interval: 15810ms
  Thread calibration: mean lat.: 4360.151ms, rate sampling interval: 15810ms
  Thread calibration: mean lat.: 4358.492ms, rate sampling interval: 15810ms
  Thread calibration: mean lat.: 4363.951ms, rate sampling interval: 15810ms
  Thread calibration: mean lat.: 4362.003ms, rate sampling interval: 15802ms
  Thread calibration: mean lat.: 4359.149ms, rate sampling interval: 15810ms
  Thread Stats   Avg      Stdev     Max   +/- Stdev
    Latency    17.54s     5.06s   26.33s    57.70%
    Req/Sec   748.31      0.58   750.00     93.75%
  Latency Distribution (HdrHistogram - Recorded Latency)
 50.000%   17.55s 
 75.000%   21.94s 
 90.000%   24.54s 
 99.000%   26.13s 
 99.900%   26.30s 
 99.990%   26.33s 
 99.999%   26.35s 
100.000%   26.35s 

  Detailed Percentile spectrum:
       Value   Percentile   TotalCount 1/(1-Percentile)

    7958.527     0.000000            1         1.00
   10493.951     0.100000        23996         1.11
   12304.383     0.200000        48046         1.25
   14098.431     0.300000        72040         1.43
   15818.751     0.400000        96026         1.67
   17547.263     0.500000       120151         2.00
   18399.231     0.550000       131993         2.22
   19283.967     0.600000       144087         2.50
   20152.319     0.650000       155967         2.86
   21053.439     0.700000       168119         3.33
   21938.175     0.750000       179926         4.00
   22396.927     0.775000       185970         4.44
   22839.295     0.800000       192102         5.00
   23248.895     0.825000       197943         5.71
   23674.879     0.850000       203921         6.67
   24117.247     0.875000       210079         8.00
   24330.239     0.887500       213069         8.89
   24543.231     0.900000       215995        10.00
   24756.223     0.912500       218945        11.43
   24969.215     0.925000       221897        13.33
   25182.207     0.937500       224970        16.00
   25280.511     0.943750       226395        17.78
   25395.199     0.950000       228020        20.00
   25493.503     0.956250       229395        22.86
   25608.191     0.962500       230908        26.67
   25722.879     0.968750       232469        32.00
   25788.415     0.971875       233288        35.56
   25837.567     0.975000       233895        40.00
   25903.103     0.978125       234707        45.71
   25968.639     0.981250       235569        53.33
   26017.791     0.984375       236178        64.00
   26050.559     0.985938       236580        71.11
   26083.327     0.987500       237013        80.00
   26116.095     0.989062       237424        91.43
   26148.863     0.990625       237818       106.67
   26165.247     0.992188       238026       128.00
   26181.631     0.992969       238247       142.22
   26198.015     0.993750       238463       160.00
   26214.399     0.994531       238679       182.86
   26230.783     0.995313       238889       213.33
   26247.167     0.996094       239103       256.00
   26247.167     0.996484       239103       284.44
   26263.551     0.996875       239310       320.00
   26263.551     0.997266       239310       365.71
   26279.935     0.997656       239524       426.67
   26279.935     0.998047       239524       512.00
   26279.935     0.998242       239524       568.89
   26279.935     0.998437       239524       640.00
   26296.319     0.998633       239698       731.43
   26296.319     0.998828       239698       853.33
   26296.319     0.999023       239698      1024.00
   26296.319     0.999121       239698      1137.78
   26296.319     0.999219       239698      1280.00
   26312.703     0.999316       239808      1462.86
   26312.703     0.999414       239808      1706.67
   26312.703     0.999512       239808      2048.00
   26312.703     0.999561       239808      2275.56
   26312.703     0.999609       239808      2560.00
   26312.703     0.999658       239808      2925.71
   26329.087     0.999707       239874      3413.33
   26329.087     0.999756       239874      4096.00
   26329.087     0.999780       239874      4551.11
   26329.087     0.999805       239874      5120.00
   26329.087     0.999829       239874      5851.43
   26329.087     0.999854       239874      6826.67
   26329.087     0.999878       239874      8192.00
   26329.087     0.999890       239874      9102.22
   26329.087     0.999902       239874     10240.00
   26329.087     0.999915       239874     11702.86
   26329.087     0.999927       239874     13653.33
   26329.087     0.999939       239874     16384.00
   26329.087     0.999945       239874     18204.44
   26329.087     0.999951       239874     20480.00
   26329.087     0.999957       239874     23405.71
   26329.087     0.999963       239874     27306.67
   26329.087     0.999969       239874     32768.00
   26329.087     0.999973       239874     36408.89
   26329.087     0.999976       239874     40960.00
   26329.087     0.999979       239874     46811.43
   26345.471     0.999982       239879     54613.33
   26345.471     1.000000       239879          inf
#[Mean    =    17539.502, StdDeviation   =     5059.610]
#[Max     =    26329.088, Total count    =       239879]
#[Buckets =           27, SubBuckets     =         2048]
----------------------------------------------------------
  364648 requests in 30.00s, 4.84GB read
Requests/sec:  12153.95
Transfer/sec:    165.27MB
WRKX_RESULT {"durationUs":30002436,"requests":364648,"responses":364648,"errors":0,"bytes":5199515989,"latencyAvgUs":17539501.998,"latencyP95Us":25395199.000,"latencyP99Us":26132479.000}
