Running 30s test @ http://localhost:9991/postgres/orders
  16 threads and 256 connections
  Thread calibration: mean lat.: 2.512ms, rate sampling interval: 10ms
  Thread calibration: mean lat.: 2.552ms, rate sampling interval: 10ms
  Thread calibration: mean lat.: 2.518ms, rate sampling interval: 10ms
  Thread calibration: mean lat.: 2.658ms, rate sampling interval: 10ms
  Thread calibration: mean lat.: 2.569ms, rate sampling interval: 10ms
  Thread calibration: mean lat.: 2.596ms, rate sampling interval: 10ms
  Thread calibration: mean lat.: 2.635ms, rate sampling interval: 10ms
  Thread calibration: mean lat.: 2.579ms, rate sampling interval: 10ms
  Thread calibration: mean lat.: 2.580ms, rate sampling interval: 10ms
  Thread calibration: mean lat.: 2.555ms, rate sampling interval: 10ms
  Thread calibration: mean lat.: 2.578ms, rate sampling interval: 10ms
  Thread calibration: mean lat.: 2.567ms, rate sampling interval: 10ms
  Thread calibration: mean lat.: 2.583ms, rate sampling interval: 10ms
  Thread calibration: mean lat.: 2.646ms, rate sampling interval: 10ms
  Thread calibration: mean lat.: 2.571ms, rate sampling interval: 10ms
  Thread calibration: mean lat.: 2.599ms, rate sampling interval: 10ms
  Thread Stats   Avg      Stdev     Max   +/- Stdev
    Latency     2.52ms    0.89ms   8.93ms   70.92%
    Req/Sec   328.97    172.51     0.90k    68.12%
  Latency Distribution (HdrHistogram - Recorded Latency)
 50.000%    2.32ms
 75.000%    3.01ms
 90.000%    3.79ms
 99.000%    5.17ms
 99.900%    6.28ms
 99.990%    7.30ms
 99.999%    7.99ms
100.000%    8.94ms

  Detailed Percentile spectrum:
       Value   Percentile   TotalCount 1/(1-Percentile)

       0.831     0.000000            1         1.00
       1.549     0.100000         9970         1.11
       1.777     0.200000        19942         1.25
       1.966     0.300000        29900         1.43
       2.139     0.400000        39846         1.67
       2.321     0.500000        49819         2.00
       2.421     0.550000        54780         2.22
       2.537     0.600000        59767         2.50
       2.669     0.650000        64771         2.86
       2.825     0.700000        69730         3.33
       3.009     0.750000        74706         4.00
       3.111     0.775000        77215         4.44
       3.217     0.800000        79692         5.00
       3.333     0.825000        82160         5.71
       3.465     0.850000        84649         6.67
       3.613     0.875000        87139         8.00
       3.691     0.887500        88382         8.89
       3.787     0.900000        89652        10.00
       3.881     0.912500        90872        11.43
       3.981     0.925000        92120        13.33
       4.107     0.937500        93384        16.00
       4.175     0.943750        93990        17.78
       4.251     0.950000        94620        20.00
       4.335     0.956250        95249        22.86
       4.435     0.962500        95868        26.67
       4.535     0.968750        96473        32.00
       4.595     0.971875        96788        35.56
       4.667     0.975000        97095        40.00
       4.751     0.978125        97417        45.71
       4.831     0.981250        97724        53.33
       4.927     0.984375        98041        64.00
       4.983     0.985938        98185        71.11
       5.051     0.987500        98343        80.00
       5.123     0.989062        98497        91.43
       5.215     0.990625        98655       106.67
       5.331     0.992188        98810       128.00
       5.391     0.992969        98884       142.22
       5.455     0.993750        98966       160.00
       5.515     0.994531        99041       182.86
       5.587     0.995313        99118       213.33
       5.671     0.996094        99196       256.00
       5.715     0.996484        99237       284.44
       5.775     0.996875        99275       320.00
       5.827     0.997266        99313       365.71
       5.903     0.997656        99351       426.67
       5.987     0.998047        99390       512.00
       6.035     0.998242        99411       568.89
       6.091     0.998437        99429       640.00
       6.135     0.998633        99448       731.43
       6.223     0.998828        99470       853.33
       6.295     0.999023        99487      1024.00
       6.327     0.999121        99498      1137.78
       6.363     0.999219        99507      1280.00
       6.411     0.999316        99517      1462.86
       6.479     0.999414        99526      1706.67
       6.519     0.999512        99536      2048.00
       6.571     0.999561        99541      2275.56
       6.639     0.999609        99546      2560.00
       6.707     0.999658        99550      2925.71
       6.771     0.999707        99555      3413.33
       6.847     0.999756        99560      4096.00
       6.887     0.999780        99563      4551.11
       6.907     0.999805        99565      5120.00
       6.999     0.999829        99567      5851.43
       7.095     0.999854        99570      6826.67
       7.247     0.999878        99572      8192.00
       7.303     0.999890        99574      9102.22
       7.359     0.999902        99575     10240.00
       7.415     0.999915        99576     11702.86
       7.459     0.999927        99577     13653.33
       7.487     0.999939        99578     16384.00
       7.507     0.999945        99579     18204.44
       7.563     0.999951        99580     20480.00
       7.563     0.999957        99580     23405.71
       7.567     0.999963        99581     27306.67
       7.567     0.999969        99581     32768.00
       7.927     0.999973        99582     36408.89
       7.927     0.999976        99582     40960.00
       7.927     0.999979        99582     46811.43
       7.991     0.999982        99583     54613.33
       7.991     0.999985        99583     65536.00
       7.991     0.999986        99583     72817.78
       7.991     0.999988        99583     81920.00
       7.991     0.999989        99583     93622.86
       8.935     0.999991        99584    109226.67
       8.935     1.000000        99584          inf
#[Mean    =        2.518, StdDeviation   =        0.891]
#[Max     =        8.928, Total count    =        99584]
#[Buckets =           27, SubBuckets     =         2048]
----------------------------------------------------------
  149901 requests in 30.00s, 1.99GB read
Requests/sec:   4995.99
Transfer/sec:     67.94MB
WRKX_RESULT {"durationUs":30004252,"requests":149901,"responses":149901,"errors":0,"bytes":2137452927,"latencyAvgUs":2518.384,"latencyP95Us":4251.000,"latencyP99Us":5171.000}
