Running 30s test @ http://localhost:9991/postgres/orders
  16 threads and 256 connections
  Thread calibration: mean lat.: 4636.867ms, rate sampling interval: 16662ms
  Thread calibration: mean lat.: 4638.319ms, rate sampling interval: 16662ms
  Thread calibration: mean lat.: 4641.792ms, rate sampling interval: 16670ms
  Thread calibration: mean lat.: 4639.439ms, rate sampling interval: 16662ms
  Thread calibration: mean lat.: 4636.343ms, rate sampling interval: 16662ms
  Thread calibration: mean lat.: 4640.710ms, rate sampling interval: 16670ms
  Thread calibration: mean lat.: 4639.484ms, rate sampling interval: 16654ms
  Thread calibration: mean lat.: 4637.184ms, rate sampling interval: 16662ms
  Thread calibration: mean lat.: 4638.365ms, rate sampling interval: 16670ms
  Thread calibration: mean lat.: 4642.192ms, rate sampling interval: 16670ms
  Thread calibration: mean lat.: 4639.053ms, rate sampling interval: 16654ms
  Thread calibration: mean lat.: 4635.731ms, rate sampling interval: 16662ms
  Thread calibration: mean lat.: 4634.622ms, rate sampling interval: 16662ms
  Thread calibration: mean lat.: 4636.400ms, rate sampling interval: 16662ms
  Thread calibration: mean lat.: 4637.445ms, rate sampling interval: 16662ms
  Thread calibration: mean lat.: 4642.311ms, rate sampling interval: 16670ms
  Thread Stats   Avg      Stdev     Max   +/- Stdev
    Latency    18.32s     5.27s   27.49s    57.70%
    Req/Sec   787.19      0.39   788.00    100.00%
  Latency Distribution (HdrHistogram - Recorded Latency)
 50.000%   18.32s 
 75.000%   22.89s 
 90.000%   25.66s 
 99.000%   27.30s 
 99.900%   27.46s 
 99.990%   27.49s 
 99.999%   27.51s 
100.000%   27.51s 

  Detailed Percentile spectrum:
       Value   Percentile   TotalCount 1/(1-Percentile)

    9199.615     0.000000            5         1.00
   11026.431     0.100000        25131         1.11
   12845.055     0.200000        50199         1.25
   14671.871     0.300000        75222         1.43
   16506.879     0.400000       100298         1.67
   18317.311     0.500000       125569         2.00
   19185.663     0.550000       137998         2.22
   20086.783     0.600000       150452         2.50
   21004.287     0.650000       162955         2.86
   21954.559     0.700000       175697         3.33
   22888.447     0.750000       188138         4.00
   23347.199     0.775000       194419         4.44
   23805.951     0.800000       200568         5.00
   24264.703     0.825000       206929         5.71
   24723.455     0.850000       213258         6.67
   25182.207     0.875000       219423         8.00
   25411.583     0.887500       222533         8.89
   25657.343     0.900000       225828        10.00
   25886.719     0.912500       228959        11.43
   26116.095     0.925000       232029        13.33
   26345.471     0.937500       235085        16.00
   26460.159     0.943750       236691        17.78
   26574.847     0.950000       238283        20.00
   26689.535     0.956250       239926        22.86
   26787.839     0.962500       241308        26.67
   26918.911     0.968750       243062        32.00
   26968.063     0.971875       243756        35.56
   27033.599     0.975000       244619        40.00
   27082.751     0.978125       245300        45.71
   27148.287     0.981250       246172        53.33
   27197.439     0.984375       246842        64.00
   27230.207     0.985938       247294        71.11
   27262.975     0.987500       247746        80.00
   27279.359     0.989062       247983        91.43
   27312.127     0.990625       248457       106.67
   27344.895     0.992188       248923       128.00
   27361.279     0.992969       249161       142.22
   27361.279     0.993750       249161       160.00
   27377.663     0.994531       249384       182.86
   27394.047     0.995313       249607       213.33
   27410.431     0.996094       249838       256.00
   27410.431     0.996484       249838       284.44
   27426.815     0.996875       250062       320.00
   27426.815     0.997266       250062       365.71
   27443.199     0.997656       250290       426.67
   27443.199     0.998047       250290       512.00
   27443.199     0.998242       250290       568.89
   27459.583     0.998437       250470       640.00
   27459.583     0.998633       250470       731.43
   27459.583     0.998828       250470       853.33
   27459.583     0.999023       250470      1024.00
   27475.967     0.999121       250607      1137.78
   27475.967     0.999219       250607      1280.00
   27475.967     0.999316       250607      1462.86
   27475.967     0.999414       250607      1706.67
   27475.967     0.999512       250607      2048.00
   27475.967     0.999561       250607      2275.56
   27475.967     0.999609       250607      2560.00
   27492.351     0.999658       250691      2925.71
   27492.351     0.999707       250691      3413.33
   27492.351     0.999756       250691      4096.00
   27492.351     0.999780       250691      4551.11
   27492.351     0.999805       250691      5120.00
   27492.351     0.999829       250691      5851.43
   27492.351     0.999854       250691      6826.67
   27492.351     0.999878       250691      8192.00
   27492.351     0.999890       250691      9102.22
   27492.351     0.999902       250691     10240.00
   27492.351     0.999915       250691     11702.86
   27492.351     0.999927       250691     13653.33
   27492.351     0.999939       250691     16384.00
   27492.351     0.999945       250691     18204.44
   27492.351     0.999951       250691     20480.00
   27492.351     0.999957       250691     23405.71
   27492.351     0.999963       250691     27306.67
   27508.735     0.999969       250700     32768.00
   27508.735     1.000000       250700          inf
#[Mean    =    18315.842, StdDeviation   =     5267.868]
#[Max     =    27492.352, Total count    =       250700]
#[Buckets =           27, SubBuckets     =         2048]
----------------------------------------------------------
  373378 requests in 30.00s, 4.96GB read
Requests/sec:  12445.22
Transfer/sec:    169.24MB
WRKX_RESULT {"durationUs":30001715,"requests":373378,"responses":373378,"errors":0,"bytes":5324001155,"latencyAvgUs":18315841.737,"latencyP95Us":26574847.000,"latencyP99Us":27295743.000}
