Running 30s test @ http://localhost:9991/postgres/orders
  16 threads and 256 connections
  Thread calibration: mean lat.: 3744.061ms, rate sampling interval: 13574ms
  Thread calibration: mean lat.: 3746.060ms, rate sampling interval: 13574ms
  Thread calibration: mean lat.: 3743.839ms, rate sampling interval: 13574ms
  Thread calibration: mean lat.: 3745.383ms, rate sampling interval: 13582ms
  Thread calibration: mean lat.: 3742.811ms, rate sampling interval: 13574ms
  Thread calibration: mean lat.: 3744.236ms, rate sampling interval: 13574ms
  Thread calibration: mean lat.: 3741.908ms, rate sampling interval: 13565ms
  Thread calibration: mean lat.: 3742.688ms, rate sampling interval: 13565ms
  Thread calibration: mean lat.: 3749.420ms, rate sampling interval: 13582ms
  Thread calibration: mean lat.: 3746.154ms, rate sampling interval: 13574ms
  Thread calibration: mean lat.: 3743.087ms, rate sampling interval: 13574ms
  Thread calibration: mean lat.: 3748.745ms, rate sampling interval: 13574ms
  Thread calibration: mean lat.: 3748.147ms, rate sampling interval: 13582ms
  Thread calibration: mean lat.: 3746.072ms, rate sampling interval: 13582ms
  Thread calibration: mean lat.: 3743.376ms, rate sampling interval: 13574ms
  Thread calibration: mean lat.: 3746.908ms, rate sampling interval: 13574ms
  Thread Stats   Avg      Stdev     Max   +/- Stdev
    Latency    15.11s     4.35s   22.63s    57.42%
    Req/Sec   768.62      0.48   769.00    100.00%
  Latency Distribution (HdrHistogram - Recorded Latency)
 50.000%   15.02s 
 75.000%   19.01s 
 90.000%   21.15s 
 99.000%   22.48s 
 99.900%   22.61s 
 99.990%   22.63s 
 99.999%   22.64s 
100.000%   22.64s 

  Detailed Percentile spectrum:
       Value   Percentile   TotalCount 1/(1-Percentile)

    7532.543     0.000000            1         1.00
    9084.927     0.100000        24431         1.11
   10641.407     0.200000        48760         1.25
   12148.735     0.300000        73113         1.43
   13598.719     0.400000        97370         1.67
   15024.127     0.500000       121646         2.00
   15728.639     0.550000       133866         2.22
   16449.535     0.600000       145974         2.50
   17203.199     0.650000       158214         2.86
   18268.159     0.700000       170488         3.33
   19005.439     0.750000       182601         4.00
   19382.271     0.775000       188713         4.44
   19742.719     0.800000       194833         5.00
   20103.167     0.825000       200785         5.71
   20479.999     0.850000       206976         6.67
   20824.063     0.875000       213035         8.00
   20987.903     0.887500       216108         8.89
   21151.743     0.900000       219051        10.00
   21331.967     0.912500       222075        11.43
   21528.575     0.925000       225247        13.33
   21708.799     0.937500       228222        16.00
   21807.103     0.943750       229740        17.78
   21889.023     0.950000       231127        20.00
   21987.327     0.956250       232752        22.86
   22085.631     0.962500       234398        26.67
   22167.551     0.968750       235762        32.00
   22216.703     0.971875       236564        35.56
   22265.855     0.975000       237371        40.00
   22315.007     0.978125       238185        45.71
   22347.775     0.981250       238749        53.33
   22396.927     0.984375       239600        64.00
   22413.311     0.985938       239888        71.11
   22446.079     0.987500       240453        80.00
   22462.463     0.989062       240721        91.43
   22478.847     0.990625       240996       106.67
   22511.615     0.992188       241546       128.00
   22527.999     0.992969       241827       142.22
   22527.999     0.993750       241827       160.00
   22544.383     0.994531       242100       182.86
   22560.767     0.995313       242391       213.33
   22560.767     0.996094       242391       256.00
   22577.151     0.996484       242692       284.44
   22577.151     0.996875       242692       320.00
   22577.151     0.997266       242692       365.71
   22593.535     0.997656       242957       426.67
   22593.535     0.998047       242957       512.00
   22593.535     0.998242       242957       568.89
   22593.535     0.998437       242957       640.00
   22593.535     0.998633       242957       731.43
   22609.919     0.998828       243163       853.33
   22609.919     0.999023       243163      1024.00
   22609.919     0.999121       243163      1137.78
   22609.919     0.999219       243163      1280.00
   22609.919     0.999316       243163      1462.86
   22609.919     0.999414       243163      1706.67
   22609.919     0.999512       243163      2048.00
   22626.303     0.999561       243261      2275.56
   22626.303     0.999609       243261      2560.00
   22626.303     0.999658       243261      2925.71
   22626.303     0.999707       243261      3413.33
   22626.303     0.999756       243261      4096.00
   22626.303     0.999780       243261      4551.11
   22626.303     0.999805       243261      5120.00
   22626.303     0.999829       243261      5851.43
   22626.303     0.999854       243261      6826.67
   22626.303     0.999878       243261      8192.00
   22626.303     0.999890       243261      9102.22
   22626.303     0.999902       243261     10240.00
   22626.303     0.999915       243261     11702.86
   22626.303     0.999927       243261     13653.33
   22626.303     0.999939       243261     16384.00
   22626.303     0.999945       243261     18204.44
   22626.303     0.999951       243261     20480.00
   22642.687     0.999957       243272     23405.71
   22642.687     1.000000       243272          inf
#[Mean    =    15107.100, StdDeviation   =     4351.771]
#[Max     =    22626.304, Total count    =       243272]
#[Buckets =           27, SubBuckets     =         2048]
----------------------------------------------------------
  367609 requests in 30.00s, 4.88GB read
Requests/sec:  12253.68
Transfer/sec:    166.63MB
WRKX_RESULT {"durationUs":29999889,"requests":367609,"responses":367609,"errors":0,"bytes":5241769492,"latencyAvgUs":15107099.807,"latencyP95Us":21889023.000,"latencyP99Us":22478847.000}
