Running 30s test @ http://localhost:9991/postgres/orders
  16 threads and 256 connections
  Thread calibration: mean lat.: 5.870ms, rate sampling interval: 17ms
  Thread calibration: mean lat.: 5.847ms, rate sampling interval: 17ms
  Thread calibration: mean lat.: 5.855ms, rate sampling interval: 17ms
  Thread calibration: mean lat.: 5.838ms, rate sampling interval: 17ms
  Thread calibration: mean lat.: 5.802ms, rate sampling interval: 17ms
  Thread calibration: mean lat.: 5.887ms, rate sampling interval: 17ms
  Thread calibration: mean lat.: 5.843ms, rate sampling interval: 17ms
  Thread calibration: mean lat.: 5.812ms, rate sampling interval: 17ms
  Thread calibration: mean lat.: 5.951ms, rate sampling interval: 17ms
  Thread calibration: mean lat.: 5.707ms, rate sampling interval: 17ms
  Thread calibration: mean lat.: 5.893ms, rate sampling interval: 17ms
  Thread calibration: mean lat.: 5.969ms, rate sampling interval: 17ms
  Thread calibration: mean lat.: 5.930ms, rate sampling interval: 17ms
  Thread calibration: mean lat.: 6.459ms, rate sampling interval: 18ms
  Thread calibration: mean lat.: 6.487ms, rate sampling interval: 17ms
  Thread calibration: mean lat.: 6.304ms, rate sampling interval: 17ms
  Thread Stats   Avg      Stdev     Max   +/- Stdev
    Latency     6.15ms    2.42ms  30.91ms   66.35%
    Req/Sec   643.77    109.14     1.25k    66.12%
  Latency Distribution (HdrHistogram - Recorded Latency)
 50.000%    6.41ms
 75.000%    7.82ms
 90.000%    8.99ms
 99.000%   11.80ms
 99.900%   15.58ms
 99.990%   19.14ms
 99.999%   28.05ms
100.000%   30.93ms

  Detailed Percentile spectrum:
       Value   Percentile   TotalCount 1/(1-Percentile)

       0.979     0.000000            1         1.00
       2.609     0.100000        19937         1.11
       3.807     0.200000        39853         1.25
       4.863     0.300000        59814         1.43
       5.743     0.400000        79694         1.67
       6.415     0.500000        99679         2.00
       6.707     0.550000       109648         2.22
       6.979     0.600000       119588         2.50
       7.251     0.650000       129614         2.86
       7.523     0.700000       139450         3.33
       7.819     0.750000       149527         4.00
       7.971     0.775000       154466         4.44
       8.139     0.800000       159467         5.00
       8.319     0.825000       164459         5.71
       8.519     0.850000       169415         6.67
       8.735     0.875000       174397         8.00
       8.855     0.887500       176861         8.89
       8.991     0.900000       179341        10.00
       9.143     0.912500       181841        11.43
       9.319     0.925000       184260        13.33
       9.535     0.937500       186815        16.00
       9.655     0.943750       188065        17.78
       9.783     0.950000       189293        20.00
       9.927     0.956250       190500        22.86
      10.111     0.962500       191753        26.67
      10.319     0.968750       192980        32.00
      10.447     0.971875       193611        35.56
      10.599     0.975000       194260        40.00
      10.751     0.978125       194860        45.71
      10.927     0.981250       195475        53.33
      11.175     0.984375       196090        64.00
      11.311     0.985938       196416        71.11
      11.455     0.987500       196710        80.00
      11.663     0.989062       197028        91.43
      11.887     0.990625       197335       106.67
      12.151     0.992188       197646       128.00
      12.279     0.992969       197803       142.22
      12.455     0.993750       197957       160.00
      12.671     0.994531       198115       182.86
      12.895     0.995313       198267       213.33
      13.199     0.996094       198424       256.00
      13.359     0.996484       198502       284.44
      13.567     0.996875       198579       320.00
      13.791     0.997266       198656       365.71
      14.119     0.997656       198736       426.67
      14.391     0.998047       198817       512.00
      14.519     0.998242       198850       568.89
      14.679     0.998437       198889       640.00
      14.895     0.998633       198929       731.43
      15.287     0.998828       198968       853.33
      15.639     0.999023       199006      1024.00
      15.831     0.999121       199025      1137.78
      16.175     0.999219       199045      1280.00
      16.575     0.999316       199064      1462.86
      17.135     0.999414       199085      1706.67
      17.503     0.999512       199103      2048.00
      17.871     0.999561       199113      2275.56
      17.999     0.999609       199123      2560.00
      18.159     0.999658       199133      2925.71
      18.287     0.999707       199143      3413.33
      18.479     0.999756       199153      4096.00
      18.543     0.999780       199157      4551.11
      18.623     0.999805       199163      5120.00
      18.655     0.999829       199166      5851.43
      18.751     0.999854       199172      6826.67
      18.895     0.999878       199176      8192.00
      19.039     0.999890       199179      9102.22
      19.135     0.999902       199181     10240.00
      19.167     0.999915       199183     11702.86
      19.279     0.999927       199186     13653.33
      19.455     0.999939       199188     16384.00
      19.759     0.999945       199190     18204.44
      19.855     0.999951       199191     20480.00
      19.903     0.999957       199192     23405.71
      20.671     0.999963       199193     27306.67
      20.719     0.999969       199194     32768.00
      20.831     0.999973       199195     36408.89
      21.039     0.999976       199196     40960.00
      21.039     0.999979       199196     46811.43
      24.207     0.999982       199197     54613.33
      24.207     0.999985       199197     65536.00
      28.047     0.999986       199198     72817.78
      28.047     0.999988       199198     81920.00
      28.047     0.999989       199198     93622.86
      30.079     0.999991       199199    109226.67
      30.079     0.999992       199199    131072.00
      30.079     0.999993       199199    145635.56
      30.079     0.999994       199199    163840.00
      30.079     0.999995       199199    187245.71
      30.927     0.999995       199200    218453.33
      30.927     1.000000       199200          inf
#[Mean    =        6.151, StdDeviation   =        2.417]
#[Max     =       30.912, Total count    =       199200]
#[Buckets =           27, SubBuckets     =         2048]
----------------------------------------------------------
  299701 requests in 30.00s, 3.98GB read
Requests/sec:   9988.48
Transfer/sec:    135.83MB
WRKX_RESULT {"durationUs":30004678,"requests":299701,"responses":299701,"errors":0,"bytes":4273436559,"latencyAvgUs":6150.743,"latencyP95Us":9783.000,"latencyP99Us":11799.000}
