Running 30s test @ http://localhost:9991/postgres/orders
  16 threads and 256 connections
  Thread calibration: mean lat.: 842.216ms, rate sampling interval: 3043ms
  Thread calibration: mean lat.: 840.071ms, rate sampling interval: 3039ms
  Thread calibration: mean lat.: 837.223ms, rate sampling interval: 3024ms
  Thread calibration: mean lat.: 842.382ms, rate sampling interval: 3043ms
  Thread calibration: mean lat.: 839.614ms, rate sampling interval: 3045ms
  Thread calibration: mean lat.: 842.557ms, rate sampling interval: 3045ms
  Thread calibration: mean lat.: 839.318ms, rate sampling interval: 3031ms
  Thread calibration: mean lat.: 839.501ms, rate sampling interval: 3037ms
  Thread calibration: mean lat.: 839.174ms, rate sampling interval: 3041ms
  Thread calibration: mean lat.: 842.088ms, rate sampling interval: 3043ms
  Thread calibration: mean lat.: 841.346ms, rate sampling interval: 3043ms
  Thread calibration: mean lat.: 841.663ms, rate sampling interval: 3045ms
  Thread calibration: mean lat.: 837.046ms, rate sampling interval: 3031ms
  Thread calibration: mean lat.: 841.930ms, rate sampling interval: 3045ms
  Thread calibration: mean lat.: 838.712ms, rate sampling interval: 3033ms
  Thread calibration: mean lat.: 842.579ms, rate sampling interval: 3045ms
  Thread Stats   Avg      Stdev     Max   +/- Stdev
    Latency     3.44s   959.20ms   5.08s    57.39%
    Req/Sec   780.64     13.04   804.00     61.46%
  Latency Distribution (HdrHistogram - Recorded Latency)
 50.000%    3.47s 
 75.000%    4.30s 
 90.000%    4.72s 
 99.000%    4.99s 
 99.900%    5.04s 
 99.990%    5.07s 
 99.999%    5.08s 
100.000%    5.08s 

  Detailed Percentile spectrum:
       Value   Percentile   TotalCount 1/(1-Percentile)

    1685.503     0.000000            1         1.00
    2095.103     0.100000        24994         1.11
    2428.927     0.200000        49979         1.25
    2787.327     0.300000        74872         1.43
    3125.247     0.400000        99816         1.67
    3471.359     0.500000       124744         2.00
    3665.919     0.550000       137183         2.22
    3842.047     0.600000       149707         2.50
    4007.935     0.650000       162144         2.86
    4157.439     0.700000       174654         3.33
    4304.895     0.750000       187095         4.00
    4370.431     0.775000       193360         4.44
    4435.967     0.800000       199843         5.00
    4505.599     0.825000       205932         5.71
    4575.231     0.850000       212220         6.67
    4648.959     0.875000       218269         8.00
    4685.823     0.887500       221320         8.89
    4722.687     0.900000       224504        10.00
    4759.551     0.912500       227780        11.43
    4792.319     0.925000       230798        13.33
    4825.087     0.937500       233799        16.00
    4845.567     0.943750       235473        17.78
    4866.047     0.950000       237126        20.00
    4882.431     0.956250       238493        22.86
    4902.911     0.962500       240138        26.67
    4923.391     0.968750       241738        32.00
    4931.583     0.971875       242326        35.56
    4943.871     0.975000       243261        40.00
    4952.063     0.978125       243880        45.71
    4964.351     0.981250       244866        53.33
    4972.543     0.984375       245536        64.00
    4976.639     0.985938       245882        71.11
    4980.735     0.987500       246222        80.00
    4984.831     0.989062       246564        91.43
    4993.023     0.990625       247196       106.67
    4997.119     0.992188       247493       128.00
    5001.215     0.992969       247756       142.22
    5001.215     0.993750       247756       160.00
    5005.311     0.994531       248000       182.86
    5009.407     0.995313       248219       213.33
    5013.503     0.996094       248411       256.00
    5013.503     0.996484       248411       284.44
    5017.599     0.996875       248578       320.00
    5021.695     0.997266       248709       365.71
    5021.695     0.997656       248709       426.67
    5025.791     0.998047       248828       512.00
    5029.887     0.998242       248925       568.89
    5029.887     0.998437       248925       640.00
    5033.983     0.998633       249001       731.43
    5033.983     0.998828       249001       853.33
    5038.079     0.999023       249061      1024.00
    5042.175     0.999121       249111      1137.78
    5042.175     0.999219       249111      1280.00
    5042.175     0.999316       249111      1462.86
    5046.271     0.999414       249157      1706.67
    5050.367     0.999512       249190      2048.00
    5050.367     0.999561       249190      2275.56
    5050.367     0.999609       249190      2560.00
    5054.463     0.999658       249218      2925.71
    5054.463     0.999707       249218      3413.33
    5058.559     0.999756       249238      4096.00
    5058.559     0.999780       249238      4551.11
    5058.559     0.999805       249238      5120.00
    5062.655     0.999829       249253      5851.43
    5062.655     0.999854       249253      6826.67
    5062.655     0.999878       249253      8192.00
    5066.751     0.999890       249263      9102.22
    5066.751     0.999902       249263     10240.00
    5066.751     0.999915       249263     11702.86
    5066.751     0.999927       249263     13653.33
    5070.847     0.999939       249269     16384.00
    5070.847     0.999945       249269     18204.44
    5070.847     0.999951       249269     20480.00
    5074.943     0.999957       249275     23405.71
    5074.943     0.999963       249275     27306.67
    5074.943     0.999969       249275     32768.00
    5074.943     0.999973       249275     36408.89
    5074.943     0.999976       249275     40960.00
    5079.039     0.999979       249279     46811.43
    5079.039     0.999982       249279     54613.33
    5079.039     0.999985       249279     65536.00
    5079.039     0.999986       249279     72817.78
    5079.039     0.999988       249279     81920.00
    5079.039     0.999989       249279     93622.86
    5079.039     0.999991       249279    109226.67
    5083.135     0.999992       249281    131072.00
    5083.135     1.000000       249281          inf
#[Mean    =     3443.092, StdDeviation   =      959.198]
#[Max     =     5079.040, Total count    =       249281]
#[Buckets =           27, SubBuckets     =         2048]
----------------------------------------------------------
  374300 requests in 30.00s, 4.97GB read
Requests/sec:  12475.54
Transfer/sec:    169.65MB
WRKX_RESULT {"durationUs":30002703,"requests":374300,"responses":374300,"errors":0,"bytes":5337200873,"latencyAvgUs":3443092.094,"latencyP95Us":4866047.000,"latencyP99Us":4988927.000}
