Running 30s test @ http://localhost:9991/postgres/orders
  16 threads and 256 connections
  Thread calibration: mean lat.: 4698.402ms, rate sampling interval: 16908ms
  Thread calibration: mean lat.: 4690.346ms, rate sampling interval: 16891ms
  Thread calibration: mean lat.: 4695.545ms, rate sampling interval: 16891ms
  Thread calibration: mean lat.: 4697.577ms, rate sampling interval: 16908ms
  Thread calibration: mean lat.: 4695.306ms, rate sampling interval: 16891ms
  Thread calibration: mean lat.: 4697.489ms, rate sampling interval: 16908ms
  Thread calibration: mean lat.: 4696.496ms, rate sampling interval: 16908ms
  Thread calibration: mean lat.: 4698.192ms, rate sampling interval: 16908ms
  Thread calibration: mean lat.: 4695.754ms, rate sampling interval: 16908ms
  Thread calibration: mean lat.: 4698.511ms, rate sampling interval: 16908ms
  Thread calibration: mean lat.: 4697.656ms, rate sampling interval: 16908ms
  Thread calibration: mean lat.: 4698.938ms, rate sampling interval: 16908ms
  Thread calibration: mean lat.: 4696.967ms, rate sampling interval: 16908ms
  Thread calibration: mean lat.: 4697.783ms, rate sampling interval: 16908ms
  Thread calibration: mean lat.: 4702.027ms, rate sampling interval: 16908ms
  Thread calibration: mean lat.: 4702.002ms, rate sampling interval: 16891ms
  Thread Stats   Avg      Stdev     Max   +/- Stdev
    Latency    18.77s     5.38s   28.11s    58.01%
    Req/Sec   778.25      0.43   779.00    100.00%
  Latency Distribution (HdrHistogram - Recorded Latency)
 50.000%   18.76s 
 75.000%   23.46s 
 90.000%   26.26s 
 99.000%   27.92s 
 99.900%   28.08s 
 99.990%   28.11s 
 99.999%   28.13s 
100.000%   28.13s 

  Detailed Percentile spectrum:
       Value   Percentile   TotalCount 1/(1-Percentile)

    9379.839     0.000000            1         1.00
   11313.151     0.100000        24916         1.11
   13230.079     0.200000        49724         1.25
   15065.087     0.300000        74615         1.43
   16924.671     0.400000        99426         1.67
   18759.679     0.500000       124244         2.00
   19677.183     0.550000       136751         2.22
   20594.687     0.600000       149053         2.50
   21544.959     0.650000       161629         2.86
   22478.847     0.700000       173884         3.33
   23461.887     0.750000       186417         4.00
   23937.023     0.775000       192640         4.44
   24379.391     0.800000       198780         5.00
   24838.143     0.825000       205057         5.71
   25313.279     0.850000       211288         6.67
   25788.415     0.875000       217513         8.00
   26017.791     0.887500       220567         8.89
   26263.551     0.900000       223746        10.00
   26492.927     0.912500       226804        11.43
   26722.303     0.925000       229790        13.33
   26968.063     0.937500       233043        16.00
   27082.751     0.943750       234619        17.78
   27197.439     0.950000       236184        20.00
   27312.127     0.956250       237752        22.86
   27410.431     0.962500       239096        26.67
   27525.119     0.968750       240644        32.00
   27590.655     0.971875       241518        35.56
   27656.191     0.975000       242401        40.00
   27705.343     0.978125       243062        45.71
   27770.879     0.981250       243969        53.33
   27820.031     0.984375       244665        64.00
   27852.799     0.985938       245100        71.11
   27869.183     0.987500       245321        80.00
   27901.951     0.989062       245770        91.43
   27934.719     0.990625       246253       106.67
   27951.103     0.992188       246488       128.00
   27967.487     0.992969       246710       142.22
   27983.871     0.993750       246956       160.00
   28000.255     0.994531       247188       182.86
   28016.639     0.995313       247420       213.33
   28033.023     0.996094       247646       256.00
   28033.023     0.996484       247646       284.44
   28033.023     0.996875       247646       320.00
   28049.407     0.997266       247863       365.71
   28049.407     0.997656       247863       426.67
   28065.791     0.998047       248077       512.00
   28065.791     0.998242       248077       568.89
   28065.791     0.998437       248077       640.00
   28065.791     0.998633       248077       731.43
   28082.175     0.998828       248242       853.33
   28082.175     0.999023       248242      1024.00
   28082.175     0.999121       248242      1137.78
   28082.175     0.999219       248242      1280.00
   28082.175     0.999316       248242      1462.86
   28098.559     0.999414       248337      1706.67
   28098.559     0.999512       248337      2048.00
   28098.559     0.999561       248337      2275.56
   28098.559     0.999609       248337      2560.00
   28098.559     0.999658       248337      2925.71
   28098.559     0.999707       248337      3413.33
   28098.559     0.999756       248337      4096.00
   28114.943     0.999780       248389      4551.11
   28114.943     0.999805       248389      5120.00
   28114.943     0.999829       248389      5851.43
   28114.943     0.999854       248389      6826.67
   28114.943     0.999878       248389      8192.00
   28114.943     0.999890       248389      9102.22
   28114.943     0.999902       248389     10240.00
   28114.943     0.999915       248389     11702.86
   28114.943     0.999927       248389     13653.33
   28114.943     0.999939       248389     16384.00
   28114.943     0.999945       248389     18204.44
   28114.943     0.999951       248389     20480.00
   28114.943     0.999957       248389     23405.71
   28114.943     0.999963       248389     27306.67
   28131.327     0.999969       248397     32768.00
   28131.327     1.000000       248397          inf
#[Mean    =    18772.673, StdDeviation   =     5380.426]
#[Max     =    28114.944, Total count    =       248397]
#[Buckets =           27, SubBuckets     =         2048]
----------------------------------------------------------
  374239 requests in 30.00s, 4.97GB read
Requests/sec:  12474.17
Transfer/sec:    169.63MB
WRKX_RESULT {"durationUs":30001118,"requests":374239,"responses":374239,"errors":0,"bytes":5336330915,"latencyAvgUs":18772673.249,"latencyP95Us":27197439.000,"latencyP99Us":27918335.000}
