Running 30s test @ http://localhost:9991/postgres/orders
  16 threads and 256 connections
  Thread calibration: mean lat.: 2874.185ms, rate sampling interval: 10436ms
  Thread calibration: mean lat.: 2877.544ms, rate sampling interval: 10436ms
  Thread calibration: mean lat.: 2872.991ms, rate sampling interval: 10428ms
  Thread calibration: mean lat.: 2876.922ms, rate sampling interval: 10436ms
  Thread calibration: mean lat.: 2870.686ms, rate sampling interval: 10428ms
  Thread calibration: mean lat.: 2878.738ms, rate sampling interval: 10436ms
  Thread calibration: mean lat.: 2878.876ms, rate sampling interval: 10428ms
  Thread calibration: mean lat.: 2875.255ms, rate sampling interval: 10428ms
  Thread calibration: mean lat.: 2875.521ms, rate sampling interval: 10428ms
  Thread calibration: mean lat.: 2879.879ms, rate sampling interval: 10436ms
  Thread calibration: mean lat.: 2875.665ms, rate sampling interval: 10436ms
  Thread calibration: mean lat.: 2653.380ms, rate sampling interval: 9510ms
  Thread calibration: mean lat.: 2874.514ms, rate sampling interval: 10420ms
  Thread calibration: mean lat.: 2877.455ms, rate sampling interval: 10428ms
  Thread calibration: mean lat.: 2875.644ms, rate sampling interval: 10428ms
  Thread calibration: mean lat.: 2876.796ms, rate sampling interval: 10428ms
  Thread Stats   Avg      Stdev     Max   +/- Stdev
    Latency    11.70s     3.40s   17.61s    58.12%
    Req/Sec   764.76      0.94   768.00     94.12%
  Latency Distribution (HdrHistogram - Recorded Latency)
 50.000%   11.71s 
 75.000%   14.65s 
 90.000%   16.42s 
 99.000%   17.47s 
 99.900%   17.58s 
 99.990%   17.61s 
 99.999%   17.63s 
100.000%   17.63s 

  Detailed Percentile spectrum:
       Value   Percentile   TotalCount 1/(1-Percentile)

    5296.127     0.000000            6         1.00
    6967.295     0.100000        24485         1.11
    8224.767     0.200000        48965         1.25
    9363.455     0.300000        73532         1.43
   10510.335     0.400000        97867         1.67
   11706.367     0.500000       122375         2.00
   12304.383     0.550000       134510         2.22
   12886.015     0.600000       146894         2.50
   13451.263     0.650000       159011         2.86
   14049.279     0.700000       171288         3.33
   14647.295     0.750000       183504         4.00
   14950.399     0.775000       189649         4.44
   15245.311     0.800000       195646         5.00
   15540.223     0.825000       201793         5.71
   15818.751     0.850000       207884         6.67
   16121.855     0.875000       214121         8.00
   16261.119     0.887500       217057         8.89
   16416.767     0.900000       220187        10.00
   16564.223     0.912500       223249        11.43
   16703.487     0.925000       226222        13.33
   16859.135     0.937500       229568        16.00
   16924.671     0.943750       231015        17.78
   16990.207     0.950000       232413        20.00
   17072.127     0.956250       234172        22.86
   17137.663     0.962500       235534        26.67
   17203.199     0.968750       236909        32.00
   17252.351     0.971875       237952        35.56
   17285.119     0.975000       238646        40.00
   17317.887     0.978125       239330        45.71
   17350.655     0.981250       239963        53.33
   17399.807     0.984375       240912        64.00
   17416.191     0.985938       241228        71.11
   17432.575     0.987500       241552        80.00
   17448.959     0.989062       241874        91.43
   17481.727     0.990625       242511       106.67
   17498.111     0.992188       242813       128.00
   17514.495     0.992969       243123       142.22
   17514.495     0.993750       243123       160.00
   17530.879     0.994531       243431       182.86
   17530.879     0.995313       243431       213.33
   17547.263     0.996094       243726       256.00
   17547.263     0.996484       243726       284.44
   17563.647     0.996875       244021       320.00
   17563.647     0.997266       244021       365.71
   17563.647     0.997656       244021       426.67
   17580.031     0.998047       244310       512.00
   17580.031     0.998242       244310       568.89
   17580.031     0.998437       244310       640.00
   17580.031     0.998633       244310       731.43
   17580.031     0.998828       244310       853.33
   17580.031     0.999023       244310      1024.00
   17596.415     0.999121       244476      1137.78
   17596.415     0.999219       244476      1280.00
   17596.415     0.999316       244476      1462.86
   17596.415     0.999414       244476      1706.67
   17596.415     0.999512       244476      2048.00
   17596.415     0.999561       244476      2275.56
   17596.415     0.999609       244476      2560.00
   17596.415     0.999658       244476      2925.71
   17596.415     0.999707       244476      3413.33
   17612.799     0.999756       244528      4096.00
   17612.799     0.999780       244528      4551.11
   17612.799     0.999805       244528      5120.00
   17612.799     0.999829       244528      5851.43
   17612.799     0.999854       244528      6826.67
   17612.799     0.999878       244528      8192.00
   17612.799     0.999890       244528      9102.22
   17612.799     0.999902       244528     10240.00
   17612.799     0.999915       244528     11702.86
   17612.799     0.999927       244528     13653.33
   17612.799     0.999939       244528     16384.00
   17612.799     0.999945       244528     18204.44
   17612.799     0.999951       244528     20480.00
   17612.799     0.999957       244528     23405.71
   17612.799     0.999963       244528     27306.67
   17629.183     0.999969       244536     32768.00
   17629.183     1.000000       244536          inf
#[Mean    =    11701.274, StdDeviation   =     3396.544]
#[Max     =    17612.800, Total count    =       244536]
#[Buckets =           27, SubBuckets     =         2048]
----------------------------------------------------------
  370455 requests in 30.00s, 4.92GB read
Requests/sec:  12347.70
Transfer/sec:    167.91MB
WRKX_RESULT {"durationUs":30001953,"requests":370455,"responses":370455,"errors":0,"bytes":5282332099,"latencyAvgUs":11701273.946,"latencyP95Us":16990207.000,"latencyP99Us":17465343.000}
