Running 30s test @ http://localhost:9991/postgres/orders
  16 threads and 256 connections
  Thread calibration: mean lat.: 4136.837ms, rate sampling interval: 15040ms
  Thread calibration: mean lat.: 4136.815ms, rate sampling interval: 15032ms
  Thread calibration: mean lat.: 4138.789ms, rate sampling interval: 15040ms
  Thread calibration: mean lat.: 4138.029ms, rate sampling interval: 15032ms
  Thread calibration: mean lat.: 4134.633ms, rate sampling interval: 15024ms
  Thread calibration: mean lat.: 4135.344ms, rate sampling interval: 15032ms
  Thread calibration: mean lat.: 4136.263ms, rate sampling interval: 15032ms
  Thread calibration: mean lat.: 4136.777ms, rate sampling interval: 15040ms
  Thread calibration: mean lat.: 4138.185ms, rate sampling interval: 15040ms
  Thread calibration: mean lat.: 4137.504ms, rate sampling interval: 15040ms
  Thread calibration: mean lat.: 4135.608ms, rate sampling interval: 15032ms
  Thread calibration: mean lat.: 4139.571ms, rate sampling interval: 15040ms
  Thread calibration: mean lat.: 4139.800ms, rate sampling interval: 15032ms
  Thread calibration: mean lat.: 4140.234ms, rate sampling interval: 15048ms
  Thread calibration: mean lat.: 4138.176ms, rate sampling interval: 15032ms
  Thread calibration: mean lat.: 4136.988ms, rate sampling interval: 15040ms
  Thread Stats   Avg      Stdev     Max   +/- Stdev
    Latency    16.76s     4.80s   25.03s    57.84%
    Req/Sec   769.94      0.24   770.00    100.00%
  Latency Distribution (HdrHistogram - Recorded Latency)
 50.000%   16.83s 
 75.000%   20.91s 
 90.000%   23.40s 
 99.000%   24.85s 
 99.900%   25.02s 
 99.990%   25.03s 
 99.999%   25.05s 
100.000%   25.05s 

  Detailed Percentile spectrum:
       Value   Percentile   TotalCount 1/(1-Percentile)

    8355.839     0.000000            2         1.00
   10076.159     0.100000        24745         1.11
   11763.711     0.200000        49301         1.25
   13443.071     0.300000        73924         1.43
   15138.815     0.400000        98556         1.67
   16826.367     0.500000       123409         2.00
   17629.183     0.550000       135619         2.22
   18464.767     0.600000       147947         2.50
   19267.583     0.650000       160190         2.86
   20103.167     0.700000       172546         3.33
   20905.983     0.750000       184759         4.00
   21331.967     0.775000       191023         4.44
   21725.183     0.800000       197141         5.00
   22151.167     0.825000       203285         5.71
   22560.767     0.850000       209400         6.67
   22986.751     0.875000       215781         8.00
   23183.359     0.887500       218799         8.89
   23396.351     0.900000       221926        10.00
   23609.343     0.912500       225000        11.43
   23822.335     0.925000       228089        13.33
   24018.943     0.937500       231151        16.00
   24117.247     0.943750       232699        17.78
   24215.551     0.950000       234184        20.00
   24313.855     0.956250       235724        22.86
   24412.159     0.962500       237277        26.67
   24510.463     0.968750       238759        32.00
   24559.615     0.971875       239525        35.56
   24608.767     0.975000       240270        40.00
   24657.919     0.978125       241010        45.71
   24723.455     0.981250       241936        53.33
   24772.607     0.984375       242653        64.00
   24788.991     0.985938       242900        71.11
   24821.759     0.987500       243391        80.00
   24854.527     0.989062       243890        91.43
   24870.911     0.990625       244140       106.67
   24903.679     0.992188       244623       128.00
   24903.679     0.992969       244623       142.22
   24920.063     0.993750       244865       160.00
   24936.447     0.994531       245117       182.86
   24952.831     0.995313       245365       213.33
   24969.215     0.996094       245605       256.00
   24969.215     0.996484       245605       284.44
   24969.215     0.996875       245605       320.00
   24985.599     0.997266       245845       365.71
   24985.599     0.997656       245845       426.67
   25001.983     0.998047       246070       512.00
   25001.983     0.998242       246070       568.89
   25001.983     0.998437       246070       640.00
   25001.983     0.998633       246070       731.43
   25001.983     0.998828       246070       853.33
   25018.367     0.999023       246243      1024.00
   25018.367     0.999121       246243      1137.78
   25018.367     0.999219       246243      1280.00
   25018.367     0.999316       246243      1462.86
   25018.367     0.999414       246243      1706.67
   25018.367     0.999512       246243      2048.00
   25018.367     0.999561       246243      2275.56
   25034.751     0.999609       246332      2560.00
   25034.751     0.999658       246332      2925.71
   25034.751     0.999707       246332      3413.33
   25034.751     0.999756       246332      4096.00
   25034.751     0.999780       246332      4551.11
   25034.751     0.999805       246332      5120.00
   25034.751     0.999829       246332      5851.43
   25034.751     0.999854       246332      6826.67
   25034.751     0.999878       246332      8192.00
   25034.751     0.999890       246332      9102.22
   25034.751     0.999902       246332     10240.00
   25034.751     0.999915       246332     11702.86
   25034.751     0.999927       246332     13653.33
   25034.751     0.999939       246332     16384.00
   25034.751     0.999945       246332     18204.44
   25034.751     0.999951       246332     20480.00
   25034.751     0.999957       246332     23405.71
   25051.135     0.999963       246342     27306.67
   25051.135     1.000000       246342          inf
#[Mean    =    16758.605, StdDeviation   =     4800.125]
#[Max     =    25034.752, Total count    =       246342]
#[Buckets =           27, SubBuckets     =         2048]
----------------------------------------------------------
  370825 requests in 30.00s, 4.92GB read
Requests/sec:  12359.84
Transfer/sec:    168.08MB
WRKX_RESULT {"durationUs":30002413,"requests":370825,"responses":370825,"errors":0,"bytes":5287607929,"latencyAvgUs":16758604.666,"latencyP95Us":24215551.000,"latencyP99Us":24854527.000}
