Running 30s test @ http://localhost:9991/postgres/orders
  16 threads and 256 connections
  Thread calibration: mean lat.: 4779.652ms, rate sampling interval: 17170ms
  Thread calibration: mean lat.: 4782.557ms, rate sampling interval: 17186ms
  Thread calibration: mean lat.: 4782.336ms, rate sampling interval: 17203ms
  Thread calibration: mean lat.: 4777.532ms, rate sampling interval: 17170ms
  Thread calibration: mean lat.: 4781.566ms, rate sampling interval: 17186ms
  Thread calibration: mean lat.: 4775.614ms, rate sampling interval: 17186ms
  Thread calibration: mean lat.: 4779.020ms, rate sampling interval: 17170ms
  Thread calibration: mean lat.: 4783.688ms, rate sampling interval: 17186ms
  Thread calibration: mean lat.: 4778.177ms, rate sampling interval: 17186ms
  Thread calibration: mean lat.: 4784.351ms, rate sampling interval: 17203ms
  Thread calibration: mean lat.: 4779.269ms, rate sampling interval: 17186ms
  Thread calibration: mean lat.: 4787.641ms, rate sampling interval: 17203ms
  Thread calibration: mean lat.: 4782.535ms, rate sampling interval: 17186ms
  Thread calibration: mean lat.: 4788.205ms, rate sampling interval: 17203ms
  Thread calibration: mean lat.: 4782.031ms, rate sampling interval: 17170ms
  Thread calibration: mean lat.: 4782.016ms, rate sampling interval: 17170ms
  Thread Stats   Avg      Stdev     Max   +/- Stdev
    Latency    19.08s     5.49s   28.62s    57.67%
    Req/Sec   281.00      0.00   281.00    100.00%
  Latency Distribution (HdrHistogram - Recorded Latency)
 50.000%   19.04s 
 75.000%   23.86s 
 90.000%   26.72s 
 99.000%   28.41s 
 99.900%   28.61s 
 99.990%   28.64s 
 99.999%   28.64s 
100.000%   28.64s 

  Detailed Percentile spectrum:
       Value   Percentile   TotalCount 1/(1-Percentile)

    9551.871     0.000000            1         1.00
   11526.143     0.100000         8995         1.11
   13385.727     0.200000        17939         1.25
   15294.463     0.300000        26922         1.43
   17154.047     0.400000        35926         1.67
   19038.207     0.500000        44896         2.00
   19988.479     0.550000        49395         2.22
   20971.519     0.600000        53858         2.50
   21954.559     0.650000        58337         2.86
   22904.831     0.700000        62800         3.33
   23855.103     0.750000        67308         4.00
   24330.239     0.775000        69512         4.44
   24838.143     0.800000        71800         5.00
   25296.895     0.825000        74014         5.71
   25772.031     0.850000        76292         6.67
   26214.399     0.875000        78535         8.00
   26460.159     0.887500        79615         8.89
   26722.303     0.900000        80760        10.00
   26968.063     0.912500        81911        11.43
   27197.439     0.925000        82973        13.33
   27459.583     0.937500        84152        16.00
   27574.271     0.943750        84694        17.78
   27688.959     0.950000        85233        20.00
   27803.647     0.956250        85784        22.86
   27918.335     0.962500        86366        26.67
   28016.639     0.968750        86890        32.00
   28082.175     0.971875        87230        35.56
   28131.327     0.975000        87483        40.00
   28196.863     0.978125        87803        45.71
   28246.015     0.981250        88039        53.33
   28311.551     0.984375        88350        64.00
   28327.935     0.985938        88430        71.11
   28360.703     0.987500        88574        80.00
   28393.471     0.989062        88726        91.43
   28426.239     0.990625        88873       106.67
   28459.007     0.992188        89019       128.00
   28475.391     0.992969        89081       142.22
   28491.775     0.993750        89153       160.00
   28508.159     0.994531        89228       182.86
   28524.543     0.995313        89299       213.33
   28540.927     0.996094        89377       256.00
   28540.927     0.996484        89377       284.44
   28557.311     0.996875        89458       320.00
   28557.311     0.997266        89458       365.71
   28573.695     0.997656        89530       426.67
   28573.695     0.998047        89530       512.00
   28590.079     0.998242        89600       568.89
   28590.079     0.998437        89600       640.00
   28590.079     0.998633        89600       731.43
   28590.079     0.998828        89600       853.33
   28606.463     0.999023        89651      1024.00
   28606.463     0.999121        89651      1137.78
   28606.463     0.999219        89651      1280.00
   28606.463     0.999316        89651      1462.86
   28606.463     0.999414        89651      1706.67
   28606.463     0.999512        89651      2048.00
   28622.847     0.999561        89680      2275.56
   28622.847     0.999609        89680      2560.00
   28622.847     0.999658        89680      2925.71
   28622.847     0.999707        89680      3413.33
   28622.847     0.999756        89680      4096.00
   28622.847     0.999780        89680      4551.11
   28622.847     0.999805        89680      5120.00
   28622.847     0.999829        89680      5851.43
   28622.847     0.999854        89680      6826.67
   28639.231     0.999878        89691      8192.00
   28639.231     1.000000        89691          inf
#[Mean    =    19082.888, StdDeviation   =     5492.440]
#[Max     =    28622.848, Total count    =        89691]
#[Buckets =           27, SubBuckets     =         2048]
----------------------------------------------------------
  135555 requests in 30.02s, 1.80GB read
Requests/sec:   4515.81
Transfer/sec:     61.31MB
WRKX_RESULT {"durationUs":30017902,"requests":135555,"responses":135555,"errors":0,"bytes":1929760980,"latencyAvgUs":19082887.651,"latencyP95Us":27688959.000,"latencyP99Us":28409855.000}
