Running 30s test @ http://localhost:9991/postgres/orders
  16 threads and 256 connections
  Thread calibration: mean lat.: 4862.291ms, rate sampling interval: 17629ms
  Thread calibration: mean lat.: 4862.545ms, rate sampling interval: 17629ms
  Thread calibration: mean lat.: 4868.168ms, rate sampling interval: 17645ms
  Thread calibration: mean lat.: 4862.605ms, rate sampling interval: 17629ms
  Thread calibration: mean lat.: 4863.420ms, rate sampling interval: 17629ms
  Thread calibration: mean lat.: 4862.715ms, rate sampling interval: 17629ms
  Thread calibration: mean lat.: 4864.751ms, rate sampling interval: 17629ms
  Thread calibration: mean lat.: 4857.186ms, rate sampling interval: 17629ms
  Thread calibration: mean lat.: 4857.363ms, rate sampling interval: 17612ms
  Thread calibration: mean lat.: 4871.989ms, rate sampling interval: 17645ms
  Thread calibration: mean lat.: 4862.887ms, rate sampling interval: 17612ms
  Thread calibration: mean lat.: 4860.899ms, rate sampling interval: 17612ms
  Thread calibration: mean lat.: 4862.077ms, rate sampling interval: 17629ms
  Thread calibration: mean lat.: 4868.161ms, rate sampling interval: 17629ms
  Thread calibration: mean lat.: 4862.345ms, rate sampling interval: 17629ms
  Thread calibration: mean lat.: 4865.803ms, rate sampling interval: 17612ms
  Thread Stats   Avg      Stdev     Max   +/- Stdev
    Latency    19.48s     5.59s   29.31s    58.09%
    Req/Sec   278.94      0.24   279.00    100.00%
  Latency Distribution (HdrHistogram - Recorded Latency)
 50.000%   19.42s 
 75.000%   24.30s 
 90.000%   27.28s 
 99.000%   29.11s 
 99.900%   29.28s 
 99.990%   29.33s 
 99.999%   29.33s 
100.000%   29.33s 

  Detailed Percentile spectrum:
       Value   Percentile   TotalCount 1/(1-Percentile)

    9789.439     0.000000            3         1.00
   11796.479     0.100000         8897         1.11
   13729.791     0.200000        17747         1.25
   15572.991     0.300000        26601         1.43
   17498.111     0.400000        35528         1.67
   19415.039     0.500000        44371         2.00
   20398.079     0.550000        48744         2.22
   21397.503     0.600000        53181         2.50
   22347.775     0.650000        57669         2.86
   23314.431     0.700000        62097         3.33
   24297.471     0.750000        66525         4.00
   24788.991     0.775000        68705         4.44
   25280.511     0.800000        70933         5.00
   25772.031     0.825000        73170         5.71
   26263.551     0.850000        75331         6.67
   26804.223     0.875000        77588         8.00
   27033.599     0.887500        78667         8.89
   27279.359     0.900000        79761        10.00
   27525.119     0.912500        80880        11.43
   27803.647     0.925000        81993        13.33
   28065.791     0.937500        83105        16.00
   28196.863     0.943750        83691        17.78
   28311.551     0.950000        84221        20.00
   28442.623     0.956250        84798        22.86
   28557.311     0.962500        85309        26.67
   28688.383     0.968750        85893        32.00
   28753.919     0.971875        86181        35.56
   28803.071     0.975000        86409        40.00
   28868.607     0.978125        86685        45.71
   28934.143     0.981250        86995        53.33
   28999.679     0.984375        87273        64.00
   29032.447     0.985938        87417        71.11
   29065.215     0.987500        87570        80.00
   29081.599     0.989062        87648        91.43
   29114.367     0.990625        87806       106.67
   29147.135     0.992188        87951       128.00
   29163.519     0.992969        88040       142.22
   29179.903     0.993750        88103       160.00
   29196.287     0.994531        88182       182.86
   29212.671     0.995313        88253       213.33
   29229.055     0.996094        88332       256.00
   29229.055     0.996484        88332       284.44
   29245.439     0.996875        88398       320.00
   29245.439     0.997266        88398       365.71
   29261.823     0.997656        88461       426.67
   29261.823     0.998047        88461       512.00
   29261.823     0.998242        88461       568.89
   29278.207     0.998437        88535       640.00
   29278.207     0.998633        88535       731.43
   29278.207     0.998828        88535       853.33
   29278.207     0.999023        88535      1024.00
   29294.591     0.999121        88576      1137.78
   29294.591     0.999219        88576      1280.00
   29294.591     0.999316        88576      1462.86
   29294.591     0.999414        88576      1706.67
   29294.591     0.999512        88576      2048.00
   29294.591     0.999561        88576      2275.56
   29310.975     0.999609        88603      2560.00
   29310.975     0.999658        88603      2925.71
   29310.975     0.999707        88603      3413.33
   29310.975     0.999756        88603      4096.00
   29310.975     0.999780        88603      4551.11
   29310.975     0.999805        88603      5120.00
   29310.975     0.999829        88603      5851.43
   29310.975     0.999854        88603      6826.67
   29310.975     0.999878        88603      8192.00
   29327.359     0.999890        88613      9102.22
   29327.359     1.000000        88613          inf
#[Mean    =    19480.182, StdDeviation   =     5589.710]
#[Max     =    29310.976, Total count    =        88613]
#[Buckets =           27, SubBuckets     =         2048]
----------------------------------------------------------
  133617 requests in 30.01s, 1.77GB read
Requests/sec:   4452.83
Transfer/sec:     60.45MB
WRKX_RESULT {"durationUs":30007216,"requests":133617,"responses":133617,"errors":0,"bytes":1902171612,"latencyAvgUs":19480182.130,"latencyP95Us":28311551.000,"latencyP99Us":29114367.000}
