Running 30s test @ http://localhost:9991/postgres/orders
  16 threads and 256 connections
  Thread calibration: mean lat.: 4697.769ms, rate sampling interval: 17022ms
  Thread calibration: mean lat.: 4693.551ms, rate sampling interval: 16990ms
  Thread calibration: mean lat.: 4691.782ms, rate sampling interval: 17006ms
  Thread calibration: mean lat.: 4698.110ms, rate sampling interval: 17022ms
  Thread calibration: mean lat.: 4696.064ms, rate sampling interval: 17006ms
  Thread calibration: mean lat.: 4698.841ms, rate sampling interval: 17022ms
  Thread calibration: mean lat.: 4698.714ms, rate sampling interval: 16990ms
  Thread calibration: mean lat.: 4694.314ms, rate sampling interval: 16990ms
  Thread calibration: mean lat.: 4698.930ms, rate sampling interval: 17006ms
  Thread calibration: mean lat.: 4692.686ms, rate sampling interval: 16990ms
  Thread calibration: mean lat.: 4697.391ms, rate sampling interval: 17006ms
  Thread calibration: mean lat.: 4694.843ms, rate sampling interval: 17006ms
  Thread calibration: mean lat.: 4701.437ms, rate sampling interval: 17022ms
  Thread calibration: mean lat.: 4703.444ms, rate sampling interval: 17006ms
  Thread calibration: mean lat.: 4697.005ms, rate sampling interval: 17022ms
  Thread calibration: mean lat.: 4705.881ms, rate sampling interval: 17006ms
  Thread Stats   Avg      Stdev     Max   +/- Stdev
    Latency    18.84s     5.38s   28.16s    58.02%
    Req/Sec   284.00      0.00   284.00    100.00%
  Latency Distribution (HdrHistogram - Recorded Latency)
 50.000%   18.86s 
 75.000%   23.51s 
 90.000%   26.30s 
 99.000%   27.97s 
 99.900%   28.13s 
 99.990%   28.18s 
 99.999%   28.18s 
100.000%   28.18s 

  Detailed Percentile spectrum:
       Value   Percentile   TotalCount 1/(1-Percentile)

    9412.607     0.000000            1         1.00
   11337.727     0.100000         9103         1.11
   13279.231     0.200000        18190         1.25
   15196.159     0.300000        27266         1.43
   17022.975     0.400000        36387         1.67
   18857.983     0.500000        45464         2.00
   19742.719     0.550000        49959         2.22
   20709.375     0.600000        54521         2.50
   21626.879     0.650000        59041         2.86
   22560.767     0.700000        63628         3.33
   23511.039     0.750000        68159         4.00
   23969.791     0.775000        70449         4.44
   24444.927     0.800000        72718         5.00
   24903.679     0.825000        74935         5.71
   25378.815     0.850000        77212         6.67
   25853.951     0.875000        79529         8.00
   26083.327     0.887500        80678         8.89
   26296.319     0.900000        81758        10.00
   26542.079     0.912500        82949        11.43
   26771.455     0.925000        84096        13.33
   27000.831     0.937500        85224        16.00
   27115.519     0.943750        85773        17.78
   27230.207     0.950000        86332        20.00
   27344.895     0.956250        86912        22.86
   27459.583     0.962500        87469        26.67
   27574.271     0.968750        88026        32.00
   27639.807     0.971875        88335        35.56
   27688.959     0.975000        88574        40.00
   27754.495     0.978125        88892        45.71
   27803.647     0.981250        89136        53.33
   27869.183     0.984375        89465        64.00
   27885.567     0.985938        89558        71.11
   27918.335     0.987500        89716        80.00
   27951.103     0.989062        89878        91.43
   27983.871     0.990625        90043       106.67
   28016.639     0.992188        90188       128.00
   28033.023     0.992969        90271       142.22
   28033.023     0.993750        90271       160.00
   28049.407     0.994531        90348       182.86
   28065.791     0.995313        90421       213.33
   28082.175     0.996094        90512       256.00
   28082.175     0.996484        90512       284.44
   28098.559     0.996875        90587       320.00
   28098.559     0.997266        90587       365.71
   28114.943     0.997656        90666       426.67
   28114.943     0.998047        90666       512.00
   28131.327     0.998242        90737       568.89
   28131.327     0.998437        90737       640.00
   28131.327     0.998633        90737       731.43
   28131.327     0.998828        90737       853.33
   28147.711     0.999023        90787      1024.00
   28147.711     0.999121        90787      1137.78
   28147.711     0.999219        90787      1280.00
   28147.711     0.999316        90787      1462.86
   28147.711     0.999414        90787      1706.67
   28147.711     0.999512        90787      2048.00
   28164.095     0.999561        90811      2275.56
   28164.095     0.999609        90811      2560.00
   28164.095     0.999658        90811      2925.71
   28164.095     0.999707        90811      3413.33
   28164.095     0.999756        90811      4096.00
   28164.095     0.999780        90811      4551.11
   28164.095     0.999805        90811      5120.00
   28180.479     0.999829        90827      5851.43
   28180.479     1.000000        90827          inf
#[Mean    =    18841.723, StdDeviation   =     5384.165]
#[Max     =    28164.096, Total count    =        90827]
#[Buckets =           27, SubBuckets     =         2048]
----------------------------------------------------------
  136030 requests in 30.01s, 1.80GB read
Requests/sec:   4532.80
Transfer/sec:     61.54MB
WRKX_RESULT {"durationUs":30010171,"requests":136030,"responses":136030,"errors":0,"bytes":1936523080,"latencyAvgUs":18841723.114,"latencyP95Us":27230207.000,"latencyP99Us":27967487.000}
