Running 30s test @ http://localhost:9991/postgres/orders
  16 threads and 256 connections
  Thread calibration: mean lat.: 4860.809ms, rate sampling interval: 17530ms
  Thread calibration: mean lat.: 4861.583ms, rate sampling interval: 17498ms
  Thread calibration: mean lat.: 4861.406ms, rate sampling interval: 17530ms
  Thread calibration: mean lat.: 4858.867ms, rate sampling interval: 17530ms
  Thread calibration: mean lat.: 4860.968ms, rate sampling interval: 17514ms
  Thread calibration: mean lat.: 4860.006ms, rate sampling interval: 17530ms
  Thread calibration: mean lat.: 4867.166ms, rate sampling interval: 17563ms
  Thread calibration: mean lat.: 4862.318ms, rate sampling interval: 17530ms
  Thread calibration: mean lat.: 4865.759ms, rate sampling interval: 17547ms
  Thread calibration: mean lat.: 4861.173ms, rate sampling interval: 17530ms
  Thread calibration: mean lat.: 4867.877ms, rate sampling interval: 17547ms
  Thread calibration: mean lat.: 4857.967ms, rate sampling interval: 17498ms
  Thread calibration: mean lat.: 4866.328ms, rate sampling interval: 17547ms
  Thread calibration: mean lat.: 4861.509ms, rate sampling interval: 17530ms
  Thread calibration: mean lat.: 4868.541ms, rate sampling interval: 17530ms
  Thread calibration: mean lat.: 4858.112ms, rate sampling interval: 17530ms
  Thread Stats   Avg      Stdev     Max   +/- Stdev
    Latency    19.33s     5.58s   29.08s    57.60%
    Req/Sec   281.00      0.00   281.00    100.00%
  Latency Distribution (HdrHistogram - Recorded Latency)
 50.000%   19.33s 
 75.000%   24.15s 
 90.000%   27.10s 
 99.000%   28.87s 
 99.900%   29.05s 
 99.990%   29.08s 
 99.999%   29.10s 
100.000%   29.10s 

  Detailed Percentile spectrum:
       Value   Percentile   TotalCount 1/(1-Percentile)

    9699.327     0.000000            1         1.00
   11632.639     0.100000         8972         1.11
   13500.415     0.200000        17911         1.25
   15409.151     0.300000        26885         1.43
   17416.191     0.400000        35885         1.67
   19333.119     0.500000        44811         2.00
   20267.007     0.550000        49262         2.22
   21233.663     0.600000        53728         2.50
   22216.703     0.650000        58260         2.86
   23183.359     0.700000        62690         3.33
   24150.015     0.750000        67205         4.00
   24625.151     0.775000        69423         4.44
   25116.671     0.800000        71649         5.00
   25608.191     0.825000        73907         5.71
   26099.711     0.850000        76191         6.67
   26591.231     0.875000        78359         8.00
   26853.375     0.887500        79502         8.89
   27099.135     0.900000        80608        10.00
   27344.895     0.912500        81741        11.43
   27590.655     0.925000        82854        13.33
   27852.799     0.937500        84009        16.00
   27983.871     0.943750        84592        17.78
   28098.559     0.950000        85135        20.00
   28213.247     0.956250        85674        22.86
   28327.935     0.962500        86226        26.67
   28442.623     0.968750        86757        32.00
   28508.159     0.971875        87052        35.56
   28573.695     0.975000        87354        40.00
   28639.231     0.978125        87658        45.71
   28704.767     0.981250        87943        53.33
   28753.919     0.984375        88153        64.00
   28786.687     0.985938        88290        71.11
   28819.455     0.987500        88441        80.00
   28852.223     0.989062        88577        91.43
   28884.991     0.990625        88732       106.67
   28917.759     0.992188        88870       128.00
   28934.143     0.992969        88950       142.22
   28950.527     0.993750        89023       160.00
   28966.911     0.994531        89087       182.86
   28983.295     0.995313        89183       213.33
   28999.679     0.996094        89254       256.00
   28999.679     0.996484        89254       284.44
   29016.063     0.996875        89323       320.00
   29016.063     0.997266        89323       365.71
   29032.447     0.997656        89406       426.67
   29032.447     0.998047        89406       512.00
   29032.447     0.998242        89406       568.89
   29032.447     0.998437        89406       640.00
   29048.831     0.998633        89474       731.43
   29048.831     0.998828        89474       853.33
   29048.831     0.999023        89474      1024.00
   29048.831     0.999121        89474      1137.78
   29065.215     0.999219        89515      1280.00
   29065.215     0.999316        89515      1462.86
   29065.215     0.999414        89515      1706.67
   29065.215     0.999512        89515      2048.00
   29065.215     0.999561        89515      2275.56
   29065.215     0.999609        89515      2560.00
   29065.215     0.999658        89515      2925.71
   29081.599     0.999707        89537      3413.33
   29081.599     0.999756        89537      4096.00
   29081.599     0.999780        89537      4551.11
   29081.599     0.999805        89537      5120.00
   29081.599     0.999829        89537      5851.43
   29081.599     0.999854        89537      6826.67
   29081.599     0.999878        89537      8192.00
   29081.599     0.999890        89537      9102.22
   29081.599     0.999902        89537     10240.00
   29097.983     0.999915        89545     11702.86
   29097.983     1.000000        89545          inf
#[Mean    =    19327.069, StdDeviation   =     5580.092]
#[Max     =    29081.600, Total count    =        89545]
#[Buckets =           27, SubBuckets     =         2048]
----------------------------------------------------------
  135127 requests in 30.01s, 1.79GB read
Requests/sec:   4502.88
Transfer/sec:     61.13MB
WRKX_RESULT {"durationUs":30008997,"requests":135127,"responses":135127,"errors":0,"bytes":1923667972,"latencyAvgUs":19327068.605,"latencyP95Us":28098559.000,"latencyP99Us":28868607.000}
