Running 30s test @ http://localhost:9991/postgres/orders
  16 threads and 256 connections
  Thread calibration: mean lat.: 4315.100ms, rate sampling interval: 15941ms
  Thread calibration: mean lat.: 4316.011ms, rate sampling interval: 15925ms
  Thread calibration: mean lat.: 4312.118ms, rate sampling interval: 15933ms
  Thread calibration: mean lat.: 4316.852ms, rate sampling interval: 15925ms
  Thread calibration: mean lat.: 4319.142ms, rate sampling interval: 15949ms
  Thread calibration: mean lat.: 4332.840ms, rate sampling interval: 15941ms
  Thread calibration: mean lat.: 4323.081ms, rate sampling interval: 15949ms
  Thread calibration: mean lat.: 4311.085ms, rate sampling interval: 15933ms
  Thread calibration: mean lat.: 4016.870ms, rate sampling interval: 14491ms
  Thread calibration: mean lat.: 4320.959ms, rate sampling interval: 15949ms
  Thread calibration: mean lat.: 4326.152ms, rate sampling interval: 15966ms
  Thread calibration: mean lat.: 4316.164ms, rate sampling interval: 15949ms
  Thread calibration: mean lat.: 4318.239ms, rate sampling interval: 15941ms
  Thread calibration: mean lat.: 4319.483ms, rate sampling interval: 15933ms
  Thread calibration: mean lat.: 4012.945ms, rate sampling interval: 14491ms
  Thread calibration: mean lat.: 4323.750ms, rate sampling interval: 15941ms
  Thread Stats   Avg      Stdev     Max   +/- Stdev
    Latency    17.70s     5.13s   26.56s    57.72%
    Req/Sec   282.94      0.43   284.00    100.00%
  Latency Distribution (HdrHistogram - Recorded Latency)
 50.000%   17.74s 
 75.000%   22.18s 
 90.000%   24.74s 
 99.000%   26.36s 
 99.900%   26.53s 
 99.990%   26.56s 
 99.999%   26.57s 
100.000%   26.57s 

  Detailed Percentile spectrum:
       Value   Percentile   TotalCount 1/(1-Percentile)

    8065.023     0.000000            1         1.00
   10551.295     0.100000         9125         1.11
   12369.919     0.200000        18215         1.25
   14163.967     0.300000        27331         1.43
   15949.823     0.400000        36437         1.67
   17743.871     0.500000        45602         2.00
   18628.607     0.550000        50107         2.22
   19546.111     0.600000        54700         2.50
   20447.231     0.650000        59259         2.86
   21331.967     0.700000        63811         3.33
   22183.935     0.750000        68397         4.00
   22609.919     0.775000        70646         4.44
   23019.519     0.800000        72903         5.00
   23445.503     0.825000        75182         5.71
   23887.871     0.850000        77498         6.67
   24297.471     0.875000        79746         8.00
   24526.847     0.887500        80899         8.89
   24739.839     0.900000        82034        10.00
   24936.447     0.912500        83145        11.43
   25149.439     0.925000        84248        13.33
   25378.815     0.937500        85425        16.00
   25493.503     0.943750        86031        17.78
   25591.807     0.950000        86548        20.00
   25706.495     0.956250        87162        22.86
   25821.183     0.962500        87725        26.67
   25935.871     0.968750        88272        32.00
   26001.407     0.971875        88564        35.56
   26066.943     0.975000        88871        40.00
   26116.095     0.978125        89098        45.71
   26181.631     0.981250        89392        53.33
   26247.167     0.984375        89692        64.00
   26279.935     0.985938        89851        71.11
   26312.703     0.987500        90007        80.00
   26329.087     0.989062        90083        91.43
   26361.855     0.990625        90242       106.67
   26394.623     0.992188        90383       128.00
   26411.007     0.992969        90468       142.22
   26427.391     0.993750        90539       160.00
   26443.775     0.994531        90607       182.86
   26460.159     0.995313        90694       213.33
   26476.543     0.996094        90767       256.00
   26476.543     0.996484        90767       284.44
   26492.927     0.996875        90841       320.00
   26492.927     0.997266        90841       365.71
   26509.311     0.997656        90936       426.67
   26509.311     0.998047        90936       512.00
   26509.311     0.998242        90936       568.89
   26509.311     0.998437        90936       640.00
   26525.695     0.998633        91002       731.43
   26525.695     0.998828        91002       853.33
   26525.695     0.999023        91002      1024.00
   26525.695     0.999121        91002      1137.78
   26542.079     0.999219        91044      1280.00
   26542.079     0.999316        91044      1462.86
   26542.079     0.999414        91044      1706.67
   26542.079     0.999512        91044      2048.00
   26542.079     0.999561        91044      2275.56
   26542.079     0.999609        91044      2560.00
   26542.079     0.999658        91044      2925.71
   26558.463     0.999707        91068      3413.33
   26558.463     0.999756        91068      4096.00
   26558.463     0.999780        91068      4551.11
   26558.463     0.999805        91068      5120.00
   26558.463     0.999829        91068      5851.43
   26558.463     0.999854        91068      6826.67
   26558.463     0.999878        91068      8192.00
   26558.463     0.999890        91068      9102.22
   26558.463     0.999902        91068     10240.00
   26558.463     0.999915        91068     11702.86
   26574.847     0.999927        91075     13653.33
   26574.847     1.000000        91075          inf
#[Mean    =    17698.020, StdDeviation   =     5125.355]
#[Max     =    26558.464, Total count    =        91075]
#[Buckets =           27, SubBuckets     =         2048]
----------------------------------------------------------
  136307 requests in 30.01s, 1.81GB read
Requests/sec:   4542.25
Transfer/sec:     61.67MB
WRKX_RESULT {"durationUs":30008685,"requests":136307,"responses":136307,"errors":0,"bytes":1940466452,"latencyAvgUs":17698019.624,"latencyP95Us":25591807.000,"latencyP99Us":26361855.000}
