Running 30s test @ http://localhost:9991/postgres/orders
  16 threads and 256 connections
  Thread calibration: mean lat.: 319.163ms, rate sampling interval: 1212ms
  Thread calibration: mean lat.: 317.944ms, rate sampling interval: 1218ms
  Thread calibration: mean lat.: 313.784ms, rate sampling interval: 1202ms
  Thread calibration: mean lat.: 321.941ms, rate sampling interval: 1230ms
  Thread calibration: mean lat.: 323.526ms, rate sampling interval: 1231ms
  Thread calibration: mean lat.: 317.835ms, rate sampling interval: 1214ms
  Thread calibration: mean lat.: 317.844ms, rate sampling interval: 1210ms
  Thread calibration: mean lat.: 318.762ms, rate sampling interval: 1205ms
  Thread calibration: mean lat.: 320.879ms, rate sampling interval: 1228ms
  Thread calibration: mean lat.: 321.707ms, rate sampling interval: 1221ms
  Thread calibration: mean lat.: 319.222ms, rate sampling interval: 1212ms
  Thread calibration: mean lat.: 322.754ms, rate sampling interval: 1231ms
  Thread calibration: mean lat.: 319.009ms, rate sampling interval: 1219ms
  Thread calibration: mean lat.: 319.383ms, rate sampling interval: 1216ms
  Thread calibration: mean lat.: 316.296ms, rate sampling interval: 1206ms
  Thread calibration: mean lat.: 317.987ms, rate sampling interval: 1216ms
  Thread Stats   Avg      Stdev     Max   +/- Stdev
    Latency     1.59s   547.75ms   2.74s    60.10%
    Req/Sec   281.21      8.44   301.00     74.22%
  Latency Distribution (HdrHistogram - Recorded Latency)
 50.000%    1.59s 
 75.000%    2.02s 
 90.000%    2.35s 
 99.000%    2.62s 
 99.900%    2.68s 
 99.990%    2.71s 
 99.999%    2.74s 
100.000%    2.74s 

  Detailed Percentile spectrum:
       Value   Percentile   TotalCount 1/(1-Percentile)

     582.655     0.000000            1         1.00
     792.575     0.100000         8993         1.11
    1039.359     0.200000        17967         1.25
    1271.807     0.300000        26951         1.43
    1410.047     0.400000        35926         1.67
    1590.271     0.500000        44893         2.00
    1680.383     0.550000        49432         2.22
    1743.871     0.600000        53853         2.50
    1817.599     0.650000        58372         2.86
    1913.855     0.700000        62843         3.33
    2022.399     0.750000        67330         4.00
    2076.671     0.775000        69548         4.44
    2131.967     0.800000        71795         5.00
    2187.263     0.825000        74081         5.71
    2238.463     0.850000        76275         6.67
    2291.711     0.875000        78547         8.00
    2322.431     0.887500        79688         8.89
    2353.151     0.900000        80806        10.00
    2383.871     0.912500        81924        11.43
    2416.639     0.925000        83025        13.33
    2451.455     0.937500        84137        16.00
    2469.887     0.943750        84681        17.78
    2490.367     0.950000        85273        20.00
    2510.847     0.956250        85841        22.86
    2531.327     0.962500        86412        26.67
    2551.807     0.968750        86962        32.00
    2559.999     0.971875        87207        35.56
    2570.239     0.975000        87494        40.00
    2580.479     0.978125        87781        45.71
    2590.719     0.981250        88065        53.33
    2600.959     0.984375        88335        64.00
    2607.103     0.985938        88497        71.11
    2613.247     0.987500        88666        80.00
    2617.343     0.989062        88756        91.43
    2623.487     0.990625        88898       106.67
    2631.679     0.992188        89058       128.00
    2633.727     0.992969        89102       142.22
    2637.823     0.993750        89175       160.00
    2641.919     0.994531        89257       182.86
    2646.015     0.995313        89327       213.33
    2650.111     0.996094        89386       256.00
    2652.159     0.996484        89418       284.44
    2656.255     0.996875        89460       320.00
    2660.351     0.997266        89495       365.71
    2664.447     0.997656        89533       426.67
    2666.495     0.998047        89553       512.00
    2670.591     0.998242        89585       568.89
    2672.639     0.998437        89601       640.00
    2674.687     0.998633        89611       731.43
    2676.735     0.998828        89626       853.33
    2680.831     0.999023        89648      1024.00
    2682.879     0.999121        89660      1137.78
    2682.879     0.999219        89660      1280.00
    2684.927     0.999316        89669      1462.86
    2686.975     0.999414        89677      1706.67
    2693.119     0.999512        89689      2048.00
    2693.119     0.999561        89689      2275.56
    2695.167     0.999609        89695      2560.00
    2697.215     0.999658        89698      2925.71
    2699.263     0.999707        89704      3413.33
    2701.311     0.999756        89708      4096.00
    2703.359     0.999780        89711      4551.11
    2703.359     0.999805        89711      5120.00
    2705.407     0.999829        89714      5851.43
    2707.455     0.999854        89715      6826.67
    2711.551     0.999878        89718      8192.00
    2713.599     0.999890        89720      9102.22
    2713.599     0.999902        89720     10240.00
    2717.695     0.999915        89723     11702.86
    2717.695     0.999927        89723     13653.33
    2717.695     0.999939        89723     16384.00
    2725.887     0.999945        89724     18204.44
    2725.887     0.999951        89724     20480.00
    2732.031     0.999957        89725     23405.71
    2732.031     0.999963        89725     27306.67
    2734.079     0.999969        89726     32768.00
    2734.079     0.999973        89726     36408.89
    2734.079     0.999976        89726     40960.00
    2738.175     0.999979        89727     46811.43
    2738.175     0.999982        89727     54613.33
    2738.175     0.999985        89727     65536.00
    2738.175     0.999986        89727     72817.78
    2738.175     0.999988        89727     81920.00
    2742.271     0.999989        89728     93622.86
    2742.271     1.000000        89728          inf
#[Mean    =     1588.259, StdDeviation   =      547.751]
#[Max     =     2740.224, Total count    =        89728]
#[Buckets =           27, SubBuckets     =         2048]
----------------------------------------------------------
  136811 requests in 30.01s, 1.81GB read
Requests/sec:   4559.40
Transfer/sec:     61.90MB
WRKX_RESULT {"durationUs":30006348,"requests":136811,"responses":136811,"errors":0,"bytes":1947641543,"latencyAvgUs":1588258.999,"latencyP95Us":2490367.000,"latencyP99Us":2621439.000}
