Running 30s test @ http://localhost:9991/postgres/orders
  16 threads and 256 connections
  Thread calibration: mean lat.: 3547.021ms, rate sampling interval: 12697ms
  Thread calibration: mean lat.: 3547.930ms, rate sampling interval: 12722ms
  Thread calibration: mean lat.: 3536.394ms, rate sampling interval: 12689ms
  Thread calibration: mean lat.: 3541.298ms, rate sampling interval: 12705ms
  Thread calibration: mean lat.: 3540.488ms, rate sampling interval: 12697ms
  Thread calibration: mean lat.: 3543.165ms, rate sampling interval: 12705ms
  Thread calibration: mean lat.: 3543.747ms, rate sampling interval: 12713ms
  Thread calibration: mean lat.: 3541.300ms, rate sampling interval: 12697ms
  Thread calibration: mean lat.: 3543.650ms, rate sampling interval: 12705ms
  Thread calibration: mean lat.: 3547.770ms, rate sampling interval: 12713ms
  Thread calibration: mean lat.: 3543.278ms, rate sampling interval: 12689ms
  Thread calibration: mean lat.: 3542.649ms, rate sampling interval: 12689ms
  Thread calibration: mean lat.: 3544.481ms, rate sampling interval: 12681ms
  Thread calibration: mean lat.: 3543.738ms, rate sampling interval: 12689ms
  Thread calibration: mean lat.: 3552.379ms, rate sampling interval: 12722ms
  Thread calibration: mean lat.: 3545.120ms, rate sampling interval: 12689ms
  Thread Stats   Avg      Stdev     Max   +/- Stdev
    Latency    14.07s     4.00s   20.94s    57.88%
    Req/Sec   280.81      0.39   281.00    100.00%
  Latency Distribution (HdrHistogram - Recorded Latency)
 50.000%   14.11s 
 75.000%   17.56s 
 90.000%   19.56s 
 99.000%   20.81s 
 99.900%   20.92s 
 99.990%   20.96s 
 99.999%   20.96s 
100.000%   20.96s 

  Detailed Percentile spectrum:
       Value   Percentile   TotalCount 1/(1-Percentile)

    7028.735     0.000000            1         1.00
    8470.527     0.100000         9097         1.11
    9895.935     0.200000        18106         1.25
   11337.727     0.300000        27168         1.43
   12754.943     0.400000        36245         1.67
   14106.623     0.500000        45287         2.00
   14794.751     0.550000        49822         2.22
   15482.879     0.600000        54313         2.50
   16179.199     0.650000        58893         2.86
   16875.519     0.700000        63375         3.33
   17563.647     0.750000        67961         4.00
   17891.327     0.775000        70209         4.44
   18202.623     0.800000        72475         5.00
   18546.687     0.825000        74701         5.71
   18857.983     0.850000        76944         6.67
   19202.047     0.875000        79214         8.00
   19382.271     0.887500        80345         8.89
   19562.495     0.900000        81508        10.00
   19742.719     0.912500        82636        11.43
   19922.943     0.925000        83758        13.33
   20086.783     0.937500        84862        16.00
   20168.703     0.943750        85422        17.78
   20267.007     0.950000        86053        20.00
   20348.927     0.956250        86619        22.86
   20430.847     0.962500        87163        26.67
   20512.767     0.968750        87690        32.00
   20561.919     0.971875        88042        35.56
   20594.687     0.975000        88276        40.00
   20643.839     0.978125        88586        45.71
   20692.991     0.981250        88902        53.33
   20725.759     0.984375        89129        64.00
   20758.527     0.985938        89352        71.11
   20774.911     0.987500        89458        80.00
   20791.295     0.989062        89585        91.43
   20807.679     0.990625        89678       106.67
   20824.063     0.992188        89805       128.00
   20840.447     0.992969        89909       142.22
   20856.831     0.993750        90028       160.00
   20856.831     0.994531        90028       182.86
   20873.215     0.995313        90153       213.33
   20889.599     0.996094        90261       256.00
   20889.599     0.996484        90261       284.44
   20889.599     0.996875        90261       320.00
   20905.983     0.997266        90371       365.71
   20905.983     0.997656        90371       426.67
   20905.983     0.998047        90371       512.00
   20905.983     0.998242        90371       568.89
   20905.983     0.998437        90371       640.00
   20922.367     0.998633        90444       731.43
   20922.367     0.998828        90444       853.33
   20922.367     0.999023        90444      1024.00
   20922.367     0.999121        90444      1137.78
   20922.367     0.999219        90444      1280.00
   20938.751     0.999316        90501      1462.86
   20938.751     0.999414        90501      1706.67
   20938.751     0.999512        90501      2048.00
   20938.751     0.999561        90501      2275.56
   20938.751     0.999609        90501      2560.00
   20938.751     0.999658        90501      2925.71
   20938.751     0.999707        90501      3413.33
   20938.751     0.999756        90501      4096.00
   20938.751     0.999780        90501      4551.11
   20938.751     0.999805        90501      5120.00
   20938.751     0.999829        90501      5851.43
   20938.751     0.999854        90501      6826.67
   20938.751     0.999878        90501      8192.00
   20955.135     0.999890        90511      9102.22
   20955.135     1.000000        90511          inf
#[Mean    =    14068.152, StdDeviation   =     4002.556]
#[Max     =    20938.752, Total count    =        90511]
#[Buckets =           27, SubBuckets     =         2048]
----------------------------------------------------------
  135627 requests in 30.01s, 1.80GB read
Requests/sec:   4519.49
Transfer/sec:     61.36MB
WRKX_RESULT {"durationUs":30009367,"requests":135627,"responses":135627,"errors":0,"bytes":1930785972,"latencyAvgUs":14068152.165,"latencyP95Us":20267007.000,"latencyP99Us":20807679.000}
