Running 30s test @ http://localhost:9991/postgres/orders
  16 threads and 256 connections
  Thread calibration: mean lat.: 3844.751ms, rate sampling interval: 13983ms
  Thread calibration: mean lat.: 3839.512ms, rate sampling interval: 13967ms
  Thread calibration: mean lat.: 3839.711ms, rate sampling interval: 13959ms
  Thread calibration: mean lat.: 3841.890ms, rate sampling interval: 13967ms
  Thread calibration: mean lat.: 3841.280ms, rate sampling interval: 13975ms
  Thread calibration: mean lat.: 3841.995ms, rate sampling interval: 13967ms
  Thread calibration: mean lat.: 3834.540ms, rate sampling interval: 13950ms
  Thread calibration: mean lat.: 3841.368ms, rate sampling interval: 13967ms
  Thread calibration: mean lat.: 3841.447ms, rate sampling interval: 13967ms
  Thread calibration: mean lat.: 3847.632ms, rate sampling interval: 13959ms
  Thread calibration: mean lat.: 3841.587ms, rate sampling interval: 13975ms
  Thread calibration: mean lat.: 3839.696ms, rate sampling interval: 13942ms
  Thread calibration: mean lat.: 3847.012ms, rate sampling interval: 13959ms
  Thread calibration: mean lat.: 3837.191ms, rate sampling interval: 13967ms
  Thread calibration: mean lat.: 3848.248ms, rate sampling interval: 14000ms
  Thread calibration: mean lat.: 3841.857ms, rate sampling interval: 13967ms
  Thread Stats   Avg      Stdev     Max   +/- Stdev
    Latency    15.48s     4.48s   23.28s    57.74%
    Req/Sec   276.50      0.50   277.00    100.00%
  Latency Distribution (HdrHistogram - Recorded Latency)
 50.000%   15.47s 
 75.000%   19.33s 
 90.000%   21.71s 
 99.000%   23.12s 
 99.900%   23.27s 
 99.990%   23.28s 
 99.999%   23.30s 
100.000%   23.30s 

  Detailed Percentile spectrum:
       Value   Percentile   TotalCount 1/(1-Percentile)

    7720.959     0.000000            3         1.00
    9281.535     0.100000         8815         1.11
   10829.823     0.200000        17609         1.25
   12402.687     0.300000        26409         1.43
   13942.783     0.400000        35196         1.67
   15474.687     0.500000        43983         2.00
   16236.543     0.550000        48372         2.22
   17006.591     0.600000        52793         2.50
   17809.407     0.650000        57207         2.86
   18546.687     0.700000        61528         3.33
   19333.119     0.750000        65923         4.00
   19726.335     0.775000        68141         4.44
   20135.935     0.800000        70365         5.00
   20529.151     0.825000        72559         5.71
   20938.751     0.850000        74729         6.67
   21331.967     0.875000        76966         8.00
   21528.575     0.887500        78093         8.89
   21708.799     0.900000        79123        10.00
   21905.407     0.912500        80253        11.43
   22085.631     0.925000        81309        13.33
   22298.623     0.937500        82485        16.00
   22380.543     0.943750        82965        17.78
   22478.847     0.950000        83505        20.00
   22577.151     0.956250        84064        22.86
   22675.455     0.962500        84613        26.67
   22773.759     0.968750        85169        32.00
   22822.911     0.971875        85468        35.56
   22872.063     0.975000        85733        40.00
   22921.215     0.978125        85996        45.71
   22970.367     0.981250        86250        53.33
   23035.903     0.984375        86588        64.00
   23052.287     0.985938        86677        71.11
   23085.055     0.987500        86856        80.00
   23101.439     0.989062        86952        91.43
   23134.207     0.990625        87132       106.67
   23150.591     0.992188        87228       128.00
   23166.975     0.992969        87319       142.22
   23183.359     0.993750        87412       160.00
   23183.359     0.994531        87412       182.86
   23199.743     0.995313        87503       213.33
   23216.127     0.996094        87599       256.00
   23216.127     0.996484        87599       284.44
   23232.511     0.996875        87700       320.00
   23232.511     0.997266        87700       365.71
   23232.511     0.997656        87700       426.67
   23248.895     0.998047        87789       512.00
   23248.895     0.998242        87789       568.89
   23248.895     0.998437        87789       640.00
   23248.895     0.998633        87789       731.43
   23248.895     0.998828        87789       853.33
   23265.279     0.999023        87856      1024.00
   23265.279     0.999121        87856      1137.78
   23265.279     0.999219        87856      1280.00
   23265.279     0.999316        87856      1462.86
   23265.279     0.999414        87856      1706.67
   23265.279     0.999512        87856      2048.00
   23265.279     0.999561        87856      2275.56
   23265.279     0.999609        87856      2560.00
   23265.279     0.999658        87856      2925.71
   23281.663     0.999707        87882      3413.33
   23281.663     0.999756        87882      4096.00
   23281.663     0.999780        87882      4551.11
   23281.663     0.999805        87882      5120.00
   23281.663     0.999829        87882      5851.43
   23281.663     0.999854        87882      6826.67
   23281.663     0.999878        87882      8192.00
   23281.663     0.999890        87882      9102.22
   23281.663     0.999902        87882     10240.00
   23281.663     0.999915        87882     11702.86
   23281.663     0.999927        87882     13653.33
   23281.663     0.999939        87882     16384.00
   23281.663     0.999945        87882     18204.44
   23281.663     0.999951        87882     20480.00
   23281.663     0.999957        87882     23405.71
   23281.663     0.999963        87882     27306.67
   23281.663     0.999969        87882     32768.00
   23281.663     0.999973        87882     36408.89
   23281.663     0.999976        87882     40960.00
   23298.047     0.999979        87884     46811.43
   23298.047     1.000000        87884          inf
#[Mean    =    15476.191, StdDeviation   =     4477.213]
#[Max     =    23281.664, Total count    =        87884]
#[Buckets =           27, SubBuckets     =         2048]
----------------------------------------------------------
  134092 requests in 30.00s, 1.78GB read
Requests/sec:   4469.07
Transfer/sec:     60.67MB
WRKX_RESULT {"durationUs":30004470,"requests":134092,"responses":134092,"errors":0,"bytes":1908933712,"latencyAvgUs":15476191.142,"latencyP95Us":22478847.000,"latencyP99Us":23117823.000}
