Running 30s test @ http://localhost:9991/postgres/orders
  16 threads and 256 connections
  Thread calibration: mean lat.: 2701.532ms, rate sampling interval: 9838ms
  Thread calibration: mean lat.: 2698.825ms, rate sampling interval: 9838ms
  Thread calibration: mean lat.: 2700.556ms, rate sampling interval: 9846ms
  Thread calibration: mean lat.: 2702.764ms, rate sampling interval: 9830ms
  Thread calibration: mean lat.: 2701.986ms, rate sampling interval: 9830ms
  Thread calibration: mean lat.: 2703.659ms, rate sampling interval: 9846ms
  Thread calibration: mean lat.: 2703.941ms, rate sampling interval: 9846ms
  Thread calibration: mean lat.: 2704.588ms, rate sampling interval: 9830ms
  Thread calibration: mean lat.: 2707.549ms, rate sampling interval: 9846ms
  Thread calibration: mean lat.: 2706.561ms, rate sampling interval: 9838ms
  Thread calibration: mean lat.: 2700.628ms, rate sampling interval: 9846ms
  Thread calibration: mean lat.: 2703.251ms, rate sampling interval: 9846ms
  Thread calibration: mean lat.: 2701.433ms, rate sampling interval: 9838ms
  Thread calibration: mean lat.: 2708.258ms, rate sampling interval: 9854ms
  Thread calibration: mean lat.: 2709.370ms, rate sampling interval: 9846ms
  Thread calibration: mean lat.: 2706.506ms, rate sampling interval: 9838ms
  Thread Stats   Avg      Stdev     Max   +/- Stdev
    Latency    10.92s     3.15s   16.57s    57.99%
    Req/Sec   278.09      3.11   282.00    100.00%
  Latency Distribution (HdrHistogram - Recorded Latency)
 50.000%   10.90s 
 75.000%   13.62s 
 90.000%   15.34s 
 99.000%   16.42s 
 99.900%   16.54s 
 99.990%   16.56s 
 99.999%   16.57s 
100.000%   16.58s 

  Detailed Percentile spectrum:
       Value   Percentile   TotalCount 1/(1-Percentile)

    5464.063     0.000000            1         1.00
    6606.847     0.100000         8896         1.11
    7667.711     0.200000        17767         1.25
    8732.671     0.300000        26644         1.43
    9789.439     0.400000        35530         1.67
   10903.551     0.500000        44453         2.00
   11452.415     0.550000        48856         2.22
   11976.703     0.600000        53319         2.50
   12500.991     0.650000        57720         2.86
   13058.047     0.700000        62166         3.33
   13615.103     0.750000        66593         4.00
   13926.399     0.775000        68868         4.44
   14204.927     0.800000        71070         5.00
   14483.455     0.825000        73305         5.71
   14778.367     0.850000        75534         6.67
   15056.895     0.875000        77757         8.00
   15187.967     0.887500        78800         8.89
   15335.423     0.900000        79925        10.00
   15482.879     0.912500        81072        11.43
   15630.335     0.925000        82173        13.33
   15785.983     0.937500        83243        16.00
   15876.095     0.943750        83839        17.78
   15949.823     0.950000        84357        20.00
   16023.551     0.956250        84905        22.86
   16097.279     0.962500        85467        26.67
   16171.007     0.968750        86025        32.00
   16203.775     0.971875        86293        35.56
   16244.735     0.975000        86620        40.00
   16277.503     0.978125        86893        45.71
   16310.271     0.981250        87147        53.33
   16351.231     0.984375        87443        64.00
   16367.615     0.985938        87546        71.11
   16392.191     0.987500        87726        80.00
   16408.575     0.989062        87854        91.43
   16424.959     0.990625        87962       106.67
   16449.535     0.992188        88136       128.00
   16457.727     0.992969        88183       142.22
   16465.919     0.993750        88236       160.00
   16474.111     0.994531        88303       182.86
   16482.303     0.995313        88370       213.33
   16498.687     0.996094        88473       256.00
   16498.687     0.996484        88473       284.44
   16506.879     0.996875        88537       320.00
   16515.071     0.997266        88603       365.71
   16515.071     0.997656        88603       426.67
   16523.263     0.998047        88651       512.00
   16523.263     0.998242        88651       568.89
   16523.263     0.998437        88651       640.00
   16531.455     0.998633        88695       731.43
   16531.455     0.998828        88695       853.33
   16539.647     0.999023        88729      1024.00
   16539.647     0.999121        88729      1137.78
   16539.647     0.999219        88729      1280.00
   16539.647     0.999316        88729      1462.86
   16547.839     0.999414        88756      1706.67
   16547.839     0.999512        88756      2048.00
   16547.839     0.999561        88756      2275.56
   16547.839     0.999609        88756      2560.00
   16547.839     0.999658        88756      2925.71
   16556.031     0.999707        88773      3413.33
   16556.031     0.999756        88773      4096.00
   16556.031     0.999780        88773      4551.11
   16556.031     0.999805        88773      5120.00
   16556.031     0.999829        88773      5851.43
   16556.031     0.999854        88773      6826.67
   16564.223     0.999878        88779      8192.00
   16564.223     0.999890        88779      9102.22
   16564.223     0.999902        88779     10240.00
   16564.223     0.999915        88779     11702.86
   16564.223     0.999927        88779     13653.33
   16572.415     0.999939        88784     16384.00
   16572.415     0.999945        88784     18204.44
   16572.415     0.999951        88784     20480.00
   16572.415     0.999957        88784     23405.71
   16572.415     0.999963        88784     27306.67
   16572.415     0.999969        88784     32768.00
   16572.415     0.999973        88784     36408.89
   16572.415     0.999976        88784     40960.00
   16572.415     0.999979        88784     46811.43
   16572.415     0.999982        88784     54613.33
   16572.415     0.999985        88784     65536.00
   16572.415     0.999986        88784     72817.78
   16572.415     0.999988        88784     81920.00
   16580.607     0.999989        88785     93622.86
   16580.607     1.000000        88785          inf
#[Mean    =    10922.670, StdDeviation   =     3154.199]
#[Max     =    16572.416, Total count    =        88785]
#[Buckets =           27, SubBuckets     =         2048]
----------------------------------------------------------
  134386 requests in 30.01s, 1.78GB read
Requests/sec:   4477.59
Transfer/sec:     60.79MB
WRKX_RESULT {"durationUs":30013039,"requests":134386,"responses":134386,"errors":0,"bytes":1913119096,"latencyAvgUs":10922669.919,"latencyP95Us":15949823.000,"latencyP99Us":16416767.000}
