Running 30s test @ http://localhost:9991/postgres/orders
  16 threads and 256 connections
  Thread calibration: mean lat.: 4196.541ms, rate sampling interval: 15253ms
  Thread calibration: mean lat.: 4194.454ms, rate sampling interval: 15245ms
  Thread calibration: mean lat.: 4190.699ms, rate sampling interval: 15220ms
  Thread calibration: mean lat.: 4192.745ms, rate sampling interval: 15245ms
  Thread calibration: mean lat.: 4191.484ms, rate sampling interval: 15253ms
  Thread calibration: mean lat.: 4193.672ms, rate sampling interval: 15237ms
  Thread calibration: mean lat.: 4195.751ms, rate sampling interval: 15269ms
  Thread calibration: mean lat.: 4193.924ms, rate sampling interval: 15245ms
  Thread calibration: mean lat.: 4191.789ms, rate sampling interval: 15237ms
  Thread calibration: mean lat.: 4190.761ms, rate sampling interval: 15228ms
  Thread calibration: mean lat.: 4197.178ms, rate sampling interval: 15237ms
  Thread calibration: mean lat.: 4193.710ms, rate sampling interval: 15237ms
  Thread calibration: mean lat.: 4198.737ms, rate sampling interval: 15253ms
  Thread calibration: mean lat.: 4201.935ms, rate sampling interval: 15253ms
  Thread calibration: mean lat.: 4197.679ms, rate sampling interval: 15253ms
  Thread calibration: mean lat.: 4195.667ms, rate sampling interval: 15253ms
  Thread Stats   Avg      Stdev     Max   +/- Stdev
    Latency    16.95s     4.87s   25.46s    58.05%
    Req/Sec   283.00      0.00   283.00    100.00%
  Latency Distribution (HdrHistogram - Recorded Latency)
 50.000%   17.01s 
 75.000%   21.14s 
 90.000%   23.71s 
 99.000%   25.26s 
 99.900%   25.43s 
 99.990%   25.46s 
 99.999%   25.48s 
100.000%   25.48s 

  Detailed Percentile spectrum:
       Value   Percentile   TotalCount 1/(1-Percentile)

    8503.295     0.000000            1         1.00
   10190.847     0.100000         9025         1.11
   11919.359     0.200000        18010         1.25
   13574.143     0.300000        27006         1.43
   15302.655     0.400000        35996         1.67
   17006.591     0.500000        45058         2.00
   17825.791     0.550000        49505         2.22
   18644.991     0.600000        53994         2.50
   19447.807     0.650000        58499         2.86
   20267.007     0.700000        62984         3.33
   21135.359     0.750000        67476         4.00
   21561.343     0.775000        69728         4.44
   21987.327     0.800000        71976         5.00
   22429.695     0.825000        74252         5.71
   22839.295     0.850000        76464         6.67
   23265.279     0.875000        78708         8.00
   23478.271     0.887500        79825         8.89
   23707.647     0.900000        81009        10.00
   23920.639     0.912500        82093        11.43
   24150.015     0.925000        83250        13.33
   24379.391     0.937500        84384        16.00
   24477.695     0.943750        84875        17.78
   24592.383     0.950000        85474        20.00
   24690.687     0.956250        85998        22.86
   24805.375     0.962500        86616        26.67
   24903.679     0.968750        87147        32.00
   24952.831     0.971875        87417        35.56
   25001.983     0.975000        87684        40.00
   25067.519     0.978125        88037        45.71
   25116.671     0.981250        88269        53.33
   25165.823     0.984375        88529        64.00
   25198.591     0.985938        88699        71.11
   25231.359     0.987500        88864        80.00
   25264.127     0.989062        89039        91.43
   25280.511     0.990625        89121       106.67
   25313.279     0.992188        89278       128.00
   25329.663     0.992969        89362       142.22
   25346.047     0.993750        89442       160.00
   25346.047     0.994531        89442       182.86
   25362.431     0.995313        89523       213.33
   25378.815     0.996094        89612       256.00
   25395.199     0.996484        89700       284.44
   25395.199     0.996875        89700       320.00
   25395.199     0.997266        89700       365.71
   25411.583     0.997656        89771       426.67
   25411.583     0.998047        89771       512.00
   25427.967     0.998242        89852       568.89
   25427.967     0.998437        89852       640.00
   25427.967     0.998633        89852       731.43
   25427.967     0.998828        89852       853.33
   25427.967     0.999023        89852      1024.00
   25444.351     0.999121        89902      1137.78
   25444.351     0.999219        89902      1280.00
   25444.351     0.999316        89902      1462.86
   25444.351     0.999414        89902      1706.67
   25444.351     0.999512        89902      2048.00
   25444.351     0.999561        89902      2275.56
   25444.351     0.999609        89902      2560.00
   25444.351     0.999658        89902      2925.71
   25460.735     0.999707        89929      3413.33
   25460.735     0.999756        89929      4096.00
   25460.735     0.999780        89929      4551.11
   25460.735     0.999805        89929      5120.00
   25460.735     0.999829        89929      5851.43
   25460.735     0.999854        89929      6826.67
   25460.735     0.999878        89929      8192.00
   25460.735     0.999890        89929      9102.22
   25460.735     0.999902        89929     10240.00
   25460.735     0.999915        89929     11702.86
   25460.735     0.999927        89929     13653.33
   25460.735     0.999939        89929     16384.00
   25460.735     0.999945        89929     18204.44
   25460.735     0.999951        89929     20480.00
   25460.735     0.999957        89929     23405.71
   25460.735     0.999963        89929     27306.67
   25477.119     0.999969        89932     32768.00
   25477.119     1.000000        89932          inf
#[Mean    =    16950.971, StdDeviation   =     4869.260]
#[Max     =    25460.736, Total count    =        89932]
#[Buckets =           27, SubBuckets     =         2048]
----------------------------------------------------------
  135670 requests in 30.00s, 1.80GB read
Requests/sec:   4521.58
Transfer/sec:     61.39MB
WRKX_RESULT {"durationUs":30004982,"requests":135670,"responses":135670,"errors":0,"bytes":1931398120,"latencyAvgUs":16950971.306,"latencyP95Us":24592383.000,"latencyP99Us":25264127.000}
