Running 30s test @ http://localhost:9991/postgres/orders
  16 threads and 256 connections
  Thread calibration: mean lat.: 4047.362ms, rate sampling interval: 14737ms
  Thread calibration: mean lat.: 4048.456ms, rate sampling interval: 14729ms
  Thread calibration: mean lat.: 4046.538ms, rate sampling interval: 14737ms
  Thread calibration: mean lat.: 4050.536ms, rate sampling interval: 14753ms
  Thread calibration: mean lat.: 4049.487ms, rate sampling interval: 14737ms
  Thread calibration: mean lat.: 4049.522ms, rate sampling interval: 14737ms
  Thread calibration: mean lat.: 4049.758ms, rate sampling interval: 14737ms
  Thread calibration: mean lat.: 4052.597ms, rate sampling interval: 14737ms
  Thread calibration: mean lat.: 4052.840ms, rate sampling interval: 14745ms
  Thread calibration: mean lat.: 4052.397ms, rate sampling interval: 14737ms
  Thread calibration: mean lat.: 4055.369ms, rate sampling interval: 14737ms
  Thread calibration: mean lat.: 4053.574ms, rate sampling interval: 14737ms
  Thread calibration: mean lat.: 4050.330ms, rate sampling interval: 14729ms
  Thread calibration: mean lat.: 4054.676ms, rate sampling interval: 14770ms
  Thread calibration: mean lat.: 4051.267ms, rate sampling interval: 14737ms
  Thread calibration: mean lat.: 4063.093ms, rate sampling interval: 14745ms
  Thread Stats   Avg      Stdev     Max   +/- Stdev
    Latency    16.38s     4.69s   24.53s    58.34%
    Req/Sec   280.00      0.00   280.00    100.00%
  Latency Distribution (HdrHistogram - Recorded Latency)
 50.000%   16.38s 
 75.000%   20.46s 
 90.000%   22.87s 
 99.000%   24.36s 
 99.900%   24.51s 
 99.990%   24.53s 
 99.999%   24.54s 
100.000%   24.54s 

  Detailed Percentile spectrum:
       Value   Percentile   TotalCount 1/(1-Percentile)

    8155.135     0.000000            1         1.00
    9863.167     0.100000         9005         1.11
   11550.719     0.200000        17938         1.25
   13213.695     0.300000        26918         1.43
   14802.943     0.400000        35846         1.67
   16383.999     0.500000        44802         2.00
   17203.199     0.550000        49296         2.22
   18006.015     0.600000        53822         2.50
   18825.215     0.650000        58248         2.86
   19693.567     0.700000        62769         3.33
   20463.615     0.750000        67297         4.00
   20824.063     0.775000        69442         4.44
   21200.895     0.800000        71715         5.00
   21610.495     0.825000        73951         5.71
   22036.479     0.850000        76210         6.67
   22446.079     0.875000        78407         8.00
   22659.071     0.887500        79554         8.89
   22872.063     0.900000        80696        10.00
   23068.671     0.912500        81779        11.43
   23265.279     0.925000        82926        13.33
   23478.271     0.937500        84045        16.00
   23592.959     0.943750        84638        17.78
   23691.263     0.950000        85127        20.00
   23805.951     0.956250        85705        22.86
   23904.255     0.962500        86259        26.67
   24002.559     0.968750        86831        32.00
   24051.711     0.971875        87100        35.56
   24117.247     0.975000        87432        40.00
   24166.399     0.978125        87699        45.71
   24215.551     0.981250        88006        53.33
   24264.703     0.984375        88269        64.00
   24281.087     0.985938        88351        71.11
   24313.855     0.987500        88520        80.00
   24346.623     0.989062        88698        91.43
   24363.007     0.990625        88797       106.67
   24395.775     0.992188        88982       128.00
   24395.775     0.992969        88982       142.22
   24412.159     0.993750        89086       160.00
   24428.543     0.994531        89159       182.86
   24444.927     0.995313        89253       213.33
   24444.927     0.996094        89253       256.00
   24461.311     0.996484        89341       284.44
   24461.311     0.996875        89341       320.00
   24477.695     0.997266        89413       365.71
   24477.695     0.997656        89413       426.67
   24494.079     0.998047        89505       512.00
   24494.079     0.998242        89505       568.89
   24494.079     0.998437        89505       640.00
   24494.079     0.998633        89505       731.43
   24494.079     0.998828        89505       853.33
   24510.463     0.999023        89575      1024.00
   24510.463     0.999121        89575      1137.78
   24510.463     0.999219        89575      1280.00
   24510.463     0.999316        89575      1462.86
   24510.463     0.999414        89575      1706.67
   24510.463     0.999512        89575      2048.00
   24510.463     0.999561        89575      2275.56
   24510.463     0.999609        89575      2560.00
   24510.463     0.999658        89575      2925.71
   24510.463     0.999707        89575      3413.33
   24526.847     0.999756        89595      4096.00
   24526.847     0.999780        89595      4551.11
   24526.847     0.999805        89595      5120.00
   24526.847     0.999829        89595      5851.43
   24526.847     0.999854        89595      6826.67
   24526.847     0.999878        89595      8192.00
   24526.847     0.999890        89595      9102.22
   24526.847     0.999902        89595     10240.00
   24526.847     0.999915        89595     11702.86
   24526.847     0.999927        89595     13653.33
   24543.231     0.999939        89601     16384.00
   24543.231     1.000000        89601          inf
#[Mean    =    16383.700, StdDeviation   =     4689.289]
#[Max     =    24526.848, Total count    =        89601]
#[Buckets =           27, SubBuckets     =         2048]
----------------------------------------------------------
  136338 requests in 30.01s, 1.81GB read
Requests/sec:   4543.39
Transfer/sec:     61.68MB
WRKX_RESULT {"durationUs":30007972,"requests":136338,"responses":136338,"errors":0,"bytes":1940907768,"latencyAvgUs":16383699.592,"latencyP95Us":23691263.000,"latencyP99Us":24363007.000}
