Running 30s test @ http://localhost:9991/postgres/orders
  16 threads and 256 connections
  Thread calibration: mean lat.: 4513.654ms, rate sampling interval: 16359ms
  Thread calibration: mean lat.: 4509.872ms, rate sampling interval: 16343ms
  Thread calibration: mean lat.: 4512.033ms, rate sampling interval: 16351ms
  Thread calibration: mean lat.: 4513.483ms, rate sampling interval: 16343ms
  Thread calibration: mean lat.: 4514.323ms, rate sampling interval: 16343ms
  Thread calibration: mean lat.: 4517.929ms, rate sampling interval: 16375ms
  Thread calibration: mean lat.: 4509.567ms, rate sampling interval: 16351ms
  Thread calibration: mean lat.: 4510.376ms, rate sampling interval: 16334ms
  Thread calibration: mean lat.: 4516.882ms, rate sampling interval: 16359ms
  Thread calibration: mean lat.: 4511.446ms, rate sampling interval: 16367ms
  Thread calibration: mean lat.: 4512.139ms, rate sampling interval: 16359ms
  Thread calibration: mean lat.: 4516.883ms, rate sampling interval: 16359ms
  Thread calibration: mean lat.: 4510.124ms, rate sampling interval: 16334ms
  Thread calibration: mean lat.: 4514.000ms, rate sampling interval: 16326ms
  Thread calibration: mean lat.: 4514.331ms, rate sampling interval: 16343ms
  Thread calibration: mean lat.: 4514.941ms, rate sampling interval: 16351ms
  Thread Stats   Avg      Stdev     Max   +/- Stdev
    Latency    18.11s     5.24s   27.23s    57.74%
    Req/Sec   284.44      0.50   285.00    100.00%
  Latency Distribution (HdrHistogram - Recorded Latency)
 50.000%   18.14s 
 75.000%   22.66s 
 90.000%   25.40s 
 99.000%   27.05s 
 99.900%   27.21s 
 99.990%   27.25s 
 99.999%   27.25s 
100.000%   27.25s 

  Detailed Percentile spectrum:
       Value   Percentile   TotalCount 1/(1-Percentile)

    9076.735     0.000000            2         1.00
   10854.399     0.100000         9054         1.11
   12640.255     0.200000        18104         1.25
   14450.687     0.300000        27165         1.43
   16269.311     0.400000        36196         1.67
   18137.087     0.500000        45246         2.00
   19021.823     0.550000        49799         2.22
   19939.327     0.600000        54314         2.50
   20824.063     0.650000        58862         2.86
   21725.183     0.700000        63339         3.33
   22659.071     0.750000        67905         4.00
   23101.439     0.775000        70164         4.44
   23511.039     0.800000        72374         5.00
   24002.559     0.825000        74716         5.71
   24444.927     0.850000        76924         6.67
   24903.679     0.875000        79158         8.00
   25149.439     0.887500        80354         8.89
   25395.199     0.900000        81472        10.00
   25624.575     0.912500        82564        11.43
   25853.951     0.925000        83743        13.33
   26066.943     0.937500        84838        16.00
   26181.631     0.943750        85397        17.78
   26296.319     0.950000        85950        20.00
   26427.391     0.956250        86552        22.86
   26542.079     0.962500        87076        26.67
   26673.151     0.968750        87715        32.00
   26722.303     0.971875        87974        35.56
   26771.455     0.975000        88226        40.00
   26836.991     0.978125        88553        45.71
   26886.143     0.981250        88806        53.33
   26951.679     0.984375        89128        64.00
   26968.063     0.985938        89214        71.11
   27000.831     0.987500        89377        80.00
   27033.599     0.989062        89550        91.43
   27049.983     0.990625        89639       106.67
   27082.751     0.992188        89801       128.00
   27099.135     0.992969        89880       142.22
   27115.519     0.993750        89956       160.00
   27131.903     0.994531        90028       182.86
   27148.287     0.995313        90106       213.33
   27164.671     0.996094        90189       256.00
   27164.671     0.996484        90189       284.44
   27164.671     0.996875        90189       320.00
   27181.055     0.997266        90274       365.71
   27181.055     0.997656        90274       426.67
   27197.439     0.998047        90345       512.00
   27197.439     0.998242        90345       568.89
   27197.439     0.998437        90345       640.00
   27197.439     0.998633        90345       731.43
   27213.823     0.998828        90409       853.33
   27213.823     0.999023        90409      1024.00
   27213.823     0.999121        90409      1137.78
   27213.823     0.999219        90409      1280.00
   27213.823     0.999316        90409      1462.86
   27230.207     0.999414        90452      1706.67
   27230.207     0.999512        90452      2048.00
   27230.207     0.999561        90452      2275.56
   27230.207     0.999609        90452      2560.00
   27230.207     0.999658        90452      2925.71
   27230.207     0.999707        90452      3413.33
   27230.207     0.999756        90452      4096.00
   27230.207     0.999780        90452      4551.11
   27230.207     0.999805        90452      5120.00
   27230.207     0.999829        90452      5851.43
   27230.207     0.999854        90452      6826.67
   27246.591     0.999878        90465      8192.00
   27246.591     1.000000        90465          inf
#[Mean    =    18106.060, StdDeviation   =     5237.652]
#[Max     =    27230.208, Total count    =        90465]
#[Buckets =           27, SubBuckets     =         2048]
----------------------------------------------------------
  137175 requests in 30.01s, 1.82GB read
Requests/sec:   4571.53
Transfer/sec:     62.07MB
WRKX_RESULT {"durationUs":30006382,"requests":137175,"responses":137175,"errors":0,"bytes":1952823594,"latencyAvgUs":18106060.228,"latencyP95Us":26296319.000,"latencyP99Us":27049983.000}
