Running 30s test @ http://localhost:9991/postgres/orders
  16 threads and 256 connections
  Thread calibration: mean lat.: 2871.048ms, rate sampling interval: 11427ms
  Thread calibration: mean lat.: 2947.223ms, rate sampling interval: 10846ms
  Thread calibration: mean lat.: 2980.656ms, rate sampling interval: 11255ms
  Thread calibration: mean lat.: 2887.601ms, rate sampling interval: 11255ms
  Thread calibration: mean lat.: 3184.432ms, rate sampling interval: 11837ms
  Thread calibration: mean lat.: 2998.488ms, rate sampling interval: 11583ms
  Thread calibration: mean lat.: 3001.610ms, rate sampling interval: 12197ms
  Thread calibration: mean lat.: 2369.247ms, rate sampling interval: 11206ms
  Thread calibration: mean lat.: 2812.826ms, rate sampling interval: 11198ms
  Thread calibration: mean lat.: 2330.892ms, rate sampling interval: 10936ms
  Thread calibration: mean lat.: 2970.554ms, rate sampling interval: 11460ms
  Thread calibration: mean lat.: 3302.415ms, rate sampling interval: 12222ms
  Thread calibration: mean lat.: 2783.506ms, rate sampling interval: 12034ms
  Thread calibration: mean lat.: 3300.752ms, rate sampling interval: 11788ms
  Thread calibration: mean lat.: 2755.558ms, rate sampling interval: 11493ms
  Thread calibration: mean lat.: 3362.100ms, rate sampling interval: 12517ms
  Thread Stats   Avg      Stdev     Max   +/- Stdev
    Latency    12.53s     4.60s   24.40s    64.44%
    Req/Sec     0.87k    82.64     1.00k    56.25%
  Latency Distribution (HdrHistogram - Recorded Latency)
 50.000%   12.39s 
 75.000%   16.04s 
 90.000%   18.97s 
 99.000%   21.84s 
 99.900%   23.12s 
 99.990%   24.05s 
 99.999%   24.36s 
100.000%   24.41s 

  Detailed Percentile spectrum:
       Value   Percentile   TotalCount 1/(1-Percentile)

       3.293     0.000000            1         1.00
    6807.551     0.100000        27465         1.11
    8355.839     0.200000        54954         1.25
    9617.407     0.300000        82359         1.43
   10993.663     0.400000       109841         1.67
   12394.495     0.500000       137277         2.00
   13139.967     0.550000       151128         2.22
   13770.751     0.600000       164723         2.50
   14442.495     0.650000       178575         2.86
   15228.927     0.700000       192211         3.33
   16039.935     0.750000       205951         4.00
   16498.687     0.775000       212833         4.44
   16973.823     0.800000       219724         5.00
   17383.423     0.825000       226605         5.71
   17891.327     0.850000       233376         6.67
   18464.767     0.875000       240348         8.00
   18710.527     0.887500       243711         8.89
   18972.671     0.900000       247174        10.00
   19234.815     0.912500       250607        11.43
   19464.191     0.925000       253976        13.33
   19742.719     0.937500       257373        16.00
   19922.943     0.943750       259181        17.78
   20070.399     0.950000       260908        20.00
   20267.007     0.956250       262577        22.86
   20479.999     0.962500       264264        26.67
   20709.375     0.968750       265944        32.00
   20807.679     0.971875       266824        35.56
   20938.751     0.975000       267648        40.00
   21037.055     0.978125       268530        45.71
   21184.511     0.981250       269403        53.33
   21364.735     0.984375       270297        64.00
   21463.039     0.985938       270654        71.11
   21594.111     0.987500       271085        80.00
   21741.567     0.989062       271521        91.43
   21905.407     0.990625       271968       106.67
   22085.631     0.992188       272388       128.00
   22183.935     0.992969       272602       142.22
   22282.239     0.993750       272807       160.00
   22396.927     0.994531       273033       182.86
   22511.615     0.995313       273221       213.33
   22626.303     0.996094       273438       256.00
   22659.071     0.996484       273568       284.44
   22708.223     0.996875       273678       320.00
   22740.991     0.997266       273772       365.71
   22773.759     0.997656       273882       426.67
   22839.295     0.998047       273992       512.00
   22872.063     0.998242       274032       568.89
   22921.215     0.998437       274081       640.00
   22986.751     0.998633       274138       731.43
   23052.287     0.998828       274186       853.33
   23134.207     0.999023       274238      1024.00
   23183.359     0.999121       274265      1137.78
   23248.895     0.999219       274296      1280.00
   23298.047     0.999316       274319      1462.86
   23363.583     0.999414       274345      1706.67
   23461.887     0.999512       274373      2048.00
   23511.039     0.999561       274386      2275.56
   23560.191     0.999609       274400      2560.00
   23625.727     0.999658       274412      2925.71
   23707.647     0.999707       274425      3413.33
   23789.567     0.999756       274439      4096.00
   23822.335     0.999780       274445      4551.11
   23887.871     0.999805       274454      5120.00
   23937.023     0.999829       274461      5851.43
   23969.791     0.999854       274466      6826.67
   24002.559     0.999878       274472      8192.00
   24035.327     0.999890       274476      9102.22
   24068.095     0.999902       274480     10240.00
   24084.479     0.999915       274482     11702.86
   24133.631     0.999927       274486     13653.33
   24182.783     0.999939       274489     16384.00
   24199.167     0.999945       274490     18204.44
   24231.935     0.999951       274492     20480.00
   24248.319     0.999957       274494     23405.71
   24264.703     0.999963       274495     27306.67
   24297.471     0.999969       274497     32768.00
   24313.855     0.999973       274498     36408.89
   24330.239     0.999976       274499     40960.00
   24346.623     0.999979       274500     46811.43
   24346.623     0.999982       274500     54613.33
   24363.007     0.999985       274502     65536.00
   24363.007     0.999986       274502     72817.78
   24363.007     0.999988       274502     81920.00
   24379.391     0.999989       274503     93622.86
   24379.391     0.999991       274503    109226.67
   24379.391     0.999992       274503    131072.00
   24395.775     0.999993       274504    145635.56
   24395.775     0.999994       274504    163840.00
   24395.775     0.999995       274504    187245.71
   24395.775     0.999995       274504    218453.33
   24395.775     0.999996       274504    262144.00
   24412.159     0.999997       274505    291271.11
   24412.159     1.000000       274505          inf
#[Mean    =    12534.303, StdDeviation   =     4600.785]
#[Max     =    24395.776, Total count    =       274505]
#[Buckets =           27, SubBuckets     =         2048]
----------------------------------------------------------
  414952 requests in 30.00s, 5.49GB read
  Socket errors: connect 0, read 18, write 0, timeout 0
Requests/sec:  13830.99
Transfer/sec:    187.50MB
WRKX_RESULT {"durationUs":30001620,"requests":414952,"responses":414952,"errors":18,"bytes":5898558222,"latencyAvgUs":12534303.030,"latencyP95Us":20070399.000,"latencyP99Us":21839871.000}
