Running 30s test @ http://localhost:9991/postgres/orders
  16 threads and 256 connections
  Thread calibration: mean lat.: 1777.478ms, rate sampling interval: 8413ms
  Thread calibration: mean lat.: 2190.242ms, rate sampling interval: 8675ms
  Thread calibration: mean lat.: 2520.854ms, rate sampling interval: 9469ms
  Thread calibration: mean lat.: 2401.935ms, rate sampling interval: 9601ms
  Thread calibration: mean lat.: 2489.470ms, rate sampling interval: 10313ms
  Thread calibration: mean lat.: 1730.067ms, rate sampling interval: 8626ms
  Thread calibration: mean lat.: 2344.484ms, rate sampling interval: 9666ms
  Thread calibration: mean lat.: 2844.975ms, rate sampling interval: 10387ms
  Thread calibration: mean lat.: 1574.209ms, rate sampling interval: 7860ms
  Thread calibration: mean lat.: 2463.971ms, rate sampling interval: 11091ms
  Thread calibration: mean lat.: 2231.798ms, rate sampling interval: 10477ms
  Thread calibration: mean lat.: 2721.680ms, rate sampling interval: 9699ms
  Thread calibration: mean lat.: 1856.501ms, rate sampling interval: 9060ms
  Thread calibration: mean lat.: 2659.179ms, rate sampling interval: 11108ms
  Thread calibration: mean lat.: 2297.854ms, rate sampling interval: 10174ms
  Thread calibration: mean lat.: 2271.010ms, rate sampling interval: 9674ms
  Thread Stats   Avg      Stdev     Max   +/- Stdev
    Latency    10.06s     4.63s   22.25s    65.21%
    Req/Sec     0.87k    89.60     1.05k    73.08%
  Latency Distribution (HdrHistogram - Recorded Latency)
 50.000%    9.93s 
 75.000%   13.36s 
 90.000%   16.52s 
 99.000%   19.79s 
 99.900%   21.36s 
 99.990%   22.05s 
 99.999%   22.20s 
100.000%   22.27s 

  Detailed Percentile spectrum:
       Value   Percentile   TotalCount 1/(1-Percentile)

       1.410     0.000000            1         1.00
    3975.167     0.100000        27909         1.11
    6090.751     0.200000        55802         1.25
    7532.543     0.300000        83707         1.43
    8732.671     0.400000       111732         1.67
    9928.703     0.500000       139551         2.00
   10461.183     0.550000       153590         2.22
   11075.583     0.600000       167462         2.50
   11771.903     0.650000       181389         2.86
   12517.375     0.700000       195407         3.33
   13361.151     0.750000       209327         4.00
   13803.519     0.775000       216297         4.44
   14303.231     0.800000       223185         5.00
   14835.711     0.825000       230180         5.71
   15400.959     0.850000       237159         6.67
   15941.631     0.875000       244118         8.00
   16220.159     0.887500       247642         8.89
   16515.071     0.900000       251110        10.00
   16826.367     0.912500       254671        11.43
   17137.663     0.925000       258240        13.33
   17448.959     0.937500       261581        16.00
   17612.799     0.943750       263323        17.78
   17809.407     0.950000       265222        20.00
   17989.631     0.956250       266873        22.86
   18202.623     0.962500       268569        26.67
   18464.767     0.968750       270300        32.00
   18612.223     0.971875       271169        35.56
   18792.447     0.975000       272084        40.00
   18923.519     0.978125       272916        45.71
   19087.359     0.981250       273781        53.33
   19316.735     0.984375       274664        64.00
   19447.807     0.985938       275086        71.11
   19595.263     0.987500       275522        80.00
   19709.951     0.989062       275933        91.43
   19857.407     0.990625       276386       106.67
   20004.863     0.992188       276839       128.00
   20103.167     0.992969       277026       142.22
   20234.239     0.993750       277244       160.00
   20365.311     0.994531       277462       182.86
   20479.999     0.995313       277688       213.33
   20611.071     0.996094       277901       256.00
   20676.607     0.996484       278000       284.44
   20758.527     0.996875       278125       320.00
   20840.447     0.997266       278232       365.71
   20938.751     0.997656       278336       426.67
   21053.439     0.998047       278446       512.00
   21102.591     0.998242       278490       568.89
   21168.127     0.998437       278556       640.00
   21217.279     0.998633       278601       731.43
   21282.815     0.998828       278654       853.33
   21381.119     0.999023       278715      1024.00
   21413.887     0.999121       278735      1137.78
   21463.039     0.999219       278762      1280.00
   21528.575     0.999316       278791      1462.86
   21594.111     0.999414       278820      1706.67
   21659.647     0.999512       278842      2048.00
   21708.799     0.999561       278860      2275.56
   21741.567     0.999609       278874      2560.00
   21774.335     0.999658       278889      2925.71
   21807.103     0.999707       278899      3413.33
   21839.871     0.999756       278910      4096.00
   21872.639     0.999780       278917      4551.11
   21905.407     0.999805       278924      5120.00
   21938.175     0.999829       278931      5851.43
   21970.943     0.999854       278938      6826.67
   22003.711     0.999878       278944      8192.00
   22036.479     0.999890       278949      9102.22
   22052.863     0.999902       278951     10240.00
   22085.631     0.999915       278955     11702.86
   22102.015     0.999927       278958     13653.33
   22118.399     0.999939       278961     16384.00
   22134.783     0.999945       278963     18204.44
   22151.167     0.999951       278967     20480.00
   22151.167     0.999957       278967     23405.71
   22167.551     0.999963       278970     27306.67
   22167.551     0.999969       278970     32768.00
   22183.935     0.999973       278973     36408.89
   22183.935     0.999976       278973     40960.00
   22183.935     0.999979       278973     46811.43
   22183.935     0.999982       278973     54613.33
   22200.319     0.999985       278975     65536.00
   22200.319     0.999986       278975     72817.78
   22200.319     0.999988       278975     81920.00
   22216.703     0.999989       278976     93622.86
   22216.703     0.999991       278976    109226.67
   22216.703     0.999992       278976    131072.00
   22249.471     0.999993       278977    145635.56
   22249.471     0.999994       278977    163840.00
   22249.471     0.999995       278977    187245.71
   22249.471     0.999995       278977    218453.33
   22249.471     0.999996       278977    262144.00
   22265.855     0.999997       278978    291271.11
   22265.855     1.000000       278978          inf
#[Mean    =    10056.338, StdDeviation   =     4633.012]
#[Max     =    22249.472, Total count    =       278978]
#[Buckets =           27, SubBuckets     =         2048]
----------------------------------------------------------
  418022 requests in 30.00s, 5.53GB read
  Socket errors: connect 0, read 14, write 0, timeout 0
Requests/sec:  13933.62
Transfer/sec:    188.89MB
WRKX_RESULT {"durationUs":30000952,"requests":418022,"responses":418022,"errors":14,"bytes":5942196771,"latencyAvgUs":10056338.399,"latencyP95Us":17809407.000,"latencyP99Us":19791871.000}
