Running 30s test @ http://localhost:9991/postgres/orders
  16 threads and 256 connections
  Thread calibration: mean lat.: 405.186ms, rate sampling interval: 3188ms
  Thread calibration: mean lat.: 474.391ms, rate sampling interval: 4304ms
  Thread calibration: mean lat.: 312.445ms, rate sampling interval: 2156ms
  Thread calibration: mean lat.: 397.688ms, rate sampling interval: 3297ms
  Thread calibration: mean lat.: 431.653ms, rate sampling interval: 3184ms
  Thread calibration: mean lat.: 327.471ms, rate sampling interval: 2195ms
  Thread calibration: mean lat.: 256.767ms, rate sampling interval: 1229ms
  Thread calibration: mean lat.: 211.631ms, rate sampling interval: 660ms
  Thread calibration: mean lat.: 258.251ms, rate sampling interval: 1234ms
  Thread calibration: mean lat.: 314.322ms, rate sampling interval: 2263ms
  Thread calibration: mean lat.: 328.588ms, rate sampling interval: 2170ms
  Thread calibration: mean lat.: 572.946ms, rate sampling interval: 5214ms
  Thread calibration: mean lat.: 233.615ms, rate sampling interval: 1051ms
  Thread calibration: mean lat.: 578.954ms, rate sampling interval: 4349ms
  Thread calibration: mean lat.: 470.438ms, rate sampling interval: 3147ms
  Thread calibration: mean lat.: 384.611ms, rate sampling interval: 3071ms
  Thread Stats   Avg      Stdev     Max   +/- Stdev
    Latency     2.21s     2.45s   12.08s    83.40%
    Req/Sec   833.30     86.81     1.15k    74.36%
  Latency Distribution (HdrHistogram - Recorded Latency)
 50.000%    1.38s 
 75.000%    3.43s 
 90.000%    5.94s 
 99.000%    9.58s 
 99.900%   11.38s 
 99.990%   11.99s 
 99.999%   12.07s 
100.000%   12.09s 

  Detailed Percentile spectrum:
       Value   Percentile   TotalCount 1/(1-Percentile)

       0.935     0.000000            1         1.00
       8.551     0.100000        26497         1.11
      42.751     0.200000        52986         1.25
     283.135     0.300000        79471         1.43
     805.887     0.400000       105954         1.67
    1379.327     0.500000       132445         2.00
    1725.439     0.550000       145706         2.22
    2076.671     0.600000       158942         2.50
    2453.503     0.650000       172218         2.86
    2910.207     0.700000       185422         3.33
    3432.447     0.750000       198698         4.00
    3758.079     0.775000       205286         4.44
    4116.479     0.800000       211919         5.00
    4513.791     0.825000       218535         5.71
    4931.583     0.850000       225212         6.67
    5332.991     0.875000       231804         8.00
    5586.943     0.887500       235089         8.89
    5943.295     0.900000       238395        10.00
    6414.335     0.912500       241699        11.43
    6823.935     0.925000       245022        13.33
    7094.271     0.937500       248353        16.00
    7229.439     0.943750       249991        17.78
    7417.855     0.950000       251634        20.00
    7643.135     0.956250       253314        22.86
    7888.895     0.962500       254955        26.67
    8200.191     0.968750       256596        32.00
    8359.935     0.971875       257449        35.56
    8511.487     0.975000       258257        40.00
    8650.751     0.978125       259080        45.71
    8798.207     0.981250       259906        53.33
    9019.391     0.984375       260743        64.00
    9150.463     0.985938       261153        71.11
    9297.919     0.987500       261571        80.00
    9469.951     0.989062       261989        91.43
    9674.751     0.990625       262400       106.67
    9887.743     0.992188       262812       128.00
    9994.239     0.992969       263019       142.22
   10100.735     0.993750       263231       160.00
   10199.039     0.994531       263427       182.86
   10313.727     0.995313       263636       213.33
   10452.991     0.996094       263841       256.00
   10534.911     0.996484       263948       284.44
   10633.215     0.996875       264047       320.00
   10747.903     0.997266       264150       365.71
   10846.207     0.997656       264257       426.67
   10969.087     0.998047       264360       512.00
   11034.623     0.998242       264414       568.89
   11100.159     0.998437       264462       640.00
   11165.695     0.998633       264513       731.43
   11247.615     0.998828       264563       853.33
   11395.071     0.999023       264615      1024.00
   11468.799     0.999121       264640      1137.78
   11583.487     0.999219       264666      1280.00
   11681.791     0.999316       264700      1462.86
   11714.559     0.999414       264727      1706.67
   11747.327     0.999512       264745      2048.00
   11763.711     0.999561       264756      2275.56
   11804.671     0.999609       264770      2560.00
   11837.439     0.999658       264784      2925.71
   11870.207     0.999707       264797      3413.33
   11902.975     0.999756       264810      4096.00
   11919.359     0.999780       264816      4551.11
   11935.743     0.999805       264822      5120.00
   11952.127     0.999829       264831      5851.43
   11968.511     0.999854       264837      6826.67
   11976.703     0.999878       264842      8192.00
   11984.895     0.999890       264844      9102.22
   11993.087     0.999902       264847     10240.00
   12001.279     0.999915       264850     11702.86
   12009.471     0.999927       264853     13653.33
   12025.855     0.999939       264857     16384.00
   12034.047     0.999945       264860     18204.44
   12034.047     0.999951       264860     20480.00
   12042.239     0.999957       264862     23405.71
   12050.431     0.999963       264865     27306.67
   12050.431     0.999969       264865     32768.00
   12050.431     0.999973       264865     36408.89
   12058.623     0.999976       264866     40960.00
   12066.815     0.999979       264870     46811.43
   12066.815     0.999982       264870     54613.33
   12066.815     0.999985       264870     65536.00
   12066.815     0.999986       264870     72817.78
   12066.815     0.999988       264870     81920.00
   12066.815     0.999989       264870     93622.86
   12066.815     0.999991       264870    109226.67
   12066.815     0.999992       264870    131072.00
   12075.007     0.999993       264871    145635.56
   12075.007     0.999994       264871    163840.00
   12075.007     0.999995       264871    187245.71
   12075.007     0.999995       264871    218453.33
   12075.007     0.999996       264871    262144.00
   12091.391     0.999997       264872    291271.11
   12091.391     1.000000       264872          inf
#[Mean    =     2210.662, StdDeviation   =     2450.189]
#[Max     =    12083.200, Total count    =       264872]
#[Buckets =           27, SubBuckets     =         2048]
----------------------------------------------------------
  398235 requests in 30.00s, 5.27GB read
  Socket errors: connect 0, read 63, write 0, timeout 0
Requests/sec:  13273.90
Transfer/sec:    179.95MB
WRKX_RESULT {"durationUs":30001357,"requests":398235,"responses":398235,"errors":63,"bytes":5660922742,"latencyAvgUs":2210661.860,"latencyP95Us":7417855.000,"latencyP99Us":9584639.000}
