Running 30s test @ http://localhost:9991/postgres/orders
  16 threads and 256 connections
  Thread calibration: mean lat.: 1278.098ms, rate sampling interval: 5136ms
  Thread calibration: mean lat.: 1316.155ms, rate sampling interval: 6152ms
  Thread calibration: mean lat.: 1328.019ms, rate sampling interval: 6021ms
  Thread calibration: mean lat.: 1324.001ms, rate sampling interval: 5943ms
  Thread calibration: mean lat.: 1901.093ms, rate sampling interval: 8290ms
  Thread calibration: mean lat.: 1533.586ms, rate sampling interval: 6512ms
  Thread calibration: mean lat.: 1274.298ms, rate sampling interval: 5648ms
  Thread calibration: mean lat.: 1438.250ms, rate sampling interval: 6754ms
  Thread calibration: mean lat.: 1606.205ms, rate sampling interval: 7331ms
  Thread calibration: mean lat.: 1365.940ms, rate sampling interval: 6496ms
  Thread calibration: mean lat.: 1188.335ms, rate sampling interval: 5738ms
  Thread calibration: mean lat.: 1200.029ms, rate sampling interval: 5664ms
  Thread calibration: mean lat.: 1438.683ms, rate sampling interval: 6483ms
  Thread calibration: mean lat.: 1500.937ms, rate sampling interval: 6230ms
  Thread calibration: mean lat.: 1230.863ms, rate sampling interval: 5394ms
  Thread calibration: mean lat.: 1240.248ms, rate sampling interval: 5398ms
  Thread Stats   Avg      Stdev     Max   +/- Stdev
    Latency     5.99s     3.51s   17.02s    64.72%
    Req/Sec     0.87k    92.16     1.09k    71.11%
  Latency Distribution (HdrHistogram - Recorded Latency)
 50.000%    5.93s 
 75.000%    8.53s 
 90.000%   10.76s 
 99.000%   13.53s 
 99.900%   15.71s 
 99.990%   16.43s 
 99.999%   16.99s 
100.000%   17.04s 

  Detailed Percentile spectrum:
       Value   Percentile   TotalCount 1/(1-Percentile)

       1.196     0.000000            1         1.00
     909.823     0.100000        27681         1.11
    2787.327     0.200000        55361         1.25
    3973.119     0.300000        83069         1.43
    4968.447     0.400000       110729         1.67
    5931.007     0.500000       138420         2.00
    6443.007     0.550000       152291         2.22
    6909.951     0.600000       166140         2.50
    7430.143     0.650000       180012         2.86
    7958.527     0.700000       193819         3.33
    8527.871     0.750000       207694         4.00
    8830.975     0.775000       214629         4.44
    9166.847     0.800000       221606         5.00
    9502.719     0.825000       228543         5.71
    9879.551     0.850000       235381         6.67
   10289.151     0.875000       242219         8.00
   10543.103     0.887500       245779         8.89
   10756.095     0.900000       249222        10.00
   10985.471     0.912500       252595        11.43
   11272.191     0.925000       256086        13.33
   11583.487     0.937500       259571        16.00
   11739.135     0.943750       261246        17.78
   11902.975     0.950000       263055        20.00
   12075.007     0.956250       264770        22.86
   12247.039     0.962500       266434        26.67
   12460.031     0.968750       268194        32.00
   12550.143     0.971875       269053        35.56
   12681.215     0.975000       269905        40.00
   12812.287     0.978125       270788        45.71
   12943.359     0.981250       271642        53.33
   13115.391     0.984375       272504        64.00
   13213.695     0.985938       272924        71.11
   13328.383     0.987500       273370        80.00
   13459.455     0.989062       273800        91.43
   13590.527     0.990625       274224       106.67
   13746.175     0.992188       274651       128.00
   13819.903     0.992969       274864       142.22
   13934.591     0.993750       275083       160.00
   14032.895     0.994531       275303       182.86
   14188.543     0.995313       275526       213.33
   14352.383     0.996094       275728       256.00
   14508.031     0.996484       275835       284.44
   14680.063     0.996875       275941       320.00
   14876.671     0.997266       276053       365.71
   15155.199     0.997656       276160       426.67
   15458.303     0.998047       276267       512.00
   15556.607     0.998242       276328       568.89
   15597.567     0.998437       276387       640.00
   15630.335     0.998633       276429       731.43
   15663.103     0.998828       276481       853.33
   15720.447     0.999023       276539      1024.00
   15753.215     0.999121       276564      1137.78
   15794.175     0.999219       276589      1280.00
   15835.135     0.999316       276616      1462.86
   15884.287     0.999414       276644      1706.67
   15941.631     0.999512       276671      2048.00
   15982.591     0.999561       276684      2275.56
   16039.935     0.999609       276698      2560.00
   16097.279     0.999658       276712      2925.71
   16146.431     0.999707       276725      3413.33
   16195.583     0.999756       276738      4096.00
   16220.159     0.999780       276745      4551.11
   16252.927     0.999805       276753      5120.00
   16277.503     0.999829       276758      5851.43
   16302.079     0.999854       276765      6826.67
   16334.847     0.999878       276772      8192.00
   16383.999     0.999890       276775      9102.22
   16465.919     0.999902       276778     10240.00
   16580.607     0.999915       276782     11702.86
   16678.911     0.999927       276785     13653.33
   16793.599     0.999939       276789     16384.00
   16826.367     0.999945       276790     18204.44
   16842.751     0.999951       276792     20480.00
   16875.519     0.999957       276794     23405.71
   16891.903     0.999963       276796     27306.67
   16908.287     0.999969       276797     32768.00
   16924.671     0.999973       276799     36408.89
   16924.671     0.999976       276799     40960.00
   16941.055     0.999979       276800     46811.43
   16941.055     0.999982       276800     54613.33
   16973.823     0.999985       276801     65536.00
   16990.207     0.999986       276802     72817.78
   16990.207     0.999988       276802     81920.00
   17006.591     0.999989       276803     93622.86
   17006.591     0.999991       276803    109226.67
   17006.591     0.999992       276803    131072.00
   17022.975     0.999993       276804    145635.56
   17022.975     0.999994       276804    163840.00
   17022.975     0.999995       276804    187245.71
   17022.975     0.999995       276804    218453.33
   17022.975     0.999996       276804    262144.00
   17039.359     0.999997       276805    291271.11
   17039.359     1.000000       276805          inf
#[Mean    =     5985.555, StdDeviation   =     3509.241]
#[Max     =    17022.976, Total count    =       276805]
#[Buckets =           27, SubBuckets     =         2048]
----------------------------------------------------------
  411388 requests in 30.00s, 5.45GB read
  Socket errors: connect 0, read 23, write 0, timeout 0
Requests/sec:  13712.53
Transfer/sec:    185.89MB
WRKX_RESULT {"durationUs":30000889,"requests":411388,"responses":411388,"errors":23,"bytes":5847895772,"latencyAvgUs":5985554.558,"latencyP95Us":11902975.000,"latencyP99Us":13533183.000}
