Running 30s test @ http://localhost:9991/postgres/orders
  16 threads and 256 connections
  Thread calibration: mean lat.: 4591.998ms, rate sampling interval: 16687ms
  Thread calibration: mean lat.: 4642.698ms, rate sampling interval: 16711ms
  Thread calibration: mean lat.: 4623.167ms, rate sampling interval: 15859ms
  Thread calibration: mean lat.: 4422.908ms, rate sampling interval: 16089ms
  Thread calibration: mean lat.: 4479.188ms, rate sampling interval: 16318ms
  Thread calibration: mean lat.: 4445.789ms, rate sampling interval: 16130ms
  Thread calibration: mean lat.: 4646.059ms, rate sampling interval: 16408ms
  Thread calibration: mean lat.: 4442.724ms, rate sampling interval: 16179ms
  Thread calibration: mean lat.: 4452.433ms, rate sampling interval: 16146ms
  Thread calibration: mean lat.: 4563.630ms, rate sampling interval: 16326ms
  Thread calibration: mean lat.: 4278.850ms, rate sampling interval: 15818ms
  Thread calibration: mean lat.: 4439.559ms, rate sampling interval: 16474ms
  Thread calibration: mean lat.: 4459.409ms, rate sampling interval: 16187ms
  Thread calibration: mean lat.: 4482.168ms, rate sampling interval: 16220ms
  Thread calibration: mean lat.: 4685.548ms, rate sampling interval: 16482ms
  Thread calibration: mean lat.: 4254.133ms, rate sampling interval: 15802ms
  Thread Stats   Avg      Stdev     Max   +/- Stdev
    Latency    17.98s     5.29s   28.30s    58.32%
    Req/Sec     0.87k    85.94     1.08k    75.00%
  Latency Distribution (HdrHistogram - Recorded Latency)
 50.000%   18.02s 
 75.000%   22.33s 
 90.000%   25.35s 
 99.000%   27.39s 
 99.900%   27.93s 
 99.990%   28.21s 
 99.999%   28.30s 
100.000%   28.31s 

  Detailed Percentile spectrum:
       Value   Percentile   TotalCount 1/(1-Percentile)

    7204.863     0.000000            2         1.00
   10641.407     0.100000        27906         1.11
   12427.263     0.200000        55741         1.25
   14483.455     0.300000        83638         1.43
   16367.615     0.400000       111474         1.67
   18022.399     0.500000       139461         2.00
   18874.367     0.550000       153241         2.22
   19759.103     0.600000       167247         2.50
   20611.071     0.650000       181141         2.86
   21446.655     0.700000       195184         3.33
   22331.391     0.750000       208935         4.00
   22839.295     0.775000       215897         4.44
   23379.967     0.800000       222959         5.00
   23904.255     0.825000       229911         5.71
   24412.159     0.850000       236747         6.67
   24870.911     0.875000       243947         8.00
   25083.903     0.887500       247227         8.89
   25346.047     0.900000       250749        10.00
   25608.191     0.912500       254359        11.43
   25837.567     0.925000       257611        13.33
   26099.711     0.937500       261100        16.00
   26230.783     0.943750       262878        17.78
   26378.239     0.950000       264713        20.00
   26509.311     0.956250       266312        22.86
   26656.767     0.962500       268116        26.67
   26820.607     0.968750       269868        32.00
   26902.527     0.971875       270900        35.56
   26968.063     0.975000       271636        40.00
   27049.983     0.978125       272532        45.71
   27131.903     0.981250       273353        53.33
   27213.823     0.984375       274158        64.00
   27262.975     0.985938       274630        71.11
   27295.743     0.987500       275045        80.00
   27344.895     0.989062       275438        91.43
   27410.431     0.990625       275906       106.67
   27492.351     0.992188       276376       128.00
   27525.119     0.992969       276559       142.22
   27574.271     0.993750       276820       160.00
   27607.039     0.994531       276965       182.86
   27656.191     0.995313       277182       213.33
   27721.727     0.996094       277452       256.00
   27738.111     0.996484       277517       284.44
   27770.879     0.996875       277642       320.00
   27803.647     0.997266       277758       365.71
   27836.415     0.997656       277880       426.67
   27852.799     0.998047       277993       512.00
   27869.183     0.998242       278073       568.89
   27869.183     0.998437       278073       640.00
   27885.567     0.998633       278107       731.43
   27918.335     0.998828       278172       853.33
   27951.103     0.999023       278226      1024.00
   27967.487     0.999121       278251      1137.78
   27983.871     0.999219       278271      1280.00
   28000.255     0.999316       278294      1462.86
   28033.023     0.999414       278327      1706.67
   28065.791     0.999512       278354      2048.00
   28082.175     0.999561       278368      2275.56
   28098.559     0.999609       278379      2560.00
   28114.943     0.999658       278394      2925.71
   28131.327     0.999707       278407      3413.33
   28147.711     0.999756       278419      4096.00
   28164.095     0.999780       278433      4551.11
   28164.095     0.999805       278433      5120.00
   28180.479     0.999829       278440      5851.43
   28196.863     0.999854       278451      6826.67
   28196.863     0.999878       278451      8192.00
   28213.247     0.999890       278459      9102.22
   28213.247     0.999902       278459     10240.00
   28229.631     0.999915       278464     11702.86
   28229.631     0.999927       278464     13653.33
   28246.015     0.999939       278470     16384.00
   28246.015     0.999945       278470     18204.44
   28246.015     0.999951       278470     20480.00
   28262.399     0.999957       278475     23405.71
   28262.399     0.999963       278475     27306.67
   28262.399     0.999969       278475     32768.00
   28278.783     0.999973       278479     36408.89
   28278.783     0.999976       278479     40960.00
   28278.783     0.999979       278479     46811.43
   28278.783     0.999982       278479     54613.33
   28278.783     0.999985       278479     65536.00
   28295.167     0.999986       278482     72817.78
   28295.167     0.999988       278482     81920.00
   28295.167     0.999989       278482     93622.86
   28295.167     0.999991       278482    109226.67
   28295.167     0.999992       278482    131072.00
   28295.167     0.999993       278482    145635.56
   28295.167     0.999994       278482    163840.00
   28295.167     0.999995       278482    187245.71
   28295.167     0.999995       278482    218453.33
   28295.167     0.999996       278482    262144.00
   28311.551     0.999997       278483    291271.11
   28311.551     1.000000       278483          inf
#[Mean    =    17984.237, StdDeviation   =     5292.051]
#[Max     =    28295.168, Total count    =       278483]
#[Buckets =           27, SubBuckets     =         2048]
----------------------------------------------------------
  415462 requests in 30.00s, 5.50GB read
  Socket errors: connect 0, read 10, write 0, timeout 0
Requests/sec:  13847.93
Transfer/sec:    187.73MB
WRKX_RESULT {"durationUs":30001735,"requests":415462,"responses":415462,"errors":10,"bytes":5905805364,"latencyAvgUs":17984236.511,"latencyP95Us":26378239.000,"latencyP99Us":27394047.000}
