Running 30s test @ http://localhost:9991/postgres/orders
  16 threads and 256 connections
  Thread calibration: mean lat.: 197.884ms, rate sampling interval: 1172ms
  Thread calibration: mean lat.: 284.116ms, rate sampling interval: 2555ms
  Thread calibration: mean lat.: 377.954ms, rate sampling interval: 3540ms
  Thread calibration: mean lat.: 404.851ms, rate sampling interval: 3432ms
  Thread calibration: mean lat.: 206.290ms, rate sampling interval: 1286ms
  Thread calibration: mean lat.: 251.426ms, rate sampling interval: 1605ms
  Thread calibration: mean lat.: 149.240ms, rate sampling interval: 881ms
  Thread calibration: mean lat.: 131.414ms, rate sampling interval: 718ms
  Thread calibration: mean lat.: 195.223ms, rate sampling interval: 542ms
  Thread calibration: mean lat.: 106.050ms, rate sampling interval: 204ms
  Thread calibration: mean lat.: 234.420ms, rate sampling interval: 1546ms
  Thread calibration: mean lat.: 420.363ms, rate sampling interval: 3528ms
  Thread calibration: mean lat.: 24.117ms, rate sampling interval: 25ms
  Thread calibration: mean lat.: 195.474ms, rate sampling interval: 1174ms
  Thread calibration: mean lat.: 176.776ms, rate sampling interval: 954ms
  Thread calibration: mean lat.: 594.543ms, rate sampling interval: 4587ms
  Thread Stats   Avg      Stdev     Max   +/- Stdev
    Latency    67.78ms  217.71ms   3.44s    93.00%
    Req/Sec   635.61     58.66     0.96k    79.98%
  Latency Distribution (HdrHistogram - Recorded Latency)
 50.000%    5.28ms
 75.000%   13.00ms
 90.000%  130.37ms
 99.000%    1.18s 
 99.900%    1.94s 
 99.990%    3.35s 
 99.999%    3.44s 
100.000%    3.45s 

  Detailed Percentile spectrum:
       Value   Percentile   TotalCount 1/(1-Percentile)

       0.869     0.000000            1         1.00
       2.143     0.100000        20035         1.11
       2.733     0.200000        40084         1.25
       3.409     0.300000        60102         1.43
       4.227     0.400000        80205         1.67
       5.275     0.500000       100177         2.00
       5.943     0.550000       110163         2.22
       6.747     0.600000       120208         2.50
       7.731     0.650000       130200         2.86
       9.143     0.700000       140221         3.33
      12.999     0.750000       150216         4.00
      18.383     0.775000       155228         4.44
      23.423     0.800000       160235         5.00
      33.951     0.825000       165242         5.71
      57.567     0.850000       170243         6.67
      83.327     0.875000       175256         8.00
     102.271     0.887500       177753         8.89
     130.367     0.900000       180258        10.00
     168.831     0.912500       182767        11.43
     245.247     0.925000       185263        13.33
     347.135     0.937500       187771        16.00
     402.943     0.943750       189022        17.78
     460.031     0.950000       190270        20.00
     512.767     0.956250       191524        22.86
     581.119     0.962500       192783        26.67
     650.751     0.968750       194029        32.00
     695.295     0.971875       194652        35.56
     763.391     0.975000       195276        40.00
     842.239     0.978125       195904        45.71
     913.407     0.981250       196536        53.33
     970.239     0.984375       197156        64.00
    1020.927     0.985938       197467        71.11
    1076.223     0.987500       197783        80.00
    1144.831     0.989062       198098        91.43
    1206.271     0.990625       198407       106.67
    1261.567     0.992188       198724       128.00
    1276.927     0.992969       198880       142.22
    1297.407     0.993750       199033       160.00
    1324.031     0.994531       199191       182.86
    1367.039     0.995313       199348       213.33
    1441.791     0.996094       199501       256.00
    1510.399     0.996484       199580       284.44
    1567.743     0.996875       199658       320.00
    1620.991     0.997266       199736       365.71
    1692.671     0.997656       199814       426.67
    1742.847     0.998047       199897       512.00
    1758.207     0.998242       199931       568.89
    1810.431     0.998437       199971       640.00
    1860.607     0.998633       200010       731.43
    1904.639     0.998828       200050       853.33
    1948.671     0.999023       200089      1024.00
    1965.055     0.999121       200107      1137.78
    1981.439     0.999219       200128      1280.00
    2095.103     0.999316       200147      1462.86
    2324.479     0.999414       200166      1706.67
    2535.423     0.999512       200186      2048.00
    2627.583     0.999561       200195      2275.56
    2738.175     0.999609       200206      2560.00
    2836.479     0.999658       200215      2925.71
    2938.879     0.999707       200225      3413.33
    3049.471     0.999756       200235      4096.00
    3094.527     0.999780       200239      4551.11
    3137.535     0.999805       200244      5120.00
    3194.879     0.999829       200249      5851.43
    3252.223     0.999854       200255      6826.67
    3301.375     0.999878       200259      8192.00
    3323.903     0.999890       200261      9102.22
    3346.431     0.999902       200264     10240.00
    3371.007     0.999915       200266     11702.86
    3405.823     0.999927       200269     13653.33
    3418.111     0.999939       200271     16384.00
    3420.159     0.999945       200272     18204.44
    3424.255     0.999951       200274     20480.00
    3426.303     0.999957       200275     23405.71
    3428.351     0.999963       200276     27306.67
    3434.495     0.999969       200278     32768.00
    3434.495     0.999973       200278     36408.89
    3436.543     0.999976       200279     40960.00
    3436.543     0.999979       200279     46811.43
    3438.591     0.999982       200280     54613.33
    3438.591     0.999985       200280     65536.00
    3442.687     0.999986       200282     72817.78
    3442.687     0.999988       200282     81920.00
    3442.687     0.999989       200282     93622.86
    3442.687     0.999991       200282    109226.67
    3442.687     0.999992       200282    131072.00
    3442.687     0.999993       200282    145635.56
    3442.687     0.999994       200282    163840.00
    3442.687     0.999995       200282    187245.71
    3446.783     0.999995       200283    218453.33
    3446.783     1.000000       200283          inf
#[Mean    =       67.777, StdDeviation   =      217.708]
#[Max     =     3444.736, Total count    =       200283]
#[Buckets =           27, SubBuckets     =         2048]
----------------------------------------------------------
  299394 requests in 30.00s, 3.96GB read
  Socket errors: connect 0, read 154, write 0, timeout 0
Requests/sec:   9978.91
Transfer/sec:    135.28MB
WRKX_RESULT {"durationUs":30002673,"requests":299394,"responses":299394,"errors":154,"bytes":4255892759,"latencyAvgUs":67776.963,"latencyP95Us":460031.000,"latencyP99Us":1176575.000}
