Running 30s test @ http://localhost:9991/postgres/orders
  16 threads and 256 connections
  Thread calibration: mean lat.: 4673.952ms, rate sampling interval: 15155ms
  Thread calibration: mean lat.: 4668.266ms, rate sampling interval: 16228ms
  Thread calibration: mean lat.: 4221.496ms, rate sampling interval: 16367ms
  Thread calibration: mean lat.: 4645.123ms, rate sampling interval: 14843ms
  Thread calibration: mean lat.: 4485.247ms, rate sampling interval: 15646ms
  Thread calibration: mean lat.: 4236.231ms, rate sampling interval: 15679ms
  Thread calibration: mean lat.: 4093.771ms, rate sampling interval: 16293ms
  Thread calibration: mean lat.: 4646.222ms, rate sampling interval: 16646ms
  Thread calibration: mean lat.: 4692.889ms, rate sampling interval: 16416ms
  Thread calibration: mean lat.: 4550.441ms, rate sampling interval: 15564ms
  Thread calibration: mean lat.: 4419.522ms, rate sampling interval: 16678ms
  Thread calibration: mean lat.: 4492.112ms, rate sampling interval: 16670ms
  Thread calibration: mean lat.: 4347.494ms, rate sampling interval: 15613ms
  Thread calibration: mean lat.: 4126.031ms, rate sampling interval: 16359ms
  Thread calibration: mean lat.: 4336.781ms, rate sampling interval: 16695ms
  Thread calibration: mean lat.: 4157.604ms, rate sampling interval: 15966ms
  Thread Stats   Avg      Stdev     Max   +/- Stdev
    Latency    18.34s     5.52s   28.97s    60.30%
    Req/Sec     0.88k    47.02     0.98k    75.00%
  Latency Distribution (HdrHistogram - Recorded Latency)
 50.000%   18.38s 
 75.000%   22.99s 
 90.000%   25.84s 
 99.000%   28.08s 
 99.900%   28.56s 
 99.990%   28.80s 
 99.999%   28.92s 
100.000%   28.98s 

  Detailed Percentile spectrum:
       Value   Percentile   TotalCount 1/(1-Percentile)

    6459.391     0.000000            1         1.00
   10698.751     0.100000        28025         1.11
   12918.783     0.200000        55987         1.25
   14688.255     0.300000        83861         1.43
   16588.799     0.400000       111814         1.67
   18382.847     0.500000       139904         2.00
   19283.967     0.550000       153793         2.22
   20234.239     0.600000       167870         2.50
   21168.127     0.650000       181775         2.86
   22134.783     0.700000       195865         3.33
   22986.751     0.750000       209637         4.00
   23429.119     0.775000       216815         4.44
   23887.871     0.800000       223629         5.00
   24379.391     0.825000       230602         5.71
   24838.143     0.850000       237617         6.67
   25313.279     0.875000       244746         8.00
   25559.039     0.887500       248112         8.89
   25837.567     0.900000       251625        10.00
   26132.479     0.912500       255207        11.43
   26411.007     0.925000       258577        13.33
   26705.919     0.937500       262108        16.00
   26853.375     0.943750       263892        17.78
   27000.831     0.950000       265717        20.00
   27131.903     0.956250       267405        22.86
   27279.359     0.962500       269171        26.67
   27426.815     0.968750       270816        32.00
   27508.735     0.971875       271722        35.56
   27590.655     0.975000       272581        40.00
   27672.575     0.978125       273446        45.71
   27770.879     0.981250       274368        53.33
   27869.183     0.984375       275214        64.00
   27918.335     0.985938       275612        71.11
   27983.871     0.987500       276121        80.00
   28049.407     0.989062       276559        91.43
   28114.943     0.990625       276976       106.67
   28180.479     0.992188       277399       128.00
   28213.247     0.992969       277677       142.22
   28229.631     0.993750       277806       160.00
   28262.399     0.994531       278029       182.86
   28295.167     0.995313       278227       213.33
   28344.319     0.996094       278501       256.00
   28360.703     0.996484       278588       284.44
   28377.087     0.996875       278677       320.00
   28393.471     0.997266       278761       365.71
   28426.239     0.997656       278914       426.67
   28442.623     0.998047       278976       512.00
   28459.007     0.998242       279029       568.89
   28491.775     0.998437       279111       640.00
   28508.159     0.998633       279150       731.43
   28524.543     0.998828       279187       853.33
   28557.311     0.999023       279249      1024.00
   28573.695     0.999121       279278      1137.78
   28590.079     0.999219       279305      1280.00
   28606.463     0.999316       279332      1462.86
   28639.231     0.999414       279364      1706.67
   28655.615     0.999512       279382      2048.00
   28671.999     0.999561       279398      2275.56
   28688.383     0.999609       279415      2560.00
   28704.767     0.999658       279430      2925.71
   28721.151     0.999707       279441      3413.33
   28737.535     0.999756       279454      4096.00
   28737.535     0.999780       279454      4551.11
   28753.919     0.999805       279467      5120.00
   28753.919     0.999829       279467      5851.43
   28770.303     0.999854       279474      6826.67
   28786.687     0.999878       279481      8192.00
   28803.071     0.999890       279489      9102.22
   28803.071     0.999902       279489     10240.00
   28819.455     0.999915       279494     11702.86
   28819.455     0.999927       279494     13653.33
   28835.839     0.999939       279498     16384.00
   28852.223     0.999945       279500     18204.44
   28868.607     0.999951       279503     20480.00
   28868.607     0.999957       279503     23405.71
   28884.991     0.999963       279505     27306.67
   28901.375     0.999969       279509     32768.00
   28901.375     0.999973       279509     36408.89
   28901.375     0.999976       279509     40960.00
   28901.375     0.999979       279509     46811.43
   28901.375     0.999982       279509     54613.33
   28917.759     0.999985       279511     65536.00
   28917.759     0.999986       279511     72817.78
   28917.759     0.999988       279511     81920.00
   28950.527     0.999989       279512     93622.86
   28950.527     0.999991       279512    109226.67
   28950.527     0.999992       279512    131072.00
   28966.911     0.999993       279513    145635.56
   28966.911     0.999994       279513    163840.00
   28966.911     0.999995       279513    187245.71
   28966.911     0.999995       279513    218453.33
   28966.911     0.999996       279513    262144.00
   28983.295     0.999997       279514    291271.11
   28983.295     1.000000       279514          inf
#[Mean    =    18337.524, StdDeviation   =     5519.322]
#[Max     =    28966.912, Total count    =       279514]
#[Buckets =           27, SubBuckets     =         2048]
----------------------------------------------------------
  420291 requests in 30.00s, 5.56GB read
  Socket errors: connect 0, read 12, write 0, timeout 0
Requests/sec:  14008.82
Transfer/sec:    189.91MB
WRKX_RESULT {"durationUs":30001876,"requests":420291,"responses":420291,"errors":12,"bytes":5974450625,"latencyAvgUs":18337523.934,"latencyP95Us":27000831.000,"latencyP99Us":28082175.000}
