Running 30s test @ http://localhost:9991/postgres/orders
  16 threads and 256 connections
  Thread calibration: mean lat.: 2.058ms, rate sampling interval: 10ms
  Thread calibration: mean lat.: 2.055ms, rate sampling interval: 10ms
  Thread calibration: mean lat.: 2.112ms, rate sampling interval: 10ms
  Thread calibration: mean lat.: 2.185ms, rate sampling interval: 10ms
  Thread calibration: mean lat.: 2.275ms, rate sampling interval: 10ms
  Thread calibration: mean lat.: 2.252ms, rate sampling interval: 10ms
  Thread calibration: mean lat.: 2.176ms, rate sampling interval: 10ms
  Thread calibration: mean lat.: 2.325ms, rate sampling interval: 10ms
  Thread calibration: mean lat.: 2.386ms, rate sampling interval: 10ms
  Thread calibration: mean lat.: 2.256ms, rate sampling interval: 10ms
  Thread calibration: mean lat.: 2.132ms, rate sampling interval: 10ms
  Thread calibration: mean lat.: 2.156ms, rate sampling interval: 10ms
  Thread calibration: mean lat.: 2.285ms, rate sampling interval: 10ms
  Thread calibration: mean lat.: 2.095ms, rate sampling interval: 10ms
  Thread calibration: mean lat.: 2.029ms, rate sampling interval: 10ms
  Thread calibration: mean lat.: 2.187ms, rate sampling interval: 10ms
  Thread Stats   Avg      Stdev     Max   +/- Stdev
    Latency     2.21ms  770.50us   8.34ms   82.43%
    Req/Sec   165.14     95.22   444.00     73.15%
  Latency Distribution (HdrHistogram - Recorded Latency)
 50.000%    2.10ms
 75.000%    2.48ms
 90.000%    2.94ms
 99.000%    5.82ms
 99.900%    7.24ms
 99.990%    8.13ms
 99.999%    8.35ms
100.000%    8.35ms

  Detailed Percentile spectrum:
       Value   Percentile   TotalCount 1/(1-Percentile)

       0.817     0.000000            1         1.00
       1.482     0.100000         4996         1.11
       1.675     0.200000         9969         1.25
       1.827     0.300000        14969         1.43
       1.965     0.400000        19937         1.67
       2.095     0.500000        24943         2.00
       2.159     0.550000        27389         2.22
       2.229     0.600000        29920         2.50
       2.303     0.650000        32417         2.86
       2.383     0.700000        34900         3.33
       2.477     0.750000        37349         4.00
       2.533     0.775000        38633         4.44
       2.589     0.800000        39837         5.00
       2.655     0.825000        41083         5.71
       2.735     0.850000        42345         6.67
       2.827     0.875000        43576         8.00
       2.883     0.887500        44202         8.89
       2.943     0.900000        44831        10.00
       3.013     0.912500        45447        11.43
       3.107     0.925000        46076        13.33
       3.217     0.937500        46682        16.00
       3.293     0.943750        46995        17.78
       3.375     0.950000        47305        20.00
       3.477     0.956250        47617        22.86
       3.627     0.962500        47927        26.67
       3.839     0.968750        48239        32.00
       3.939     0.971875        48394        35.56
       4.111     0.975000        48550        40.00
       4.335     0.978125        48707        45.71
       4.719     0.981250        48860        53.33
       5.131     0.984375        49016        64.00
       5.327     0.985938        49093        71.11
       5.519     0.987500        49172        80.00
       5.739     0.989062        49249        91.43
       5.911     0.990625        49327       106.67
       6.111     0.992188        49406       128.00
       6.219     0.992969        49445       142.22
       6.287     0.993750        49483       160.00
       6.383     0.994531        49521       182.86
       6.519     0.995313        49560       213.33
       6.659     0.996094        49599       256.00
       6.735     0.996484        49619       284.44
       6.795     0.996875        49638       320.00
       6.851     0.997266        49658       365.71
       6.931     0.997656        49677       426.67
       7.007     0.998047        49697       512.00
       7.039     0.998242        49706       568.89
       7.087     0.998437        49716       640.00
       7.143     0.998633        49725       731.43
       7.203     0.998828        49736       853.33
       7.267     0.999023        49745      1024.00
       7.311     0.999121        49750      1137.78
       7.351     0.999219        49755      1280.00
       7.399     0.999316        49759      1462.86
       7.443     0.999414        49764      1706.67
       7.555     0.999512        49769      2048.00
       7.659     0.999561        49772      2275.56
       7.675     0.999609        49774      2560.00
       7.743     0.999658        49777      2925.71
       7.763     0.999707        49779      3413.33
       7.855     0.999756        49781      4096.00
       7.927     0.999780        49783      4551.11
       7.935     0.999805        49784      5120.00
       7.987     0.999829        49785      5851.43
       8.019     0.999854        49786      6826.67
       8.107     0.999878        49787      8192.00
       8.131     0.999890        49789      9102.22
       8.131     0.999902        49789     10240.00
       8.131     0.999915        49789     11702.86
       8.163     0.999927        49790     13653.33
       8.163     0.999939        49790     16384.00
       8.207     0.999945        49791     18204.44
       8.207     0.999951        49791     20480.00
       8.207     0.999957        49791     23405.71
       8.327     0.999963        49792     27306.67
       8.327     0.999969        49792     32768.00
       8.327     0.999973        49792     36408.89
       8.327     0.999976        49792     40960.00
       8.327     0.999979        49792     46811.43
       8.351     0.999982        49793     54613.33
       8.351     1.000000        49793          inf
#[Mean    =        2.215, StdDeviation   =        0.771]
#[Max     =        8.344, Total count    =        49793]
#[Buckets =           27, SubBuckets     =         2048]
----------------------------------------------------------
  75024 requests in 30.01s, 0.99GB read
  Socket errors: connect 0, read 24, write 0, timeout 0
Requests/sec:   2500.30
Transfer/sec:     33.90MB
WRKX_RESULT {"durationUs":30006019,"requests":75024,"responses":75024,"errors":24,"bytes":1066466179,"latencyAvgUs":2214.737,"latencyP95Us":3375.000,"latencyP99Us":5819.000}
