Running 30s test @ http://localhost:9991/postgres/orders
  16 threads and 256 connections
  Thread calibration: mean lat.: 3760.176ms, rate sampling interval: 13697ms
  Thread calibration: mean lat.: 3680.013ms, rate sampling interval: 14606ms
  Thread calibration: mean lat.: 3928.005ms, rate sampling interval: 15024ms
  Thread calibration: mean lat.: 3791.814ms, rate sampling interval: 14417ms
  Thread calibration: mean lat.: 3624.332ms, rate sampling interval: 14090ms
  Thread calibration: mean lat.: 4094.631ms, rate sampling interval: 15081ms
  Thread calibration: mean lat.: 3857.565ms, rate sampling interval: 14860ms
  Thread calibration: mean lat.: 3925.351ms, rate sampling interval: 14606ms
  Thread calibration: mean lat.: 3851.277ms, rate sampling interval: 15155ms
  Thread calibration: mean lat.: 3339.303ms, rate sampling interval: 13729ms
  Thread calibration: mean lat.: 3976.978ms, rate sampling interval: 15073ms
  Thread calibration: mean lat.: 3988.509ms, rate sampling interval: 14606ms
  Thread calibration: mean lat.: 3754.033ms, rate sampling interval: 14188ms
  Thread calibration: mean lat.: 3147.203ms, rate sampling interval: 12099ms
  Thread calibration: mean lat.: 3708.671ms, rate sampling interval: 13148ms
  Thread calibration: mean lat.: 3779.712ms, rate sampling interval: 14295ms
  Thread Stats   Avg      Stdev     Max   +/- Stdev
    Latency    15.88s     5.10s   27.02s    60.83%
    Req/Sec     0.88k    86.95     1.06k    75.00%
  Latency Distribution (HdrHistogram - Recorded Latency)
 50.000%   15.75s 
 75.000%   20.14s 
 90.000%   22.95s 
 99.000%   25.26s 
 99.900%   26.28s 
 99.990%   26.74s 
 99.999%   26.94s 
100.000%   27.03s 

  Detailed Percentile spectrum:
       Value   Percentile   TotalCount 1/(1-Percentile)

    1258.495     0.000000            1         1.00
    9388.031     0.100000        27865         1.11
   11018.239     0.200000        55604         1.25
   12402.687     0.300000        83443         1.43
   13901.823     0.400000       111162         1.67
   15753.215     0.500000       138937         2.00
   16662.527     0.550000       152832         2.22
   17596.415     0.600000       166837         2.50
   18333.695     0.650000       180528         2.86
   19218.431     0.700000       194483         3.33
   20135.935     0.750000       208509         4.00
   20578.303     0.775000       215430         4.44
   21086.207     0.800000       222222         5.00
   21561.343     0.825000       229394         5.71
   21987.327     0.850000       236319         6.67
   22462.463     0.875000       243236         8.00
   22708.223     0.887500       246665         8.89
   22953.983     0.900000       250195        10.00
   23199.743     0.912500       253627        11.43
   23478.271     0.925000       257083        13.33
   23756.799     0.937500       260498        16.00
   23904.255     0.943750       262179        17.78
   24051.711     0.950000       263843        20.00
   24150.015     0.956250       265644        22.86
   24313.855     0.962500       267428        26.67
   24477.695     0.968750       269075        32.00
   24575.999     0.971875       270011        35.56
   24674.303     0.975000       270885        40.00
   24772.607     0.978125       271726        45.71
   24870.911     0.981250       272725        53.33
   24969.215     0.984375       273450        64.00
   25051.135     0.985938       273898        71.11
   25133.055     0.987500       274325        80.00
   25214.975     0.989062       274735        91.43
   25313.279     0.990625       275197       106.67
   25411.583     0.992188       275597       128.00
   25460.735     0.992969       275779       142.22
   25526.271     0.993750       276008       160.00
   25608.191     0.994531       276239       182.86
   25690.111     0.995313       276448       213.33
   25788.415     0.996094       276678       256.00
   25837.567     0.996484       276784       284.44
   25886.719     0.996875       276877       320.00
   25935.871     0.997266       276967       365.71
   26001.407     0.997656       277082       426.67
   26066.943     0.998047       277182       512.00
   26116.095     0.998242       277248       568.89
   26148.863     0.998437       277293       640.00
   26198.015     0.998633       277353       731.43
   26247.167     0.998828       277411       853.33
   26296.319     0.999023       277460      1024.00
   26329.087     0.999121       277492      1137.78
   26361.855     0.999219       277521      1280.00
   26394.623     0.999316       277549      1462.86
   26427.391     0.999414       277574      1706.67
   26460.159     0.999512       277593      2048.00
   26476.543     0.999561       277603      2275.56
   26509.311     0.999609       277621      2560.00
   26542.079     0.999658       277635      2925.71
   26574.847     0.999707       277647      3413.33
   26607.615     0.999756       277660      4096.00
   26623.999     0.999780       277663      4551.11
   26656.767     0.999805       277673      5120.00
   26673.151     0.999829       277679      5851.43
   26689.535     0.999854       277685      6826.67
   26722.303     0.999878       277692      8192.00
   26738.687     0.999890       277699      9102.22
   26738.687     0.999902       277699     10240.00
   26755.071     0.999915       277701     11702.86
   26787.839     0.999927       277705     13653.33
   26804.223     0.999939       277708     16384.00
   26820.607     0.999945       277710     18204.44
   26836.991     0.999951       277712     20480.00
   26853.375     0.999957       277714     23405.71
   26853.375     0.999963       277714     27306.67
   26869.759     0.999969       277716     32768.00
   26886.143     0.999973       277717     36408.89
   26902.527     0.999976       277720     40960.00
   26902.527     0.999979       277720     46811.43
   26902.527     0.999982       277720     54613.33
   26902.527     0.999985       277720     65536.00
   26935.295     0.999986       277721     72817.78
   26935.295     0.999988       277721     81920.00
   26968.063     0.999989       277722     93622.86
   26968.063     0.999991       277722    109226.67
   26968.063     0.999992       277722    131072.00
   27000.831     0.999993       277723    145635.56
   27000.831     0.999994       277723    163840.00
   27000.831     0.999995       277723    187245.71
   27000.831     0.999995       277723    218453.33
   27000.831     0.999996       277723    262144.00
   27033.599     0.999997       277724    291271.11
   27033.599     1.000000       277724          inf
#[Mean    =    15884.571, StdDeviation   =     5101.923]
#[Max     =    27017.216, Total count    =       277724]
#[Buckets =           27, SubBuckets     =         2048]
----------------------------------------------------------
  418309 requests in 30.00s, 5.54GB read
  Socket errors: connect 0, read 11, write 0, timeout 0
Requests/sec:  13943.07
Transfer/sec:    189.02MB
WRKX_RESULT {"durationUs":30001205,"requests":418309,"responses":418309,"errors":11,"bytes":5946276134,"latencyAvgUs":15884571.408,"latencyP95Us":24051711.000,"latencyP99Us":25264127.000}
