Running 30s test @ http://localhost:9991/postgres/orders
  16 threads and 256 connections
  Thread calibration: mean lat.: 3076.983ms, rate sampling interval: 12255ms
  Thread calibration: mean lat.: 3145.525ms, rate sampling interval: 12681ms
  Thread calibration: mean lat.: 3462.892ms, rate sampling interval: 12615ms
  Thread calibration: mean lat.: 3365.040ms, rate sampling interval: 13033ms
  Thread calibration: mean lat.: 3560.608ms, rate sampling interval: 13524ms
  Thread calibration: mean lat.: 3208.302ms, rate sampling interval: 12279ms
  Thread calibration: mean lat.: 3663.753ms, rate sampling interval: 13484ms
  Thread calibration: mean lat.: 3459.379ms, rate sampling interval: 12525ms
  Thread calibration: mean lat.: 3341.439ms, rate sampling interval: 12828ms
  Thread calibration: mean lat.: 2375.297ms, rate sampling interval: 11747ms
  Thread calibration: mean lat.: 3245.027ms, rate sampling interval: 12132ms
  Thread calibration: mean lat.: 3326.649ms, rate sampling interval: 13254ms
  Thread calibration: mean lat.: 3311.540ms, rate sampling interval: 12550ms
  Thread calibration: mean lat.: 3095.659ms, rate sampling interval: 12378ms
  Thread calibration: mean lat.: 3332.209ms, rate sampling interval: 12640ms
  Thread calibration: mean lat.: 3078.110ms, rate sampling interval: 11796ms
  Thread Stats   Avg      Stdev     Max   +/- Stdev
    Latency    13.73s     5.06s   25.44s    66.78%
    Req/Sec     0.87k    84.66     1.03k    62.50%
  Latency Distribution (HdrHistogram - Recorded Latency)
 50.000%   13.78s 
 75.000%   17.47s 
 90.000%   20.38s 
 99.000%   23.92s 
 99.900%   24.95s 
 99.990%   25.25s 
 99.999%   25.41s 
100.000%   25.46s 

  Detailed Percentile spectrum:
       Value   Percentile   TotalCount 1/(1-Percentile)

       1.378     0.000000            1         1.00
    7585.791     0.100000        27650         1.11
    9183.231     0.200000        55369         1.25
   10911.743     0.300000        82997         1.43
   12419.071     0.400000       110610         1.67
   13778.943     0.500000       138190         2.00
   14499.839     0.550000       152008         2.22
   15327.231     0.600000       165857         2.50
   16056.319     0.650000       179734         2.86
   16744.447     0.700000       193471         3.33
   17465.343     0.750000       207306         4.00
   17874.943     0.775000       214266         4.44
   18268.159     0.800000       221237         5.00
   18694.143     0.825000       228205         5.71
   19152.895     0.850000       234898         6.67
   19775.487     0.875000       241825         8.00
   20103.167     0.887500       245349         8.89
   20381.695     0.900000       248864        10.00
   20692.991     0.912500       252262        11.43
   21037.055     0.925000       255667        13.33
   21348.351     0.937500       259054        16.00
   21561.343     0.943750       260829        17.78
   21774.335     0.950000       262548        20.00
   22003.711     0.956250       264261        22.86
   22282.239     0.962500       266018        26.67
   22577.151     0.968750       267722        32.00
   22740.991     0.971875       268567        35.56
   22888.447     0.975000       269454        40.00
   23052.287     0.978125       270255        45.71
   23232.511     0.981250       271145        53.33
   23461.887     0.984375       272006        64.00
   23576.575     0.985938       272427        71.11
   23707.647     0.987500       272855        80.00
   23838.719     0.989062       273266        91.43
   23969.791     0.990625       273699       106.67
   24150.015     0.992188       274126       128.00
   24248.319     0.992969       274401       142.22
   24313.855     0.993750       274563       160.00
   24379.391     0.994531       274785       182.86
   24461.311     0.995313       275016       213.33
   24526.847     0.996094       275205       256.00
   24559.615     0.996484       275349       284.44
   24608.767     0.996875       275457       320.00
   24657.919     0.997266       275560       365.71
   24707.071     0.997656       275646       426.67
   24756.223     0.998047       275770       512.00
   24788.991     0.998242       275817       568.89
   24821.759     0.998437       275858       640.00
   24870.911     0.998633       275913       731.43
   24920.063     0.998828       275985       853.33
   24952.831     0.999023       276029      1024.00
   24969.215     0.999121       276055      1137.78
   24985.599     0.999219       276074      1280.00
   25018.367     0.999316       276109      1462.86
   25034.751     0.999414       276126      1706.67
   25083.903     0.999512       276160      2048.00
   25100.287     0.999561       276172      2275.56
   25116.671     0.999609       276188      2560.00
   25133.055     0.999658       276200      2925.71
   25149.439     0.999707       276217      3413.33
   25149.439     0.999756       276217      4096.00
   25165.823     0.999780       276224      4551.11
   25182.207     0.999805       276235      5120.00
   25198.591     0.999829       276243      5851.43
   25214.975     0.999854       276249      6826.67
   25231.359     0.999878       276254      8192.00
   25231.359     0.999890       276254      9102.22
   25247.743     0.999902       276258     10240.00
   25264.127     0.999915       276264     11702.86
   25264.127     0.999927       276264     13653.33
   25280.511     0.999939       276268     16384.00
   25296.895     0.999945       276269     18204.44
   25313.279     0.999951       276273     20480.00
   25313.279     0.999957       276273     23405.71
   25329.663     0.999963       276274     27306.67
   25362.431     0.999969       276276     32768.00
   25378.815     0.999973       276277     36408.89
   25395.199     0.999976       276279     40960.00
   25395.199     0.999979       276279     46811.43
   25395.199     0.999982       276279     54613.33
   25411.583     0.999985       276281     65536.00
   25411.583     0.999986       276281     72817.78
   25411.583     0.999988       276281     81920.00
   25427.967     0.999989       276282     93622.86
   25427.967     0.999991       276282    109226.67
   25427.967     0.999992       276282    131072.00
   25444.351     0.999993       276283    145635.56
   25444.351     0.999994       276283    163840.00
   25444.351     0.999995       276283    187245.71
   25444.351     0.999995       276283    218453.33
   25444.351     0.999996       276283    262144.00
   25460.735     0.999997       276284    291271.11
   25460.735     1.000000       276284          inf
#[Mean    =    13725.652, StdDeviation   =     5063.481]
#[Max     =    25444.352, Total count    =       276284]
#[Buckets =           27, SubBuckets     =         2048]
----------------------------------------------------------
  417040 requests in 30.00s, 5.52GB read
  Socket errors: connect 0, read 15, write 0, timeout 0
Requests/sec:  13901.15
Transfer/sec:    188.45MB
WRKX_RESULT {"durationUs":30000389,"requests":417040,"responses":417040,"errors":15,"bytes":5928237071,"latencyAvgUs":13725651.672,"latencyP95Us":21774335.000,"latencyP99Us":23920639.000}
