Running 30s test @ http://localhost:9991/postgres/orders
  16 threads and 256 connections
  Thread calibration: mean lat.: 2.542ms, rate sampling interval: 10ms
  Thread calibration: mean lat.: 2.346ms, rate sampling interval: 10ms
  Thread calibration: mean lat.: 2.497ms, rate sampling interval: 10ms
  Thread calibration: mean lat.: 2.286ms, rate sampling interval: 10ms
  Thread calibration: mean lat.: 2.385ms, rate sampling interval: 10ms
  Thread calibration: mean lat.: 2.349ms, rate sampling interval: 10ms
  Thread calibration: mean lat.: 4.028ms, rate sampling interval: 13ms
  Thread calibration: mean lat.: 2.437ms, rate sampling interval: 10ms
  Thread calibration: mean lat.: 2.466ms, rate sampling interval: 10ms
  Thread calibration: mean lat.: 2.605ms, rate sampling interval: 10ms
  Thread calibration: mean lat.: 2.350ms, rate sampling interval: 10ms
  Thread calibration: mean lat.: 2.406ms, rate sampling interval: 10ms
  Thread calibration: mean lat.: 2.274ms, rate sampling interval: 10ms
  Thread calibration: mean lat.: 2.434ms, rate sampling interval: 10ms
  Thread calibration: mean lat.: 2.448ms, rate sampling interval: 10ms
  Thread calibration: mean lat.: 2.568ms, rate sampling interval: 10ms
  Thread Stats   Avg      Stdev     Max   +/- Stdev
    Latency     2.69ms    1.44ms  14.97ms   85.94%
    Req/Sec   329.19    149.63     1.33k    84.44%
  Latency Distribution (HdrHistogram - Recorded Latency)
 50.000%    2.29ms
 75.000%    3.00ms
 90.000%    4.32ms
 99.000%    8.54ms
 99.900%   10.90ms
 99.990%   13.51ms
 99.999%   14.62ms
100.000%   14.98ms

  Detailed Percentile spectrum:
       Value   Percentile   TotalCount 1/(1-Percentile)

       0.824     0.000000            1         1.00
       1.496     0.100000         9979         1.11
       1.729     0.200000        19924         1.25
       1.927     0.300000        29923         1.43
       2.103     0.400000        39871         1.67
       2.287     0.500000        49808         2.00
       2.389     0.550000        54806         2.22
       2.509     0.600000        59783         2.50
       2.643     0.650000        64783         2.86
       2.805     0.700000        69741         3.33
       3.003     0.750000        74703         4.00
       3.121     0.775000        77187         4.44
       3.263     0.800000        79700         5.00
       3.437     0.825000        82175         5.71
       3.663     0.850000        84666         6.67
       3.949     0.875000        87150         8.00
       4.123     0.887500        88409         8.89
       4.323     0.900000        89636        10.00
       4.559     0.912500        90883        11.43
       4.839     0.925000        92125        13.33
       5.195     0.937500        93372        16.00
       5.415     0.943750        93993        17.78
       5.699     0.950000        94621        20.00
       6.019     0.956250        95238        22.86
       6.363     0.962500        95862        26.67
       6.759     0.968750        96483        32.00
       6.959     0.971875        96793        35.56
       7.179     0.975000        97106        40.00
       7.411     0.978125        97418        45.71
       7.671     0.981250        97727        53.33
       7.947     0.984375        98038        64.00
       8.103     0.985938        98198        71.11
       8.247     0.987500        98359        80.00
       8.423     0.989062        98506        91.43
       8.623     0.990625        98667       106.67
       8.815     0.992188        98822       128.00
       8.951     0.992969        98898       142.22
       9.087     0.993750        98977       160.00
       9.231     0.994531        99052       182.86
       9.415     0.995313        99129       213.33
       9.591     0.996094        99207       256.00
       9.711     0.996484        99244       284.44
       9.823     0.996875        99283       320.00
       9.975     0.997266        99325       365.71
      10.087     0.997656        99361       426.67
      10.295     0.998047        99400       512.00
      10.391     0.998242        99421       568.89
      10.543     0.998437        99441       640.00
      10.687     0.998633        99458       731.43
      10.775     0.998828        99478       853.33
      10.959     0.999023        99497      1024.00
      11.055     0.999121        99508      1137.78
      11.191     0.999219        99517      1280.00
      11.375     0.999316        99526      1462.86
      11.495     0.999414        99538      1706.67
      11.639     0.999512        99546      2048.00
      11.711     0.999561        99551      2275.56
      11.863     0.999609        99556      2560.00
      12.087     0.999658        99560      2925.71
      12.159     0.999707        99565      3413.33
      12.255     0.999756        99570      4096.00
      12.495     0.999780        99573      4551.11
      12.575     0.999805        99575      5120.00
      12.751     0.999829        99578      5851.43
      13.119     0.999854        99580      6826.67
      13.343     0.999878        99582      8192.00
      13.511     0.999890        99584      9102.22
      13.551     0.999902        99585     10240.00
      13.647     0.999915        99586     11702.86
      13.887     0.999927        99587     13653.33
      14.031     0.999939        99588     16384.00
      14.159     0.999945        99589     18204.44
      14.183     0.999951        99590     20480.00
      14.183     0.999957        99590     23405.71
      14.375     0.999963        99591     27306.67
      14.375     0.999969        99591     32768.00
      14.527     0.999973        99592     36408.89
      14.527     0.999976        99592     40960.00
      14.527     0.999979        99592     46811.43
      14.623     0.999982        99593     54613.33
      14.623     0.999985        99593     65536.00
      14.623     0.999986        99593     72817.78
      14.623     0.999988        99593     81920.00
      14.623     0.999989        99593     93622.86
      14.975     0.999991        99594    109226.67
      14.975     1.000000        99594          inf
#[Mean    =        2.691, StdDeviation   =        1.437]
#[Max     =       14.968, Total count    =        99594]
#[Buckets =           27, SubBuckets     =         2048]
----------------------------------------------------------
  149626 requests in 30.03s, 1.98GB read
  Socket errors: connect 0, read 413, write 0, timeout 0
Requests/sec:   4982.30
Transfer/sec:     67.54MB
WRKX_RESULT {"durationUs":30031482,"requests":149626,"responses":149626,"errors":413,"bytes":2126933875,"latencyAvgUs":2691.074,"latencyP95Us":5699.000,"latencyP99Us":8543.000}
