Running 30s test @ http://localhost:9991/postgres/orders
  16 threads and 256 connections
  Thread calibration: mean lat.: 1556.327ms, rate sampling interval: 7864ms
  Thread calibration: mean lat.: 1719.521ms, rate sampling interval: 8658ms
  Thread calibration: mean lat.: 1685.381ms, rate sampling interval: 7843ms
  Thread calibration: mean lat.: 1713.777ms, rate sampling interval: 8609ms
  Thread calibration: mean lat.: 1657.197ms, rate sampling interval: 9355ms
  Thread calibration: mean lat.: 1451.904ms, rate sampling interval: 9011ms
  Thread calibration: mean lat.: 1486.193ms, rate sampling interval: 7221ms
  Thread calibration: mean lat.: 1957.569ms, rate sampling interval: 9478ms
  Thread calibration: mean lat.: 1591.852ms, rate sampling interval: 8978ms
  Thread calibration: mean lat.: 1867.887ms, rate sampling interval: 9052ms
  Thread calibration: mean lat.: 1477.691ms, rate sampling interval: 7487ms
  Thread calibration: mean lat.: 1961.787ms, rate sampling interval: 8667ms
  Thread calibration: mean lat.: 2263.113ms, rate sampling interval: 10239ms
  Thread calibration: mean lat.: 1654.614ms, rate sampling interval: 8056ms
  Thread calibration: mean lat.: 1412.578ms, rate sampling interval: 6885ms
  Thread calibration: mean lat.: 1717.755ms, rate sampling interval: 7913ms
  Thread Stats   Avg      Stdev     Max   +/- Stdev
    Latency     8.06s     4.57s   22.33s    65.23%
    Req/Sec     0.88k   129.07     1.17k    70.97%
  Latency Distribution (HdrHistogram - Recorded Latency)
 50.000%    7.84s 
 75.000%   11.37s 
 90.000%   14.46s 
 99.000%   18.27s 
 99.900%   20.25s 
 99.990%   21.56s 
 99.999%   22.22s 
100.000%   22.35s 

  Detailed Percentile spectrum:
       Value   Percentile   TotalCount 1/(1-Percentile)

       1.326     0.000000            1         1.00
    1756.159     0.100000        27683         1.11
    4044.799     0.200000        55365         1.25
    5472.255     0.300000        83116         1.43
    6664.191     0.400000       110749         1.67
    7839.743     0.500000       138472         2.00
    8396.799     0.550000       152396         2.22
    8986.623     0.600000       166240         2.50
    9723.903     0.650000       180076         2.86
   10559.487     0.700000       193915         3.33
   11370.495     0.750000       207616         4.00
   11755.519     0.775000       214621         4.44
   12238.847     0.800000       221482         5.00
   12738.559     0.825000       228413         5.71
   13271.039     0.850000       235374         6.67
   13828.095     0.875000       242312         8.00
   14114.815     0.887500       245727         8.89
   14458.879     0.900000       249196        10.00
   14794.751     0.912500       252672        11.43
   15048.703     0.925000       256110        13.33
   15392.767     0.937500       259547        16.00
   15589.375     0.943750       261325        17.78
   15794.175     0.950000       263013        20.00
   16039.935     0.956250       264718        22.86
   16359.423     0.962500       266456        26.67
   16695.295     0.968750       268172        32.00
   16859.135     0.971875       269085        35.56
   17006.591     0.975000       269913        40.00
   17186.815     0.978125       270767        45.71
   17416.191     0.981250       271636        53.33
   17661.951     0.984375       272551        64.00
   17793.023     0.985938       272942        71.11
   17940.479     0.987500       273361        80.00
   18120.703     0.989062       273794        91.43
   18366.463     0.990625       274239       106.67
   18612.223     0.992188       274667       128.00
   18743.295     0.992969       274876       142.22
   18857.983     0.993750       275104       160.00
   18989.055     0.994531       275316       182.86
   19136.511     0.995313       275530       213.33
   19283.967     0.996094       275759       256.00
   19333.119     0.996484       275846       284.44
   19431.423     0.996875       275968       320.00
   19529.727     0.997266       276079       365.71
   19644.415     0.997656       276178       426.67
   19775.487     0.998047       276285       512.00
   19857.407     0.998242       276335       568.89
   19955.711     0.998437       276395       640.00
   20054.015     0.998633       276448       731.43
   20152.319     0.998828       276500       853.33
   20267.007     0.999023       276552      1024.00
   20316.159     0.999121       276577      1137.78
   20381.695     0.999219       276605      1280.00
   20447.231     0.999316       276634      1462.86
   20512.767     0.999414       276662      1706.67
   20611.071     0.999512       276684      2048.00
   20692.991     0.999561       276701      2275.56
   20725.759     0.999609       276712      2560.00
   20791.295     0.999658       276725      2925.71
   20905.983     0.999707       276740      3413.33
   21037.055     0.999756       276752      4096.00
   21135.359     0.999780       276760      4551.11
   21184.511     0.999805       276765      5120.00
   21266.431     0.999829       276772      5851.43
   21348.351     0.999854       276779      6826.67
   21463.039     0.999878       276786      8192.00
   21528.575     0.999890       276790      9102.22
   21561.343     0.999902       276792     10240.00
   21626.879     0.999915       276796     11702.86
   21692.415     0.999927       276799     13653.33
   21790.719     0.999939       276803     16384.00
   21823.487     0.999945       276804     18204.44
   21889.023     0.999951       276806     20480.00
   21954.559     0.999957       276808     23405.71
   21987.327     0.999963       276809     27306.67
   22052.863     0.999969       276811     32768.00
   22085.631     0.999973       276812     36408.89
   22118.399     0.999976       276813     40960.00
   22151.167     0.999979       276814     46811.43
   22151.167     0.999982       276814     54613.33
   22183.935     0.999985       276815     65536.00
   22216.703     0.999986       276816     72817.78
   22216.703     0.999988       276816     81920.00
   22265.855     0.999989       276817     93622.86
   22265.855     0.999991       276817    109226.67
   22265.855     0.999992       276817    131072.00
   22298.623     0.999993       276818    145635.56
   22298.623     0.999994       276818    163840.00
   22298.623     0.999995       276818    187245.71
   22298.623     0.999995       276818    218453.33
   22298.623     0.999996       276818    262144.00
   22347.775     0.999997       276819    291271.11
   22347.775     1.000000       276819          inf
#[Mean    =     8063.967, StdDeviation   =     4566.961]
#[Max     =    22331.392, Total count    =       276819]
#[Buckets =           27, SubBuckets     =         2048]
----------------------------------------------------------
  414996 requests in 30.00s, 5.49GB read
  Socket errors: connect 0, read 19, write 0, timeout 0
Requests/sec:  13832.58
Transfer/sec:    187.52MB
WRKX_RESULT {"durationUs":30001348,"requests":414996,"responses":414996,"errors":19,"bytes":5899182010,"latencyAvgUs":8063967.309,"latencyP95Us":15794175.000,"latencyP99Us":18268159.000}
