Running 30s test @ http://localhost:9991/postgres/orders
  16 threads and 256 connections
  Thread calibration: mean lat.: 4119.034ms, rate sampling interval: 15400ms
  Thread calibration: mean lat.: 4448.006ms, rate sampling interval: 15147ms
  Thread calibration: mean lat.: 4295.155ms, rate sampling interval: 15515ms
  Thread calibration: mean lat.: 4295.584ms, rate sampling interval: 14843ms
  Thread calibration: mean lat.: 3950.745ms, rate sampling interval: 15261ms
  Thread calibration: mean lat.: 3762.211ms, rate sampling interval: 14245ms
  Thread calibration: mean lat.: 4233.984ms, rate sampling interval: 15269ms
  Thread calibration: mean lat.: 4568.906ms, rate sampling interval: 15261ms
  Thread calibration: mean lat.: 3915.166ms, rate sampling interval: 14868ms
  Thread calibration: mean lat.: 4442.748ms, rate sampling interval: 16416ms
  Thread calibration: mean lat.: 4147.816ms, rate sampling interval: 15679ms
  Thread calibration: mean lat.: 4173.841ms, rate sampling interval: 15073ms
  Thread calibration: mean lat.: 4054.099ms, rate sampling interval: 15474ms
  Thread calibration: mean lat.: 4046.321ms, rate sampling interval: 14991ms
  Thread calibration: mean lat.: 4367.033ms, rate sampling interval: 15147ms
  Thread calibration: mean lat.: 4479.217ms, rate sampling interval: 15335ms
  Thread Stats   Avg      Stdev     Max   +/- Stdev
    Latency    17.00s     5.09s   27.56s    59.04%
    Req/Sec     0.87k   116.62     1.19k    81.25%
  Latency Distribution (HdrHistogram - Recorded Latency)
 50.000%   16.88s 
 75.000%   21.28s 
 90.000%   24.07s 
 99.000%   26.39s 
 99.900%   27.12s 
 99.990%   27.46s 
 99.999%   27.54s 
100.000%   27.57s 

  Detailed Percentile spectrum:
       Value   Percentile   TotalCount 1/(1-Percentile)

    3790.847     0.000000            1         1.00
   10067.967     0.100000        27811         1.11
   11837.439     0.200000        55414         1.25
   13459.455     0.300000        83147         1.43
   15278.079     0.400000       110898         1.67
   16875.519     0.500000       138715         2.00
   17760.255     0.550000       152394         2.22
   18612.223     0.600000       166217         2.50
   19365.887     0.650000       180196         2.86
   20267.007     0.700000       193934         3.33
   21282.815     0.750000       207769         4.00
   21757.951     0.775000       214850         4.44
   22233.087     0.800000       221599         5.00
   22740.991     0.825000       228541         5.71
   23232.511     0.850000       235474         6.67
   23674.879     0.875000       242423         8.00
   23855.103     0.887500       245921         8.89
   24068.095     0.900000       249253        10.00
   24313.855     0.912500       252906        11.43
   24575.999     0.925000       256277        13.33
   24870.911     0.937500       259736        16.00
   25018.367     0.943750       261425        17.78
   25133.055     0.950000       263154        20.00
   25280.511     0.956250       264978        22.86
   25427.967     0.962500       266555        26.67
   25608.191     0.968750       268358        32.00
   25706.495     0.971875       269271        35.56
   25788.415     0.975000       270045        40.00
   25886.719     0.978125       270901        45.71
   26001.407     0.981250       271762        53.33
   26132.479     0.984375       272616        64.00
   26214.399     0.985938       273135        71.11
   26279.935     0.987500       273535        80.00
   26345.471     0.989062       273907        91.43
   26427.391     0.990625       274337       106.67
   26525.695     0.992188       274824       128.00
   26574.847     0.992969       275057       142.22
   26607.615     0.993750       275236       160.00
   26656.767     0.994531       275491       182.86
   26705.919     0.995313       275685       213.33
   26755.071     0.996094       275871       256.00
   26787.839     0.996484       275979       284.44
   26820.607     0.996875       276079       320.00
   26869.759     0.997266       276197       365.71
   26918.911     0.997656       276315       426.67
   26968.063     0.998047       276422       512.00
   26984.447     0.998242       276453       568.89
   27017.215     0.998437       276514       640.00
   27049.983     0.998633       276561       731.43
   27099.135     0.998828       276632       853.33
   27131.903     0.999023       276691      1024.00
   27131.903     0.999121       276691      1137.78
   27148.287     0.999219       276717      1280.00
   27164.671     0.999316       276759      1462.86
   27181.055     0.999414       276791      1706.67
   27197.439     0.999512       276829      2048.00
   27197.439     0.999561       276829      2275.56
   27197.439     0.999609       276829      2560.00
   27213.823     0.999658       276842      2925.71
   27246.591     0.999707       276860      3413.33
   27262.975     0.999756       276867      4096.00
   27279.359     0.999780       276876      4551.11
   27295.743     0.999805       276879      5120.00
   27328.511     0.999829       276886      5851.43
   27377.663     0.999854       276892      6826.67
   27426.815     0.999878       276899      8192.00
   27443.199     0.999890       276903      9102.22
   27459.583     0.999902       276908     10240.00
   27475.967     0.999915       276912     11702.86
   27475.967     0.999927       276912     13653.33
   27492.351     0.999939       276916     16384.00
   27508.735     0.999945       276919     18204.44
   27508.735     0.999951       276919     20480.00
   27525.119     0.999957       276923     23405.71
   27525.119     0.999963       276923     27306.67
   27541.503     0.999969       276930     32768.00
   27541.503     0.999973       276930     36408.89
   27541.503     0.999976       276930     40960.00
   27541.503     0.999979       276930     46811.43
   27541.503     0.999982       276930     54613.33
   27541.503     0.999985       276930     65536.00
   27541.503     0.999986       276930     72817.78
   27541.503     0.999988       276930     81920.00
   27541.503     0.999989       276930     93622.86
   27541.503     0.999991       276930    109226.67
   27541.503     0.999992       276930    131072.00
   27557.887     0.999993       276931    145635.56
   27557.887     0.999994       276931    163840.00
   27557.887     0.999995       276931    187245.71
   27557.887     0.999995       276931    218453.33
   27557.887     0.999996       276931    262144.00
   27574.271     0.999997       276932    291271.11
   27574.271     1.000000       276932          inf
#[Mean    =    17001.116, StdDeviation   =     5091.191]
#[Max     =    27557.888, Total count    =       276932]
#[Buckets =           27, SubBuckets     =         2048]
----------------------------------------------------------
  414923 requests in 30.00s, 5.49GB read
  Socket errors: connect 0, read 16, write 0, timeout 0
Requests/sec:  13829.27
Transfer/sec:    187.48MB
WRKX_RESULT {"durationUs":30003256,"requests":414923,"responses":414923,"errors":16,"bytes":5898146842,"latencyAvgUs":17001115.768,"latencyP95Us":25133055.000,"latencyP99Us":26394623.000}
