Running 30s test @ http://localhost:9991/postgres/orders
  16 threads and 256 connections
  Thread calibration: mean lat.: 4199.913ms, rate sampling interval: 15097ms
  Thread calibration: mean lat.: 4184.226ms, rate sampling interval: 15081ms
  Thread calibration: mean lat.: 4200.219ms, rate sampling interval: 15089ms
  Thread calibration: mean lat.: 4178.356ms, rate sampling interval: 15073ms
  Thread calibration: mean lat.: 4202.812ms, rate sampling interval: 15106ms
  Thread calibration: mean lat.: 4183.820ms, rate sampling interval: 15106ms
  Thread calibration: mean lat.: 4184.822ms, rate sampling interval: 15073ms
  Thread calibration: mean lat.: 4183.544ms, rate sampling interval: 15089ms
  Thread calibration: mean lat.: 4181.356ms, rate sampling interval: 15089ms
  Thread calibration: mean lat.: 4187.516ms, rate sampling interval: 15089ms
  Thread calibration: mean lat.: 4184.587ms, rate sampling interval: 15081ms
  Thread calibration: mean lat.: 4186.714ms, rate sampling interval: 15097ms
  Thread calibration: mean lat.: 3848.548ms, rate sampling interval: 13664ms
  Thread calibration: mean lat.: 4188.591ms, rate sampling interval: 15065ms
  Thread calibration: mean lat.: 4183.544ms, rate sampling interval: 15073ms
  Thread calibration: mean lat.: 4188.140ms, rate sampling interval: 15097ms
  Thread Stats   Avg      Stdev     Max   +/- Stdev
    Latency    16.45s     4.76s   24.89s    58.06%
    Req/Sec   215.44      0.50   216.00    100.00%
  Latency Distribution (HdrHistogram - Recorded Latency)
 50.000%   16.42s 
 75.000%   20.53s 
 90.000%   23.13s 
 99.000%   24.69s 
 99.900%   24.87s 
 99.990%   24.89s 
 99.999%   24.90s 
100.000%   24.90s 

  Detailed Percentile spectrum:
       Value   Percentile   TotalCount 1/(1-Percentile)

    7581.695     0.000000            2         1.00
    9920.511     0.100000         6818         1.11
   11509.759     0.200000        13616         1.25
   13148.159     0.300000        20412         1.43
   14786.559     0.400000        27238         1.67
   16416.767     0.500000        34053         2.00
   17219.583     0.550000        37459         2.22
   18038.783     0.600000        40858         2.50
   18841.599     0.650000        44280         2.86
   19693.567     0.700000        47652         3.33
   20529.151     0.750000        51048         4.00
   20938.751     0.775000        52732         4.44
   21381.119     0.800000        54476         5.00
   21807.103     0.825000        56175         5.71
   22249.471     0.850000        57832         6.67
   22675.455     0.875000        59534         8.00
   22904.831     0.887500        60388         8.89
   23134.207     0.900000        61234        10.00
   23347.199     0.912500        62117        11.43
   23543.807     0.925000        62938        13.33
   23756.799     0.937500        63798        16.00
   23871.487     0.943750        64244        17.78
   23969.791     0.950000        64654        20.00
   24084.479     0.956250        65108        22.86
   24199.167     0.962500        65534        26.67
   24297.471     0.968750        65920        32.00
   24346.623     0.971875        66122        35.56
   24412.159     0.975000        66368        40.00
   24477.695     0.978125        66605        45.71
   24526.847     0.981250        66770        53.33
   24592.383     0.984375        67016        64.00
   24608.767     0.985938        67080        71.11
   24641.535     0.987500        67197        80.00
   24674.303     0.989062        67325        91.43
   24707.071     0.990625        67433       106.67
   24739.839     0.992188        67552       128.00
   24756.223     0.992969        67601       142.22
   24772.607     0.993750        67653       160.00
   24788.991     0.994531        67714       182.86
   24805.375     0.995313        67777       213.33
   24805.375     0.996094        67777       256.00
   24821.759     0.996484        67839       284.44
   24821.759     0.996875        67839       320.00
   24838.143     0.997266        67899       365.71
   24838.143     0.997656        67899       426.67
   24854.527     0.998047        67962       512.00
   24854.527     0.998242        67962       568.89
   24854.527     0.998437        67962       640.00
   24854.527     0.998633        67962       731.43
   24854.527     0.998828        67962       853.33
   24870.911     0.999023        68012      1024.00
   24870.911     0.999121        68012      1137.78
   24870.911     0.999219        68012      1280.00
   24870.911     0.999316        68012      1462.86
   24870.911     0.999414        68012      1706.67
   24870.911     0.999512        68012      2048.00
   24870.911     0.999561        68012      2275.56
   24870.911     0.999609        68012      2560.00
   24870.911     0.999658        68012      2925.71
   24887.295     0.999707        68030      3413.33
   24887.295     0.999756        68030      4096.00
   24887.295     0.999780        68030      4551.11
   24887.295     0.999805        68030      5120.00
   24887.295     0.999829        68030      5851.43
   24887.295     0.999854        68030      6826.67
   24887.295     0.999878        68030      8192.00
   24887.295     0.999890        68030      9102.22
   24887.295     0.999902        68030     10240.00
   24887.295     0.999915        68030     11702.86
   24887.295     0.999927        68030     13653.33
   24887.295     0.999939        68030     16384.00
   24903.679     0.999945        68034     18204.44
   24903.679     1.000000        68034          inf
#[Mean    =    16445.762, StdDeviation   =     4759.426]
#[Max     =    24887.296, Total count    =        68034]
#[Buckets =           27, SubBuckets     =         2048]
----------------------------------------------------------
  101610 requests in 30.02s, 1.36GB read
Requests/sec:   3384.71
Transfer/sec:     46.48MB
WRKX_RESULT {"durationUs":30020294,"requests":101610,"responses":101610,"errors":0,"bytes":1463184000,"latencyAvgUs":16445761.767,"latencyP95Us":23969791.000,"latencyP99Us":24690687.000}
