Running 30s test @ http://localhost:9991/postgres/orders
  16 threads and 256 connections
  Thread calibration: mean lat.: 4937.843ms, rate sampling interval: 17776ms
  Thread calibration: mean lat.: 4937.588ms, rate sampling interval: 17776ms
  Thread calibration: mean lat.: 4942.855ms, rate sampling interval: 17793ms
  Thread calibration: mean lat.: 4939.697ms, rate sampling interval: 17793ms
  Thread calibration: mean lat.: 4938.051ms, rate sampling interval: 17776ms
  Thread calibration: mean lat.: 4938.998ms, rate sampling interval: 17776ms
  Thread calibration: mean lat.: 4943.168ms, rate sampling interval: 17809ms
  Thread calibration: mean lat.: 4939.493ms, rate sampling interval: 17793ms
  Thread calibration: mean lat.: 4936.862ms, rate sampling interval: 17793ms
  Thread calibration: mean lat.: 4941.221ms, rate sampling interval: 17793ms
  Thread calibration: mean lat.: 4945.680ms, rate sampling interval: 17809ms
  Thread calibration: mean lat.: 4943.546ms, rate sampling interval: 17776ms
  Thread calibration: mean lat.: 4936.819ms, rate sampling interval: 17760ms
  Thread calibration: mean lat.: 4946.971ms, rate sampling interval: 17809ms
  Thread calibration: mean lat.: 4941.072ms, rate sampling interval: 17793ms
  Thread calibration: mean lat.: 4942.869ms, rate sampling interval: 17760ms
  Thread Stats   Avg      Stdev     Max   +/- Stdev
    Latency    19.67s     5.63s   29.52s    57.92%
    Req/Sec   195.00      0.00   195.00    100.00%
  Latency Distribution (HdrHistogram - Recorded Latency)
 50.000%   19.74s 
 75.000%   24.53s 
 90.000%   27.43s 
 99.000%   29.28s 
 99.900%   29.47s 
 99.990%   29.52s 
 99.999%   29.54s 
100.000%   29.54s 

  Detailed Percentile spectrum:
       Value   Percentile   TotalCount 1/(1-Percentile)

    9854.975     0.000000            3         1.00
   11853.823     0.100000         6201         1.11
   13819.903     0.200000        12412         1.25
   15785.983     0.300000        18589         1.43
   17809.407     0.400000        24817         1.67
   19742.719     0.500000        31004         2.00
   20709.375     0.550000        34097         2.22
   21676.031     0.600000        37199         2.50
   22626.303     0.650000        40303         2.86
   23560.191     0.700000        43350         3.33
   24526.847     0.750000        46478         4.00
   24985.599     0.775000        47996         4.44
   25493.503     0.800000        49576         5.00
   25952.255     0.825000        51111         5.71
   26427.391     0.850000        52682         6.67
   26918.911     0.875000        54225         8.00
   27164.671     0.887500        54966         8.89
   27426.815     0.900000        55738        10.00
   27688.959     0.912500        56526        11.43
   27951.103     0.925000        57305        13.33
   28213.247     0.937500        58075        16.00
   28344.319     0.943750        58487        17.78
   28475.391     0.950000        58870        20.00
   28590.079     0.956250        59235        22.86
   28721.151     0.962500        59633        26.67
   28835.839     0.968750        59994        32.00
   28917.759     0.971875        60242        35.56
   28983.295     0.975000        60432        40.00
   29032.447     0.978125        60581        45.71
   29097.983     0.981250        60769        53.33
   29179.903     0.984375        61014        64.00
   29196.287     0.985938        61062        71.11
   29229.055     0.987500        61156        80.00
   29261.823     0.989062        61264        91.43
   29294.591     0.990625        61356       106.67
   29343.743     0.992188        61504       128.00
   29343.743     0.992969        61504       142.22
   29360.127     0.993750        61555       160.00
   29376.511     0.994531        61600       182.86
   29392.895     0.995313        61649       213.33
   29409.279     0.996094        61686       256.00
   29425.663     0.996484        61737       284.44
   29425.663     0.996875        61737       320.00
   29442.047     0.997266        61786       365.71
   29442.047     0.997656        61786       426.67
   29458.431     0.998047        61829       512.00
   29458.431     0.998242        61829       568.89
   29474.815     0.998437        61867       640.00
   29474.815     0.998633        61867       731.43
   29474.815     0.998828        61867       853.33
   29474.815     0.999023        61867      1024.00
   29491.199     0.999121        61897      1137.78
   29491.199     0.999219        61897      1280.00
   29491.199     0.999316        61897      1462.86
   29491.199     0.999414        61897      1706.67
   29491.199     0.999512        61897      2048.00
   29507.583     0.999561        61914      2275.56
   29507.583     0.999609        61914      2560.00
   29507.583     0.999658        61914      2925.71
   29507.583     0.999707        61914      3413.33
   29507.583     0.999756        61914      4096.00
   29507.583     0.999780        61914      4551.11
   29523.967     0.999805        61925      5120.00
   29523.967     0.999829        61925      5851.43
   29523.967     0.999854        61925      6826.67
   29523.967     0.999878        61925      8192.00
   29523.967     0.999890        61925      9102.22
   29523.967     0.999902        61925     10240.00
   29523.967     0.999915        61925     11702.86
   29523.967     0.999927        61925     13653.33
   29523.967     0.999939        61925     16384.00
   29523.967     0.999945        61925     18204.44
   29523.967     0.999951        61925     20480.00
   29523.967     0.999957        61925     23405.71
   29523.967     0.999963        61925     27306.67
   29540.351     0.999969        61927     32768.00
   29540.351     1.000000        61927          inf
#[Mean    =    19672.766, StdDeviation   =     5625.230]
#[Max     =    29523.968, Total count    =        61927]
#[Buckets =           27, SubBuckets     =         2048]
----------------------------------------------------------
  93147 requests in 30.01s, 1.25GB read
Requests/sec:   3104.09
Transfer/sec:     42.63MB
WRKX_RESULT {"durationUs":30007824,"requests":93147,"responses":93147,"errors":0,"bytes":1341316800,"latencyAvgUs":19672766.217,"latencyP95Us":28475391.000,"latencyP99Us":29278207.000}
