Running 30s test @ http://localhost:9991/postgres/orders
  16 threads and 256 connections
  Thread calibration: mean lat.: 3295.061ms, rate sampling interval: 11853ms
  Thread calibration: mean lat.: 3290.565ms, rate sampling interval: 11845ms
  Thread calibration: mean lat.: 3300.307ms, rate sampling interval: 11870ms
  Thread calibration: mean lat.: 3297.542ms, rate sampling interval: 11862ms
  Thread calibration: mean lat.: 3298.974ms, rate sampling interval: 11870ms
  Thread calibration: mean lat.: 3299.936ms, rate sampling interval: 11878ms
  Thread calibration: mean lat.: 3300.084ms, rate sampling interval: 11886ms
  Thread calibration: mean lat.: 3299.198ms, rate sampling interval: 11870ms
  Thread calibration: mean lat.: 3299.424ms, rate sampling interval: 11878ms
  Thread calibration: mean lat.: 3296.094ms, rate sampling interval: 11870ms
  Thread calibration: mean lat.: 3301.463ms, rate sampling interval: 11878ms
  Thread calibration: mean lat.: 3299.155ms, rate sampling interval: 11870ms
  Thread calibration: mean lat.: 3056.455ms, rate sampling interval: 10797ms
  Thread calibration: mean lat.: 3303.857ms, rate sampling interval: 11878ms
  Thread calibration: mean lat.: 3299.480ms, rate sampling interval: 11870ms
  Thread calibration: mean lat.: 3300.487ms, rate sampling interval: 11886ms
  Thread Stats   Avg      Stdev     Max   +/- Stdev
    Latency    13.05s     3.78s   19.82s    58.42%
    Req/Sec   213.94      0.24   214.00    100.00%
  Latency Distribution (HdrHistogram - Recorded Latency)
 50.000%   13.03s 
 75.000%   16.24s 
 90.000%   18.38s 
 99.000%   19.64s 
 99.900%   19.79s 
 99.990%   19.81s 
 99.999%   19.82s 
100.000%   19.84s 

  Detailed Percentile spectrum:
       Value   Percentile   TotalCount 1/(1-Percentile)

    6012.927     0.000000            2         1.00
    7884.799     0.100000         6735         1.11
    9158.655     0.200000        13469         1.25
   10412.031     0.300000        20192         1.43
   11714.559     0.400000        26931         1.67
   13025.279     0.500000        33655         2.00
   13656.063     0.550000        37008         2.22
   14311.423     0.600000        40386         2.50
   14950.399     0.650000        43760         2.86
   15622.143     0.700000        47138         3.33
   16244.735     0.750000        50500         4.00
   16564.223     0.775000        52160         4.44
   16924.671     0.800000        53884         5.00
   17285.119     0.825000        55511         5.71
   17661.951     0.850000        57227         6.67
   18022.399     0.875000        58925         8.00
   18186.239     0.887500        59733         8.89
   18382.847     0.900000        60620        10.00
   18546.687     0.912500        61425        11.43
   18710.527     0.925000        62287        13.33
   18874.367     0.937500        63098        16.00
   18956.287     0.943750        63499        17.78
   19054.591     0.950000        63975        20.00
   19136.511     0.956250        64346        22.86
   19234.815     0.962500        64804        26.67
   19333.119     0.968750        65254        32.00
   19365.887     0.971875        65408        35.56
   19415.039     0.975000        65627        40.00
   19464.191     0.978125        65872        45.71
   19513.343     0.981250        66088        53.33
   19562.495     0.984375        66289        64.00
   19578.879     0.985938        66362        71.11
   19611.647     0.987500        66501        80.00
   19628.031     0.989062        66564        91.43
   19660.799     0.990625        66706       106.67
   19677.183     0.992188        66773       128.00
   19693.567     0.992969        66828       142.22
   19709.951     0.993750        66908       160.00
   19726.335     0.994531        66983       182.86
   19726.335     0.995313        66983       213.33
   19742.719     0.996094        67049       256.00
   19742.719     0.996484        67049       284.44
   19759.103     0.996875        67127       320.00
   19759.103     0.997266        67127       365.71
   19759.103     0.997656        67127       426.67
   19775.487     0.998047        67194       512.00
   19775.487     0.998242        67194       568.89
   19775.487     0.998437        67194       640.00
   19775.487     0.998633        67194       731.43
   19791.871     0.998828        67250       853.33
   19791.871     0.999023        67250      1024.00
   19791.871     0.999121        67250      1137.78
   19791.871     0.999219        67250      1280.00
   19791.871     0.999316        67250      1462.86
   19791.871     0.999414        67250      1706.67
   19791.871     0.999512        67250      2048.00
   19808.255     0.999561        67277      2275.56
   19808.255     0.999609        67277      2560.00
   19808.255     0.999658        67277      2925.71
   19808.255     0.999707        67277      3413.33
   19808.255     0.999756        67277      4096.00
   19808.255     0.999780        67277      4551.11
   19808.255     0.999805        67277      5120.00
   19808.255     0.999829        67277      5851.43
   19808.255     0.999854        67277      6826.67
   19808.255     0.999878        67277      8192.00
   19808.255     0.999890        67277      9102.22
   19808.255     0.999902        67277     10240.00
   19808.255     0.999915        67277     11702.86
   19824.639     0.999927        67281     13653.33
   19824.639     0.999939        67281     16384.00
   19824.639     0.999945        67281     18204.44
   19824.639     0.999951        67281     20480.00
   19824.639     0.999957        67281     23405.71
   19824.639     0.999963        67281     27306.67
   19824.639     0.999969        67281     32768.00
   19824.639     0.999973        67281     36408.89
   19824.639     0.999976        67281     40960.00
   19824.639     0.999979        67281     46811.43
   19824.639     0.999982        67281     54613.33
   19824.639     0.999985        67281     65536.00
   19841.023     0.999986        67282     72817.78
   19841.023     1.000000        67282          inf
#[Mean    =    13045.561, StdDeviation   =     3778.006]
#[Max     =    19824.640, Total count    =        67282]
#[Buckets =           27, SubBuckets     =         2048]
----------------------------------------------------------
  101535 requests in 30.02s, 1.36GB read
Requests/sec:   3382.71
Transfer/sec:     46.45MB
WRKX_RESULT {"durationUs":30015899,"requests":101535,"responses":101535,"errors":0,"bytes":1462104000,"latencyAvgUs":13045561.203,"latencyP95Us":19054591.000,"latencyP99Us":19644415.000}
