Running 30s test @ http://localhost:9991/postgres/orders
  16 threads and 256 connections
  Thread calibration: mean lat.: 4295.474ms, rate sampling interval: 15581ms
  Thread calibration: mean lat.: 4302.997ms, rate sampling interval: 15605ms
  Thread calibration: mean lat.: 4297.642ms, rate sampling interval: 15572ms
  Thread calibration: mean lat.: 4292.777ms, rate sampling interval: 15572ms
  Thread calibration: mean lat.: 4292.733ms, rate sampling interval: 15572ms
  Thread calibration: mean lat.: 4295.544ms, rate sampling interval: 15581ms
  Thread calibration: mean lat.: 4295.463ms, rate sampling interval: 15589ms
  Thread calibration: mean lat.: 4305.173ms, rate sampling interval: 15613ms
  Thread calibration: mean lat.: 4297.635ms, rate sampling interval: 15597ms
  Thread calibration: mean lat.: 3947.777ms, rate sampling interval: 14131ms
  Thread calibration: mean lat.: 4305.810ms, rate sampling interval: 15597ms
  Thread calibration: mean lat.: 4309.956ms, rate sampling interval: 15622ms
  Thread calibration: mean lat.: 4298.755ms, rate sampling interval: 15613ms
  Thread calibration: mean lat.: 4309.535ms, rate sampling interval: 15605ms
  Thread calibration: mean lat.: 4303.888ms, rate sampling interval: 15613ms
  Thread calibration: mean lat.: 4293.209ms, rate sampling interval: 15581ms
  Thread Stats   Avg      Stdev     Max   +/- Stdev
    Latency    17.15s     5.14s   26.08s    56.92%
    Req/Sec   197.06      0.24   198.00    100.00%
  Latency Distribution (HdrHistogram - Recorded Latency)
 50.000%   17.02s 
 75.000%   21.71s 
 90.000%   24.40s 
 99.000%   25.89s 
 99.900%   26.05s 
 99.990%   26.08s 
 99.999%   26.08s 
100.000%   26.10s 

  Detailed Percentile spectrum:
       Value   Percentile   TotalCount 1/(1-Percentile)

    7856.127     0.000000            1         1.00
   10199.039     0.100000         6311         1.11
   11796.479     0.200000        12643         1.25
   13410.303     0.300000        18967         1.43
   15155.199     0.400000        25245         1.67
   17022.975     0.500000        31558         2.00
   18022.399     0.550000        34724         2.22
   18923.519     0.600000        37866         2.50
   19841.023     0.650000        41046         2.86
   20758.527     0.700000        44203         3.33
   21708.799     0.750000        47359         4.00
   22134.783     0.775000        48908         4.44
   22609.919     0.800000        50516         5.00
   23068.671     0.825000        52109         5.71
   23527.423     0.850000        53670         6.67
   23953.407     0.875000        55268         8.00
   24166.399     0.887500        56028         8.89
   24395.775     0.900000        56832        10.00
   24559.615     0.912500        57581        11.43
   24756.223     0.925000        58404        13.33
   24969.215     0.937500        59186        16.00
   25083.903     0.943750        59608        17.78
   25182.207     0.950000        59975        20.00
   25296.895     0.956250        60386        22.86
   25395.199     0.962500        60790        26.67
   25493.503     0.968750        61154        32.00
   25542.655     0.971875        61339        35.56
   25608.191     0.975000        61564        40.00
   25657.343     0.978125        61721        45.71
   25722.879     0.981250        61937        53.33
   25788.415     0.984375        62139        64.00
   25821.183     0.985938        62239        71.11
   25853.951     0.987500        62351        80.00
   25870.335     0.989062        62417        91.43
   25903.103     0.990625        62527       106.67
   25935.871     0.992188        62654       128.00
   25952.255     0.992969        62715       142.22
   25952.255     0.993750        62715       160.00
   25968.639     0.994531        62768       182.86
   25985.023     0.995313        62826       213.33
   26001.407     0.996094        62891       256.00
   26001.407     0.996484        62891       284.44
   26017.791     0.996875        62950       320.00
   26017.791     0.997266        62950       365.71
   26034.175     0.997656        62997       426.67
   26034.175     0.998047        62997       512.00
   26034.175     0.998242        62997       568.89
   26050.559     0.998437        63049       640.00
   26050.559     0.998633        63049       731.43
   26050.559     0.998828        63049       853.33
   26050.559     0.999023        63049      1024.00
   26050.559     0.999121        63049      1137.78
   26066.943     0.999219        63084      1280.00
   26066.943     0.999316        63084      1462.86
   26066.943     0.999414        63084      1706.67
   26066.943     0.999512        63084      2048.00
   26066.943     0.999561        63084      2275.56
   26066.943     0.999609        63084      2560.00
   26066.943     0.999658        63084      2925.71
   26066.943     0.999707        63084      3413.33
   26083.327     0.999756        63100      4096.00
   26083.327     0.999780        63100      4551.11
   26083.327     0.999805        63100      5120.00
   26083.327     0.999829        63100      5851.43
   26083.327     0.999854        63100      6826.67
   26083.327     0.999878        63100      8192.00
   26083.327     0.999890        63100      9102.22
   26083.327     0.999902        63100     10240.00
   26083.327     0.999915        63100     11702.86
   26083.327     0.999927        63100     13653.33
   26083.327     0.999939        63100     16384.00
   26083.327     0.999945        63100     18204.44
   26083.327     0.999951        63100     20480.00
   26083.327     0.999957        63100     23405.71
   26083.327     0.999963        63100     27306.67
   26083.327     0.999969        63100     32768.00
   26083.327     0.999973        63100     36408.89
   26083.327     0.999976        63100     40960.00
   26083.327     0.999979        63100     46811.43
   26083.327     0.999982        63100     54613.33
   26099.711     0.999985        63101     65536.00
   26099.711     1.000000        63101          inf
#[Mean    =    17150.267, StdDeviation   =     5140.940]
#[Max     =    26083.328, Total count    =        63101]
#[Buckets =           27, SubBuckets     =         2048]
----------------------------------------------------------
  97368 requests in 30.01s, 1.31GB read
Requests/sec:   3244.31
Transfer/sec:     44.55MB
WRKX_RESULT {"durationUs":30011900,"requests":97368,"responses":97368,"errors":0,"bytes":1402099200,"latencyAvgUs":17150267.212,"latencyP95Us":25182207.000,"latencyP99Us":25886719.000}
