Running 30s test @ http://localhost:9991/postgres/orders
  16 threads and 256 connections
  Thread calibration: mean lat.: 4574.318ms, rate sampling interval: 16556ms
  Thread calibration: mean lat.: 4573.679ms, rate sampling interval: 16580ms
  Thread calibration: mean lat.: 4572.421ms, rate sampling interval: 16580ms
  Thread calibration: mean lat.: 4567.264ms, rate sampling interval: 16580ms
  Thread calibration: mean lat.: 4575.253ms, rate sampling interval: 16580ms
  Thread calibration: mean lat.: 4576.953ms, rate sampling interval: 16588ms
  Thread calibration: mean lat.: 4575.306ms, rate sampling interval: 16588ms
  Thread calibration: mean lat.: 4576.049ms, rate sampling interval: 16588ms
  Thread calibration: mean lat.: 4574.790ms, rate sampling interval: 16588ms
  Thread calibration: mean lat.: 4580.595ms, rate sampling interval: 16588ms
  Thread calibration: mean lat.: 4568.820ms, rate sampling interval: 16564ms
  Thread calibration: mean lat.: 4571.026ms, rate sampling interval: 16564ms
  Thread calibration: mean lat.: 4573.897ms, rate sampling interval: 16588ms
  Thread calibration: mean lat.: 4581.550ms, rate sampling interval: 16605ms
  Thread calibration: mean lat.: 4575.330ms, rate sampling interval: 16572ms
  Thread calibration: mean lat.: 4570.581ms, rate sampling interval: 16596ms
  Thread Stats   Avg      Stdev     Max   +/- Stdev
    Latency    18.17s     5.49s   27.62s    56.08%
    Req/Sec   187.00      0.00   187.00    100.00%
  Latency Distribution (HdrHistogram - Recorded Latency)
 50.000%   18.01s 
 75.000%   23.05s 
 90.000%   25.85s 
 99.000%   27.46s 
 99.900%   27.61s 
 99.990%   27.64s 
 99.999%   27.64s 
100.000%   27.64s 

  Detailed Percentile spectrum:
       Value   Percentile   TotalCount 1/(1-Percentile)

    9183.231     0.000000            4         1.00
   10788.863     0.100000         6040         1.11
   12345.343     0.200000        12018         1.25
   14114.815     0.300000        18028         1.43
   16080.895     0.400000        24056         1.67
   18006.015     0.500000        30038         2.00
   19070.975     0.550000        33050         2.22
   20103.167     0.600000        36074         2.50
   21102.591     0.650000        39066         2.86
   22052.863     0.700000        42076         3.33
   23052.287     0.750000        45060         4.00
   23543.807     0.775000        46611         4.44
   24018.943     0.800000        48115         5.00
   24477.695     0.825000        49575         5.71
   24952.831     0.850000        51092         6.67
   25411.583     0.875000        52616         8.00
   25640.959     0.887500        53361         8.89
   25853.951     0.900000        54083        10.00
   26083.327     0.912500        54843        11.43
   26296.319     0.925000        55577        13.33
   26525.695     0.937500        56360        16.00
   26640.383     0.943750        56746        17.78
   26738.687     0.950000        57071        20.00
   26869.759     0.956250        57500        22.86
   26968.063     0.962500        57826        26.67
   27099.135     0.968750        58253        32.00
   27148.287     0.971875        58420        35.56
   27197.439     0.975000        58604        40.00
   27246.591     0.978125        58777        45.71
   27312.127     0.981250        59002        53.33
   27361.279     0.984375        59179        64.00
   27377.663     0.985938        59228        71.11
   27410.431     0.987500        59348        80.00
   27443.199     0.989062        59457        91.43
   27459.583     0.990625        59514       106.67
   27492.351     0.992188        59637       128.00
   27508.735     0.992969        59693       142.22
   27525.119     0.993750        59747       160.00
   27525.119     0.994531        59747       182.86
   27541.503     0.995313        59810       213.33
   27557.887     0.996094        59867       256.00
   27557.887     0.996484        59867       284.44
   27574.271     0.996875        59923       320.00
   27574.271     0.997266        59923       365.71
   27590.655     0.997656        59968       426.67
   27590.655     0.998047        59968       512.00
   27590.655     0.998242        59968       568.89
   27607.039     0.998437        60012       640.00
   27607.039     0.998633        60012       731.43
   27607.039     0.998828        60012       853.33
   27623.423     0.999023        60055      1024.00
   27623.423     0.999121        60055      1137.78
   27623.423     0.999219        60055      1280.00
   27623.423     0.999316        60055      1462.86
   27623.423     0.999414        60055      1706.67
   27623.423     0.999512        60055      2048.00
   27623.423     0.999561        60055      2275.56
   27623.423     0.999609        60055      2560.00
   27623.423     0.999658        60055      2925.71
   27623.423     0.999707        60055      3413.33
   27639.807     0.999756        60072      4096.00
   27639.807     1.000000        60072          inf
#[Mean    =    18172.703, StdDeviation   =     5485.300]
#[Max     =    27623.424, Total count    =        60072]
#[Buckets =           27, SubBuckets     =         2048]
----------------------------------------------------------
  93732 requests in 30.01s, 1.26GB read
Requests/sec:   3123.14
Transfer/sec:     42.89MB
WRKX_RESULT {"durationUs":30012141,"requests":93732,"responses":93732,"errors":0,"bytes":1349740800,"latencyAvgUs":18172703.399,"latencyP95Us":26738687.000,"latencyP99Us":27459583.000}
