Running 30s test @ http://localhost:9991/postgres/orders
  16 threads and 256 connections
  Thread calibration: mean lat.: 4729.822ms, rate sampling interval: 16990ms
  Thread calibration: mean lat.: 4726.495ms, rate sampling interval: 16941ms
  Thread calibration: mean lat.: 4731.596ms, rate sampling interval: 16957ms
  Thread calibration: mean lat.: 4726.989ms, rate sampling interval: 16957ms
  Thread calibration: mean lat.: 4729.534ms, rate sampling interval: 16957ms
  Thread calibration: mean lat.: 4732.061ms, rate sampling interval: 16973ms
  Thread calibration: mean lat.: 4731.244ms, rate sampling interval: 16973ms
  Thread calibration: mean lat.: 4735.868ms, rate sampling interval: 16973ms
  Thread calibration: mean lat.: 4719.099ms, rate sampling interval: 16941ms
  Thread calibration: mean lat.: 4721.567ms, rate sampling interval: 16924ms
  Thread calibration: mean lat.: 4720.794ms, rate sampling interval: 16957ms
  Thread calibration: mean lat.: 4726.261ms, rate sampling interval: 16957ms
  Thread calibration: mean lat.: 4726.828ms, rate sampling interval: 16941ms
  Thread calibration: mean lat.: 4735.174ms, rate sampling interval: 16973ms
  Thread calibration: mean lat.: 4731.317ms, rate sampling interval: 16957ms
  Thread calibration: mean lat.: 4733.923ms, rate sampling interval: 16973ms
  Thread Stats   Avg      Stdev     Max   +/- Stdev
    Latency    18.78s     5.34s   28.08s    58.17%
    Req/Sec   200.44      0.50   201.00    100.00%
  Latency Distribution (HdrHistogram - Recorded Latency)
 50.000%   18.86s 
 75.000%   23.35s 
 90.000%   26.23s 
 99.000%   27.89s 
 99.900%   28.05s 
 99.990%   28.08s 
 99.999%   28.10s 
100.000%   28.10s 

  Detailed Percentile spectrum:
       Value   Percentile   TotalCount 1/(1-Percentile)

    9404.415     0.000000            2         1.00
   11378.687     0.100000         6416         1.11
   13246.463     0.200000        12817         1.25
   15114.239     0.300000        19217         1.43
   16973.823     0.400000        25630         1.67
   18857.983     0.500000        32041         2.00
   19759.103     0.550000        35231         2.22
   20627.455     0.600000        38409         2.50
   21512.191     0.650000        41652         2.86
   22396.927     0.700000        44820         3.33
   23347.199     0.750000        48058         4.00
   23805.951     0.775000        49610         4.44
   24281.087     0.800000        51216         5.00
   24756.223     0.825000        52821         5.71
   25264.127     0.850000        54444         6.67
   25739.263     0.875000        56037         8.00
   25985.023     0.887500        56842         8.89
   26230.783     0.900000        57650        10.00
   26476.543     0.912500        58446        11.43
   26722.303     0.925000        59250        13.33
   26968.063     0.937500        60054        16.00
   27082.751     0.943750        60455        17.78
   27197.439     0.950000        60877        20.00
   27295.743     0.956250        61244        22.86
   27394.047     0.962500        61641        26.67
   27508.735     0.968750        62051        32.00
   27557.887     0.971875        62240        35.56
   27607.039     0.975000        62422        40.00
   27672.575     0.978125        62667        45.71
   27721.727     0.981250        62837        53.33
   27770.879     0.984375        63020        64.00
   27803.647     0.985938        63131        71.11
   27836.415     0.987500        63249        80.00
   27869.183     0.989062        63358        91.43
   27885.567     0.990625        63414       106.67
   27918.335     0.992188        63525       128.00
   27934.719     0.992969        63578       142.22
   27951.103     0.993750        63633       160.00
   27967.487     0.994531        63697       182.86
   27983.871     0.995313        63741       213.33
   28000.255     0.996094        63801       256.00
   28000.255     0.996484        63801       284.44
   28016.639     0.996875        63852       320.00
   28016.639     0.997266        63852       365.71
   28033.023     0.997656        63916       426.67
   28033.023     0.998047        63916       512.00
   28033.023     0.998242        63916       568.89
   28033.023     0.998437        63916       640.00
   28049.407     0.998633        63959       731.43
   28049.407     0.998828        63959       853.33
   28049.407     0.999023        63959      1024.00
   28049.407     0.999121        63959      1137.78
   28049.407     0.999219        63959      1280.00
   28065.791     0.999316        63988      1462.86
   28065.791     0.999414        63988      1706.67
   28065.791     0.999512        63988      2048.00
   28065.791     0.999561        63988      2275.56
   28065.791     0.999609        63988      2560.00
   28065.791     0.999658        63988      2925.71
   28082.175     0.999707        64005      3413.33
   28082.175     0.999756        64005      4096.00
   28082.175     0.999780        64005      4551.11
   28082.175     0.999805        64005      5120.00
   28082.175     0.999829        64005      5851.43
   28082.175     0.999854        64005      6826.67
   28082.175     0.999878        64005      8192.00
   28082.175     0.999890        64005      9102.22
   28082.175     0.999902        64005     10240.00
   28082.175     0.999915        64005     11702.86
   28082.175     0.999927        64005     13653.33
   28082.175     0.999939        64005     16384.00
   28082.175     0.999945        64005     18204.44
   28082.175     0.999951        64005     20480.00
   28082.175     0.999957        64005     23405.71
   28082.175     0.999963        64005     27306.67
   28098.559     0.999969        64007     32768.00
   28098.559     1.000000        64007          inf
#[Mean    =    18784.584, StdDeviation   =     5343.500]
#[Max     =    28082.176, Total count    =        64007]
#[Buckets =           27, SubBuckets     =         2048]
----------------------------------------------------------
  95069 requests in 30.01s, 1.27GB read
Requests/sec:   3167.61
Transfer/sec:     43.50MB
WRKX_RESULT {"durationUs":30012881,"requests":95069,"responses":95069,"errors":0,"bytes":1368993600,"latencyAvgUs":18784583.644,"latencyP95Us":27197439.000,"latencyP99Us":27885567.000}
