Running 30s test @ http://localhost:9991/postgres/orders
  16 threads and 256 connections
  Thread calibration: mean lat.: 4847.020ms, rate sampling interval: 17563ms
  Thread calibration: mean lat.: 4842.368ms, rate sampling interval: 17563ms
  Thread calibration: mean lat.: 4846.185ms, rate sampling interval: 17580ms
  Thread calibration: mean lat.: 4842.375ms, rate sampling interval: 17563ms
  Thread calibration: mean lat.: 4844.743ms, rate sampling interval: 17547ms
  Thread calibration: mean lat.: 4843.578ms, rate sampling interval: 17563ms
  Thread calibration: mean lat.: 4851.786ms, rate sampling interval: 17563ms
  Thread calibration: mean lat.: 4848.320ms, rate sampling interval: 17563ms
  Thread calibration: mean lat.: 4846.556ms, rate sampling interval: 17547ms
  Thread calibration: mean lat.: 4852.070ms, rate sampling interval: 17580ms
  Thread calibration: mean lat.: 4849.394ms, rate sampling interval: 17563ms
  Thread calibration: mean lat.: 4850.539ms, rate sampling interval: 17563ms
  Thread calibration: mean lat.: 4847.443ms, rate sampling interval: 17563ms
  Thread calibration: mean lat.: 4851.022ms, rate sampling interval: 17547ms
  Thread calibration: mean lat.: 4855.698ms, rate sampling interval: 17580ms
  Thread calibration: mean lat.: 4849.150ms, rate sampling interval: 17547ms
  Thread Stats   Avg      Stdev     Max   +/- Stdev
    Latency    19.31s     5.57s   29.05s    57.58%
    Req/Sec   195.00      0.00   195.00    100.00%
  Latency Distribution (HdrHistogram - Recorded Latency)
 50.000%   19.30s 
 75.000%   24.12s 
 90.000%   27.07s 
 99.000%   28.84s 
 99.900%   29.02s 
 99.990%   29.05s 
 99.999%   29.07s 
100.000%   29.07s 

  Detailed Percentile spectrum:
       Value   Percentile   TotalCount 1/(1-Percentile)

    9699.327     0.000000            2         1.00
   11624.447     0.100000         6214         1.11
   13516.799     0.200000        12443         1.25
   15425.535     0.300000        18642         1.43
   17367.039     0.400000        24867         1.67
   19300.351     0.500000        31092         2.00
   20267.007     0.550000        34195         2.22
   21200.895     0.600000        37306         2.50
   22151.167     0.650000        40385         2.86
   23150.591     0.700000        43511         3.33
   24117.247     0.750000        46608         4.00
   24608.767     0.775000        48162         4.44
   25116.671     0.800000        49731         5.00
   25608.191     0.825000        51268         5.71
   26116.095     0.850000        52818         6.67
   26591.231     0.875000        54380         8.00
   26836.991     0.887500        55180         8.89
   27066.367     0.900000        55940        10.00
   27312.127     0.912500        56731        11.43
   27557.887     0.925000        57482        13.33
   27803.647     0.937500        58244        16.00
   27934.719     0.943750        58651        17.78
   28049.407     0.950000        59019        20.00
   28164.095     0.956250        59410        22.86
   28295.167     0.962500        59831        26.67
   28409.855     0.968750        60187        32.00
   28475.391     0.971875        60389        35.56
   28540.927     0.975000        60604        40.00
   28606.463     0.978125        60805        45.71
   28671.999     0.981250        61007        53.33
   28721.151     0.984375        61161        64.00
   28753.919     0.985938        61259        71.11
   28786.687     0.987500        61367        80.00
   28819.455     0.989062        61465        91.43
   28852.223     0.990625        61571       106.67
   28884.991     0.992188        61684       128.00
   28901.375     0.992969        61728       142.22
   28917.759     0.993750        61783       160.00
   28934.143     0.994531        61833       182.86
   28934.143     0.995313        61833       213.33
   28950.527     0.996094        61891       256.00
   28966.911     0.996484        61945       284.44
   28966.911     0.996875        61945       320.00
   28983.295     0.997266        61986       365.71
   28983.295     0.997656        61986       426.67
   28999.679     0.998047        62040       512.00
   28999.679     0.998242        62040       568.89
   28999.679     0.998437        62040       640.00
   28999.679     0.998633        62040       731.43
   29016.063     0.998828        62072       853.33
   29016.063     0.999023        62072      1024.00
   29016.063     0.999121        62072      1137.78
   29032.447     0.999219        62103      1280.00
   29032.447     0.999316        62103      1462.86
   29032.447     0.999414        62103      1706.67
   29032.447     0.999512        62103      2048.00
   29032.447     0.999561        62103      2275.56
   29032.447     0.999609        62103      2560.00
   29032.447     0.999658        62103      2925.71
   29048.831     0.999707        62119      3413.33
   29048.831     0.999756        62119      4096.00
   29048.831     0.999780        62119      4551.11
   29048.831     0.999805        62119      5120.00
   29048.831     0.999829        62119      5851.43
   29048.831     0.999854        62119      6826.67
   29048.831     0.999878        62119      8192.00
   29048.831     0.999890        62119      9102.22
   29048.831     0.999902        62119     10240.00
   29048.831     0.999915        62119     11702.86
   29065.215     0.999927        62124     13653.33
   29065.215     1.000000        62124          inf
#[Mean    =    19306.256, StdDeviation   =     5573.836]
#[Max     =    29048.832, Total count    =        62124]
#[Buckets =           27, SubBuckets     =         2048]
----------------------------------------------------------
  93684 requests in 30.01s, 1.26GB read
Requests/sec:   3121.59
Transfer/sec:     42.87MB
WRKX_RESULT {"durationUs":30011607,"requests":93684,"responses":93684,"errors":0,"bytes":1349049600,"latencyAvgUs":19306256.335,"latencyP95Us":28049407.000,"latencyP99Us":28835839.000}
