Running 30s test @ http://localhost:9991/postgres/orders
  16 threads and 256 connections
  Thread calibration: mean lat.: 4753.643ms, rate sampling interval: 17334ms
  Thread calibration: mean lat.: 4745.301ms, rate sampling interval: 17350ms
  Thread calibration: mean lat.: 4747.353ms, rate sampling interval: 17317ms
  Thread calibration: mean lat.: 4750.531ms, rate sampling interval: 17317ms
  Thread calibration: mean lat.: 4758.466ms, rate sampling interval: 17334ms
  Thread calibration: mean lat.: 4758.214ms, rate sampling interval: 17350ms
  Thread calibration: mean lat.: 4753.498ms, rate sampling interval: 17317ms
  Thread calibration: mean lat.: 4741.164ms, rate sampling interval: 17317ms
  Thread calibration: mean lat.: 4755.969ms, rate sampling interval: 17317ms
  Thread calibration: mean lat.: 4752.321ms, rate sampling interval: 17301ms
  Thread calibration: mean lat.: 4754.866ms, rate sampling interval: 17334ms
  Thread calibration: mean lat.: 4747.240ms, rate sampling interval: 17317ms
  Thread calibration: mean lat.: 4414.813ms, rate sampling interval: 15736ms
  Thread calibration: mean lat.: 4750.645ms, rate sampling interval: 17334ms
  Thread calibration: mean lat.: 4749.620ms, rate sampling interval: 17317ms
  Thread calibration: mean lat.: 4400.555ms, rate sampling interval: 15679ms
  Thread Stats   Avg      Stdev     Max   +/- Stdev
    Latency    19.07s     5.68s   28.79s    56.45%
    Req/Sec   180.31      0.46   181.00    100.00%
  Latency Distribution (HdrHistogram - Recorded Latency)
 50.000%   19.10s 
 75.000%   24.10s 
 90.000%   26.90s 
 99.000%   28.57s 
 99.900%   28.75s 
 99.990%   28.79s 
 99.999%   28.80s 
100.000%   28.80s 

  Detailed Percentile spectrum:
       Value   Percentile   TotalCount 1/(1-Percentile)

    8708.095     0.000000            2         1.00
   11329.535     0.100000         5851         1.11
   13041.663     0.200000        11687         1.25
   14966.783     0.300000        17486         1.43
   17055.743     0.400000        23354         1.67
   19103.743     0.500000        29141         2.00
   20152.319     0.550000        32058         2.22
   21151.743     0.600000        34972         2.50
   22134.783     0.650000        37881         2.86
   23134.207     0.700000        40804         3.33
   24100.863     0.750000        43746         4.00
   24575.999     0.775000        45202         4.44
   25051.135     0.800000        46649         5.00
   25509.887     0.825000        48108         5.71
   25985.023     0.850000        49551         6.67
   26443.775     0.875000        51044         8.00
   26673.151     0.887500        51747         8.89
   26902.527     0.900000        52462        10.00
   27115.519     0.912500        53203        11.43
   27344.895     0.925000        53914        13.33
   27590.655     0.937500        54681        16.00
   27688.959     0.943750        55003        17.78
   27820.031     0.950000        55407        20.00
   27934.719     0.956250        55770        22.86
   28049.407     0.962500        56117        26.67
   28164.095     0.968750        56463        32.00
   28229.631     0.971875        56665        35.56
   28295.167     0.975000        56868        40.00
   28344.319     0.978125        57009        45.71
   28409.855     0.981250        57209        53.33
   28459.007     0.984375        57366        64.00
   28508.159     0.985938        57517        71.11
   28524.543     0.987500        57560        80.00
   28557.311     0.989062        57651        91.43
   28590.079     0.990625        57751       106.67
   28622.847     0.992188        57850       128.00
   28639.231     0.992969        57884       142.22
   28655.615     0.993750        57937       160.00
   28671.999     0.994531        57985       182.86
   28688.383     0.995313        58036       213.33
   28704.767     0.996094        58093       256.00
   28704.767     0.996484        58093       284.44
   28721.151     0.996875        58127       320.00
   28721.151     0.997266        58127       365.71
   28737.535     0.997656        58188       426.67
   28737.535     0.998047        58188       512.00
   28737.535     0.998242        58188       568.89
   28737.535     0.998437        58188       640.00
   28753.919     0.998633        58228       731.43
   28753.919     0.998828        58228       853.33
   28753.919     0.999023        58228      1024.00
   28753.919     0.999121        58228      1137.78
   28770.303     0.999219        58257      1280.00
   28770.303     0.999316        58257      1462.86
   28770.303     0.999414        58257      1706.67
   28770.303     0.999512        58257      2048.00
   28770.303     0.999561        58257      2275.56
   28770.303     0.999609        58257      2560.00
   28770.303     0.999658        58257      2925.71
   28786.687     0.999707        58272      3413.33
   28786.687     0.999756        58272      4096.00
   28786.687     0.999780        58272      4551.11
   28786.687     0.999805        58272      5120.00
   28786.687     0.999829        58272      5851.43
   28786.687     0.999854        58272      6826.67
   28786.687     0.999878        58272      8192.00
   28786.687     0.999890        58272      9102.22
   28786.687     0.999902        58272     10240.00
   28786.687     0.999915        58272     11702.86
   28786.687     0.999927        58272     13653.33
   28803.071     0.999939        58276     16384.00
   28803.071     1.000000        58276          inf
#[Mean    =    19074.038, StdDeviation   =     5676.282]
#[Max     =    28786.688, Total count    =        58276]
#[Buckets =           27, SubBuckets     =         2048]
----------------------------------------------------------
  89131 requests in 30.01s, 1.20GB read
Requests/sec:   2969.71
Transfer/sec:     40.78MB
WRKX_RESULT {"durationUs":30013372,"requests":89131,"responses":89131,"errors":0,"bytes":1283486400,"latencyAvgUs":19074038.230,"latencyP95Us":27820031.000,"latencyP99Us":28573695.000}
