Running 30s test @ http://localhost:9991/postgres/orders
  16 threads and 256 connections
  Thread calibration: mean lat.: 4344.088ms, rate sampling interval: 15990ms
  Thread calibration: mean lat.: 4335.744ms, rate sampling interval: 15990ms
  Thread calibration: mean lat.: 4336.714ms, rate sampling interval: 15982ms
  Thread calibration: mean lat.: 4329.797ms, rate sampling interval: 15958ms
  Thread calibration: mean lat.: 4340.606ms, rate sampling interval: 15974ms
  Thread calibration: mean lat.: 4336.647ms, rate sampling interval: 15958ms
  Thread calibration: mean lat.: 4331.340ms, rate sampling interval: 15949ms
  Thread calibration: mean lat.: 4341.096ms, rate sampling interval: 15982ms
  Thread calibration: mean lat.: 4337.533ms, rate sampling interval: 15974ms
  Thread calibration: mean lat.: 4342.805ms, rate sampling interval: 15974ms
  Thread calibration: mean lat.: 4335.460ms, rate sampling interval: 15974ms
  Thread calibration: mean lat.: 4336.842ms, rate sampling interval: 15966ms
  Thread calibration: mean lat.: 3983.099ms, rate sampling interval: 14491ms
  Thread calibration: mean lat.: 4334.268ms, rate sampling interval: 15958ms
  Thread calibration: mean lat.: 4343.674ms, rate sampling interval: 15982ms
  Thread calibration: mean lat.: 4332.374ms, rate sampling interval: 15974ms
  Thread Stats   Avg      Stdev     Max   +/- Stdev
    Latency    17.62s     5.14s   26.62s    58.11%
    Req/Sec   207.00      0.00   207.00    100.00%
  Latency Distribution (HdrHistogram - Recorded Latency)
 50.000%   17.58s 
 75.000%   22.09s 
 90.000%   24.82s 
 99.000%   26.43s 
 99.900%   26.61s 
 99.990%   26.64s 
 99.999%   26.64s 
100.000%   26.64s 

  Detailed Percentile spectrum:
       Value   Percentile   TotalCount 1/(1-Percentile)

    8069.119     0.000000            1         1.00
   10559.487     0.100000         6598         1.11
   12304.383     0.200000        13151         1.25
   14032.895     0.300000        19733         1.43
   15785.983     0.400000        26306         1.67
   17580.031     0.500000        32922         2.00
   18497.535     0.550000        36203         2.22
   19398.655     0.600000        39458         2.50
   20299.775     0.650000        42763         2.86
   21168.127     0.700000        46045         3.33
   22085.631     0.750000        49356         4.00
   22495.231     0.775000        50988         4.44
   22937.599     0.800000        52629         5.00
   23379.967     0.825000        54254         5.71
   23855.103     0.850000        55943         6.67
   24313.855     0.875000        57550         8.00
   24559.615     0.887500        58367         8.89
   24821.759     0.900000        59194        10.00
   25051.135     0.912500        60036        11.43
   25264.127     0.925000        60885        13.33
   25477.119     0.937500        61658        16.00
   25591.807     0.943750        62061        17.78
   25706.495     0.950000        62477        20.00
   25821.183     0.956250        62894        22.86
   25919.487     0.962500        63297        26.67
   26034.175     0.968750        63739        32.00
   26083.327     0.971875        63916        35.56
   26148.863     0.975000        64159        40.00
   26198.015     0.978125        64328        45.71
   26263.551     0.981250        64550        53.33
   26329.087     0.984375        64771        64.00
   26361.855     0.985938        64880        71.11
   26378.239     0.987500        64939        80.00
   26411.007     0.989062        65045        91.43
   26443.775     0.990625        65162       106.67
   26476.543     0.992188        65278       128.00
   26492.927     0.992969        65330       142.22
   26509.311     0.993750        65377       160.00
   26525.695     0.994531        65436       182.86
   26542.079     0.995313        65492       213.33
   26558.463     0.996094        65537       256.00
   26558.463     0.996484        65537       284.44
   26574.847     0.996875        65598       320.00
   26574.847     0.997266        65598       365.71
   26591.231     0.997656        65653       426.67
   26591.231     0.998047        65653       512.00
   26591.231     0.998242        65653       568.89
   26591.231     0.998437        65653       640.00
   26607.615     0.998633        65705       731.43
   26607.615     0.998828        65705       853.33
   26607.615     0.999023        65705      1024.00
   26607.615     0.999121        65705      1137.78
   26607.615     0.999219        65705      1280.00
   26623.999     0.999316        65738      1462.86
   26623.999     0.999414        65738      1706.67
   26623.999     0.999512        65738      2048.00
   26623.999     0.999561        65738      2275.56
   26623.999     0.999609        65738      2560.00
   26623.999     0.999658        65738      2925.71
   26623.999     0.999707        65738      3413.33
   26623.999     0.999756        65738      4096.00
   26640.383     0.999780        65753      4551.11
   26640.383     1.000000        65753          inf
#[Mean    =    17617.216, StdDeviation   =     5141.101]
#[Max     =    26624.000, Total count    =        65753]
#[Buckets =           27, SubBuckets     =         2048]
----------------------------------------------------------
  100058 requests in 30.01s, 1.34GB read
Requests/sec:   3334.35
Transfer/sec:     45.79MB
WRKX_RESULT {"durationUs":30008268,"requests":100058,"responses":100058,"errors":0,"bytes":1440835200,"latencyAvgUs":17617216.439,"latencyP95Us":25706495.000,"latencyP99Us":26427391.000}
