Running 30s test @ http://localhost:9991/postgres/orders
  16 threads and 256 connections
  Thread calibration: mean lat.: 1476.154ms, rate sampling interval: 5558ms
  Thread calibration: mean lat.: 1472.077ms, rate sampling interval: 5537ms
  Thread calibration: mean lat.: 1472.626ms, rate sampling interval: 5550ms
  Thread calibration: mean lat.: 1473.869ms, rate sampling interval: 5558ms
  Thread calibration: mean lat.: 1473.339ms, rate sampling interval: 5554ms
  Thread calibration: mean lat.: 1470.116ms, rate sampling interval: 5541ms
  Thread calibration: mean lat.: 1473.583ms, rate sampling interval: 5558ms
  Thread calibration: mean lat.: 1473.045ms, rate sampling interval: 5550ms
  Thread calibration: mean lat.: 1468.898ms, rate sampling interval: 5541ms
  Thread calibration: mean lat.: 1468.568ms, rate sampling interval: 5537ms
  Thread calibration: mean lat.: 1473.567ms, rate sampling interval: 5537ms
  Thread calibration: mean lat.: 1473.321ms, rate sampling interval: 5550ms
  Thread calibration: mean lat.: 1469.763ms, rate sampling interval: 5533ms
  Thread calibration: mean lat.: 1467.287ms, rate sampling interval: 5541ms
  Thread calibration: mean lat.: 1471.432ms, rate sampling interval: 5554ms
  Thread calibration: mean lat.: 1479.128ms, rate sampling interval: 5566ms
  Thread Stats   Avg      Stdev     Max   +/- Stdev
    Latency     6.41s     2.11s   10.03s    56.25%
    Req/Sec   202.69     11.21   218.00     66.67%
  Latency Distribution (HdrHistogram - Recorded Latency)
 50.000%    6.34s 
 75.000%    8.35s 
 90.000%    9.34s 
 99.000%    9.89s 
 99.900%    9.97s 
 99.990%    9.99s 
 99.999%   10.01s 
100.000%   10.04s 

  Detailed Percentile spectrum:
       Value   Percentile   TotalCount 1/(1-Percentile)

    3020.799     0.000000            1         1.00
    3618.815     0.100000         6521         1.11
    4222.975     0.200000        13031         1.25
    4743.167     0.300000        19573         1.43
    5472.255     0.400000        26056         1.67
    6344.703     0.500000        32563         2.00
    6787.071     0.550000        35841         2.22
    7208.959     0.600000        39098         2.50
    7639.039     0.650000        42342         2.86
    8015.871     0.700000        45618         3.33
    8351.743     0.750000        48876         4.00
    8519.679     0.775000        50525         4.44
    8699.903     0.800000        52110         5.00
    8847.359     0.825000        53750         5.71
    9011.199     0.850000        55357         6.67
    9158.655     0.875000        56984         8.00
    9248.767     0.887500        57849         8.89
    9338.879     0.900000        58657        10.00
    9412.607     0.912500        59456        11.43
    9486.335     0.925000        60281        13.33
    9568.255     0.937500        61107        16.00
    9609.215     0.943750        61533        17.78
    9641.983     0.950000        61882        20.00
    9682.943     0.956250        62335        22.86
    9715.711     0.962500        62708        26.67
    9756.671     0.968750        63173        32.00
    9773.055     0.971875        63359        35.56
    9789.439     0.975000        63541        40.00
    9805.823     0.978125        63702        45.71
    9830.399     0.981250        63950        53.33
    9846.783     0.984375        64118        64.00
    9863.167     0.985938        64292        71.11
    9871.359     0.987500        64371        80.00
    9879.551     0.989062        64439        91.43
    9887.743     0.990625        64529       106.67
    9904.127     0.992188        64674       128.00
    9904.127     0.992969        64674       142.22
    9912.319     0.993750        64756       160.00
    9920.511     0.994531        64841       182.86
    9920.511     0.995313        64841       213.33
    9928.703     0.996094        64888       256.00
    9936.895     0.996484        64946       284.44
    9936.895     0.996875        64946       320.00
    9936.895     0.997266        64946       365.71
    9945.087     0.997656        64998       426.67
    9945.087     0.998047        64998       512.00
    9953.279     0.998242        65028       568.89
    9953.279     0.998437        65028       640.00
    9961.471     0.998633        65056       731.43
    9961.471     0.998828        65056       853.33
    9969.663     0.999023        65085      1024.00
    9969.663     0.999121        65085      1137.78
    9969.663     0.999219        65085      1280.00
    9969.663     0.999316        65085      1462.86
    9969.663     0.999414        65085      1706.67
    9977.855     0.999512        65099      2048.00
    9977.855     0.999561        65099      2275.56
    9977.855     0.999609        65099      2560.00
    9986.047     0.999658        65114      2925.71
    9986.047     0.999707        65114      3413.33
    9986.047     0.999756        65114      4096.00
    9986.047     0.999780        65114      4551.11
    9986.047     0.999805        65114      5120.00
    9986.047     0.999829        65114      5851.43
    9986.047     0.999854        65114      6826.67
    9994.239     0.999878        65117      8192.00
    9994.239     0.999890        65117      9102.22
    9994.239     0.999902        65117     10240.00
   10002.431     0.999915        65118     11702.86
   10010.623     0.999927        65122     13653.33
   10010.623     0.999939        65122     16384.00
   10010.623     0.999945        65122     18204.44
   10010.623     0.999951        65122     20480.00
   10010.623     0.999957        65122     23405.71
   10010.623     0.999963        65122     27306.67
   10010.623     0.999969        65122     32768.00
   10010.623     0.999973        65122     36408.89
   10010.623     0.999976        65122     40960.00
   10010.623     0.999979        65122     46811.43
   10010.623     0.999982        65122     54613.33
   10035.199     0.999985        65123     65536.00
   10035.199     1.000000        65123          inf
#[Mean    =     6408.091, StdDeviation   =     2108.402]
#[Max     =    10027.008, Total count    =        65123]
#[Buckets =           27, SubBuckets     =         2048]
----------------------------------------------------------
  100193 requests in 30.01s, 1.34GB read
Requests/sec:   3338.18
Transfer/sec:     45.84MB
WRKX_RESULT {"durationUs":30014253,"requests":100193,"responses":100193,"errors":0,"bytes":1442779200,"latencyAvgUs":6408091.413,"latencyP95Us":9641983.000,"latencyP99Us":9887743.000}
