Running 30s test @ http://localhost:9991/postgres/orders
  16 threads and 256 connections
  Thread calibration: mean lat.: 3832.867ms, rate sampling interval: 13950ms
  Thread calibration: mean lat.: 3826.622ms, rate sampling interval: 13950ms
  Thread calibration: mean lat.: 3824.935ms, rate sampling interval: 13926ms
  Thread calibration: mean lat.: 3830.385ms, rate sampling interval: 13926ms
  Thread calibration: mean lat.: 3828.219ms, rate sampling interval: 13942ms
  Thread calibration: mean lat.: 3831.357ms, rate sampling interval: 13942ms
  Thread calibration: mean lat.: 3823.377ms, rate sampling interval: 13926ms
  Thread calibration: mean lat.: 3836.605ms, rate sampling interval: 13967ms
  Thread calibration: mean lat.: 3829.606ms, rate sampling interval: 13942ms
  Thread calibration: mean lat.: 3830.466ms, rate sampling interval: 13926ms
  Thread calibration: mean lat.: 3828.984ms, rate sampling interval: 13934ms
  Thread calibration: mean lat.: 3827.346ms, rate sampling interval: 13926ms
  Thread calibration: mean lat.: 3833.198ms, rate sampling interval: 13934ms
  Thread calibration: mean lat.: 3840.395ms, rate sampling interval: 13950ms
  Thread calibration: mean lat.: 3835.188ms, rate sampling interval: 13942ms
  Thread calibration: mean lat.: 3515.087ms, rate sampling interval: 12640ms
  Thread Stats   Avg      Stdev     Max   +/- Stdev
    Latency    15.36s     4.61s   23.46s    57.31%
    Req/Sec   200.25      0.43   201.00    100.00%
  Latency Distribution (HdrHistogram - Recorded Latency)
 50.000%   15.27s 
 75.000%   19.40s 
 90.000%   21.86s 
 99.000%   23.28s 
 99.900%   23.45s 
 99.990%   23.46s 
 99.999%   23.48s 
100.000%   23.48s 

  Detailed Percentile spectrum:
       Value   Percentile   TotalCount 1/(1-Percentile)

    7041.023     0.000000            4         1.00
    9125.887     0.100000         6361         1.11
   10584.063     0.200000        12698         1.25
   11984.895     0.300000        19023         1.43
   13631.487     0.400000        25343         1.67
   15269.887     0.500000        31690         2.00
   16105.471     0.550000        34853         2.22
   16941.055     0.600000        38036         2.50
   17760.255     0.650000        41230         2.86
   18563.071     0.700000        44378         3.33
   19398.655     0.750000        47531         4.00
   19824.639     0.775000        49165         4.44
   20250.623     0.800000        50730         5.00
   20627.455     0.825000        52282         5.71
   21053.439     0.850000        53917         6.67
   21430.271     0.875000        55445         8.00
   21643.263     0.887500        56242         8.89
   21856.255     0.900000        57027        10.00
   22052.863     0.912500        57859        11.43
   22233.087     0.925000        58620        13.33
   22429.695     0.937500        59427        16.00
   22527.999     0.943750        59826        17.78
   22626.303     0.950000        60207        20.00
   22724.607     0.956250        60601        22.86
   22839.295     0.962500        61040        26.67
   22937.599     0.968750        61430        32.00
   22986.751     0.971875        61633        35.56
   23035.903     0.975000        61819        40.00
   23085.055     0.978125        62000        45.71
   23134.207     0.981250        62172        53.33
   23199.743     0.984375        62413        64.00
   23216.127     0.985938        62481        71.11
   23248.895     0.987500        62611        80.00
   23265.279     0.989062        62671        91.43
   23298.047     0.990625        62796       106.67
   23330.815     0.992188        62914       128.00
   23330.815     0.992969        62914       142.22
   23347.199     0.993750        62975       160.00
   23363.583     0.994531        63033       182.86
   23379.967     0.995313        63094       213.33
   23396.351     0.996094        63153       256.00
   23396.351     0.996484        63153       284.44
   23412.735     0.996875        63217       320.00
   23412.735     0.997266        63217       365.71
   23412.735     0.997656        63217       426.67
   23429.119     0.998047        63272       512.00
   23429.119     0.998242        63272       568.89
   23429.119     0.998437        63272       640.00
   23429.119     0.998633        63272       731.43
   23445.503     0.998828        63326       853.33
   23445.503     0.999023        63326      1024.00
   23445.503     0.999121        63326      1137.78
   23445.503     0.999219        63326      1280.00
   23445.503     0.999316        63326      1462.86
   23445.503     0.999414        63326      1706.67
   23445.503     0.999512        63326      2048.00
   23461.887     0.999561        63351      2275.56
   23461.887     0.999609        63351      2560.00
   23461.887     0.999658        63351      2925.71
   23461.887     0.999707        63351      3413.33
   23461.887     0.999756        63351      4096.00
   23461.887     0.999780        63351      4551.11
   23461.887     0.999805        63351      5120.00
   23461.887     0.999829        63351      5851.43
   23461.887     0.999854        63351      6826.67
   23461.887     0.999878        63351      8192.00
   23461.887     0.999890        63351      9102.22
   23461.887     0.999902        63351     10240.00
   23461.887     0.999915        63351     11702.86
   23461.887     0.999927        63351     13653.33
   23478.271     0.999939        63355     16384.00
   23478.271     1.000000        63355          inf
#[Mean    =    15364.874, StdDeviation   =     4612.053]
#[Max     =    23461.888, Total count    =        63355]
#[Buckets =           27, SubBuckets     =         2048]
----------------------------------------------------------
  97563 requests in 30.01s, 1.31GB read
Requests/sec:   3250.85
Transfer/sec:     44.64MB
WRKX_RESULT {"durationUs":30011566,"requests":97563,"responses":97563,"errors":0,"bytes":1404907200,"latencyAvgUs":15364873.888,"latencyP95Us":22626303.000,"latencyP99Us":23281663.000}
