Running 30s test @ http://localhost:9991/postgres/orders
  16 threads and 256 connections
  Thread calibration: mean lat.: 6.924ms, rate sampling interval: 19ms
  Thread calibration: mean lat.: 6.849ms, rate sampling interval: 18ms
  Thread calibration: mean lat.: 6.873ms, rate sampling interval: 18ms
  Thread calibration: mean lat.: 7.068ms, rate sampling interval: 19ms
  Thread calibration: mean lat.: 6.999ms, rate sampling interval: 19ms
  Thread calibration: mean lat.: 7.080ms, rate sampling interval: 18ms
  Thread calibration: mean lat.: 7.097ms, rate sampling interval: 19ms
  Thread calibration: mean lat.: 7.034ms, rate sampling interval: 19ms
  Thread calibration: mean lat.: 7.160ms, rate sampling interval: 19ms
  Thread calibration: mean lat.: 7.040ms, rate sampling interval: 18ms
  Thread calibration: mean lat.: 7.118ms, rate sampling interval: 19ms
  Thread calibration: mean lat.: 7.031ms, rate sampling interval: 18ms
  Thread calibration: mean lat.: 7.037ms, rate sampling interval: 18ms
  Thread calibration: mean lat.: 7.059ms, rate sampling interval: 19ms
  Thread calibration: mean lat.: 7.124ms, rate sampling interval: 18ms
  Thread calibration: mean lat.: 6.879ms, rate sampling interval: 18ms
  Thread Stats   Avg      Stdev     Max   +/- Stdev
    Latency     6.29ms    1.64ms  19.66ms   71.35%
    Req/Sec   160.19     73.63   388.00     70.35%
  Latency Distribution (HdrHistogram - Recorded Latency)
 50.000%    5.93ms
 75.000%    7.24ms
 90.000%    8.57ms
 99.000%   11.23ms
 99.900%   13.95ms
 99.990%   16.14ms
 99.999%   19.68ms
100.000%   19.68ms

  Detailed Percentile spectrum:
       Value   Percentile   TotalCount 1/(1-Percentile)

       2.933     0.000000            1         1.00
       4.555     0.100000         5005         1.11
       4.931     0.200000        10013         1.25
       5.243     0.300000        14973         1.43
       5.575     0.400000        19972         1.67
       5.927     0.500000        24913         2.00
       6.127     0.550000        27398         2.22
       6.351     0.600000        29885         2.50
       6.607     0.650000        32385         2.86
       6.899     0.700000        34875         3.33
       7.239     0.750000        37369         4.00
       7.415     0.775000        38614         4.44
       7.619     0.800000        39860         5.00
       7.827     0.825000        41089         5.71
       8.051     0.850000        42347         6.67
       8.295     0.875000        43602         8.00
       8.423     0.887500        44195         8.89
       8.575     0.900000        44826        10.00
       8.735     0.912500        45440        11.43
       8.911     0.925000        46062        13.33
       9.127     0.937500        46703        16.00
       9.239     0.943750        47004        17.78
       9.367     0.950000        47317        20.00
       9.503     0.956250        47624        22.86
       9.671     0.962500        47935        26.67
       9.855     0.968750        48248        32.00
       9.967     0.971875        48401        35.56
      10.111     0.975000        48554        40.00
      10.263     0.978125        48716        45.71
      10.439     0.981250        48863        53.33
      10.695     0.984375        49020        64.00
      10.823     0.985938        49101        71.11
      10.967     0.987500        49175        80.00
      11.111     0.989062        49255        91.43
      11.319     0.990625        49332       106.67
      11.551     0.992188        49409       128.00
      11.671     0.992969        49445       142.22
      11.855     0.993750        49484       160.00
      12.015     0.994531        49523       182.86
      12.183     0.995313        49564       213.33
      12.471     0.996094        49601       256.00
      12.591     0.996484        49620       284.44
      12.735     0.996875        49640       320.00
      12.879     0.997266        49659       365.71
      13.071     0.997656        49679       426.67
      13.303     0.998047        49698       512.00
      13.527     0.998242        49708       568.89
      13.607     0.998437        49719       640.00
      13.711     0.998633        49728       731.43
      13.831     0.998828        49739       853.33
      14.031     0.999023        49747      1024.00
      14.127     0.999121        49752      1137.78
      14.295     0.999219        49757      1280.00
      14.463     0.999316        49762      1462.86
      14.519     0.999414        49766      1706.67
      14.815     0.999512        49771      2048.00
      15.015     0.999561        49774      2275.56
      15.247     0.999609        49776      2560.00
      15.375     0.999658        49778      2925.71
      15.535     0.999707        49781      3413.33
      15.623     0.999756        49783      4096.00
      15.719     0.999780        49785      4551.11
      15.743     0.999805        49786      5120.00
      15.751     0.999829        49787      5851.43
      15.759     0.999854        49788      6826.67
      15.943     0.999878        49789      8192.00
      16.143     0.999890        49790      9102.22
      16.399     0.999902        49791     10240.00
      16.399     0.999915        49791     11702.86
      16.895     0.999927        49792     13653.33
      16.895     0.999939        49792     16384.00
      16.911     0.999945        49793     18204.44
      16.911     0.999951        49793     20480.00
      16.911     0.999957        49793     23405.71
      18.607     0.999963        49794     27306.67
      18.607     0.999969        49794     32768.00
      18.607     0.999973        49794     36408.89
      18.607     0.999976        49794     40960.00
      18.607     0.999979        49794     46811.43
      19.679     0.999982        49795     54613.33
      19.679     1.000000        49795          inf
#[Mean    =        6.295, StdDeviation   =        1.640]
#[Max     =       19.664, Total count    =        49795]
#[Buckets =           27, SubBuckets     =         2048]
----------------------------------------------------------
  75024 requests in 30.01s, 1.01GB read
Requests/sec:   2499.95
Transfer/sec:     34.33MB
WRKX_RESULT {"durationUs":30010170,"requests":75024,"responses":75024,"errors":0,"bytes":1080345600,"latencyAvgUs":6294.657,"latencyP95Us":9367.000,"latencyP99Us":11231.000}
