Running 30s test @ http://localhost:9991/postgres/orders
  16 threads and 256 connections
  Thread calibration: mean lat.: 2962.922ms, rate sampling interval: 13197ms
  Thread calibration: mean lat.: 3437.164ms, rate sampling interval: 13172ms
  Thread calibration: mean lat.: 4199.758ms, rate sampling interval: 14770ms
  Thread calibration: mean lat.: 3665.109ms, rate sampling interval: 13803ms
  Thread calibration: mean lat.: 3150.239ms, rate sampling interval: 12460ms
  Thread calibration: mean lat.: 3455.982ms, rate sampling interval: 13860ms
  Thread calibration: mean lat.: 3166.800ms, rate sampling interval: 13205ms
  Thread calibration: mean lat.: 3804.827ms, rate sampling interval: 14966ms
  Thread calibration: mean lat.: 3372.427ms, rate sampling interval: 13377ms
  Thread calibration: mean lat.: 2865.064ms, rate sampling interval: 12648ms
  Thread calibration: mean lat.: 3534.371ms, rate sampling interval: 13615ms
  Thread calibration: mean lat.: 3026.988ms, rate sampling interval: 13049ms
  Thread calibration: mean lat.: 3142.687ms, rate sampling interval: 12410ms
  Thread calibration: mean lat.: 2691.945ms, rate sampling interval: 12034ms
  Thread calibration: mean lat.: 3853.724ms, rate sampling interval: 14163ms
  Thread calibration: mean lat.: 3295.389ms, rate sampling interval: 12926ms
  Thread Stats   Avg      Stdev     Max   +/- Stdev
    Latency    14.24s     4.62s   25.76s    61.59%
    Req/Sec     0.87k    61.26     0.96k    68.75%
  Latency Distribution (HdrHistogram - Recorded Latency)
 50.000%   14.20s 
 75.000%   17.74s 
 90.000%   20.73s 
 99.000%   23.46s 
 99.900%   24.64s 
 99.990%   25.33s 
 99.999%   25.71s 
100.000%   25.77s 

  Detailed Percentile spectrum:
       Value   Percentile   TotalCount 1/(1-Percentile)

     140.543     0.000000            1         1.00
    8384.511     0.100000        28004         1.11
    9641.983     0.200000        55902         1.25
   11231.231     0.300000        83770         1.43
   12730.367     0.400000       111682         1.67
   14204.927     0.500000       139620         2.00
   14974.975     0.550000       153695         2.22
   15622.143     0.600000       167619         2.50
   16285.695     0.650000       181526         2.86
   16924.671     0.700000       195433         3.33
   17743.871     0.750000       209442         4.00
   18169.855     0.775000       216409         4.44
   18595.839     0.800000       223567         5.00
   19054.591     0.825000       230332         5.71
   19562.495     0.850000       237412         6.67
   20135.935     0.875000       244414         8.00
   20430.847     0.887500       247896         8.89
   20725.759     0.900000       251269        10.00
   20987.903     0.912500       254745        11.43
   21299.199     0.925000       258315        13.33
   21610.495     0.937500       261892        16.00
   21725.183     0.943750       263551        17.78
   21889.023     0.950000       265303        20.00
   22069.247     0.956250       267049        22.86
   22282.239     0.962500       268795        26.67
   22511.615     0.968750       270503        32.00
   22642.687     0.971875       271443        35.56
   22724.607     0.975000       272322        40.00
   22822.911     0.978125       273128        45.71
   22937.599     0.981250       273960        53.33
   23085.055     0.984375       274816        64.00
   23166.975     0.985938       275244        71.11
   23265.279     0.987500       275732        80.00
   23379.967     0.989062       276135        91.43
   23511.039     0.990625       276577       106.67
   23642.111     0.992188       277021       128.00
   23691.263     0.992969       277220       142.22
   23756.799     0.993750       277429       160.00
   23822.335     0.994531       277647       182.86
   23904.255     0.995313       277861       213.33
   24002.559     0.996094       278091       256.00
   24068.095     0.996484       278214       284.44
   24117.247     0.996875       278296       320.00
   24199.167     0.997266       278428       365.71
   24264.703     0.997656       278517       426.67
   24363.007     0.998047       278633       512.00
   24412.159     0.998242       278682       568.89
   24477.695     0.998437       278743       640.00
   24526.847     0.998633       278793       731.43
   24592.383     0.998828       278850       853.33
   24657.919     0.999023       278901      1024.00
   24690.687     0.999121       278924      1137.78
   24723.455     0.999219       278954      1280.00
   24756.223     0.999316       278981      1462.86
   24788.991     0.999414       279006      1706.67
   24838.143     0.999512       279034      2048.00
   24870.911     0.999561       279049      2275.56
   24903.679     0.999609       279060      2560.00
   24952.831     0.999658       279074      2925.71
   25001.983     0.999707       279086      3413.33
   25067.519     0.999756       279101      4096.00
   25100.287     0.999780       279107      4551.11
   25149.439     0.999805       279114      5120.00
   25182.207     0.999829       279120      5851.43
   25231.359     0.999854       279127      6826.67
   25280.511     0.999878       279133      8192.00
   25313.279     0.999890       279138      9102.22
   25346.047     0.999902       279141     10240.00
   25378.815     0.999915       279144     11702.86
   25427.967     0.999927       279148     13653.33
   25460.735     0.999939       279150     16384.00
   25477.119     0.999945       279152     18204.44
   25509.887     0.999951       279154     20480.00
   25526.271     0.999957       279156     23405.71
   25542.655     0.999963       279157     27306.67
   25591.807     0.999969       279159     32768.00
   25608.191     0.999973       279160     36408.89
   25624.575     0.999976       279161     40960.00
   25657.343     0.999979       279162     46811.43
   25657.343     0.999982       279162     54613.33
   25673.727     0.999985       279163     65536.00
   25706.495     0.999986       279164     72817.78
   25706.495     0.999988       279164     81920.00
   25722.879     0.999989       279165     93622.86
   25722.879     0.999991       279165    109226.67
   25722.879     0.999992       279165    131072.00
   25755.647     0.999993       279166    145635.56
   25755.647     0.999994       279166    163840.00
   25755.647     0.999995       279166    187245.71
   25755.647     0.999995       279166    218453.33
   25755.647     0.999996       279166    262144.00
   25772.031     0.999997       279167    291271.11
   25772.031     1.000000       279167          inf
#[Mean    =    14240.547, StdDeviation   =     4615.863]
#[Max     =    25755.648, Total count    =       279167]
#[Buckets =           27, SubBuckets     =         2048]
----------------------------------------------------------
  410330 requests in 30.00s, 5.43GB read
  Socket errors: connect 0, read 17, write 0, timeout 0
Requests/sec:  13675.71
Transfer/sec:    185.40MB
WRKX_RESULT {"durationUs":30004287,"requests":410330,"responses":410330,"errors":17,"bytes":5832856454,"latencyAvgUs":14240546.867,"latencyP95Us":21889023.000,"latencyP99Us":23461887.000}
