Running 30s test @ http://localhost:9991/postgres/orders
  16 threads and 256 connections
  Thread calibration: mean lat.: 2457.536ms, rate sampling interval: 10772ms
  Thread calibration: mean lat.: 1538.465ms, rate sampling interval: 8421ms
  Thread calibration: mean lat.: 1860.016ms, rate sampling interval: 9740ms
  Thread calibration: mean lat.: 1323.733ms, rate sampling interval: 8568ms
  Thread calibration: mean lat.: 2137.496ms, rate sampling interval: 9437ms
  Thread calibration: mean lat.: 2206.396ms, rate sampling interval: 10190ms
  Thread calibration: mean lat.: 1602.148ms, rate sampling interval: 8609ms
  Thread calibration: mean lat.: 2152.538ms, rate sampling interval: 9691ms
  Thread calibration: mean lat.: 2252.213ms, rate sampling interval: 9871ms
  Thread calibration: mean lat.: 1565.313ms, rate sampling interval: 8568ms
  Thread calibration: mean lat.: 1575.167ms, rate sampling interval: 8445ms
  Thread calibration: mean lat.: 1364.568ms, rate sampling interval: 8200ms
  Thread calibration: mean lat.: 1321.512ms, rate sampling interval: 7036ms
  Thread calibration: mean lat.: 1478.870ms, rate sampling interval: 8413ms
  Thread calibration: mean lat.: 1461.827ms, rate sampling interval: 7167ms
  Thread calibration: mean lat.: 1613.478ms, rate sampling interval: 8921ms
  Thread Stats   Avg      Stdev     Max   +/- Stdev
    Latency     8.56s     4.44s   21.12s    66.20%
    Req/Sec     0.87k   109.55     1.12k    63.33%
  Latency Distribution (HdrHistogram - Recorded Latency)
 50.000%    8.56s 
 75.000%   11.71s 
 90.000%   14.47s 
 99.000%   18.22s 
 99.900%   19.96s 
 99.990%   20.48s 
 99.999%   21.05s 
100.000%   21.14s 

  Detailed Percentile spectrum:
       Value   Percentile   TotalCount 1/(1-Percentile)

       1.450     0.000000            1         1.00
    2242.559     0.100000        27354         1.11
    4689.919     0.200000        54745         1.25
    6258.687     0.300000        82048         1.43
    7315.455     0.400000       109408         1.67
    8560.639     0.500000       136741         2.00
    9207.807     0.550000       150473         2.22
    9830.399     0.600000       164090         2.50
   10395.647     0.650000       177814         2.86
   10985.471     0.700000       191436         3.33
   11706.367     0.750000       205198         4.00
   12066.815     0.775000       211910         4.44
   12460.031     0.800000       218719         5.00
   12877.823     0.825000       225673         5.71
   13295.615     0.850000       232415         6.67
   13836.287     0.875000       239296         8.00
   14155.775     0.887500       242702         8.89
   14467.071     0.900000       246055        10.00
   14761.983     0.912500       249472        11.43
   15130.623     0.925000       252918        13.33
   15556.607     0.937500       256318        16.00
   15810.559     0.943750       258051        17.78
   16072.703     0.950000       259716        20.00
   16302.079     0.956250       261432        22.86
   16556.031     0.962500       263165        26.67
   16891.903     0.968750       264899        32.00
   17055.743     0.971875       265747        35.56
   17219.583     0.975000       266554        40.00
   17416.191     0.978125       267449        45.71
   17596.415     0.981250       268275        53.33
   17809.407     0.984375       269126        64.00
   17924.095     0.985938       269565        71.11
   18022.399     0.987500       269992        80.00
   18137.087     0.989062       270439        91.43
   18284.543     0.990625       270827       106.67
   18481.151     0.992188       271288       128.00
   18579.455     0.992969       271488       142.22
   18694.143     0.993750       271685       160.00
   18825.215     0.994531       271898       182.86
   18972.671     0.995313       272119       213.33
   19136.511     0.996094       272321       256.00
   19202.047     0.996484       272434       284.44
   19349.503     0.996875       272536       320.00
   19480.575     0.997266       272654       365.71
   19546.111     0.997656       272745       426.67
   19660.799     0.998047       272869       512.00
   19709.951     0.998242       272921       568.89
   19759.103     0.998437       272966       640.00
   19824.639     0.998633       273023       731.43
   19890.175     0.998828       273068       853.33
   19955.711     0.999023       273120      1024.00
   19988.479     0.999121       273147      1137.78
   20037.631     0.999219       273180      1280.00
   20070.399     0.999316       273201      1462.86
   20119.551     0.999414       273225      1706.67
   20185.087     0.999512       273254      2048.00
   20217.855     0.999561       273268      2275.56
   20250.623     0.999609       273281      2560.00
   20283.391     0.999658       273296      2925.71
   20316.159     0.999707       273309      3413.33
   20348.927     0.999756       273319      4096.00
   20365.311     0.999780       273331      4551.11
   20365.311     0.999805       273331      5120.00
   20398.079     0.999829       273340      5851.43
   20414.463     0.999854       273344      6826.67
   20447.231     0.999878       273354      8192.00
   20447.231     0.999890       273354      9102.22
   20512.767     0.999902       273358     10240.00
   20594.687     0.999915       273361     11702.86
   20676.607     0.999927       273364     13653.33
   20774.911     0.999939       273368     16384.00
   20791.295     0.999945       273369     18204.44
   20840.447     0.999951       273371     20480.00
   20873.215     0.999957       273373     23405.71
   20889.599     0.999963       273374     27306.67
   20938.751     0.999969       273376     32768.00
   20955.135     0.999973       273377     36408.89
   20987.903     0.999976       273378     40960.00
   21020.671     0.999979       273379     46811.43
   21020.671     0.999982       273379     54613.33
   21037.055     0.999985       273380     65536.00
   21053.439     0.999986       273381     72817.78
   21053.439     0.999988       273381     81920.00
   21086.207     0.999989       273382     93622.86
   21086.207     0.999991       273382    109226.67
   21086.207     0.999992       273382    131072.00
   21118.975     0.999993       273383    145635.56
   21118.975     0.999994       273383    163840.00
   21118.975     0.999995       273383    187245.71
   21118.975     0.999995       273383    218453.33
   21118.975     0.999996       273383    262144.00
   21135.359     0.999997       273384    291271.11
   21135.359     1.000000       273384          inf
#[Mean    =     8562.687, StdDeviation   =     4443.883]
#[Max     =    21118.976, Total count    =       273384]
#[Buckets =           27, SubBuckets     =         2048]
----------------------------------------------------------
  406806 requests in 30.00s, 5.39GB read
  Socket errors: connect 0, read 9, write 0, timeout 0
Requests/sec:  13559.11
Transfer/sec:    183.81MB
WRKX_RESULT {"durationUs":30002407,"requests":406806,"responses":406806,"errors":9,"bytes":5782759849,"latencyAvgUs":8562686.824,"latencyP95Us":16072703.000,"latencyP99Us":18219007.000}
