Running 30s test @ http://localhost:9991/postgres/orders
  16 threads and 256 connections
  Thread calibration: mean lat.: 50.818ms, rate sampling interval: 356ms
  Thread calibration: mean lat.: 15.920ms, rate sampling interval: 22ms
  Thread calibration: mean lat.: 16.625ms, rate sampling interval: 24ms
  Thread calibration: mean lat.: 16.925ms, rate sampling interval: 23ms
  Thread calibration: mean lat.: 16.582ms, rate sampling interval: 21ms
  Thread calibration: mean lat.: 28.287ms, rate sampling interval: 122ms
  Thread calibration: mean lat.: 16.268ms, rate sampling interval: 19ms
  Thread calibration: mean lat.: 16.670ms, rate sampling interval: 22ms
  Thread calibration: mean lat.: 21.153ms, rate sampling interval: 25ms
  Thread calibration: mean lat.: 16.342ms, rate sampling interval: 23ms
  Thread calibration: mean lat.: 16.737ms, rate sampling interval: 23ms
  Thread calibration: mean lat.: 28.156ms, rate sampling interval: 114ms
  Thread calibration: mean lat.: 16.742ms, rate sampling interval: 23ms
  Thread calibration: mean lat.: 27.922ms, rate sampling interval: 115ms
  Thread calibration: mean lat.: 16.629ms, rate sampling interval: 21ms
  Thread calibration: mean lat.: 39.771ms, rate sampling interval: 209ms
  Thread Stats   Avg      Stdev     Max   +/- Stdev
    Latency    40.93ms  127.67ms   1.02s    93.69%
    Req/Sec   635.76     73.67     2.00k    78.06%
  Latency Distribution (HdrHistogram - Recorded Latency)
 50.000%    3.82ms
 75.000%    7.56ms
 90.000%   79.61ms
 99.000%  701.95ms
 99.900%  832.00ms
 99.990%  939.01ms
 99.999%    1.01s 
100.000%    1.02s 

  Detailed Percentile spectrum:
       Value   Percentile   TotalCount 1/(1-Percentile)

       0.817     0.000000            1         1.00
       1.926     0.100000        19875         1.11
       2.335     0.200000        39727         1.25
       2.739     0.300000        59526         1.43
       3.203     0.400000        79331         1.67
       3.821     0.500000        99127         2.00
       4.243     0.550000       109112         2.22
       4.759     0.600000       118998         2.50
       5.419     0.650000       128890         2.86
       6.311     0.700000       138777         3.33
       7.559     0.750000       148697         4.00
       8.495     0.775000       153646         4.44
       9.975     0.800000       158606         5.00
      13.823     0.825000       163558         5.71
      23.631     0.850000       168514         6.67
      39.231     0.875000       173470         8.00
      54.239     0.887500       175946         8.89
      79.615     0.900000       178422        10.00
     109.119     0.912500       180902        11.43
     134.911     0.925000       183388        13.33
     170.879     0.937500       185859        16.00
     208.383     0.943750       187094        17.78
     269.055     0.950000       188333        20.00
     332.543     0.956250       189576        22.86
     405.247     0.962500       190813        26.67
     504.319     0.968750       192050        32.00
     551.423     0.971875       192675        35.56
     577.023     0.975000       193303        40.00
     609.279     0.978125       193914        45.71
     651.263     0.981250       194530        53.33
     679.935     0.984375       195149        64.00
     690.687     0.985938       195484        71.11
     696.319     0.987500       195773        80.00
     700.415     0.989062       196125        91.43
     703.487     0.990625       196432       106.67
     708.607     0.992188       196710       128.00
     714.751     0.992969       196854       142.22
     722.943     0.993750       197006       160.00
     730.623     0.994531       197161       182.86
     738.815     0.995313       197316       213.33
     749.055     0.996094       197476       256.00
     754.175     0.996484       197551       284.44
     758.271     0.996875       197627       320.00
     762.879     0.997266       197708       365.71
     767.999     0.997656       197781       426.67
     782.847     0.998047       197860       512.00
     792.575     0.998242       197898       568.89
     801.791     0.998437       197937       640.00
     812.031     0.998633       197975       731.43
     821.247     0.998828       198014       853.33
     835.071     0.999023       198054      1024.00
     840.703     0.999121       198071      1137.78
     846.847     0.999219       198091      1280.00
     852.991     0.999316       198110      1462.86
     857.087     0.999414       198131      1706.67
     864.255     0.999512       198149      2048.00
     865.791     0.999561       198158      2275.56
     869.887     0.999609       198169      2560.00
     873.983     0.999658       198179      2925.71
     880.127     0.999707       198187      3413.33
     894.463     0.999756       198197      4096.00
     902.143     0.999780       198202      4551.11
     911.359     0.999805       198207      5120.00
     919.039     0.999829       198212      5851.43
     926.207     0.999854       198216      6826.67
     932.863     0.999878       198221      8192.00
     937.983     0.999890       198224      9102.22
     943.103     0.999902       198227     10240.00
     946.687     0.999915       198229     11702.86
     951.807     0.999927       198231     13653.33
     957.951     0.999939       198233     16384.00
     966.655     0.999945       198235     18204.44
     969.727     0.999951       198236     20480.00
     976.895     0.999957       198237     23405.71
     983.039     0.999963       198238     27306.67
     989.183     0.999969       198239     32768.00
     993.279     0.999973       198240     36408.89
     999.423     0.999976       198241     40960.00
     999.423     0.999979       198241     46811.43
    1000.959     0.999982       198242     54613.33
    1000.959     0.999985       198242     65536.00
    1007.103     0.999986       198243     72817.78
    1007.103     0.999988       198243     81920.00
    1007.103     0.999989       198243     93622.86
    1010.687     0.999991       198244    109226.67
    1010.687     0.999992       198244    131072.00
    1010.687     0.999993       198244    145635.56
    1010.687     0.999994       198244    163840.00
    1010.687     0.999995       198244    187245.71
    1017.343     0.999995       198245    218453.33
    1017.343     1.000000       198245          inf
#[Mean    =       40.925, StdDeviation   =      127.666]
#[Max     =     1016.832, Total count    =       198245]
#[Buckets =           27, SubBuckets     =         2048]
----------------------------------------------------------
  298225 requests in 30.00s, 3.95GB read
  Socket errors: connect 0, read 168, write 0, timeout 0
Requests/sec:   9939.58
Transfer/sec:    134.75MB
WRKX_RESULT {"durationUs":30003776,"requests":298225,"responses":298225,"errors":168,"bytes":4239273923,"latencyAvgUs":40925.137,"latencyP95Us":269055.000,"latencyP99Us":701951.000}
