Running 30s test @ http://localhost:9991/postgres/orders
  16 threads and 256 connections
  Thread calibration: mean lat.: 2.406ms, rate sampling interval: 10ms
  Thread calibration: mean lat.: 2.416ms, rate sampling interval: 10ms
  Thread calibration: mean lat.: 2.463ms, rate sampling interval: 10ms
  Thread calibration: mean lat.: 2.401ms, rate sampling interval: 10ms
  Thread calibration: mean lat.: 2.523ms, rate sampling interval: 10ms
  Thread calibration: mean lat.: 2.307ms, rate sampling interval: 10ms
  Thread calibration: mean lat.: 2.441ms, rate sampling interval: 10ms
  Thread calibration: mean lat.: 2.522ms, rate sampling interval: 10ms
  Thread calibration: mean lat.: 2.306ms, rate sampling interval: 10ms
  Thread calibration: mean lat.: 2.723ms, rate sampling interval: 10ms
  Thread calibration: mean lat.: 2.479ms, rate sampling interval: 10ms
  Thread calibration: mean lat.: 2.944ms, rate sampling interval: 11ms
  Thread calibration: mean lat.: 2.523ms, rate sampling interval: 10ms
  Thread calibration: mean lat.: 2.411ms, rate sampling interval: 10ms
  Thread calibration: mean lat.: 2.306ms, rate sampling interval: 10ms
  Thread calibration: mean lat.: 2.410ms, rate sampling interval: 10ms
  Thread Stats   Avg      Stdev     Max   +/- Stdev
    Latency     2.23ms    0.96ms  12.42ms   83.91%
    Req/Sec   164.07    114.21   666.00     66.01%
  Latency Distribution (HdrHistogram - Recorded Latency)
 50.000%    2.03ms
 75.000%    2.49ms
 90.000%    3.17ms
 99.000%    6.30ms
 99.900%    8.53ms
 99.990%   10.09ms
 99.999%   12.42ms
100.000%   12.42ms

  Detailed Percentile spectrum:
       Value   Percentile   TotalCount 1/(1-Percentile)

       0.768     0.000000            1         1.00
       1.368     0.100000         4982         1.11
       1.574     0.200000         9960         1.25
       1.741     0.300000        14942         1.43
       1.892     0.400000        19948         1.67
       2.034     0.500000        24911         2.00
       2.111     0.550000        27436         2.22
       2.189     0.600000        29927         2.50
       2.275     0.650000        32377         2.86
       2.375     0.700000        34893         3.33
       2.495     0.750000        37382         4.00
       2.559     0.775000        38618         4.44
       2.641     0.800000        39845         5.00
       2.729     0.825000        41081         5.71
       2.839     0.850000        42341         6.67
       2.977     0.875000        43593         8.00
       3.061     0.887500        44205         8.89
       3.171     0.900000        44830        10.00
       3.305     0.912500        45442        11.43
       3.471     0.925000        46066        13.33
       3.697     0.937500        46685        16.00
       3.839     0.943750        46996        17.78
       4.009     0.950000        47307        20.00
       4.219     0.956250        47623        22.86
       4.467     0.962500        47928        26.67
       4.719     0.968750        48241        32.00
       4.927     0.971875        48401        35.56
       5.095     0.975000        48551        40.00
       5.295     0.978125        48710        45.71
       5.471     0.981250        48864        53.33
       5.719     0.984375        49019        64.00
       5.883     0.985938        49098        71.11
       6.019     0.987500        49174        80.00
       6.207     0.989062        49251        91.43
       6.367     0.990625        49329       106.67
       6.591     0.992188        49406       128.00
       6.691     0.992969        49445       142.22
       6.819     0.993750        49484       160.00
       6.991     0.994531        49523       182.86
       7.151     0.995313        49562       213.33
       7.371     0.996094        49601       256.00
       7.471     0.996484        49621       284.44
       7.607     0.996875        49640       320.00
       7.735     0.997266        49661       365.71
       7.911     0.997656        49679       426.67
       8.047     0.998047        49698       512.00
       8.115     0.998242        49708       568.89
       8.187     0.998437        49718       640.00
       8.295     0.998633        49727       731.43
       8.423     0.998828        49738       853.33
       8.551     0.999023        49747      1024.00
       8.647     0.999121        49752      1137.78
       8.679     0.999219        49757      1280.00
       8.743     0.999316        49761      1462.86
       8.879     0.999414        49766      1706.67
       9.023     0.999512        49771      2048.00
       9.167     0.999561        49774      2275.56
       9.255     0.999609        49776      2560.00
       9.271     0.999658        49778      2925.71
       9.375     0.999707        49781      3413.33
       9.503     0.999756        49783      4096.00
       9.631     0.999780        49785      4551.11
       9.663     0.999805        49786      5120.00
       9.791     0.999829        49787      5851.43
       9.887     0.999854        49788      6826.67
      10.031     0.999878        49789      8192.00
      10.087     0.999890        49790      9102.22
      10.255     0.999902        49791     10240.00
      10.255     0.999915        49791     11702.86
      10.831     0.999927        49792     13653.33
      10.831     0.999939        49792     16384.00
      10.951     0.999945        49793     18204.44
      10.951     0.999951        49793     20480.00
      10.951     0.999957        49793     23405.71
      11.479     0.999963        49794     27306.67
      11.479     0.999969        49794     32768.00
      11.479     0.999973        49794     36408.89
      11.479     0.999976        49794     40960.00
      11.479     0.999979        49794     46811.43
      12.423     0.999982        49795     54613.33
      12.423     1.000000        49795          inf
#[Mean    =        2.231, StdDeviation   =        0.964]
#[Max     =       12.416, Total count    =        49795]
#[Buckets =           27, SubBuckets     =         2048]
----------------------------------------------------------
  75024 requests in 30.01s, 0.99GB read
  Socket errors: connect 0, read 54, write 0, timeout 0
Requests/sec:   2500.27
Transfer/sec:     33.89MB
WRKX_RESULT {"durationUs":30006324,"requests":75024,"responses":75024,"errors":54,"bytes":1066466160,"latencyAvgUs":2231.316,"latencyP95Us":4009.000,"latencyP99Us":6295.000}
