Running 30s test @ http://localhost:9991/postgres/orders
  16 threads and 256 connections
  Thread calibration: mean lat.: 2931.839ms, rate sampling interval: 11419ms
  Thread calibration: mean lat.: 2882.912ms, rate sampling interval: 10952ms
  Thread calibration: mean lat.: 3115.785ms, rate sampling interval: 11771ms
  Thread calibration: mean lat.: 3223.425ms, rate sampling interval: 12115ms
  Thread calibration: mean lat.: 3102.314ms, rate sampling interval: 12287ms
  Thread calibration: mean lat.: 3250.644ms, rate sampling interval: 12460ms
  Thread calibration: mean lat.: 2436.408ms, rate sampling interval: 10788ms
  Thread calibration: mean lat.: 2534.573ms, rate sampling interval: 10715ms
  Thread calibration: mean lat.: 2818.018ms, rate sampling interval: 10805ms
  Thread calibration: mean lat.: 2570.484ms, rate sampling interval: 10772ms
  Thread calibration: mean lat.: 3141.204ms, rate sampling interval: 11993ms
  Thread calibration: mean lat.: 3166.123ms, rate sampling interval: 11624ms
  Thread calibration: mean lat.: 2784.670ms, rate sampling interval: 11190ms
  Thread calibration: mean lat.: 3178.473ms, rate sampling interval: 11247ms
  Thread calibration: mean lat.: 2779.394ms, rate sampling interval: 11845ms
  Thread calibration: mean lat.: 2839.435ms, rate sampling interval: 11345ms
  Thread Stats   Avg      Stdev     Max   +/- Stdev
    Latency    12.21s     4.76s   23.99s    68.71%
    Req/Sec     0.87k   107.15     1.11k    75.00%
  Latency Distribution (HdrHistogram - Recorded Latency)
 50.000%   12.33s 
 75.000%   15.65s 
 90.000%   18.43s 
 99.000%   21.92s 
 99.900%   23.15s 
 99.990%   23.71s 
 99.999%   23.92s 
100.000%   24.00s 

  Detailed Percentile spectrum:
       Value   Percentile   TotalCount 1/(1-Percentile)

       1.339     0.000000            1         1.00
    6627.327     0.100000        27745         1.11
    8175.615     0.200000        55515         1.25
    9445.375     0.300000        83152         1.43
   10887.167     0.400000       110910         1.67
   12328.959     0.500000       138607         2.00
   13025.279     0.550000       152662         2.22
   13688.831     0.600000       166454         2.50
   14327.807     0.650000       180231         2.86
   14958.591     0.700000       194247         3.33
   15654.911     0.750000       207909         4.00
   16023.551     0.775000       214845         4.44
   16449.535     0.800000       221858         5.00
   16908.287     0.825000       228798         5.71
   17367.039     0.850000       235606         6.67
   17907.711     0.875000       242655         8.00
   18153.471     0.887500       246046         8.89
   18431.999     0.900000       249611        10.00
   18726.911     0.912500       253020        11.43
   19054.591     0.925000       256410        13.33
   19447.807     0.937500       259941        16.00
   19660.799     0.943750       261594        17.78
   19890.175     0.950000       263314        20.00
   20119.551     0.956250       265105        22.86
   20365.311     0.962500       266883        26.67
   20627.455     0.968750       268537        32.00
   20758.527     0.971875       269396        35.56
   20922.367     0.975000       270265        40.00
   21102.591     0.978125       271129        45.71
   21299.199     0.981250       272023        53.33
   21512.191     0.984375       272903        64.00
   21594.111     0.985938       273306        71.11
   21708.799     0.987500       273731        80.00
   21839.871     0.989062       274189        91.43
   21987.327     0.990625       274604       106.67
   22134.783     0.992188       275033       128.00
   22200.319     0.992969       275234       142.22
   22282.239     0.993750       275497       160.00
   22347.775     0.994531       275689       182.86
   22429.695     0.995313       275895       213.33
   22527.999     0.996094       276111       256.00
   22577.151     0.996484       276209       284.44
   22642.687     0.996875       276314       320.00
   22708.223     0.997266       276413       365.71
   22790.143     0.997656       276528       426.67
   22872.063     0.998047       276643       512.00
   22904.831     0.998242       276686       568.89
   22970.367     0.998437       276750       640.00
   23019.519     0.998633       276793       731.43
   23085.055     0.998828       276846       853.33
   23166.975     0.999023       276907      1024.00
   23199.743     0.999121       276931      1137.78
   23232.511     0.999219       276956      1280.00
   23281.663     0.999316       276986      1462.86
   23330.815     0.999414       277010      1706.67
   23379.967     0.999512       277037      2048.00
   23412.735     0.999561       277050      2275.56
   23445.503     0.999609       277064      2560.00
   23478.271     0.999658       277078      2925.71
   23511.039     0.999707       277090      3413.33
   23560.191     0.999756       277107      4096.00
   23576.575     0.999780       277114      4551.11
   23592.959     0.999805       277118      5120.00
   23609.343     0.999829       277124      5851.43
   23642.111     0.999854       277130      6826.67
   23674.879     0.999878       277137      8192.00
   23691.263     0.999890       277140      9102.22
   23707.647     0.999902       277143     10240.00
   23740.415     0.999915       277147     11702.86
   23773.183     0.999927       277152     13653.33
   23789.567     0.999939       277154     16384.00
   23805.951     0.999945       277156     18204.44
   23822.335     0.999951       277158     20480.00
   23838.719     0.999957       277159     23405.71
   23855.103     0.999963       277160     27306.67
   23871.487     0.999969       277162     32768.00
   23887.871     0.999973       277164     36408.89
   23887.871     0.999976       277164     40960.00
   23904.255     0.999979       277165     46811.43
   23904.255     0.999982       277165     54613.33
   23920.639     0.999985       277167     65536.00
   23920.639     0.999986       277167     72817.78
   23920.639     0.999988       277167     81920.00
   23953.407     0.999989       277168     93622.86
   23953.407     0.999991       277168    109226.67
   23953.407     0.999992       277168    131072.00
   23969.791     0.999993       277169    145635.56
   23969.791     0.999994       277169    163840.00
   23969.791     0.999995       277169    187245.71
   23969.791     0.999995       277169    218453.33
   23969.791     0.999996       277169    262144.00
   24002.559     0.999997       277170    291271.11
   24002.559     1.000000       277170          inf
#[Mean    =    12213.178, StdDeviation   =     4764.238]
#[Max     =    23986.176, Total count    =       277170]
#[Buckets =           27, SubBuckets     =         2048]
----------------------------------------------------------
  417660 requests in 30.00s, 5.53GB read
  Socket errors: connect 0, read 10, write 0, timeout 0
Requests/sec:  13920.92
Transfer/sec:    188.72MB
WRKX_RESULT {"durationUs":30002335,"requests":417660,"responses":417660,"errors":10,"bytes":5937048946,"latencyAvgUs":12213177.934,"latencyP95Us":19890175.000,"latencyP99Us":21921791.000}
