Running 30s test @ http://localhost:9991/postgres/orders
  16 threads and 256 connections
  Thread calibration: mean lat.: 2591.850ms, rate sampling interval: 11304ms
  Thread calibration: mean lat.: 2847.779ms, rate sampling interval: 10887ms
  Thread calibration: mean lat.: 2875.889ms, rate sampling interval: 11059ms
  Thread calibration: mean lat.: 2090.531ms, rate sampling interval: 11018ms
  Thread calibration: mean lat.: 2390.317ms, rate sampling interval: 10698ms
  Thread calibration: mean lat.: 2953.202ms, rate sampling interval: 10952ms
  Thread calibration: mean lat.: 2274.052ms, rate sampling interval: 10592ms
  Thread calibration: mean lat.: 2387.723ms, rate sampling interval: 10076ms
  Thread calibration: mean lat.: 2274.966ms, rate sampling interval: 10518ms
  Thread calibration: mean lat.: 2822.371ms, rate sampling interval: 11223ms
  Thread calibration: mean lat.: 2740.277ms, rate sampling interval: 10412ms
  Thread calibration: mean lat.: 3034.221ms, rate sampling interval: 11862ms
  Thread calibration: mean lat.: 2882.595ms, rate sampling interval: 11182ms
  Thread calibration: mean lat.: 2024.989ms, rate sampling interval: 9355ms
  Thread calibration: mean lat.: 2941.893ms, rate sampling interval: 10952ms
  Thread calibration: mean lat.: 3113.725ms, rate sampling interval: 12083ms
  Thread Stats   Avg      Stdev     Max   +/- Stdev
    Latency    10.78s     4.50s   22.63s    66.76%
    Req/Sec     0.86k   100.62     1.06k    70.59%
  Latency Distribution (HdrHistogram - Recorded Latency)
 50.000%   10.79s 
 75.000%   14.06s 
 90.000%   16.77s 
 99.000%   20.09s 
 99.900%   21.36s 
 99.990%   21.86s 
 99.999%   22.51s 
100.000%   22.64s 

  Detailed Percentile spectrum:
       Value   Percentile   TotalCount 1/(1-Percentile)

       1.351     0.000000            1         1.00
    5144.575     0.100000        27730         1.11
    6959.103     0.200000        55473         1.25
    8368.127     0.300000        83209         1.43
    9625.599     0.400000       110987         1.67
   10788.863     0.500000       138582         2.00
   11378.687     0.550000       152592         2.22
   11993.087     0.600000       166445         2.50
   12615.679     0.650000       180151         2.86
   13303.807     0.700000       194129         3.33
   14057.471     0.750000       207988         4.00
   14467.071     0.775000       214919         4.44
   14884.863     0.800000       221807         5.00
   15327.231     0.825000       228756         5.71
   15777.791     0.850000       235632         6.67
   16244.735     0.875000       242612         8.00
   16498.687     0.887500       246039         8.89
   16769.023     0.900000       249440        10.00
   17055.743     0.912500       253089        11.43
   17334.271     0.925000       256426        13.33
   17580.031     0.937500       259866        16.00
   17743.871     0.943750       261707        17.78
   17956.863     0.950000       263384        20.00
   18137.087     0.956250       265033        22.86
   18382.847     0.962500       266813        26.67
   18661.375     0.968750       268557        32.00
   18792.447     0.971875       269429        35.56
   18956.287     0.975000       270288        40.00
   19136.511     0.978125       271107        45.71
   19349.503     0.981250       272085        53.33
   19529.727     0.984375       272851        64.00
   19677.183     0.985938       273297        71.11
   19824.639     0.987500       273713        80.00
   19988.479     0.989062       274139        91.43
   20168.703     0.990625       274581       106.67
   20365.311     0.992188       275002       128.00
   20447.231     0.992969       275252       142.22
   20512.767     0.993750       275431       160.00
   20594.687     0.994531       275652       182.86
   20676.607     0.995313       275888       213.33
   20742.143     0.996094       276100       256.00
   20791.295     0.996484       276191       284.44
   20873.215     0.996875       276290       320.00
   20987.903     0.997266       276415       365.71
   21037.055     0.997656       276513       426.67
   21135.359     0.998047       276615       512.00
   21200.895     0.998242       276680       568.89
   21250.047     0.998437       276738       640.00
   21299.199     0.998633       276803       731.43
   21331.967     0.998828       276857       853.33
   21364.735     0.999023       276888      1024.00
   21397.503     0.999121       276913      1137.78
   21430.271     0.999219       276942      1280.00
   21495.807     0.999316       276971      1462.86
   21561.343     0.999414       276997      1706.67
   21626.879     0.999512       277023      2048.00
   21643.263     0.999561       277035      2275.56
   21659.647     0.999609       277051      2560.00
   21676.031     0.999658       277069      2925.71
   21692.415     0.999707       277080      3413.33
   21741.567     0.999756       277088      4096.00
   21774.335     0.999780       277095      4551.11
   21790.719     0.999805       277103      5120.00
   21807.103     0.999829       277109      5851.43
   21823.487     0.999854       277117      6826.67
   21839.871     0.999878       277125      8192.00
   21839.871     0.999890       277125      9102.22
   21856.255     0.999902       277130     10240.00
   21889.023     0.999915       277132     11702.86
   21938.175     0.999927       277135     13653.33
   22020.095     0.999939       277140     16384.00
   22020.095     0.999945       277140     18204.44
   22069.247     0.999951       277142     20480.00
   22118.399     0.999957       277144     23405.71
   22151.167     0.999963       277145     27306.67
   22216.703     0.999969       277147     32768.00
   22282.239     0.999973       277148     36408.89
   22331.391     0.999976       277149     40960.00
   22380.543     0.999979       277150     46811.43
   22380.543     0.999982       277150     54613.33
   22446.079     0.999985       277151     65536.00
   22511.615     0.999986       277152     72817.78
   22511.615     0.999988       277152     81920.00
   22560.767     0.999989       277153     93622.86
   22560.767     0.999991       277153    109226.67
   22560.767     0.999992       277153    131072.00
   22609.919     0.999993       277154    145635.56
   22609.919     0.999994       277154    163840.00
   22609.919     0.999995       277154    187245.71
   22609.919     0.999995       277154    218453.33
   22609.919     0.999996       277154    262144.00
   22642.687     0.999997       277155    291271.11
   22642.687     1.000000       277155          inf
#[Mean    =    10777.578, StdDeviation   =     4501.036]
#[Max     =    22626.304, Total count    =       277155]
#[Buckets =           27, SubBuckets     =         2048]
----------------------------------------------------------
  398197 requests in 30.00s, 5.27GB read
  Socket errors: connect 0, read 11, write 0, timeout 0
Requests/sec:  13272.85
Transfer/sec:    179.93MB
WRKX_RESULT {"durationUs":30000875,"requests":398197,"responses":398197,"errors":11,"bytes":5660384339,"latencyAvgUs":10777577.636,"latencyP95Us":17956863.000,"latencyP99Us":20086783.000}
