Running 30s test @ http://localhost:9991/postgres/orders
  16 threads and 256 connections
  Thread calibration: mean lat.: 4833.449ms, rate sampling interval: 17121ms
  Thread calibration: mean lat.: 4712.435ms, rate sampling interval: 17186ms
  Thread calibration: mean lat.: 4969.660ms, rate sampling interval: 16908ms
  Thread calibration: mean lat.: 4465.675ms, rate sampling interval: 16719ms
  Thread calibration: mean lat.: 4668.716ms, rate sampling interval: 16973ms
  Thread calibration: mean lat.: 4478.239ms, rate sampling interval: 16744ms
  Thread calibration: mean lat.: 4590.994ms, rate sampling interval: 17088ms
  Thread calibration: mean lat.: 4341.958ms, rate sampling interval: 16031ms
  Thread calibration: mean lat.: 4568.503ms, rate sampling interval: 16629ms
  Thread calibration: mean lat.: 4908.336ms, rate sampling interval: 15974ms
  Thread calibration: mean lat.: 4263.288ms, rate sampling interval: 16318ms
  Thread calibration: mean lat.: 4656.880ms, rate sampling interval: 16351ms
  Thread calibration: mean lat.: 4515.741ms, rate sampling interval: 16670ms
  Thread calibration: mean lat.: 4640.861ms, rate sampling interval: 16957ms
  Thread calibration: mean lat.: 4411.379ms, rate sampling interval: 16343ms
  Thread calibration: mean lat.: 4686.275ms, rate sampling interval: 16482ms
  Thread Stats   Avg      Stdev     Max   +/- Stdev
    Latency    18.55s     5.38s   28.92s    59.74%
    Req/Sec     0.90k    87.12     1.09k    68.75%
  Latency Distribution (HdrHistogram - Recorded Latency)
 50.000%   18.56s 
 75.000%   23.13s 
 90.000%   26.03s 
 99.000%   27.97s 
 99.900%   28.48s 
 99.990%   28.74s 
 99.999%   28.88s 
100.000%   28.93s 

  Detailed Percentile spectrum:
       Value   Percentile   TotalCount 1/(1-Percentile)

    7258.111     0.000000            1         1.00
   10895.359     0.100000        28660         1.11
   13164.543     0.200000        57245         1.25
   15073.279     0.300000        85843         1.43
   16842.751     0.400000       114615         1.67
   18563.071     0.500000       143270         2.00
   19398.655     0.550000       157540         2.22
   20299.775     0.600000       171657         2.50
   21250.047     0.650000       186150         2.86
   22183.935     0.700000       200271         3.33
   23134.207     0.750000       214585         4.00
   23543.807     0.775000       221820         4.44
   23986.175     0.800000       228876         5.00
   24477.695     0.825000       236136         5.71
   24985.599     0.850000       243204         6.67
   25542.655     0.875000       250468         8.00
   25804.799     0.887500       253891         8.89
   26034.175     0.900000       257587        10.00
   26247.167     0.912500       261074        11.43
   26492.927     0.925000       264608        13.33
   26755.071     0.937500       268286        16.00
   26886.143     0.943750       270088        17.78
   27017.215     0.950000       271864        20.00
   27148.287     0.956250       273609        22.86
   27279.359     0.962500       275406        26.67
   27426.815     0.968750       277301        32.00
   27475.967     0.971875       278013        35.56
   27557.887     0.975000       279017        40.00
   27639.807     0.978125       279943        45.71
   27721.727     0.981250       280811        53.33
   27803.647     0.984375       281698        64.00
   27836.415     0.985938       282013        71.11
   27885.567     0.987500       282474        80.00
   27934.719     0.989062       282916        91.43
   28000.255     0.990625       283461       106.67
   28049.407     0.992188       283846       128.00
   28082.175     0.992969       284068       142.22
   28098.559     0.993750       284273       160.00
   28131.327     0.994531       284508       182.86
   28164.095     0.995313       284692       213.33
   28213.247     0.996094       284945       256.00
   28246.015     0.996484       285079       284.44
   28262.399     0.996875       285143       320.00
   28295.167     0.997266       285267       365.71
   28327.935     0.997656       285382       426.67
   28360.703     0.998047       285486       512.00
   28377.087     0.998242       285532       568.89
   28393.471     0.998437       285585       640.00
   28426.239     0.998633       285654       731.43
   28442.623     0.998828       285695       853.33
   28475.391     0.999023       285762      1024.00
   28491.775     0.999121       285792      1137.78
   28508.159     0.999219       285822      1280.00
   28524.543     0.999316       285849      1462.86
   28540.927     0.999414       285872      1706.67
   28557.311     0.999512       285888      2048.00
   28573.695     0.999561       285905      2275.56
   28590.079     0.999609       285917      2560.00
   28606.463     0.999658       285930      2925.71
   28622.847     0.999707       285946      3413.33
   28639.231     0.999756       285957      4096.00
   28655.615     0.999780       285971      4551.11
   28655.615     0.999805       285971      5120.00
   28671.999     0.999829       285976      5851.43
   28704.767     0.999854       285988      6826.67
   28721.151     0.999878       285993      8192.00
   28721.151     0.999890       285993      9102.22
   28737.535     0.999902       285998     10240.00
   28753.919     0.999915       286003     11702.86
   28770.303     0.999927       286007     13653.33
   28770.303     0.999939       286007     16384.00
   28786.687     0.999945       286011     18204.44
   28786.687     0.999951       286011     20480.00
   28803.071     0.999957       286012     23405.71
   28819.455     0.999963       286015     27306.67
   28835.839     0.999969       286016     32768.00
   28852.223     0.999973       286018     36408.89
   28852.223     0.999976       286018     40960.00
   28852.223     0.999979       286018     46811.43
   28868.607     0.999982       286020     54613.33
   28868.607     0.999985       286020     65536.00
   28884.991     0.999986       286022     72817.78
   28884.991     0.999988       286022     81920.00
   28884.991     0.999989       286022     93622.86
   28884.991     0.999991       286022    109226.67
   28884.991     0.999992       286022    131072.00
   28917.759     0.999993       286023    145635.56
   28917.759     0.999994       286023    163840.00
   28917.759     0.999995       286023    187245.71
   28917.759     0.999995       286023    218453.33
   28917.759     0.999996       286023    262144.00
   28934.143     0.999997       286024    291271.11
   28934.143     1.000000       286024          inf
#[Mean    =    18548.890, StdDeviation   =     5384.532]
#[Max     =    28917.760, Total count    =       286024]
#[Buckets =           27, SubBuckets     =         2048]
----------------------------------------------------------
  416191 requests in 30.00s, 5.51GB read
  Socket errors: connect 0, read 10, write 0, timeout 0
Requests/sec:  13872.08
Transfer/sec:    188.06MB
WRKX_RESULT {"durationUs":30002062,"requests":416191,"responses":416191,"errors":10,"bytes":5916170341,"latencyAvgUs":18548889.959,"latencyP95Us":27017215.000,"latencyP99Us":27967487.000}
