Running 30s test @ http://localhost:9991/postgres/orders
  16 threads and 256 connections
  Thread calibration: mean lat.: 4429.708ms, rate sampling interval: 16089ms
  Thread calibration: mean lat.: 4315.903ms, rate sampling interval: 16121ms
  Thread calibration: mean lat.: 4919.120ms, rate sampling interval: 16302ms
  Thread calibration: mean lat.: 4317.265ms, rate sampling interval: 16334ms
  Thread calibration: mean lat.: 4781.159ms, rate sampling interval: 16703ms
  Thread calibration: mean lat.: 4326.646ms, rate sampling interval: 16400ms
  Thread calibration: mean lat.: 4585.620ms, rate sampling interval: 16269ms
  Thread calibration: mean lat.: 3846.052ms, rate sampling interval: 15319ms
  Thread calibration: mean lat.: 4479.707ms, rate sampling interval: 16474ms
  Thread calibration: mean lat.: 4484.925ms, rate sampling interval: 16228ms
  Thread calibration: mean lat.: 4977.152ms, rate sampling interval: 16588ms
  Thread calibration: mean lat.: 4585.268ms, rate sampling interval: 16302ms
  Thread calibration: mean lat.: 4364.153ms, rate sampling interval: 16343ms
  Thread calibration: mean lat.: 4557.862ms, rate sampling interval: 16154ms
  Thread calibration: mean lat.: 4833.253ms, rate sampling interval: 16039ms
  Thread calibration: mean lat.: 4377.524ms, rate sampling interval: 16211ms
  Thread Stats   Avg      Stdev     Max   +/- Stdev
    Latency    17.98s     5.33s   28.66s    57.64%
    Req/Sec   848.69     87.21     0.99k    68.75%
  Latency Distribution (HdrHistogram - Recorded Latency)
 50.000%   17.83s 
 75.000%   22.63s 
 90.000%   25.38s 
 99.000%   27.34s 
 99.900%   28.07s 
 99.990%   28.44s 
 99.999%   28.61s 
100.000%   28.67s 

  Detailed Percentile spectrum:
       Value   Percentile   TotalCount 1/(1-Percentile)

    5361.663     0.000000            1         1.00
   10747.903     0.100000        27137         1.11
   12435.455     0.200000        54144         1.25
   14163.967     0.300000        81214         1.43
   16121.855     0.400000       108242         1.67
   17825.791     0.500000       135349         2.00
   18776.063     0.550000       148988         2.22
   19693.567     0.600000       162380         2.50
   20660.223     0.650000       176001         2.86
   21676.031     0.700000       189458         3.33
   22626.303     0.750000       203125         4.00
   23085.055     0.775000       209870         4.44
   23527.423     0.800000       216657         5.00
   24018.943     0.825000       223242         5.71
   24526.847     0.850000       230105         6.67
   24952.831     0.875000       236717         8.00
   25149.439     0.887500       240108         8.89
   25378.815     0.900000       243602        10.00
   25624.575     0.912500       246932        11.43
   25886.719     0.925000       250422        13.33
   26132.479     0.937500       253760        16.00
   26247.167     0.943750       255320        17.78
   26378.239     0.950000       257005        20.00
   26525.695     0.956250       258849        22.86
   26656.767     0.962500       260539        26.67
   26804.223     0.968750       262224        32.00
   26869.759     0.971875       263016        35.56
   26935.295     0.975000       263798        40.00
   27017.215     0.978125       264814        45.71
   27082.751     0.981250       265571        53.33
   27164.671     0.984375       266403        64.00
   27213.823     0.985938       266840        71.11
   27262.975     0.987500       267267        80.00
   27312.127     0.989062       267636        91.43
   27361.279     0.990625       267997       106.67
   27426.815     0.992188       268416       128.00
   27475.967     0.992969       268685       142.22
   27508.735     0.993750       268838       160.00
   27557.887     0.994531       269055       182.86
   27623.423     0.995313       269305       213.33
   27672.575     0.996094       269483       256.00
   27705.343     0.996484       269586       284.44
   27754.495     0.996875       269720       320.00
   27787.263     0.997266       269802       365.71
   27836.415     0.997656       269914       426.67
   27885.567     0.998047       270012       512.00
   27918.335     0.998242       270072       568.89
   27951.103     0.998437       270122       640.00
   27983.871     0.998633       270164       731.43
   28033.023     0.998828       270227       853.33
   28065.791     0.999023       270267      1024.00
   28098.559     0.999121       270310      1137.78
   28114.943     0.999219       270330      1280.00
   28147.711     0.999316       270359      1462.86
   28164.095     0.999414       270374      1706.67
   28196.863     0.999512       270400      2048.00
   28213.247     0.999561       270413      2275.56
   28229.631     0.999609       270423      2560.00
   28262.399     0.999658       270440      2925.71
   28278.783     0.999707       270449      3413.33
   28327.935     0.999756       270468      4096.00
   28344.319     0.999780       270474      4551.11
   28360.703     0.999805       270480      5120.00
   28377.087     0.999829       270484      5851.43
   28393.471     0.999854       270492      6826.67
   28426.239     0.999878       270500      8192.00
   28426.239     0.999890       270500      9102.22
   28442.623     0.999902       270504     10240.00
   28459.007     0.999915       270509     11702.86
   28459.007     0.999927       270509     13653.33
   28475.391     0.999939       270512     16384.00
   28491.775     0.999945       270515     18204.44
   28491.775     0.999951       270515     20480.00
   28524.543     0.999957       270518     23405.71
   28540.927     0.999963       270520     27306.67
   28540.927     0.999969       270520     32768.00
   28557.311     0.999973       270521     36408.89
   28573.695     0.999976       270523     40960.00
   28573.695     0.999979       270523     46811.43
   28590.079     0.999982       270524     54613.33
   28590.079     0.999985       270524     65536.00
   28606.463     0.999986       270526     72817.78
   28606.463     0.999988       270526     81920.00
   28606.463     0.999989       270526     93622.86
   28606.463     0.999991       270526    109226.67
   28606.463     0.999992       270526    131072.00
   28639.231     0.999993       270527    145635.56
   28639.231     0.999994       270527    163840.00
   28639.231     0.999995       270527    187245.71
   28639.231     0.999995       270527    218453.33
   28639.231     0.999996       270527    262144.00
   28671.999     0.999997       270528    291271.11
   28671.999     1.000000       270528          inf
#[Mean    =    17980.168, StdDeviation   =     5326.984]
#[Max     =    28655.616, Total count    =       270528]
#[Buckets =           27, SubBuckets     =         2048]
----------------------------------------------------------
  407723 requests in 30.00s, 5.40GB read
  Socket errors: connect 0, read 13, write 0, timeout 0
Requests/sec:  13590.01
Transfer/sec:    184.23MB
WRKX_RESULT {"durationUs":30001662,"requests":407723,"responses":407723,"errors":13,"bytes":5795797132,"latencyAvgUs":17980167.956,"latencyP95Us":26378239.000,"latencyP99Us":27344895.000}
