Running 30s test @ http://localhost:9991/postgres/orders
  16 threads and 256 connections
  Thread calibration: mean lat.: 3600.277ms, rate sampling interval: 14999ms
  Thread calibration: mean lat.: 4033.581ms, rate sampling interval: 14811ms
  Thread calibration: mean lat.: 4042.730ms, rate sampling interval: 15179ms
  Thread calibration: mean lat.: 3595.489ms, rate sampling interval: 13836ms
  Thread calibration: mean lat.: 4189.686ms, rate sampling interval: 15532ms
  Thread calibration: mean lat.: 4317.094ms, rate sampling interval: 16089ms
  Thread calibration: mean lat.: 3960.451ms, rate sampling interval: 15704ms
  Thread calibration: mean lat.: 4188.932ms, rate sampling interval: 15933ms
  Thread calibration: mean lat.: 3934.305ms, rate sampling interval: 15253ms
  Thread calibration: mean lat.: 4260.883ms, rate sampling interval: 15343ms
  Thread calibration: mean lat.: 4502.344ms, rate sampling interval: 15769ms
  Thread calibration: mean lat.: 4218.406ms, rate sampling interval: 15097ms
  Thread calibration: mean lat.: 4685.386ms, rate sampling interval: 15572ms
  Thread calibration: mean lat.: 4463.183ms, rate sampling interval: 14712ms
  Thread calibration: mean lat.: 4042.238ms, rate sampling interval: 15695ms
  Thread calibration: mean lat.: 4226.900ms, rate sampling interval: 15335ms
  Thread Stats   Avg      Stdev     Max   +/- Stdev
    Latency    17.14s     5.08s   27.84s    59.99%
    Req/Sec     0.86k    55.69     0.97k    68.75%
  Latency Distribution (HdrHistogram - Recorded Latency)
 50.000%   17.09s 
 75.000%   21.41s 
 90.000%   24.10s 
 99.000%   26.43s 
 99.900%   27.41s 
 99.990%   27.69s 
 99.999%   27.80s 
100.000%   27.85s 

  Detailed Percentile spectrum:
       Value   Percentile   TotalCount 1/(1-Percentile)

    3600.383     0.000000            1         1.00
   10117.119     0.100000        27591         1.11
   12058.623     0.200000        55080         1.25
   13918.207     0.300000        82600         1.43
   15589.375     0.400000       110065         1.67
   17088.511     0.500000       137688         2.00
   17989.631     0.550000       151325         2.22
   18841.599     0.600000       165284         2.50
   19677.183     0.650000       178914         2.86
   20529.151     0.700000       192723         3.33
   21413.887     0.750000       206526         4.00
   21774.335     0.775000       213245         4.44
   22233.087     0.800000       220204         5.00
   22577.151     0.825000       226953         5.71
   23068.671     0.850000       234022         6.67
   23576.575     0.875000       240867         8.00
   23822.335     0.887500       244261         8.89
   24100.863     0.900000       247792        10.00
   24363.007     0.912500       251101        11.43
   24641.535     0.925000       254511        13.33
   24920.063     0.937500       258044        16.00
   25051.135     0.943750       259784        17.78
   25198.591     0.950000       261498        20.00
   25329.663     0.956250       263167        22.86
   25493.503     0.962500       264903        26.67
   25657.343     0.968750       266677        32.00
   25706.495     0.971875       267402        35.56
   25788.415     0.975000       268252        40.00
   25903.103     0.978125       269170        45.71
   26017.791     0.981250       269993        53.33
   26148.863     0.984375       270848        64.00
   26214.399     0.985938       271230        71.11
   26296.319     0.987500       271691        80.00
   26378.239     0.989062       272136        91.43
   26460.159     0.990625       272510       106.67
   26574.847     0.992188       272971       128.00
   26623.999     0.992969       273160       142.22
   26689.535     0.993750       273375       160.00
   26771.455     0.994531       273619       182.86
   26836.991     0.995313       273803       213.33
   26918.911     0.996094       274011       256.00
   26984.447     0.996484       274146       284.44
   27033.599     0.996875       274240       320.00
   27099.135     0.997266       274359       365.71
   27164.671     0.997656       274463       426.67
   27230.207     0.998047       274555       512.00
   27262.975     0.998242       274606       568.89
   27295.743     0.998437       274666       640.00
   27328.511     0.998633       274722       731.43
   27361.279     0.998828       274762       853.33
   27410.431     0.999023       274820      1024.00
   27443.199     0.999121       274855      1137.78
   27459.583     0.999219       274875      1280.00
   27492.351     0.999316       274912      1462.86
   27508.735     0.999414       274928      1706.67
   27541.503     0.999512       274961      2048.00
   27557.887     0.999561       274975      2275.56
   27574.271     0.999609       274993      2560.00
   27574.271     0.999658       274993      2925.71
   27590.655     0.999707       275003      3413.33
   27623.423     0.999756       275020      4096.00
   27639.807     0.999780       275028      4551.11
   27656.191     0.999805       275039      5120.00
   27656.191     0.999829       275039      5851.43
   27672.575     0.999854       275046      6826.67
   27688.959     0.999878       275057      8192.00
   27688.959     0.999890       275057      9102.22
   27688.959     0.999902       275057     10240.00
   27705.343     0.999915       275062     11702.86
   27721.727     0.999927       275066     13653.33
   27738.111     0.999939       275073     16384.00
   27738.111     0.999945       275073     18204.44
   27738.111     0.999951       275073     20480.00
   27738.111     0.999957       275073     23405.71
   27738.111     0.999963       275073     27306.67
   27754.495     0.999969       275075     32768.00
   27770.879     0.999973       275077     36408.89
   27770.879     0.999976       275077     40960.00
   27787.263     0.999979       275078     46811.43
   27787.263     0.999982       275078     54613.33
   27803.647     0.999985       275080     65536.00
   27803.647     0.999986       275080     72817.78
   27803.647     0.999988       275080     81920.00
   27820.031     0.999989       275082     93622.86
   27820.031     0.999991       275082    109226.67
   27820.031     0.999992       275082    131072.00
   27820.031     0.999993       275082    145635.56
   27820.031     0.999994       275082    163840.00
   27820.031     0.999995       275082    187245.71
   27820.031     0.999995       275082    218453.33
   27820.031     0.999996       275082    262144.00
   27852.799     0.999997       275083    291271.11
   27852.799     1.000000       275083          inf
#[Mean    =    17144.591, StdDeviation   =     5082.695]
#[Max     =    27836.416, Total count    =       275083]
#[Buckets =           27, SubBuckets     =         2048]
----------------------------------------------------------
  403215 requests in 30.00s, 5.34GB read
  Socket errors: connect 0, read 10, write 0, timeout 0
Requests/sec:  13440.35
Transfer/sec:    182.20MB
WRKX_RESULT {"durationUs":30000342,"requests":403215,"responses":403215,"errors":10,"bytes":5731715513,"latencyAvgUs":17144590.591,"latencyP95Us":25198591.000,"latencyP99Us":26427391.000}
