Running 30s test @ http://localhost:9991/postgres/orders
  16 threads and 256 connections
  Thread calibration: mean lat.: 651.462ms, rate sampling interval: 5890ms
  Thread calibration: mean lat.: 615.280ms, rate sampling interval: 5300ms
  Thread calibration: mean lat.: 282.874ms, rate sampling interval: 1752ms
  Thread calibration: mean lat.: 488.577ms, rate sampling interval: 2795ms
  Thread calibration: mean lat.: 437.256ms, rate sampling interval: 2187ms
  Thread calibration: mean lat.: 287.184ms, rate sampling interval: 1614ms
  Thread calibration: mean lat.: 493.486ms, rate sampling interval: 2926ms
  Thread calibration: mean lat.: 912.372ms, rate sampling interval: 6938ms
  Thread calibration: mean lat.: 256.419ms, rate sampling interval: 1573ms
  Thread calibration: mean lat.: 731.616ms, rate sampling interval: 6684ms
  Thread calibration: mean lat.: 566.647ms, rate sampling interval: 4775ms
  Thread calibration: mean lat.: 536.051ms, rate sampling interval: 4481ms
  Thread calibration: mean lat.: 537.104ms, rate sampling interval: 3938ms
  Thread calibration: mean lat.: 552.464ms, rate sampling interval: 4235ms
  Thread calibration: mean lat.: 447.440ms, rate sampling interval: 2633ms
  Thread calibration: mean lat.: 214.551ms, rate sampling interval: 647ms
  Thread Stats   Avg      Stdev     Max   +/- Stdev
    Latency     2.45s     2.99s   14.51s    82.36%
    Req/Sec   825.40     98.26     1.11k    72.73%
  Latency Distribution (HdrHistogram - Recorded Latency)
 50.000%    1.16s 
 75.000%    3.85s 
 90.000%    7.19s 
 99.000%   11.25s 
 99.900%   13.52s 
 99.990%   14.22s 
 99.999%   14.47s 
100.000%   14.52s 

  Detailed Percentile spectrum:
       Value   Percentile   TotalCount 1/(1-Percentile)

       0.924     0.000000            1         1.00
       6.359     0.100000        26831         1.11
      15.927     0.200000        53661         1.25
     193.023     0.300000        80486         1.43
     557.055     0.400000       107318         1.67
    1163.263     0.500000       134157         2.00
    1484.799     0.550000       147567         2.22
    1986.559     0.600000       160976         2.50
    2543.615     0.650000       174420         2.86
    3090.431     0.700000       187798         3.33
    3852.287     0.750000       201213         4.00
    4276.223     0.775000       207936         4.44
    4923.391     0.800000       214633         5.00
    5480.447     0.825000       221362         5.71
    6086.655     0.850000       228064         6.67
    6688.767     0.875000       234774         8.00
    6950.911     0.887500       238162         8.89
    7188.479     0.900000       241483        10.00
    7618.559     0.912500       244808        11.43
    8110.079     0.925000       248176        13.33
    8568.831     0.937500       251534        16.00
    8781.823     0.943750       253257        17.78
    8978.431     0.950000       254925        20.00
    9199.615     0.956250       256570        22.86
    9502.719     0.962500       258222        26.67
    9764.863     0.968750       259944        32.00
    9871.359     0.971875       260794        35.56
   10027.007     0.975000       261606        40.00
   10174.463     0.978125       262425        45.71
   10371.071     0.981250       263253        53.33
   10616.831     0.984375       264093        64.00
   10756.095     0.985938       264524        71.11
   10928.127     0.987500       264933        80.00
   11116.543     0.989062       265349        91.43
   11321.343     0.990625       265776       106.67
   11501.567     0.992188       266183       128.00
   11616.255     0.992969       266402       142.22
   11730.943     0.993750       266609       160.00
   11878.399     0.994531       266816       182.86
   12001.279     0.995313       267025       213.33
   12255.231     0.996094       267231       256.00
   12419.071     0.996484       267336       284.44
   12623.871     0.996875       267441       320.00
   12804.095     0.997266       267550       365.71
   12910.591     0.997656       267657       426.67
   13058.047     0.998047       267755       512.00
   13156.351     0.998242       267807       568.89
   13287.423     0.998437       267859       640.00
   13393.919     0.998633       267912       731.43
   13451.263     0.998828       267964       853.33
   13541.375     0.999023       268018      1024.00
   13582.335     0.999121       268047      1137.78
   13615.103     0.999219       268072      1280.00
   13664.255     0.999316       268095      1462.86
   13729.791     0.999414       268123      1706.67
   13811.711     0.999512       268151      2048.00
   13836.287     0.999561       268161      2275.56
   13877.247     0.999609       268175      2560.00
   13918.207     0.999658       268189      2925.71
   13959.167     0.999707       268200      3413.33
   14000.127     0.999756       268213      4096.00
   14032.895     0.999780       268221      4551.11
   14049.279     0.999805       268226      5120.00
   14090.239     0.999829       268234      5851.43
   14114.815     0.999854       268239      6826.67
   14180.351     0.999878       268246      8192.00
   14204.927     0.999890       268249      9102.22
   14237.695     0.999902       268252     10240.00
   14278.655     0.999915       268256     11702.86
   14311.423     0.999927       268259     13653.33
   14344.191     0.999939       268262     16384.00
   14360.575     0.999945       268264     18204.44
   14376.959     0.999951       268266     20480.00
   14385.151     0.999957       268267     23405.71
   14401.535     0.999963       268269     27306.67
   14409.727     0.999969       268270     32768.00
   14417.919     0.999973       268271     36408.89
   14426.111     0.999976       268272     40960.00
   14442.495     0.999979       268273     46811.43
   14458.879     0.999982       268274     54613.33
   14458.879     0.999985       268274     65536.00
   14467.071     0.999986       268275     72817.78
   14467.071     0.999988       268275     81920.00
   14483.455     0.999989       268276     93622.86
   14483.455     0.999991       268276    109226.67
   14483.455     0.999992       268276    131072.00
   14499.839     0.999993       268277    145635.56
   14499.839     0.999994       268277    163840.00
   14499.839     0.999995       268277    187245.71
   14499.839     0.999995       268277    218453.33
   14499.839     0.999996       268277    262144.00
   14516.223     0.999997       268278    291271.11
   14516.223     1.000000       268278          inf
#[Mean    =     2453.221, StdDeviation   =     2988.784]
#[Max     =    14508.032, Total count    =       268278]
#[Buckets =           27, SubBuckets     =         2048]
----------------------------------------------------------
  395577 requests in 30.00s, 5.24GB read
  Socket errors: connect 0, read 38, write 0, timeout 0
Requests/sec:  13185.36
Transfer/sec:    178.75MB
WRKX_RESULT {"durationUs":30001235,"requests":395577,"responses":395577,"errors":38,"bytes":5623139614,"latencyAvgUs":2453220.907,"latencyP95Us":8978431.000,"latencyP99Us":11247615.000}
