Running 30s test @ http://localhost:9991/postgres/orders
  16 threads and 256 connections
  Thread calibration: mean lat.: 4308.348ms, rate sampling interval: 14278ms
  Thread calibration: mean lat.: 3860.507ms, rate sampling interval: 13271ms
  Thread calibration: mean lat.: 3746.963ms, rate sampling interval: 14041ms
  Thread calibration: mean lat.: 3992.044ms, rate sampling interval: 13959ms
  Thread calibration: mean lat.: 3691.425ms, rate sampling interval: 13500ms
  Thread calibration: mean lat.: 3647.772ms, rate sampling interval: 13950ms
  Thread calibration: mean lat.: 3945.215ms, rate sampling interval: 14057ms
  Thread calibration: mean lat.: 3633.110ms, rate sampling interval: 12877ms
  Thread calibration: mean lat.: 4062.230ms, rate sampling interval: 14254ms
  Thread calibration: mean lat.: 3851.063ms, rate sampling interval: 14827ms
  Thread calibration: mean lat.: 3274.752ms, rate sampling interval: 13828ms
  Thread calibration: mean lat.: 4209.293ms, rate sampling interval: 13213ms
  Thread calibration: mean lat.: 3305.341ms, rate sampling interval: 13500ms
  Thread calibration: mean lat.: 3992.993ms, rate sampling interval: 14090ms
  Thread calibration: mean lat.: 3883.507ms, rate sampling interval: 13582ms
  Thread calibration: mean lat.: 3736.332ms, rate sampling interval: 14041ms
  Thread Stats   Avg      Stdev     Max   +/- Stdev
    Latency    16.04s     4.95s   27.44s    61.57%
    Req/Sec     0.87k    71.06     0.98k    56.25%
  Latency Distribution (HdrHistogram - Recorded Latency)
 50.000%   16.21s 
 75.000%   19.99s 
 90.000%   22.56s 
 99.000%   25.28s 
 99.900%   26.44s 
 99.990%   27.05s 
 99.999%   27.39s 
100.000%   27.46s 

  Detailed Percentile spectrum:
       Value   Percentile   TotalCount 1/(1-Percentile)

    3102.719     0.000000            1         1.00
    9347.071     0.100000        27762         1.11
   11231.231     0.200000        55513         1.25
   12951.551     0.300000        83261         1.43
   14663.679     0.400000       111079         1.67
   16211.967     0.500000       138840         2.00
   16973.823     0.550000       152835         2.22
   17743.871     0.600000       166659         2.50
   18513.919     0.650000       180497         2.86
   19283.967     0.700000       194500         3.33
   19988.479     0.750000       208119         4.00
   20414.463     0.775000       215199         4.44
   20840.447     0.800000       222074         5.00
   21266.431     0.825000       229135         5.71
   21676.031     0.850000       236032         6.67
   22118.399     0.875000       242809         8.00
   22331.391     0.887500       246251         8.89
   22560.767     0.900000       249760        10.00
   22806.527     0.912500       253276        11.43
   23101.439     0.925000       256766        13.33
   23429.119     0.937500       260211        16.00
   23592.959     0.943750       261851        17.78
   23773.183     0.950000       263578        20.00
   23969.791     0.956250       265312        22.86
   24182.783     0.962500       267123        26.67
   24379.391     0.968750       268909        32.00
   24477.695     0.971875       269745        35.56
   24575.999     0.975000       270571        40.00
   24690.687     0.978125       271437        45.71
   24821.759     0.981250       272314        53.33
   24969.215     0.984375       273174        64.00
   25051.135     0.985938       273614        71.11
   25133.055     0.987500       274017        80.00
   25231.359     0.989062       274470        91.43
   25329.663     0.990625       274873       106.67
   25444.351     0.992188       275284       128.00
   25509.887     0.992969       275501       142.22
   25591.807     0.993750       275735       160.00
   25690.111     0.994531       275960       182.86
   25772.031     0.995313       276178       213.33
   25853.951     0.996094       276380       256.00
   25903.103     0.996484       276476       284.44
   25968.639     0.996875       276595       320.00
   26034.175     0.997266       276703       365.71
   26099.711     0.997656       276798       426.67
   26198.015     0.998047       276913       512.00
   26247.167     0.998242       276991       568.89
   26263.551     0.998437       277025       640.00
   26312.703     0.998633       277072       731.43
   26378.239     0.998828       277128       853.33
   26443.775     0.999023       277179      1024.00
   26476.543     0.999121       277212      1137.78
   26509.311     0.999219       277236      1280.00
   26558.463     0.999316       277265      1462.86
   26607.615     0.999414       277288      1706.67
   26673.151     0.999512       277313      2048.00
   26705.919     0.999561       277327      2275.56
   26755.071     0.999609       277344      2560.00
   26804.223     0.999658       277359      2925.71
   26820.607     0.999707       277367      3413.33
   26886.143     0.999756       277383      4096.00
   26918.911     0.999780       277392      4551.11
   26935.295     0.999805       277395      5120.00
   26951.679     0.999829       277401      5851.43
   26984.447     0.999854       277409      6826.67
   27017.215     0.999878       277417      8192.00
   27033.599     0.999890       277419      9102.22
   27049.983     0.999902       277421     10240.00
   27082.751     0.999915       277425     11702.86
   27131.903     0.999927       277428     13653.33
   27197.439     0.999939       277432     16384.00
   27213.823     0.999945       277433     18204.44
   27230.207     0.999951       277435     20480.00
   27279.359     0.999957       277438     23405.71
   27279.359     0.999963       277438     27306.67
   27312.127     0.999969       277440     32768.00
   27328.511     0.999973       277441     36408.89
   27344.895     0.999976       277442     40960.00
   27377.663     0.999979       277443     46811.43
   27377.663     0.999982       277443     54613.33
   27394.047     0.999985       277445     65536.00
   27394.047     0.999986       277445     72817.78
   27394.047     0.999988       277445     81920.00
   27426.815     0.999989       277447     93622.86
   27426.815     0.999991       277447    109226.67
   27426.815     0.999992       277447    131072.00
   27426.815     0.999993       277447    145635.56
   27426.815     0.999994       277447    163840.00
   27426.815     0.999995       277447    187245.71
   27426.815     0.999995       277447    218453.33
   27426.815     0.999996       277447    262144.00
   27459.583     0.999997       277448    291271.11
   27459.583     1.000000       277448          inf
#[Mean    =    16037.576, StdDeviation   =     4945.911]
#[Max     =    27443.200, Total count    =       277448]
#[Buckets =           27, SubBuckets     =         2048]
----------------------------------------------------------
  415857 requests in 30.00s, 5.51GB read
  Socket errors: connect 0, read 5, write 0, timeout 0
Requests/sec:  13861.39
Transfer/sec:    187.91MB
WRKX_RESULT {"durationUs":30001107,"requests":415857,"responses":415857,"errors":5,"bytes":5911421885,"latencyAvgUs":16037575.568,"latencyP95Us":23773183.000,"latencyP99Us":25280511.000}
