Running 30s test @ http://localhost:9991/postgres/orders
  16 threads and 256 connections
  Thread calibration: mean lat.: 1073.166ms, rate sampling interval: 5353ms
  Thread calibration: mean lat.: 1104.633ms, rate sampling interval: 4681ms
  Thread calibration: mean lat.: 1274.627ms, rate sampling interval: 5922ms
  Thread calibration: mean lat.: 1390.084ms, rate sampling interval: 6819ms
  Thread calibration: mean lat.: 1564.321ms, rate sampling interval: 8024ms
  Thread calibration: mean lat.: 1122.853ms, rate sampling interval: 5373ms
  Thread calibration: mean lat.: 1064.425ms, rate sampling interval: 5705ms
  Thread calibration: mean lat.: 1115.759ms, rate sampling interval: 6008ms
  Thread calibration: mean lat.: 1371.681ms, rate sampling interval: 7696ms
  Thread calibration: mean lat.: 1363.789ms, rate sampling interval: 6549ms
  Thread calibration: mean lat.: 1002.597ms, rate sampling interval: 5394ms
  Thread calibration: mean lat.: 1602.511ms, rate sampling interval: 8773ms
  Thread calibration: mean lat.: 1446.534ms, rate sampling interval: 8196ms
  Thread calibration: mean lat.: 1261.343ms, rate sampling interval: 6373ms
  Thread calibration: mean lat.: 1291.643ms, rate sampling interval: 6492ms
  Thread calibration: mean lat.: 1192.844ms, rate sampling interval: 5464ms
  Thread Stats   Avg      Stdev     Max   +/- Stdev
    Latency     6.96s     4.78s   22.41s    64.02%
    Req/Sec   839.73    113.12     1.07k    70.45%
  Latency Distribution (HdrHistogram - Recorded Latency)
 50.000%    6.09s 
 75.000%   10.53s 
 90.000%   13.80s 
 99.000%   19.10s 
 99.900%   21.69s 
 99.990%   21.97s 
 99.999%   22.28s 
100.000%   22.43s 

  Detailed Percentile spectrum:
       Value   Percentile   TotalCount 1/(1-Percentile)

       1.121     0.000000            1         1.00
    1295.359     0.100000        26810         1.11
    2623.487     0.200000        53630         1.25
    3729.407     0.300000        80393         1.43
    4747.263     0.400000       107270         1.67
    6090.751     0.500000       134002         2.00
    6733.823     0.550000       147378         2.22
    7413.759     0.600000       160814         2.50
    8212.479     0.650000       174210         2.86
    9256.959     0.700000       187572         3.33
   10534.911     0.750000       201057         4.00
   11100.159     0.775000       207731         4.44
   11739.135     0.800000       214437         5.00
   12328.959     0.825000       221065         5.71
   12886.015     0.850000       227832         6.67
   13336.575     0.875000       234583         8.00
   13533.183     0.887500       237870         8.89
   13803.519     0.900000       241223        10.00
   14155.775     0.912500       244532        11.43
   14639.103     0.925000       247911        13.33
   15015.935     0.937500       251242        16.00
   15228.927     0.943750       252908        17.78
   15491.071     0.950000       254569        20.00
   15769.599     0.956250       256237        22.86
   16089.087     0.962500       257907        26.67
   16572.415     0.968750       259585        32.00
   16809.983     0.971875       260466        35.56
   17039.359     0.975000       261302        40.00
   17367.039     0.978125       262103        45.71
   17711.103     0.981250       262960        53.33
   18120.703     0.984375       263782        64.00
   18382.847     0.985938       264208        71.11
   18612.223     0.987500       264613        80.00
   18841.599     0.989062       265027        91.43
   19300.351     0.990625       265455       106.67
   19611.647     0.992188       265861       128.00
   19742.719     0.992969       266101       142.22
   19906.559     0.993750       266285       160.00
   20168.703     0.994531       266494       182.86
   20414.463     0.995313       266707       213.33
   20594.687     0.996094       266960       256.00
   20627.455     0.996484       267019       284.44
   20758.527     0.996875       267135       320.00
   20856.831     0.997266       267236       365.71
   21053.439     0.997656       267331       426.67
   21233.663     0.998047       267433       512.00
   21299.199     0.998242       267487       568.89
   21397.503     0.998437       267538       640.00
   21512.191     0.998633       267593       731.43
   21610.495     0.998828       267641       853.33
   21708.799     0.999023       267699      1024.00
   21741.567     0.999121       267720      1137.78
   21790.719     0.999219       267747      1280.00
   21839.871     0.999316       267773      1462.86
   21889.023     0.999414       267823      1706.67
   21905.407     0.999512       267882      2048.00
   21905.407     0.999561       267882      2275.56
   21905.407     0.999609       267882      2560.00
   21905.407     0.999658       267882      2925.71
   21905.407     0.999707       267882      3413.33
   21921.791     0.999756       267900      4096.00
   21921.791     0.999780       267900      4551.11
   21938.175     0.999805       267911      5120.00
   21938.175     0.999829       267911      5851.43
   21954.559     0.999854       267925      6826.67
   21954.559     0.999878       267925      8192.00
   21954.559     0.999890       267925      9102.22
   21970.943     0.999902       267933     10240.00
   21970.943     0.999915       267933     11702.86
   21987.327     0.999927       267935     13653.33
   22036.479     0.999939       267938     16384.00
   22069.247     0.999945       267940     18204.44
   22085.631     0.999951       267942     20480.00
   22102.015     0.999957       267943     23405.71
   22134.783     0.999963       267945     27306.67
   22151.167     0.999969       267946     32768.00
   22167.551     0.999973       267947     36408.89
   22183.935     0.999976       267948     40960.00
   22200.319     0.999979       267949     46811.43
   22233.087     0.999982       267950     54613.33
   22233.087     0.999985       267950     65536.00
   22282.239     0.999986       267951     72817.78
   22282.239     0.999988       267951     81920.00
   22331.391     0.999989       267952     93622.86
   22331.391     0.999991       267952    109226.67
   22331.391     0.999992       267952    131072.00
   22380.543     0.999993       267953    145635.56
   22380.543     0.999994       267953    163840.00
   22380.543     0.999995       267953    187245.71
   22380.543     0.999995       267953    218453.33
   22380.543     0.999996       267953    262144.00
   22429.695     0.999997       267954    291271.11
   22429.695     1.000000       267954          inf
#[Mean    =     6963.250, StdDeviation   =     4781.989]
#[Max     =    22413.312, Total count    =       267954]
#[Buckets =           27, SubBuckets     =         2048]
----------------------------------------------------------
  381604 requests in 30.00s, 5.05GB read
  Socket errors: connect 0, read 16, write 0, timeout 0
Requests/sec:  12719.48
Transfer/sec:    172.43MB
WRKX_RESULT {"durationUs":30001542,"requests":381604,"responses":381604,"errors":16,"bytes":5424514255,"latencyAvgUs":6963249.507,"latencyP95Us":15491071.000,"latencyP99Us":19103743.000}
