Running 30s test @ http://localhost:9991/postgres/orders
  16 threads and 256 connections
  Thread calibration: mean lat.: 3.064ms, rate sampling interval: 12ms
  Thread calibration: mean lat.: 3.085ms, rate sampling interval: 11ms
  Thread calibration: mean lat.: 3.353ms, rate sampling interval: 12ms
  Thread calibration: mean lat.: 3.139ms, rate sampling interval: 12ms
  Thread calibration: mean lat.: 3.583ms, rate sampling interval: 16ms
  Thread calibration: mean lat.: 2.984ms, rate sampling interval: 11ms
  Thread calibration: mean lat.: 2.961ms, rate sampling interval: 11ms
  Thread calibration: mean lat.: 3.179ms, rate sampling interval: 11ms
  Thread calibration: mean lat.: 3.249ms, rate sampling interval: 11ms
  Thread calibration: mean lat.: 2.636ms, rate sampling interval: 10ms
  Thread calibration: mean lat.: 3.642ms, rate sampling interval: 16ms
  Thread calibration: mean lat.: 2.970ms, rate sampling interval: 10ms
  Thread calibration: mean lat.: 3.809ms, rate sampling interval: 16ms
  Thread calibration: mean lat.: 3.287ms, rate sampling interval: 12ms
  Thread calibration: mean lat.: 3.389ms, rate sampling interval: 12ms
  Thread calibration: mean lat.: 3.244ms, rate sampling interval: 12ms
  Thread Stats   Avg      Stdev     Max   +/- Stdev
    Latency     3.10ms    2.09ms  22.42ms   86.87%
    Req/Sec   326.18    133.42   800.00     69.01%
  Latency Distribution (HdrHistogram - Recorded Latency)
 50.000%    2.40ms
 75.000%    3.55ms
 90.000%    5.67ms
 99.000%   11.13ms
 99.900%   14.99ms
 99.990%   19.20ms
 99.999%   21.57ms
100.000%   22.43ms

  Detailed Percentile spectrum:
       Value   Percentile   TotalCount 1/(1-Percentile)

       0.746     0.000000            1         1.00
       1.440     0.100000         9962         1.11
       1.702     0.200000        19929         1.25
       1.928     0.300000        29898         1.43
       2.145     0.400000        39841         1.67
       2.399     0.500000        49809         2.00
       2.549     0.550000        54811         2.22
       2.723     0.600000        59797         2.50
       2.933     0.650000        64740         2.86
       3.197     0.700000        69721         3.33
       3.549     0.750000        74710         4.00
       3.765     0.775000        77196         4.44
       4.041     0.800000        79687         5.00
       4.371     0.825000        82184         5.71
       4.723     0.850000        84667         6.67
       5.159     0.875000        87154         8.00
       5.399     0.887500        88397         8.89
       5.667     0.900000        89654        10.00
       5.983     0.912500        90896        11.43
       6.387     0.925000        92140        13.33
       6.899     0.937500        93386        16.00
       7.195     0.943750        94006        17.78
       7.559     0.950000        94625        20.00
       7.975     0.956250        95244        22.86
       8.471     0.962500        95868        26.67
       8.983     0.968750        96488        32.00
       9.239     0.971875        96802        35.56
       9.519     0.975000        97120        40.00
       9.823     0.978125        97428        45.71
      10.135     0.981250        97741        53.33
      10.463     0.984375        98049        64.00
      10.623     0.985938        98203        71.11
      10.807     0.987500        98356        80.00
      11.007     0.989062        98521        91.43
      11.239     0.990625        98670       106.67
      11.591     0.992188        98822       128.00
      11.791     0.992969        98901       142.22
      11.999     0.993750        98978       160.00
      12.215     0.994531        99059       182.86
      12.543     0.995313        99135       213.33
      12.879     0.996094        99211       256.00
      13.039     0.996484        99250       284.44
      13.223     0.996875        99289       320.00
      13.423     0.997266        99329       365.71
      13.735     0.997656        99367       426.67
      14.031     0.998047        99408       512.00
      14.143     0.998242        99425       568.89
      14.343     0.998437        99445       640.00
      14.519     0.998633        99464       731.43
      14.783     0.998828        99486       853.33
      15.055     0.999023        99503      1024.00
      15.247     0.999121        99513      1137.78
      15.407     0.999219        99523      1280.00
      15.527     0.999316        99532      1462.86
      15.751     0.999414        99542      1706.67
      15.855     0.999512        99552      2048.00
      15.927     0.999561        99557      2275.56
      16.327     0.999609        99562      2560.00
      16.751     0.999658        99567      2925.71
      16.863     0.999707        99571      3413.33
      17.055     0.999756        99576      4096.00
      17.663     0.999780        99579      4551.11
      17.855     0.999805        99581      5120.00
      17.967     0.999829        99583      5851.43
      18.223     0.999854        99587      6826.67
      18.255     0.999878        99588      8192.00
      19.199     0.999890        99590      9102.22
      19.215     0.999902        99592     10240.00
      19.215     0.999915        99592     11702.86
      19.295     0.999927        99593     13653.33
      19.615     0.999939        99594     16384.00
      19.663     0.999945        99595     18204.44
      20.095     0.999951        99596     20480.00
      20.095     0.999957        99596     23405.71
      20.367     0.999963        99597     27306.67
      20.367     0.999969        99597     32768.00
      21.423     0.999973        99598     36408.89
      21.423     0.999976        99598     40960.00
      21.423     0.999979        99598     46811.43
      21.567     0.999982        99599     54613.33
      21.567     0.999985        99599     65536.00
      21.567     0.999986        99599     72817.78
      21.567     0.999988        99599     81920.00
      21.567     0.999989        99599     93622.86
      22.431     0.999991        99600    109226.67
      22.431     1.000000        99600          inf
#[Mean    =        3.095, StdDeviation   =        2.088]
#[Max     =       22.416, Total count    =        99600]
#[Buckets =           27, SubBuckets     =         2048]
----------------------------------------------------------
  149916 requests in 30.00s, 1.98GB read
  Socket errors: connect 0, read 399, write 0, timeout 0
Requests/sec:   4996.70
Transfer/sec:     67.74MB
WRKX_RESULT {"durationUs":30003018,"requests":149916,"responses":149916,"errors":399,"bytes":2131056396,"latencyAvgUs":3095.169,"latencyP95Us":7559.000,"latencyP99Us":11127.000}
