Running 30s test @ http://localhost:9991/
  16 threads and 256 connections
  Thread calibration: mean lat.: 3798.489ms, rate sampling interval: 13295ms
  Thread calibration: mean lat.: 3793.996ms, rate sampling interval: 13303ms
  Thread calibration: mean lat.: 3802.653ms, rate sampling interval: 13311ms
  Thread calibration: mean lat.: 3798.907ms, rate sampling interval: 13287ms
  Thread calibration: mean lat.: 3797.115ms, rate sampling interval: 13303ms
  Thread calibration: mean lat.: 3493.278ms, rate sampling interval: 12058ms
  Thread calibration: mean lat.: 3800.586ms, rate sampling interval: 13320ms
  Thread calibration: mean lat.: 3798.319ms, rate sampling interval: 13295ms
  Thread calibration: mean lat.: 3802.596ms, rate sampling interval: 13311ms
  Thread calibration: mean lat.: 3794.079ms, rate sampling interval: 13295ms
  Thread calibration: mean lat.: 3798.396ms, rate sampling interval: 13295ms
  Thread calibration: mean lat.: 3800.038ms, rate sampling interval: 13303ms
  Thread calibration: mean lat.: 3795.556ms, rate sampling interval: 13295ms
  Thread calibration: mean lat.: 3795.183ms, rate sampling interval: 13287ms
  Thread calibration: mean lat.: 3799.959ms, rate sampling interval: 13303ms
  Thread calibration: mean lat.: 3800.560ms, rate sampling interval: 13303ms
  Thread Stats   Avg      Stdev     Max   +/- Stdev
    Latency    14.45s     4.20s   21.71s    57.24%
    Req/Sec   434.81      0.53   436.00    100.00%
  Latency Distribution (HdrHistogram - Recorded Latency)
 50.000%   14.43s 
 75.000%   18.14s 
 90.000%   20.27s 
 99.000%   21.54s 
 99.900%   21.68s 
 99.990%   21.71s 
 99.999%   21.73s 
100.000%   21.73s 

  Detailed Percentile spectrum:
       Value   Percentile   TotalCount 1/(1-Percentile)

    6660.095     0.000000            4         1.00
    8675.327     0.100000        14007         1.11
   10067.967     0.200000        27958         1.25
   11468.799     0.300000        41869         1.43
   12935.167     0.400000        55812         1.67
   14426.111     0.500000        69805         2.00
   15163.391     0.550000        76771         2.22
   15933.439     0.600000        83727         2.50
   16703.487     0.650000        90711         2.86
   17432.575     0.700000        97659         3.33
   18137.087     0.750000       104714         4.00
   18481.151     0.775000       108123         4.44
   18857.983     0.800000       111668         5.00
   19218.431     0.825000       115143         5.71
   19578.879     0.850000       118577         6.67
   19922.943     0.875000       122121         8.00
   20086.783     0.887500       123800         8.89
   20267.007     0.900000       125668        10.00
   20430.847     0.912500       127340        11.43
   20611.071     0.925000       129193        13.33
   20774.911     0.937500       130828        16.00
   20873.215     0.943750       131715        17.78
   20971.519     0.950000       132658        20.00
   21053.439     0.956250       133463        22.86
   21135.359     0.962500       134284        26.67
   21233.663     0.968750       135268        32.00
   21266.431     0.971875       135584        35.56
   21315.583     0.975000       136086        40.00
   21364.735     0.978125       136549        45.71
   21413.887     0.981250       136995        53.33
   21463.039     0.984375       137418        64.00
   21479.423     0.985938       137554        71.11
   21512.191     0.987500       137862        80.00
   21528.575     0.989062       138016        91.43
   21561.343     0.990625       138362       106.67
   21577.727     0.992188       138509       128.00
   21577.727     0.992969       138509       142.22
   21594.111     0.993750       138666       160.00
   21610.495     0.994531       138828       182.86
   21626.879     0.995313       138976       213.33
   21626.879     0.996094       138976       256.00
   21643.263     0.996484       139127       284.44
   21643.263     0.996875       139127       320.00
   21643.263     0.997266       139127       365.71
   21659.647     0.997656       139279       426.67
   21659.647     0.998047       139279       512.00
   21659.647     0.998242       139279       568.89
   21659.647     0.998437       139279       640.00
   21676.031     0.998633       139402       731.43
   21676.031     0.998828       139402       853.33
   21676.031     0.999023       139402      1024.00
   21676.031     0.999121       139402      1137.78
   21676.031     0.999219       139402      1280.00
   21676.031     0.999316       139402      1462.86
   21692.415     0.999414       139468      1706.67
   21692.415     0.999512       139468      2048.00
   21692.415     0.999561       139468      2275.56
   21692.415     0.999609       139468      2560.00
   21692.415     0.999658       139468      2925.71
   21692.415     0.999707       139468      3413.33
   21692.415     0.999756       139468      4096.00
   21692.415     0.999780       139468      4551.11
   21692.415     0.999805       139468      5120.00
   21692.415     0.999829       139468      5851.43
   21708.799     0.999854       139486      6826.67
   21708.799     0.999878       139486      8192.00
   21708.799     0.999890       139486      9102.22
   21708.799     0.999902       139486     10240.00
   21708.799     0.999915       139486     11702.86
   21708.799     0.999927       139486     13653.33
   21708.799     0.999939       139486     16384.00
   21708.799     0.999945       139486     18204.44
   21708.799     0.999951       139486     20480.00
   21708.799     0.999957       139486     23405.71
   21708.799     0.999963       139486     27306.67
   21708.799     0.999969       139486     32768.00
   21708.799     0.999973       139486     36408.89
   21708.799     0.999976       139486     40960.00
   21725.183     0.999979       139489     46811.43
   21725.183     1.000000       139489          inf
#[Mean    =    14446.929, StdDeviation   =     4202.409]
#[Max     =    21708.800, Total count    =       139489]
#[Buckets =           27, SubBuckets     =         2048]
----------------------------------------------------------
  206700 requests in 30.00s, 42.19MB read
Requests/sec:   6889.43
Transfer/sec:      1.41MB
WRKX_RESULT {"durationUs":30002481,"requests":206700,"responses":206700,"errors":0,"bytes":44234396,"latencyAvgUs":14446928.589,"latencyP95Us":20971519.000,"latencyP99Us":21544959.000}
