Running 30s test @ http://localhost:9991/
  16 threads and 256 connections
  Thread calibration: mean lat.: 3.303ms, rate sampling interval: 10ms
  Thread calibration: mean lat.: 3.267ms, rate sampling interval: 10ms
  Thread calibration: mean lat.: 3.277ms, rate sampling interval: 10ms
  Thread calibration: mean lat.: 3.315ms, rate sampling interval: 10ms
  Thread calibration: mean lat.: 3.277ms, rate sampling interval: 10ms
  Thread calibration: mean lat.: 3.324ms, rate sampling interval: 10ms
  Thread calibration: mean lat.: 3.288ms, rate sampling interval: 10ms
  Thread calibration: mean lat.: 3.278ms, rate sampling interval: 10ms
  Thread calibration: mean lat.: 3.306ms, rate sampling interval: 10ms
  Thread calibration: mean lat.: 3.294ms, rate sampling interval: 10ms
  Thread calibration: mean lat.: 3.310ms, rate sampling interval: 10ms
  Thread calibration: mean lat.: 3.289ms, rate sampling interval: 10ms
  Thread calibration: mean lat.: 3.301ms, rate sampling interval: 10ms
  Thread calibration: mean lat.: 3.421ms, rate sampling interval: 10ms
  Thread calibration: mean lat.: 3.377ms, rate sampling interval: 10ms
  Thread calibration: mean lat.: 3.392ms, rate sampling interval: 10ms
  Thread Stats   Avg      Stdev     Max   +/- Stdev
    Latency     3.23ms    1.08ms  10.84ms   81.33%
    Req/Sec   164.29    102.82   555.00     68.73%
  Latency Distribution (HdrHistogram - Recorded Latency)
 50.000%    2.97ms
 75.000%    3.50ms
 90.000%    4.60ms
 99.000%    7.27ms
 99.900%    9.20ms
 99.990%    9.76ms
 99.999%   10.85ms
100.000%   10.85ms

  Detailed Percentile spectrum:
       Value   Percentile   TotalCount 1/(1-Percentile)

       1.387     0.000000            1         1.00
       2.249     0.100000         5002         1.11
       2.487     0.200000         9991         1.25
       2.663     0.300000        14954         1.43
       2.819     0.400000        19946         1.67
       2.975     0.500000        24901         2.00
       3.059     0.550000        27383         2.22
       3.149     0.600000        29891         2.50
       3.247     0.650000        32381         2.86
       3.365     0.700000        34888         3.33
       3.503     0.750000        37333         4.00
       3.591     0.775000        38595         4.44
       3.687     0.800000        39833         5.00
       3.827     0.825000        41078         5.71
       3.995     0.850000        42317         6.67
       4.231     0.875000        43562         8.00
       4.399     0.887500        44183         8.89
       4.603     0.900000        44805        10.00
       4.835     0.912500        45421        11.43
       5.067     0.925000        46048        13.33
       5.279     0.937500        46671        16.00
       5.415     0.943750        46981        17.78
       5.567     0.950000        47289        20.00
       5.711     0.956250        47603        22.86
       5.879     0.962500        47910        26.67
       6.091     0.968750        48227        32.00
       6.219     0.971875        48381        35.56
       6.327     0.975000        48532        40.00
       6.475     0.978125        48688        45.71
       6.651     0.981250        48845        53.33
       6.831     0.984375        49000        64.00
       6.919     0.985938        49079        71.11
       7.027     0.987500        49155        80.00
       7.167     0.989062        49234        91.43
       7.351     0.990625        49312       106.67
       7.491     0.992188        49390       128.00
       7.631     0.992969        49427       142.22
       7.751     0.993750        49466       160.00
       7.871     0.994531        49505       182.86
       7.971     0.995313        49544       213.33
       8.163     0.996094        49583       256.00
       8.303     0.996484        49603       284.44
       8.375     0.996875        49622       320.00
       8.479     0.997266        49642       365.71
       8.623     0.997656        49660       426.67
       8.783     0.998047        49681       512.00
       8.807     0.998242        49689       568.89
       8.959     0.998437        49699       640.00
       9.039     0.998633        49709       731.43
       9.143     0.998828        49719       853.33
       9.215     0.999023        49728      1024.00
       9.279     0.999121        49735      1137.78
       9.311     0.999219        49738      1280.00
       9.343     0.999316        49742      1462.86
       9.487     0.999414        49747      1706.67
       9.527     0.999512        49752      2048.00
       9.543     0.999561        49755      2275.56
       9.551     0.999609        49757      2560.00
       9.559     0.999658        49759      2925.71
       9.631     0.999707        49762      3413.33
       9.647     0.999756        49764      4096.00
       9.703     0.999780        49767      4551.11
       9.703     0.999805        49767      5120.00
       9.711     0.999829        49769      5851.43
       9.711     0.999854        49769      6826.67
       9.727     0.999878        49770      8192.00
       9.759     0.999890        49771      9102.22
      10.055     0.999902        49772     10240.00
      10.055     0.999915        49772     11702.86
      10.111     0.999927        49773     13653.33
      10.111     0.999939        49773     16384.00
      10.751     0.999945        49774     18204.44
      10.751     0.999951        49774     20480.00
      10.751     0.999957        49774     23405.71
      10.815     0.999963        49775     27306.67
      10.815     0.999969        49775     32768.00
      10.815     0.999973        49775     36408.89
      10.815     0.999976        49775     40960.00
      10.815     0.999979        49775     46811.43
      10.847     0.999982        49776     54613.33
      10.847     1.000000        49776          inf
#[Mean    =        3.232, StdDeviation   =        1.079]
#[Max     =       10.840, Total count    =        49776]
#[Buckets =           27, SubBuckets     =         2048]
----------------------------------------------------------
  75024 requests in 30.01s, 15.31MB read
Requests/sec:   2500.19
Transfer/sec:    522.50KB
WRKX_RESULT {"durationUs":30007357,"requests":75024,"responses":75024,"errors":0,"bytes":16055136,"latencyAvgUs":3231.952,"latencyP95Us":5567.000,"latencyP99Us":7267.000}
