Running 30s test @ http://localhost:9991/
  16 threads and 256 connections
  Thread calibration: mean lat.: 4905.984ms, rate sampling interval: 17399ms
  Thread calibration: mean lat.: 4905.850ms, rate sampling interval: 17399ms
  Thread calibration: mean lat.: 4905.693ms, rate sampling interval: 17399ms
  Thread calibration: mean lat.: 4910.181ms, rate sampling interval: 17399ms
  Thread calibration: mean lat.: 4902.467ms, rate sampling interval: 17399ms
  Thread calibration: mean lat.: 4899.607ms, rate sampling interval: 17416ms
  Thread calibration: mean lat.: 4901.710ms, rate sampling interval: 17399ms
  Thread calibration: mean lat.: 4901.946ms, rate sampling interval: 17399ms
  Thread calibration: mean lat.: 4905.273ms, rate sampling interval: 17399ms
  Thread calibration: mean lat.: 4903.248ms, rate sampling interval: 17399ms
  Thread calibration: mean lat.: 4899.752ms, rate sampling interval: 17399ms
  Thread calibration: mean lat.: 4900.535ms, rate sampling interval: 17383ms
  Thread calibration: mean lat.: 4907.335ms, rate sampling interval: 17399ms
  Thread calibration: mean lat.: 4905.815ms, rate sampling interval: 17399ms
  Thread calibration: mean lat.: 4901.140ms, rate sampling interval: 17416ms
  Thread calibration: mean lat.: 4901.326ms, rate sampling interval: 17383ms
  Thread Stats   Avg      Stdev     Max   +/- Stdev
    Latency    19.02s     5.49s   28.64s    57.71%
    Req/Sec   430.19      0.39   431.00    100.00%
  Latency Distribution (HdrHistogram - Recorded Latency)
 50.000%   18.99s 
 75.000%   23.77s 
 90.000%   26.66s 
 99.000%   28.44s 
 99.900%   28.61s 
 99.990%   28.66s 
 99.999%   28.66s 
100.000%   28.66s 

  Detailed Percentile spectrum:
       Value   Percentile   TotalCount 1/(1-Percentile)

    9584.639     0.000000            1         1.00
   11485.183     0.100000        13731         1.11
   13352.959     0.200000        27388         1.25
   15130.623     0.300000        41094         1.43
   17006.591     0.400000        54830         1.67
   18989.055     0.500000        68494         2.00
   19939.327     0.550000        75353         2.22
   20905.983     0.600000        82217         2.50
   21889.023     0.650000        89074         2.86
   22839.295     0.700000        95833         3.33
   23773.183     0.750000       102735         4.00
   24281.087     0.775000       106147         4.44
   24788.991     0.800000       109551         5.00
   25247.743     0.825000       112962         5.71
   25706.495     0.850000       116422         6.67
   26198.015     0.875000       119839         8.00
   26443.775     0.887500       121560         8.89
   26656.767     0.900000       123193        10.00
   26886.143     0.912500       124890        11.43
   27131.903     0.925000       126618        13.33
   27394.047     0.937500       128373        16.00
   27525.119     0.943750       129274        17.78
   27639.807     0.950000       130047        20.00
   27770.879     0.956250       130898        22.86
   27901.951     0.962500       131779        26.67
   28033.023     0.968750       132675        32.00
   28082.175     0.971875       133004        35.56
   28147.711     0.975000       133464        40.00
   28213.247     0.978125       133936        45.71
   28262.399     0.981250       134284        53.33
   28327.935     0.984375       134749        64.00
   28360.703     0.985938       134982        71.11
   28393.471     0.987500       135213        80.00
   28426.239     0.989062       135429        91.43
   28459.007     0.990625       135659       106.67
   28491.775     0.992188       135898       128.00
   28491.775     0.992969       135898       142.22
   28508.159     0.993750       136008       160.00
   28524.543     0.994531       136130       182.86
   28540.927     0.995313       136249       213.33
   28557.311     0.996094       136368       256.00
   28557.311     0.996484       136368       284.44
   28573.695     0.996875       136491       320.00
   28573.695     0.997266       136491       365.71
   28590.079     0.997656       136612       426.67
   28590.079     0.998047       136612       512.00
   28590.079     0.998242       136612       568.89
   28606.463     0.998437       136712       640.00
   28606.463     0.998633       136712       731.43
   28606.463     0.998828       136712       853.33
   28606.463     0.999023       136712      1024.00
   28622.847     0.999121       136783      1137.78
   28622.847     0.999219       136783      1280.00
   28622.847     0.999316       136783      1462.86
   28622.847     0.999414       136783      1706.67
   28622.847     0.999512       136783      2048.00
   28639.231     0.999561       136828      2275.56
   28639.231     0.999609       136828      2560.00
   28639.231     0.999658       136828      2925.71
   28639.231     0.999707       136828      3413.33
   28639.231     0.999756       136828      4096.00
   28639.231     0.999780       136828      4551.11
   28639.231     0.999805       136828      5120.00
   28639.231     0.999829       136828      5851.43
   28639.231     0.999854       136828      6826.67
   28655.615     0.999878       136845      8192.00
   28655.615     1.000000       136845          inf
#[Mean    =    19015.589, StdDeviation   =     5493.556]
#[Max     =    28639.232, Total count    =       136845]
#[Buckets =           27, SubBuckets     =         2048]
----------------------------------------------------------
  201212 requests in 30.01s, 41.06MB read
Requests/sec:   6705.43
Transfer/sec:      1.37MB
WRKX_RESULT {"durationUs":30007332,"requests":201212,"responses":201212,"errors":0,"bytes":43059666,"latencyAvgUs":19015588.663,"latencyP95Us":27639807.000,"latencyP99Us":28442623.000}
