Running 30s test @ http://localhost:9991/
  16 threads and 256 connections
  Thread calibration: mean lat.: 4670.088ms, rate sampling interval: 16875ms
  Thread calibration: mean lat.: 4666.530ms, rate sampling interval: 16875ms
  Thread calibration: mean lat.: 4672.096ms, rate sampling interval: 16891ms
  Thread calibration: mean lat.: 4677.306ms, rate sampling interval: 16891ms
  Thread calibration: mean lat.: 4678.898ms, rate sampling interval: 16891ms
  Thread calibration: mean lat.: 4680.162ms, rate sampling interval: 16908ms
  Thread calibration: mean lat.: 4671.515ms, rate sampling interval: 16891ms
  Thread calibration: mean lat.: 4671.051ms, rate sampling interval: 16875ms
  Thread calibration: mean lat.: 4671.340ms, rate sampling interval: 16891ms
  Thread calibration: mean lat.: 4668.901ms, rate sampling interval: 16891ms
  Thread calibration: mean lat.: 4673.036ms, rate sampling interval: 16875ms
  Thread calibration: mean lat.: 4674.527ms, rate sampling interval: 16875ms
  Thread calibration: mean lat.: 4680.190ms, rate sampling interval: 16891ms
  Thread calibration: mean lat.: 4671.151ms, rate sampling interval: 16875ms
  Thread calibration: mean lat.: 4670.871ms, rate sampling interval: 16875ms
  Thread calibration: mean lat.: 4670.540ms, rate sampling interval: 16875ms
  Thread Stats   Avg      Stdev     Max   +/- Stdev
    Latency    18.37s     5.32s   27.95s    57.72%
    Req/Sec   426.69      0.46   427.00    100.00%
  Latency Distribution (HdrHistogram - Recorded Latency)
 50.000%   18.32s 
 75.000%   22.94s 
 90.000%   25.82s 
 99.000%   27.72s 
 99.900%   27.92s 
 99.990%   27.95s 
 99.999%   27.97s 
100.000%   27.97s 

  Detailed Percentile spectrum:
       Value   Percentile   TotalCount 1/(1-Percentile)

    9306.111     0.000000            1         1.00
   11091.967     0.100000        13352         1.11
   12820.479     0.200000        26737         1.25
   14704.639     0.300000        40096         1.43
   16474.111     0.400000        53428         1.67
   18317.311     0.500000        66856         2.00
   19202.047     0.550000        73482         2.22
   20086.783     0.600000        80137         2.50
   20971.519     0.650000        86832         2.86
   21970.943     0.700000        93527         3.33
   22937.599     0.750000       100146         4.00
   23412.735     0.775000       103546         4.44
   23887.871     0.800000       106897         5.00
   24346.623     0.825000       110249         5.71
   24805.375     0.850000       113594         6.67
   25296.895     0.875000       116884         8.00
   25559.039     0.887500       118597         8.89
   25821.183     0.900000       120254        10.00
   26083.327     0.912500       121942        11.43
   26345.471     0.925000       123570        13.33
   26607.615     0.937500       125238        16.00
   26755.071     0.943750       126094        17.78
   26886.143     0.950000       126875        20.00
   27017.215     0.956250       127708        22.86
   27148.287     0.962500       128547        26.67
   27295.743     0.968750       129456        32.00
   27344.895     0.971875       129794        35.56
   27410.431     0.975000       130237        40.00
   27475.967     0.978125       130652        45.71
   27541.503     0.981250       131056        53.33
   27607.039     0.984375       131474        64.00
   27639.807     0.985938       131685        71.11
   27672.575     0.987500       131896        80.00
   27705.343     0.989062       132119        91.43
   27738.111     0.990625       132334       106.67
   27770.879     0.992188       132540       128.00
   27787.263     0.992969       132641       142.22
   27803.647     0.993750       132744       160.00
   27820.031     0.994531       132836       182.86
   27836.415     0.995313       132947       213.33
   27852.799     0.996094       133043       256.00
   27869.183     0.996484       133142       284.44
   27869.183     0.996875       133142       320.00
   27885.567     0.997266       133240       365.71
   27885.567     0.997656       133240       426.67
   27901.951     0.998047       133332       512.00
   27901.951     0.998242       133332       568.89
   27901.951     0.998437       133332       640.00
   27918.335     0.998633       133425       731.43
   27918.335     0.998828       133425       853.33
   27918.335     0.999023       133425      1024.00
   27918.335     0.999121       133425      1137.78
   27918.335     0.999219       133425      1280.00
   27934.719     0.999316       133479      1462.86
   27934.719     0.999414       133479      1706.67
   27934.719     0.999512       133479      2048.00
   27934.719     0.999561       133479      2275.56
   27934.719     0.999609       133479      2560.00
   27934.719     0.999658       133479      2925.71
   27951.103     0.999707       133515      3413.33
   27951.103     0.999756       133515      4096.00
   27951.103     0.999780       133515      4551.11
   27951.103     0.999805       133515      5120.00
   27951.103     0.999829       133515      5851.43
   27951.103     0.999854       133515      6826.67
   27951.103     0.999878       133515      8192.00
   27951.103     0.999890       133515      9102.22
   27951.103     0.999902       133515     10240.00
   27951.103     0.999915       133515     11702.86
   27951.103     0.999927       133515     13653.33
   27951.103     0.999939       133515     16384.00
   27951.103     0.999945       133515     18204.44
   27951.103     0.999951       133515     20480.00
   27951.103     0.999957       133515     23405.71
   27967.487     0.999963       133520     27306.67
   27967.487     1.000000       133520          inf
#[Mean    =    18367.556, StdDeviation   =     5316.671]
#[Max     =    27951.104, Total count    =       133520]
#[Buckets =           27, SubBuckets     =         2048]
----------------------------------------------------------
  203283 requests in 30.00s, 41.49MB read
Requests/sec:   6775.26
Transfer/sec:      1.38MB
WRKX_RESULT {"durationUs":30003711,"requests":203283,"responses":203283,"errors":0,"bytes":43503307,"latencyAvgUs":18367555.796,"latencyP95Us":26886143.000,"latencyP99Us":27721727.000}
