Running 30s test @ http://localhost:9991/
  16 threads and 256 connections
  Thread calibration: mean lat.: 3243.063ms, rate sampling interval: 11870ms
  Thread calibration: mean lat.: 3239.949ms, rate sampling interval: 11870ms
  Thread calibration: mean lat.: 3246.084ms, rate sampling interval: 11878ms
  Thread calibration: mean lat.: 3236.010ms, rate sampling interval: 11870ms
  Thread calibration: mean lat.: 3243.190ms, rate sampling interval: 11870ms
  Thread calibration: mean lat.: 3243.748ms, rate sampling interval: 11870ms
  Thread calibration: mean lat.: 3240.574ms, rate sampling interval: 11862ms
  Thread calibration: mean lat.: 3244.900ms, rate sampling interval: 11862ms
  Thread calibration: mean lat.: 3245.197ms, rate sampling interval: 11870ms
  Thread calibration: mean lat.: 3241.240ms, rate sampling interval: 11878ms
  Thread calibration: mean lat.: 3242.973ms, rate sampling interval: 11870ms
  Thread calibration: mean lat.: 3246.902ms, rate sampling interval: 11870ms
  Thread calibration: mean lat.: 3244.546ms, rate sampling interval: 11878ms
  Thread calibration: mean lat.: 3241.808ms, rate sampling interval: 11862ms
  Thread calibration: mean lat.: 3239.134ms, rate sampling interval: 11862ms
  Thread calibration: mean lat.: 3239.608ms, rate sampling interval: 11878ms
  Thread Stats   Avg      Stdev     Max   +/- Stdev
    Latency    13.11s     3.83s   19.84s    57.43%
    Req/Sec   424.88      0.33   425.00    100.00%
  Latency Distribution (HdrHistogram - Recorded Latency)
 50.000%   13.11s 
 75.000%   16.47s 
 90.000%   18.45s 
 99.000%   19.66s 
 99.900%   19.79s 
 99.990%   19.82s 
 99.999%   19.86s 
100.000%   19.86s 

  Detailed Percentile spectrum:
       Value   Percentile   TotalCount 1/(1-Percentile)

    6545.407     0.000000            1         1.00
    7831.551     0.100000        13414         1.11
    9134.079     0.200000        26828         1.25
   10477.567     0.300000        40152         1.43
   11763.711     0.400000        53537         1.67
   13107.199     0.500000        66955         2.00
   13713.407     0.550000        73632         2.22
   14352.383     0.600000        80300         2.50
   15032.319     0.650000        86971         2.86
   15753.215     0.700000        93694         3.33
   16465.919     0.750000       100358         4.00
   16809.983     0.775000       103746         4.44
   17137.663     0.800000       107102         5.00
   17465.343     0.825000       110409         5.71
   17793.023     0.850000       113742         6.67
   18120.703     0.875000       117102         8.00
   18284.543     0.887500       118868         8.89
   18448.383     0.900000       120435        10.00
   18628.607     0.912500       122163        11.43
   18792.447     0.925000       123767        13.33
   18972.671     0.937500       125440        16.00
   19054.591     0.943750       126286        17.78
   19136.511     0.950000       127118        20.00
   19218.431     0.956250       127949        22.86
   19300.351     0.962500       128811        26.67
   19382.271     0.968750       129622        32.00
   19431.423     0.971875       130110        35.56
   19464.191     0.975000       130474        40.00
   19513.343     0.978125       131008        45.71
   19546.111     0.981250       131365        53.33
   19578.879     0.984375       131735        64.00
   19611.647     0.985938       132046        71.11
   19628.031     0.987500       132196        80.00
   19644.415     0.989062       132347        91.43
   19677.183     0.990625       132651       106.67
   19693.567     0.992188       132817       128.00
   19709.951     0.992969       132967       142.22
   19709.951     0.993750       132967       160.00
   19726.335     0.994531       133117       182.86
   19742.719     0.995313       133276       213.33
   19742.719     0.996094       133276       256.00
   19759.103     0.996484       133429       284.44
   19759.103     0.996875       133429       320.00
   19775.487     0.997266       133583       365.71
   19775.487     0.997656       133583       426.67
   19775.487     0.998047       133583       512.00
   19775.487     0.998242       133583       568.89
   19791.871     0.998437       133705       640.00
   19791.871     0.998633       133705       731.43
   19791.871     0.998828       133705       853.33
   19791.871     0.999023       133705      1024.00
   19791.871     0.999121       133705      1137.78
   19791.871     0.999219       133705      1280.00
   19808.255     0.999316       133772      1462.86
   19808.255     0.999414       133772      1706.67
   19808.255     0.999512       133772      2048.00
   19808.255     0.999561       133772      2275.56
   19808.255     0.999609       133772      2560.00
   19808.255     0.999658       133772      2925.71
   19808.255     0.999707       133772      3413.33
   19808.255     0.999756       133772      4096.00
   19808.255     0.999780       133772      4551.11
   19808.255     0.999805       133772      5120.00
   19824.639     0.999829       133793      5851.43
   19824.639     0.999854       133793      6826.67
   19824.639     0.999878       133793      8192.00
   19824.639     0.999890       133793      9102.22
   19824.639     0.999902       133793     10240.00
   19824.639     0.999915       133793     11702.86
   19824.639     0.999927       133793     13653.33
   19824.639     0.999939       133793     16384.00
   19824.639     0.999945       133793     18204.44
   19824.639     0.999951       133793     20480.00
   19824.639     0.999957       133793     23405.71
   19841.023     0.999963       133796     27306.67
   19841.023     0.999969       133796     32768.00
   19841.023     0.999973       133796     36408.89
   19841.023     0.999976       133796     40960.00
   19841.023     0.999979       133796     46811.43
   19841.023     0.999982       133796     54613.33
   19841.023     0.999985       133796     65536.00
   19857.407     0.999986       133798     72817.78
   19857.407     1.000000       133798          inf
#[Mean    =    13113.138, StdDeviation   =     3830.457]
#[Max     =    19841.024, Total count    =       133798]
#[Buckets =           27, SubBuckets     =         2048]
----------------------------------------------------------
  203422 requests in 30.00s, 41.52MB read
Requests/sec:   6780.15
Transfer/sec:      1.38MB
WRKX_RESULT {"durationUs":30002562,"requests":203422,"responses":203422,"errors":0,"bytes":43532606,"latencyAvgUs":13113138.141,"latencyP95Us":19136511.000,"latencyP99Us":19660799.000}
