Running 30s test @ http://localhost:9991/
  16 threads and 256 connections
  Thread calibration: mean lat.: 5.259ms, rate sampling interval: 16ms
  Thread calibration: mean lat.: 5.306ms, rate sampling interval: 16ms
  Thread calibration: mean lat.: 5.212ms, rate sampling interval: 16ms
  Thread calibration: mean lat.: 5.224ms, rate sampling interval: 16ms
  Thread calibration: mean lat.: 5.360ms, rate sampling interval: 16ms
  Thread calibration: mean lat.: 5.333ms, rate sampling interval: 16ms
  Thread calibration: mean lat.: 5.320ms, rate sampling interval: 16ms
  Thread calibration: mean lat.: 5.325ms, rate sampling interval: 16ms
  Thread calibration: mean lat.: 5.298ms, rate sampling interval: 16ms
  Thread calibration: mean lat.: 5.277ms, rate sampling interval: 16ms
  Thread calibration: mean lat.: 5.342ms, rate sampling interval: 16ms
  Thread calibration: mean lat.: 5.267ms, rate sampling interval: 16ms
  Thread calibration: mean lat.: 5.325ms, rate sampling interval: 16ms
  Thread calibration: mean lat.: 5.358ms, rate sampling interval: 16ms
  Thread calibration: mean lat.: 5.312ms, rate sampling interval: 16ms
  Thread calibration: mean lat.: 5.249ms, rate sampling interval: 16ms
  Thread Stats   Avg      Stdev     Max   +/- Stdev
    Latency     4.72ms    1.77ms  21.36ms   70.97%
    Req/Sec   322.52     93.03   600.00     67.90%
  Latency Distribution (HdrHistogram - Recorded Latency)
 50.000%    4.43ms
 75.000%    5.67ms
 90.000%    7.07ms
 99.000%   10.17ms
 99.900%   13.26ms
 99.990%   18.00ms
 99.999%   20.72ms
100.000%   21.38ms

  Detailed Percentile spectrum:
       Value   Percentile   TotalCount 1/(1-Percentile)

       1.453     0.000000            1         1.00
       2.759     0.100000         9985         1.11
       3.195     0.200000        19970         1.25
       3.603     0.300000        29904         1.43
       4.021     0.400000        39859         1.67
       4.435     0.500000        49852         2.00
       4.651     0.550000        54854         2.22
       4.875     0.600000        59796         2.50
       5.115     0.650000        64758         2.86
       5.379     0.700000        69775         3.33
       5.671     0.750000        74724         4.00
       5.831     0.775000        77208         4.44
       6.015     0.800000        79701         5.00
       6.219     0.825000        82192         5.71
       6.463     0.850000        84656         6.67
       6.739     0.875000        87150         8.00
       6.891     0.887500        88396         8.89
       7.071     0.900000        89644        10.00
       7.267     0.912500        90883        11.43
       7.495     0.925000        92128        13.33
       7.755     0.937500        93369        16.00
       7.919     0.943750        94006        17.78
       8.087     0.950000        94614        20.00
       8.263     0.956250        95251        22.86
       8.479     0.962500        95872        26.67
       8.727     0.968750        96481        32.00
       8.863     0.971875        96794        35.56
       9.023     0.975000        97112        40.00
       9.191     0.978125        97428        45.71
       9.399     0.981250        97728        53.33
       9.623     0.984375        98042        64.00
       9.751     0.985938        98197        71.11
       9.903     0.987500        98351        80.00
      10.055     0.989062        98508        91.43
      10.247     0.990625        98659       106.67
      10.479     0.992188        98813       128.00
      10.615     0.992969        98895       142.22
      10.727     0.993750        98970       160.00
      10.887     0.994531        99049       182.86
      11.047     0.995313        99125       213.33
      11.311     0.996094        99202       256.00
      11.455     0.996484        99241       284.44
      11.607     0.996875        99280       320.00
      11.743     0.997266        99320       365.71
      11.991     0.997656        99358       426.67
      12.255     0.998047        99397       512.00
      12.415     0.998242        99416       568.89
      12.583     0.998437        99436       640.00
      12.847     0.998633        99455       731.43
      13.103     0.998828        99475       853.33
      13.335     0.999023        99494      1024.00
      13.559     0.999121        99504      1137.78
      13.695     0.999219        99515      1280.00
      13.863     0.999316        99523      1462.86
      14.047     0.999414        99533      1706.67
      14.399     0.999512        99544      2048.00
      14.479     0.999561        99548      2275.56
      14.631     0.999609        99553      2560.00
      14.799     0.999658        99557      2925.71
      14.871     0.999707        99562      3413.33
      15.407     0.999756        99567      4096.00
      15.567     0.999780        99570      4551.11
      15.591     0.999805        99572      5120.00
      15.847     0.999829        99574      5851.43
      16.175     0.999854        99577      6826.67
      16.511     0.999878        99579      8192.00
      17.999     0.999890        99581      9102.22
      18.159     0.999902        99582     10240.00
      18.223     0.999915        99583     11702.86
      18.239     0.999927        99585     13653.33
      18.239     0.999939        99585     16384.00
      19.263     0.999945        99586     18204.44
      19.359     0.999951        99587     20480.00
      19.359     0.999957        99587     23405.71
      19.983     0.999963        99588     27306.67
      19.983     0.999969        99588     32768.00
      20.415     0.999973        99589     36408.89
      20.415     0.999976        99589     40960.00
      20.415     0.999979        99589     46811.43
      20.719     0.999982        99590     54613.33
      20.719     0.999985        99590     65536.00
      20.719     0.999986        99590     72817.78
      20.719     0.999988        99590     81920.00
      20.719     0.999989        99590     93622.86
      21.375     0.999991        99591    109226.67
      21.375     1.000000        99591          inf
#[Mean    =        4.724, StdDeviation   =        1.770]
#[Max     =       21.360, Total count    =        99591]
#[Buckets =           27, SubBuckets     =         2048]
----------------------------------------------------------
  149909 requests in 30.00s, 30.59MB read
Requests/sec:   4996.38
Transfer/sec:      1.02MB
WRKX_RESULT {"durationUs":30003513,"requests":149909,"responses":149909,"errors":0,"bytes":32080675,"latencyAvgUs":4724.421,"latencyP95Us":8087.000,"latencyP99Us":10167.000}
