Running 30s test @ http://localhost:9991/
  16 threads and 256 connections
  Thread calibration: mean lat.: 4383.160ms, rate sampling interval: 15769ms
  Thread calibration: mean lat.: 4387.904ms, rate sampling interval: 15785ms
  Thread calibration: mean lat.: 4391.133ms, rate sampling interval: 15785ms
  Thread calibration: mean lat.: 4385.526ms, rate sampling interval: 15785ms
  Thread calibration: mean lat.: 4385.449ms, rate sampling interval: 15785ms
  Thread calibration: mean lat.: 4386.565ms, rate sampling interval: 15777ms
  Thread calibration: mean lat.: 4385.265ms, rate sampling interval: 15769ms
  Thread calibration: mean lat.: 4378.992ms, rate sampling interval: 15769ms
  Thread calibration: mean lat.: 4386.264ms, rate sampling interval: 15777ms
  Thread calibration: mean lat.: 4391.051ms, rate sampling interval: 15777ms
  Thread calibration: mean lat.: 4386.688ms, rate sampling interval: 15769ms
  Thread calibration: mean lat.: 4384.642ms, rate sampling interval: 15777ms
  Thread calibration: mean lat.: 4382.925ms, rate sampling interval: 15777ms
  Thread calibration: mean lat.: 4390.299ms, rate sampling interval: 15785ms
  Thread calibration: mean lat.: 4394.854ms, rate sampling interval: 15785ms
  Thread calibration: mean lat.: 4394.287ms, rate sampling interval: 15785ms
  Thread Stats   Avg      Stdev     Max   +/- Stdev
    Latency    17.15s     4.92s   25.95s    58.34%
    Req/Sec   429.94      0.24   430.00    100.00%
  Latency Distribution (HdrHistogram - Recorded Latency)
 50.000%   17.07s 
 75.000%   21.36s 
 90.000%   24.10s 
 99.000%   25.76s 
 99.900%   25.92s 
 99.990%   25.95s 
 99.999%   25.95s 
100.000%   25.97s 

  Detailed Percentile spectrum:
       Value   Percentile   TotalCount 1/(1-Percentile)

    8683.519     0.000000            1         1.00
   10420.223     0.100000        13590         1.11
   12107.775     0.200000        27097         1.25
   13762.559     0.300000        40600         1.43
   15409.151     0.400000        54104         1.67
   17072.127     0.500000        67620         2.00
   17907.711     0.550000        74435         2.22
   18677.759     0.600000        81173         2.50
   19513.343     0.650000        87899         2.86
   20414.463     0.700000        94647         3.33
   21364.735     0.750000       101477         4.00
   21790.719     0.775000       104794         4.44
   22249.471     0.800000       108167         5.00
   22740.991     0.825000       111589         5.71
   23199.743     0.850000       115011         6.67
   23642.111     0.875000       118369         8.00
   23871.487     0.887500       120018         8.89
   24100.863     0.900000       121677        10.00
   24346.623     0.912500       123449        11.43
   24575.999     0.925000       125131        13.33
   24805.375     0.937500       126821        16.00
   24920.063     0.943750       127672        17.78
   25034.751     0.950000       128511        20.00
   25149.439     0.956250       129337        22.86
   25264.127     0.962500       130154        26.67
   25378.815     0.968750       131025        32.00
   25444.351     0.971875       131528        35.56
   25493.503     0.975000       131881        40.00
   25542.655     0.978125       132264        45.71
   25608.191     0.981250       132775        53.33
   25657.343     0.984375       133126        64.00
   25690.111     0.985938       133361        71.11
   25722.879     0.987500       133619        80.00
   25739.263     0.989062       133740        91.43
   25772.031     0.990625       134001       106.67
   25804.799     0.992188       134241       128.00
   25821.183     0.992969       134360       142.22
   25821.183     0.993750       134360       160.00
   25837.567     0.994531       134477       182.86
   25853.951     0.995313       134606       213.33
   25870.335     0.996094       134732       256.00
   25870.335     0.996484       134732       284.44
   25886.719     0.996875       134868       320.00
   25886.719     0.997266       134868       365.71
   25903.103     0.997656       134992       426.67
   25903.103     0.998047       134992       512.00
   25903.103     0.998242       134992       568.89
   25903.103     0.998437       134992       640.00
   25919.487     0.998633       135102       731.43
   25919.487     0.998828       135102       853.33
   25919.487     0.999023       135102      1024.00
   25919.487     0.999121       135102      1137.78
   25919.487     0.999219       135102      1280.00
   25919.487     0.999316       135102      1462.86
   25935.871     0.999414       135164      1706.67
   25935.871     0.999512       135164      2048.00
   25935.871     0.999561       135164      2275.56
   25935.871     0.999609       135164      2560.00
   25935.871     0.999658       135164      2925.71
   25935.871     0.999707       135164      3413.33
   25935.871     0.999756       135164      4096.00
   25952.255     0.999780       135193      4551.11
   25952.255     0.999805       135193      5120.00
   25952.255     0.999829       135193      5851.43
   25952.255     0.999854       135193      6826.67
   25952.255     0.999878       135193      8192.00
   25952.255     0.999890       135193      9102.22
   25952.255     0.999902       135193     10240.00
   25952.255     0.999915       135193     11702.86
   25952.255     0.999927       135193     13653.33
   25952.255     0.999939       135193     16384.00
   25952.255     0.999945       135193     18204.44
   25952.255     0.999951       135193     20480.00
   25952.255     0.999957       135193     23405.71
   25952.255     0.999963       135193     27306.67
   25952.255     0.999969       135193     32768.00
   25952.255     0.999973       135193     36408.89
   25952.255     0.999976       135193     40960.00
   25952.255     0.999979       135193     46811.43
   25952.255     0.999982       135193     54613.33
   25952.255     0.999985       135193     65536.00
   25952.255     0.999986       135193     72817.78
   25952.255     0.999988       135193     81920.00
   25952.255     0.999989       135193     93622.86
   25952.255     0.999991       135193    109226.67
   25952.255     0.999992       135193    131072.00
   25968.639     0.999993       135194    145635.56
   25968.639     1.000000       135194          inf
#[Mean    =    17151.946, StdDeviation   =     4921.230]
#[Max     =    25952.256, Total count    =       135194]
#[Buckets =           27, SubBuckets     =         2048]
----------------------------------------------------------
  201797 requests in 30.00s, 41.18MB read
Requests/sec:   6725.75
Transfer/sec:      1.37MB
WRKX_RESULT {"durationUs":30003636,"requests":201797,"responses":201797,"errors":0,"bytes":43185005,"latencyAvgUs":17151946.132,"latencyP95Us":25034751.000,"latencyP99Us":25755647.000}
