Running 30s test @ http://localhost:9991/
  16 threads and 256 connections
  Thread calibration: mean lat.: 3763.430ms, rate sampling interval: 13910ms
  Thread calibration: mean lat.: 3760.415ms, rate sampling interval: 13918ms
  Thread calibration: mean lat.: 3500.191ms, rate sampling interval: 12713ms
  Thread calibration: mean lat.: 3763.520ms, rate sampling interval: 13910ms
  Thread calibration: mean lat.: 3761.289ms, rate sampling interval: 13901ms
  Thread calibration: mean lat.: 3763.472ms, rate sampling interval: 13901ms
  Thread calibration: mean lat.: 3763.539ms, rate sampling interval: 13910ms
  Thread calibration: mean lat.: 3765.311ms, rate sampling interval: 13918ms
  Thread calibration: mean lat.: 3765.048ms, rate sampling interval: 13901ms
  Thread calibration: mean lat.: 3762.116ms, rate sampling interval: 13901ms
  Thread calibration: mean lat.: 3767.747ms, rate sampling interval: 13910ms
  Thread calibration: mean lat.: 3763.648ms, rate sampling interval: 13910ms
  Thread calibration: mean lat.: 3769.544ms, rate sampling interval: 13918ms
  Thread calibration: mean lat.: 3762.748ms, rate sampling interval: 13893ms
  Thread calibration: mean lat.: 3760.288ms, rate sampling interval: 13910ms
  Thread calibration: mean lat.: 3765.875ms, rate sampling interval: 13918ms
  Thread Stats   Avg      Stdev     Max   +/- Stdev
    Latency    15.13s     4.44s   23.13s    57.82%
    Req/Sec   435.25      0.56   437.00     93.75%
  Latency Distribution (HdrHistogram - Recorded Latency)
 50.000%   15.01s 
 75.000%   18.96s 
 90.000%   21.43s 
 99.000%   22.94s 
 99.900%   23.10s 
 99.990%   23.13s 
 99.999%   23.15s 
100.000%   23.15s 

  Detailed Percentile spectrum:
       Value   Percentile   TotalCount 1/(1-Percentile)

    7020.543     0.000000            1         1.00
    9117.695     0.100000        13580         1.11
   10534.911     0.200000        27124         1.25
   12042.239     0.300000        40705         1.43
   13475.839     0.400000        54230         1.67
   15007.743     0.500000        67802         2.00
   15769.599     0.550000        74550         2.22
   16515.071     0.600000        81332         2.50
   17317.887     0.650000        88157         2.86
   18087.935     0.700000        94875         3.33
   18956.287     0.750000       101698         4.00
   19349.503     0.775000       105035         4.44
   19775.487     0.800000       108430         5.00
   20201.471     0.825000       111809         5.71
   20627.455     0.850000       115280         6.67
   21020.671     0.875000       118553         8.00
   21217.279     0.887500       120270         8.89
   21430.271     0.900000       122003        10.00
   21643.263     0.912500       123690        11.43
   21839.871     0.925000       125331        13.33
   22036.479     0.937500       127011        16.00
   22134.783     0.943750       127862        17.78
   22233.087     0.950000       128716        20.00
   22347.775     0.956250       129639        22.86
   22462.463     0.962500       130513        26.67
   22560.767     0.968750       131287        32.00
   22626.303     0.971875       131784        35.56
   22675.455     0.975000       132141        40.00
   22724.607     0.978125       132514        45.71
   22790.143     0.981250       133058        53.33
   22839.295     0.984375       133461        64.00
   22855.679     0.985938       133587        71.11
   22888.447     0.987500       133845        80.00
   22921.215     0.989062       134079        91.43
   22953.983     0.990625       134308       106.67
   22970.367     0.992188       134427       128.00
   22986.751     0.992969       134537       142.22
   23003.135     0.993750       134665       160.00
   23019.519     0.994531       134775       182.86
   23035.903     0.995313       134910       213.33
   23052.287     0.996094       135009       256.00
   23052.287     0.996484       135009       284.44
   23068.671     0.996875       135140       320.00
   23068.671     0.997266       135140       365.71
   23085.055     0.997656       135237       426.67
   23085.055     0.998047       135237       512.00
   23085.055     0.998242       135237       568.89
   23101.439     0.998437       135353       640.00
   23101.439     0.998633       135353       731.43
   23101.439     0.998828       135353       853.33
   23101.439     0.999023       135353      1024.00
   23101.439     0.999121       135353      1137.78
   23117.823     0.999219       135430      1280.00
   23117.823     0.999316       135430      1462.86
   23117.823     0.999414       135430      1706.67
   23117.823     0.999512       135430      2048.00
   23117.823     0.999561       135430      2275.56
   23117.823     0.999609       135430      2560.00
   23117.823     0.999658       135430      2925.71
   23134.207     0.999707       135462      3413.33
   23134.207     0.999756       135462      4096.00
   23134.207     0.999780       135462      4551.11
   23134.207     0.999805       135462      5120.00
   23134.207     0.999829       135462      5851.43
   23134.207     0.999854       135462      6826.67
   23134.207     0.999878       135462      8192.00
   23134.207     0.999890       135462      9102.22
   23134.207     0.999902       135462     10240.00
   23134.207     0.999915       135462     11702.86
   23134.207     0.999927       135462     13653.33
   23134.207     0.999939       135462     16384.00
   23150.591     0.999945       135470     18204.44
   23150.591     1.000000       135470          inf
#[Mean    =    15132.560, StdDeviation   =     4439.793]
#[Max     =    23134.208, Total count    =       135470]
#[Buckets =           27, SubBuckets     =         2048]
----------------------------------------------------------
  204842 requests in 30.00s, 41.81MB read
Requests/sec:   6827.04
Transfer/sec:      1.39MB
WRKX_RESULT {"durationUs":30004523,"requests":204842,"responses":204842,"errors":0,"bytes":43837082,"latencyAvgUs":15132559.917,"latencyP95Us":22233087.000,"latencyP99Us":22937599.000}
