Running 30s test @ http://localhost:9991/
  16 threads and 256 connections
  Thread calibration: mean lat.: 1431.245ms, rate sampling interval: 5287ms
  Thread calibration: mean lat.: 1438.086ms, rate sampling interval: 5308ms
  Thread calibration: mean lat.: 1442.397ms, rate sampling interval: 5320ms
  Thread calibration: mean lat.: 1432.393ms, rate sampling interval: 5296ms
  Thread calibration: mean lat.: 1431.205ms, rate sampling interval: 5296ms
  Thread calibration: mean lat.: 1433.914ms, rate sampling interval: 5312ms
  Thread calibration: mean lat.: 1431.969ms, rate sampling interval: 5292ms
  Thread calibration: mean lat.: 1439.578ms, rate sampling interval: 5328ms
  Thread calibration: mean lat.: 1434.266ms, rate sampling interval: 5304ms
  Thread calibration: mean lat.: 1432.949ms, rate sampling interval: 5300ms
  Thread calibration: mean lat.: 1437.760ms, rate sampling interval: 5304ms
  Thread calibration: mean lat.: 1433.297ms, rate sampling interval: 5300ms
  Thread calibration: mean lat.: 1360.490ms, rate sampling interval: 4919ms
  Thread calibration: mean lat.: 1437.725ms, rate sampling interval: 5312ms
  Thread calibration: mean lat.: 1440.043ms, rate sampling interval: 5316ms
  Thread calibration: mean lat.: 1441.548ms, rate sampling interval: 5328ms
  Thread Stats   Avg      Stdev     Max   +/- Stdev
    Latency     5.75s     1.70s    9.18s    59.84%
    Req/Sec   439.04     20.57   465.00     36.73%
  Latency Distribution (HdrHistogram - Recorded Latency)
 50.000%    5.64s 
 75.000%    6.99s 
 90.000%    8.31s 
 99.000%    9.00s 
 99.900%    9.10s 
 99.990%    9.15s 
 99.999%    9.18s 
100.000%    9.19s 

  Detailed Percentile spectrum:
       Value   Percentile   TotalCount 1/(1-Percentile)

    2693.119     0.000000            3         1.00
    3528.703     0.100000        13789         1.11
    4087.807     0.200000        27564         1.25
    4644.863     0.300000        41396         1.43
    5140.479     0.400000        55105         1.67
    5636.095     0.500000        68930         2.00
    5836.799     0.550000        75749         2.22
    6062.079     0.600000        82631         2.50
    6336.511     0.650000        89550         2.86
    6639.615     0.700000        96480         3.33
    6991.871     0.750000       103293         4.00
    7245.823     0.775000       106771         4.44
    7512.063     0.800000       110219         5.00
    7725.055     0.825000       113649         5.71
    7925.759     0.850000       117110         6.67
    8130.559     0.875000       120553         8.00
    8220.671     0.887500       122249         8.89
    8310.783     0.900000       123972        10.00
    8396.799     0.912500       125714        11.43
    8486.911     0.925000       127412        13.33
    8585.215     0.937500       129148        16.00
    8634.367     0.943750       129983        17.78
    8691.711     0.950000       130978        20.00
    8732.671     0.956250       131715        22.86
    8781.823     0.962500       132593        26.67
    8830.975     0.968750       133454        32.00
    8855.551     0.971875       133881        35.56
    8880.127     0.975000       134322        40.00
    8904.703     0.978125       134757        45.71
    8929.279     0.981250       135172        53.33
    8953.855     0.984375       135575        64.00
    8970.239     0.985938       135839        71.11
    8986.623     0.987500       136114        80.00
    8994.815     0.989062       136247        91.43
    9011.199     0.990625       136502       106.67
    9027.583     0.992188       136749       128.00
    9027.583     0.992969       136749       142.22
    9035.775     0.993750       136885       160.00
    9043.967     0.994531       136991       182.86
    9052.159     0.995313       137113       213.33
    9060.351     0.996094       137224       256.00
    9068.543     0.996484       137320       284.44
    9068.543     0.996875       137320       320.00
    9076.735     0.997266       137410       365.71
    9076.735     0.997656       137410       426.67
    9084.927     0.998047       137478       512.00
    9084.927     0.998242       137478       568.89
    9093.119     0.998437       137539       640.00
    9093.119     0.998633       137539       731.43
    9101.311     0.998828       137592       853.33
    9101.311     0.999023       137592      1024.00
    9101.311     0.999121       137592      1137.78
    9109.503     0.999219       137624      1280.00
    9109.503     0.999316       137624      1462.86
    9117.695     0.999414       137655      1706.67
    9117.695     0.999512       137655      2048.00
    9117.695     0.999561       137655      2275.56
    9125.887     0.999609       137672      2560.00
    9125.887     0.999658       137672      2925.71
    9125.887     0.999707       137672      3413.33
    9134.079     0.999756       137686      4096.00
    9134.079     0.999780       137686      4551.11
    9134.079     0.999805       137686      5120.00
    9142.271     0.999829       137696      5851.43
    9142.271     0.999854       137696      6826.67
    9142.271     0.999878       137696      8192.00
    9150.463     0.999890       137703      9102.22
    9150.463     0.999902       137703     10240.00
    9150.463     0.999915       137703     11702.86
    9150.463     0.999927       137703     13653.33
    9158.655     0.999939       137706     16384.00
    9158.655     0.999945       137706     18204.44
    9158.655     0.999951       137706     20480.00
    9166.847     0.999957       137709     23405.71
    9166.847     0.999963       137709     27306.67
    9166.847     0.999969       137709     32768.00
    9166.847     0.999973       137709     36408.89
    9166.847     0.999976       137709     40960.00
    9175.039     0.999979       137710     46811.43
    9175.039     0.999982       137710     54613.33
    9175.039     0.999985       137710     65536.00
    9183.231     0.999986       137711     72817.78
    9183.231     0.999988       137711     81920.00
    9183.231     0.999989       137711     93622.86
    9183.231     0.999991       137711    109226.67
    9183.231     0.999992       137711    131072.00
    9191.423     0.999993       137712    145635.56
    9191.423     1.000000       137712          inf
#[Mean    =     5748.753, StdDeviation   =     1695.053]
#[Max     =     9183.232, Total count    =       137712]
#[Buckets =           27, SubBuckets     =         2048]
----------------------------------------------------------
  208403 requests in 30.00s, 42.53MB read
Requests/sec:   6946.02
Transfer/sec:      1.42MB
WRKX_RESULT {"durationUs":30003209,"requests":208403,"responses":208403,"errors":0,"bytes":44598391,"latencyAvgUs":5748752.991,"latencyP95Us":8683519.000,"latencyP99Us":9003007.000}
