Running 30s test @ http://localhost:9991/
  16 threads and 256 connections
  Thread calibration: mean lat.: 4920.883ms, rate sampling interval: 17596ms
  Thread calibration: mean lat.: 4923.539ms, rate sampling interval: 17596ms
  Thread calibration: mean lat.: 4924.498ms, rate sampling interval: 17596ms
  Thread calibration: mean lat.: 4920.382ms, rate sampling interval: 17612ms
  Thread calibration: mean lat.: 4918.758ms, rate sampling interval: 17596ms
  Thread calibration: mean lat.: 4924.048ms, rate sampling interval: 17596ms
  Thread calibration: mean lat.: 4929.462ms, rate sampling interval: 17612ms
  Thread calibration: mean lat.: 4920.645ms, rate sampling interval: 17612ms
  Thread calibration: mean lat.: 4930.721ms, rate sampling interval: 17612ms
  Thread calibration: mean lat.: 4922.296ms, rate sampling interval: 17596ms
  Thread calibration: mean lat.: 4921.421ms, rate sampling interval: 17596ms
  Thread calibration: mean lat.: 4919.391ms, rate sampling interval: 17596ms
  Thread calibration: mean lat.: 4924.078ms, rate sampling interval: 17612ms
  Thread calibration: mean lat.: 4929.372ms, rate sampling interval: 17612ms
  Thread calibration: mean lat.: 4928.841ms, rate sampling interval: 17612ms
  Thread calibration: mean lat.: 4926.428ms, rate sampling interval: 17612ms
  Thread Stats   Avg      Stdev     Max   +/- Stdev
    Latency    19.04s     5.59s   28.98s    57.45%
    Req/Sec   409.12      0.33   410.00    100.00%
  Latency Distribution (HdrHistogram - Recorded Latency)
 50.000%   18.81s 
 75.000%   24.02s 
 90.000%   26.95s 
 99.000%   28.77s 
 99.900%   28.97s 
 99.990%   29.00s 
 99.999%   29.00s 
100.000%   29.00s 

  Detailed Percentile spectrum:
       Value   Percentile   TotalCount 1/(1-Percentile)

    9674.751     0.000000            4         1.00
   11493.375     0.100000        13008         1.11
   13311.999     0.200000        25978         1.25
   15089.663     0.300000        38983         1.43
   16875.519     0.400000        52014         1.67
   18808.831     0.500000        64880         2.00
   19775.487     0.550000        71372         2.22
   20742.143     0.600000        77915         2.50
   21807.103     0.650000        84419         2.86
   22970.367     0.700000        90909         3.33
   24018.943     0.750000        97360         4.00
   24510.463     0.775000       100662         4.44
   24969.215     0.800000       103869         5.00
   25444.351     0.825000       107126         5.71
   25919.487     0.850000       110337         6.67
   26427.391     0.875000       113529         8.00
   26689.535     0.887500       115174         8.89
   26951.679     0.900000       116787        10.00
   27213.823     0.912500       118496        11.43
   27459.583     0.925000       120057        13.33
   27721.727     0.937500       121696        16.00
   27852.799     0.943750       122528        17.78
   27967.487     0.950000       123261        20.00
   28098.559     0.956250       124132        22.86
   28229.631     0.962500       124953        26.67
   28344.319     0.968750       125728        32.00
   28409.855     0.971875       126154        35.56
   28475.391     0.975000       126559        40.00
   28540.927     0.978125       126953        45.71
   28606.463     0.981250       127394        53.33
   28655.615     0.984375       127720        64.00
   28688.383     0.985938       127934        71.11
   28721.151     0.987500       128151        80.00
   28753.919     0.989062       128367        91.43
   28786.687     0.990625       128580       106.67
   28819.455     0.992188       128784       128.00
   28835.839     0.992969       128888       142.22
   28852.223     0.993750       128981       160.00
   28868.607     0.994531       129067       182.86
   28884.991     0.995313       129174       213.33
   28901.375     0.996094       129273       256.00
   28917.759     0.996484       129391       284.44
   28917.759     0.996875       129391       320.00
   28917.759     0.997266       129391       365.71
   28934.143     0.997656       129494       426.67
   28934.143     0.998047       129494       512.00
   28950.527     0.998242       129587       568.89
   28950.527     0.998437       129587       640.00
   28950.527     0.998633       129587       731.43
   28966.911     0.998828       129665       853.33
   28966.911     0.999023       129665      1024.00
   28966.911     0.999121       129665      1137.78
   28966.911     0.999219       129665      1280.00
   28966.911     0.999316       129665      1462.86
   28966.911     0.999414       129665      1706.67
   28983.295     0.999512       129712      2048.00
   28983.295     0.999561       129712      2275.56
   28983.295     0.999609       129712      2560.00
   28983.295     0.999658       129712      2925.71
   28983.295     0.999707       129712      3413.33
   28983.295     0.999756       129712      4096.00
   28999.679     0.999780       129741      4551.11
   28999.679     1.000000       129741          inf
#[Mean    =    19041.819, StdDeviation   =     5594.906]
#[Max     =    28983.296, Total count    =       129741]
#[Buckets =           27, SubBuckets     =         2048]
----------------------------------------------------------
  198048 requests in 30.01s, 40.42MB read
Requests/sec:   6600.01
Transfer/sec:      1.35MB
WRKX_RESULT {"durationUs":30007214,"requests":198048,"responses":198048,"errors":0,"bytes":42382570,"latencyAvgUs":19041818.634,"latencyP95Us":27967487.000,"latencyP99Us":28770303.000}
