Running 30s test @ http://localhost:9991/
  16 threads and 256 connections
  Thread calibration: mean lat.: 2993.967ms, rate sampling interval: 10477ms
  Thread calibration: mean lat.: 3000.097ms, rate sampling interval: 10493ms
  Thread calibration: mean lat.: 2988.788ms, rate sampling interval: 10469ms
  Thread calibration: mean lat.: 2997.179ms, rate sampling interval: 10485ms
  Thread calibration: mean lat.: 2995.511ms, rate sampling interval: 10469ms
  Thread calibration: mean lat.: 3001.715ms, rate sampling interval: 10493ms
  Thread calibration: mean lat.: 2991.345ms, rate sampling interval: 10477ms
  Thread calibration: mean lat.: 2993.696ms, rate sampling interval: 10477ms
  Thread calibration: mean lat.: 3006.149ms, rate sampling interval: 10502ms
  Thread calibration: mean lat.: 2992.948ms, rate sampling interval: 10485ms
  Thread calibration: mean lat.: 2996.208ms, rate sampling interval: 10477ms
  Thread calibration: mean lat.: 2998.714ms, rate sampling interval: 10493ms
  Thread calibration: mean lat.: 2996.255ms, rate sampling interval: 10485ms
  Thread calibration: mean lat.: 2996.966ms, rate sampling interval: 10485ms
  Thread calibration: mean lat.: 2997.676ms, rate sampling interval: 10493ms
  Thread calibration: mean lat.: 2995.831ms, rate sampling interval: 10485ms
  Thread Stats   Avg      Stdev     Max   +/- Stdev
    Latency    10.88s     3.01s   16.21s    58.13%
    Req/Sec   445.94      0.56   447.00    100.00%
  Latency Distribution (HdrHistogram - Recorded Latency)
 50.000%   10.90s 
 75.000%   13.48s 
 90.000%   15.10s 
 99.000%   16.05s 
 99.900%   16.15s 
 99.990%   16.19s 
 99.999%   16.21s 
100.000%   16.22s 

  Detailed Percentile spectrum:
       Value   Percentile   TotalCount 1/(1-Percentile)

    5664.767     0.000000            1         1.00
    6733.823     0.100000        14218         1.11
    7782.399     0.200000        28372         1.25
    8798.207     0.300000        42603         1.43
    9822.207     0.400000        56732         1.67
   10895.359     0.500000        70988         2.00
   11386.879     0.550000        78028         2.22
   11886.591     0.600000        85139         2.50
   12402.687     0.650000        92294         2.86
   12935.167     0.700000        99371         3.33
   13484.031     0.750000       106477         4.00
   13737.983     0.775000       109934         4.44
   13991.935     0.800000       113520         5.00
   14262.271     0.825000       117093         5.71
   14557.183     0.850000       120645         6.67
   14843.903     0.875000       124174         8.00
   14974.975     0.887500       125914         8.89
   15097.855     0.900000       127660        10.00
   15228.927     0.912500       129483        11.43
   15359.999     0.925000       131254        13.33
   15482.879     0.937500       132970        16.00
   15548.415     0.943750       133900        17.78
   15613.951     0.950000       134803        20.00
   15679.487     0.956250       135646        22.86
   15753.215     0.962500       136579        26.67
   15818.751     0.968750       137436        32.00
   15851.519     0.971875       137873        35.56
   15884.287     0.975000       138302        40.00
   15917.055     0.978125       138748        45.71
   15949.823     0.981250       139164        53.33
   15990.783     0.984375       139684        64.00
   16007.167     0.985938       139895        71.11
   16023.551     0.987500       140101        80.00
   16039.935     0.989062       140320        91.43
   16056.319     0.990625       140544       106.67
   16072.703     0.992188       140775       128.00
   16080.895     0.992969       140882       142.22
   16089.087     0.993750       140999       160.00
   16097.279     0.994531       141092       182.86
   16105.471     0.995313       141199       213.33
   16113.663     0.996094       141307       256.00
   16121.855     0.996484       141399       284.44
   16121.855     0.996875       141399       320.00
   16130.047     0.997266       141503       365.71
   16130.047     0.997656       141503       426.67
   16138.239     0.998047       141572       512.00
   16138.239     0.998242       141572       568.89
   16146.431     0.998437       141645       640.00
   16146.431     0.998633       141645       731.43
   16154.623     0.998828       141707       853.33
   16154.623     0.999023       141707      1024.00
   16154.623     0.999121       141707      1137.78
   16154.623     0.999219       141707      1280.00
   16162.815     0.999316       141748      1462.86
   16162.815     0.999414       141748      1706.67
   16162.815     0.999512       141748      2048.00
   16171.007     0.999561       141773      2275.56
   16171.007     0.999609       141773      2560.00
   16171.007     0.999658       141773      2925.71
   16171.007     0.999707       141773      3413.33
   16179.199     0.999756       141790      4096.00
   16179.199     0.999780       141790      4551.11
   16179.199     0.999805       141790      5120.00
   16179.199     0.999829       141790      5851.43
   16187.391     0.999854       141802      6826.67
   16187.391     0.999878       141802      8192.00
   16187.391     0.999890       141802      9102.22
   16187.391     0.999902       141802     10240.00
   16187.391     0.999915       141802     11702.86
   16195.583     0.999927       141809     13653.33
   16195.583     0.999939       141809     16384.00
   16195.583     0.999945       141809     18204.44
   16195.583     0.999951       141809     20480.00
   16195.583     0.999957       141809     23405.71
   16195.583     0.999963       141809     27306.67
   16203.775     0.999969       141810     32768.00
   16211.967     0.999973       141813     36408.89
   16211.967     0.999976       141813     40960.00
   16211.967     0.999979       141813     46811.43
   16211.967     0.999982       141813     54613.33
   16211.967     0.999985       141813     65536.00
   16211.967     0.999986       141813     72817.78
   16211.967     0.999988       141813     81920.00
   16211.967     0.999989       141813     93622.86
   16211.967     0.999991       141813    109226.67
   16211.967     0.999992       141813    131072.00
   16220.159     0.999993       141814    145635.56
   16220.159     1.000000       141814          inf
#[Mean    =    10883.372, StdDeviation   =     3010.041]
#[Max     =    16211.968, Total count    =       141814]
#[Buckets =           27, SubBuckets     =         2048]
----------------------------------------------------------
  207277 requests in 30.00s, 42.30MB read
Requests/sec:   6908.31
Transfer/sec:      1.41MB
WRKX_RESULT {"durationUs":30003999,"requests":207277,"responses":207277,"errors":0,"bytes":44357278,"latencyAvgUs":10883372.036,"latencyP95Us":15613951.000,"latencyP99Us":16048127.000}
