Running 30s test @ http://localhost:9991/
  16 threads and 256 connections
  Thread calibration: mean lat.: 4311.069ms, rate sampling interval: 15310ms
  Thread calibration: mean lat.: 4312.209ms, rate sampling interval: 15319ms
  Thread calibration: mean lat.: 4310.720ms, rate sampling interval: 15310ms
  Thread calibration: mean lat.: 4308.633ms, rate sampling interval: 15302ms
  Thread calibration: mean lat.: 4314.901ms, rate sampling interval: 15319ms
  Thread calibration: mean lat.: 4312.337ms, rate sampling interval: 15319ms
  Thread calibration: mean lat.: 4309.122ms, rate sampling interval: 15310ms
  Thread calibration: mean lat.: 4309.678ms, rate sampling interval: 15302ms
  Thread calibration: mean lat.: 4315.340ms, rate sampling interval: 15327ms
  Thread calibration: mean lat.: 4309.211ms, rate sampling interval: 15310ms
  Thread calibration: mean lat.: 4310.612ms, rate sampling interval: 15310ms
  Thread calibration: mean lat.: 4307.127ms, rate sampling interval: 15319ms
  Thread calibration: mean lat.: 4303.810ms, rate sampling interval: 15302ms
  Thread calibration: mean lat.: 4310.056ms, rate sampling interval: 15319ms
  Thread calibration: mean lat.: 4311.350ms, rate sampling interval: 15310ms
  Thread calibration: mean lat.: 4318.940ms, rate sampling interval: 15319ms
  Thread Stats   Avg      Stdev     Max   +/- Stdev
    Latency    16.65s     4.74s   24.90s    57.82%
    Req/Sec   433.00      0.00   433.00    100.00%
  Latency Distribution (HdrHistogram - Recorded Latency)
 50.000%   16.70s 
 75.000%   20.71s 
 90.000%   23.22s 
 99.000%   24.74s 
 99.900%   24.89s 
 99.990%   24.90s 
 99.999%   24.92s 
100.000%   24.92s 

  Detailed Percentile spectrum:
       Value   Percentile   TotalCount 1/(1-Percentile)

    8396.799     0.000000            4         1.00
   10059.775     0.100000        13822         1.11
   11730.943     0.200000        27612         1.25
   13377.535     0.300000        41387         1.43
   15024.127     0.400000        55137         1.67
   16695.295     0.500000        68924         2.00
   17481.727     0.550000        75871         2.22
   18300.927     0.600000        82768         2.50
   19120.127     0.650000        89538         2.86
   19890.175     0.700000        96463         3.33
   20709.375     0.750000       103384         4.00
   21151.743     0.775000       106842         4.44
   21610.495     0.800000       110320         5.00
   22003.711     0.825000       113755         5.71
   22396.927     0.850000       117216         6.67
   22806.527     0.875000       120598         8.00
   23019.519     0.887500       122322         8.89
   23216.127     0.900000       123999        10.00
   23429.119     0.912500       125688        11.43
   23642.111     0.925000       127474        13.33
   23838.719     0.937500       129199        16.00
   23937.023     0.943750       130005        17.78
   24051.711     0.950000       130926        20.00
   24166.399     0.956250       131800        22.86
   24264.703     0.962500       132579        26.67
   24379.391     0.968750       133523        32.00
   24428.543     0.971875       133896        35.56
   24494.079     0.975000       134439        40.00
   24543.231     0.978125       134848        45.71
   24592.383     0.981250       135238        53.33
   24641.535     0.984375       135639        64.00
   24674.303     0.985938       135900        71.11
   24690.687     0.987500       136032        80.00
   24723.455     0.989062       136310        91.43
   24739.839     0.990625       136449       106.67
   24772.607     0.992188       136743       128.00
   24788.991     0.992969       136883       142.22
   24788.991     0.993750       136883       160.00
   24805.375     0.994531       137024       182.86
   24821.759     0.995313       137170       213.33
   24838.143     0.996094       137311       256.00
   24838.143     0.996484       137311       284.44
   24838.143     0.996875       137311       320.00
   24854.527     0.997266       137446       365.71
   24854.527     0.997656       137446       426.67
   24870.911     0.998047       137586       512.00
   24870.911     0.998242       137586       568.89
   24870.911     0.998437       137586       640.00
   24870.911     0.998633       137586       731.43
   24870.911     0.998828       137586       853.33
   24887.295     0.999023       137673      1024.00
   24887.295     0.999121       137673      1137.78
   24887.295     0.999219       137673      1280.00
   24887.295     0.999316       137673      1462.86
   24887.295     0.999414       137673      1706.67
   24887.295     0.999512       137673      2048.00
   24903.679     0.999561       137725      2275.56
   24903.679     0.999609       137725      2560.00
   24903.679     0.999658       137725      2925.71
   24903.679     0.999707       137725      3413.33
   24903.679     0.999756       137725      4096.00
   24903.679     0.999780       137725      4551.11
   24903.679     0.999805       137725      5120.00
   24903.679     0.999829       137725      5851.43
   24903.679     0.999854       137725      6826.67
   24903.679     0.999878       137725      8192.00
   24903.679     0.999890       137725      9102.22
   24903.679     0.999902       137725     10240.00
   24920.063     0.999915       137737     11702.86
   24920.063     1.000000       137737          inf
#[Mean    =    16646.114, StdDeviation   =     4743.346]
#[Max     =    24903.680, Total count    =       137737]
#[Buckets =           27, SubBuckets     =         2048]
----------------------------------------------------------
  202992 requests in 30.00s, 41.43MB read
Requests/sec:   6765.32
Transfer/sec:      1.38MB
WRKX_RESULT {"durationUs":30004791,"requests":202992,"responses":202992,"errors":0,"bytes":43440884,"latencyAvgUs":16646113.905,"latencyP95Us":24051711.000,"latencyP99Us":24739839.000}
