Running 30s test @ http://localhost:9991/
  16 threads and 256 connections
  Thread calibration: mean lat.: 4642.661ms, rate sampling interval: 16719ms
  Thread calibration: mean lat.: 4645.501ms, rate sampling interval: 16711ms
  Thread calibration: mean lat.: 4645.247ms, rate sampling interval: 16711ms
  Thread calibration: mean lat.: 4644.610ms, rate sampling interval: 16719ms
  Thread calibration: mean lat.: 4655.373ms, rate sampling interval: 16728ms
  Thread calibration: mean lat.: 4652.111ms, rate sampling interval: 16711ms
  Thread calibration: mean lat.: 4643.597ms, rate sampling interval: 16703ms
  Thread calibration: mean lat.: 4646.182ms, rate sampling interval: 16719ms
  Thread calibration: mean lat.: 4645.313ms, rate sampling interval: 16711ms
  Thread calibration: mean lat.: 4646.185ms, rate sampling interval: 16703ms
  Thread calibration: mean lat.: 4649.818ms, rate sampling interval: 16719ms
  Thread calibration: mean lat.: 4647.770ms, rate sampling interval: 16711ms
  Thread calibration: mean lat.: 4648.796ms, rate sampling interval: 16711ms
  Thread calibration: mean lat.: 4649.749ms, rate sampling interval: 16736ms
  Thread calibration: mean lat.: 4647.268ms, rate sampling interval: 16703ms
  Thread calibration: mean lat.: 4654.374ms, rate sampling interval: 16728ms
  Thread Stats   Avg      Stdev     Max   +/- Stdev
    Latency    18.13s     5.23s   27.28s    57.75%
    Req/Sec   433.75      0.43   434.00    100.00%
  Latency Distribution (HdrHistogram - Recorded Latency)
 50.000%   18.09s 
 75.000%   22.66s 
 90.000%   25.46s 
 99.000%   27.10s 
 99.900%   27.26s 
 99.990%   27.30s 
 99.999%   27.30s 
100.000%   27.30s 

  Detailed Percentile spectrum:
       Value   Percentile   TotalCount 1/(1-Percentile)

    9166.847     0.000000            6         1.00
   10944.511     0.100000        13853         1.11
   12738.559     0.200000        27660         1.25
   14467.071     0.300000        41517         1.43
   16252.927     0.400000        55335         1.67
   18087.935     0.500000        69137         2.00
   18972.671     0.550000        76015         2.22
   19890.175     0.600000        83018         2.50
   20824.063     0.650000        89890         2.86
   21725.183     0.700000        96755         3.33
   22659.071     0.750000       103687         4.00
   23134.207     0.775000       107182         4.44
   23625.727     0.800000       110627         5.00
   24084.479     0.825000       114054         5.71
   24543.231     0.850000       117577         6.67
   25001.983     0.875000       121045         8.00
   25214.975     0.887500       122680         8.89
   25460.735     0.900000       124461        10.00
   25690.111     0.912500       126203        11.43
   25935.871     0.925000       127967        13.33
   26148.863     0.937500       129581        16.00
   26279.935     0.943750       130503        17.78
   26394.623     0.950000       131350        20.00
   26509.311     0.956250       132265        22.86
   26607.615     0.962500       133056        26.67
   26722.303     0.968750       133968        32.00
   26771.455     0.971875       134394        35.56
   26820.607     0.975000       134757        40.00
   26886.143     0.978125       135262        45.71
   26935.295     0.981250       135658        53.33
   27000.831     0.984375       136166        64.00
   27017.215     0.985938       136266        71.11
   27049.983     0.987500       136520        80.00
   27082.751     0.989062       136777        91.43
   27099.135     0.990625       136929       106.67
   27131.903     0.992188       137187       128.00
   27148.287     0.992969       137291       142.22
   27164.671     0.993750       137443       160.00
   27181.055     0.994531       137549       182.86
   27197.439     0.995313       137704       213.33
   27197.439     0.996094       137704       256.00
   27213.823     0.996484       137805       284.44
   27213.823     0.996875       137805       320.00
   27230.207     0.997266       137962       365.71
   27230.207     0.997656       137962       426.67
   27230.207     0.998047       137962       512.00
   27246.591     0.998242       138047       568.89
   27246.591     0.998437       138047       640.00
   27246.591     0.998633       138047       731.43
   27246.591     0.998828       138047       853.33
   27262.975     0.999023       138154      1024.00
   27262.975     0.999121       138154      1137.78
   27262.975     0.999219       138154      1280.00
   27262.975     0.999316       138154      1462.86
   27262.975     0.999414       138154      1706.67
   27262.975     0.999512       138154      2048.00
   27262.975     0.999561       138154      2275.56
   27279.359     0.999609       138190      2560.00
   27279.359     0.999658       138190      2925.71
   27279.359     0.999707       138190      3413.33
   27279.359     0.999756       138190      4096.00
   27279.359     0.999780       138190      4551.11
   27279.359     0.999805       138190      5120.00
   27279.359     0.999829       138190      5851.43
   27279.359     0.999854       138190      6826.67
   27295.743     0.999878       138208      8192.00
   27295.743     1.000000       138208          inf
#[Mean    =    18134.216, StdDeviation   =     5234.469]
#[Max     =    27279.360, Total count    =       138208]
#[Buckets =           27, SubBuckets     =         2048]
----------------------------------------------------------
  202366 requests in 30.01s, 41.30MB read
Requests/sec:   6744.03
Transfer/sec:      1.38MB
WRKX_RESULT {"durationUs":30006709,"requests":202366,"responses":202366,"errors":0,"bytes":43307069,"latencyAvgUs":18134216.343,"latencyP95Us":26394623.000,"latencyP99Us":27099135.000}
