Running 30s test @ http://localhost:9991/
  16 threads and 256 connections
  Thread calibration: mean lat.: 4517.758ms, rate sampling interval: 16269ms
  Thread calibration: mean lat.: 4514.815ms, rate sampling interval: 16277ms
  Thread calibration: mean lat.: 4520.583ms, rate sampling interval: 16277ms
  Thread calibration: mean lat.: 4521.466ms, rate sampling interval: 16285ms
  Thread calibration: mean lat.: 4515.605ms, rate sampling interval: 16277ms
  Thread calibration: mean lat.: 4517.205ms, rate sampling interval: 16285ms
  Thread calibration: mean lat.: 4514.646ms, rate sampling interval: 16277ms
  Thread calibration: mean lat.: 4515.975ms, rate sampling interval: 16269ms
  Thread calibration: mean lat.: 4513.960ms, rate sampling interval: 16277ms
  Thread calibration: mean lat.: 4518.494ms, rate sampling interval: 16277ms
  Thread calibration: mean lat.: 4514.942ms, rate sampling interval: 16269ms
  Thread calibration: mean lat.: 4523.930ms, rate sampling interval: 16277ms
  Thread calibration: mean lat.: 4520.465ms, rate sampling interval: 16269ms
  Thread calibration: mean lat.: 4517.184ms, rate sampling interval: 16269ms
  Thread calibration: mean lat.: 4519.145ms, rate sampling interval: 16277ms
  Thread calibration: mean lat.: 4519.049ms, rate sampling interval: 16269ms
  Thread Stats   Avg      Stdev     Max   +/- Stdev
    Latency    18.10s     5.21s   27.08s    57.69%
    Req/Sec   448.19      0.39   449.00    100.00%
  Latency Distribution (HdrHistogram - Recorded Latency)
 50.000%   18.14s 
 75.000%   22.61s 
 90.000%   25.28s 
 99.000%   26.89s 
 99.900%   27.05s 
 99.990%   27.08s 
 99.999%   27.10s 
100.000%   27.10s 

  Detailed Percentile spectrum:
       Value   Percentile   TotalCount 1/(1-Percentile)

    9035.775     0.000000            7         1.00
   10821.631     0.100000        14367         1.11
   12673.023     0.200000        28732         1.25
   14524.415     0.300000        43008         1.43
   16334.847     0.400000        57351         1.67
   18137.087     0.500000        71681         2.00
   19038.207     0.550000        78876         2.22
   19939.327     0.600000        86099         2.50
   20840.447     0.650000        93236         2.86
   21741.567     0.700000       100420         3.33
   22609.919     0.750000       107574         4.00
   23068.671     0.775000       111163         4.44
   23511.039     0.800000       114719         5.00
   23953.407     0.825000       118329         5.71
   24395.775     0.850000       121893         6.67
   24838.143     0.875000       125536         8.00
   25051.135     0.887500       127242         8.89
   25280.511     0.900000       129126        10.00
   25509.887     0.912500       130937        11.43
   25722.879     0.925000       132660        13.33
   25952.255     0.937500       134441        16.00
   26066.943     0.943750       135357        17.78
   26181.631     0.950000       136284        20.00
   26296.319     0.956250       137172        22.86
   26411.007     0.962500       138085        26.67
   26525.695     0.968750       138974        32.00
   26574.847     0.971875       139363        35.56
   26640.383     0.975000       139874        40.00
   26689.535     0.978125       140257        45.71
   26738.687     0.981250       140675        53.33
   26804.223     0.984375       141230        64.00
   26820.607     0.985938       141379        71.11
   26853.375     0.987500       141652        80.00
   26886.143     0.989062       141921        91.43
   26902.527     0.990625       142048       106.67
   26935.295     0.992188       142317       128.00
   26951.679     0.992969       142447       142.22
   26968.063     0.993750       142586       160.00
   26968.063     0.994531       142586       182.86
   26984.447     0.995313       142712       213.33
   27000.831     0.996094       142849       256.00
   27017.215     0.996484       142974       284.44
   27017.215     0.996875       142974       320.00
   27017.215     0.997266       142974       365.71
   27033.599     0.997656       143110       426.67
   27033.599     0.998047       143110       512.00
   27033.599     0.998242       143110       568.89
   27049.983     0.998437       143223       640.00
   27049.983     0.998633       143223       731.43
   27049.983     0.998828       143223       853.33
   27049.983     0.999023       143223      1024.00
   27066.367     0.999121       143304      1137.78
   27066.367     0.999219       143304      1280.00
   27066.367     0.999316       143304      1462.86
   27066.367     0.999414       143304      1706.67
   27066.367     0.999512       143304      2048.00
   27066.367     0.999561       143304      2275.56
   27066.367     0.999609       143304      2560.00
   27082.751     0.999658       143346      2925.71
   27082.751     0.999707       143346      3413.33
   27082.751     0.999756       143346      4096.00
   27082.751     0.999780       143346      4551.11
   27082.751     0.999805       143346      5120.00
   27082.751     0.999829       143346      5851.43
   27082.751     0.999854       143346      6826.67
   27082.751     0.999878       143346      8192.00
   27082.751     0.999890       143346      9102.22
   27082.751     0.999902       143346     10240.00
   27082.751     0.999915       143346     11702.86
   27082.751     0.999927       143346     13653.33
   27099.135     0.999939       143355     16384.00
   27099.135     1.000000       143355          inf
#[Mean    =    18096.890, StdDeviation   =     5209.911]
#[Max     =    27082.752, Total count    =       143355]
#[Buckets =           27, SubBuckets     =         2048]
----------------------------------------------------------
  217282 requests in 30.00s, 51.80MB read
Requests/sec:   7241.67
Transfer/sec:      1.73MB
WRKX_RESULT {"durationUs":30004412,"requests":217282,"responses":217282,"errors":0,"bytes":54320500,"latencyAvgUs":18096890.369,"latencyP95Us":26181631.000,"latencyP99Us":26886143.000}
