Running 30s test @ http://localhost:9991/
  16 threads and 256 connections
  Thread calibration: mean lat.: 4577.736ms, rate sampling interval: 16654ms
  Thread calibration: mean lat.: 4576.345ms, rate sampling interval: 16646ms
  Thread calibration: mean lat.: 4576.363ms, rate sampling interval: 16654ms
  Thread calibration: mean lat.: 4574.360ms, rate sampling interval: 16646ms
  Thread calibration: mean lat.: 4573.362ms, rate sampling interval: 16637ms
  Thread calibration: mean lat.: 4574.958ms, rate sampling interval: 16646ms
  Thread calibration: mean lat.: 4575.818ms, rate sampling interval: 16646ms
  Thread calibration: mean lat.: 4574.781ms, rate sampling interval: 16646ms
  Thread calibration: mean lat.: 4573.430ms, rate sampling interval: 16637ms
  Thread calibration: mean lat.: 4575.283ms, rate sampling interval: 16654ms
  Thread calibration: mean lat.: 4577.693ms, rate sampling interval: 16654ms
  Thread calibration: mean lat.: 4581.761ms, rate sampling interval: 16662ms
  Thread calibration: mean lat.: 4579.009ms, rate sampling interval: 16662ms
  Thread calibration: mean lat.: 4576.852ms, rate sampling interval: 16646ms
  Thread calibration: mean lat.: 4574.629ms, rate sampling interval: 16637ms
  Thread calibration: mean lat.: 4583.042ms, rate sampling interval: 16654ms
  Thread Stats   Avg      Stdev     Max   +/- Stdev
    Latency    18.54s     5.34s   27.77s    57.63%
    Req/Sec   456.44      0.50   457.00    100.00%
  Latency Distribution (HdrHistogram - Recorded Latency)
 50.000%   18.53s 
 75.000%   23.18s 
 90.000%   25.95s 
 99.000%   27.59s 
 99.900%   27.74s 
 99.990%   27.77s 
 99.999%   27.79s 
100.000%   27.79s 

  Detailed Percentile spectrum:
       Value   Percentile   TotalCount 1/(1-Percentile)

    9256.959     0.000000            1         1.00
   11149.311     0.100000        14675         1.11
   12992.511     0.200000        29259         1.25
   14835.711     0.300000        43873         1.43
   16670.719     0.400000        58517         1.67
   18530.303     0.500000        73230         2.00
   19480.575     0.550000        80502         2.22
   20398.079     0.600000        87767         2.50
   21331.967     0.650000        95113         2.86
   22265.855     0.700000       102374         3.33
   23183.359     0.750000       109710         4.00
   23658.495     0.775000       113305         4.44
   24133.631     0.800000       117079         5.00
   24592.383     0.825000       120643         5.71
   25051.135     0.850000       124342         6.67
   25509.887     0.875000       128044         8.00
   25722.879     0.887500       129829         8.89
   25952.255     0.900000       131703        10.00
   26165.247     0.912500       133430        11.43
   26411.007     0.925000       135359        13.33
   26623.999     0.937500       137102        16.00
   26738.687     0.943750       137999        17.78
   26869.759     0.950000       139006        20.00
   26984.447     0.956250       139905        22.86
   27099.135     0.962500       140819        26.67
   27197.439     0.968750       141641        32.00
   27262.975     0.971875       142198        35.56
   27312.127     0.975000       142592        40.00
   27377.663     0.978125       143118        45.71
   27426.815     0.981250       143512        53.33
   27492.351     0.984375       144040        64.00
   27508.735     0.985938       144160        71.11
   27541.503     0.987500       144431        80.00
   27574.271     0.989062       144697        91.43
   27590.655     0.990625       144842       106.67
   27623.423     0.992188       145106       128.00
   27639.807     0.992969       145244       142.22
   27656.191     0.993750       145379       160.00
   27672.575     0.994531       145520       182.86
   27672.575     0.995313       145520       213.33
   27688.959     0.996094       145657       256.00
   27705.343     0.996484       145798       284.44
   27705.343     0.996875       145798       320.00
   27705.343     0.997266       145798       365.71
   27721.727     0.997656       145938       426.67
   27721.727     0.998047       145938       512.00
   27738.111     0.998242       146062       568.89
   27738.111     0.998437       146062       640.00
   27738.111     0.998633       146062       731.43
   27738.111     0.998828       146062       853.33
   27738.111     0.999023       146062      1024.00
   27754.495     0.999121       146144      1137.78
   27754.495     0.999219       146144      1280.00
   27754.495     0.999316       146144      1462.86
   27754.495     0.999414       146144      1706.67
   27754.495     0.999512       146144      2048.00
   27754.495     0.999561       146144      2275.56
   27754.495     0.999609       146144      2560.00
   27770.879     0.999658       146188      2925.71
   27770.879     0.999707       146188      3413.33
   27770.879     0.999756       146188      4096.00
   27770.879     0.999780       146188      4551.11
   27770.879     0.999805       146188      5120.00
   27770.879     0.999829       146188      5851.43
   27770.879     0.999854       146188      6826.67
   27770.879     0.999878       146188      8192.00
   27770.879     0.999890       146188      9102.22
   27770.879     0.999902       146188     10240.00
   27770.879     0.999915       146188     11702.86
   27770.879     0.999927       146188     13653.33
   27787.263     0.999939       146197     16384.00
   27787.263     1.000000       146197          inf
#[Mean    =    18542.135, StdDeviation   =     5342.681]
#[Max     =    27770.880, Total count    =       146197]
#[Buckets =           27, SubBuckets     =         2048]
----------------------------------------------------------
  221063 requests in 30.00s, 52.71MB read
Requests/sec:   7368.35
Transfer/sec:      1.76MB
WRKX_RESULT {"durationUs":30001713,"requests":221063,"responses":221063,"errors":0,"bytes":55265750,"latencyAvgUs":18542135.043,"latencyP95Us":26869759.000,"latencyP99Us":27590655.000}
