Running 30s test @ http://localhost:9991/
  16 threads and 256 connections
  Thread calibration: mean lat.: 5.929ms, rate sampling interval: 17ms
  Thread calibration: mean lat.: 5.942ms, rate sampling interval: 17ms
  Thread calibration: mean lat.: 6.024ms, rate sampling interval: 17ms
  Thread calibration: mean lat.: 5.666ms, rate sampling interval: 16ms
  Thread calibration: mean lat.: 5.901ms, rate sampling interval: 16ms
  Thread calibration: mean lat.: 5.960ms, rate sampling interval: 17ms
  Thread calibration: mean lat.: 5.992ms, rate sampling interval: 17ms
  Thread calibration: mean lat.: 5.565ms, rate sampling interval: 16ms
  Thread calibration: mean lat.: 5.511ms, rate sampling interval: 16ms
  Thread calibration: mean lat.: 5.814ms, rate sampling interval: 16ms
  Thread calibration: mean lat.: 5.816ms, rate sampling interval: 17ms
  Thread calibration: mean lat.: 5.785ms, rate sampling interval: 16ms
  Thread calibration: mean lat.: 5.656ms, rate sampling interval: 16ms
  Thread calibration: mean lat.: 5.992ms, rate sampling interval: 17ms
  Thread calibration: mean lat.: 5.931ms, rate sampling interval: 17ms
  Thread calibration: mean lat.: 4.491ms, rate sampling interval: 13ms
  Thread Stats   Avg      Stdev     Max   +/- Stdev
    Latency     5.83ms    2.08ms  15.94ms   63.80%
    Req/Sec   322.29    192.21     1.33k    76.36%
  Latency Distribution (HdrHistogram - Recorded Latency)
 50.000%    5.81ms
 75.000%    7.32ms
 90.000%    8.57ms
 99.000%   10.81ms
 99.900%   12.65ms
 99.990%   14.18ms
 99.999%   15.79ms
100.000%   15.95ms

  Detailed Percentile spectrum:
       Value   Percentile   TotalCount 1/(1-Percentile)

       1.546     0.000000            1         1.00
       3.085     0.100000         9971         1.11
       3.795     0.200000        19934         1.25
       4.499     0.300000        29899         1.43
       5.163     0.400000        39852         1.67
       5.811     0.500000        49812         2.00
       6.115     0.550000        54803         2.22
       6.407     0.600000        59757         2.50
       6.699     0.650000        64769         2.86
       6.995     0.700000        69736         3.33
       7.315     0.750000        74725         4.00
       7.479     0.775000        77217         4.44
       7.655     0.800000        79677         5.00
       7.851     0.825000        82198         5.71
       8.059     0.850000        84666         6.67
       8.303     0.875000        87163         8.00
       8.439     0.887500        88427         8.89
       8.575     0.900000        89637        10.00
       8.735     0.912500        90915        11.43
       8.911     0.925000        92173        13.33
       9.103     0.937500        93391        16.00
       9.207     0.943750        94006        17.78
       9.327     0.950000        94635        20.00
       9.455     0.956250        95231        22.86
       9.591     0.962500        95854        26.67
       9.767     0.968750        96492        32.00
       9.863     0.971875        96788        35.56
       9.991     0.975000        97104        40.00
      10.119     0.978125        97423        45.71
      10.271     0.981250        97726        53.33
      10.415     0.984375        98036        64.00
      10.519     0.985938        98190        71.11
      10.615     0.987500        98349        80.00
      10.727     0.989062        98499        91.43
      10.879     0.990625        98659       106.67
      11.007     0.992188        98808       128.00
      11.087     0.992969        98884       142.22
      11.191     0.993750        98966       160.00
      11.311     0.994531        99046       182.86
      11.447     0.995313        99121       213.33
      11.583     0.996094        99198       256.00
      11.687     0.996484        99234       284.44
      11.791     0.996875        99273       320.00
      11.895     0.997266        99314       365.71
      11.983     0.997656        99353       426.67
      12.111     0.998047        99391       512.00
      12.207     0.998242        99410       568.89
      12.263     0.998437        99429       640.00
      12.375     0.998633        99449       731.43
      12.511     0.998828        99470       853.33
      12.679     0.999023        99488      1024.00
      12.743     0.999121        99498      1137.78
      12.903     0.999219        99507      1280.00
      12.991     0.999316        99516      1462.86
      13.199     0.999414        99527      1706.67
      13.319     0.999512        99536      2048.00
      13.479     0.999561        99542      2275.56
      13.535     0.999609        99546      2560.00
      13.567     0.999658        99551      2925.71
      13.695     0.999707        99555      3413.33
      13.815     0.999756        99560      4096.00
      13.903     0.999780        99563      4551.11
      13.975     0.999805        99565      5120.00
      13.999     0.999829        99568      5851.43
      14.047     0.999854        99570      6826.67
      14.079     0.999878        99572      8192.00
      14.183     0.999890        99574      9102.22
      14.263     0.999902        99575     10240.00
      14.271     0.999915        99576     11702.86
      14.407     0.999927        99577     13653.33
      14.567     0.999939        99578     16384.00
      14.815     0.999945        99579     18204.44
      14.999     0.999951        99580     20480.00
      14.999     0.999957        99580     23405.71
      15.159     0.999963        99581     27306.67
      15.159     0.999969        99581     32768.00
      15.255     0.999973        99582     36408.89
      15.255     0.999976        99582     40960.00
      15.255     0.999979        99582     46811.43
      15.791     0.999982        99583     54613.33
      15.791     0.999985        99583     65536.00
      15.791     0.999986        99583     72817.78
      15.791     0.999988        99583     81920.00
      15.791     0.999989        99583     93622.86
      15.951     0.999991        99584    109226.67
      15.951     1.000000        99584          inf
#[Mean    =        5.834, StdDeviation   =        2.077]
#[Max     =       15.944, Total count    =        99584]
#[Buckets =           27, SubBuckets     =         2048]
----------------------------------------------------------
  149626 requests in 30.03s, 35.67MB read
Requests/sec:   4981.96
Transfer/sec:      1.19MB
WRKX_RESULT {"durationUs":30033588,"requests":149626,"responses":149626,"errors":0,"bytes":37406500,"latencyAvgUs":5834.320,"latencyP95Us":9327.000,"latencyP99Us":10815.000}
