Running 30s test @ http://localhost:9991/
  16 threads and 256 connections
  Thread calibration: mean lat.: 3.547ms, rate sampling interval: 11ms
  Thread calibration: mean lat.: 3.503ms, rate sampling interval: 10ms
  Thread calibration: mean lat.: 3.552ms, rate sampling interval: 11ms
  Thread calibration: mean lat.: 3.470ms, rate sampling interval: 10ms
  Thread calibration: mean lat.: 3.516ms, rate sampling interval: 11ms
  Thread calibration: mean lat.: 3.494ms, rate sampling interval: 10ms
  Thread calibration: mean lat.: 3.510ms, rate sampling interval: 10ms
  Thread calibration: mean lat.: 3.473ms, rate sampling interval: 10ms
  Thread calibration: mean lat.: 3.511ms, rate sampling interval: 11ms
  Thread calibration: mean lat.: 3.518ms, rate sampling interval: 11ms
  Thread calibration: mean lat.: 3.460ms, rate sampling interval: 11ms
  Thread calibration: mean lat.: 3.587ms, rate sampling interval: 11ms
  Thread calibration: mean lat.: 3.792ms, rate sampling interval: 12ms
  Thread calibration: mean lat.: 3.380ms, rate sampling interval: 10ms
  Thread calibration: mean lat.: 3.527ms, rate sampling interval: 11ms
  Thread calibration: mean lat.: 3.535ms, rate sampling interval: 11ms
  Thread Stats   Avg      Stdev     Max   +/- Stdev
    Latency     3.49ms    1.34ms  10.99ms   76.07%
    Req/Sec   163.88    125.64   600.00     59.89%
  Latency Distribution (HdrHistogram - Recorded Latency)
 50.000%    3.02ms
 75.000%    4.08ms
 90.000%    5.57ms
 99.000%    7.45ms
 99.900%    8.76ms
 99.990%   10.38ms
 99.999%   11.00ms
100.000%   11.00ms

  Detailed Percentile spectrum:
       Value   Percentile   TotalCount 1/(1-Percentile)

       1.468     0.000000            1         1.00
       2.245     0.100000         5005         1.11
       2.483     0.200000         9979         1.25
       2.667     0.300000        14944         1.43
       2.837     0.400000        19926         1.67
       3.019     0.500000        24946         2.00
       3.121     0.550000        27431         2.22
       3.247     0.600000        29894         2.50
       3.427     0.650000        32377         2.86
       3.691     0.700000        34863         3.33
       4.083     0.750000        37351         4.00
       4.315     0.775000        38611         4.44
       4.547     0.800000        39852         5.00
       4.779     0.825000        41097         5.71
       5.007     0.850000        42343         6.67
       5.259     0.875000        43586         8.00
       5.411     0.887500        44198         8.89
       5.571     0.900000        44821        10.00
       5.759     0.912500        45449        11.43
       5.971     0.925000        46064        13.33
       6.207     0.937500        46683        16.00
       6.319     0.943750        47004        17.78
       6.423     0.950000        47312        20.00
       6.547     0.956250        47617        22.86
       6.655     0.962500        47928        26.67
       6.759     0.968750        48241        32.00
       6.843     0.971875        48401        35.56
       6.931     0.975000        48556        40.00
       7.019     0.978125        48713        45.71
       7.115     0.981250        48867        53.33
       7.215     0.984375        49019        64.00
       7.267     0.985938        49097        71.11
       7.331     0.987500        49175        80.00
       7.395     0.989062        49251        91.43
       7.483     0.990625        49330       106.67
       7.571     0.992188        49407       128.00
       7.623     0.992969        49448       142.22
       7.691     0.993750        49485       160.00
       7.763     0.994531        49523       182.86
       7.835     0.995313        49564       213.33
       7.939     0.996094        49601       256.00
       7.991     0.996484        49620       284.44
       8.071     0.996875        49641       320.00
       8.163     0.997266        49660       365.71
       8.239     0.997656        49681       426.67
       8.327     0.998047        49698       512.00
       8.383     0.998242        49709       568.89
       8.463     0.998437        49718       640.00
       8.567     0.998633        49729       731.43
       8.671     0.998828        49737       853.33
       8.791     0.999023        49748      1024.00
       8.879     0.999121        49752      1137.78
       8.927     0.999219        49757      1280.00
       8.991     0.999316        49761      1462.86
       9.111     0.999414        49766      1706.67
       9.359     0.999512        49771      2048.00
       9.375     0.999561        49774      2275.56
       9.391     0.999609        49776      2560.00
       9.591     0.999658        49778      2925.71
       9.839     0.999707        49781      3413.33
       9.871     0.999756        49783      4096.00
       9.927     0.999780        49785      4551.11
       9.959     0.999805        49786      5120.00
      10.055     0.999829        49787      5851.43
      10.183     0.999854        49789      6826.67
      10.183     0.999878        49789      8192.00
      10.383     0.999890        49790      9102.22
      10.439     0.999902        49791     10240.00
      10.439     0.999915        49791     11702.86
      10.543     0.999927        49792     13653.33
      10.543     0.999939        49792     16384.00
      10.735     0.999945        49793     18204.44
      10.735     0.999951        49793     20480.00
      10.735     0.999957        49793     23405.71
      10.887     0.999963        49794     27306.67
      10.887     0.999969        49794     32768.00
      10.887     0.999973        49794     36408.89
      10.887     0.999976        49794     40960.00
      10.887     0.999979        49794     46811.43
      10.999     0.999982        49795     54613.33
      10.999     1.000000        49795          inf
#[Mean    =        3.488, StdDeviation   =        1.337]
#[Max     =       10.992, Total count    =        49795]
#[Buckets =           27, SubBuckets     =         2048]
----------------------------------------------------------
  75024 requests in 30.01s, 17.89MB read
Requests/sec:   2500.24
Transfer/sec:    610.41KB
WRKX_RESULT {"durationUs":30006724,"requests":75024,"responses":75024,"errors":0,"bytes":18756000,"latencyAvgUs":3487.537,"latencyP95Us":6423.000,"latencyP99Us":7455.000}
