Running 30s test @ http://localhost:9991/
  16 threads and 256 connections
  Thread calibration: mean lat.: 4779.996ms, rate sampling interval: 17334ms
  Thread calibration: mean lat.: 4776.574ms, rate sampling interval: 17334ms
  Thread calibration: mean lat.: 4778.348ms, rate sampling interval: 17334ms
  Thread calibration: mean lat.: 4776.024ms, rate sampling interval: 17334ms
  Thread calibration: mean lat.: 4779.495ms, rate sampling interval: 17317ms
  Thread calibration: mean lat.: 4784.250ms, rate sampling interval: 17334ms
  Thread calibration: mean lat.: 4782.276ms, rate sampling interval: 17334ms
  Thread calibration: mean lat.: 4784.701ms, rate sampling interval: 17334ms
  Thread calibration: mean lat.: 4381.085ms, rate sampling interval: 15704ms
  Thread calibration: mean lat.: 4781.748ms, rate sampling interval: 17334ms
  Thread calibration: mean lat.: 4785.243ms, rate sampling interval: 17334ms
  Thread calibration: mean lat.: 4786.644ms, rate sampling interval: 17350ms
  Thread calibration: mean lat.: 4783.196ms, rate sampling interval: 17350ms
  Thread calibration: mean lat.: 4780.938ms, rate sampling interval: 17334ms
  Thread calibration: mean lat.: 4785.323ms, rate sampling interval: 17317ms
  Thread calibration: mean lat.: 4780.489ms, rate sampling interval: 17334ms
  Thread Stats   Avg      Stdev     Max   +/- Stdev
    Latency    19.20s     5.54s   28.90s    57.80%
    Req/Sec   452.50      0.50   453.00    100.00%
  Latency Distribution (HdrHistogram - Recorded Latency)
 50.000%   19.20s 
 75.000%   24.00s 
 90.000%   26.89s 
 99.000%   28.69s 
 99.900%   28.87s 
 99.990%   28.90s 
 99.999%   28.92s 
100.000%   28.92s 

  Detailed Percentile spectrum:
       Value   Percentile   TotalCount 1/(1-Percentile)

    8765.439     0.000000            1         1.00
   11534.335     0.100000        14437         1.11
   13451.263     0.200000        28878         1.25
   15392.767     0.300000        43286         1.43
   17268.735     0.400000        57715         1.67
   19202.047     0.500000        72210         2.00
   20135.935     0.550000        79358         2.22
   21135.359     0.600000        86645         2.50
   22102.015     0.650000        93892         2.86
   23052.287     0.700000       101000         3.33
   24002.559     0.750000       108214         4.00
   24494.079     0.775000       111876         4.44
   24985.599     0.800000       115526         5.00
   25460.735     0.825000       119126         5.71
   25935.871     0.850000       122727         6.67
   26411.007     0.875000       126300         8.00
   26640.383     0.887500       128073         8.89
   26886.143     0.900000       129939        10.00
   27115.519     0.912500       131678        11.43
   27361.279     0.925000       133487        13.33
   27607.039     0.937500       135319        16.00
   27721.727     0.943750       136170        17.78
   27852.799     0.950000       137109        20.00
   27983.871     0.956250       138030        22.86
   28114.943     0.962500       138887        26.67
   28246.015     0.968750       139808        32.00
   28311.551     0.971875       140278        35.56
   28377.087     0.975000       140718        40.00
   28442.623     0.978125       141167        45.71
   28508.159     0.981250       141617        53.33
   28573.695     0.984375       142072        64.00
   28606.463     0.985938       142310        71.11
   28639.231     0.987500       142546        80.00
   28671.999     0.989062       142784        91.43
   28704.767     0.990625       143017       106.67
   28721.151     0.992188       143138       128.00
   28737.535     0.992969       143260       142.22
   28753.919     0.993750       143380       160.00
   28770.303     0.994531       143503       182.86
   28786.687     0.995313       143623       213.33
   28803.071     0.996094       143741       256.00
   28819.455     0.996484       143865       284.44
   28819.455     0.996875       143865       320.00
   28819.455     0.997266       143865       365.71
   28835.839     0.997656       143987       426.67
   28835.839     0.998047       143987       512.00
   28852.223     0.998242       144094       568.89
   28852.223     0.998437       144094       640.00
   28852.223     0.998633       144094       731.43
   28852.223     0.998828       144094       853.33
   28868.607     0.999023       144169      1024.00
   28868.607     0.999121       144169      1137.78
   28868.607     0.999219       144169      1280.00
   28868.607     0.999316       144169      1462.86
   28884.991     0.999414       144226      1706.67
   28884.991     0.999512       144226      2048.00
   28884.991     0.999561       144226      2275.56
   28884.991     0.999609       144226      2560.00
   28884.991     0.999658       144226      2925.71
   28884.991     0.999707       144226      3413.33
   28884.991     0.999756       144226      4096.00
   28884.991     0.999780       144226      4551.11
   28901.375     0.999805       144255      5120.00
   28901.375     0.999829       144255      5851.43
   28901.375     0.999854       144255      6826.67
   28901.375     0.999878       144255      8192.00
   28901.375     0.999890       144255      9102.22
   28901.375     0.999902       144255     10240.00
   28901.375     0.999915       144255     11702.86
   28901.375     0.999927       144255     13653.33
   28901.375     0.999939       144255     16384.00
   28901.375     0.999945       144255     18204.44
   28901.375     0.999951       144255     20480.00
   28901.375     0.999957       144255     23405.71
   28901.375     0.999963       144255     27306.67
   28901.375     0.999969       144255     32768.00
   28901.375     0.999973       144255     36408.89
   28901.375     0.999976       144255     40960.00
   28901.375     0.999979       144255     46811.43
   28901.375     0.999982       144255     54613.33
   28901.375     0.999985       144255     65536.00
   28917.759     0.999986       144257     72817.78
   28917.759     1.000000       144257          inf
#[Mean    =    19203.766, StdDeviation   =     5542.779]
#[Max     =    28901.376, Total count    =       144257]
#[Buckets =           27, SubBuckets     =         2048]
----------------------------------------------------------
  217196 requests in 30.00s, 51.78MB read
Requests/sec:   7239.11
Transfer/sec:      1.73MB
WRKX_RESULT {"durationUs":30003125,"requests":217196,"responses":217196,"errors":0,"bytes":54299000,"latencyAvgUs":19203766.135,"latencyP95Us":27852799.000,"latencyP99Us":28688383.000}
