Running 30s test @ http://localhost:9991/
  16 threads and 256 connections
  Thread calibration: mean lat.: 4735.407ms, rate sampling interval: 17170ms
  Thread calibration: mean lat.: 4736.898ms, rate sampling interval: 17186ms
  Thread calibration: mean lat.: 4742.127ms, rate sampling interval: 17170ms
  Thread calibration: mean lat.: 4739.318ms, rate sampling interval: 17186ms
  Thread calibration: mean lat.: 4735.231ms, rate sampling interval: 17170ms
  Thread calibration: mean lat.: 4742.000ms, rate sampling interval: 17186ms
  Thread calibration: mean lat.: 4739.070ms, rate sampling interval: 17203ms
  Thread calibration: mean lat.: 4739.914ms, rate sampling interval: 17186ms
  Thread calibration: mean lat.: 4736.584ms, rate sampling interval: 17170ms
  Thread calibration: mean lat.: 4739.792ms, rate sampling interval: 17170ms
  Thread calibration: mean lat.: 4741.276ms, rate sampling interval: 17186ms
  Thread calibration: mean lat.: 4740.099ms, rate sampling interval: 17186ms
  Thread calibration: mean lat.: 4740.974ms, rate sampling interval: 17170ms
  Thread calibration: mean lat.: 4325.275ms, rate sampling interval: 15556ms
  Thread calibration: mean lat.: 4740.877ms, rate sampling interval: 17186ms
  Thread calibration: mean lat.: 4744.651ms, rate sampling interval: 17186ms
  Thread Stats   Avg      Stdev     Max   +/- Stdev
    Latency    18.97s     5.47s   28.52s    57.86%
    Req/Sec   454.81      0.39   455.00    100.00%
  Latency Distribution (HdrHistogram - Recorded Latency)
 50.000%   18.97s 
 75.000%   23.69s 
 90.000%   26.54s 
 99.000%   28.30s 
 99.900%   28.49s 
 99.990%   28.52s 
 99.999%   28.54s 
100.000%   28.54s 

  Detailed Percentile spectrum:
       Value   Percentile   TotalCount 1/(1-Percentile)

    8642.559     0.000000            1         1.00
   11378.687     0.100000        14513         1.11
   13295.615     0.200000        29048         1.25
   15228.927     0.300000        43568         1.43
   17104.895     0.400000        58054         1.67
   18972.671     0.500000        72602         2.00
   19922.943     0.550000        79868         2.22
   20840.447     0.600000        87121         2.50
   21774.335     0.650000        94342         2.86
   22724.607     0.700000       101561         3.33
   23691.263     0.750000       108848         4.00
   24166.399     0.775000       112421         4.44
   24657.919     0.800000       116073         5.00
   25149.439     0.825000       119773         5.71
   25591.807     0.850000       123298         6.67
   26083.327     0.875000       126995         8.00
   26312.703     0.887500       128738         8.89
   26542.079     0.900000       130544        10.00
   26787.839     0.912500       132400        11.43
   27033.599     0.925000       134190        13.33
   27279.359     0.937500       135996        16.00
   27394.047     0.943750       136929        17.78
   27508.735     0.950000       137826        20.00
   27623.423     0.956250       138734        22.86
   27738.111     0.962500       139623        26.67
   27869.183     0.968750       140520        32.00
   27934.719     0.971875       140986        35.56
   28000.255     0.975000       141463        40.00
   28065.791     0.978125       141935        45.71
   28131.327     0.981250       142398        53.33
   28196.863     0.984375       142879        64.00
   28213.247     0.985938       143011        71.11
   28246.015     0.987500       143245        80.00
   28278.783     0.989062       143483        91.43
   28311.551     0.990625       143717       106.67
   28344.319     0.992188       143942       128.00
   28360.703     0.992969       144050       142.22
   28377.087     0.993750       144174       160.00
   28393.471     0.994531       144284       182.86
   28409.855     0.995313       144405       213.33
   28426.239     0.996094       144519       256.00
   28442.623     0.996484       144642       284.44
   28442.623     0.996875       144642       320.00
   28459.007     0.997266       144752       365.71
   28459.007     0.997656       144752       426.67
   28475.391     0.998047       144871       512.00
   28475.391     0.998242       144871       568.89
   28475.391     0.998437       144871       640.00
   28475.391     0.998633       144871       731.43
   28475.391     0.998828       144871       853.33
   28491.775     0.999023       144955      1024.00
   28491.775     0.999121       144955      1137.78
   28491.775     0.999219       144955      1280.00
   28491.775     0.999316       144955      1462.86
   28491.775     0.999414       144955      1706.67
   28508.159     0.999512       145006      2048.00
   28508.159     0.999561       145006      2275.56
   28508.159     0.999609       145006      2560.00
   28508.159     0.999658       145006      2925.71
   28508.159     0.999707       145006      3413.33
   28508.159     0.999756       145006      4096.00
   28524.543     0.999780       145034      4551.11
   28524.543     0.999805       145034      5120.00
   28524.543     0.999829       145034      5851.43
   28524.543     0.999854       145034      6826.67
   28524.543     0.999878       145034      8192.00
   28524.543     0.999890       145034      9102.22
   28524.543     0.999902       145034     10240.00
   28524.543     0.999915       145034     11702.86
   28524.543     0.999927       145034     13653.33
   28524.543     0.999939       145034     16384.00
   28524.543     0.999945       145034     18204.44
   28524.543     0.999951       145034     20480.00
   28524.543     0.999957       145034     23405.71
   28524.543     0.999963       145034     27306.67
   28540.927     0.999969       145039     32768.00
   28540.927     1.000000       145039          inf
#[Mean    =    18968.368, StdDeviation   =     5465.020]
#[Max     =    28524.544, Total count    =       145039]
#[Buckets =           27, SubBuckets     =         2048]
----------------------------------------------------------
  218593 requests in 30.00s, 52.12MB read
Requests/sec:   7286.01
Transfer/sec:      1.74MB
WRKX_RESULT {"durationUs":30001762,"requests":218593,"responses":218593,"errors":0,"bytes":54648250,"latencyAvgUs":18968368.346,"latencyP95Us":27508735.000,"latencyP99Us":28295167.000}
