Running 30s test @ http://localhost:9991/
  16 threads and 256 connections
  Thread calibration: mean lat.: 3508.662ms, rate sampling interval: 12746ms
  Thread calibration: mean lat.: 3505.881ms, rate sampling interval: 12738ms
  Thread calibration: mean lat.: 3506.770ms, rate sampling interval: 12738ms
  Thread calibration: mean lat.: 3506.049ms, rate sampling interval: 12730ms
  Thread calibration: mean lat.: 3504.449ms, rate sampling interval: 12738ms
  Thread calibration: mean lat.: 3507.398ms, rate sampling interval: 12738ms
  Thread calibration: mean lat.: 3502.823ms, rate sampling interval: 12738ms
  Thread calibration: mean lat.: 3511.961ms, rate sampling interval: 12746ms
  Thread calibration: mean lat.: 3515.534ms, rate sampling interval: 12746ms
  Thread calibration: mean lat.: 3514.467ms, rate sampling interval: 12754ms
  Thread calibration: mean lat.: 3513.054ms, rate sampling interval: 12746ms
  Thread calibration: mean lat.: 3510.773ms, rate sampling interval: 12746ms
  Thread calibration: mean lat.: 3511.045ms, rate sampling interval: 12738ms
  Thread calibration: mean lat.: 3510.315ms, rate sampling interval: 12738ms
  Thread calibration: mean lat.: 3514.379ms, rate sampling interval: 12746ms
  Thread calibration: mean lat.: 3512.742ms, rate sampling interval: 12746ms
  Thread Stats   Avg      Stdev     Max   +/- Stdev
    Latency    14.22s     4.11s   21.28s    57.60%
    Req/Sec   446.00      0.00   446.00    100.00%
  Latency Distribution (HdrHistogram - Recorded Latency)
 50.000%   14.28s 
 75.000%   17.79s 
 90.000%   19.89s 
 99.000%   21.14s 
 99.900%   21.25s 
 99.990%   21.27s 
 99.999%   21.28s 
100.000%   21.30s 

  Detailed Percentile spectrum:
       Value   Percentile   TotalCount 1/(1-Percentile)

    7053.311     0.000000            1         1.00
    8511.487     0.100000        14385         1.11
    9920.511     0.200000        28662         1.25
   11386.879     0.300000        43044         1.43
   12820.479     0.400000        57406         1.67
   14278.655     0.500000        71677         2.00
   15015.935     0.550000        78841         2.22
   15687.679     0.600000        85986         2.50
   16392.191     0.650000        93180         2.86
   17072.127     0.700000       100338         3.33
   17793.023     0.750000       107595         4.00
   18137.087     0.775000       111108         4.44
   18497.535     0.800000       114670         5.00
   18857.983     0.825000       118362         5.71
   19202.047     0.850000       121909         6.67
   19562.495     0.875000       125534         8.00
   19726.335     0.887500       127307         8.89
   19890.175     0.900000       129050        10.00
   20054.015     0.912500       130784        11.43
   20217.855     0.925000       132577        13.33
   20398.079     0.937500       134467        16.00
   20479.999     0.943750       135307        17.78
   20561.919     0.950000       136157        20.00
   20660.223     0.956250       137109        22.86
   20742.143     0.962500       137975        26.67
   20824.063     0.968750       138834        32.00
   20873.215     0.971875       139305        35.56
   20922.367     0.975000       139787        40.00
   20971.519     0.978125       140282        45.71
   21020.671     0.981250       140782        53.33
   21053.439     0.984375       141121        64.00
   21069.823     0.985938       141296        71.11
   21102.591     0.987500       141653        80.00
   21118.975     0.989062       141842        91.43
   21135.359     0.990625       142013       106.67
   21151.743     0.992188       142189       128.00
   21168.127     0.992969       142378       142.22
   21184.511     0.993750       142546       160.00
   21184.511     0.994531       142546       182.86
   21200.895     0.995313       142709       213.33
   21217.279     0.996094       142883       256.00
   21217.279     0.996484       142883       284.44
   21217.279     0.996875       142883       320.00
   21233.663     0.997266       143065       365.71
   21233.663     0.997656       143065       426.67
   21233.663     0.998047       143065       512.00
   21233.663     0.998242       143065       568.89
   21250.047     0.998437       143209       640.00
   21250.047     0.998633       143209       731.43
   21250.047     0.998828       143209       853.33
   21250.047     0.999023       143209      1024.00
   21250.047     0.999121       143209      1137.78
   21250.047     0.999219       143209      1280.00
   21250.047     0.999316       143209      1462.86
   21266.431     0.999414       143294      1706.67
   21266.431     0.999512       143294      2048.00
   21266.431     0.999561       143294      2275.56
   21266.431     0.999609       143294      2560.00
   21266.431     0.999658       143294      2925.71
   21266.431     0.999707       143294      3413.33
   21266.431     0.999756       143294      4096.00
   21266.431     0.999780       143294      4551.11
   21266.431     0.999805       143294      5120.00
   21266.431     0.999829       143294      5851.43
   21266.431     0.999854       143294      6826.67
   21266.431     0.999878       143294      8192.00
   21266.431     0.999890       143294      9102.22
   21266.431     0.999902       143294     10240.00
   21266.431     0.999915       143294     11702.86
   21266.431     0.999927       143294     13653.33
   21282.815     0.999939       143303     16384.00
   21282.815     0.999945       143303     18204.44
   21282.815     0.999951       143303     20480.00
   21282.815     0.999957       143303     23405.71
   21282.815     0.999963       143303     27306.67
   21282.815     0.999969       143303     32768.00
   21282.815     0.999973       143303     36408.89
   21282.815     0.999976       143303     40960.00
   21282.815     0.999979       143303     46811.43
   21282.815     0.999982       143303     54613.33
   21282.815     0.999985       143303     65536.00
   21282.815     0.999986       143303     72817.78
   21282.815     0.999988       143303     81920.00
   21282.815     0.999989       143303     93622.86
   21282.815     0.999991       143303    109226.67
   21282.815     0.999992       143303    131072.00
   21299.199     0.999993       143304    145635.56
   21299.199     1.000000       143304          inf
#[Mean    =    14222.528, StdDeviation   =     4108.278]
#[Max     =    21282.816, Total count    =       143304]
#[Buckets =           27, SubBuckets     =         2048]
----------------------------------------------------------
  217723 requests in 30.00s, 51.91MB read
Requests/sec:   7256.44
Transfer/sec:      1.73MB
WRKX_RESULT {"durationUs":30004118,"requests":217723,"responses":217723,"errors":0,"bytes":54430750,"latencyAvgUs":14222527.689,"latencyP95Us":20561919.000,"latencyP99Us":21135359.000}
