Running 30s test @ http://localhost:9991/
  16 threads and 256 connections
  Thread calibration: mean lat.: 2518.113ms, rate sampling interval: 9273ms
  Thread calibration: mean lat.: 2520.425ms, rate sampling interval: 9273ms
  Thread calibration: mean lat.: 2516.749ms, rate sampling interval: 9273ms
  Thread calibration: mean lat.: 2524.401ms, rate sampling interval: 9281ms
  Thread calibration: mean lat.: 2521.631ms, rate sampling interval: 9281ms
  Thread calibration: mean lat.: 2518.898ms, rate sampling interval: 9273ms
  Thread calibration: mean lat.: 2518.305ms, rate sampling interval: 9265ms
  Thread calibration: mean lat.: 2516.906ms, rate sampling interval: 9256ms
  Thread calibration: mean lat.: 2518.801ms, rate sampling interval: 9273ms
  Thread calibration: mean lat.: 2516.665ms, rate sampling interval: 9265ms
  Thread calibration: mean lat.: 2520.736ms, rate sampling interval: 9281ms
  Thread calibration: mean lat.: 2521.256ms, rate sampling interval: 9281ms
  Thread calibration: mean lat.: 2530.910ms, rate sampling interval: 9306ms
  Thread calibration: mean lat.: 2525.738ms, rate sampling interval: 9289ms
  Thread calibration: mean lat.: 2340.264ms, rate sampling interval: 8486ms
  Thread calibration: mean lat.: 2523.594ms, rate sampling interval: 9273ms
  Thread Stats   Avg      Stdev     Max   +/- Stdev
    Latency    10.30s     2.98s   15.45s    57.04%
    Req/Sec   452.94      4.16   458.00    100.00%
  Latency Distribution (HdrHistogram - Recorded Latency)
 50.000%   10.35s 
 75.000%   12.90s 
 90.000%   14.39s 
 99.000%   15.31s 
 99.900%   15.42s 
 99.990%   15.44s 
 99.999%   15.46s 
100.000%   15.46s 

  Detailed Percentile spectrum:
       Value   Percentile   TotalCount 1/(1-Percentile)

    4681.727     0.000000            1         1.00
    6156.287     0.100000        14484         1.11
    7151.615     0.200000        28931         1.25
    8253.439     0.300000        43393         1.43
    9289.727     0.400000        57784         1.67
   10346.495     0.500000        72282         2.00
   10895.359     0.550000        79490         2.22
   11403.263     0.600000        86706         2.50
   11935.743     0.650000        93991         2.86
   12402.687     0.700000       101158         3.33
   12902.399     0.750000       108418         4.00
   13156.351     0.775000       112028         4.44
   13410.303     0.800000       115676         5.00
   13647.871     0.825000       119212         5.71
   13893.631     0.850000       122840         6.67
   14147.583     0.875000       126491         8.00
   14270.463     0.887500       128266         8.89
   14393.343     0.900000       130035        10.00
   14516.223     0.912500       131919        11.43
   14622.719     0.925000       133659        13.33
   14745.599     0.937500       135459        16.00
   14811.135     0.943750       136361        17.78
   14876.671     0.950000       137296        20.00
   14942.207     0.956250       138223        22.86
   15007.743     0.962500       139143        26.67
   15073.279     0.968750       140008        32.00
   15106.047     0.971875       140413        35.56
   15147.007     0.975000       140914        40.00
   15179.775     0.978125       141312        45.71
   15220.735     0.981250       141814        53.33
   15253.503     0.984375       142275        64.00
   15269.887     0.985938       142497        71.11
   15286.271     0.987500       142704        80.00
   15302.655     0.989062       142910        91.43
   15319.039     0.990625       143106       106.67
   15343.615     0.992188       143411       128.00
   15351.807     0.992969       143524       142.22
   15359.999     0.993750       143616       160.00
   15368.191     0.994531       143734       182.86
   15376.383     0.995313       143834       213.33
   15384.575     0.996094       143954       256.00
   15384.575     0.996484       143954       284.44
   15392.767     0.996875       144054       320.00
   15400.959     0.997266       144176       365.71
   15400.959     0.997656       144176       426.67
   15400.959     0.998047       144176       512.00
   15409.151     0.998242       144264       568.89
   15409.151     0.998437       144264       640.00
   15409.151     0.998633       144264       731.43
   15417.343     0.998828       144345       853.33
   15417.343     0.999023       144345      1024.00
   15417.343     0.999121       144345      1137.78
   15425.535     0.999219       144404      1280.00
   15425.535     0.999316       144404      1462.86
   15425.535     0.999414       144404      1706.67
   15425.535     0.999512       144404      2048.00
   15425.535     0.999561       144404      2275.56
   15425.535     0.999609       144404      2560.00
   15433.727     0.999658       144434      2925.71
   15433.727     0.999707       144434      3413.33
   15433.727     0.999756       144434      4096.00
   15433.727     0.999780       144434      4551.11
   15433.727     0.999805       144434      5120.00
   15433.727     0.999829       144434      5851.43
   15441.919     0.999854       144448      6826.67
   15441.919     0.999878       144448      8192.00
   15441.919     0.999890       144448      9102.22
   15441.919     0.999902       144448     10240.00
   15441.919     0.999915       144448     11702.86
   15441.919     0.999927       144448     13653.33
   15450.111     0.999939       144456     16384.00
   15450.111     0.999945       144456     18204.44
   15450.111     0.999951       144456     20480.00
   15450.111     0.999957       144456     23405.71
   15450.111     0.999963       144456     27306.67
   15450.111     0.999969       144456     32768.00
   15450.111     0.999973       144456     36408.89
   15450.111     0.999976       144456     40960.00
   15450.111     0.999979       144456     46811.43
   15450.111     0.999982       144456     54613.33
   15450.111     0.999985       144456     65536.00
   15458.303     0.999986       144458     72817.78
   15458.303     1.000000       144458          inf
#[Mean    =    10303.258, StdDeviation   =     2984.157]
#[Max     =    15450.112, Total count    =       144458]
#[Buckets =           27, SubBuckets     =         2048]
----------------------------------------------------------
  217736 requests in 30.00s, 51.91MB read
Requests/sec:   7256.89
Transfer/sec:      1.73MB
WRKX_RESULT {"durationUs":30004041,"requests":217736,"responses":217736,"errors":0,"bytes":54434000,"latencyAvgUs":10303258.033,"latencyP95Us":14876671.000,"latencyP99Us":15310847.000}
