Running 30s test @ http://localhost:9991/
  16 threads and 256 connections
  Thread calibration: mean lat.: 1424.448ms, rate sampling interval: 5087ms
  Thread calibration: mean lat.: 1419.010ms, rate sampling interval: 5087ms
  Thread calibration: mean lat.: 1417.866ms, rate sampling interval: 5074ms
  Thread calibration: mean lat.: 1417.339ms, rate sampling interval: 5079ms
  Thread calibration: mean lat.: 1418.930ms, rate sampling interval: 5091ms
  Thread calibration: mean lat.: 1417.635ms, rate sampling interval: 5074ms
  Thread calibration: mean lat.: 1421.988ms, rate sampling interval: 5095ms
  Thread calibration: mean lat.: 1418.218ms, rate sampling interval: 5079ms
  Thread calibration: mean lat.: 1413.959ms, rate sampling interval: 5070ms
  Thread calibration: mean lat.: 1417.757ms, rate sampling interval: 5079ms
  Thread calibration: mean lat.: 1416.955ms, rate sampling interval: 5070ms
  Thread calibration: mean lat.: 1415.762ms, rate sampling interval: 5074ms
  Thread calibration: mean lat.: 1415.448ms, rate sampling interval: 5087ms
  Thread calibration: mean lat.: 1416.467ms, rate sampling interval: 5083ms
  Thread calibration: mean lat.: 1419.963ms, rate sampling interval: 5083ms
  Thread calibration: mean lat.: 1420.470ms, rate sampling interval: 5091ms
  Thread Stats   Avg      Stdev     Max   +/- Stdev
    Latency     5.55s     1.54s    8.26s    57.54%
    Req/Sec   454.90      2.71   459.00     81.25%
  Latency Distribution (HdrHistogram - Recorded Latency)
 50.000%    5.57s 
 75.000%    6.89s 
 90.000%    7.65s 
 99.000%    8.16s 
 99.900%    8.22s 
 99.990%    8.25s 
 99.999%    8.26s 
100.000%    8.27s 

  Detailed Percentile spectrum:
       Value   Percentile   TotalCount 1/(1-Percentile)

    2797.567     0.000000            3         1.00
    3414.015     0.100000        14534         1.11
    3944.447     0.200000        29124         1.25
    4505.599     0.300000        43701         1.43
    5038.079     0.400000        58164         1.67
    5574.655     0.500000        72757         2.00
    5849.087     0.550000        79957         2.22
    6098.943     0.600000        87246         2.50
    6336.511     0.650000        94496         2.86
    6602.751     0.700000       101831         3.33
    6893.567     0.750000       109045         4.00
    7028.735     0.775000       112721         4.44
    7155.711     0.800000       116289         5.00
    7290.879     0.825000       119936         5.71
    7426.047     0.850000       123628         6.67
    7548.927     0.875000       127300         8.00
    7593.983     0.887500       129040         8.89
    7647.231     0.900000       130927        10.00
    7708.671     0.912500       132715        11.43
    7782.399     0.925000       134507        13.33
    7852.031     0.937500       136281        16.00
    7892.991     0.943750       137246        17.78
    7929.855     0.950000       138074        20.00
    7966.719     0.956250       139069        22.86
    7999.487     0.962500       139975        26.67
    8032.255     0.968750       140800        32.00
    8052.735     0.971875       141291        35.56
    8073.215     0.975000       141782        40.00
    8089.599     0.978125       142196        45.71
    8110.079     0.981250       142705        53.33
    8126.463     0.984375       143110        64.00
    8134.655     0.985938       143309        71.11
    8146.943     0.987500       143627        80.00
    8155.135     0.989062       143830        91.43
    8163.327     0.990625       144040       106.67
    8171.519     0.992188       144258       128.00
    8175.615     0.992969       144356       142.22
    8179.711     0.993750       144470       160.00
    8183.807     0.994531       144561       182.86
    8187.903     0.995313       144667       213.33
    8196.095     0.996094       144845       256.00
    8196.095     0.996484       144845       284.44
    8200.191     0.996875       144923       320.00
    8204.287     0.997266       144993       365.71
    8208.383     0.997656       145065       426.67
    8208.383     0.998047       145065       512.00
    8212.479     0.998242       145122       568.89
    8212.479     0.998437       145122       640.00
    8216.575     0.998633       145174       731.43
    8216.575     0.998828       145174       853.33
    8220.671     0.999023       145212      1024.00
    8220.671     0.999121       145212      1137.78
    8224.767     0.999219       145246      1280.00
    8224.767     0.999316       145246      1462.86
    8228.863     0.999414       145274      1706.67
    8228.863     0.999512       145274      2048.00
    8228.863     0.999561       145274      2275.56
    8232.959     0.999609       145295      2560.00
    8232.959     0.999658       145295      2925.71
    8232.959     0.999707       145295      3413.33
    8237.055     0.999756       145312      4096.00
    8237.055     0.999780       145312      4551.11
    8237.055     0.999805       145312      5120.00
    8237.055     0.999829       145312      5851.43
    8241.151     0.999854       145318      6826.67
    8241.151     0.999878       145318      8192.00
    8245.247     0.999890       145326      9102.22
    8245.247     0.999902       145326     10240.00
    8245.247     0.999915       145326     11702.86
    8245.247     0.999927       145326     13653.33
    8249.343     0.999939       145327     16384.00
    8253.439     0.999945       145331     18204.44
    8253.439     0.999951       145331     20480.00
    8253.439     0.999957       145331     23405.71
    8253.439     0.999963       145331     27306.67
    8253.439     0.999969       145331     32768.00
    8257.535     0.999973       145332     36408.89
    8257.535     0.999976       145332     40960.00
    8257.535     0.999979       145332     46811.43
    8261.631     0.999982       145334     54613.33
    8261.631     0.999985       145334     65536.00
    8261.631     0.999986       145334     72817.78
    8261.631     0.999988       145334     81920.00
    8261.631     0.999989       145334     93622.86
    8261.631     0.999991       145334    109226.67
    8261.631     0.999992       145334    131072.00
    8265.727     0.999993       145335    145635.56
    8265.727     1.000000       145335          inf
#[Mean    =     5549.684, StdDeviation   =     1539.749]
#[Max     =     8261.632, Total count    =       145335]
#[Buckets =           27, SubBuckets     =         2048]
----------------------------------------------------------
  217642 requests in 30.00s, 51.89MB read
Requests/sec:   7254.03
Transfer/sec:      1.73MB
WRKX_RESULT {"durationUs":30002915,"requests":217642,"responses":217642,"errors":0,"bytes":54410500,"latencyAvgUs":5549684.238,"latencyP95Us":7929855.000,"latencyP99Us":8159231.000}
