Running 30s test @ http://localhost:9991/
  16 threads and 256 connections
  Thread calibration: mean lat.: 4216.438ms, rate sampling interval: 15302ms
  Thread calibration: mean lat.: 4217.312ms, rate sampling interval: 15294ms
  Thread calibration: mean lat.: 4216.215ms, rate sampling interval: 15302ms
  Thread calibration: mean lat.: 4214.223ms, rate sampling interval: 15294ms
  Thread calibration: mean lat.: 4218.606ms, rate sampling interval: 15310ms
  Thread calibration: mean lat.: 4218.336ms, rate sampling interval: 15286ms
  Thread calibration: mean lat.: 4218.893ms, rate sampling interval: 15302ms
  Thread calibration: mean lat.: 4213.161ms, rate sampling interval: 15294ms
  Thread calibration: mean lat.: 4216.675ms, rate sampling interval: 15294ms
  Thread calibration: mean lat.: 4217.588ms, rate sampling interval: 15294ms
  Thread calibration: mean lat.: 4213.127ms, rate sampling interval: 15302ms
  Thread calibration: mean lat.: 4217.424ms, rate sampling interval: 15302ms
  Thread calibration: mean lat.: 3852.507ms, rate sampling interval: 13877ms
  Thread calibration: mean lat.: 4216.735ms, rate sampling interval: 15294ms
  Thread calibration: mean lat.: 4219.086ms, rate sampling interval: 15310ms
  Thread calibration: mean lat.: 4218.875ms, rate sampling interval: 15294ms
  Thread Stats   Avg      Stdev     Max   +/- Stdev
    Latency    16.99s     4.91s   25.54s    57.73%
    Req/Sec   458.00      0.00   458.00    100.00%
  Latency Distribution (HdrHistogram - Recorded Latency)
 50.000%   17.01s 
 75.000%   21.25s 
 90.000%   23.82s 
 99.000%   25.36s 
 99.900%   25.53s 
 99.990%   25.56s 
 99.999%   25.56s 
100.000%   25.56s 

  Detailed Percentile spectrum:
       Value   Percentile   TotalCount 1/(1-Percentile)

    7737.343     0.000000            1         1.00
   10207.231     0.100000        14638         1.11
   11894.783     0.200000        29254         1.25
   13598.719     0.300000        43841         1.43
   15286.271     0.400000        58459         1.67
   17006.591     0.500000        73168         2.00
   17858.559     0.550000        80393         2.22
   18710.527     0.600000        87775         2.50
   19546.111     0.650000        94990         2.86
   20398.079     0.700000       102417         3.33
   21250.047     0.750000       109591         4.00
   21676.031     0.775000       113357         4.44
   22085.631     0.800000       116917         5.00
   22511.615     0.825000       120594         5.71
   22937.599     0.850000       124252         6.67
   23379.967     0.875000       127940         8.00
   23592.959     0.887500       129717         8.89
   23822.335     0.900000       131641        10.00
   24018.943     0.912500       133379        11.43
   24231.935     0.925000       135221        13.33
   24444.927     0.937500       137028        16.00
   24543.231     0.943750       137898        17.78
   24657.919     0.950000       138902        20.00
   24756.223     0.956250       139718        22.86
   24870.911     0.962500       140670        26.67
   24985.599     0.968750       141635        32.00
   25034.751     0.971875       142044        35.56
   25100.287     0.975000       142583        40.00
   25149.439     0.978125       142994        45.71
   25198.591     0.981250       143407        53.33
   25264.127     0.984375       143931        64.00
   25280.511     0.985938       144079        71.11
   25313.279     0.987500       144352        80.00
   25346.047     0.989062       144616        91.43
   25362.431     0.990625       144749       106.67
   25395.199     0.992188       145013       128.00
   25411.583     0.992969       145129       142.22
   25427.967     0.993750       145260       160.00
   25444.351     0.994531       145391       182.86
   25460.735     0.995313       145527       213.33
   25477.119     0.996094       145646       256.00
   25477.119     0.996484       145646       284.44
   25493.503     0.996875       145788       320.00
   25493.503     0.997266       145788       365.71
   25493.503     0.997656       145788       426.67
   25509.887     0.998047       145910       512.00
   25509.887     0.998242       145910       568.89
   25509.887     0.998437       145910       640.00
   25509.887     0.998633       145910       731.43
   25526.271     0.998828       146014       853.33
   25526.271     0.999023       146014      1024.00
   25526.271     0.999121       146014      1137.78
   25526.271     0.999219       146014      1280.00
   25526.271     0.999316       146014      1462.86
   25542.655     0.999414       146083      1706.67
   25542.655     0.999512       146083      2048.00
   25542.655     0.999561       146083      2275.56
   25542.655     0.999609       146083      2560.00
   25542.655     0.999658       146083      2925.71
   25542.655     0.999707       146083      3413.33
   25542.655     0.999756       146083      4096.00
   25542.655     0.999780       146083      4551.11
   25542.655     0.999805       146083      5120.00
   25559.039     0.999829       146109      5851.43
   25559.039     1.000000       146109          inf
#[Mean    =    16992.708, StdDeviation   =     4909.111]
#[Max     =    25542.656, Total count    =       146109]
#[Buckets =           27, SubBuckets     =         2048]
----------------------------------------------------------
  220943 requests in 30.00s, 52.68MB read
Requests/sec:   7364.19
Transfer/sec:      1.76MB
WRKX_RESULT {"durationUs":30002331,"requests":220943,"responses":220943,"errors":0,"bytes":55235750,"latencyAvgUs":16992708.074,"latencyP95Us":24657919.000,"latencyP99Us":25362431.000}
