Running 30s test @ http://localhost:9991/
  16 threads and 256 connections
  Thread calibration: mean lat.: 3760.826ms, rate sampling interval: 13631ms
  Thread calibration: mean lat.: 3756.511ms, rate sampling interval: 13615ms
  Thread calibration: mean lat.: 3759.295ms, rate sampling interval: 13615ms
  Thread calibration: mean lat.: 3757.377ms, rate sampling interval: 13615ms
  Thread calibration: mean lat.: 3756.682ms, rate sampling interval: 13615ms
  Thread calibration: mean lat.: 3758.317ms, rate sampling interval: 13623ms
  Thread calibration: mean lat.: 3754.550ms, rate sampling interval: 13623ms
  Thread calibration: mean lat.: 3760.535ms, rate sampling interval: 13623ms
  Thread calibration: mean lat.: 3767.598ms, rate sampling interval: 13631ms
  Thread calibration: mean lat.: 3760.468ms, rate sampling interval: 13631ms
  Thread calibration: mean lat.: 3759.520ms, rate sampling interval: 13623ms
  Thread calibration: mean lat.: 3760.076ms, rate sampling interval: 13606ms
  Thread calibration: mean lat.: 3757.030ms, rate sampling interval: 13623ms
  Thread calibration: mean lat.: 3759.302ms, rate sampling interval: 13631ms
  Thread calibration: mean lat.: 3757.994ms, rate sampling interval: 13623ms
  Thread calibration: mean lat.: 3758.305ms, rate sampling interval: 13631ms
  Thread Stats   Avg      Stdev     Max   +/- Stdev
    Latency    15.09s     4.33s   22.63s    57.92%
    Req/Sec   460.44      0.50   461.00    100.00%
  Latency Distribution (HdrHistogram - Recorded Latency)
 50.000%   15.08s 
 75.000%   18.84s 
 90.000%   21.10s 
 99.000%   22.48s 
 99.900%   22.61s 
 99.990%   22.63s 
 99.999%   22.64s 
100.000%   22.64s 

  Detailed Percentile spectrum:
       Value   Percentile   TotalCount 1/(1-Percentile)

    7557.119     0.000000            1         1.00
    9084.927     0.100000        14726         1.11
   10616.831     0.200000        29334         1.25
   12107.775     0.300000        44061         1.43
   13574.143     0.400000        58701         1.67
   15081.471     0.500000        73304         2.00
   15843.327     0.550000        80665         2.22
   16572.415     0.600000        87972         2.50
   17334.271     0.650000        95365         2.86
   18071.551     0.700000       102622         3.33
   18841.599     0.750000       109940         4.00
   19234.815     0.775000       113728         4.44
   19611.647     0.800000       117343         5.00
   19988.479     0.825000       120992         5.71
   20381.695     0.850000       124749         6.67
   20742.143     0.875000       128295         8.00
   20938.751     0.887500       130263         8.89
   21102.591     0.900000       131937        10.00
   21299.199     0.912500       133890        11.43
   21479.423     0.925000       135734        13.33
   21659.647     0.937500       137517        16.00
   21757.951     0.943750       138388        17.78
   21856.255     0.950000       139319        20.00
   21954.559     0.956250       140231        22.86
   22052.863     0.962500       141162        26.67
   22151.167     0.968750       142014        32.00
   22200.319     0.971875       142482        35.56
   22249.471     0.975000       142966        40.00
   22298.623     0.978125       143459        45.71
   22347.775     0.981250       143941        53.33
   22396.927     0.984375       144440        64.00
   22413.311     0.985938       144594        71.11
   22429.695     0.987500       144759        80.00
   22462.463     0.989062       145085        91.43
   22478.847     0.990625       145263       106.67
   22511.615     0.992188       145587       128.00
   22511.615     0.992969       145587       142.22
   22527.999     0.993750       145749       160.00
   22544.383     0.994531       145905       182.86
   22544.383     0.995313       145905       213.33
   22560.767     0.996094       146071       256.00
   22560.767     0.996484       146071       284.44
   22577.151     0.996875       146239       320.00
   22577.151     0.997266       146239       365.71
   22593.535     0.997656       146394       426.67
   22593.535     0.998047       146394       512.00
   22593.535     0.998242       146394       568.89
   22593.535     0.998437       146394       640.00
   22593.535     0.998633       146394       731.43
   22609.919     0.998828       146520       853.33
   22609.919     0.999023       146520      1024.00
   22609.919     0.999121       146520      1137.78
   22609.919     0.999219       146520      1280.00
   22609.919     0.999316       146520      1462.86
   22609.919     0.999414       146520      1706.67
   22609.919     0.999512       146520      2048.00
   22626.303     0.999561       146582      2275.56
   22626.303     0.999609       146582      2560.00
   22626.303     0.999658       146582      2925.71
   22626.303     0.999707       146582      3413.33
   22626.303     0.999756       146582      4096.00
   22626.303     0.999780       146582      4551.11
   22626.303     0.999805       146582      5120.00
   22626.303     0.999829       146582      5851.43
   22626.303     0.999854       146582      6826.67
   22626.303     0.999878       146582      8192.00
   22626.303     0.999890       146582      9102.22
   22626.303     0.999902       146582     10240.00
   22626.303     0.999915       146582     11702.86
   22626.303     0.999927       146582     13653.33
   22626.303     0.999939       146582     16384.00
   22626.303     0.999945       146582     18204.44
   22626.303     0.999951       146582     20480.00
   22626.303     0.999957       146582     23405.71
   22626.303     0.999963       146582     27306.67
   22626.303     0.999969       146582     32768.00
   22626.303     0.999973       146582     36408.89
   22642.687     0.999976       146586     40960.00
   22642.687     1.000000       146586          inf
#[Mean    =    15089.089, StdDeviation   =     4333.754]
#[Max     =    22626.304, Total count    =       146586]
#[Buckets =           27, SubBuckets     =         2048]
----------------------------------------------------------
  220596 requests in 30.00s, 52.59MB read
Requests/sec:   7352.63
Transfer/sec:      1.75MB
WRKX_RESULT {"durationUs":30002312,"requests":220596,"responses":220596,"errors":0,"bytes":55149000,"latencyAvgUs":15089089.136,"latencyP95Us":21856255.000,"latencyP99Us":22478847.000}
