Running 30s test @ http://localhost:9991/
  16 threads and 256 connections
  Thread calibration: mean lat.: 4079.135ms, rate sampling interval: 14696ms
  Thread calibration: mean lat.: 4072.921ms, rate sampling interval: 14704ms
  Thread calibration: mean lat.: 4080.771ms, rate sampling interval: 14704ms
  Thread calibration: mean lat.: 4069.008ms, rate sampling interval: 14696ms
  Thread calibration: mean lat.: 4076.151ms, rate sampling interval: 14688ms
  Thread calibration: mean lat.: 4075.057ms, rate sampling interval: 14696ms
  Thread calibration: mean lat.: 4080.924ms, rate sampling interval: 14704ms
  Thread calibration: mean lat.: 4072.835ms, rate sampling interval: 14696ms
  Thread calibration: mean lat.: 4076.631ms, rate sampling interval: 14704ms
  Thread calibration: mean lat.: 4068.835ms, rate sampling interval: 14680ms
  Thread calibration: mean lat.: 4075.083ms, rate sampling interval: 14696ms
  Thread calibration: mean lat.: 4081.791ms, rate sampling interval: 14696ms
  Thread calibration: mean lat.: 4084.143ms, rate sampling interval: 14704ms
  Thread calibration: mean lat.: 4075.795ms, rate sampling interval: 14696ms
  Thread calibration: mean lat.: 4082.342ms, rate sampling interval: 14712ms
  Thread calibration: mean lat.: 4079.230ms, rate sampling interval: 14696ms
  Thread Stats   Avg      Stdev     Max   +/- Stdev
    Latency    16.29s     4.70s   24.44s    57.78%
    Req/Sec   460.00      0.00   460.00    100.00%
  Latency Distribution (HdrHistogram - Recorded Latency)
 50.000%   16.29s 
 75.000%   20.38s 
 90.000%   22.81s 
 99.000%   24.28s 
 99.900%   24.43s 
 99.990%   24.46s 
 99.999%   24.46s 
100.000%   24.46s 

  Detailed Percentile spectrum:
       Value   Percentile   TotalCount 1/(1-Percentile)

    8171.519     0.000000            1         1.00
    9773.055     0.100000        14705         1.11
   11403.263     0.200000        29362         1.25
   13058.047     0.300000        44105         1.43
   14663.679     0.400000        58724         1.67
   16285.695     0.500000        73441         2.00
   17104.895     0.550000        80768         2.22
   17924.095     0.600000        88090         2.50
   18743.295     0.650000        95433         2.86
   19562.495     0.700000       102791         3.33
   20381.695     0.750000       110104         4.00
   20791.295     0.775000       113894         4.44
   21200.895     0.800000       117549         5.00
   21577.727     0.825000       121099         5.71
   22003.711     0.850000       124883         6.67
   22413.311     0.875000       128539         8.00
   22609.919     0.887500       130398         8.89
   22806.527     0.900000       132157        10.00
   23019.519     0.912500       134020        11.43
   23216.127     0.925000       135854        13.33
   23412.735     0.937500       137680        16.00
   23527.423     0.943750       138668        17.78
   23625.727     0.950000       139532        20.00
   23724.031     0.956250       140372        22.86
   23838.719     0.962500       141403        26.67
   23937.023     0.968750       142296        32.00
   23986.175     0.971875       142716        35.56
   24035.327     0.975000       143139        40.00
   24084.479     0.978125       143581        45.71
   24150.015     0.981250       144139        53.33
   24199.167     0.984375       144598        64.00
   24215.551     0.985938       144744        71.11
   24248.319     0.987500       145051        80.00
   24264.703     0.989062       145184        91.43
   24297.471     0.990625       145487       106.67
   24313.855     0.992188       145637       128.00
   24330.239     0.992969       145804       142.22
   24346.623     0.993750       145944       160.00
   24363.007     0.994531       146097       182.86
   24363.007     0.995313       146097       213.33
   24379.391     0.996094       146247       256.00
   24395.775     0.996484       146394       284.44
   24395.775     0.996875       146394       320.00
   24395.775     0.997266       146394       365.71
   24412.159     0.997656       146552       426.67
   24412.159     0.998047       146552       512.00
   24412.159     0.998242       146552       568.89
   24412.159     0.998437       146552       640.00
   24428.543     0.998633       146666       731.43
   24428.543     0.998828       146666       853.33
   24428.543     0.999023       146666      1024.00
   24428.543     0.999121       146666      1137.78
   24444.927     0.999219       146761      1280.00
   24444.927     0.999316       146761      1462.86
   24444.927     0.999414       146761      1706.67
   24444.927     0.999512       146761      2048.00
   24444.927     0.999561       146761      2275.56
   24444.927     0.999609       146761      2560.00
   24444.927     0.999658       146761      2925.71
   24444.927     0.999707       146761      3413.33
   24444.927     0.999756       146761      4096.00
   24444.927     0.999780       146761      4551.11
   24444.927     0.999805       146761      5120.00
   24444.927     0.999829       146761      5851.43
   24444.927     0.999854       146761      6826.67
   24461.311     0.999878       146781      8192.00
   24461.311     1.000000       146781          inf
#[Mean    =    16292.573, StdDeviation   =     4701.060]
#[Max     =    24444.928, Total count    =       146781]
#[Buckets =           27, SubBuckets     =         2048]
----------------------------------------------------------
  220970 requests in 30.00s, 52.68MB read
Requests/sec:   7364.87
Transfer/sec:      1.76MB
WRKX_RESULT {"durationUs":30003235,"requests":220970,"responses":220970,"errors":0,"bytes":55242500,"latencyAvgUs":16292572.576,"latencyP95Us":23625727.000,"latencyP99Us":24281087.000}
