Running 30s test @ http://localhost:9991/
  16 threads and 256 connections
  Thread calibration: mean lat.: 1.049ms, rate sampling interval: 10ms
  Thread calibration: mean lat.: 1.063ms, rate sampling interval: 10ms
  Thread calibration: mean lat.: 1.046ms, rate sampling interval: 10ms
  Thread calibration: mean lat.: 1.052ms, rate sampling interval: 10ms
  Thread calibration: mean lat.: 1.053ms, rate sampling interval: 10ms
  Thread calibration: mean lat.: 1.046ms, rate sampling interval: 10ms
  Thread calibration: mean lat.: 1.063ms, rate sampling interval: 10ms
  Thread calibration: mean lat.: 1.053ms, rate sampling interval: 10ms
  Thread calibration: mean lat.: 1.054ms, rate sampling interval: 10ms
  Thread calibration: mean lat.: 1.049ms, rate sampling interval: 10ms
  Thread calibration: mean lat.: 1.043ms, rate sampling interval: 10ms
  Thread calibration: mean lat.: 1.067ms, rate sampling interval: 10ms
  Thread calibration: mean lat.: 1.058ms, rate sampling interval: 10ms
  Thread calibration: mean lat.: 1.074ms, rate sampling interval: 10ms
  Thread calibration: mean lat.: 1.054ms, rate sampling interval: 10ms
  Thread calibration: mean lat.: 1.064ms, rate sampling interval: 10ms
  Thread Stats   Avg      Stdev     Max   +/- Stdev
    Latency     1.06ms  434.16us   4.43ms   63.84%
    Req/Sec     1.32k   126.98     1.78k    81.56%
  Latency Distribution (HdrHistogram - Recorded Latency)
 50.000%    1.04ms
 75.000%    1.37ms
 90.000%    1.63ms
 99.000%    2.07ms
 99.900%    2.47ms
 99.990%    3.15ms
 99.999%    3.81ms
100.000%    4.43ms

  Detailed Percentile spectrum:
       Value   Percentile   TotalCount 1/(1-Percentile)

       0.160     0.000000            1         1.00
       0.485     0.100000        39975         1.11
       0.640     0.200000        79814         1.25
       0.780     0.300000       119674         1.43
       0.914     0.400000       159387         1.67
       1.045     0.500000       199336         2.00
       1.110     0.550000       219249         2.22
       1.174     0.600000       239197         2.50
       1.238     0.650000       259034         2.86
       1.304     0.700000       279163         3.33
       1.372     0.750000       298874         4.00
       1.410     0.775000       308934         4.44
       1.449     0.800000       318715         5.00
       1.491     0.825000       328831         5.71
       1.534     0.850000       338674         6.67
       1.581     0.875000       348717         8.00
       1.606     0.887500       353711         8.89
       1.633     0.900000       358644        10.00
       1.663     0.912500       363584        11.43
       1.697     0.925000       368632        13.33
       1.736     0.937500       373541        16.00
       1.759     0.943750       376067        17.78
       1.783     0.950000       378494        20.00
       1.810     0.956250       380977        22.86
       1.841     0.962500       383484        26.67
       1.875     0.968750       385938        32.00
       1.894     0.971875       387190        35.56
       1.914     0.975000       388419        40.00
       1.937     0.978125       389677        45.71
       1.965     0.981250       390917        53.33
       1.997     0.984375       392182        64.00
       2.014     0.985938       392794        71.11
       2.034     0.987500       393420        80.00
       2.055     0.989062       394051        91.43
       2.081     0.990625       394675       106.67
       2.109     0.992188       395306       128.00
       2.123     0.992969       395583       142.22
       2.143     0.993750       395921       160.00
       2.161     0.994531       396212       182.86
       2.185     0.995313       396535       213.33
       2.211     0.996094       396826       256.00
       2.227     0.996484       396990       284.44
       2.251     0.996875       397150       320.00
       2.269     0.997266       397289       365.71
       2.299     0.997656       397455       426.67
       2.331     0.998047       397605       512.00
       2.349     0.998242       397677       568.89
       2.373     0.998437       397754       640.00
       2.405     0.998633       397833       731.43
       2.443     0.998828       397916       853.33
       2.477     0.999023       397990      1024.00
       2.501     0.999121       398027      1137.78
       2.529     0.999219       398065      1280.00
       2.569     0.999316       398106      1462.86
       2.623     0.999414       398144      1706.67
       2.669     0.999512       398182      2048.00
       2.703     0.999561       398202      2275.56
       2.741     0.999609       398222      2560.00
       2.789     0.999658       398240      2925.71
       2.833     0.999707       398260      3413.33
       2.873     0.999756       398280      4096.00
       2.903     0.999780       398289      4551.11
       2.947     0.999805       398299      5120.00
       2.977     0.999829       398309      5851.43
       3.025     0.999854       398319      6826.67
       3.103     0.999878       398328      8192.00
       3.125     0.999890       398333      9102.22
       3.177     0.999902       398338     10240.00
       3.243     0.999915       398342     11702.86
       3.277     0.999927       398347     13653.33
       3.319     0.999939       398352     16384.00
       3.351     0.999945       398355     18204.44
       3.373     0.999951       398358     20480.00
       3.389     0.999957       398359     23405.71
       3.539     0.999963       398362     27306.67
       3.575     0.999969       398364     32768.00
       3.603     0.999973       398366     36408.89
       3.651     0.999976       398367     40960.00
       3.681     0.999979       398368     46811.43
       3.699     0.999982       398370     54613.33
       3.699     0.999985       398370     65536.00
       3.717     0.999986       398371     72817.78
       3.807     0.999988       398372     81920.00
       3.807     0.999989       398372     93622.86
       3.967     0.999991       398373    109226.67
       3.967     0.999992       398373    131072.00
       4.017     0.999993       398374    145635.56
       4.017     0.999994       398374    163840.00
       4.017     0.999995       398374    187245.71
       4.283     0.999995       398375    218453.33
       4.283     0.999996       398375    262144.00
       4.283     0.999997       398375    291271.11
       4.283     0.999997       398375    327680.00
       4.283     0.999997       398375    374491.43
       4.431     0.999998       398376    436906.67
       4.431     1.000000       398376          inf
#[Mean    =        1.058, StdDeviation   =        0.434]
#[Max     =        4.428, Total count    =       398376]
#[Buckets =           27, SubBuckets     =         2048]
----------------------------------------------------------
  599340 requests in 30.00s, 200.05MB read
Requests/sec:  19977.38
Transfer/sec:      6.67MB
WRKX_RESULT {"durationUs":30000929,"requests":599340,"responses":599340,"errors":0,"bytes":209769000,"latencyAvgUs":1057.901,"latencyP95Us":1783.000,"latencyP99Us":2069.000}
