Running 30s test @ http://localhost:9991/
  16 threads and 256 connections
  Thread calibration: mean lat.: 1.150ms, rate sampling interval: 10ms
  Thread calibration: mean lat.: 1.020ms, rate sampling interval: 10ms
  Thread calibration: mean lat.: 1.026ms, rate sampling interval: 10ms
  Thread calibration: mean lat.: 1.038ms, rate sampling interval: 10ms
  Thread calibration: mean lat.: 1.045ms, rate sampling interval: 10ms
  Thread calibration: mean lat.: 1.029ms, rate sampling interval: 10ms
  Thread calibration: mean lat.: 1.031ms, rate sampling interval: 10ms
  Thread calibration: mean lat.: 1.027ms, rate sampling interval: 10ms
  Thread calibration: mean lat.: 1.021ms, rate sampling interval: 10ms
  Thread calibration: mean lat.: 1.022ms, rate sampling interval: 10ms
  Thread calibration: mean lat.: 1.037ms, rate sampling interval: 10ms
  Thread calibration: mean lat.: 1.062ms, rate sampling interval: 10ms
  Thread calibration: mean lat.: 1.038ms, rate sampling interval: 10ms
  Thread calibration: mean lat.: 1.041ms, rate sampling interval: 10ms
  Thread calibration: mean lat.: 1.038ms, rate sampling interval: 10ms
  Thread calibration: mean lat.: 1.047ms, rate sampling interval: 10ms
  Thread Stats   Avg      Stdev     Max   +/- Stdev
    Latency     1.05ms  425.18us   5.19ms   64.18%
    Req/Sec     0.99k   248.62     1.78k    87.87%
  Latency Distribution (HdrHistogram - Recorded Latency)
 50.000%    1.04ms
 75.000%    1.35ms
 90.000%    1.60ms
 99.000%    2.05ms
 99.900%    2.38ms
 99.990%    3.04ms
 99.999%    4.32ms
100.000%    5.19ms

  Detailed Percentile spectrum:
       Value   Percentile   TotalCount 1/(1-Percentile)

       0.155     0.000000            1         1.00
       0.481     0.100000        29984         1.11
       0.637     0.200000        59923         1.25
       0.776     0.300000        89690         1.43
       0.910     0.400000       119719         1.67
       1.039     0.500000       149487         2.00
       1.102     0.550000       164481         2.22
       1.165     0.600000       179454         2.50
       1.225     0.650000       194211         2.86
       1.286     0.700000       209392         3.33
       1.349     0.750000       224178         4.00
       1.384     0.775000       231560         4.44
       1.423     0.800000       239132         5.00
       1.464     0.825000       246567         5.71
       1.506     0.850000       254007         6.67
       1.553     0.875000       261547         8.00
       1.577     0.887500       265183         8.89
       1.604     0.900000       268920        10.00
       1.634     0.912500       272682        11.43
       1.669     0.925000       276434        13.33
       1.708     0.937500       280138        16.00
       1.732     0.943750       282037        17.78
       1.757     0.950000       283899        20.00
       1.785     0.956250       285749        22.86
       1.817     0.962500       287611        26.67
       1.852     0.968750       289447        32.00
       1.872     0.971875       290395        35.56
       1.894     0.975000       291352        40.00
       1.917     0.978125       292269        45.71
       1.943     0.981250       293193        53.33
       1.973     0.984375       294125        64.00
       1.992     0.985938       294601        71.11
       2.011     0.987500       295056        80.00
       2.032     0.989062       295526        91.43
       2.057     0.990625       296002       106.67
       2.081     0.992188       296455       128.00
       2.095     0.992969       296684       142.22
       2.111     0.993750       296923       160.00
       2.131     0.994531       297156       182.86
       2.153     0.995313       297392       213.33
       2.179     0.996094       297632       256.00
       2.189     0.996484       297736       284.44
       2.205     0.996875       297857       320.00
       2.221     0.997266       297973       365.71
       2.241     0.997656       298090       426.67
       2.267     0.998047       298205       512.00
       2.281     0.998242       298258       568.89
       2.297     0.998437       298317       640.00
       2.317     0.998633       298375       731.43
       2.345     0.998828       298433       853.33
       2.381     0.999023       298493      1024.00
       2.399     0.999121       298521      1137.78
       2.423     0.999219       298549      1280.00
       2.455     0.999316       298577      1462.86
       2.483     0.999414       298606      1706.67
       2.529     0.999512       298636      2048.00
       2.557     0.999561       298652      2275.56
       2.597     0.999609       298665      2560.00
       2.623     0.999658       298680      2925.71
       2.661     0.999707       298695      3413.33
       2.713     0.999756       298709      4096.00
       2.745     0.999780       298717      4551.11
       2.783     0.999805       298723      5120.00
       2.825     0.999829       298730      5851.43
       2.903     0.999854       298738      6826.67
       2.951     0.999878       298745      8192.00
       3.027     0.999890       298749      9102.22
       3.041     0.999902       298752     10240.00
       3.245     0.999915       298756     11702.86
       3.341     0.999927       298760     13653.33
       3.395     0.999939       298763     16384.00
       3.659     0.999945       298765     18204.44
       3.897     0.999951       298767     20480.00
       3.937     0.999957       298769     23405.71
       3.969     0.999963       298771     27306.67
       4.007     0.999969       298772     32768.00
       4.021     0.999973       298773     36408.89
       4.035     0.999976       298774     40960.00
       4.055     0.999979       298775     46811.43
       4.159     0.999982       298776     54613.33
       4.179     0.999985       298777     65536.00
       4.179     0.999986       298777     72817.78
       4.323     0.999988       298778     81920.00
       4.323     0.999989       298778     93622.86
       4.563     0.999991       298779    109226.67
       4.563     0.999992       298779    131072.00
       4.563     0.999993       298779    145635.56
       5.007     0.999994       298780    163840.00
       5.007     0.999995       298780    187245.71
       5.007     0.999995       298780    218453.33
       5.007     0.999996       298780    262144.00
       5.007     0.999997       298780    291271.11
       5.191     0.999997       298781    327680.00
       5.191     1.000000       298781          inf
#[Mean    =        1.046, StdDeviation   =        0.425]
#[Max     =        5.188, Total count    =       298781]
#[Buckets =           27, SubBuckets     =         2048]
----------------------------------------------------------
  448631 requests in 30.01s, 149.75MB read
Requests/sec:  14947.79
Transfer/sec:      4.99MB
WRKX_RESULT {"durationUs":30013194,"requests":448631,"responses":448631,"errors":0,"bytes":157020850,"latencyAvgUs":1046.112,"latencyP95Us":1757.000,"latencyP99Us":2047.000}
