Running 30s test @ http://localhost:9991/
  16 threads and 256 connections
  Thread calibration: mean lat.: 1.046ms, rate sampling interval: 10ms
  Thread calibration: mean lat.: 1.056ms, rate sampling interval: 10ms
  Thread calibration: mean lat.: 1.049ms, rate sampling interval: 10ms
  Thread calibration: mean lat.: 1.060ms, rate sampling interval: 10ms
  Thread calibration: mean lat.: 1.063ms, rate sampling interval: 10ms
  Thread calibration: mean lat.: 1.053ms, rate sampling interval: 10ms
  Thread calibration: mean lat.: 1.066ms, rate sampling interval: 10ms
  Thread calibration: mean lat.: 1.048ms, rate sampling interval: 10ms
  Thread calibration: mean lat.: 1.039ms, rate sampling interval: 10ms
  Thread calibration: mean lat.: 1.031ms, rate sampling interval: 10ms
  Thread calibration: mean lat.: 1.051ms, rate sampling interval: 10ms
  Thread calibration: mean lat.: 1.052ms, rate sampling interval: 10ms
  Thread calibration: mean lat.: 1.036ms, rate sampling interval: 10ms
  Thread calibration: mean lat.: 1.052ms, rate sampling interval: 10ms
  Thread calibration: mean lat.: 1.030ms, rate sampling interval: 10ms
  Thread calibration: mean lat.: 1.041ms, rate sampling interval: 10ms
  Thread Stats   Avg      Stdev     Max   +/- Stdev
    Latency     1.04ms  396.02us   2.98ms   66.24%
    Req/Sec   329.35    110.97   600.00     62.05%
  Latency Distribution (HdrHistogram - Recorded Latency)
 50.000%    1.04ms
 75.000%    1.31ms
 90.000%    1.56ms
 99.000%    2.03ms
 99.900%    2.25ms
 99.990%    2.57ms
 99.999%    2.95ms
100.000%    2.98ms

  Detailed Percentile spectrum:
       Value   Percentile   TotalCount 1/(1-Percentile)

       0.180     0.000000            1         1.00
       0.518     0.100000         9981         1.11
       0.672     0.200000        19991         1.25
       0.803     0.300000        29921         1.43
       0.928     0.400000        39883         1.67
       1.043     0.500000        49819         2.00
       1.097     0.550000        54805         2.22
       1.150     0.600000        59779         2.50
       1.204     0.650000        64829         2.86
       1.256     0.700000        69785         3.33
       1.308     0.750000        74714         4.00
       1.337     0.775000        77226         4.44
       1.369     0.800000        79697         5.00
       1.406     0.825000        82196         5.71
       1.449     0.850000        84682         6.67
       1.501     0.875000        87183         8.00
       1.529     0.887500        88395         8.89
       1.562     0.900000        89646        10.00
       1.596     0.912500        90907        11.43
       1.635     0.925000        92140        13.33
       1.680     0.937500        93393        16.00
       1.704     0.943750        94010        17.78
       1.730     0.950000        94620        20.00
       1.762     0.956250        95249        22.86
       1.795     0.962500        95865        26.67
       1.833     0.968750        96498        32.00
       1.853     0.971875        96809        35.56
       1.876     0.975000        97120        40.00
       1.898     0.978125        97433        45.71
       1.927     0.981250        97734        53.33
       1.957     0.984375        98052        64.00
       1.973     0.985938        98200        71.11
       1.990     0.987500        98359        80.00
       2.012     0.989062        98515        91.43
       2.035     0.990625        98669       106.67
       2.059     0.992188        98821       128.00
       2.073     0.992969        98909       142.22
       2.085     0.993750        98979       160.00
       2.099     0.994531        99063       182.86
       2.117     0.995313        99136       213.33
       2.139     0.996094        99218       256.00
       2.147     0.996484        99249       284.44
       2.161     0.996875        99290       320.00
       2.175     0.997266        99333       365.71
       2.189     0.997656        99369       426.67
       2.205     0.998047        99411       512.00
       2.215     0.998242        99429       568.89
       2.223     0.998437        99446       640.00
       2.231     0.998633        99463       731.43
       2.243     0.998828        99485       853.33
       2.253     0.999023        99502      1024.00
       2.261     0.999121        99512      1137.78
       2.275     0.999219        99523      1280.00
       2.297     0.999316        99531      1462.86
       2.307     0.999414        99542      1706.67
       2.321     0.999512        99551      2048.00
       2.331     0.999561        99557      2275.56
       2.339     0.999609        99562      2560.00
       2.349     0.999658        99565      2925.71
       2.361     0.999707        99570      3413.33
       2.379     0.999756        99575      4096.00
       2.393     0.999780        99578      4551.11
       2.401     0.999805        99580      5120.00
       2.463     0.999829        99582      5851.43
       2.481     0.999854        99585      6826.67
       2.527     0.999878        99588      8192.00
       2.567     0.999890        99589      9102.22
       2.577     0.999902        99590     10240.00
       2.589     0.999915        99591     11702.86
       2.599     0.999927        99592     13653.33
       2.653     0.999939        99593     16384.00
       2.687     0.999945        99594     18204.44
       2.737     0.999951        99595     20480.00
       2.737     0.999957        99595     23405.71
       2.767     0.999963        99596     27306.67
       2.767     0.999969        99596     32768.00
       2.903     0.999973        99597     36408.89
       2.903     0.999976        99597     40960.00
       2.903     0.999979        99597     46811.43
       2.955     0.999982        99598     54613.33
       2.955     0.999985        99598     65536.00
       2.955     0.999986        99598     72817.78
       2.955     0.999988        99598     81920.00
       2.955     0.999989        99598     93622.86
       2.981     0.999991        99599    109226.67
       2.981     1.000000        99599          inf
#[Mean    =        1.044, StdDeviation   =        0.396]
#[Max     =        2.980, Total count    =        99599]
#[Buckets =           27, SubBuckets     =         2048]
----------------------------------------------------------
  149935 requests in 30.00s, 50.05MB read
Requests/sec:   4997.33
Transfer/sec:      1.67MB
WRKX_RESULT {"durationUs":30003032,"requests":149935,"responses":149935,"errors":0,"bytes":52477250,"latencyAvgUs":1044.302,"latencyP95Us":1730.000,"latencyP99Us":2027.000}
