Running 30s test @ http://localhost:9991/
  16 threads and 256 connections
  Thread calibration: mean lat.: 1.151ms, rate sampling interval: 10ms
  Thread calibration: mean lat.: 1.151ms, rate sampling interval: 10ms
  Thread calibration: mean lat.: 1.159ms, rate sampling interval: 10ms
  Thread calibration: mean lat.: 1.139ms, rate sampling interval: 10ms
  Thread calibration: mean lat.: 1.153ms, rate sampling interval: 10ms
  Thread calibration: mean lat.: 1.148ms, rate sampling interval: 10ms
  Thread calibration: mean lat.: 1.161ms, rate sampling interval: 10ms
  Thread calibration: mean lat.: 1.154ms, rate sampling interval: 10ms
  Thread calibration: mean lat.: 1.143ms, rate sampling interval: 10ms
  Thread calibration: mean lat.: 1.161ms, rate sampling interval: 10ms
  Thread calibration: mean lat.: 1.129ms, rate sampling interval: 10ms
  Thread calibration: mean lat.: 1.124ms, rate sampling interval: 10ms
  Thread calibration: mean lat.: 1.113ms, rate sampling interval: 10ms
  Thread calibration: mean lat.: 1.123ms, rate sampling interval: 10ms
  Thread calibration: mean lat.: 1.113ms, rate sampling interval: 10ms
  Thread calibration: mean lat.: 1.126ms, rate sampling interval: 10ms
  Thread Stats   Avg      Stdev     Max   +/- Stdev
    Latency     1.11ms  387.81us   2.55ms   66.73%
    Req/Sec   165.82     95.04   444.00     73.42%
  Latency Distribution (HdrHistogram - Recorded Latency)
 50.000%    1.11ms
 75.000%    1.37ms
 90.000%    1.62ms
 99.000%    2.07ms
 99.900%    2.31ms
 99.990%    2.45ms
 99.999%    2.55ms
100.000%    2.55ms

  Detailed Percentile spectrum:
       Value   Percentile   TotalCount 1/(1-Percentile)

       0.206     0.000000            1         1.00
       0.602     0.100000         4987         1.11
       0.754     0.200000         9967         1.25
       0.884     0.300000        14934         1.43
       1.005     0.400000        19959         1.67
       1.113     0.500000        24912         2.00
       1.164     0.550000        27388         2.22
       1.215     0.600000        29871         2.50
       1.266     0.650000        32391         2.86
       1.319     0.700000        34893         3.33
       1.369     0.750000        37368         4.00
       1.396     0.775000        38583         4.44
       1.429     0.800000        39859         5.00
       1.465     0.825000        41072         5.71
       1.509     0.850000        42318         6.67
       1.562     0.875000        43561         8.00
       1.594     0.887500        44202         8.89
       1.626     0.900000        44821        10.00
       1.662     0.912500        45422        11.43
       1.700     0.925000        46053        13.33
       1.741     0.937500        46678        16.00
       1.766     0.943750        46986        17.78
       1.792     0.950000        47297        20.00
       1.822     0.956250        47604        22.86
       1.852     0.962500        47922        26.67
       1.887     0.968750        48222        32.00
       1.910     0.971875        48377        35.56
       1.932     0.975000        48534        40.00
       1.957     0.978125        48694        45.71
       1.977     0.981250        48844        53.33
       2.009     0.984375        49003        64.00
       2.022     0.985938        49077        71.11
       2.038     0.987500        49156        80.00
       2.059     0.989062        49241        91.43
       2.079     0.990625        49314       106.67
       2.101     0.992188        49392       128.00
       2.119     0.992969        49431       142.22
       2.135     0.993750        49471       160.00
       2.147     0.994531        49506       182.86
       2.167     0.995313        49544       213.33
       2.187     0.996094        49582       256.00
       2.197     0.996484        49604       284.44
       2.207     0.996875        49621       320.00
       2.221     0.997266        49641       365.71
       2.237     0.997656        49662       426.67
       2.259     0.998047        49681       512.00
       2.265     0.998242        49689       568.89
       2.273     0.998437        49699       640.00
       2.285     0.998633        49709       731.43
       2.297     0.998828        49719       853.33
       2.311     0.999023        49728      1024.00
       2.321     0.999121        49734      1137.78
       2.335     0.999219        49738      1280.00
       2.341     0.999316        49744      1462.86
       2.345     0.999414        49748      1706.67
       2.361     0.999512        49753      2048.00
       2.377     0.999561        49755      2275.56
       2.379     0.999609        49757      2560.00
       2.393     0.999658        49759      2925.71
       2.407     0.999707        49762      3413.33
       2.411     0.999756        49764      4096.00
       2.417     0.999780        49767      4551.11
       2.417     0.999805        49767      5120.00
       2.433     0.999829        49768      5851.43
       2.445     0.999854        49770      6826.67
       2.445     0.999878        49770      8192.00
       2.449     0.999890        49771      9102.22
       2.463     0.999902        49772     10240.00
       2.463     0.999915        49772     11702.86
       2.471     0.999927        49773     13653.33
       2.471     0.999939        49773     16384.00
       2.499     0.999945        49774     18204.44
       2.499     0.999951        49774     20480.00
       2.499     0.999957        49774     23405.71
       2.509     0.999963        49775     27306.67
       2.509     0.999969        49775     32768.00
       2.509     0.999973        49775     36408.89
       2.509     0.999976        49775     40960.00
       2.509     0.999979        49775     46811.43
       2.553     0.999982        49776     54613.33
       2.553     1.000000        49776          inf
#[Mean    =        1.115, StdDeviation   =        0.388]
#[Max     =        2.552, Total count    =        49776]
#[Buckets =           27, SubBuckets     =         2048]
----------------------------------------------------------
  75024 requests in 30.00s, 25.04MB read
Requests/sec:   2500.42
Transfer/sec:    854.64KB
WRKX_RESULT {"durationUs":30004511,"requests":75024,"responses":75024,"errors":0,"bytes":26258400,"latencyAvgUs":1114.680,"latencyP95Us":1792.000,"latencyP99Us":2071.000}
