Running 30s test @ http://localhost:9991/
  16 threads and 256 connections
  Thread calibration: mean lat.: 1.407ms, rate sampling interval: 10ms
  Thread calibration: mean lat.: 1.408ms, rate sampling interval: 10ms
  Thread calibration: mean lat.: 1.411ms, rate sampling interval: 10ms
  Thread calibration: mean lat.: 1.407ms, rate sampling interval: 10ms
  Thread calibration: mean lat.: 1.412ms, rate sampling interval: 10ms
  Thread calibration: mean lat.: 1.424ms, rate sampling interval: 10ms
  Thread calibration: mean lat.: 1.408ms, rate sampling interval: 10ms
  Thread calibration: mean lat.: 1.406ms, rate sampling interval: 10ms
  Thread calibration: mean lat.: 1.414ms, rate sampling interval: 10ms
  Thread calibration: mean lat.: 1.400ms, rate sampling interval: 10ms
  Thread calibration: mean lat.: 1.409ms, rate sampling interval: 10ms
  Thread calibration: mean lat.: 1.443ms, rate sampling interval: 10ms
  Thread calibration: mean lat.: 1.430ms, rate sampling interval: 10ms
  Thread calibration: mean lat.: 1.415ms, rate sampling interval: 10ms
  Thread calibration: mean lat.: 1.427ms, rate sampling interval: 10ms
  Thread calibration: mean lat.: 1.420ms, rate sampling interval: 10ms
  Thread Stats   Avg      Stdev     Max   +/- Stdev
    Latency     1.40ms  601.77us   9.14ms   69.36%
    Req/Sec     2.63k   221.28     4.78k    66.75%
  Latency Distribution (HdrHistogram - Recorded Latency)
 50.000%    1.34ms
 75.000%    1.77ms
 90.000%    2.16ms
 99.000%    3.03ms
 99.900%    4.83ms
 99.990%    7.39ms
 99.999%    8.73ms
100.000%    9.14ms

  Detailed Percentile spectrum:
       Value   Percentile   TotalCount 1/(1-Percentile)

       0.165     0.000000            1         1.00
       0.681     0.100000        79718         1.11
       0.875     0.200000       159803         1.25
       1.038     0.300000       239244         1.43
       1.191     0.400000       318916         1.67
       1.343     0.500000       398863         2.00
       1.421     0.550000       438462         2.22
       1.503     0.600000       478517         2.50
       1.587     0.650000       518177         2.86
       1.677     0.700000       558093         3.33
       1.772     0.750000       597672         4.00
       1.824     0.775000       617697         4.44
       1.879     0.800000       637739         5.00
       1.938     0.825000       657543         5.71
       2.002     0.850000       677524         6.67
       2.075     0.875000       697499         8.00
       2.115     0.887500       707310         8.89
       2.161     0.900000       717395        10.00
       2.209     0.912500       727075        11.43
       2.265     0.925000       737045        13.33
       2.331     0.937500       747126        16.00
       2.369     0.943750       752039        17.78
       2.411     0.950000       757029        20.00
       2.459     0.956250       761992        22.86
       2.515     0.962500       766954        26.67
       2.581     0.968750       771998        32.00
       2.619     0.971875       774512        35.56
       2.661     0.975000       776926        40.00
       2.711     0.978125       779430        45.71
       2.771     0.981250       781901        53.33
       2.841     0.984375       784366        64.00
       2.885     0.985938       785626        71.11
       2.935     0.987500       786867        80.00
       2.989     0.989062       788082        91.43
       3.059     0.990625       789335       106.67
       3.145     0.992188       790577       128.00
       3.201     0.992969       791210       142.22
       3.257     0.993750       791819       160.00
       3.327     0.994531       792449       182.86
       3.419     0.995313       793062       213.33
       3.521     0.996094       793680       256.00
       3.593     0.996484       793997       284.44
       3.677     0.996875       794308       320.00
       3.769     0.997266       794613       365.71
       3.881     0.997656       794926       426.67
       4.047     0.998047       795236       512.00
       4.175     0.998242       795396       568.89
       4.307     0.998437       795547       640.00
       4.479     0.998633       795703       731.43
       4.655     0.998828       795860       853.33
       4.855     0.999023       796015      1024.00
       4.999     0.999121       796093      1137.78
       5.131     0.999219       796169      1280.00
       5.323     0.999316       796249      1462.86
       5.511     0.999414       796325      1706.67
       5.767     0.999512       796403      2048.00
       5.919     0.999561       796442      2275.56
       6.039     0.999609       796481      2560.00
       6.211     0.999658       796520      2925.71
       6.399     0.999707       796559      3413.33
       6.587     0.999756       796597      4096.00
       6.687     0.999780       796616      4551.11
       6.763     0.999805       796636      5120.00
       6.899     0.999829       796656      5851.43
       7.015     0.999854       796675      6826.67
       7.203     0.999878       796694      8192.00
       7.279     0.999890       796705      9102.22
       7.443     0.999902       796714     10240.00
       7.575     0.999915       796723     11702.86
       7.703     0.999927       796733     13653.33
       7.775     0.999939       796744     16384.00
       7.815     0.999945       796748     18204.44
       7.927     0.999951       796753     20480.00
       7.951     0.999957       796757     23405.71
       8.019     0.999963       796762     27306.67
       8.119     0.999969       796767     32768.00
       8.187     0.999973       796770     36408.89
       8.199     0.999976       796772     40960.00
       8.231     0.999979       796774     46811.43
       8.319     0.999982       796777     54613.33
       8.455     0.999985       796779     65536.00
       8.647     0.999986       796781     72817.78
       8.695     0.999988       796782     81920.00
       8.727     0.999989       796783     93622.86
       8.767     0.999991       796784    109226.67
       8.799     0.999992       796785    131072.00
       8.903     0.999993       796786    145635.56
       8.959     0.999994       796787    163840.00
       8.959     0.999995       796787    187245.71
       9.007     0.999995       796788    218453.33
       9.007     0.999996       796788    262144.00
       9.119     0.999997       796789    291271.11
       9.119     0.999997       796789    327680.00
       9.119     0.999997       796789    374491.43
       9.127     0.999998       796790    436906.67
       9.127     0.999998       796790    524288.00
       9.127     0.999998       796790    582542.22
       9.127     0.999998       796790    655360.00
       9.127     0.999999       796790    748982.86
       9.143     0.999999       796791    873813.33
       9.143     1.000000       796791          inf
#[Mean    =        1.401, StdDeviation   =        0.602]
#[Max     =        9.136, Total count    =       796791]
#[Buckets =           27, SubBuckets     =         2048]
----------------------------------------------------------
  1198563 requests in 30.00s, 400.06MB read
Requests/sec:  39950.96
Transfer/sec:     13.34MB
WRKX_RESULT {"durationUs":30000856,"requests":1198563,"responses":1198563,"errors":0,"bytes":419497050,"latencyAvgUs":1400.693,"latencyP95Us":2411.000,"latencyP99Us":3031.000}
