Running 30s test @ http://localhost:9991/
  16 threads and 256 connections
  Thread calibration: mean lat.: 1.271ms, rate sampling interval: 10ms
  Thread calibration: mean lat.: 1.278ms, rate sampling interval: 10ms
  Thread calibration: mean lat.: 1.255ms, rate sampling interval: 10ms
  Thread calibration: mean lat.: 1.260ms, rate sampling interval: 10ms
  Thread calibration: mean lat.: 1.264ms, rate sampling interval: 10ms
  Thread calibration: mean lat.: 1.317ms, rate sampling interval: 10ms
  Thread calibration: mean lat.: 1.265ms, rate sampling interval: 10ms
  Thread calibration: mean lat.: 1.290ms, rate sampling interval: 10ms
  Thread calibration: mean lat.: 1.302ms, rate sampling interval: 10ms
  Thread calibration: mean lat.: 1.294ms, rate sampling interval: 10ms
  Thread calibration: mean lat.: 1.335ms, rate sampling interval: 10ms
  Thread calibration: mean lat.: 1.290ms, rate sampling interval: 10ms
  Thread calibration: mean lat.: 1.293ms, rate sampling interval: 10ms
  Thread calibration: mean lat.: 1.293ms, rate sampling interval: 10ms
  Thread calibration: mean lat.: 1.277ms, rate sampling interval: 10ms
  Thread calibration: mean lat.: 1.273ms, rate sampling interval: 10ms
  Thread Stats   Avg      Stdev     Max   +/- Stdev
    Latency     1.26ms  530.53us   6.49ms   65.90%
    Req/Sec     1.65k   150.32     2.67k    82.91%
  Latency Distribution (HdrHistogram - Recorded Latency)
 50.000%    1.24ms
 75.000%    1.63ms
 90.000%    1.96ms
 99.000%    2.59ms
 99.900%    3.26ms
 99.990%    5.07ms
 99.999%    6.00ms
100.000%    6.49ms

  Detailed Percentile spectrum:
       Value   Percentile   TotalCount 1/(1-Percentile)

       0.160     0.000000            1         1.00
       0.584     0.100000        49992         1.11
       0.774     0.200000        99808         1.25
       0.937     0.300000       149745         1.43
       1.089     0.400000       199424         1.67
       1.237     0.500000       249267         2.00
       1.310     0.550000       274136         2.22
       1.385     0.600000       299120         2.50
       1.463     0.650000       323945         2.86
       1.544     0.700000       348796         3.33
       1.630     0.750000       373629         4.00
       1.674     0.775000       385983         4.44
       1.721     0.800000       398451         5.00
       1.772     0.825000       411077         5.71
       1.827     0.850000       423340         6.67
       1.888     0.875000       435841         8.00
       1.922     0.887500       442094         8.89
       1.959     0.900000       448282        10.00
       2.000     0.912500       454524        11.43
       2.044     0.925000       460682        13.33
       2.097     0.937500       467023        16.00
       2.127     0.943750       470159        17.78
       2.159     0.950000       473130        20.00
       2.197     0.956250       476326        22.86
       2.239     0.962500       479435        26.67
       2.287     0.968750       482470        32.00
       2.315     0.971875       484052        35.56
       2.347     0.975000       485630        40.00
       2.383     0.978125       487178        45.71
       2.423     0.981250       488700        53.33
       2.473     0.984375       490286        64.00
       2.499     0.985938       491025        71.11
       2.529     0.987500       491800        80.00
       2.567     0.989062       492595        91.43
       2.609     0.990625       493363       106.67
       2.661     0.992188       494157       128.00
       2.691     0.992969       494543       142.22
       2.725     0.993750       494913       160.00
       2.763     0.994531       495300       182.86
       2.807     0.995313       495688       213.33
       2.857     0.996094       496081       256.00
       2.887     0.996484       496280       284.44
       2.915     0.996875       496463       320.00
       2.953     0.997266       496667       365.71
       2.997     0.997656       496859       426.67
       3.045     0.998047       497051       512.00
       3.077     0.998242       497146       568.89
       3.113     0.998437       497244       640.00
       3.149     0.998633       497342       731.43
       3.191     0.998828       497437       853.33
       3.263     0.999023       497533      1024.00
       3.301     0.999121       497582      1137.78
       3.365     0.999219       497631      1280.00
       3.427     0.999316       497681      1462.86
       3.491     0.999414       497728      1706.67
       3.551     0.999512       497779      2048.00
       3.601     0.999561       497801      2275.56
       3.667     0.999609       497827      2560.00
       3.765     0.999658       497849      2925.71
       3.857     0.999707       497874      3413.33
       4.001     0.999756       497898      4096.00
       4.135     0.999780       497910      4551.11
       4.347     0.999805       497922      5120.00
       4.499     0.999829       497934      5851.43
       4.719     0.999854       497947      6826.67
       4.971     0.999878       497959      8192.00
       5.059     0.999890       497966      9102.22
       5.079     0.999902       497971     10240.00
       5.203     0.999915       497977     11702.86
       5.359     0.999927       497983     13653.33
       5.415     0.999939       497989     16384.00
       5.447     0.999945       497992     18204.44
       5.459     0.999951       497996     20480.00
       5.471     0.999957       497999     23405.71
       5.487     0.999963       498001     27306.67
       5.519     0.999969       498004     32768.00
       5.579     0.999973       498006     36408.89
       5.619     0.999976       498007     40960.00
       5.767     0.999979       498009     46811.43
       5.779     0.999982       498010     54613.33
       5.883     0.999985       498012     65536.00
       5.939     0.999986       498013     72817.78
       5.939     0.999988       498013     81920.00
       6.003     0.999989       498014     93622.86
       6.039     0.999991       498015    109226.67
       6.139     0.999992       498016    131072.00
       6.139     0.999993       498016    145635.56
       6.139     0.999994       498016    163840.00
       6.355     0.999995       498017    187245.71
       6.355     0.999995       498017    218453.33
       6.447     0.999996       498018    262144.00
       6.447     0.999997       498018    291271.11
       6.447     0.999997       498018    327680.00
       6.447     0.999997       498018    374491.43
       6.447     0.999998       498018    436906.67
       6.495     0.999998       498019    524288.00
       6.495     1.000000       498019          inf
#[Mean    =        1.264, StdDeviation   =        0.531]
#[Max     =        6.492, Total count    =       498019]
#[Buckets =           27, SubBuckets     =         2048]
----------------------------------------------------------
  749137 requests in 30.00s, 250.05MB read
Requests/sec:  24969.14
Transfer/sec:      8.33MB
WRKX_RESULT {"durationUs":30002513,"requests":749137,"responses":749137,"errors":0,"bytes":262197950,"latencyAvgUs":1264.454,"latencyP95Us":2159.000,"latencyP99Us":2593.000}
