Running 30s test @ http://localhost:9991/
  16 threads and 256 connections
  Thread calibration: mean lat.: 1389.951ms, rate sampling interval: 5054ms
  Thread calibration: mean lat.: 1394.016ms, rate sampling interval: 5070ms
  Thread calibration: mean lat.: 1401.502ms, rate sampling interval: 5119ms
  Thread calibration: mean lat.: 1356.994ms, rate sampling interval: 4960ms
  Thread calibration: mean lat.: 1386.810ms, rate sampling interval: 5074ms
  Thread calibration: mean lat.: 1406.413ms, rate sampling interval: 5095ms
  Thread calibration: mean lat.: 1380.630ms, rate sampling interval: 5042ms
  Thread calibration: mean lat.: 1367.868ms, rate sampling interval: 5029ms
  Thread calibration: mean lat.: 1379.545ms, rate sampling interval: 5046ms
  Thread calibration: mean lat.: 1381.614ms, rate sampling interval: 5074ms
  Thread calibration: mean lat.: 1366.856ms, rate sampling interval: 5021ms
  Thread calibration: mean lat.: 1398.860ms, rate sampling interval: 5103ms
  Thread calibration: mean lat.: 1401.417ms, rate sampling interval: 5156ms
  Thread calibration: mean lat.: 1378.058ms, rate sampling interval: 5021ms
  Thread calibration: mean lat.: 1370.332ms, rate sampling interval: 4997ms
  Thread calibration: mean lat.: 1401.043ms, rate sampling interval: 5091ms
  Thread Stats   Avg      Stdev     Max   +/- Stdev
    Latency     5.55s     1.62s    8.58s    58.40%
    Req/Sec     4.51k    22.79     4.57k    61.22%
  Latency Distribution (HdrHistogram - Recorded Latency)
 50.000%    5.55s 
 75.000%    6.93s 
 90.000%    7.82s 
 99.000%    8.32s 
 99.900%    8.46s 
 99.990%    8.54s 
 99.999%    8.58s 
100.000%    8.59s 

  Detailed Percentile spectrum:
       Value   Percentile   TotalCount 1/(1-Percentile)

    2662.399     0.000000            1         1.00
    3313.663     0.100000       143715         1.11
    3876.863     0.200000       287353         1.25
    4419.583     0.300000       431769         1.43
    4968.447     0.400000       575070         1.67
    5545.983     0.500000       718491         2.00
    5824.511     0.550000       790674         2.22
    6119.423     0.600000       862383         2.50
    6402.047     0.650000       934233         2.86
    6672.383     0.700000      1006337         3.33
    6934.527     0.750000      1077791         4.00
    7073.791     0.775000      1113487         4.44
    7208.959     0.800000      1149161         5.00
    7352.319     0.825000      1185356         5.71
    7499.775     0.850000      1221288         6.67
    7659.519     0.875000      1256650         8.00
    7741.439     0.887500      1275417         8.89
    7815.167     0.900000      1293014        10.00
    7884.799     0.912500      1310404        11.43
    7958.527     0.925000      1329073        13.33
    8024.063     0.937500      1346779        16.00
    8056.831     0.943750      1355582        17.78
    8089.599     0.950000      1364415        20.00
    8122.367     0.956250      1373295        22.86
    8159.231     0.962500      1382966        26.67
    8191.999     0.968750      1391447        32.00
    8212.479     0.971875      1396555        35.56
    8228.863     0.975000      1400582        40.00
    8245.247     0.978125      1404689        45.71
    8265.727     0.981250      1409617        53.33
    8286.207     0.984375      1414335        64.00
    8294.399     0.985938      1416097        71.11
    8306.687     0.987500      1418671        80.00
    8318.975     0.989062      1420994        91.43
    8331.263     0.990625      1423043       106.67
    8343.551     0.992188      1425064       128.00
    8351.743     0.992969      1426164       142.22
    8359.935     0.993750      1427310       160.00
    8368.127     0.994531      1428380       182.86
    8376.319     0.995313      1429312       213.33
    8388.607     0.996094      1430544       256.00
    8396.799     0.996484      1431192       284.44
    8404.991     0.996875      1431755       320.00
    8413.183     0.997266      1432316       365.71
    8421.375     0.997656      1432845       426.67
    8429.567     0.998047      1433300       512.00
    8437.759     0.998242      1433705       568.89
    8445.951     0.998437      1434097       640.00
    8445.951     0.998633      1434097       731.43
    8454.143     0.998828      1434405       853.33
    8462.335     0.999023      1434654      1024.00
    8470.527     0.999121      1434862      1137.78
    8478.719     0.999219      1435053      1280.00
    8478.719     0.999316      1435053      1462.86
    8486.911     0.999414      1435289      1706.67
    8495.103     0.999512      1435436      2048.00
    8495.103     0.999561      1435436      2275.56
    8503.295     0.999609      1435566      2560.00
    8503.295     0.999658      1435566      2925.71
    8511.487     0.999707      1435665      3413.33
    8511.487     0.999756      1435665      4096.00
    8519.679     0.999780      1435731      4551.11
    8519.679     0.999805      1435731      5120.00
    8527.871     0.999829      1435779      5851.43
    8536.063     0.999854      1435843      6826.67
    8536.063     0.999878      1435843      8192.00
    8544.255     0.999890      1435881      9102.22
    8544.255     0.999902      1435881     10240.00
    8552.447     0.999915      1435926     11702.86
    8552.447     0.999927      1435926     13653.33
    8552.447     0.999939      1435926     16384.00
    8560.639     0.999945      1435956     18204.44
    8560.639     0.999951      1435956     20480.00
    8560.639     0.999957      1435956     23405.71
    8560.639     0.999963      1435956     27306.67
    8568.831     0.999969      1435978     32768.00
    8568.831     0.999973      1435978     36408.89
    8568.831     0.999976      1435978     40960.00
    8568.831     0.999979      1435978     46811.43
    8577.023     0.999982      1435992     54613.33
    8577.023     0.999985      1435992     65536.00
    8577.023     0.999986      1435992     72817.78
    8577.023     0.999988      1435992     81920.00
    8577.023     0.999989      1435992     93622.86
    8577.023     0.999991      1435992    109226.67
    8585.215     0.999992      1436005    131072.00
    8585.215     1.000000      1436005          inf
#[Mean    =     5549.577, StdDeviation   =     1617.261]
#[Max     =     8577.024, Total count    =      1436005]
#[Buckets =           27, SubBuckets     =         2048]
----------------------------------------------------------
  2161604 requests in 30.00s, 721.51MB read
Requests/sec:  72054.00
Transfer/sec:     24.05MB
WRKX_RESULT {"durationUs":29999776,"requests":2161604,"responses":2161604,"errors":0,"bytes":756561400,"latencyAvgUs":5549577.406,"latencyP95Us":8089599.000,"latencyP99Us":8323071.000}
