Running 30s test @ http://localhost:9991/
  16 threads and 256 connections
  Thread calibration: mean lat.: 1.210ms, rate sampling interval: 10ms
  Thread calibration: mean lat.: 1.225ms, rate sampling interval: 10ms
  Thread calibration: mean lat.: 1.205ms, rate sampling interval: 10ms
  Thread calibration: mean lat.: 1.228ms, rate sampling interval: 10ms
  Thread calibration: mean lat.: 1.210ms, rate sampling interval: 10ms
  Thread calibration: mean lat.: 1.188ms, rate sampling interval: 10ms
  Thread calibration: mean lat.: 1.222ms, rate sampling interval: 10ms
  Thread calibration: mean lat.: 1.220ms, rate sampling interval: 10ms
  Thread calibration: mean lat.: 1.211ms, rate sampling interval: 10ms
  Thread calibration: mean lat.: 1.217ms, rate sampling interval: 10ms
  Thread calibration: mean lat.: 1.230ms, rate sampling interval: 10ms
  Thread calibration: mean lat.: 1.230ms, rate sampling interval: 10ms
  Thread calibration: mean lat.: 1.208ms, rate sampling interval: 10ms
  Thread calibration: mean lat.: 1.206ms, rate sampling interval: 10ms
  Thread calibration: mean lat.: 1.228ms, rate sampling interval: 10ms
  Thread calibration: mean lat.: 1.204ms, rate sampling interval: 10ms
  Thread Stats   Avg      Stdev     Max   +/- Stdev
    Latency     1.20ms  507.21us   7.68ms   66.39%
    Req/Sec     1.98k   151.59     2.89k    69.80%
  Latency Distribution (HdrHistogram - Recorded Latency)
 50.000%    1.17ms
 75.000%    1.54ms
 90.000%    1.86ms
 99.000%    2.47ms
 99.900%    3.37ms
 99.990%    5.30ms
 99.999%    6.41ms
100.000%    7.69ms

  Detailed Percentile spectrum:
       Value   Percentile   TotalCount 1/(1-Percentile)

       0.154     0.000000            1         1.00
       0.556     0.100000        59912         1.11
       0.732     0.200000       119664         1.25
       0.886     0.300000       179340         1.43
       1.031     0.400000       239431         1.67
       1.171     0.500000       299192         2.00
       1.240     0.550000       328866         2.22
       1.312     0.600000       358961         2.50
       1.385     0.650000       388624         2.86
       1.462     0.700000       418451         3.33
       1.543     0.750000       448298         4.00
       1.586     0.775000       463266         4.44
       1.631     0.800000       478254         5.00
       1.679     0.825000       493158         5.71
       1.732     0.850000       508144         6.67
       1.791     0.875000       523066         8.00
       1.824     0.887500       530569         8.89
       1.860     0.900000       537998        10.00
       1.899     0.912500       545338        11.43
       1.943     0.925000       552873        13.33
       1.994     0.937500       560277        16.00
       2.023     0.943750       564001        17.78
       2.055     0.950000       567821        20.00
       2.091     0.956250       571523        22.86
       2.131     0.962500       575251        26.67
       2.177     0.968750       578952        32.00
       2.203     0.971875       580807        35.56
       2.235     0.975000       582784        40.00
       2.267     0.978125       584606        45.71
       2.305     0.981250       586432        53.33
       2.351     0.984375       588285        64.00
       2.377     0.985938       589220        71.11
       2.409     0.987500       590152        80.00
       2.443     0.989062       591065        91.43
       2.485     0.990625       592000       106.67
       2.537     0.992188       592954       128.00
       2.565     0.992969       593413       142.22
       2.601     0.993750       593870       160.00
       2.639     0.994531       594332       182.86
       2.685     0.995313       594800       213.33
       2.753     0.996094       595272       256.00
       2.787     0.996484       595508       284.44
       2.825     0.996875       595734       320.00
       2.873     0.997266       595967       365.71
       2.931     0.997656       596199       426.67
       3.005     0.998047       596433       512.00
       3.059     0.998242       596549       568.89
       3.117     0.998437       596672       640.00
       3.179     0.998633       596781       731.43
       3.263     0.998828       596899       853.33
       3.377     0.999023       597014      1024.00
       3.441     0.999121       597073      1137.78
       3.539     0.999219       597133      1280.00
       3.667     0.999316       597189      1462.86
       3.831     0.999414       597247      1706.67
       3.973     0.999512       597306      2048.00
       4.073     0.999561       597335      2275.56
       4.191     0.999609       597364      2560.00
       4.359     0.999658       597393      2925.71
       4.503     0.999707       597422      3413.33
       4.671     0.999756       597452      4096.00
       4.735     0.999780       597467      4551.11
       4.823     0.999805       597481      5120.00
       4.939     0.999829       597497      5851.43
       5.011     0.999854       597510      6826.67
       5.171     0.999878       597525      8192.00
       5.255     0.999890       597532      9102.22
       5.319     0.999902       597539     10240.00
       5.395     0.999915       597546     11702.86
       5.527     0.999927       597554     13653.33
       5.691     0.999939       597561     16384.00
       5.775     0.999945       597565     18204.44
       5.815     0.999951       597568     20480.00
       5.835     0.999957       597572     23405.71
       5.959     0.999963       597576     27306.67
       6.047     0.999969       597579     32768.00
       6.063     0.999973       597581     36408.89
       6.099     0.999976       597583     40960.00
       6.199     0.999979       597585     46811.43
       6.227     0.999982       597587     54613.33
       6.231     0.999985       597588     65536.00
       6.331     0.999986       597589     72817.78
       6.339     0.999988       597590     81920.00
       6.415     0.999989       597591     93622.86
       6.583     0.999991       597592    109226.67
       6.811     0.999992       597593    131072.00
       6.811     0.999993       597593    145635.56
       6.879     0.999994       597594    163840.00
       6.879     0.999995       597594    187245.71
       6.899     0.999995       597595    218453.33
       6.899     0.999996       597595    262144.00
       6.899     0.999997       597595    291271.11
       7.003     0.999997       597596    327680.00
       7.003     0.999997       597596    374491.43
       7.003     0.999998       597596    436906.67
       7.003     0.999998       597596    524288.00
       7.003     0.999998       597596    582542.22
       7.687     0.999998       597597    655360.00
       7.687     1.000000       597597          inf
#[Mean    =        1.200, StdDeviation   =        0.507]
#[Max     =        7.684, Total count    =       597597]
#[Buckets =           27, SubBuckets     =         2048]
----------------------------------------------------------
  898949 requests in 30.00s, 300.06MB read
Requests/sec:  29964.78
Transfer/sec:     10.00MB
WRKX_RESULT {"durationUs":30000182,"requests":898949,"responses":898949,"errors":0,"bytes":314632150,"latencyAvgUs":1200.150,"latencyP95Us":2055.000,"latencyP99Us":2467.000}
