Running 30s test @ http://localhost:9991/
  16 threads and 256 connections
  Thread calibration: mean lat.: 3211.584ms, rate sampling interval: 11558ms
  Thread calibration: mean lat.: 3209.532ms, rate sampling interval: 11550ms
  Thread calibration: mean lat.: 3212.418ms, rate sampling interval: 11567ms
  Thread calibration: mean lat.: 3205.103ms, rate sampling interval: 11534ms
  Thread calibration: mean lat.: 3212.037ms, rate sampling interval: 11526ms
  Thread calibration: mean lat.: 3193.891ms, rate sampling interval: 11526ms
  Thread calibration: mean lat.: 3214.205ms, rate sampling interval: 11542ms
  Thread calibration: mean lat.: 3216.477ms, rate sampling interval: 11542ms
  Thread calibration: mean lat.: 3210.173ms, rate sampling interval: 11534ms
  Thread calibration: mean lat.: 3207.443ms, rate sampling interval: 11534ms
  Thread calibration: mean lat.: 3217.019ms, rate sampling interval: 11591ms
  Thread calibration: mean lat.: 3201.514ms, rate sampling interval: 11526ms
  Thread calibration: mean lat.: 3207.620ms, rate sampling interval: 11567ms
  Thread calibration: mean lat.: 3210.307ms, rate sampling interval: 11517ms
  Thread calibration: mean lat.: 3211.787ms, rate sampling interval: 11526ms
  Thread calibration: mean lat.: 3224.328ms, rate sampling interval: 11558ms
  Thread Stats   Avg      Stdev     Max   +/- Stdev
    Latency    12.73s     3.64s   19.12s    57.93%
    Req/Sec     4.55k    15.59     4.59k    56.25%
  Latency Distribution (HdrHistogram - Recorded Latency)
 50.000%   12.79s 
 75.000%   15.89s 
 90.000%   17.74s 
 99.000%   18.89s 
 99.900%   19.02s 
 99.990%   19.09s 
 99.999%   19.12s 
100.000%   19.14s 

  Detailed Percentile spectrum:
       Value   Percentile   TotalCount 1/(1-Percentile)

    6332.415     0.000000            1         1.00
    7671.807     0.100000       146617         1.11
    8945.663     0.200000       293671         1.25
   10174.463     0.300000       439972         1.43
   11452.415     0.400000       586511         1.67
   12787.711     0.500000       732800         2.00
   13443.071     0.550000       806282         2.22
   14082.047     0.600000       879014         2.50
   14696.447     0.650000       952618         2.86
   15278.079     0.700000      1024998         3.33
   15892.479     0.750000      1098933         4.00
   16187.391     0.775000      1135047         4.44
   16498.687     0.800000      1172115         5.00
   16809.983     0.825000      1208201         5.71
   17104.895     0.850000      1245605         6.67
   17432.575     0.875000      1283081         8.00
   17580.031     0.887500      1299786         8.89
   17743.871     0.900000      1319666        10.00
   17891.327     0.912500      1336296        11.43
   18055.167     0.925000      1356208        13.33
   18202.623     0.937500      1373513        16.00
   18284.543     0.943750      1383083        17.78
   18366.463     0.950000      1392346        20.00
   18448.383     0.956250      1401509        22.86
   18530.303     0.962500      1410594        26.67
   18612.223     0.968750      1419626        32.00
   18644.991     0.971875      1423234        35.56
   18694.143     0.975000      1428824        40.00
   18726.911     0.978125      1432536        45.71
   18776.063     0.981250      1437965        53.33
   18808.831     0.984375      1441460        64.00
   18841.599     0.985938      1445011        71.11
   18857.983     0.987500      1446804        80.00
   18874.367     0.989062      1448596        91.43
   18907.135     0.990625      1452374       106.67
   18923.519     0.992188      1454206       128.00
   18923.519     0.992969      1454206       142.22
   18939.903     0.993750      1456016       160.00
   18956.287     0.994531      1457765       182.86
   18956.287     0.995313      1457765       213.33
   18972.671     0.996094      1459369       256.00
   18972.671     0.996484      1459369       284.44
   18989.055     0.996875      1460823       320.00
   18989.055     0.997266      1460823       365.71
   19005.439     0.997656      1461973       426.67
   19005.439     0.998047      1461973       512.00
   19005.439     0.998242      1461973       568.89
   19021.823     0.998437      1462894       640.00
   19021.823     0.998633      1462894       731.43
   19021.823     0.998828      1462894       853.33
   19021.823     0.999023      1462894      1024.00
   19038.207     0.999121      1463555      1137.78
   19038.207     0.999219      1463555      1280.00
   19038.207     0.999316      1463555      1462.86
   19038.207     0.999414      1463555      1706.67
   19054.591     0.999512      1463933      2048.00
   19054.591     0.999561      1463933      2275.56
   19054.591     0.999609      1463933      2560.00
   19054.591     0.999658      1463933      2925.71
   19054.591     0.999707      1463933      3413.33
   19054.591     0.999756      1463933      4096.00
   19070.975     0.999780      1464123      4551.11
   19070.975     0.999805      1464123      5120.00
   19070.975     0.999829      1464123      5851.43
   19070.975     0.999854      1464123      6826.67
   19070.975     0.999878      1464123      8192.00
   19070.975     0.999890      1464123      9102.22
   19087.359     0.999902      1464224     10240.00
   19087.359     0.999915      1464224     11702.86
   19087.359     0.999927      1464224     13653.33
   19087.359     0.999939      1464224     16384.00
   19087.359     0.999945      1464224     18204.44
   19087.359     0.999951      1464224     20480.00
   19087.359     0.999957      1464224     23405.71
   19103.743     0.999963      1464255     27306.67
   19103.743     0.999969      1464255     32768.00
   19103.743     0.999973      1464255     36408.89
   19103.743     0.999976      1464255     40960.00
   19103.743     0.999979      1464255     46811.43
   19120.127     0.999982      1464276     54613.33
   19120.127     0.999985      1464276     65536.00
   19120.127     0.999986      1464276     72817.78
   19120.127     0.999988      1464276     81920.00
   19120.127     0.999989      1464276     93622.86
   19120.127     0.999991      1464276    109226.67
   19120.127     0.999992      1464276    131072.00
   19120.127     0.999993      1464276    145635.56
   19120.127     0.999994      1464276    163840.00
   19120.127     0.999995      1464276    187245.71
   19120.127     0.999995      1464276    218453.33
   19136.511     0.999996      1464282    262144.00
   19136.511     1.000000      1464282          inf
#[Mean    =    12729.252, StdDeviation   =     3641.891]
#[Max     =    19120.128, Total count    =      1464282]
#[Buckets =           27, SubBuckets     =         2048]
----------------------------------------------------------
  2190292 requests in 30.00s, 731.09MB read
Requests/sec:  73006.80
Transfer/sec:     24.37MB
WRKX_RESULT {"durationUs":30001205,"requests":2190292,"responses":2190292,"errors":0,"bytes":766602200,"latencyAvgUs":12729252.020,"latencyP95Us":18366463.000,"latencyP99Us":18890751.000}
