Running 30s test @ http://localhost:9991/
  16 threads and 256 connections
  Thread calibration: mean lat.: 257.361ms, rate sampling interval: 796ms
  Thread calibration: mean lat.: 274.754ms, rate sampling interval: 871ms
  Thread calibration: mean lat.: 249.294ms, rate sampling interval: 805ms
  Thread calibration: mean lat.: 262.471ms, rate sampling interval: 811ms
  Thread calibration: mean lat.: 254.375ms, rate sampling interval: 821ms
  Thread calibration: mean lat.: 238.787ms, rate sampling interval: 797ms
  Thread calibration: mean lat.: 256.343ms, rate sampling interval: 864ms
  Thread calibration: mean lat.: 232.974ms, rate sampling interval: 748ms
  Thread calibration: mean lat.: 284.401ms, rate sampling interval: 935ms
  Thread calibration: mean lat.: 255.466ms, rate sampling interval: 893ms
  Thread calibration: mean lat.: 268.848ms, rate sampling interval: 865ms
  Thread calibration: mean lat.: 257.430ms, rate sampling interval: 807ms
  Thread calibration: mean lat.: 246.690ms, rate sampling interval: 742ms
  Thread calibration: mean lat.: 255.613ms, rate sampling interval: 819ms
  Thread calibration: mean lat.: 272.061ms, rate sampling interval: 865ms
  Thread calibration: mean lat.: 233.108ms, rate sampling interval: 736ms
  Thread Stats   Avg      Stdev     Max   +/- Stdev
    Latency   760.85ms  223.63ms   1.50s    63.60%
    Req/Sec     4.51k   144.09     4.84k    68.32%
  Latency Distribution (HdrHistogram - Recorded Latency)
 50.000%  750.59ms
 75.000%  919.55ms
 90.000%    1.07s 
 99.000%    1.28s 
 99.900%    1.40s 
 99.990%    1.49s 
 99.999%    1.50s 
100.000%    1.50s 

  Detailed Percentile spectrum:
       Value   Percentile   TotalCount 1/(1-Percentile)

     229.375     0.000000            1         1.00
     466.687     0.100000       143952         1.11
     546.303     0.200000       287945         1.25
     625.151     0.300000       431609         1.43
     692.735     0.400000       574884         1.67
     750.591     0.500000       719396         2.00
     780.287     0.550000       790380         2.22
     812.031     0.600000       862977         2.50
     845.823     0.650000       934171         2.86
     880.639     0.700000      1005814         3.33
     919.551     0.750000      1077986         4.00
     940.031     0.775000      1113833         4.44
     960.511     0.800000      1150148         5.00
     983.039     0.825000      1185570         5.71
    1008.639     0.850000      1221843         6.67
    1037.823     0.875000      1257722         8.00
    1053.695     0.887500      1275433         8.89
    1070.079     0.900000      1293925        10.00
    1085.439     0.912500      1311214        11.43
    1103.871     0.925000      1330062        13.33
    1123.327     0.937500      1347514        16.00
    1134.591     0.943750      1356455        17.78
    1145.855     0.950000      1365496        20.00
    1158.143     0.956250      1374410        22.86
    1173.503     0.962500      1383084        26.67
    1193.983     0.968750      1392042        32.00
    1204.223     0.971875      1396602        35.56
    1214.463     0.975000      1400959        40.00
    1225.727     0.978125      1405527        45.71
    1235.967     0.981250      1410117        53.33
    1248.255     0.984375      1414515        64.00
    1255.423     0.985938      1416812        71.11
    1266.687     0.987500      1419121        80.00
    1275.903     0.989062      1421242        91.43
    1287.167     0.990625      1423490       106.67
    1297.407     0.992188      1425836       128.00
    1302.527     0.992969      1426948       142.22
    1307.647     0.993750      1427933       160.00
    1315.839     0.994531      1429035       182.86
    1325.055     0.995313      1430192       213.33
    1336.319     0.996094      1431263       256.00
    1341.439     0.996484      1431890       284.44
    1347.583     0.996875      1432495       320.00
    1351.679     0.997266      1432959       365.71
    1359.871     0.997656      1433534       426.67
    1369.087     0.998047      1434107       512.00
    1373.183     0.998242      1434398       568.89
    1378.303     0.998437      1434659       640.00
    1385.471     0.998633      1434921       731.43
    1391.615     0.998828      1435195       853.33
    1396.735     0.999023      1435477      1024.00
    1400.831     0.999121      1435616      1137.78
    1409.023     0.999219      1435776      1280.00
    1413.119     0.999316      1435905      1462.86
    1421.311     0.999414      1436041      1706.67
    1426.431     0.999512      1436183      2048.00
    1428.479     0.999561      1436251      2275.56
    1430.527     0.999609      1436319      2560.00
    1432.575     0.999658      1436398      2925.71
    1434.623     0.999707      1436455      3413.33
    1440.767     0.999756      1436533      4096.00
    1443.839     0.999780      1436570      4551.11
    1445.887     0.999805      1436607      5120.00
    1447.935     0.999829      1436632      5851.43
    1456.127     0.999854      1436665      6826.67
    1467.391     0.999878      1436704      8192.00
    1482.751     0.999890      1436717      9102.22
    1486.847     0.999902      1436738     10240.00
    1491.967     0.999915      1436755     11702.86
    1494.015     0.999927      1436769     13653.33
    1496.063     0.999939      1436800     16384.00
    1496.063     0.999945      1436800     18204.44
    1497.087     0.999951      1436810     20480.00
    1498.111     0.999957      1436821     23405.71
    1499.135     0.999963      1436838     27306.67
    1499.135     0.999969      1436838     32768.00
    1499.135     0.999973      1436838     36408.89
    1500.159     0.999976      1436851     40960.00
    1500.159     0.999979      1436851     46811.43
    1500.159     0.999982      1436851     54613.33
    1501.183     0.999985      1436865     65536.00
    1501.183     0.999986      1436865     72817.78
    1501.183     0.999988      1436865     81920.00
    1501.183     0.999989      1436865     93622.86
    1501.183     0.999991      1436865    109226.67
    1501.183     0.999992      1436865    131072.00
    1501.183     0.999993      1436865    145635.56
    1502.207     0.999994      1436871    163840.00
    1502.207     0.999995      1436871    187245.71
    1502.207     0.999995      1436871    218453.33
    1502.207     0.999996      1436871    262144.00
    1502.207     0.999997      1436871    291271.11
    1502.207     0.999997      1436871    327680.00
    1502.207     0.999997      1436871    374491.43
    1502.207     0.999998      1436871    436906.67
    1503.231     0.999998      1436873    524288.00
    1503.231     0.999998      1436873    582542.22
    1503.231     0.999998      1436873    655360.00
    1503.231     0.999999      1436873    748982.86
    1503.231     0.999999      1436873    873813.33
    1503.231     0.999999      1436873   1048576.00
    1503.231     0.999999      1436873   1165084.44
    1503.231     0.999999      1436873   1310720.00
    1504.255     0.999999      1436874   1497965.71
    1504.255     1.000000      1436874          inf
#[Mean    =      760.847, StdDeviation   =      223.630]
#[Max     =     1503.232, Total count    =      1436874]
#[Buckets =           27, SubBuckets     =         2048]
----------------------------------------------------------
  2158416 requests in 30.00s, 720.45MB read
Requests/sec:  71947.15
Transfer/sec:     24.01MB
WRKX_RESULT {"durationUs":30000021,"requests":2158416,"responses":2158416,"errors":0,"bytes":755445600,"latencyAvgUs":760846.922,"latencyP95Us":1145855.000,"latencyP99Us":1283071.000}
