Running 30s test @ http://localhost:9991/
  16 threads and 256 connections
  Thread calibration: mean lat.: 1.073ms, rate sampling interval: 10ms
  Thread calibration: mean lat.: 1.070ms, rate sampling interval: 10ms
  Thread calibration: mean lat.: 1.062ms, rate sampling interval: 10ms
  Thread calibration: mean lat.: 1.067ms, rate sampling interval: 10ms
  Thread calibration: mean lat.: 1.061ms, rate sampling interval: 10ms
  Thread calibration: mean lat.: 1.065ms, rate sampling interval: 10ms
  Thread calibration: mean lat.: 1.074ms, rate sampling interval: 10ms
  Thread calibration: mean lat.: 1.064ms, rate sampling interval: 10ms
  Thread calibration: mean lat.: 1.060ms, rate sampling interval: 10ms
  Thread calibration: mean lat.: 1.074ms, rate sampling interval: 10ms
  Thread calibration: mean lat.: 1.070ms, rate sampling interval: 10ms
  Thread calibration: mean lat.: 1.068ms, rate sampling interval: 10ms
  Thread calibration: mean lat.: 1.058ms, rate sampling interval: 10ms
  Thread calibration: mean lat.: 1.064ms, rate sampling interval: 10ms
  Thread calibration: mean lat.: 1.069ms, rate sampling interval: 10ms
  Thread calibration: mean lat.: 1.091ms, rate sampling interval: 10ms
  Thread Stats   Avg      Stdev     Max   +/- Stdev
    Latency     1.05ms  418.97us   3.41ms   64.40%
    Req/Sec   659.92    129.62     1.11k    64.76%
  Latency Distribution (HdrHistogram - Recorded Latency)
 50.000%    1.05ms
 75.000%    1.34ms
 90.000%    1.61ms
 99.000%    2.03ms
 99.900%    2.34ms
 99.990%    2.78ms
 99.999%    3.37ms
100.000%    3.41ms

  Detailed Percentile spectrum:
       Value   Percentile   TotalCount 1/(1-Percentile)

       0.158     0.000000            2         1.00
       0.491     0.100000        19992         1.11
       0.648     0.200000        39905         1.25
       0.788     0.300000        59859         1.43
       0.921     0.400000        79769         1.67
       1.046     0.500000        99687         2.00
       1.106     0.550000       109671         2.22
       1.165     0.600000       119618         2.50
       1.223     0.650000       129536         2.86
       1.281     0.700000       139584         3.33
       1.343     0.750000       149428         4.00
       1.378     0.775000       154457         4.44
       1.416     0.800000       159378         5.00
       1.458     0.825000       164427         5.71
       1.502     0.850000       169371         6.67
       1.551     0.875000       174336         8.00
       1.578     0.887500       176856         8.89
       1.606     0.900000       179317        10.00
       1.637     0.912500       181805        11.43
       1.671     0.925000       184282        13.33
       1.711     0.937500       186782        16.00
       1.734     0.943750       188050        17.78
       1.758     0.950000       189248        20.00
       1.786     0.956250       190503        22.86
       1.819     0.962500       191766        26.67
       1.853     0.968750       192994        32.00
       1.872     0.971875       193623        35.56
       1.892     0.975000       194219        40.00
       1.915     0.978125       194841        45.71
       1.941     0.981250       195473        53.33
       1.967     0.984375       196085        64.00
       1.983     0.985938       196403        71.11
       2.002     0.987500       196712        80.00
       2.021     0.989062       197021        91.43
       2.042     0.990625       197337       106.67
       2.069     0.992188       197665       128.00
       2.083     0.992969       197808       142.22
       2.099     0.993750       197962       160.00
       2.115     0.994531       198108       182.86
       2.135     0.995313       198266       213.33
       2.157     0.996094       198421       256.00
       2.171     0.996484       198505       284.44
       2.187     0.996875       198580       320.00
       2.203     0.997266       198658       365.71
       2.223     0.997656       198737       426.67
       2.247     0.998047       198808       512.00
       2.261     0.998242       198849       568.89
       2.275     0.998437       198886       640.00
       2.291     0.998633       198925       731.43
       2.313     0.998828       198968       853.33
       2.337     0.999023       199003      1024.00
       2.353     0.999121       199023      1137.78
       2.375     0.999219       199045      1280.00
       2.389     0.999316       199063      1462.86
       2.405     0.999414       199081      1706.67
       2.431     0.999512       199100      2048.00
       2.451     0.999561       199110      2275.56
       2.471     0.999609       199120      2560.00
       2.493     0.999658       199129      2925.71
       2.519     0.999707       199139      3413.33
       2.545     0.999756       199149      4096.00
       2.581     0.999780       199154      4551.11
       2.597     0.999805       199159      5120.00
       2.619     0.999829       199163      5851.43
       2.693     0.999854       199168      6826.67
       2.759     0.999878       199173      8192.00
       2.775     0.999890       199176      9102.22
       2.781     0.999902       199178     10240.00
       2.807     0.999915       199180     11702.86
       2.833     0.999927       199183     13653.33
       2.855     0.999939       199185     16384.00
       2.897     0.999945       199187     18204.44
       2.953     0.999951       199188     20480.00
       2.961     0.999957       199189     23405.71
       2.969     0.999963       199190     27306.67
       3.005     0.999969       199191     32768.00
       3.041     0.999973       199192     36408.89
       3.355     0.999976       199193     40960.00
       3.355     0.999979       199193     46811.43
       3.359     0.999982       199194     54613.33
       3.359     0.999985       199194     65536.00
       3.367     0.999986       199195     72817.78
       3.367     0.999988       199195     81920.00
       3.367     0.999989       199195     93622.86
       3.409     0.999991       199196    109226.67
       3.409     0.999992       199196    131072.00
       3.409     0.999993       199196    145635.56
       3.409     0.999994       199196    163840.00
       3.409     0.999995       199196    187245.71
       3.415     0.999995       199197    218453.33
       3.415     1.000000       199197          inf
#[Mean    =        1.050, StdDeviation   =        0.419]
#[Max     =        3.414, Total count    =       199197]
#[Buckets =           27, SubBuckets     =         2048]
----------------------------------------------------------
  299740 requests in 30.00s, 100.05MB read
Requests/sec:   9990.13
Transfer/sec:      3.33MB
WRKX_RESULT {"durationUs":30003604,"requests":299740,"responses":299740,"errors":0,"bytes":104909000,"latencyAvgUs":1050.183,"latencyP95Us":1758.000,"latencyP99Us":2034.000}
