Running 30s test @ http://localhost:9991/
  16 threads and 256 connections
  Thread calibration: mean lat.: 2537.464ms, rate sampling interval: 9175ms
  Thread calibration: mean lat.: 2518.749ms, rate sampling interval: 9166ms
  Thread calibration: mean lat.: 2550.640ms, rate sampling interval: 9248ms
  Thread calibration: mean lat.: 2555.862ms, rate sampling interval: 9240ms
  Thread calibration: mean lat.: 2525.797ms, rate sampling interval: 9134ms
  Thread calibration: mean lat.: 2553.592ms, rate sampling interval: 9248ms
  Thread calibration: mean lat.: 2541.442ms, rate sampling interval: 9224ms
  Thread calibration: mean lat.: 2523.547ms, rate sampling interval: 9183ms
  Thread calibration: mean lat.: 2550.799ms, rate sampling interval: 9289ms
  Thread calibration: mean lat.: 2513.203ms, rate sampling interval: 9215ms
  Thread calibration: mean lat.: 2534.822ms, rate sampling interval: 9215ms
  Thread calibration: mean lat.: 2513.481ms, rate sampling interval: 9117ms
  Thread calibration: mean lat.: 2551.976ms, rate sampling interval: 9240ms
  Thread calibration: mean lat.: 2523.227ms, rate sampling interval: 9224ms
  Thread calibration: mean lat.: 2547.338ms, rate sampling interval: 9256ms
  Thread calibration: mean lat.: 2504.159ms, rate sampling interval: 9150ms
  Thread Stats   Avg      Stdev     Max   +/- Stdev
    Latency    10.20s     2.91s   15.48s    57.69%
    Req/Sec     4.60k    32.74     4.66k    62.50%
  Latency Distribution (HdrHistogram - Recorded Latency)
 50.000%   10.23s 
 75.000%   12.71s 
 90.000%   14.22s 
 99.000%   15.20s 
 99.900%   15.34s 
 99.990%   15.42s 
 99.999%   15.47s 
100.000%   15.49s 

  Detailed Percentile spectrum:
       Value   Percentile   TotalCount 1/(1-Percentile)

    5042.175     0.000000            1         1.00
    6176.767     0.100000       146232         1.11
    7192.575     0.200000       292827         1.25
    8163.327     0.300000       438921         1.43
    9207.807     0.400000       585286         1.67
   10231.807     0.500000       731327         2.00
   10723.327     0.550000       804838         2.22
   11206.655     0.600000       877090         2.50
   11698.175     0.650000       950971         2.86
   12197.887     0.700000      1024208         3.33
   12713.983     0.750000      1097142         4.00
   12992.511     0.775000      1133050         4.44
   13230.079     0.800000      1169421         5.00
   13484.031     0.825000      1206767         5.71
   13721.599     0.850000      1242544         6.67
   13975.551     0.875000      1279440         8.00
   14106.623     0.887500      1297822         8.89
   14221.311     0.900000      1316576        10.00
   14335.999     0.912500      1333959        11.43
   14475.263     0.925000      1353104        13.33
   14606.335     0.937500      1370368        16.00
   14680.063     0.943750      1380021        17.78
   14745.599     0.950000      1388769        20.00
   14819.327     0.956250      1398322        22.86
   14893.055     0.962500      1407513        26.67
   14966.783     0.968750      1416550        32.00
   14999.551     0.971875      1420650        35.56
   15040.511     0.975000      1425926        40.00
   15073.279     0.978125      1430299        45.71
   15106.047     0.981250      1434796        53.33
   15138.815     0.984375      1439168        64.00
   15155.199     0.985938      1441380        71.11
   15171.583     0.987500      1443663        80.00
   15187.967     0.989062      1445868        91.43
   15204.351     0.990625      1448038       106.67
   15228.927     0.992188      1451093       128.00
   15237.119     0.992969      1452075       142.22
   15245.311     0.993750      1453060       160.00
   15253.503     0.994531      1453997       182.86
   15261.695     0.995313      1454895       213.33
   15278.079     0.996094      1456390       256.00
   15286.271     0.996484      1457092       284.44
   15294.463     0.996875      1457717       320.00
   15294.463     0.997266      1457717       365.71
   15302.655     0.997656      1458310       426.67
   15310.847     0.998047      1458856       512.00
   15319.039     0.998242      1459352       568.89
   15327.231     0.998437      1459790       640.00
   15327.231     0.998633      1459790       731.43
   15335.423     0.998828      1460160       853.33
   15343.615     0.999023      1460470      1024.00
   15343.615     0.999121      1460470      1137.78
   15351.807     0.999219      1460738      1280.00
   15351.807     0.999316      1460738      1462.86
   15359.999     0.999414      1460926      1706.67
   15368.191     0.999512      1461097      2048.00
   15368.191     0.999561      1461097      2275.56
   15376.383     0.999609      1461215      2560.00
   15376.383     0.999658      1461215      2925.71
   15384.575     0.999707      1461318      3413.33
   15392.767     0.999756      1461402      4096.00
   15392.767     0.999780      1461402      4551.11
   15400.959     0.999805      1461479      5120.00
   15400.959     0.999829      1461479      5851.43
   15400.959     0.999854      1461479      6826.67
   15409.151     0.999878      1461532      8192.00
   15409.151     0.999890      1461532      9102.22
   15417.343     0.999902      1461572     10240.00
   15417.343     0.999915      1461572     11702.86
   15425.535     0.999927      1461597     13653.33
   15433.727     0.999939      1461610     16384.00
   15433.727     0.999945      1461610     18204.44
   15441.919     0.999951      1461623     20480.00
   15450.111     0.999957      1461640     23405.71
   15450.111     0.999963      1461640     27306.67
   15458.303     0.999969      1461654     32768.00
   15458.303     0.999973      1461654     36408.89
   15458.303     0.999976      1461654     40960.00
   15466.495     0.999979      1461669     46811.43
   15466.495     0.999982      1461669     54613.33
   15466.495     0.999985      1461669     65536.00
   15466.495     0.999986      1461669     72817.78
   15474.687     0.999988      1461681     81920.00
   15474.687     0.999989      1461681     93622.86
   15474.687     0.999991      1461681    109226.67
   15474.687     0.999992      1461681    131072.00
   15474.687     0.999993      1461681    145635.56
   15474.687     0.999994      1461681    163840.00
   15482.879     0.999995      1461685    187245.71
   15482.879     0.999995      1461685    218453.33
   15482.879     0.999996      1461685    262144.00
   15482.879     0.999997      1461685    291271.11
   15482.879     0.999997      1461685    327680.00
   15491.071     0.999997      1461689    374491.43
   15491.071     1.000000      1461689          inf
#[Mean    =    10201.938, StdDeviation   =     2911.285]
#[Max     =    15482.880, Total count    =      1461689]
#[Buckets =           27, SubBuckets     =         2048]
----------------------------------------------------------
  2198582 requests in 30.00s, 733.86MB read
Requests/sec:  73285.29
Transfer/sec:     24.46MB
WRKX_RESULT {"durationUs":30000317,"requests":2198582,"responses":2198582,"errors":0,"bytes":769503700,"latencyAvgUs":10201937.711,"latencyP95Us":14745599.000,"latencyP99Us":15204351.000}
