Running 30s test @ http://localhost:9991/
  16 threads and 256 connections
  Thread calibration: mean lat.: 1.896ms, rate sampling interval: 10ms
  Thread calibration: mean lat.: 2.021ms, rate sampling interval: 10ms
  Thread calibration: mean lat.: 2.020ms, rate sampling interval: 10ms
  Thread calibration: mean lat.: 1.975ms, rate sampling interval: 10ms
  Thread calibration: mean lat.: 1.981ms, rate sampling interval: 10ms
  Thread calibration: mean lat.: 1.972ms, rate sampling interval: 10ms
  Thread calibration: mean lat.: 1.994ms, rate sampling interval: 10ms
  Thread calibration: mean lat.: 2.245ms, rate sampling interval: 10ms
  Thread calibration: mean lat.: 2.250ms, rate sampling interval: 10ms
  Thread calibration: mean lat.: 2.247ms, rate sampling interval: 10ms
  Thread calibration: mean lat.: 2.267ms, rate sampling interval: 10ms
  Thread calibration: mean lat.: 2.210ms, rate sampling interval: 10ms
  Thread calibration: mean lat.: 1.920ms, rate sampling interval: 10ms
  Thread calibration: mean lat.: 2.291ms, rate sampling interval: 10ms
  Thread calibration: mean lat.: 2.197ms, rate sampling interval: 10ms
  Thread calibration: mean lat.: 2.173ms, rate sampling interval: 10ms
  Thread Stats   Avg      Stdev     Max   +/- Stdev
    Latency     2.01ms    0.88ms  13.66ms   68.41%
    Req/Sec     3.29k   386.35     6.20k    75.00%
  Latency Distribution (HdrHistogram - Recorded Latency)
 50.000%    1.93ms
 75.000%    2.57ms
 90.000%    3.16ms
 99.000%    4.37ms
 99.900%    6.43ms
 99.990%    8.94ms
 99.999%   10.30ms
100.000%   13.67ms

  Detailed Percentile spectrum:
       Value   Percentile   TotalCount 1/(1-Percentile)

       0.173     0.000000            1         1.00
       0.936     0.100000        99624         1.11
       1.245     0.200000       199512         1.25
       1.492     0.300000       299119         1.43
       1.712     0.400000       398590         1.67
       1.929     0.500000       498321         2.00
       2.041     0.550000       547783         2.22
       2.159     0.600000       597957         2.50
       2.283     0.650000       647551         2.86
       2.419     0.700000       697616         3.33
       2.565     0.750000       747170         4.00
       2.645     0.775000       772063         4.44
       2.729     0.800000       796780         5.00
       2.821     0.825000       821894         5.71
       2.923     0.850000       846894         6.67
       3.033     0.875000       871512         8.00
       3.095     0.887500       883968         8.89
       3.163     0.900000       896444        10.00
       3.239     0.912500       908815        11.43
       3.323     0.925000       921269        13.33
       3.421     0.937500       933923        16.00
       3.475     0.943750       940050        17.78
       3.537     0.950000       946248        20.00
       3.603     0.956250       952416        22.86
       3.679     0.962500       958640        26.67
       3.769     0.968750       964818        32.00
       3.823     0.971875       968005        35.56
       3.881     0.975000       971061        40.00
       3.951     0.978125       974157        45.71
       4.031     0.981250       977281        53.33
       4.127     0.984375       980447        64.00
       4.179     0.985938       981940        71.11
       4.247     0.987500       983571        80.00
       4.315     0.989062       985045        91.43
       4.411     0.990625       986646       106.67
       4.523     0.992188       988178       128.00
       4.591     0.992969       988974       142.22
       4.659     0.993750       989720       160.00
       4.751     0.994531       990508       182.86
       4.855     0.995313       991273       213.33
       4.983     0.996094       992065       256.00
       5.071     0.996484       992450       284.44
       5.179     0.996875       992832       320.00
       5.299     0.997266       993226       365.71
       5.439     0.997656       993608       426.67
       5.615     0.998047       993992       512.00
       5.727     0.998242       994186       568.89
       5.859     0.998437       994383       640.00
       6.003     0.998633       994577       731.43
       6.203     0.998828       994768       853.33
       6.459     0.999023       994964      1024.00
       6.583     0.999121       995063      1137.78
       6.699     0.999219       995159      1280.00
       6.863     0.999316       995255      1462.86
       7.051     0.999414       995352      1706.67
       7.295     0.999512       995449      2048.00
       7.431     0.999561       995498      2275.56
       7.567     0.999609       995546      2560.00
       7.767     0.999658       995595      2925.71
       7.951     0.999707       995644      3413.33
       8.167     0.999756       995693      4096.00
       8.271     0.999780       995717      4551.11
       8.391     0.999805       995741      5120.00
       8.503     0.999829       995766      5851.43
       8.631     0.999854       995790      6826.67
       8.799     0.999878       995814      8192.00
       8.871     0.999890       995826      9102.22
       8.943     0.999902       995838     10240.00
       9.031     0.999915       995850     11702.86
       9.183     0.999927       995863     13653.33
       9.327     0.999939       995876     16384.00
       9.375     0.999945       995882     18204.44
       9.471     0.999951       995887     20480.00
       9.551     0.999957       995893     23405.71
       9.623     0.999963       995899     27306.67
       9.823     0.999969       995905     32768.00
       9.855     0.999973       995908     36408.89
       9.951     0.999976       995911     40960.00
      10.063     0.999979       995914     46811.43
      10.103     0.999982       995917     54613.33
      10.135     0.999985       995922     65536.00
      10.135     0.999986       995922     72817.78
      10.175     0.999988       995923     81920.00
      10.295     0.999989       995925     93622.86
      10.463     0.999991       995926    109226.67
      10.535     0.999992       995928    131072.00
      10.559     0.999993       995929    145635.56
      10.559     0.999994       995929    163840.00
      10.575     0.999995       995930    187245.71
      10.647     0.999995       995931    218453.33
      10.719     0.999996       995932    262144.00
      10.719     0.999997       995932    291271.11
      10.719     0.999997       995932    327680.00
      11.039     0.999997       995933    374491.43
      11.039     0.999998       995933    436906.67
      12.495     0.999998       995934    524288.00
      12.495     0.999998       995934    582542.22
      12.495     0.999998       995934    655360.00
      12.495     0.999999       995934    748982.86
      12.495     0.999999       995934    873813.33
      13.671     0.999999       995935   1048576.00
      13.671     1.000000       995935          inf
#[Mean    =        2.014, StdDeviation   =        0.882]
#[Max     =       13.664, Total count    =       995935]
#[Buckets =           27, SubBuckets     =         2048]
----------------------------------------------------------
  1495096 requests in 30.00s, 499.04MB read
Requests/sec:  49836.79
Transfer/sec:     16.63MB
WRKX_RESULT {"durationUs":29999844,"requests":1495096,"responses":1495096,"errors":0,"bytes":523283600,"latencyAvgUs":2014.273,"latencyP95Us":3537.000,"latencyP99Us":4367.000}
