Running 30s test @ http://localhost:9991/postgres/orders
  16 threads and 256 connections
  Thread calibration: mean lat.: 4618.148ms, rate sampling interval: 17285ms
  Thread calibration: mean lat.: 4636.377ms, rate sampling interval: 17235ms
  Thread calibration: mean lat.: 4494.267ms, rate sampling interval: 17350ms
  Thread calibration: mean lat.: 4711.685ms, rate sampling interval: 17465ms
  Thread calibration: mean lat.: 4642.853ms, rate sampling interval: 17448ms
  Thread calibration: mean lat.: 4613.184ms, rate sampling interval: 17268ms
  Thread calibration: mean lat.: 4598.701ms, rate sampling interval: 17252ms
  Thread calibration: mean lat.: 4528.376ms, rate sampling interval: 17219ms
  Thread calibration: mean lat.: 4664.303ms, rate sampling interval: 17416ms
  Thread calibration: mean lat.: 4493.386ms, rate sampling interval: 17055ms
  Thread calibration: mean lat.: 4586.701ms, rate sampling interval: 17186ms
  Thread calibration: mean lat.: 4612.589ms, rate sampling interval: 17268ms
  Thread calibration: mean lat.: 4656.496ms, rate sampling interval: 17350ms
  Thread calibration: mean lat.: 4564.121ms, rate sampling interval: 17252ms
  Thread calibration: mean lat.: 4451.041ms, rate sampling interval: 15998ms
  Thread calibration: mean lat.: 4642.791ms, rate sampling interval: 17252ms
  Thread Stats   Avg      Stdev     Max   +/- Stdev
    Latency    19.68s     5.56s   29.70s    58.17%
    Req/Sec   236.38     28.76   323.00     81.25%
  Latency Distribution (HdrHistogram - Recorded Latency)
 50.000%   19.86s 
 75.000%   24.48s 
 90.000%   27.23s 
 99.000%   29.11s 
 99.900%   29.51s 
 99.990%   29.64s 
 99.999%   29.69s 
100.000%   29.72s 

  Detailed Percentile spectrum:
       Value   Percentile   TotalCount 1/(1-Percentile)

    8921.087     0.000000            2         1.00
   11837.439     0.100000         7586         1.11
   13901.823     0.200000        15189         1.25
   15982.591     0.300000        22758         1.43
   17924.095     0.400000        30371         1.67
   19857.407     0.500000        37968         2.00
   20742.143     0.550000        41772         2.22
   21692.415     0.600000        45533         2.50
   22560.767     0.650000        49311         2.86
   23511.039     0.700000        53103         3.33
   24477.695     0.750000        56918         4.00
   24952.831     0.775000        58826         4.44
   25411.583     0.800000        60725         5.00
   25886.719     0.825000        62578         5.71
   26345.471     0.850000        64493         6.67
   26787.839     0.875000        66397         8.00
   27017.215     0.887500        67383         8.89
   27230.207     0.900000        68298        10.00
   27459.583     0.912500        69231        11.43
   27705.343     0.925000        70222        13.33
   27934.719     0.937500        71131        16.00
   28049.407     0.943750        71628        17.78
   28164.095     0.950000        72087        20.00
   28295.167     0.956250        72558        22.86
   28426.239     0.962500        73021        26.67
   28573.695     0.968750        73514        32.00
   28639.231     0.971875        73748        35.56
   28704.767     0.975000        73968        40.00
   28786.687     0.978125        74228        45.71
   28868.607     0.981250        74450        53.33
   28950.527     0.984375        74682        64.00
   28999.679     0.985938        74811        71.11
   29032.447     0.987500        74904        80.00
   29097.983     0.989062        75073        91.43
   29130.751     0.990625        75143       106.67
   29196.287     0.992188        75294       128.00
   29229.055     0.992969        75360       142.22
   29245.439     0.993750        75382       160.00
   29278.207     0.994531        75440       182.86
   29310.975     0.995313        75517       213.33
   29343.743     0.996094        75565       256.00
   29360.127     0.996484        75591       284.44
   29392.895     0.996875        75646       320.00
   29392.895     0.997266        75646       365.71
   29425.663     0.997656        75694       426.67
   29442.047     0.998047        75711       512.00
   29458.431     0.998242        75733       568.89
   29474.815     0.998437        75748       640.00
   29491.199     0.998633        75768       731.43
   29491.199     0.998828        75768       853.33
   29507.583     0.999023        75786      1024.00
   29507.583     0.999121        75786      1137.78
   29523.967     0.999219        75797      1280.00
   29540.351     0.999316        75804      1462.86
   29556.735     0.999414        75813      1706.67
   29573.119     0.999512        75822      2048.00
   29573.119     0.999561        75822      2275.56
   29589.503     0.999609        75825      2560.00
   29605.887     0.999658        75835      2925.71
   29605.887     0.999707        75835      3413.33
   29605.887     0.999756        75835      4096.00
   29622.271     0.999780        75841      4551.11
   29622.271     0.999805        75841      5120.00
   29622.271     0.999829        75841      5851.43
   29622.271     0.999854        75841      6826.67
   29638.655     0.999878        75848      8192.00
   29638.655     0.999890        75848      9102.22
   29638.655     0.999902        75848     10240.00
   29638.655     0.999915        75848     11702.86
   29638.655     0.999927        75848     13653.33
   29638.655     0.999939        75848     16384.00
   29638.655     0.999945        75848     18204.44
   29655.039     0.999951        75850     20480.00
   29655.039     0.999957        75850     23405.71
   29655.039     0.999963        75850     27306.67
   29655.039     0.999969        75850     32768.00
   29655.039     0.999973        75850     36408.89
   29687.807     0.999976        75851     40960.00
   29687.807     0.999979        75851     46811.43
   29687.807     0.999982        75851     54613.33
   29687.807     0.999985        75851     65536.00
   29687.807     0.999986        75851     72817.78
   29720.575     0.999988        75852     81920.00
   29720.575     1.000000        75852          inf
#[Mean    =    19676.512, StdDeviation   =     5557.527]
#[Max     =    29704.192, Total count    =        75852]
#[Buckets =           27, SubBuckets     =         2048]
----------------------------------------------------------
  114837 requests in 30.00s, 1.52GB read
  Socket errors: connect 0, read 2, write 0, timeout 0
Requests/sec:   3827.28
Transfer/sec:     51.88MB
WRKX_RESULT {"durationUs":30004852,"requests":114837,"responses":114837,"errors":2,"bytes":1632410482,"latencyAvgUs":19676512.187,"latencyP95Us":28164095.000,"latencyP99Us":29114367.000}
