Running 30s test @ http://localhost:9991/postgres/orders
  16 threads and 256 connections
  Thread calibration: mean lat.: 3453.111ms, rate sampling interval: 13320ms
  Thread calibration: mean lat.: 3378.583ms, rate sampling interval: 12558ms
  Thread calibration: mean lat.: 3382.746ms, rate sampling interval: 13271ms
  Thread calibration: mean lat.: 3693.988ms, rate sampling interval: 14073ms
  Thread calibration: mean lat.: 3756.020ms, rate sampling interval: 13991ms
  Thread calibration: mean lat.: 3601.898ms, rate sampling interval: 13672ms
  Thread calibration: mean lat.: 3201.385ms, rate sampling interval: 12541ms
  Thread calibration: mean lat.: 3614.757ms, rate sampling interval: 13877ms
  Thread calibration: mean lat.: 3592.556ms, rate sampling interval: 13549ms
  Thread calibration: mean lat.: 3516.206ms, rate sampling interval: 13492ms
  Thread calibration: mean lat.: 3329.759ms, rate sampling interval: 13205ms
  Thread calibration: mean lat.: 3468.423ms, rate sampling interval: 13320ms
  Thread calibration: mean lat.: 3536.519ms, rate sampling interval: 13352ms
  Thread calibration: mean lat.: 3919.436ms, rate sampling interval: 14557ms
  Thread calibration: mean lat.: 3682.083ms, rate sampling interval: 13803ms
  Thread calibration: mean lat.: 3477.290ms, rate sampling interval: 13213ms
  Thread Stats   Avg      Stdev     Max   +/- Stdev
    Latency    14.79s     4.97s   27.72s    62.41%
    Req/Sec   248.44     28.30   290.00     50.00%
  Latency Distribution (HdrHistogram - Recorded Latency)
 50.000%   14.43s 
 75.000%   18.53s 
 90.000%   21.76s 
 99.000%   25.54s 
 99.900%   27.31s 
 99.990%   27.71s 
 99.999%   27.74s 
100.000%   27.74s 

  Detailed Percentile spectrum:
       Value   Percentile   TotalCount 1/(1-Percentile)

    4894.719     0.000000            1         1.00
    8585.215     0.100000         8069         1.11
    9945.087     0.200000        16103         1.25
   11304.959     0.300000        24176         1.43
   12656.639     0.400000        32231         1.67
   14434.303     0.500000        40244         2.00
   15474.687     0.550000        44265         2.22
   16351.231     0.600000        48281         2.50
   16957.439     0.650000        52313         2.86
   17694.719     0.700000        56383         3.33
   18530.303     0.750000        60414         4.00
   18972.671     0.775000        62413         4.44
   19480.575     0.800000        64419         5.00
   20004.863     0.825000        66446         5.71
   20529.151     0.850000        68392         6.67
   21102.591     0.875000        70427         8.00
   21430.271     0.887500        71442         8.89
   21757.951     0.900000        72432        10.00
   22118.399     0.912500        73443        11.43
   22495.231     0.925000        74438        13.33
   22970.367     0.937500        75454        16.00
   23183.359     0.943750        75956        17.78
   23412.735     0.950000        76458        20.00
   23674.879     0.956250        76959        22.86
   23937.023     0.962500        77469        26.67
   24199.167     0.968750        77947        32.00
   24363.007     0.971875        78205        35.56
   24543.231     0.975000        78458        40.00
   24723.455     0.978125        78709        45.71
   24903.679     0.981250        78953        53.33
   25116.671     0.984375        79212        64.00
   25231.359     0.985938        79355        71.11
   25329.663     0.987500        79472        80.00
   25444.351     0.989062        79594        91.43
   25591.807     0.990625        79709       106.67
   25804.799     0.992188        79836       128.00
   25919.487     0.992969        79903       142.22
   26034.175     0.993750        79965       160.00
   26132.479     0.994531        80027       182.86
   26230.783     0.995313        80091       213.33
   26361.855     0.996094        80147       256.00
   26476.543     0.996484        80186       284.44
   26558.463     0.996875        80211       320.00
   26673.151     0.997266        80244       365.71
   26787.839     0.997656        80275       426.67
   26902.527     0.998047        80305       512.00
   26984.447     0.998242        80322       568.89
   27066.367     0.998437        80336       640.00
   27131.903     0.998633        80353       731.43
   27230.207     0.998828        80367       853.33
   27328.511     0.999023        80386      1024.00
   27344.895     0.999121        80391      1137.78
   27410.431     0.999219        80401      1280.00
   27443.199     0.999316        80407      1462.86
   27492.351     0.999414        80416      1706.67
   27508.735     0.999512        80423      2048.00
   27525.119     0.999561        80426      2275.56
   27541.503     0.999609        80430      2560.00
   27590.655     0.999658        80434      2925.71
   27623.423     0.999707        80439      3413.33
   27639.807     0.999756        80442      4096.00
   27656.191     0.999780        80446      4551.11
   27656.191     0.999805        80446      5120.00
   27688.959     0.999829        80448      5851.43
   27705.343     0.999854        80454      6826.67
   27705.343     0.999878        80454      8192.00
   27705.343     0.999890        80454      9102.22
   27705.343     0.999902        80454     10240.00
   27721.727     0.999915        80457     11702.86
   27721.727     0.999927        80457     13653.33
   27721.727     0.999939        80457     16384.00
   27721.727     0.999945        80457     18204.44
   27738.111     0.999951        80461     20480.00
   27738.111     1.000000        80461          inf
#[Mean    =    14792.108, StdDeviation   =     4967.061]
#[Max     =    27721.728, Total count    =        80461]
#[Buckets =           27, SubBuckets     =         2048]
----------------------------------------------------------
  121353 requests in 30.01s, 1.61GB read
  Socket errors: connect 0, read 1, write 0, timeout 0
Requests/sec:   4043.62
Transfer/sec:     54.82MB
WRKX_RESULT {"durationUs":30011009,"requests":121353,"responses":121353,"errors":1,"bytes":1725035612,"latencyAvgUs":14792108.443,"latencyP95Us":23412735.000,"latencyP99Us":25542655.000}
