Running 30s test @ http://localhost:9991/postgres/orders
  16 threads and 256 connections
  Thread calibration: mean lat.: 3808.022ms, rate sampling interval: 14458ms
  Thread calibration: mean lat.: 4068.512ms, rate sampling interval: 14884ms
  Thread calibration: mean lat.: 3923.373ms, rate sampling interval: 14614ms
  Thread calibration: mean lat.: 3958.464ms, rate sampling interval: 14745ms
  Thread calibration: mean lat.: 3834.282ms, rate sampling interval: 14426ms
  Thread calibration: mean lat.: 3538.150ms, rate sampling interval: 13901ms
  Thread calibration: mean lat.: 3921.263ms, rate sampling interval: 14802ms
  Thread calibration: mean lat.: 3657.106ms, rate sampling interval: 14155ms
  Thread calibration: mean lat.: 3901.845ms, rate sampling interval: 14524ms
  Thread calibration: mean lat.: 3870.270ms, rate sampling interval: 14475ms
  Thread calibration: mean lat.: 3881.030ms, rate sampling interval: 14106ms
  Thread calibration: mean lat.: 3812.249ms, rate sampling interval: 14385ms
  Thread calibration: mean lat.: 3876.925ms, rate sampling interval: 14565ms
  Thread calibration: mean lat.: 3967.232ms, rate sampling interval: 14761ms
  Thread calibration: mean lat.: 3659.703ms, rate sampling interval: 14123ms
  Thread calibration: mean lat.: 3875.769ms, rate sampling interval: 14335ms
  Thread Stats   Avg      Stdev     Max   +/- Stdev
    Latency    16.03s     5.04s   27.84s    61.38%
    Req/Sec   263.25     30.94   328.00     81.25%
  Latency Distribution (HdrHistogram - Recorded Latency)
 50.000%   15.82s 
 75.000%   20.10s 
 90.000%   23.05s 
 99.000%   26.59s 
 99.900%   27.49s 
 99.990%   27.77s 
 99.999%   27.84s 
100.000%   27.85s 

  Detailed Percentile spectrum:
       Value   Percentile   TotalCount 1/(1-Percentile)

    5980.159     0.000000            1         1.00
    9428.991     0.100000         8449         1.11
   11034.623     0.200000        16854         1.25
   12574.719     0.300000        25302         1.43
   14139.391     0.400000        33704         1.67
   15818.751     0.500000        42142         2.00
   16588.799     0.550000        46399         2.22
   17367.039     0.600000        50605         2.50
   18317.311     0.650000        54786         2.86
   19185.663     0.700000        59030         3.33
   20103.167     0.750000        63197         4.00
   20512.767     0.775000        65350         4.44
   20922.367     0.800000        67407         5.00
   21364.735     0.825000        69572         5.71
   21856.255     0.850000        71676         6.67
   22396.927     0.875000        73747         8.00
   22724.607     0.887500        74827         8.89
   23052.287     0.900000        75866        10.00
   23379.967     0.912500        76890        11.43
   23707.647     0.925000        77939        13.33
   24100.863     0.937500        79011        16.00
   24297.471     0.943750        79525        17.78
   24510.463     0.950000        80050        20.00
   24756.223     0.956250        80595        22.86
   25034.751     0.962500        81106        26.67
   25395.199     0.968750        81646        32.00
   25591.807     0.971875        81892        35.56
   25837.567     0.975000        82163        40.00
   26001.407     0.978125        82435        45.71
   26132.479     0.981250        82697        53.33
   26296.319     0.984375        82966        64.00
   26345.471     0.985938        83074        71.11
   26427.391     0.987500        83209        80.00
   26542.079     0.989062        83357        91.43
   26640.383     0.990625        83481       106.67
   26738.687     0.992188        83619       128.00
   26787.839     0.992969        83677       142.22
   26853.375     0.993750        83743       160.00
   26918.911     0.994531        83815       182.86
   26984.447     0.995313        83871       213.33
   27082.751     0.996094        83938       256.00
   27131.903     0.996484        83967       284.44
   27197.439     0.996875        84005       320.00
   27246.591     0.997266        84035       365.71
   27295.743     0.997656        84068       426.67
   27361.279     0.998047        84103       512.00
   27377.663     0.998242        84111       568.89
   27410.431     0.998437        84128       640.00
   27443.199     0.998633        84151       731.43
   27475.967     0.998828        84164       853.33
   27508.735     0.999023        84178      1024.00
   27525.119     0.999121        84186      1137.78
   27557.887     0.999219        84197      1280.00
   27574.271     0.999316        84202      1462.86
   27607.039     0.999414        84212      1706.67
   27639.807     0.999512        84218      2048.00
   27656.191     0.999561        84226      2275.56
   27656.191     0.999609        84226      2560.00
   27688.959     0.999658        84230      2925.71
   27705.343     0.999707        84235      3413.33
   27721.727     0.999756        84238      4096.00
   27738.111     0.999780        84244      4551.11
   27738.111     0.999805        84244      5120.00
   27738.111     0.999829        84244      5851.43
   27754.495     0.999854        84246      6826.67
   27770.879     0.999878        84250      8192.00
   27770.879     0.999890        84250      9102.22
   27770.879     0.999902        84250     10240.00
   27787.263     0.999915        84252     11702.86
   27787.263     0.999927        84252     13653.33
   27803.647     0.999939        84254     16384.00
   27803.647     0.999945        84254     18204.44
   27803.647     0.999951        84254     20480.00
   27820.031     0.999957        84256     23405.71
   27820.031     0.999963        84256     27306.67
   27820.031     0.999969        84256     32768.00
   27820.031     0.999973        84256     36408.89
   27820.031     0.999976        84256     40960.00
   27836.415     0.999979        84257     46811.43
   27836.415     0.999982        84257     54613.33
   27836.415     0.999985        84257     65536.00
   27836.415     0.999986        84257     72817.78
   27836.415     0.999988        84257     81920.00
   27852.799     0.999989        84258     93622.86
   27852.799     1.000000        84258          inf
#[Mean    =    16032.161, StdDeviation   =     5044.540]
#[Max     =    27836.416, Total count    =        84258]
#[Buckets =           27, SubBuckets     =         2048]
----------------------------------------------------------
  127213 requests in 30.00s, 1.68GB read
  Socket errors: connect 0, read 2, write 0, timeout 0
Requests/sec:   4239.79
Transfer/sec:     57.48MB
WRKX_RESULT {"durationUs":30004537,"requests":127213,"responses":127213,"errors":2,"bytes":1808336367,"latencyAvgUs":16032160.586,"latencyP95Us":24510463.000,"latencyP99Us":26591231.000}
