Running 30s test @ http://localhost:9991/postgres/orders
  16 threads and 256 connections
  Thread calibration: mean lat.: 4700.918ms, rate sampling interval: 17334ms
  Thread calibration: mean lat.: 4657.938ms, rate sampling interval: 17268ms
  Thread calibration: mean lat.: 4618.707ms, rate sampling interval: 17088ms
  Thread calibration: mean lat.: 4690.759ms, rate sampling interval: 17252ms
  Thread calibration: mean lat.: 4665.075ms, rate sampling interval: 17219ms
  Thread calibration: mean lat.: 4628.793ms, rate sampling interval: 17137ms
  Thread calibration: mean lat.: 4628.167ms, rate sampling interval: 17154ms
  Thread calibration: mean lat.: 4784.916ms, rate sampling interval: 17530ms
  Thread calibration: mean lat.: 5184.219ms, rate sampling interval: 17301ms
  Thread calibration: mean lat.: 4651.097ms, rate sampling interval: 17055ms
  Thread calibration: mean lat.: 4631.324ms, rate sampling interval: 17170ms
  Thread calibration: mean lat.: 4599.832ms, rate sampling interval: 17022ms
  Thread calibration: mean lat.: 4625.079ms, rate sampling interval: 17235ms
  Thread calibration: mean lat.: 4607.558ms, rate sampling interval: 17088ms
  Thread calibration: mean lat.: 4424.704ms, rate sampling interval: 15900ms
  Thread calibration: mean lat.: 4607.987ms, rate sampling interval: 17170ms
  Thread Stats   Avg      Stdev     Max   +/- Stdev
    Latency    19.05s     5.54s   29.75s    58.64%
    Req/Sec   244.56     48.20   323.00     56.25%
  Latency Distribution (HdrHistogram - Recorded Latency)
 50.000%   18.99s 
 75.000%   23.71s 
 90.000%   26.87s 
 99.000%   28.93s 
 99.900%   29.44s 
 99.990%   29.72s 
 99.999%   29.77s 
100.000%   29.77s 

  Detailed Percentile spectrum:
       Value   Percentile   TotalCount 1/(1-Percentile)

    8806.399     0.000000            1         1.00
   11427.839     0.100000         7863         1.11
   13369.343     0.200000        15718         1.25
   15237.119     0.300000        23556         1.43
   17121.279     0.400000        31426         1.67
   18989.055     0.500000        39258         2.00
   19922.943     0.550000        43178         2.22
   20824.063     0.600000        47082         2.50
   21757.951     0.650000        51029         2.86
   22724.607     0.700000        54931         3.33
   23707.647     0.750000        58852         4.00
   24215.551     0.775000        60814         4.44
   24723.455     0.800000        62787         5.00
   25247.743     0.825000        64759         5.71
   25772.031     0.850000        66676         6.67
   26329.087     0.875000        68633         8.00
   26623.999     0.887500        69655         8.89
   26869.759     0.900000        70592        10.00
   27131.903     0.912500        71614        11.43
   27361.279     0.925000        72560        13.33
   27623.423     0.937500        73579        16.00
   27754.495     0.943750        74055        17.78
   27885.567     0.950000        74516        20.00
   28033.023     0.956250        75015        22.86
   28180.479     0.962500        75533        26.67
   28327.935     0.968750        75988        32.00
   28426.239     0.971875        76253        35.56
   28508.159     0.975000        76487        40.00
   28606.463     0.978125        76736        45.71
   28704.767     0.981250        76995        53.33
   28786.687     0.984375        77244        64.00
   28819.455     0.985938        77353        71.11
   28852.223     0.987500        77456        80.00
   28901.375     0.989062        77593        91.43
   28934.143     0.990625        77697       106.67
   28999.679     0.992188        77854       128.00
   29016.063     0.992969        77893       142.22
   29048.831     0.993750        77960       160.00
   29081.599     0.994531        78023       182.86
   29114.367     0.995313        78081       213.33
   29147.135     0.996094        78132       256.00
   29163.519     0.996484        78155       284.44
   29196.287     0.996875        78192       320.00
   29212.671     0.997266        78209       365.71
   29261.823     0.997656        78245       426.67
   29310.975     0.998047        78280       512.00
   29327.359     0.998242        78287       568.89
   29360.127     0.998437        78308       640.00
   29376.511     0.998633        78320       731.43
   29409.279     0.998828        78334       853.33
   29442.047     0.999023        78347      1024.00
   29458.431     0.999121        78356      1137.78
   29491.199     0.999219        78369      1280.00
   29507.583     0.999316        78376      1462.86
   29523.967     0.999414        78382      1706.67
   29556.735     0.999512        78388      2048.00
   29573.119     0.999561        78391      2275.56
   29605.887     0.999609        78395      2560.00
   29622.271     0.999658        78397      2925.71
   29655.039     0.999707        78402      3413.33
   29671.423     0.999756        78404      4096.00
   29687.807     0.999780        78406      4551.11
   29704.191     0.999805        78408      5120.00
   29720.575     0.999829        78415      5851.43
   29720.575     0.999854        78415      6826.67
   29720.575     0.999878        78415      8192.00
   29720.575     0.999890        78415      9102.22
   29736.959     0.999902        78418     10240.00
   29736.959     0.999915        78418     11702.86
   29736.959     0.999927        78418     13653.33
   29753.343     0.999939        78421     16384.00
   29753.343     0.999945        78421     18204.44
   29753.343     0.999951        78421     20480.00
   29753.343     0.999957        78421     23405.71
   29753.343     0.999963        78421     27306.67
   29753.343     0.999969        78421     32768.00
   29753.343     0.999973        78421     36408.89
   29769.727     0.999976        78423     40960.00
   29769.727     1.000000        78423          inf
#[Mean    =    19048.377, StdDeviation   =     5541.564]
#[Max     =    29753.344, Total count    =        78423]
#[Buckets =           27, SubBuckets     =         2048]
----------------------------------------------------------
  120175 requests in 30.00s, 1.59GB read
  Socket errors: connect 0, read 3, write 0, timeout 0
Requests/sec:   4005.23
Transfer/sec:     54.30MB
WRKX_RESULT {"durationUs":30004528,"requests":120175,"responses":120175,"errors":3,"bytes":1708290038,"latencyAvgUs":19048377.307,"latencyP95Us":27885567.000,"latencyP99Us":28934143.000}
