Running 30s test @ http://localhost:9991/postgres/orders
  16 threads and 256 connections
  Thread calibration: mean lat.: 2630.643ms, rate sampling interval: 11296ms
  Thread calibration: mean lat.: 2550.310ms, rate sampling interval: 11673ms
  Thread calibration: mean lat.: 2257.150ms, rate sampling interval: 9846ms
  Thread calibration: mean lat.: 2509.524ms, rate sampling interval: 10657ms
  Thread calibration: mean lat.: 2329.009ms, rate sampling interval: 10600ms
  Thread calibration: mean lat.: 2224.038ms, rate sampling interval: 10526ms
  Thread calibration: mean lat.: 2329.962ms, rate sampling interval: 11010ms
  Thread calibration: mean lat.: 2669.503ms, rate sampling interval: 10854ms
  Thread calibration: mean lat.: 2499.583ms, rate sampling interval: 10903ms
  Thread calibration: mean lat.: 2807.664ms, rate sampling interval: 11780ms
  Thread calibration: mean lat.: 2039.287ms, rate sampling interval: 10313ms
  Thread calibration: mean lat.: 2169.304ms, rate sampling interval: 10002ms
  Thread calibration: mean lat.: 2118.069ms, rate sampling interval: 9986ms
  Thread calibration: mean lat.: 2073.020ms, rate sampling interval: 10010ms
  Thread calibration: mean lat.: 1985.299ms, rate sampling interval: 9265ms
  Thread calibration: mean lat.: 2611.931ms, rate sampling interval: 11018ms
  Thread Stats   Avg      Stdev     Max   +/- Stdev
    Latency    10.05s     5.08s   23.59s    65.41%
    Req/Sec   255.33     32.71   360.00     83.33%
  Latency Distribution (HdrHistogram - Recorded Latency)
 50.000%    9.70s 
 75.000%   13.69s 
 90.000%   17.17s 
 99.000%   21.32s 
 99.900%   23.23s 
 99.990%   23.58s 
 99.999%   23.61s 
100.000%   23.61s 

  Detailed Percentile spectrum:
       Value   Percentile   TotalCount 1/(1-Percentile)

       2.973     0.000000            1         1.00
    3516.415     0.100000         8094         1.11
    5492.735     0.200000        16178         1.25
    7167.999     0.300000        24287         1.43
    8478.719     0.400000        32395         1.67
    9699.327     0.500000        40450         2.00
   10379.263     0.550000        44491         2.22
   11132.927     0.600000        48542         2.50
   11878.399     0.650000        52600         2.86
   12746.751     0.700000        56655         3.33
   13688.831     0.750000        60693         4.00
   14147.583     0.775000        62705         4.44
   14655.487     0.800000        64739         5.00
   15106.047     0.825000        66743         5.71
   15671.295     0.850000        68767         6.67
   16351.231     0.875000        70796         8.00
   16760.831     0.887500        71806         8.89
   17170.431     0.900000        72806        10.00
   17580.031     0.912500        73846        11.43
   17989.631     0.925000        74848        13.33
   18481.151     0.937500        75841        16.00
   18743.295     0.943750        76374        17.78
   18989.055     0.950000        76866        20.00
   19251.199     0.956250        77368        22.86
   19529.727     0.962500        77867        26.67
   19857.407     0.968750        78376        32.00
   20004.863     0.971875        78617        35.56
   20168.703     0.975000        78866        40.00
   20332.543     0.978125        79124        45.71
   20545.535     0.981250        79376        53.33
   20774.911     0.984375        79639        64.00
   20905.983     0.985938        79752        71.11
   21069.823     0.987500        79886        80.00
   21217.279     0.989062        80012        91.43
   21397.503     0.990625        80136       106.67
   21594.111     0.992188        80259       128.00
   21692.415     0.992969        80326       142.22
   21790.719     0.993750        80387       160.00
   21905.407     0.994531        80453       182.86
   22036.479     0.995313        80513       213.33
   22282.239     0.996094        80575       256.00
   22413.311     0.996484        80605       284.44
   22544.383     0.996875        80638       320.00
   22675.455     0.997266        80669       365.71
   22790.143     0.997656        80701       426.67
   22921.215     0.998047        80734       512.00
   22986.751     0.998242        80747       568.89
   23052.287     0.998437        80764       640.00
   23117.823     0.998633        80779       731.43
   23166.975     0.998828        80796       853.33
   23232.511     0.999023        80812      1024.00
   23265.279     0.999121        80820      1137.78
   23298.047     0.999219        80829      1280.00
   23330.815     0.999316        80836      1462.86
   23379.967     0.999414        80843      1706.67
   23412.735     0.999512        80849      2048.00
   23445.503     0.999561        80854      2275.56
   23478.271     0.999609        80860      2560.00
   23494.655     0.999658        80862      2925.71
   23527.423     0.999707        80870      3413.33
   23527.423     0.999756        80870      4096.00
   23543.807     0.999780        80871      4551.11
   23560.191     0.999805        80876      5120.00
   23560.191     0.999829        80876      5851.43
   23576.575     0.999854        80880      6826.67
   23576.575     0.999878        80880      8192.00
   23576.575     0.999890        80880      9102.22
   23592.959     0.999902        80886     10240.00
   23592.959     0.999915        80886     11702.86
   23592.959     0.999927        80886     13653.33
   23592.959     0.999939        80886     16384.00
   23592.959     0.999945        80886     18204.44
   23592.959     0.999951        80886     20480.00
   23592.959     0.999957        80886     23405.71
   23592.959     0.999963        80886     27306.67
   23592.959     0.999969        80886     32768.00
   23592.959     0.999973        80886     36408.89
   23609.343     0.999976        80888     40960.00
   23609.343     1.000000        80888          inf
#[Mean    =    10046.788, StdDeviation   =     5080.456]
#[Max     =    23592.960, Total count    =        80888]
#[Buckets =           27, SubBuckets     =         2048]
----------------------------------------------------------
  123729 requests in 30.01s, 1.64GB read
  Socket errors: connect 0, read 3, write 0, timeout 0
Requests/sec:   4123.23
Transfer/sec:     55.90MB
WRKX_RESULT {"durationUs":30007764,"requests":123729,"responses":123729,"errors":3,"bytes":1758810775,"latencyAvgUs":10046788.120,"latencyP95Us":18989055.000,"latencyP99Us":21315583.000}
