Running 30s test @ http://localhost:9991/postgres/orders
  16 threads and 256 connections
  Thread calibration: mean lat.: 4537.528ms, rate sampling interval: 16424ms
  Thread calibration: mean lat.: 4720.528ms, rate sampling interval: 17055ms
  Thread calibration: mean lat.: 4660.508ms, rate sampling interval: 16973ms
  Thread calibration: mean lat.: 4543.907ms, rate sampling interval: 16547ms
  Thread calibration: mean lat.: 4532.313ms, rate sampling interval: 16171ms
  Thread calibration: mean lat.: 4722.474ms, rate sampling interval: 17055ms
  Thread calibration: mean lat.: 4501.414ms, rate sampling interval: 16572ms
  Thread calibration: mean lat.: 4748.133ms, rate sampling interval: 16957ms
  Thread calibration: mean lat.: 4568.122ms, rate sampling interval: 16769ms
  Thread calibration: mean lat.: 3721.587ms, rate sampling interval: 14524ms
  Thread calibration: mean lat.: 4689.763ms, rate sampling interval: 16891ms
  Thread calibration: mean lat.: 4674.523ms, rate sampling interval: 16973ms
  Thread calibration: mean lat.: 4659.530ms, rate sampling interval: 16924ms
  Thread calibration: mean lat.: 4694.386ms, rate sampling interval: 17039ms
  Thread calibration: mean lat.: 4699.414ms, rate sampling interval: 17072ms
  Thread calibration: mean lat.: 4627.832ms, rate sampling interval: 16842ms
  Thread Stats   Avg      Stdev     Max   +/- Stdev
    Latency    18.53s     5.52s   29.28s    59.46%
    Req/Sec   247.75     44.78   349.00     75.00%
  Latency Distribution (HdrHistogram - Recorded Latency)
 50.000%   18.71s 
 75.000%   23.20s 
 90.000%   26.05s 
 99.000%   28.33s 
 99.900%   28.97s 
 99.990%   29.26s 
 99.999%   29.29s 
100.000%   29.29s 

  Detailed Percentile spectrum:
       Value   Percentile   TotalCount 1/(1-Percentile)

    5500.927     0.000000            1         1.00
   10952.703     0.100000         7969         1.11
   12812.287     0.200000        15908         1.25
   14721.023     0.300000        23854         1.43
   16752.639     0.400000        31821         1.67
   18710.527     0.500000        39808         2.00
   19677.183     0.550000        43767         2.22
   20561.919     0.600000        47737         2.50
   21495.807     0.650000        51682         2.86
   22380.543     0.700000        55696         3.33
   23199.743     0.750000        59655         4.00
   23592.959     0.775000        61658         4.44
   23969.791     0.800000        63666         5.00
   24444.927     0.825000        65641         5.71
   24952.831     0.850000        67601         6.67
   25493.503     0.875000        69567         8.00
   25755.647     0.887500        70578         8.89
   26050.559     0.900000        71562        10.00
   26361.855     0.912500        72562        11.43
   26558.463     0.925000        73554        13.33
   26771.455     0.937500        74542        16.00
   26902.527     0.943750        75038        17.78
   27066.367     0.950000        75572        20.00
   27213.823     0.956250        76045        22.86
   27377.663     0.962500        76539        26.67
   27557.887     0.968750        77043        32.00
   27639.807     0.971875        77280        35.56
   27738.111     0.975000        77550        40.00
   27836.415     0.978125        77789        45.71
   27951.103     0.981250        78034        53.33
   28065.791     0.984375        78275        64.00
   28131.327     0.985938        78387        71.11
   28196.863     0.987500        78515        80.00
   28278.783     0.989062        78659        91.43
   28344.319     0.990625        78766       106.67
   28426.239     0.992188        78893       128.00
   28459.007     0.992969        78951       142.22
   28524.543     0.993750        79035       160.00
   28557.311     0.994531        79082       182.86
   28606.463     0.995313        79147       213.33
   28655.615     0.996094        79203       256.00
   28688.383     0.996484        79236       284.44
   28721.151     0.996875        79272       320.00
   28737.535     0.997266        79288       365.71
   28786.687     0.997656        79323       426.67
   28835.839     0.998047        79361       512.00
   28852.223     0.998242        79366       568.89
   28884.991     0.998437        79390       640.00
   28901.375     0.998633        79398       731.43
   28934.143     0.998828        79412       853.33
   28966.911     0.999023        79431      1024.00
   28983.295     0.999121        79441      1137.78
   28999.679     0.999219        79448      1280.00
   29016.063     0.999316        79455      1462.86
   29032.447     0.999414        79458      1706.67
   29097.983     0.999512        79469      2048.00
   29114.367     0.999561        79471      2275.56
   29147.135     0.999609        79474      2560.00
   29179.903     0.999658        79481      2925.71
   29179.903     0.999707        79481      3413.33
   29196.287     0.999756        79487      4096.00
   29196.287     0.999780        79487      4551.11
   29245.439     0.999805        79495      5120.00
   29245.439     0.999829        79495      5851.43
   29245.439     0.999854        79495      6826.67
   29245.439     0.999878        79495      8192.00
   29261.823     0.999890        79500      9102.22
   29261.823     0.999902        79500     10240.00
   29261.823     0.999915        79500     11702.86
   29261.823     0.999927        79500     13653.33
   29261.823     0.999939        79500     16384.00
   29261.823     0.999945        79500     18204.44
   29278.207     0.999951        79502     20480.00
   29278.207     0.999957        79502     23405.71
   29278.207     0.999963        79502     27306.67
   29278.207     0.999969        79502     32768.00
   29278.207     0.999973        79502     36408.89
   29294.591     0.999976        79504     40960.00
   29294.591     1.000000        79504          inf
#[Mean    =    18533.028, StdDeviation   =     5517.980]
#[Max     =    29278.208, Total count    =        79504]
#[Buckets =           27, SubBuckets     =         2048]
----------------------------------------------------------
  118569 requests in 30.01s, 1.57GB read
  Socket errors: connect 0, read 2, write 0, timeout 0
Requests/sec:   3951.13
Transfer/sec:     53.56MB
WRKX_RESULT {"durationUs":30008860,"requests":118569,"responses":118569,"errors":2,"bytes":1685460691,"latencyAvgUs":18533027.806,"latencyP95Us":27066367.000,"latencyP99Us":28327935.000}
