Running 30s test @ http://localhost:9991/postgres/orders
  16 threads and 256 connections
  Thread calibration: mean lat.: 4465.599ms, rate sampling interval: 15368ms
  Thread calibration: mean lat.: 4116.181ms, rate sampling interval: 15925ms
  Thread calibration: mean lat.: 4751.994ms, rate sampling interval: 16351ms
  Thread calibration: mean lat.: 4590.564ms, rate sampling interval: 16498ms
  Thread calibration: mean lat.: 4155.198ms, rate sampling interval: 15712ms
  Thread calibration: mean lat.: 4279.830ms, rate sampling interval: 16031ms
  Thread calibration: mean lat.: 4217.701ms, rate sampling interval: 15949ms
  Thread calibration: mean lat.: 4369.543ms, rate sampling interval: 16449ms
  Thread calibration: mean lat.: 4267.803ms, rate sampling interval: 16138ms
  Thread calibration: mean lat.: 4109.110ms, rate sampling interval: 15810ms
  Thread calibration: mean lat.: 4368.899ms, rate sampling interval: 16465ms
  Thread calibration: mean lat.: 4406.457ms, rate sampling interval: 16343ms
  Thread calibration: mean lat.: 4392.112ms, rate sampling interval: 15679ms
  Thread calibration: mean lat.: 4375.453ms, rate sampling interval: 16383ms
  Thread calibration: mean lat.: 4286.729ms, rate sampling interval: 15958ms
  Thread calibration: mean lat.: 4139.577ms, rate sampling interval: 15777ms
  Thread Stats   Avg      Stdev     Max   +/- Stdev
    Latency    17.77s     5.21s   28.97s    60.17%
    Req/Sec   238.94     52.44   379.00     81.25%
  Latency Distribution (HdrHistogram - Recorded Latency)
 50.000%   17.69s 
 75.000%   21.84s 
 90.000%   25.02s 
 99.000%   27.89s 
 99.900%   28.77s 
 99.990%   28.95s 
 99.999%   28.98s 
100.000%   28.98s 

  Detailed Percentile spectrum:
       Value   Percentile   TotalCount 1/(1-Percentile)

    6721.535     0.000000            1         1.00
   10616.831     0.100000         7656         1.11
   12435.455     0.200000        15305         1.25
   14417.919     0.300000        22930         1.43
   16048.127     0.400000        30584         1.67
   17694.719     0.500000        38214         2.00
   18579.455     0.550000        42087         2.22
   19480.575     0.600000        45885         2.50
   20201.471     0.650000        49750         2.86
   20938.751     0.700000        53559         3.33
   21839.871     0.750000        57324         4.00
   22347.775     0.775000        59285         4.44
   22822.911     0.800000        61144         5.00
   23363.583     0.825000        63107         5.71
   23887.871     0.850000        64994         6.67
   24428.543     0.875000        66934         8.00
   24707.071     0.887500        67835         8.89
   25018.367     0.900000        68811        10.00
   25329.663     0.912500        69769        11.43
   25657.343     0.925000        70709        13.33
   26017.791     0.937500        71670        16.00
   26198.015     0.943750        72142        17.78
   26378.239     0.950000        72607        20.00
   26574.847     0.956250        73099        22.86
   26771.455     0.962500        73568        26.67
   26984.447     0.968750        74046        32.00
   27099.135     0.971875        74297        35.56
   27197.439     0.975000        74518        40.00
   27312.127     0.978125        74768        45.71
   27410.431     0.981250        75004        53.33
   27541.503     0.984375        75241        64.00
   27639.807     0.985938        75371        71.11
   27721.727     0.987500        75482        80.00
   27836.415     0.989062        75601        91.43
   27934.719     0.990625        75717       106.67
   28049.407     0.992188        75843       128.00
   28098.559     0.992969        75912       142.22
   28147.711     0.993750        75955       160.00
   28196.863     0.994531        76019       182.86
   28262.399     0.995313        76077       213.33
   28344.319     0.996094        76138       256.00
   28377.087     0.996484        76169       284.44
   28426.239     0.996875        76200       320.00
   28475.391     0.997266        76224       365.71
   28540.927     0.997656        76256       426.67
   28573.695     0.998047        76279       512.00
   28622.847     0.998242        76296       568.89
   28688.383     0.998437        76312       640.00
   28704.767     0.998633        76326       731.43
   28737.535     0.998828        76343       853.33
   28786.687     0.999023        76360      1024.00
   28803.071     0.999121        76365      1137.78
   28819.455     0.999219        76370      1280.00
   28835.839     0.999316        76379      1462.86
   28852.223     0.999414        76386      1706.67
   28868.607     0.999512        76393      2048.00
   28884.991     0.999561        76398      2275.56
   28901.375     0.999609        76402      2560.00
   28901.375     0.999658        76402      2925.71
   28917.759     0.999707        76410      3413.33
   28917.759     0.999756        76410      4096.00
   28934.143     0.999780        76416      4551.11
   28934.143     0.999805        76416      5120.00
   28934.143     0.999829        76416      5851.43
   28950.527     0.999854        76424      6826.67
   28950.527     0.999878        76424      8192.00
   28950.527     0.999890        76424      9102.22
   28950.527     0.999902        76424     10240.00
   28950.527     0.999915        76424     11702.86
   28950.527     0.999927        76424     13653.33
   28950.527     0.999939        76424     16384.00
   28950.527     0.999945        76424     18204.44
   28966.911     0.999951        76426     20480.00
   28966.911     0.999957        76426     23405.71
   28966.911     0.999963        76426     27306.67
   28966.911     0.999969        76426     32768.00
   28966.911     0.999973        76426     36408.89
   28983.295     0.999976        76428     40960.00
   28983.295     1.000000        76428          inf
#[Mean    =    17770.464, StdDeviation   =     5208.894]
#[Max     =    28966.912, Total count    =        76428]
#[Buckets =           27, SubBuckets     =         2048]
----------------------------------------------------------
  115902 requests in 30.01s, 1.53GB read
  Socket errors: connect 0, read 2, write 0, timeout 0
Requests/sec:   3862.35
Transfer/sec:     52.36MB
WRKX_RESULT {"durationUs":30008186,"requests":115902,"responses":115902,"errors":2,"bytes":1647549590,"latencyAvgUs":17770464.273,"latencyP95Us":26378239.000,"latencyP99Us":27885567.000}
