Running 30s test @ http://localhost:9991/postgres/orders
  16 threads and 256 connections
  Thread calibration: mean lat.: 3500.735ms, rate sampling interval: 12705ms
  Thread calibration: mean lat.: 3401.196ms, rate sampling interval: 12926ms
  Thread calibration: mean lat.: 3191.558ms, rate sampling interval: 12115ms
  Thread calibration: mean lat.: 3527.859ms, rate sampling interval: 12951ms
  Thread calibration: mean lat.: 3369.907ms, rate sampling interval: 12787ms
  Thread calibration: mean lat.: 3043.208ms, rate sampling interval: 12369ms
  Thread calibration: mean lat.: 2714.189ms, rate sampling interval: 11509ms
  Thread calibration: mean lat.: 2958.611ms, rate sampling interval: 12943ms
  Thread calibration: mean lat.: 3292.142ms, rate sampling interval: 12599ms
  Thread calibration: mean lat.: 3312.121ms, rate sampling interval: 12550ms
  Thread calibration: mean lat.: 2679.139ms, rate sampling interval: 11427ms
  Thread calibration: mean lat.: 3883.489ms, rate sampling interval: 14106ms
  Thread calibration: mean lat.: 3067.463ms, rate sampling interval: 11812ms
  Thread calibration: mean lat.: 3192.830ms, rate sampling interval: 12312ms
  Thread calibration: mean lat.: 3200.725ms, rate sampling interval: 12279ms
  Thread calibration: mean lat.: 2600.973ms, rate sampling interval: 11608ms
  Thread Stats   Avg      Stdev     Max   +/- Stdev
    Latency    12.50s     5.19s   26.03s    67.48%
    Req/Sec   259.44     35.62   328.00     68.75%
  Latency Distribution (HdrHistogram - Recorded Latency)
 50.000%   12.17s 
 75.000%   16.18s 
 90.000%   19.66s 
 99.000%   24.58s 
 99.900%   25.76s 
 99.990%   26.00s 
 99.999%   26.03s 
100.000%   26.05s 

  Detailed Percentile spectrum:
       Value   Percentile   TotalCount 1/(1-Percentile)

       3.197     0.000000            1         1.00
    6332.415     0.100000         8213         1.11
    8044.543     0.200000        16444         1.25
    9420.799     0.300000        24667         1.43
   10797.055     0.400000        32859         1.67
   12173.311     0.500000        41065         2.00
   12886.015     0.550000        45201         2.22
   13606.911     0.600000        49281         2.50
   14385.151     0.650000        53385         2.86
   15237.119     0.700000        57504         3.33
   16179.199     0.750000        61613         4.00
   16654.335     0.775000        63673         4.44
   17170.431     0.800000        65694         5.00
   17743.871     0.825000        67761         5.71
   18317.311     0.850000        69849         6.67
   18956.287     0.875000        71893         8.00
   19316.735     0.887500        72912         8.89
   19660.799     0.900000        73949        10.00
   20021.247     0.912500        74975        11.43
   20381.695     0.925000        75986        13.33
   20758.527     0.937500        76981        16.00
   21020.671     0.943750        77512        17.78
   21315.583     0.950000        78031        20.00
   21594.111     0.956250        78521        22.86
   21970.943     0.962500        79044        26.67
   22331.391     0.968750        79548        32.00
   22544.383     0.971875        79820        35.56
   22773.759     0.975000        80063        40.00
   23035.903     0.978125        80316        45.71
   23429.119     0.981250        80576        53.33
   23822.335     0.984375        80835        64.00
   24035.327     0.985938        80963        71.11
   24248.319     0.987500        81102        80.00
   24428.543     0.989062        81212        91.43
   24657.919     0.990625        81343       106.67
   24870.911     0.992188        81474       128.00
   24969.215     0.992969        81535       142.22
   25067.519     0.993750        81598       160.00
   25182.207     0.994531        81666       182.86
   25264.127     0.995313        81734       213.33
   25362.431     0.996094        81794       256.00
   25411.583     0.996484        81823       284.44
   25460.735     0.996875        81856       320.00
   25509.887     0.997266        81889       365.71
   25559.039     0.997656        81919       426.67
   25624.575     0.998047        81955       512.00
   25657.343     0.998242        81971       568.89
   25673.727     0.998437        81989       640.00
   25690.111     0.998633        81999       731.43
   25739.263     0.998828        82024       853.33
   25755.647     0.999023        82033      1024.00
   25772.031     0.999121        82043      1137.78
   25788.415     0.999219        82055      1280.00
   25788.415     0.999316        82055      1462.86
   25804.799     0.999414        82069      1706.67
   25821.183     0.999512        82071      2048.00
   25837.567     0.999561        82074      2275.56
   25870.335     0.999609        82081      2560.00
   25886.719     0.999658        82085      2925.71
   25903.103     0.999707        82088      3413.33
   25919.487     0.999756        82092      4096.00
   25919.487     0.999780        82092      4551.11
   25952.255     0.999805        82098      5120.00
   25952.255     0.999829        82098      5851.43
   25952.255     0.999854        82098      6826.67
   26001.407     0.999878        82102      8192.00
   26001.407     0.999890        82102      9102.22
   26001.407     0.999902        82102     10240.00
   26017.791     0.999915        82105     11702.86
   26017.791     0.999927        82105     13653.33
   26017.791     0.999939        82105     16384.00
   26034.175     0.999945        82109     18204.44
   26034.175     0.999951        82109     20480.00
   26034.175     0.999957        82109     23405.71
   26034.175     0.999963        82109     27306.67
   26034.175     0.999969        82109     32768.00
   26034.175     0.999973        82109     36408.89
   26034.175     0.999976        82109     40960.00
   26034.175     0.999979        82109     46811.43
   26034.175     0.999982        82109     54613.33
   26034.175     0.999985        82109     65536.00
   26034.175     0.999986        82109     72817.78
   26034.175     0.999988        82109     81920.00
   26050.559     0.999989        82110     93622.86
   26050.559     1.000000        82110          inf
#[Mean    =    12497.223, StdDeviation   =     5187.922]
#[Max     =    26034.176, Total count    =        82110]
#[Buckets =           27, SubBuckets     =         2048]
----------------------------------------------------------
  125894 requests in 30.01s, 1.67GB read
  Socket errors: connect 0, read 4, write 0, timeout 0
Requests/sec:   4195.12
Transfer/sec:     56.87MB
WRKX_RESULT {"durationUs":30009634,"requests":125894,"responses":125894,"errors":4,"bytes":1789585243,"latencyAvgUs":12497222.914,"latencyP95Us":21315583.000,"latencyP99Us":24575999.000}
