Running 30s test @ http://localhost:9991/postgres/orders
  16 threads and 256 connections
  Thread calibration: mean lat.: 289.954ms, rate sampling interval: 2455ms
  Thread calibration: mean lat.: 104.638ms, rate sampling interval: 77ms
  Thread calibration: mean lat.: 436.569ms, rate sampling interval: 4321ms
  Thread calibration: mean lat.: 682.082ms, rate sampling interval: 4628ms
  Thread calibration: mean lat.: 736.722ms, rate sampling interval: 4648ms
  Thread calibration: mean lat.: 635.988ms, rate sampling interval: 4931ms
  Thread calibration: mean lat.: 271.694ms, rate sampling interval: 1377ms
  Thread calibration: mean lat.: 212.137ms, rate sampling interval: 1380ms
  Thread calibration: mean lat.: 381.981ms, rate sampling interval: 3284ms
  Thread calibration: mean lat.: 343.156ms, rate sampling interval: 3377ms
  Thread calibration: mean lat.: 335.106ms, rate sampling interval: 2732ms
  Thread calibration: mean lat.: 273.056ms, rate sampling interval: 1262ms
  Thread calibration: mean lat.: 411.610ms, rate sampling interval: 3897ms
  Thread calibration: mean lat.: 243.073ms, rate sampling interval: 1075ms
  Thread calibration: mean lat.: 344.621ms, rate sampling interval: 3395ms
  Thread calibration: mean lat.: 291.869ms, rate sampling interval: 1236ms
  Thread Stats   Avg      Stdev     Max   +/- Stdev
    Latency     1.62s     2.98s   13.26s    83.24%
    Req/Sec   285.84     42.81   532.00     79.59%
  Latency Distribution (HdrHistogram - Recorded Latency)
 50.000%   35.49ms
 75.000%    1.20s 
 90.000%    6.85s 
 99.000%   11.58s 
 99.900%   13.07s 
 99.990%   13.24s 
 99.999%   13.26s 
100.000%   13.27s 

  Detailed Percentile spectrum:
       Value   Percentile   TotalCount 1/(1-Percentile)

       2.509     0.000000            1         1.00
       5.383     0.100000         8594         1.11
       7.659     0.200000        17199         1.25
      10.831     0.300000        25790         1.43
      16.543     0.400000        34389         1.67
      35.487     0.500000        42968         2.00
      67.647     0.550000        47265         2.22
     173.311     0.600000        51571         2.50
     397.311     0.650000        55860         2.86
     729.599     0.700000        60158         3.33
    1199.103     0.750000        64460         4.00
    1819.647     0.775000        66600         4.44
    3055.615     0.800000        68749         5.00
    4395.007     0.825000        70900         5.71
    5095.423     0.850000        73057         6.67
    5971.967     0.875000        75199         8.00
    6410.239     0.887500        76277         8.89
    6852.607     0.900000        77353        10.00
    7311.359     0.912500        78426        11.43
    7819.263     0.925000        79498        13.33
    8404.991     0.937500        80573        16.00
    8642.559     0.943750        81124        17.78
    8806.399     0.950000        81659        20.00
    8970.239     0.956250        82181        22.86
    9248.767     0.962500        82718        26.67
    9568.255     0.968750        83254        32.00
    9764.863     0.971875        83526        35.56
    9977.855     0.975000        83787        40.00
   10215.423     0.978125        84056        45.71
   10461.183     0.981250        84329        53.33
   10764.287     0.984375        84597        64.00
   10944.511     0.985938        84735        71.11
   11157.503     0.987500        84862        80.00
   11395.071     0.989062        84998        91.43
   11722.751     0.990625        85133       106.67
   11968.511     0.992188        85268       128.00
   12083.199     0.992969        85335       142.22
   12197.887     0.993750        85398       160.00
   12320.767     0.994531        85467       182.86
   12443.647     0.995313        85537       213.33
   12566.527     0.996094        85600       256.00
   12632.063     0.996484        85633       284.44
   12722.175     0.996875        85667       320.00
   12804.095     0.997266        85705       365.71
   12861.439     0.997656        85737       426.67
   12918.783     0.998047        85770       512.00
   12951.551     0.998242        85787       568.89
   12976.127     0.998437        85802       640.00
   13017.087     0.998633        85818       731.43
   13049.855     0.998828        85837       853.33
   13082.623     0.999023        85854      1024.00
   13090.815     0.999121        85861      1137.78
   13107.199     0.999219        85868      1280.00
   13123.583     0.999316        85877      1462.86
   13139.967     0.999414        85888      1706.67
   13156.351     0.999512        85894      2048.00
   13172.735     0.999561        85902      2275.56
   13172.735     0.999609        85902      2560.00
   13189.119     0.999658        85908      2925.71
   13197.311     0.999707        85913      3413.33
   13205.503     0.999756        85917      4096.00
   13205.503     0.999780        85917      4551.11
   13221.887     0.999805        85920      5120.00
   13230.079     0.999829        85924      5851.43
   13230.079     0.999854        85924      6826.67
   13238.271     0.999878        85929      8192.00
   13238.271     0.999890        85929      9102.22
   13238.271     0.999902        85929     10240.00
   13238.271     0.999915        85929     11702.86
   13238.271     0.999927        85929     13653.33
   13246.463     0.999939        85931     16384.00
   13246.463     0.999945        85931     18204.44
   13246.463     0.999951        85931     20480.00
   13254.655     0.999957        85933     23405.71
   13254.655     0.999963        85933     27306.67
   13254.655     0.999969        85933     32768.00
   13254.655     0.999973        85933     36408.89
   13254.655     0.999976        85933     40960.00
   13262.847     0.999979        85934     46811.43
   13262.847     0.999982        85934     54613.33
   13262.847     0.999985        85934     65536.00
   13262.847     0.999986        85934     72817.78
   13262.847     0.999988        85934     81920.00
   13271.039     0.999989        85935     93622.86
   13271.039     1.000000        85935          inf
#[Mean    =     1620.466, StdDeviation   =     2976.096]
#[Max     =    13262.848, Total count    =        85935]
#[Buckets =           27, SubBuckets     =         2048]
----------------------------------------------------------
  130999 requests in 30.01s, 1.73GB read
  Socket errors: connect 0, read 57, write 0, timeout 0
Requests/sec:   4364.73
Transfer/sec:     59.17MB
WRKX_RESULT {"durationUs":30013049,"requests":130999,"responses":130999,"errors":57,"bytes":1862152476,"latencyAvgUs":1620466.265,"latencyP95Us":8806399.000,"latencyP99Us":11575295.000}
