Running 30s test @ http://localhost:9991/postgres/orders
  16 threads and 256 connections
  Thread calibration: mean lat.: 4443.892ms, rate sampling interval: 16007ms
  Thread calibration: mean lat.: 4341.449ms, rate sampling interval: 15802ms
  Thread calibration: mean lat.: 4414.731ms, rate sampling interval: 16080ms
  Thread calibration: mean lat.: 4413.186ms, rate sampling interval: 16056ms
  Thread calibration: mean lat.: 4307.612ms, rate sampling interval: 15745ms
  Thread calibration: mean lat.: 4415.333ms, rate sampling interval: 15933ms
  Thread calibration: mean lat.: 4412.044ms, rate sampling interval: 15908ms
  Thread calibration: mean lat.: 4493.671ms, rate sampling interval: 16334ms
  Thread calibration: mean lat.: 4358.351ms, rate sampling interval: 15843ms
  Thread calibration: mean lat.: 4336.769ms, rate sampling interval: 15884ms
  Thread calibration: mean lat.: 4271.682ms, rate sampling interval: 15826ms
  Thread calibration: mean lat.: 4418.397ms, rate sampling interval: 15998ms
  Thread calibration: mean lat.: 4468.006ms, rate sampling interval: 16220ms
  Thread calibration: mean lat.: 4378.973ms, rate sampling interval: 15876ms
  Thread calibration: mean lat.: 4268.673ms, rate sampling interval: 15663ms
  Thread calibration: mean lat.: 4403.926ms, rate sampling interval: 15925ms
  Thread Stats   Avg      Stdev     Max   +/- Stdev
    Latency    17.56s     5.21s   28.20s    57.97%
    Req/Sec   251.06     23.17   291.00     75.00%
  Latency Distribution (HdrHistogram - Recorded Latency)
 50.000%   17.65s 
 75.000%   22.04s 
 90.000%   24.61s 
 99.000%   27.26s 
 99.900%   27.98s 
 99.990%   28.18s 
 99.999%   28.21s 
100.000%   28.21s 

  Detailed Percentile spectrum:
       Value   Percentile   TotalCount 1/(1-Percentile)

    8175.615     0.000000            1         1.00
   10444.799     0.100000         8016         1.11
   12132.351     0.200000        16006         1.25
   13893.631     0.300000        23965         1.43
   15679.487     0.400000        31938         1.67
   17645.567     0.500000        39963         2.00
   18481.151     0.550000        43932         2.22
   19382.271     0.600000        47916         2.50
   20234.239     0.650000        51959         2.86
   21217.279     0.700000        56001         3.33
   22036.479     0.750000        59930         4.00
   22429.695     0.775000        61909         4.44
   22904.831     0.800000        63925         5.00
   23379.967     0.825000        65888         5.71
   23740.415     0.850000        67867         6.67
   24133.631     0.875000        69912         8.00
   24363.007     0.887500        70904         8.89
   24608.767     0.900000        71871        10.00
   24870.911     0.912500        72856        11.43
   25133.055     0.925000        73865        13.33
   25395.199     0.937500        74864        16.00
   25542.655     0.943750        75387        17.78
   25673.727     0.950000        75859        20.00
   25853.951     0.956250        76381        22.86
   26034.175     0.962500        76872        26.67
   26230.783     0.968750        77376        32.00
   26329.087     0.971875        77610        35.56
   26476.543     0.975000        77876        40.00
   26623.999     0.978125        78096        45.71
   26787.839     0.981250        78354        53.33
   26968.063     0.984375        78600        64.00
   27049.983     0.985938        78725        71.11
   27131.903     0.987500        78852        80.00
   27213.823     0.989062        78986        91.43
   27295.743     0.990625        79107       106.67
   27394.047     0.992188        79229       128.00
   27443.199     0.992969        79286       142.22
   27492.351     0.993750        79347       160.00
   27557.887     0.994531        79418       182.86
   27623.423     0.995313        79487       213.33
   27672.575     0.996094        79530       256.00
   27705.343     0.996484        79565       284.44
   27738.111     0.996875        79593       320.00
   27770.879     0.997266        79624       365.71
   27820.031     0.997656        79658       426.67
   27869.183     0.998047        79686       512.00
   27885.567     0.998242        79701       568.89
   27918.335     0.998437        79724       640.00
   27951.103     0.998633        79734       731.43
   27983.871     0.998828        79759       853.33
   28000.255     0.999023        79775      1024.00
   28000.255     0.999121        79775      1137.78
   28016.639     0.999219        79791      1280.00
   28016.639     0.999316        79791      1462.86
   28033.023     0.999414        79794      1706.67
   28049.407     0.999512        79803      2048.00
   28065.791     0.999561        79804      2275.56
   28082.175     0.999609        79810      2560.00
   28098.559     0.999658        79820      2925.71
   28098.559     0.999707        79820      3413.33
   28098.559     0.999756        79820      4096.00
   28114.943     0.999780        79825      4551.11
   28114.943     0.999805        79825      5120.00
   28131.327     0.999829        79826      5851.43
   28147.711     0.999854        79828      6826.67
   28180.479     0.999878        79832      8192.00
   28180.479     0.999890        79832      9102.22
   28180.479     0.999902        79832     10240.00
   28196.863     0.999915        79837     11702.86
   28196.863     0.999927        79837     13653.33
   28196.863     0.999939        79837     16384.00
   28196.863     0.999945        79837     18204.44
   28196.863     0.999951        79837     20480.00
   28196.863     0.999957        79837     23405.71
   28196.863     0.999963        79837     27306.67
   28196.863     0.999969        79837     32768.00
   28196.863     0.999973        79837     36408.89
   28213.247     0.999976        79839     40960.00
   28213.247     1.000000        79839          inf
#[Mean    =    17564.819, StdDeviation   =     5205.952]
#[Max     =    28196.864, Total count    =        79839]
#[Buckets =           27, SubBuckets     =         2048]
----------------------------------------------------------
  121364 requests in 30.01s, 1.61GB read
Requests/sec:   4044.48
Transfer/sec:     54.83MB
WRKX_RESULT {"durationUs":30007310,"requests":121364,"responses":121364,"errors":0,"bytes":1725191350,"latencyAvgUs":17564818.843,"latencyP95Us":25673727.000,"latencyP99Us":27262975.000}
