Running 30s test @ http://localhost:9991/postgres/orders
  16 threads and 256 connections
  Thread calibration: mean lat.: 4021.608ms, rate sampling interval: 15319ms
  Thread calibration: mean lat.: 4022.350ms, rate sampling interval: 15400ms
  Thread calibration: mean lat.: 3934.372ms, rate sampling interval: 15007ms
  Thread calibration: mean lat.: 3945.432ms, rate sampling interval: 15007ms
  Thread calibration: mean lat.: 3835.403ms, rate sampling interval: 14696ms
  Thread calibration: mean lat.: 4147.216ms, rate sampling interval: 15917ms
  Thread calibration: mean lat.: 3909.138ms, rate sampling interval: 14966ms
  Thread calibration: mean lat.: 3941.281ms, rate sampling interval: 14983ms
  Thread calibration: mean lat.: 3902.006ms, rate sampling interval: 14966ms
  Thread calibration: mean lat.: 4042.541ms, rate sampling interval: 15425ms
  Thread calibration: mean lat.: 3942.058ms, rate sampling interval: 14966ms
  Thread calibration: mean lat.: 3971.656ms, rate sampling interval: 15056ms
  Thread calibration: mean lat.: 4097.412ms, rate sampling interval: 15671ms
  Thread calibration: mean lat.: 3967.364ms, rate sampling interval: 15163ms
  Thread calibration: mean lat.: 3983.883ms, rate sampling interval: 15228ms
  Thread calibration: mean lat.: 3961.503ms, rate sampling interval: 15163ms
  Thread Stats   Avg      Stdev     Max   +/- Stdev
    Latency    16.72s     5.07s   28.10s    59.66%
    Req/Sec   241.50     41.05   336.00     62.50%
  Latency Distribution (HdrHistogram - Recorded Latency)
 50.000%   16.52s 
 75.000%   20.84s 
 90.000%   23.87s 
 99.000%   26.67s 
 99.900%   27.71s 
 99.990%   28.07s 
 99.999%   28.10s 
100.000%   28.11s 

  Detailed Percentile spectrum:
       Value   Percentile   TotalCount 1/(1-Percentile)

    7634.943     0.000000            1         1.00
   10059.775     0.100000         7858         1.11
   11542.527     0.200000        15666         1.25
   12992.511     0.300000        23499         1.43
   14680.063     0.400000        31318         1.67
   16523.263     0.500000        39115         2.00
   17498.111     0.550000        43086         2.22
   18399.231     0.600000        46962         2.50
   19251.199     0.650000        50911         2.86
   20004.863     0.700000        54771         3.33
   20840.447     0.750000        58687         4.00
   21299.199     0.775000        60678         4.44
   21741.567     0.800000        62611         5.00
   22200.319     0.825000        64552         5.71
   22724.607     0.850000        66542         6.67
   23281.663     0.875000        68469         8.00
   23592.959     0.887500        69476         8.89
   23871.487     0.900000        70409        10.00
   24182.783     0.912500        71406        11.43
   24494.079     0.925000        72405        13.33
   24756.223     0.937500        73374        16.00
   24920.063     0.943750        73863        17.78
   25083.903     0.950000        74351        20.00
   25247.743     0.956250        74828        22.86
   25427.967     0.962500        75298        26.67
   25657.343     0.968750        75806        32.00
   25772.031     0.971875        76038        35.56
   25886.719     0.975000        76286        40.00
   26017.791     0.978125        76528        45.71
   26165.247     0.981250        76797        53.33
   26312.703     0.984375        77011        64.00
   26411.007     0.985938        77139        71.11
   26509.311     0.987500        77258        80.00
   26623.999     0.989062        77393        91.43
   26722.303     0.990625        77506       106.67
   26820.607     0.992188        77625       128.00
   26886.143     0.992969        77701       142.22
   26935.295     0.993750        77744       160.00
   27000.831     0.994531        77810       182.86
   27082.751     0.995313        77876       213.33
   27164.671     0.996094        77927       256.00
   27197.439     0.996484        77961       284.44
   27262.975     0.996875        77990       320.00
   27328.511     0.997266        78021       365.71
   27394.047     0.997656        78047       426.67
   27475.967     0.998047        78082       512.00
   27525.119     0.998242        78097       568.89
   27557.887     0.998437        78108       640.00
   27590.655     0.998633        78124       731.43
   27656.191     0.998828        78139       853.33
   27705.343     0.999023        78156      1024.00
   27754.495     0.999121        78163      1137.78
   27770.879     0.999219        78169      1280.00
   27803.647     0.999316        78182      1462.86
   27820.031     0.999414        78185      1706.67
   27885.567     0.999512        78194      2048.00
   27901.951     0.999561        78200      2275.56
   27901.951     0.999609        78200      2560.00
   27934.719     0.999658        78207      2925.71
   27951.103     0.999707        78208      3413.33
   27967.487     0.999756        78211      4096.00
   28000.255     0.999780        78215      4551.11
   28000.255     0.999805        78215      5120.00
   28033.023     0.999829        78217      5851.43
   28049.407     0.999854        78220      6826.67
   28065.791     0.999878        78224      8192.00
   28065.791     0.999890        78224      9102.22
   28065.791     0.999902        78224     10240.00
   28065.791     0.999915        78224     11702.86
   28082.175     0.999927        78228     13653.33
   28082.175     0.999939        78228     16384.00
   28082.175     0.999945        78228     18204.44
   28082.175     0.999951        78228     20480.00
   28082.175     0.999957        78228     23405.71
   28082.175     0.999963        78228     27306.67
   28082.175     0.999969        78228     32768.00
   28082.175     0.999973        78228     36408.89
   28098.559     0.999976        78229     40960.00
   28098.559     0.999979        78229     46811.43
   28098.559     0.999982        78229     54613.33
   28098.559     0.999985        78229     65536.00
   28098.559     0.999986        78229     72817.78
   28114.943     0.999988        78230     81920.00
   28114.943     1.000000        78230          inf
#[Mean    =    16722.032, StdDeviation   =     5072.504]
#[Max     =    28098.560, Total count    =        78230]
#[Buckets =           27, SubBuckets     =         2048]
----------------------------------------------------------
  117782 requests in 30.01s, 1.56GB read
  Socket errors: connect 0, read 3, write 0, timeout 0
Requests/sec:   3924.16
Transfer/sec:     53.20MB
WRKX_RESULT {"durationUs":30014598,"requests":117782,"responses":117782,"errors":3,"bytes":1674274075,"latencyAvgUs":16722032.099,"latencyP95Us":25083903.000,"latencyP99Us":26673151.000}
