Running 30s test @ http://localhost:9991/postgres/orders
  16 threads and 256 connections
  Thread calibration: mean lat.: 4605.807ms, rate sampling interval: 17203ms
  Thread calibration: mean lat.: 4658.896ms, rate sampling interval: 17203ms
  Thread calibration: mean lat.: 4492.540ms, rate sampling interval: 16842ms
  Thread calibration: mean lat.: 4344.058ms, rate sampling interval: 16826ms
  Thread calibration: mean lat.: 4473.932ms, rate sampling interval: 16826ms
  Thread calibration: mean lat.: 4540.184ms, rate sampling interval: 17121ms
  Thread calibration: mean lat.: 4435.284ms, rate sampling interval: 16973ms
  Thread calibration: mean lat.: 4944.009ms, rate sampling interval: 18300ms
  Thread calibration: mean lat.: 4601.933ms, rate sampling interval: 17350ms
  Thread calibration: mean lat.: 4591.794ms, rate sampling interval: 16875ms
  Thread calibration: mean lat.: 4574.574ms, rate sampling interval: 16924ms
  Thread calibration: mean lat.: 4176.571ms, rate sampling interval: 15261ms
  Thread calibration: mean lat.: 4790.550ms, rate sampling interval: 17416ms
  Thread calibration: mean lat.: 4395.687ms, rate sampling interval: 16809ms
  Thread calibration: mean lat.: 4499.998ms, rate sampling interval: 17022ms
  Thread calibration: mean lat.: 4426.103ms, rate sampling interval: 16826ms
  Thread Stats   Avg      Stdev     Max   +/- Stdev
    Latency    19.11s     5.44s   29.33s    58.30%
    Req/Sec   241.62     71.27   464.00     87.50%
  Latency Distribution (HdrHistogram - Recorded Latency)
 50.000%   19.09s 
 75.000%   23.79s 
 90.000%   26.54s 
 99.000%   28.69s 
 99.900%   29.13s 
 99.990%   29.31s 
 99.999%   29.34s 
100.000%   29.34s 

  Detailed Percentile spectrum:
       Value   Percentile   TotalCount 1/(1-Percentile)

    8527.871     0.000000            1         1.00
   11542.527     0.100000         7823         1.11
   13484.031     0.200000        15618         1.25
   15450.111     0.300000        23450         1.43
   17367.039     0.400000        31249         1.67
   19087.359     0.500000        39092         2.00
   20004.863     0.550000        42947         2.22
   20987.903     0.600000        46898         2.50
   22003.711     0.650000        50750         2.86
   22904.831     0.700000        54695         3.33
   23789.567     0.750000        58600         4.00
   24231.935     0.775000        60497         4.44
   24690.687     0.800000        62465         5.00
   25165.823     0.825000        64442         5.71
   25624.575     0.850000        66391         6.67
   26066.943     0.875000        68307         8.00
   26312.703     0.887500        69316         8.89
   26542.079     0.900000        70255        10.00
   26787.839     0.912500        71263        11.43
   27033.599     0.925000        72240        13.33
   27295.743     0.937500        73216        16.00
   27443.199     0.943750        73717        17.78
   27574.271     0.950000        74158        20.00
   27721.727     0.956250        74680        22.86
   27869.183     0.962500        75155        26.67
   28033.023     0.968750        75647        32.00
   28114.943     0.971875        75887        35.56
   28196.863     0.975000        76123        40.00
   28278.783     0.978125        76349        45.71
   28393.471     0.981250        76620        53.33
   28491.775     0.984375        76853        64.00
   28540.927     0.985938        76960        71.11
   28606.463     0.987500        77100        80.00
   28655.615     0.989062        77202        91.43
   28721.151     0.990625        77355       106.67
   28770.303     0.992188        77456       128.00
   28803.071     0.992969        77522       142.22
   28835.839     0.993750        77583       160.00
   28868.607     0.994531        77633       182.86
   28901.375     0.995313        77703       213.33
   28950.527     0.996094        77769       256.00
   28966.911     0.996484        77797       284.44
   28983.295     0.996875        77819       320.00
   29016.063     0.997266        77862       365.71
   29032.447     0.997656        77878       426.67
   29065.215     0.998047        77915       512.00
   29065.215     0.998242        77915       568.89
   29081.599     0.998437        77935       640.00
   29097.983     0.998633        77949       731.43
   29114.367     0.998828        77967       853.33
   29130.751     0.999023        77979      1024.00
   29147.135     0.999121        77988      1137.78
   29163.519     0.999219        78001      1280.00
   29163.519     0.999316        78001      1462.86
   29179.903     0.999414        78008      1706.67
   29212.671     0.999512        78019      2048.00
   29212.671     0.999561        78019      2275.56
   29229.055     0.999609        78026      2560.00
   29229.055     0.999658        78026      2925.71
   29245.439     0.999707        78031      3413.33
   29261.823     0.999756        78034      4096.00
   29278.207     0.999780        78035      4551.11
   29294.591     0.999805        78040      5120.00
   29294.591     0.999829        78040      5851.43
   29310.975     0.999854        78046      6826.67
   29310.975     0.999878        78046      8192.00
   29310.975     0.999890        78046      9102.22
   29310.975     0.999902        78046     10240.00
   29310.975     0.999915        78046     11702.86
   29327.359     0.999927        78050     13653.33
   29327.359     0.999939        78050     16384.00
   29327.359     0.999945        78050     18204.44
   29327.359     0.999951        78050     20480.00
   29327.359     0.999957        78050     23405.71
   29327.359     0.999963        78050     27306.67
   29327.359     0.999969        78050     32768.00
   29327.359     0.999973        78050     36408.89
   29343.743     0.999976        78052     40960.00
   29343.743     1.000000        78052          inf
#[Mean    =    19113.900, StdDeviation   =     5441.165]
#[Max     =    29327.360, Total count    =        78052]
#[Buckets =           27, SubBuckets     =         2048]
----------------------------------------------------------
  118041 requests in 30.01s, 1.56GB read
  Socket errors: connect 0, read 4, write 0, timeout 0
Requests/sec:   3933.53
Transfer/sec:     53.32MB
WRKX_RESULT {"durationUs":30008942,"requests":118041,"responses":118041,"errors":4,"bytes":1677956387,"latencyAvgUs":19113900.455,"latencyP95Us":27574271.000,"latencyP99Us":28688383.000}
