Running 30s test @ http://localhost:9991/
  16 threads and 256 connections
  Thread calibration: mean lat.: 3902.128ms, rate sampling interval: 14262ms
  Thread calibration: mean lat.: 3901.862ms, rate sampling interval: 14262ms
  Thread calibration: mean lat.: 3900.180ms, rate sampling interval: 14262ms
  Thread calibration: mean lat.: 3900.147ms, rate sampling interval: 14262ms
  Thread calibration: mean lat.: 3901.521ms, rate sampling interval: 14270ms
  Thread calibration: mean lat.: 3902.350ms, rate sampling interval: 14262ms
  Thread calibration: mean lat.: 3905.764ms, rate sampling interval: 14278ms
  Thread calibration: mean lat.: 3903.207ms, rate sampling interval: 14270ms
  Thread calibration: mean lat.: 3907.758ms, rate sampling interval: 14270ms
  Thread calibration: mean lat.: 3898.255ms, rate sampling interval: 14262ms
  Thread calibration: mean lat.: 3902.693ms, rate sampling interval: 14270ms
  Thread calibration: mean lat.: 3905.879ms, rate sampling interval: 14286ms
  Thread calibration: mean lat.: 3900.805ms, rate sampling interval: 14262ms
  Thread calibration: mean lat.: 3906.935ms, rate sampling interval: 14262ms
  Thread calibration: mean lat.: 3912.931ms, rate sampling interval: 14278ms
  Thread calibration: mean lat.: 3902.595ms, rate sampling interval: 14270ms
  Thread Stats   Avg      Stdev     Max   +/- Stdev
    Latency    16.00s     4.63s   23.90s    57.47%
    Req/Sec   494.81      0.39   495.00    100.00%
  Latency Distribution (HdrHistogram - Recorded Latency)
 50.000%   16.05s 
 75.000%   20.07s 
 90.000%   22.35s 
 99.000%   23.76s 
 99.900%   23.89s 
 99.990%   23.90s 
 99.999%   23.92s 
100.000%   23.92s 

  Detailed Percentile spectrum:
       Value   Percentile   TotalCount 1/(1-Percentile)

    7929.855     0.000000            1         1.00
    9551.871     0.100000        16057         1.11
   11157.503     0.200000        32013         1.25
   12763.135     0.300000        47993         1.43
   14401.535     0.400000        63939         1.67
   16048.127     0.500000        79923         2.00
   16891.903     0.550000        87987         2.22
   17711.103     0.600000        95937         2.50
   18513.919     0.650000       103882         2.86
   19283.967     0.700000       111912         3.33
   20070.399     0.750000       120000         4.00
   20447.231     0.775000       123910         4.44
   20824.063     0.800000       127875         5.00
   21184.511     0.825000       131898         5.71
   21544.959     0.850000       135835         6.67
   21954.559     0.875000       139958         8.00
   22151.167     0.887500       141975         8.89
   22347.775     0.900000       143992        10.00
   22544.383     0.912500       145928        11.43
   22740.991     0.925000       147862        13.33
   22953.983     0.937500       149901        16.00
   23052.287     0.943750       150893        17.78
   23150.591     0.950000       151879        20.00
   23248.895     0.956250       152895        22.86
   23330.815     0.962500       153812        26.67
   23429.119     0.968750       154818        32.00
   23478.271     0.971875       155325        35.56
   23527.423     0.975000       155831        40.00
   23576.575     0.978125       156352        45.71
   23625.727     0.981250       156895        53.33
   23674.879     0.984375       157438        64.00
   23691.263     0.985938       157629        71.11
   23707.647     0.987500       157806        80.00
   23740.415     0.989062       158172        91.43
   23756.799     0.990625       158358       106.67
   23789.567     0.992188       158723       128.00
   23789.567     0.992969       158723       142.22
   23805.951     0.993750       158912       160.00
   23822.335     0.994531       159104       182.86
   23822.335     0.995313       159104       213.33
   23838.719     0.996094       159278       256.00
   23838.719     0.996484       159278       284.44
   23855.103     0.996875       159462       320.00
   23855.103     0.997266       159462       365.71
   23855.103     0.997656       159462       426.67
   23871.487     0.998047       159623       512.00
   23871.487     0.998242       159623       568.89
   23871.487     0.998437       159623       640.00
   23871.487     0.998633       159623       731.43
   23871.487     0.998828       159623       853.33
   23887.871     0.999023       159733      1024.00
   23887.871     0.999121       159733      1137.78
   23887.871     0.999219       159733      1280.00
   23887.871     0.999316       159733      1462.86
   23887.871     0.999414       159733      1706.67
   23887.871     0.999512       159733      2048.00
   23887.871     0.999561       159733      2275.56
   23904.255     0.999609       159788      2560.00
   23904.255     0.999658       159788      2925.71
   23904.255     0.999707       159788      3413.33
   23904.255     0.999756       159788      4096.00
   23904.255     0.999780       159788      4551.11
   23904.255     0.999805       159788      5120.00
   23904.255     0.999829       159788      5851.43
   23904.255     0.999854       159788      6826.67
   23904.255     0.999878       159788      8192.00
   23904.255     0.999890       159788      9102.22
   23904.255     0.999902       159788     10240.00
   23904.255     0.999915       159788     11702.86
   23920.639     0.999927       159801     13653.33
   23920.639     1.000000       159801          inf
#[Mean    =    15999.912, StdDeviation   =     4631.851]
#[Max     =    23904.256, Total count    =       159801]
#[Buckets =           27, SubBuckets     =         2048]
----------------------------------------------------------
  243260 requests in 30.00s, 48.49MB read
Requests/sec:   8107.67
Transfer/sec:      1.62MB
WRKX_RESULT {"durationUs":30003671,"requests":243260,"responses":243260,"errors":0,"bytes":50841484,"latencyAvgUs":15999911.705,"latencyP95Us":23150591.000,"latencyP99Us":23756799.000}
