Running 30s test @ http://localhost:9991/
  16 threads and 256 connections
  Thread calibration: mean lat.: 4638.219ms, rate sampling interval: 17039ms
  Thread calibration: mean lat.: 4639.405ms, rate sampling interval: 17039ms
  Thread calibration: mean lat.: 4640.365ms, rate sampling interval: 17039ms
  Thread calibration: mean lat.: 4642.219ms, rate sampling interval: 17055ms
  Thread calibration: mean lat.: 4636.909ms, rate sampling interval: 17039ms
  Thread calibration: mean lat.: 4637.551ms, rate sampling interval: 17039ms
  Thread calibration: mean lat.: 4635.975ms, rate sampling interval: 17039ms
  Thread calibration: mean lat.: 4639.933ms, rate sampling interval: 17039ms
  Thread calibration: mean lat.: 4635.790ms, rate sampling interval: 17039ms
  Thread calibration: mean lat.: 4642.328ms, rate sampling interval: 17055ms
  Thread calibration: mean lat.: 4636.014ms, rate sampling interval: 17039ms
  Thread calibration: mean lat.: 4639.507ms, rate sampling interval: 17055ms
  Thread calibration: mean lat.: 4640.938ms, rate sampling interval: 17039ms
  Thread calibration: mean lat.: 4641.613ms, rate sampling interval: 17039ms
  Thread calibration: mean lat.: 4647.138ms, rate sampling interval: 17039ms
  Thread calibration: mean lat.: 4643.493ms, rate sampling interval: 17039ms
  Thread Stats   Avg      Stdev     Max   +/- Stdev
    Latency    18.91s     5.42s   28.34s    57.58%
    Req/Sec   519.06      0.24   520.00    100.00%
  Latency Distribution (HdrHistogram - Recorded Latency)
 50.000%   18.99s 
 75.000%   23.64s 
 90.000%   26.33s 
 99.000%   28.13s 
 99.900%   28.31s 
 99.990%   28.34s 
 99.999%   28.36s 
100.000%   28.36s 

  Detailed Percentile spectrum:
       Value   Percentile   TotalCount 1/(1-Percentile)

    9469.951     0.000000            4         1.00
   11362.303     0.100000        16525         1.11
   13262.847     0.200000        32984         1.25
   15130.623     0.300000        49405         1.43
   17072.127     0.400000        65890         1.67
   18989.055     0.500000        82340         2.00
   19922.943     0.550000        90680         2.22
   20856.831     0.600000        98906         2.50
   21790.719     0.650000       107033         2.86
   22708.223     0.700000       115270         3.33
   23642.111     0.750000       123581         4.00
   24084.479     0.775000       127735         4.44
   24543.231     0.800000       131830         5.00
   24969.215     0.825000       135849         5.71
   25411.583     0.850000       139972         6.67
   25870.335     0.875000       144172         8.00
   26099.711     0.887500       146216         8.89
   26329.087     0.900000       148240        10.00
   26574.847     0.912500       150349        11.43
   26804.223     0.925000       152332        13.33
   27049.983     0.937500       154411        16.00
   27181.055     0.943750       155448        17.78
   27312.127     0.950000       156484        20.00
   27443.199     0.956250       157495        22.86
   27574.271     0.962500       158567        26.67
   27688.959     0.968750       159512        32.00
   27770.879     0.971875       160139        35.56
   27836.415     0.975000       160657        40.00
   27901.951     0.978125       161184        45.71
   27951.103     0.981250       161585        53.33
   28016.639     0.984375       162120        64.00
   28049.407     0.985938       162390        71.11
   28082.175     0.987500       162672        80.00
   28114.943     0.989062       162950        91.43
   28147.711     0.990625       163210       106.67
   28180.479     0.992188       163489       128.00
   28196.863     0.992969       163624       142.22
   28213.247     0.993750       163774       160.00
   28213.247     0.994531       163774       182.86
   28229.631     0.995313       163908       213.33
   28246.015     0.996094       164054       256.00
   28262.399     0.996484       164190       284.44
   28262.399     0.996875       164190       320.00
   28278.783     0.997266       164340       365.71
   28278.783     0.997656       164340       426.67
   28278.783     0.998047       164340       512.00
   28295.167     0.998242       164462       568.89
   28295.167     0.998437       164462       640.00
   28295.167     0.998633       164462       731.43
   28311.551     0.998828       164559       853.33
   28311.551     0.999023       164559      1024.00
   28311.551     0.999121       164559      1137.78
   28311.551     0.999219       164559      1280.00
   28311.551     0.999316       164559      1462.86
   28311.551     0.999414       164559      1706.67
   28327.935     0.999512       164622      2048.00
   28327.935     0.999561       164622      2275.56
   28327.935     0.999609       164622      2560.00
   28327.935     0.999658       164622      2925.71
   28327.935     0.999707       164622      3413.33
   28327.935     0.999756       164622      4096.00
   28327.935     0.999780       164622      4551.11
   28344.319     0.999805       164651      5120.00
   28344.319     0.999829       164651      5851.43
   28344.319     0.999854       164651      6826.67
   28344.319     0.999878       164651      8192.00
   28344.319     0.999890       164651      9102.22
   28344.319     0.999902       164651     10240.00
   28344.319     0.999915       164651     11702.86
   28344.319     0.999927       164651     13653.33
   28344.319     0.999939       164651     16384.00
   28344.319     0.999945       164651     18204.44
   28344.319     0.999951       164651     20480.00
   28344.319     0.999957       164651     23405.71
   28344.319     0.999963       164651     27306.67
   28344.319     0.999969       164651     32768.00
   28344.319     0.999973       164651     36408.89
   28344.319     0.999976       164651     40960.00
   28360.703     0.999979       164655     46811.43
   28360.703     1.000000       164655          inf
#[Mean    =    18910.831, StdDeviation   =     5416.484]
#[Max     =    28344.320, Total count    =       164655]
#[Buckets =           27, SubBuckets     =         2048]
----------------------------------------------------------
  246377 requests in 30.00s, 49.11MB read
Requests/sec:   8212.08
Transfer/sec:      1.64MB
WRKX_RESULT {"durationUs":30001782,"requests":246377,"responses":246377,"errors":0,"bytes":51492793,"latencyAvgUs":18910831.467,"latencyP95Us":27312127.000,"latencyP99Us":28131327.000}
