Running 30s test @ http://localhost:9991/
  16 threads and 256 connections
  Thread calibration: mean lat.: 3511.157ms, rate sampling interval: 13361ms
  Thread calibration: mean lat.: 3505.541ms, rate sampling interval: 13361ms
  Thread calibration: mean lat.: 3507.125ms, rate sampling interval: 13369ms
  Thread calibration: mean lat.: 3507.156ms, rate sampling interval: 13352ms
  Thread calibration: mean lat.: 3507.878ms, rate sampling interval: 13361ms
  Thread calibration: mean lat.: 3511.938ms, rate sampling interval: 13377ms
  Thread calibration: mean lat.: 3508.914ms, rate sampling interval: 13344ms
  Thread calibration: mean lat.: 3512.105ms, rate sampling interval: 13369ms
  Thread calibration: mean lat.: 3511.905ms, rate sampling interval: 13377ms
  Thread calibration: mean lat.: 3508.891ms, rate sampling interval: 13369ms
  Thread calibration: mean lat.: 3510.455ms, rate sampling interval: 13361ms
  Thread calibration: mean lat.: 3513.052ms, rate sampling interval: 13377ms
  Thread calibration: mean lat.: 3515.282ms, rate sampling interval: 13385ms
  Thread calibration: mean lat.: 3510.786ms, rate sampling interval: 13369ms
  Thread calibration: mean lat.: 3300.648ms, rate sampling interval: 12287ms
  Thread calibration: mean lat.: 3295.166ms, rate sampling interval: 12279ms
  Thread Stats   Avg      Stdev     Max   +/- Stdev
    Latency    15.01s     4.20s   22.20s    58.59%
    Req/Sec   480.69      0.85   482.00     93.75%
  Latency Distribution (HdrHistogram - Recorded Latency)
 50.000%   15.14s 
 75.000%   18.66s 
 90.000%   20.74s 
 99.000%   22.02s 
 99.900%   22.15s 
 99.990%   22.18s 
 99.999%   22.20s 
100.000%   22.22s 

  Detailed Percentile spectrum:
       Value   Percentile   TotalCount 1/(1-Percentile)

    6815.743     0.000000            1         1.00
    9125.887     0.100000        15762         1.11
   10715.135     0.200000        31523         1.25
   12165.119     0.300000        47199         1.43
   13623.295     0.400000        62913         1.67
   15138.815     0.500000        78697         2.00
   15859.711     0.550000        86536         2.22
   16572.415     0.600000        94363         2.50
   17285.119     0.650000       102317         2.86
   17973.247     0.700000       110171         3.33
   18661.375     0.750000       118075         4.00
   18989.055     0.775000       122002         4.44
   19333.119     0.800000       125861         5.00
   19709.951     0.825000       129905         5.71
   20054.015     0.850000       133816         6.67
   20398.079     0.875000       137625         8.00
   20578.303     0.887500       139696         8.89
   20742.143     0.900000       141665        10.00
   20905.983     0.912500       143575        11.43
   21086.207     0.925000       145615        13.33
   21250.047     0.937500       147470        16.00
   21331.967     0.943750       148493        17.78
   21413.887     0.950000       149504        20.00
   21495.807     0.956250       150482        22.86
   21594.111     0.962500       151522        26.67
   21676.031     0.968750       152370        32.00
   21725.183     0.971875       152873        35.56
   21774.335     0.975000       153372        40.00
   21823.487     0.978125       153867        45.71
   21872.639     0.981250       154339        53.33
   21921.791     0.984375       154819        64.00
   21954.559     0.985938       155147        71.11
   21970.943     0.987500       155309        80.00
   22003.711     0.989062       155641        91.43
   22020.095     0.990625       155811       106.67
   22052.863     0.992188       156133       128.00
   22069.247     0.992969       156299       142.22
   22069.247     0.993750       156299       160.00
   22085.631     0.994531       156471       182.86
   22102.015     0.995313       156640       213.33
   22118.399     0.996094       156800       256.00
   22118.399     0.996484       156800       284.44
   22118.399     0.996875       156800       320.00
   22134.783     0.997266       156967       365.71
   22134.783     0.997656       156967       426.67
   22134.783     0.998047       156967       512.00
   22151.167     0.998242       157106       568.89
   22151.167     0.998437       157106       640.00
   22151.167     0.998633       157106       731.43
   22151.167     0.998828       157106       853.33
   22167.551     0.999023       157202      1024.00
   22167.551     0.999121       157202      1137.78
   22167.551     0.999219       157202      1280.00
   22167.551     0.999316       157202      1462.86
   22167.551     0.999414       157202      1706.67
   22167.551     0.999512       157202      2048.00
   22167.551     0.999561       157202      2275.56
   22167.551     0.999609       157202      2560.00
   22183.935     0.999658       157255      2925.71
   22183.935     0.999707       157255      3413.33
   22183.935     0.999756       157255      4096.00
   22183.935     0.999780       157255      4551.11
   22183.935     0.999805       157255      5120.00
   22183.935     0.999829       157255      5851.43
   22183.935     0.999854       157255      6826.67
   22183.935     0.999878       157255      8192.00
   22183.935     0.999890       157255      9102.22
   22183.935     0.999902       157255     10240.00
   22183.935     0.999915       157255     11702.86
   22183.935     0.999927       157255     13653.33
   22183.935     0.999939       157255     16384.00
   22183.935     0.999945       157255     18204.44
   22183.935     0.999951       157255     20480.00
   22200.319     0.999957       157260     23405.71
   22200.319     0.999963       157260     27306.67
   22200.319     0.999969       157260     32768.00
   22200.319     0.999973       157260     36408.89
   22200.319     0.999976       157260     40960.00
   22200.319     0.999979       157260     46811.43
   22200.319     0.999982       157260     54613.33
   22200.319     0.999985       157260     65536.00
   22200.319     0.999986       157260     72817.78
   22216.703     0.999988       157262     81920.00
   22216.703     1.000000       157262          inf
#[Mean    =    15011.455, StdDeviation   =     4202.359]
#[Max     =    22200.320, Total count    =       157262]
#[Buckets =           27, SubBuckets     =         2048]
----------------------------------------------------------
  232968 requests in 30.00s, 46.43MB read
Requests/sec:   7764.72
Transfer/sec:      1.55MB
WRKX_RESULT {"durationUs":30003410,"requests":232968,"responses":232968,"errors":0,"bytes":48690456,"latencyAvgUs":15011454.680,"latencyP95Us":21413887.000,"latencyP99Us":22020095.000}
