Running 30s test @ http://localhost:9991/
  16 threads and 256 connections
  Thread calibration: mean lat.: 2962.988ms, rate sampling interval: 11149ms
  Thread calibration: mean lat.: 2959.327ms, rate sampling interval: 11141ms
  Thread calibration: mean lat.: 2961.088ms, rate sampling interval: 11141ms
  Thread calibration: mean lat.: 2963.750ms, rate sampling interval: 11157ms
  Thread calibration: mean lat.: 2960.755ms, rate sampling interval: 11132ms
  Thread calibration: mean lat.: 2961.841ms, rate sampling interval: 11141ms
  Thread calibration: mean lat.: 2759.147ms, rate sampling interval: 10223ms
  Thread calibration: mean lat.: 2958.537ms, rate sampling interval: 11132ms
  Thread calibration: mean lat.: 2961.686ms, rate sampling interval: 11149ms
  Thread calibration: mean lat.: 2964.686ms, rate sampling interval: 11157ms
  Thread calibration: mean lat.: 2956.655ms, rate sampling interval: 11132ms
  Thread calibration: mean lat.: 2964.041ms, rate sampling interval: 11149ms
  Thread calibration: mean lat.: 2965.556ms, rate sampling interval: 11157ms
  Thread calibration: mean lat.: 2966.025ms, rate sampling interval: 11149ms
  Thread calibration: mean lat.: 2968.482ms, rate sampling interval: 11157ms
  Thread calibration: mean lat.: 2959.423ms, rate sampling interval: 11149ms
  Thread Stats   Avg      Stdev     Max   +/- Stdev
    Latency    12.49s     3.45s   18.45s    58.95%
    Req/Sec   475.19      0.39   476.00    100.00%
  Latency Distribution (HdrHistogram - Recorded Latency)
 50.000%   12.60s 
 75.000%   15.46s 
 90.000%   17.19s 
 99.000%   18.27s 
 99.900%   18.40s 
 99.990%   18.45s 
 99.999%   18.46s 
100.000%   18.46s 

  Detailed Percentile spectrum:
       Value   Percentile   TotalCount 1/(1-Percentile)

    5718.015     0.000000            1         1.00
    7593.983     0.100000        15599         1.11
    8953.855     0.200000        31209         1.25
   10231.807     0.300000        46873         1.43
   11403.263     0.400000        62371         1.67
   12599.295     0.500000        77974         2.00
   13205.503     0.550000        85734         2.22
   13787.135     0.600000        93623         2.50
   14352.383     0.650000       101384         2.86
   14901.247     0.700000       109167         3.33
   15458.303     0.750000       116937         4.00
   15728.639     0.775000       120892         4.44
   16007.167     0.800000       124762         5.00
   16302.079     0.825000       128687         5.71
   16588.799     0.850000       132542         6.67
   16875.519     0.875000       136388         8.00
   17039.359     0.887500       138524         8.89
   17186.815     0.900000       140412        10.00
   17334.271     0.912500       142327        11.43
   17481.727     0.925000       144330        13.33
   17629.183     0.937500       146254        16.00
   17711.103     0.943750       147316        17.78
   17776.639     0.950000       148212        20.00
   17842.175     0.956250       149062        22.86
   17924.095     0.962500       150092        26.67
   18006.015     0.968750       151119        32.00
   18038.783     0.971875       151539        35.56
   18087.935     0.975000       152171        40.00
   18120.703     0.978125       152569        45.71
   18153.471     0.981250       152952        53.33
   18202.623     0.984375       153568        64.00
   18219.007     0.985938       153772        71.11
   18235.391     0.987500       153974        80.00
   18251.775     0.989062       154175        91.43
   18284.543     0.990625       154573       106.67
   18300.927     0.992188       154778       128.00
   18300.927     0.992969       154778       142.22
   18317.311     0.993750       154970       160.00
   18333.695     0.994531       155159       182.86
   18333.695     0.995313       155159       213.33
   18350.079     0.996094       155337       256.00
   18350.079     0.996484       155337       284.44
   18366.463     0.996875       155494       320.00
   18366.463     0.997266       155494       365.71
   18382.847     0.997656       155637       426.67
   18382.847     0.998047       155637       512.00
   18382.847     0.998242       155637       568.89
   18382.847     0.998437       155637       640.00
   18399.231     0.998633       155734       731.43
   18399.231     0.998828       155734       853.33
   18399.231     0.999023       155734      1024.00
   18415.615     0.999121       155802      1137.78
   18415.615     0.999219       155802      1280.00
   18415.615     0.999316       155802      1462.86
   18415.615     0.999414       155802      1706.67
   18415.615     0.999512       155802      2048.00
   18431.999     0.999561       155847      2275.56
   18431.999     0.999609       155847      2560.00
   18431.999     0.999658       155847      2925.71
   18431.999     0.999707       155847      3413.33
   18431.999     0.999756       155847      4096.00
   18431.999     0.999780       155847      4551.11
   18431.999     0.999805       155847      5120.00
   18431.999     0.999829       155847      5851.43
   18448.383     0.999854       155865      6826.67
   18448.383     0.999878       155865      8192.00
   18448.383     0.999890       155865      9102.22
   18448.383     0.999902       155865     10240.00
   18448.383     0.999915       155865     11702.86
   18448.383     0.999927       155865     13653.33
   18448.383     0.999939       155865     16384.00
   18448.383     0.999945       155865     18204.44
   18448.383     0.999951       155865     20480.00
   18448.383     0.999957       155865     23405.71
   18464.767     0.999963       155871     27306.67
   18464.767     1.000000       155871          inf
#[Mean    =    12493.768, StdDeviation   =     3449.816]
#[Max     =    18448.384, Total count    =       155871]
#[Buckets =           27, SubBuckets     =         2048]
----------------------------------------------------------
  230913 requests in 30.00s, 46.03MB read
Requests/sec:   7696.01
Transfer/sec:      1.53MB
WRKX_RESULT {"durationUs":30004250,"requests":230913,"responses":230913,"errors":0,"bytes":48260817,"latencyAvgUs":12493767.995,"latencyP95Us":17776639.000,"latencyP99Us":18268159.000}
