Running 30s test @ http://localhost:9991/
  16 threads and 256 connections
  Thread calibration: mean lat.: 4065.879ms, rate sampling interval: 15204ms
  Thread calibration: mean lat.: 4062.042ms, rate sampling interval: 15196ms
  Thread calibration: mean lat.: 4067.015ms, rate sampling interval: 15204ms
  Thread calibration: mean lat.: 4069.090ms, rate sampling interval: 15212ms
  Thread calibration: mean lat.: 4063.586ms, rate sampling interval: 15204ms
  Thread calibration: mean lat.: 4066.959ms, rate sampling interval: 15204ms
  Thread calibration: mean lat.: 4065.415ms, rate sampling interval: 15204ms
  Thread calibration: mean lat.: 4065.241ms, rate sampling interval: 15212ms
  Thread calibration: mean lat.: 4064.269ms, rate sampling interval: 15204ms
  Thread calibration: mean lat.: 4065.197ms, rate sampling interval: 15204ms
  Thread calibration: mean lat.: 4064.969ms, rate sampling interval: 15196ms
  Thread calibration: mean lat.: 4068.135ms, rate sampling interval: 15204ms
  Thread calibration: mean lat.: 4067.962ms, rate sampling interval: 15204ms
  Thread calibration: mean lat.: 4065.555ms, rate sampling interval: 15212ms
  Thread calibration: mean lat.: 4066.470ms, rate sampling interval: 15204ms
  Thread calibration: mean lat.: 4067.729ms, rate sampling interval: 15212ms
  Thread Stats   Avg      Stdev     Max   +/- Stdev
    Latency    17.05s     4.77s   25.26s    58.51%
    Req/Sec   493.69      0.46   494.00    100.00%
  Latency Distribution (HdrHistogram - Recorded Latency)
 50.000%   17.20s 
 75.000%   21.15s 
 90.000%   23.53s 
 99.000%   25.08s 
 99.900%   25.23s 
 99.990%   25.26s 
 99.999%   25.26s 
100.000%   25.28s 

  Detailed Percentile spectrum:
       Value   Percentile   TotalCount 1/(1-Percentile)

    8462.335     0.000000            5         1.00
   10321.919     0.100000        15847         1.11
   12124.159     0.200000        31758         1.25
   13819.903     0.300000        47578         1.43
   15507.455     0.400000        63453         1.67
   17203.199     0.500000        79249         2.00
   18022.399     0.550000        87252         2.22
   18841.599     0.600000        95089         2.50
   19628.031     0.650000       103048         2.86
   20398.079     0.700000       111029         3.33
   21151.743     0.750000       118891         4.00
   21528.575     0.775000       122862         4.44
   21921.791     0.800000       126850         5.00
   22315.007     0.825000       130743         5.71
   22691.839     0.850000       134707         6.67
   23117.823     0.875000       138772         8.00
   23314.431     0.887500       140690         8.89
   23527.423     0.900000       142726        10.00
   23756.799     0.912500       144701        11.43
   23986.175     0.925000       146703        13.33
   24199.167     0.937500       148683        16.00
   24297.471     0.943750       149620        17.78
   24395.775     0.950000       150550        20.00
   24510.463     0.956250       151599        22.86
   24625.151     0.962500       152670        26.67
   24723.455     0.968750       153525        32.00
   24788.991     0.971875       154147        35.56
   24838.143     0.975000       154627        40.00
   24887.295     0.978125       155105        45.71
   24936.447     0.981250       155576        53.33
   24985.599     0.984375       156059        64.00
   25018.367     0.985938       156380        71.11
   25034.751     0.987500       156543        80.00
   25067.519     0.989062       156849        91.43
   25083.903     0.990625       157003       106.67
   25116.671     0.992188       157317       128.00
   25133.055     0.992969       157464       142.22
   25149.439     0.993750       157626       160.00
   25149.439     0.994531       157626       182.86
   25165.823     0.995313       157781       213.33
   25182.207     0.996094       157940       256.00
   25182.207     0.996484       157940       284.44
   25198.591     0.996875       158099       320.00
   25198.591     0.997266       158099       365.71
   25198.591     0.997656       158099       426.67
   25214.975     0.998047       158249       512.00
   25214.975     0.998242       158249       568.89
   25214.975     0.998437       158249       640.00
   25214.975     0.998633       158249       731.43
   25231.359     0.998828       158361       853.33
   25231.359     0.999023       158361      1024.00
   25231.359     0.999121       158361      1137.78
   25231.359     0.999219       158361      1280.00
   25231.359     0.999316       158361      1462.86
   25247.743     0.999414       158438      1706.67
   25247.743     0.999512       158438      2048.00
   25247.743     0.999561       158438      2275.56
   25247.743     0.999609       158438      2560.00
   25247.743     0.999658       158438      2925.71
   25247.743     0.999707       158438      3413.33
   25247.743     0.999756       158438      4096.00
   25247.743     0.999780       158438      4551.11
   25247.743     0.999805       158438      5120.00
   25247.743     0.999829       158438      5851.43
   25264.127     0.999854       158460      6826.67
   25264.127     0.999878       158460      8192.00
   25264.127     0.999890       158460      9102.22
   25264.127     0.999902       158460     10240.00
   25264.127     0.999915       158460     11702.86
   25264.127     0.999927       158460     13653.33
   25264.127     0.999939       158460     16384.00
   25264.127     0.999945       158460     18204.44
   25264.127     0.999951       158460     20480.00
   25264.127     0.999957       158460     23405.71
   25264.127     0.999963       158460     27306.67
   25264.127     0.999969       158460     32768.00
   25264.127     0.999973       158460     36408.89
   25264.127     0.999976       158460     40960.00
   25264.127     0.999979       158460     46811.43
   25264.127     0.999982       158460     54613.33
   25264.127     0.999985       158460     65536.00
   25264.127     0.999986       158460     72817.78
   25280.511     0.999988       158462     81920.00
   25280.511     1.000000       158462          inf
#[Mean    =    17047.365, StdDeviation   =     4774.411]
#[Max     =    25264.128, Total count    =       158462]
#[Buckets =           27, SubBuckets     =         2048]
----------------------------------------------------------
  236363 requests in 30.01s, 47.11MB read
Requests/sec:   7877.23
Transfer/sec:      1.57MB
WRKX_RESULT {"durationUs":30005838,"requests":236363,"responses":236363,"errors":0,"bytes":49400011,"latencyAvgUs":17047364.935,"latencyP95Us":24395775.000,"latencyP99Us":25083903.000}
