Running 30s test @ http://localhost:9991/
  16 threads and 256 connections
  Thread calibration: mean lat.: 4457.747ms, rate sampling interval: 16007ms
  Thread calibration: mean lat.: 4454.246ms, rate sampling interval: 16007ms
  Thread calibration: mean lat.: 4455.989ms, rate sampling interval: 16007ms
  Thread calibration: mean lat.: 4454.704ms, rate sampling interval: 15998ms
  Thread calibration: mean lat.: 4453.288ms, rate sampling interval: 15990ms
  Thread calibration: mean lat.: 4455.187ms, rate sampling interval: 16007ms
  Thread calibration: mean lat.: 4452.998ms, rate sampling interval: 15998ms
  Thread calibration: mean lat.: 4458.425ms, rate sampling interval: 16023ms
  Thread calibration: mean lat.: 4459.890ms, rate sampling interval: 16007ms
  Thread calibration: mean lat.: 4456.792ms, rate sampling interval: 15998ms
  Thread calibration: mean lat.: 4456.582ms, rate sampling interval: 16007ms
  Thread calibration: mean lat.: 4457.938ms, rate sampling interval: 16007ms
  Thread calibration: mean lat.: 4458.727ms, rate sampling interval: 16015ms
  Thread calibration: mean lat.: 4459.617ms, rate sampling interval: 16015ms
  Thread calibration: mean lat.: 4457.659ms, rate sampling interval: 16007ms
  Thread calibration: mean lat.: 4463.833ms, rate sampling interval: 15998ms
  Thread Stats   Avg      Stdev     Max   +/- Stdev
    Latency    17.69s     5.13s   26.69s    57.43%
    Req/Sec   515.06      0.24   516.00    100.00%
  Latency Distribution (HdrHistogram - Recorded Latency)
 50.000%   17.65s 
 75.000%   22.13s 
 90.000%   24.85s 
 99.000%   26.49s 
 99.900%   26.67s 
 99.990%   26.71s 
 99.999%   26.71s 
100.000%   26.71s 

  Detailed Percentile spectrum:
       Value   Percentile   TotalCount 1/(1-Percentile)

    8904.703     0.000000            2         1.00
   10715.135     0.100000        16350         1.11
   12337.151     0.200000        32720         1.25
   14065.663     0.300000        49057         1.43
   15818.751     0.400000        65365         1.67
   17645.567     0.500000        81662         2.00
   18546.687     0.550000        89927         2.22
   19464.191     0.600000        97999         2.50
   20348.927     0.650000       106220         2.86
   21250.047     0.700000       114362         3.33
   22134.783     0.750000       122587         4.00
   22577.151     0.775000       126655         4.44
   23035.903     0.800000       130682         5.00
   23494.655     0.825000       134825         5.71
   23937.023     0.850000       138821         6.67
   24395.775     0.875000       142943         8.00
   24625.151     0.887500       144947         8.89
   24854.527     0.900000       146989        10.00
   25083.903     0.912500       149043        11.43
   25313.279     0.925000       151141        13.33
   25542.655     0.937500       153201        16.00
   25640.959     0.943750       154094        17.78
   25755.647     0.950000       155159        20.00
   25870.335     0.956250       156210        22.86
   25985.023     0.962500       157189        26.67
   26099.711     0.968750       158176        32.00
   26165.247     0.971875       158736        35.56
   26230.783     0.975000       159330        40.00
   26279.935     0.978125       159780        45.71
   26329.087     0.981250       160223        53.33
   26394.623     0.984375       160796        64.00
   26427.391     0.985938       161086        71.11
   26443.775     0.987500       161236        80.00
   26476.543     0.989062       161530        91.43
   26509.311     0.990625       161816       106.67
   26542.079     0.992188       162106       128.00
   26558.463     0.992969       162258       142.22
   26558.463     0.993750       162258       160.00
   26574.847     0.994531       162395       182.86
   26591.231     0.995313       162536       213.33
   26607.615     0.996094       162676       256.00
   26623.999     0.996484       162814       284.44
   26623.999     0.996875       162814       320.00
   26640.383     0.997266       162961       365.71
   26640.383     0.997656       162961       426.67
   26640.383     0.998047       162961       512.00
   26656.767     0.998242       163087       568.89
   26656.767     0.998437       163087       640.00
   26656.767     0.998633       163087       731.43
   26656.767     0.998828       163087       853.33
   26673.151     0.999023       163200      1024.00
   26673.151     0.999121       163200      1137.78
   26673.151     0.999219       163200      1280.00
   26673.151     0.999316       163200      1462.86
   26673.151     0.999414       163200      1706.67
   26673.151     0.999512       163200      2048.00
   26673.151     0.999561       163200      2275.56
   26689.535     0.999609       163246      2560.00
   26689.535     0.999658       163246      2925.71
   26689.535     0.999707       163246      3413.33
   26689.535     0.999756       163246      4096.00
   26689.535     0.999780       163246      4551.11
   26689.535     0.999805       163246      5120.00
   26689.535     0.999829       163246      5851.43
   26705.919     0.999854       163271      6826.67
   26705.919     1.000000       163271          inf
#[Mean    =    17688.474, StdDeviation   =     5128.642]
#[Max     =    26689.536, Total count    =       163271]
#[Buckets =           27, SubBuckets     =         2048]
----------------------------------------------------------
  246479 requests in 30.00s, 49.13MB read
Requests/sec:   8215.29
Transfer/sec:      1.64MB
WRKX_RESULT {"durationUs":30002482,"requests":246479,"responses":246479,"errors":0,"bytes":51514111,"latencyAvgUs":17688473.682,"latencyP95Us":25755647.000,"latencyP99Us":26492927.000}
