Running 30s test @ http://localhost:9991/
  16 threads and 256 connections
  Thread calibration: mean lat.: 2413.595ms, rate sampling interval: 8724ms
  Thread calibration: mean lat.: 2415.104ms, rate sampling interval: 8740ms
  Thread calibration: mean lat.: 2419.150ms, rate sampling interval: 8740ms
  Thread calibration: mean lat.: 2410.381ms, rate sampling interval: 8724ms
  Thread calibration: mean lat.: 2417.058ms, rate sampling interval: 8740ms
  Thread calibration: mean lat.: 2410.037ms, rate sampling interval: 8724ms
  Thread calibration: mean lat.: 2413.416ms, rate sampling interval: 8732ms
  Thread calibration: mean lat.: 2410.692ms, rate sampling interval: 8724ms
  Thread calibration: mean lat.: 2415.287ms, rate sampling interval: 8732ms
  Thread calibration: mean lat.: 2420.566ms, rate sampling interval: 8740ms
  Thread calibration: mean lat.: 2414.987ms, rate sampling interval: 8732ms
  Thread calibration: mean lat.: 2414.100ms, rate sampling interval: 8732ms
  Thread calibration: mean lat.: 2413.744ms, rate sampling interval: 8724ms
  Thread calibration: mean lat.: 2414.500ms, rate sampling interval: 8732ms
  Thread calibration: mean lat.: 2411.599ms, rate sampling interval: 8724ms
  Thread calibration: mean lat.: 2415.532ms, rate sampling interval: 8732ms
  Thread Stats   Avg      Stdev     Max   +/- Stdev
    Latency     9.56s     2.73s   14.28s    57.29%
    Req/Sec   492.81      2.17   496.00     96.88%
  Latency Distribution (HdrHistogram - Recorded Latency)
 50.000%    9.59s 
 75.000%   11.92s 
 90.000%   13.33s 
 99.000%   14.12s 
 99.900%   14.22s 
 99.990%   14.25s 
 99.999%   14.28s 
100.000%   14.29s 

  Detailed Percentile spectrum:
       Value   Percentile   TotalCount 1/(1-Percentile)

    4763.647     0.000000            1         1.00
    5791.743     0.100000        15837         1.11
    6696.959     0.200000        31592         1.25
    7589.887     0.300000        47371         1.43
    8642.559     0.400000        63189         1.67
    9592.831     0.500000        78999         2.00
   10100.735     0.550000        86881         2.22
   10567.679     0.600000        94719         2.50
   11001.855     0.650000       102679         2.86
   11444.223     0.700000       110567         3.33
   11919.359     0.750000       118443         4.00
   12165.119     0.775000       122352         4.44
   12394.495     0.800000       126356         5.00
   12640.255     0.825000       130211         5.71
   12869.631     0.850000       134142         6.67
   13107.199     0.875000       138080         8.00
   13221.887     0.887500       140143         8.89
   13328.383     0.900000       142082        10.00
   13434.879     0.912500       143995        11.43
   13549.567     0.925000       146108        13.33
   13656.063     0.937500       148078        16.00
   13705.215     0.943750       148948        17.78
   13762.559     0.950000       149981        20.00
   13819.903     0.956250       151005        22.86
   13877.247     0.962500       151954        26.67
   13934.591     0.968750       152939        32.00
   13959.167     0.971875       153392        35.56
   13991.935     0.975000       153967        40.00
   14016.511     0.978125       154426        45.71
   14041.087     0.981250       154872        53.33
   14073.855     0.984375       155462        64.00
   14082.047     0.985938       155607        71.11
   14098.431     0.987500       155892        80.00
   14114.815     0.989062       156165        91.43
   14131.199     0.990625       156431       106.67
   14139.391     0.992188       156568       128.00
   14147.583     0.992969       156692       142.22
   14155.775     0.993750       156830       160.00
   14163.967     0.994531       156947       182.86
   14172.159     0.995313       157074       213.33
   14180.351     0.996094       157186       256.00
   14188.543     0.996484       157294       284.44
   14196.735     0.996875       157397       320.00
   14196.735     0.997266       157397       365.71
   14204.927     0.997656       157490       426.67
   14204.927     0.998047       157490       512.00
   14213.119     0.998242       157563       568.89
   14213.119     0.998437       157563       640.00
   14221.311     0.998633       157640       731.43
   14221.311     0.998828       157640       853.33
   14221.311     0.999023       157640      1024.00
   14229.503     0.999121       157690      1137.78
   14229.503     0.999219       157690      1280.00
   14229.503     0.999316       157690      1462.86
   14237.695     0.999414       157737      1706.67
   14237.695     0.999512       157737      2048.00
   14237.695     0.999561       157737      2275.56
   14237.695     0.999609       157737      2560.00
   14245.887     0.999658       157761      2925.71
   14245.887     0.999707       157761      3413.33
   14245.887     0.999756       157761      4096.00
   14245.887     0.999780       157761      4551.11
   14254.079     0.999805       157779      5120.00
   14254.079     0.999829       157779      5851.43
   14254.079     0.999854       157779      6826.67
   14254.079     0.999878       157779      8192.00
   14254.079     0.999890       157779      9102.22
   14254.079     0.999902       157779     10240.00
   14262.271     0.999915       157786     11702.86
   14262.271     0.999927       157786     13653.33
   14262.271     0.999939       157786     16384.00
   14262.271     0.999945       157786     18204.44
   14270.463     0.999951       157791     20480.00
   14270.463     0.999957       157791     23405.71
   14270.463     0.999963       157791     27306.67
   14270.463     0.999969       157791     32768.00
   14270.463     0.999973       157791     36408.89
   14270.463     0.999976       157791     40960.00
   14270.463     0.999979       157791     46811.43
   14278.655     0.999982       157793     54613.33
   14278.655     0.999985       157793     65536.00
   14278.655     0.999986       157793     72817.78
   14278.655     0.999988       157793     81920.00
   14278.655     0.999989       157793     93622.86
   14278.655     0.999991       157793    109226.67
   14278.655     0.999992       157793    131072.00
   14278.655     0.999993       157793    145635.56
   14286.847     0.999994       157794    163840.00
   14286.847     1.000000       157794          inf
#[Mean    =     9559.863, StdDeviation   =     2727.405]
#[Max     =    14278.656, Total count    =       157794]
#[Buckets =           27, SubBuckets     =         2048]
----------------------------------------------------------
  236343 requests in 30.00s, 47.11MB read
Requests/sec:   7876.95
Transfer/sec:      1.57MB
WRKX_RESULT {"durationUs":30004397,"requests":236343,"responses":236343,"errors":0,"bytes":49395687,"latencyAvgUs":9559862.554,"latencyP95Us":13762559.000,"latencyP99Us":14123007.000}
