Running 30s test @ http://localhost:9991/
  16 threads and 256 connections
  Thread calibration: mean lat.: 4.218ms, rate sampling interval: 12ms
  Thread calibration: mean lat.: 4.296ms, rate sampling interval: 12ms
  Thread calibration: mean lat.: 4.250ms, rate sampling interval: 12ms
  Thread calibration: mean lat.: 4.190ms, rate sampling interval: 12ms
  Thread calibration: mean lat.: 4.284ms, rate sampling interval: 12ms
  Thread calibration: mean lat.: 4.304ms, rate sampling interval: 12ms
  Thread calibration: mean lat.: 4.185ms, rate sampling interval: 12ms
  Thread calibration: mean lat.: 4.333ms, rate sampling interval: 12ms
  Thread calibration: mean lat.: 4.354ms, rate sampling interval: 12ms
  Thread calibration: mean lat.: 4.239ms, rate sampling interval: 12ms
  Thread calibration: mean lat.: 4.158ms, rate sampling interval: 12ms
  Thread calibration: mean lat.: 4.125ms, rate sampling interval: 12ms
  Thread calibration: mean lat.: 4.519ms, rate sampling interval: 13ms
  Thread calibration: mean lat.: 4.485ms, rate sampling interval: 13ms
  Thread calibration: mean lat.: 4.303ms, rate sampling interval: 12ms
  Thread calibration: mean lat.: 4.328ms, rate sampling interval: 13ms
  Thread Stats   Avg      Stdev     Max   +/- Stdev
    Latency     4.34ms    1.54ms  20.14ms   69.50%
    Req/Sec   325.82    102.47   666.00     69.74%
  Latency Distribution (HdrHistogram - Recorded Latency)
 50.000%    4.10ms
 75.000%    5.19ms
 90.000%    6.46ms
 99.000%    8.81ms
 99.900%   10.41ms
 99.990%   12.49ms
 99.999%   13.78ms
100.000%   20.16ms

  Detailed Percentile spectrum:
       Value   Percentile   TotalCount 1/(1-Percentile)

       1.358     0.000000            1         1.00
       2.583     0.100000         9961         1.11
       3.001     0.200000        19946         1.25
       3.387     0.300000        29906         1.43
       3.751     0.400000        39856         1.67
       4.103     0.500000        49900         2.00
       4.279     0.550000        54772         2.22
       4.467     0.600000        59752         2.50
       4.671     0.650000        64757         2.86
       4.907     0.700000        69742         3.33
       5.187     0.750000        74717         4.00
       5.339     0.775000        77180         4.44
       5.515     0.800000        79715         5.00
       5.699     0.825000        82171         5.71
       5.927     0.850000        84670         6.67
       6.171     0.875000        87143         8.00
       6.315     0.887500        88411         8.89
       6.459     0.900000        89644        10.00
       6.623     0.912500        90878        11.43
       6.831     0.925000        92136        13.33
       7.059     0.937500        93366        16.00
       7.171     0.943750        93993        17.78
       7.295     0.950000        94615        20.00
       7.439     0.956250        95239        22.86
       7.603     0.962500        95855        26.67
       7.803     0.968750        96489        32.00
       7.919     0.971875        96794        35.56
       8.035     0.975000        97100        40.00
       8.159     0.978125        97418        45.71
       8.295     0.981250        97720        53.33
       8.463     0.984375        98032        64.00
       8.551     0.985938        98196        71.11
       8.647     0.987500        98348        80.00
       8.743     0.989062        98501        91.43
       8.863     0.990625        98655       106.67
       9.031     0.992188        98807       128.00
       9.119     0.992969        98892       142.22
       9.199     0.993750        98966       160.00
       9.287     0.994531        99043       182.86
       9.391     0.995313        99119       213.33
       9.527     0.996094        99198       256.00
       9.623     0.996484        99238       284.44
       9.735     0.996875        99278       320.00
       9.807     0.997266        99314       365.71
       9.887     0.997656        99359       426.67
       9.983     0.998047        99394       512.00
      10.055     0.998242        99410       568.89
      10.151     0.998437        99431       640.00
      10.223     0.998633        99449       731.43
      10.303     0.998828        99469       853.33
      10.431     0.999023        99489      1024.00
      10.519     0.999121        99498      1137.78
      10.679     0.999219        99510      1280.00
      10.719     0.999316        99517      1462.86
      10.911     0.999414        99527      1706.67
      11.023     0.999512        99537      2048.00
      11.103     0.999561        99542      2275.56
      11.191     0.999609        99547      2560.00
      11.271     0.999658        99551      2925.71
      11.455     0.999707        99556      3413.33
      11.551     0.999756        99561      4096.00
      11.639     0.999780        99564      4551.11
      11.663     0.999805        99566      5120.00
      11.887     0.999829        99568      5851.43
      12.087     0.999854        99571      6826.67
      12.167     0.999878        99573      8192.00
      12.487     0.999890        99575      9102.22
      12.631     0.999902        99576     10240.00
      12.647     0.999915        99577     11702.86
      12.847     0.999927        99578     13653.33
      12.855     0.999939        99579     16384.00
      12.903     0.999945        99580     18204.44
      13.119     0.999951        99581     20480.00
      13.119     0.999957        99581     23405.71
      13.647     0.999963        99582     27306.67
      13.647     0.999969        99582     32768.00
      13.679     0.999973        99583     36408.89
      13.679     0.999976        99583     40960.00
      13.679     0.999979        99583     46811.43
      13.783     0.999982        99584     54613.33
      13.783     0.999985        99584     65536.00
      13.783     0.999986        99584     72817.78
      13.783     0.999988        99584     81920.00
      13.783     0.999989        99584     93622.86
      20.159     0.999991        99585    109226.67
      20.159     1.000000        99585          inf
#[Mean    =        4.338, StdDeviation   =        1.536]
#[Max     =       20.144, Total count    =        99585]
#[Buckets =           27, SubBuckets     =         2048]
----------------------------------------------------------
  149903 requests in 30.00s, 29.88MB read
Requests/sec:   4996.33
Transfer/sec:      1.00MB
WRKX_RESULT {"durationUs":30002639,"requests":149903,"responses":149903,"errors":0,"bytes":31329727,"latencyAvgUs":4338.250,"latencyP95Us":7295.000,"latencyP99Us":8807.000}
