Running 30s test @ http://localhost:9991/
  16 threads and 256 connections
  Thread calibration: mean lat.: 1069.479ms, rate sampling interval: 3999ms
  Thread calibration: mean lat.: 1064.708ms, rate sampling interval: 3975ms
  Thread calibration: mean lat.: 1071.720ms, rate sampling interval: 4001ms
  Thread calibration: mean lat.: 1063.445ms, rate sampling interval: 3971ms
  Thread calibration: mean lat.: 1069.201ms, rate sampling interval: 3985ms
  Thread calibration: mean lat.: 1070.968ms, rate sampling interval: 3999ms
  Thread calibration: mean lat.: 1077.818ms, rate sampling interval: 4020ms
  Thread calibration: mean lat.: 1070.247ms, rate sampling interval: 3999ms
  Thread calibration: mean lat.: 1064.528ms, rate sampling interval: 3975ms
  Thread calibration: mean lat.: 1076.927ms, rate sampling interval: 4016ms
  Thread calibration: mean lat.: 1075.930ms, rate sampling interval: 4001ms
  Thread calibration: mean lat.: 1072.824ms, rate sampling interval: 3991ms
  Thread calibration: mean lat.: 1065.763ms, rate sampling interval: 3979ms
  Thread calibration: mean lat.: 1079.955ms, rate sampling interval: 4018ms
  Thread calibration: mean lat.: 1078.943ms, rate sampling interval: 4003ms
  Thread calibration: mean lat.: 1040.194ms, rate sampling interval: 3764ms
  Thread Stats   Avg      Stdev     Max   +/- Stdev
    Latency     4.47s     1.12s    6.51s    61.04%
    Req/Sec   496.06     23.37   532.00     53.62%
  Latency Distribution (HdrHistogram - Recorded Latency)
 50.000%    4.63s 
 75.000%    5.32s 
 90.000%    5.97s 
 99.000%    6.35s 
 99.900%    6.43s 
 99.990%    6.47s 
 99.999%    6.50s 
100.000%    6.51s 

  Detailed Percentile spectrum:
       Value   Percentile   TotalCount 1/(1-Percentile)

    2074.623     0.000000            1         1.00
    2848.767     0.100000        15826         1.11
    3315.711     0.200000        31662         1.25
    3788.799     0.300000        47442         1.43
    4235.263     0.400000        63248         1.67
    4632.575     0.500000        79190         2.00
    4792.319     0.550000        86991         2.22
    4931.583     0.600000        95047         2.50
    5054.463     0.650000       102938         2.86
    5169.151     0.700000       110630         3.33
    5320.703     0.750000       118636         4.00
    5419.007     0.775000       122521         4.44
    5513.215     0.800000       126485         5.00
    5623.807     0.825000       130473         5.71
    5746.687     0.850000       134338         6.67
    5869.567     0.875000       138377         8.00
    5918.719     0.887500       140331         8.89
    5967.871     0.900000       142389        10.00
    6012.927     0.912500       144268        11.43
    6062.079     0.925000       146242        13.33
    6115.327     0.937500       148256        16.00
    6139.903     0.943750       149162        17.78
    6168.575     0.950000       150167        20.00
    6197.247     0.956250       151192        22.86
    6225.919     0.962500       152227        26.67
    6250.495     0.968750       153146        32.00
    6262.783     0.971875       153614        35.56
    6279.167     0.975000       154228        40.00
    6291.455     0.978125       154682        45.71
    6303.743     0.981250       155119        53.33
    6320.127     0.984375       155661        64.00
    6328.319     0.985938       155922        71.11
    6336.511     0.987500       156163        80.00
    6344.703     0.989062       156404        91.43
    6352.895     0.990625       156626       106.67
    6361.087     0.992188       156824       128.00
    6369.279     0.992969       157019       142.22
    6373.375     0.993750       157103       160.00
    6377.471     0.994531       157182       182.86
    6385.663     0.995313       157329       213.33
    6393.855     0.996094       157462       256.00
    6397.951     0.996484       157514       284.44
    6402.047     0.996875       157565       320.00
    6406.143     0.997266       157624       365.71
    6410.239     0.997656       157671       426.67
    6418.431     0.998047       157760       512.00
    6418.431     0.998242       157760       568.89
    6422.527     0.998437       157796       640.00
    6426.623     0.998633       157836       731.43
    6430.719     0.998828       157876       853.33
    6434.815     0.999023       157903      1024.00
    6434.815     0.999121       157903      1137.78
    6438.911     0.999219       157934      1280.00
    6438.911     0.999316       157934      1462.86
    6443.007     0.999414       157960      1706.67
    6443.007     0.999512       157960      2048.00
    6447.103     0.999561       157976      2275.56
    6447.103     0.999609       157976      2560.00
    6451.199     0.999658       157989      2925.71
    6455.295     0.999707       157998      3413.33
    6459.391     0.999756       158007      4096.00
    6459.391     0.999780       158007      4551.11
    6459.391     0.999805       158007      5120.00
    6463.487     0.999829       158014      5851.43
    6463.487     0.999854       158014      6826.67
    6467.583     0.999878       158020      8192.00
    6467.583     0.999890       158020      9102.22
    6471.679     0.999902       158024     10240.00
    6471.679     0.999915       158024     11702.86
    6475.775     0.999927       158028     13653.33
    6475.775     0.999939       158028     16384.00
    6479.871     0.999945       158029     18204.44
    6483.967     0.999951       158030     20480.00
    6488.063     0.999957       158031     23405.71
    6492.159     0.999963       158032     27306.67
    6496.255     0.999969       158033     32768.00
    6496.255     0.999973       158033     36408.89
    6500.351     0.999976       158034     40960.00
    6500.351     0.999979       158034     46811.43
    6504.447     0.999982       158035     54613.33
    6504.447     0.999985       158035     65536.00
    6504.447     0.999986       158035     72817.78
    6508.543     0.999988       158036     81920.00
    6508.543     0.999989       158036     93622.86
    6508.543     0.999991       158036    109226.67
    6508.543     0.999992       158036    131072.00
    6508.543     0.999993       158036    145635.56
    6512.639     0.999994       158037    163840.00
    6512.639     1.000000       158037          inf
#[Mean    =     4472.657, StdDeviation   =     1117.298]
#[Max     =     6508.544, Total count    =       158037]
#[Buckets =           27, SubBuckets     =         2048]
----------------------------------------------------------
  235570 requests in 30.00s, 46.95MB read
Requests/sec:   7851.25
Transfer/sec:      1.56MB
WRKX_RESULT {"durationUs":30004145,"requests":235570,"responses":235570,"errors":0,"bytes":49234130,"latencyAvgUs":4472657.109,"latencyP95Us":6168575.000,"latencyP99Us":6348799.000}
