Running 30s test @ http://localhost:9991/
  16 threads and 256 connections
  Thread calibration: mean lat.: 4749.780ms, rate sampling interval: 17367ms
  Thread calibration: mean lat.: 4742.233ms, rate sampling interval: 17367ms
  Thread calibration: mean lat.: 4747.690ms, rate sampling interval: 17367ms
  Thread calibration: mean lat.: 4744.296ms, rate sampling interval: 17350ms
  Thread calibration: mean lat.: 4750.974ms, rate sampling interval: 17367ms
  Thread calibration: mean lat.: 4747.096ms, rate sampling interval: 17367ms
  Thread calibration: mean lat.: 4745.500ms, rate sampling interval: 17367ms
  Thread calibration: mean lat.: 4751.744ms, rate sampling interval: 17383ms
  Thread calibration: mean lat.: 4751.699ms, rate sampling interval: 17383ms
  Thread calibration: mean lat.: 4747.571ms, rate sampling interval: 17367ms
  Thread calibration: mean lat.: 4745.796ms, rate sampling interval: 17367ms
  Thread calibration: mean lat.: 4745.452ms, rate sampling interval: 17367ms
  Thread calibration: mean lat.: 4748.675ms, rate sampling interval: 17367ms
  Thread calibration: mean lat.: 4748.552ms, rate sampling interval: 17383ms
  Thread calibration: mean lat.: 4748.677ms, rate sampling interval: 17383ms
  Thread calibration: mean lat.: 4750.577ms, rate sampling interval: 17367ms
  Thread Stats   Avg      Stdev     Max   +/- Stdev
    Latency    19.31s     5.46s   28.80s    58.09%
    Req/Sec   505.38      0.48   506.00    100.00%
  Latency Distribution (HdrHistogram - Recorded Latency)
 50.000%   19.42s 
 75.000%   24.04s 
 90.000%   26.77s 
 99.000%   28.59s 
 99.900%   28.75s 
 99.990%   28.80s 
 99.999%   28.82s 
100.000%   28.82s 

  Detailed Percentile spectrum:
       Value   Percentile   TotalCount 1/(1-Percentile)

    9625.599     0.000000            2         1.00
   11706.367     0.100000        16069         1.11
   13664.255     0.200000        32098         1.25
   15564.799     0.300000        48189         1.43
   17481.727     0.400000        64287         1.67
   19415.039     0.500000        80315         2.00
   20348.927     0.550000        88294         2.22
   21315.583     0.600000        96337         2.50
   22249.471     0.650000       104388         2.86
   23117.823     0.700000       112438         3.33
   24035.327     0.750000       120438         4.00
   24477.695     0.775000       124419         4.44
   24936.447     0.800000       128544         5.00
   25362.431     0.825000       132546         5.71
   25804.799     0.850000       136458         6.67
   26312.703     0.875000       140528         8.00
   26542.079     0.887500       142480         8.89
   26771.455     0.900000       144440        10.00
   27049.983     0.912500       146521        11.43
   27295.743     0.925000       148481        13.33
   27541.503     0.937500       150455        16.00
   27672.575     0.943750       151495        17.78
   27803.647     0.950000       152562        20.00
   27918.335     0.956250       153495        22.86
   28049.407     0.962500       154561        26.67
   28164.095     0.968750       155505        32.00
   28229.631     0.971875       156039        35.56
   28295.167     0.975000       156557        40.00
   28360.703     0.978125       157094        45.71
   28409.855     0.981250       157517        53.33
   28475.391     0.984375       158033        64.00
   28508.159     0.985938       158300        71.11
   28540.927     0.987500       158574        80.00
   28573.695     0.989062       158854        91.43
   28590.079     0.990625       158999       106.67
   28622.847     0.992188       159268       128.00
   28639.231     0.992969       159388       142.22
   28655.615     0.993750       159529       160.00
   28671.999     0.994531       159650       182.86
   28688.383     0.995313       159800       213.33
   28704.767     0.996094       159917       256.00
   28721.151     0.996484       160070       284.44
   28721.151     0.996875       160070       320.00
   28721.151     0.997266       160070       365.71
   28737.535     0.997656       160182       426.67
   28737.535     0.998047       160182       512.00
   28753.919     0.998242       160324       568.89
   28753.919     0.998437       160324       640.00
   28753.919     0.998633       160324       731.43
   28753.919     0.998828       160324       853.33
   28770.303     0.999023       160396      1024.00
   28770.303     0.999121       160396      1137.78
   28770.303     0.999219       160396      1280.00
   28770.303     0.999316       160396      1462.86
   28770.303     0.999414       160396      1706.67
   28786.687     0.999512       160458      2048.00
   28786.687     0.999561       160458      2275.56
   28786.687     0.999609       160458      2560.00
   28786.687     0.999658       160458      2925.71
   28786.687     0.999707       160458      3413.33
   28786.687     0.999756       160458      4096.00
   28786.687     0.999780       160458      4551.11
   28786.687     0.999805       160458      5120.00
   28786.687     0.999829       160458      5851.43
   28803.071     0.999854       160478      6826.67
   28803.071     0.999878       160478      8192.00
   28803.071     0.999890       160478      9102.22
   28803.071     0.999902       160478     10240.00
   28803.071     0.999915       160478     11702.86
   28803.071     0.999927       160478     13653.33
   28803.071     0.999939       160478     16384.00
   28803.071     0.999945       160478     18204.44
   28803.071     0.999951       160478     20480.00
   28803.071     0.999957       160478     23405.71
   28803.071     0.999963       160478     27306.67
   28803.071     0.999969       160478     32768.00
   28803.071     0.999973       160478     36408.89
   28819.455     0.999976       160482     40960.00
   28819.455     1.000000       160482          inf
#[Mean    =    19312.657, StdDeviation   =     5459.082]
#[Max     =    28803.072, Total count    =       160482]
#[Buckets =           27, SubBuckets     =         2048]
----------------------------------------------------------
  237505 requests in 30.01s, 47.34MB read
Requests/sec:   7915.18
Transfer/sec:      1.58MB
WRKX_RESULT {"durationUs":30006277,"requests":237505,"responses":237505,"errors":0,"bytes":49638545,"latencyAvgUs":19312656.922,"latencyP95Us":27803647.000,"latencyP99Us":28590079.000}
