Running 30s test @ http://localhost:9991/
  16 threads and 256 connections
  Thread calibration: mean lat.: 3327.611ms, rate sampling interval: 12148ms
  Thread calibration: mean lat.: 3321.368ms, rate sampling interval: 12140ms
  Thread calibration: mean lat.: 3321.121ms, rate sampling interval: 12140ms
  Thread calibration: mean lat.: 3321.373ms, rate sampling interval: 12140ms
  Thread calibration: mean lat.: 3320.384ms, rate sampling interval: 12140ms
  Thread calibration: mean lat.: 3324.485ms, rate sampling interval: 12140ms
  Thread calibration: mean lat.: 3318.792ms, rate sampling interval: 12140ms
  Thread calibration: mean lat.: 3328.050ms, rate sampling interval: 12148ms
  Thread calibration: mean lat.: 3321.736ms, rate sampling interval: 12140ms
  Thread calibration: mean lat.: 3057.399ms, rate sampling interval: 11059ms
  Thread calibration: mean lat.: 3323.895ms, rate sampling interval: 12148ms
  Thread calibration: mean lat.: 3326.039ms, rate sampling interval: 12148ms
  Thread calibration: mean lat.: 3321.889ms, rate sampling interval: 12148ms
  Thread calibration: mean lat.: 3327.164ms, rate sampling interval: 12148ms
  Thread calibration: mean lat.: 3324.655ms, rate sampling interval: 12148ms
  Thread calibration: mean lat.: 3324.630ms, rate sampling interval: 12148ms
  Thread Stats   Avg      Stdev     Max   +/- Stdev
    Latency    13.55s     3.88s   20.30s    57.62%
    Req/Sec   499.69      0.58   501.00    100.00%
  Latency Distribution (HdrHistogram - Recorded Latency)
 50.000%   13.61s 
 75.000%   16.92s 
 90.000%   18.84s 
 99.000%   20.12s 
 99.900%   20.27s 
 99.990%   20.30s 
 99.999%   20.30s 
100.000%   20.32s 

  Detailed Percentile spectrum:
       Value   Percentile   TotalCount 1/(1-Percentile)

    6164.479     0.000000            2         1.00
    8151.039     0.100000        16151         1.11
    9486.335     0.200000        32282         1.25
   10870.783     0.300000        48422         1.43
   12279.807     0.400000        64511         1.67
   13606.911     0.500000        80707         2.00
   14295.039     0.550000        88773         2.22
   14983.167     0.600000        96825         2.50
   15638.527     0.650000       104845         2.86
   16252.927     0.700000       112989         3.33
   16924.671     0.750000       121094         4.00
   17235.967     0.775000       124992         4.44
   17596.415     0.800000       129123         5.00
   17907.711     0.825000       133127         5.71
   18219.007     0.850000       137154         6.67
   18513.919     0.875000       141324         8.00
   18661.375     0.887500       143246         8.89
   18841.599     0.900000       145209        10.00
   19021.823     0.912500       147181        11.43
   19218.431     0.925000       149347        13.33
   19382.271     0.937500       151254        16.00
   19480.575     0.943750       152392        17.78
   19562.495     0.950000       153338        20.00
   19644.415     0.956250       154249        22.86
   19742.719     0.962500       155345        26.67
   19824.639     0.968750       156282        32.00
   19873.791     0.971875       156841        35.56
   19906.559     0.975000       157236        40.00
   19955.711     0.978125       157829        45.71
   20004.863     0.981250       158426        53.33
   20037.631     0.984375       158813        64.00
   20054.015     0.985938       159004        71.11
   20086.783     0.987500       159392        80.00
   20103.167     0.989062       159569        91.43
   20135.935     0.990625       159942       106.67
   20152.319     0.992188       160108       128.00
   20168.703     0.992969       160272       142.22
   20168.703     0.993750       160272       160.00
   20185.087     0.994531       160441       182.86
   20201.471     0.995313       160599       213.33
   20217.855     0.996094       160761       256.00
   20217.855     0.996484       160761       284.44
   20234.239     0.996875       160939       320.00
   20234.239     0.997266       160939       365.71
   20234.239     0.997656       160939       426.67
   20250.623     0.998047       161085       512.00
   20250.623     0.998242       161085       568.89
   20250.623     0.998437       161085       640.00
   20250.623     0.998633       161085       731.43
   20250.623     0.998828       161085       853.33
   20267.007     0.999023       161189      1024.00
   20267.007     0.999121       161189      1137.78
   20267.007     0.999219       161189      1280.00
   20267.007     0.999316       161189      1462.86
   20267.007     0.999414       161189      1706.67
   20267.007     0.999512       161189      2048.00
   20283.391     0.999561       161245      2275.56
   20283.391     0.999609       161245      2560.00
   20283.391     0.999658       161245      2925.71
   20283.391     0.999707       161245      3413.33
   20283.391     0.999756       161245      4096.00
   20283.391     0.999780       161245      4551.11
   20283.391     0.999805       161245      5120.00
   20283.391     0.999829       161245      5851.43
   20283.391     0.999854       161245      6826.67
   20299.775     0.999878       161265      8192.00
   20299.775     0.999890       161265      9102.22
   20299.775     0.999902       161265     10240.00
   20299.775     0.999915       161265     11702.86
   20299.775     0.999927       161265     13653.33
   20299.775     0.999939       161265     16384.00
   20299.775     0.999945       161265     18204.44
   20299.775     0.999951       161265     20480.00
   20299.775     0.999957       161265     23405.71
   20299.775     0.999963       161265     27306.67
   20299.775     0.999969       161265     32768.00
   20299.775     0.999973       161265     36408.89
   20299.775     0.999976       161265     40960.00
   20299.775     0.999979       161265     46811.43
   20299.775     0.999982       161265     54613.33
   20299.775     0.999985       161265     65536.00
   20299.775     0.999986       161265     72817.78
   20316.159     0.999988       161267     81920.00
   20316.159     1.000000       161267          inf
#[Mean    =    13552.863, StdDeviation   =     3880.747]
#[Max     =    20299.776, Total count    =       161267]
#[Buckets =           27, SubBuckets     =         2048]
----------------------------------------------------------
  242080 requests in 30.00s, 48.25MB read
Requests/sec:   8068.43
Transfer/sec:      1.61MB
WRKX_RESULT {"durationUs":30003345,"requests":242080,"responses":242080,"errors":0,"bytes":50594864,"latencyAvgUs":13552862.996,"latencyP95Us":19562495.000,"latencyP99Us":20119551.000}
