Running 30s test @ http://localhost:9991/
  16 threads and 256 connections
  Thread calibration: mean lat.: 3.461ms, rate sampling interval: 10ms
  Thread calibration: mean lat.: 3.500ms, rate sampling interval: 10ms
  Thread calibration: mean lat.: 3.464ms, rate sampling interval: 10ms
  Thread calibration: mean lat.: 3.435ms, rate sampling interval: 10ms
  Thread calibration: mean lat.: 3.478ms, rate sampling interval: 10ms
  Thread calibration: mean lat.: 3.466ms, rate sampling interval: 10ms
  Thread calibration: mean lat.: 3.418ms, rate sampling interval: 10ms
  Thread calibration: mean lat.: 3.397ms, rate sampling interval: 10ms
  Thread calibration: mean lat.: 3.384ms, rate sampling interval: 10ms
  Thread calibration: mean lat.: 3.430ms, rate sampling interval: 10ms
  Thread calibration: mean lat.: 3.395ms, rate sampling interval: 10ms
  Thread calibration: mean lat.: 3.309ms, rate sampling interval: 10ms
  Thread calibration: mean lat.: 3.294ms, rate sampling interval: 10ms
  Thread calibration: mean lat.: 3.536ms, rate sampling interval: 11ms
  Thread calibration: mean lat.: 3.444ms, rate sampling interval: 11ms
  Thread calibration: mean lat.: 3.451ms, rate sampling interval: 11ms
  Thread Stats   Avg      Stdev     Max   +/- Stdev
    Latency     2.99ms    1.12ms  11.69ms   80.74%
    Req/Sec   164.44    103.77   500.00     67.50%
  Latency Distribution (HdrHistogram - Recorded Latency)
 50.000%    2.69ms
 75.000%    3.28ms
 90.000%    4.47ms
 99.000%    7.29ms
 99.900%    9.02ms
 99.990%   10.41ms
 99.999%   11.69ms
100.000%   11.69ms

  Detailed Percentile spectrum:
       Value   Percentile   TotalCount 1/(1-Percentile)

       1.258     0.000000            1         1.00
       1.970     0.100000         4997         1.11
       2.193     0.200000         9957         1.25
       2.371     0.300000        14955         1.43
       2.531     0.400000        19930         1.67
       2.695     0.500000        24921         2.00
       2.785     0.550000        27409         2.22
       2.879     0.600000        29905         2.50
       2.991     0.650000        32377         2.86
       3.121     0.700000        34862         3.33
       3.283     0.750000        37350         4.00
       3.387     0.775000        38600         4.44
       3.515     0.800000        39830         5.00
       3.671     0.825000        41073         5.71
       3.885     0.850000        42313         6.67
       4.147     0.875000        43562         8.00
       4.299     0.887500        44185         8.89
       4.467     0.900000        44802        10.00
       4.675     0.912500        45424        11.43
       4.879     0.925000        46050        13.33
       5.071     0.937500        46675        16.00
       5.191     0.943750        46990        17.78
       5.319     0.950000        47296        20.00
       5.467     0.956250        47601        22.86
       5.659     0.962500        47912        26.67
       5.891     0.968750        48229        32.00
       6.003     0.971875        48383        35.56
       6.163     0.975000        48536        40.00
       6.355     0.978125        48690        45.71
       6.567     0.981250        48846        53.33
       6.803     0.984375        49004        64.00
       6.903     0.985938        49079        71.11
       7.055     0.987500        49157        80.00
       7.203     0.989062        49235        91.43
       7.351     0.990625        49315       106.67
       7.499     0.992188        49391       128.00
       7.575     0.992969        49431       142.22
       7.659     0.993750        49468       160.00
       7.871     0.994531        49507       182.86
       7.971     0.995313        49545       213.33
       8.111     0.996094        49587       256.00
       8.175     0.996484        49603       284.44
       8.287     0.996875        49623       320.00
       8.399     0.997266        49646       365.71
       8.479     0.997656        49662       426.67
       8.567     0.998047        49682       512.00
       8.631     0.998242        49692       568.89
       8.711     0.998437        49701       640.00
       8.759     0.998633        49711       731.43
       8.831     0.998828        49720       853.33
       9.023     0.999023        49731      1024.00
       9.071     0.999121        49736      1137.78
       9.103     0.999219        49740      1280.00
       9.263     0.999316        49744      1462.86
       9.319     0.999414        49749      1706.67
       9.343     0.999512        49756      2048.00
       9.391     0.999561        49757      2275.56
       9.415     0.999609        49759      2560.00
       9.495     0.999658        49761      2925.71
       9.607     0.999707        49764      3413.33
       9.655     0.999756        49766      4096.00
       9.839     0.999780        49768      4551.11
       9.847     0.999805        49769      5120.00
      10.327     0.999829        49771      5851.43
      10.327     0.999854        49771      6826.67
      10.375     0.999878        49772      8192.00
      10.407     0.999890        49773      9102.22
      10.447     0.999902        49774     10240.00
      10.447     0.999915        49774     11702.86
      10.455     0.999927        49775     13653.33
      10.455     0.999939        49775     16384.00
      10.479     0.999945        49776     18204.44
      10.479     0.999951        49776     20480.00
      10.479     0.999957        49776     23405.71
      10.487     0.999963        49777     27306.67
      10.487     0.999969        49777     32768.00
      10.487     0.999973        49777     36408.89
      10.487     0.999976        49777     40960.00
      10.487     0.999979        49777     46811.43
      11.695     0.999982        49778     54613.33
      11.695     1.000000        49778          inf
#[Mean    =        2.988, StdDeviation   =        1.124]
#[Max     =       11.688, Total count    =        49778]
#[Buckets =           27, SubBuckets     =         2048]
----------------------------------------------------------
  75024 requests in 30.01s, 14.95MB read
Requests/sec:   2500.19
Transfer/sec:    510.29KB
WRKX_RESULT {"durationUs":30007366,"requests":75024,"responses":75024,"errors":0,"bytes":15680016,"latencyAvgUs":2988.117,"latencyP95Us":5319.000,"latencyP99Us":7291.000}
