Running 30s test @ http://localhost:9991/
  16 threads and 256 connections
  Thread calibration: mean lat.: 4491.625ms, rate sampling interval: 16572ms
  Thread calibration: mean lat.: 4490.652ms, rate sampling interval: 16564ms
  Thread calibration: mean lat.: 4494.932ms, rate sampling interval: 16572ms
  Thread calibration: mean lat.: 4499.187ms, rate sampling interval: 16588ms
  Thread calibration: mean lat.: 4487.004ms, rate sampling interval: 16572ms
  Thread calibration: mean lat.: 4492.335ms, rate sampling interval: 16580ms
  Thread calibration: mean lat.: 4488.595ms, rate sampling interval: 16564ms
  Thread calibration: mean lat.: 4495.639ms, rate sampling interval: 16572ms
  Thread calibration: mean lat.: 4488.310ms, rate sampling interval: 16572ms
  Thread calibration: mean lat.: 4493.479ms, rate sampling interval: 16580ms
  Thread calibration: mean lat.: 4492.781ms, rate sampling interval: 16580ms
  Thread calibration: mean lat.: 4490.345ms, rate sampling interval: 16572ms
  Thread calibration: mean lat.: 4493.088ms, rate sampling interval: 16564ms
  Thread calibration: mean lat.: 4495.827ms, rate sampling interval: 16572ms
  Thread calibration: mean lat.: 4493.153ms, rate sampling interval: 16564ms
  Thread calibration: mean lat.: 4495.084ms, rate sampling interval: 16588ms
  Thread Stats   Avg      Stdev     Max   +/- Stdev
    Latency    18.62s     5.25s   27.57s    57.96%
    Req/Sec   506.75      0.43   507.00    100.00%
  Latency Distribution (HdrHistogram - Recorded Latency)
 50.000%   18.69s 
 75.000%   23.20s 
 90.000%   25.82s 
 99.000%   27.39s 
 99.900%   27.54s 
 99.990%   27.57s 
 99.999%   27.59s 
100.000%   27.59s 

  Detailed Percentile spectrum:
       Value   Percentile   TotalCount 1/(1-Percentile)

    9232.383     0.000000            6         1.00
   11255.807     0.100000        16302         1.11
   13197.311     0.200000        32559         1.25
   15089.663     0.300000        48807         1.43
   16908.287     0.400000        65119         1.67
   18694.143     0.500000        81376         2.00
   19578.879     0.550000        89473         2.22
   20545.535     0.600000        97574         2.50
   21463.039     0.650000       105803         2.86
   22331.391     0.700000       113963         3.33
   23199.743     0.750000       122054         4.00
   23658.495     0.775000       126092         4.44
   24068.095     0.800000       130180         5.00
   24461.311     0.825000       134237         5.71
   24887.295     0.850000       138286         6.67
   25362.431     0.875000       142391         8.00
   25591.807     0.887500       144389         8.89
   25821.183     0.900000       146443        10.00
   26034.175     0.912500       148382        11.43
   26263.551     0.925000       150507        13.33
   26476.543     0.937500       152479        16.00
   26591.231     0.943750       153491        17.78
   26705.919     0.950000       154519        20.00
   26820.607     0.956250       155576        22.86
   26935.295     0.962500       156655        26.67
   27033.599     0.968750       157574        32.00
   27099.135     0.971875       158197        35.56
   27148.287     0.975000       158686        40.00
   27197.439     0.978125       159162        45.71
   27246.591     0.981250       159639        53.33
   27295.743     0.984375       160126        64.00
   27328.511     0.985938       160456        71.11
   27344.895     0.987500       160625        80.00
   27377.663     0.989062       160953        91.43
   27394.047     0.990625       161122       106.67
   27426.815     0.992188       161424       128.00
   27443.199     0.992969       161569       142.22
   27459.583     0.993750       161730       160.00
   27459.583     0.994531       161730       182.86
   27475.967     0.995313       161891       213.33
   27492.351     0.996094       162039       256.00
   27492.351     0.996484       162039       284.44
   27508.735     0.996875       162203       320.00
   27508.735     0.997266       162203       365.71
   27525.119     0.997656       162356       426.67
   27525.119     0.998047       162356       512.00
   27525.119     0.998242       162356       568.89
   27525.119     0.998437       162356       640.00
   27541.503     0.998633       162486       731.43
   27541.503     0.998828       162486       853.33
   27541.503     0.999023       162486      1024.00
   27541.503     0.999121       162486      1137.78
   27541.503     0.999219       162486      1280.00
   27557.887     0.999316       162574      1462.86
   27557.887     0.999414       162574      1706.67
   27557.887     0.999512       162574      2048.00
   27557.887     0.999561       162574      2275.56
   27557.887     0.999609       162574      2560.00
   27557.887     0.999658       162574      2925.71
   27557.887     0.999707       162574      3413.33
   27557.887     0.999756       162574      4096.00
   27557.887     0.999780       162574      4551.11
   27574.271     0.999805       162603      5120.00
   27574.271     0.999829       162603      5851.43
   27574.271     0.999854       162603      6826.67
   27574.271     0.999878       162603      8192.00
   27574.271     0.999890       162603      9102.22
   27574.271     0.999902       162603     10240.00
   27574.271     0.999915       162603     11702.86
   27574.271     0.999927       162603     13653.33
   27574.271     0.999939       162603     16384.00
   27574.271     0.999945       162603     18204.44
   27574.271     0.999951       162603     20480.00
   27574.271     0.999957       162603     23405.71
   27590.655     0.999963       162609     27306.67
   27590.655     1.000000       162609          inf
#[Mean    =    18622.083, StdDeviation   =     5252.595]
#[Max     =    27574.272, Total count    =       162609]
#[Buckets =           27, SubBuckets     =         2048]
----------------------------------------------------------
  241345 requests in 30.01s, 48.10MB read
Requests/sec:   8042.73
Transfer/sec:      1.60MB
WRKX_RESULT {"durationUs":30007840,"requests":241345,"responses":241345,"errors":0,"bytes":50441249,"latencyAvgUs":18622082.698,"latencyP95Us":26705919.000,"latencyP99Us":27394047.000}
