Running 30s test @ http://localhost:9991/
  16 threads and 256 connections
  Thread calibration: mean lat.: 0.970ms, rate sampling interval: 10ms
  Thread calibration: mean lat.: 0.998ms, rate sampling interval: 10ms
  Thread calibration: mean lat.: 1.003ms, rate sampling interval: 10ms
  Thread calibration: mean lat.: 0.992ms, rate sampling interval: 10ms
  Thread calibration: mean lat.: 1.001ms, rate sampling interval: 10ms
  Thread calibration: mean lat.: 0.973ms, rate sampling interval: 10ms
  Thread calibration: mean lat.: 0.982ms, rate sampling interval: 10ms
  Thread calibration: mean lat.: 0.981ms, rate sampling interval: 10ms
  Thread calibration: mean lat.: 0.967ms, rate sampling interval: 10ms
  Thread calibration: mean lat.: 0.973ms, rate sampling interval: 10ms
  Thread calibration: mean lat.: 0.988ms, rate sampling interval: 10ms
  Thread calibration: mean lat.: 0.966ms, rate sampling interval: 10ms
  Thread calibration: mean lat.: 0.956ms, rate sampling interval: 10ms
  Thread calibration: mean lat.: 0.976ms, rate sampling interval: 10ms
  Thread calibration: mean lat.: 0.979ms, rate sampling interval: 10ms
  Thread calibration: mean lat.: 0.974ms, rate sampling interval: 10ms
  Thread Stats   Avg      Stdev     Max   +/- Stdev
    Latency     0.97ms  397.22us   4.40ms   66.00%
    Req/Sec   327.81    103.15   666.00     55.33%
  Latency Distribution (HdrHistogram - Recorded Latency)
 50.000%    0.97ms
 75.000%    1.24ms
 90.000%    1.50ms
 99.000%    1.96ms
 99.900%    2.19ms
 99.990%    2.71ms
 99.999%    3.73ms
100.000%    4.41ms

  Detailed Percentile spectrum:
       Value   Percentile   TotalCount 1/(1-Percentile)

       0.132     0.000000            1         1.00
       0.450     0.100000         9979         1.11
       0.598     0.200000        19939         1.25
       0.730     0.300000        29908         1.43
       0.851     0.400000        39852         1.67
       0.970     0.500000        49863         2.00
       1.027     0.550000        54849         2.22
       1.082     0.600000        59762         2.50
       1.137     0.650000        64763         2.86
       1.191     0.700000        69818         3.33
       1.243     0.750000        74729         4.00
       1.272     0.775000        77233         4.44
       1.303     0.800000        79693         5.00
       1.340     0.825000        82190         5.71
       1.384     0.850000        84697         6.67
       1.436     0.875000        87201         8.00
       1.465     0.887500        88417         8.89
       1.496     0.900000        89665        10.00
       1.529     0.912500        90890        11.43
       1.568     0.925000        92149        13.33
       1.612     0.937500        93388        16.00
       1.636     0.943750        94026        17.78
       1.663     0.950000        94636        20.00
       1.692     0.956250        95242        22.86
       1.725     0.962500        95882        26.67
       1.761     0.968750        96490        32.00
       1.784     0.971875        96812        35.56
       1.805     0.975000        97116        40.00
       1.826     0.978125        97424        45.71
       1.855     0.981250        97735        53.33
       1.887     0.984375        98046        64.00
       1.904     0.985938        98202        71.11
       1.924     0.987500        98359        80.00
       1.941     0.989062        98513        91.43
       1.965     0.990625        98668       106.67
       1.988     0.992188        98821       128.00
       2.001     0.992969        98901       142.22
       2.017     0.993750        98982       160.00
       2.032     0.994531        99059       182.86
       2.051     0.995313        99135       213.33
       2.071     0.996094        99217       256.00
       2.079     0.996484        99253       284.44
       2.091     0.996875        99297       320.00
       2.101     0.997266        99333       365.71
       2.115     0.997656        99369       426.67
       2.129     0.998047        99405       512.00
       2.139     0.998242        99425       568.89
       2.149     0.998437        99446       640.00
       2.163     0.998633        99463       731.43
       2.179     0.998828        99484       853.33
       2.197     0.999023        99502      1024.00
       2.209     0.999121        99512      1137.78
       2.223     0.999219        99523      1280.00
       2.229     0.999316        99532      1462.86
       2.251     0.999414        99541      1706.67
       2.263     0.999512        99551      2048.00
       2.269     0.999561        99557      2275.56
       2.289     0.999609        99562      2560.00
       2.311     0.999658        99565      2925.71
       2.355     0.999707        99570      3413.33
       2.383     0.999756        99576      4096.00
       2.421     0.999780        99578      4551.11
       2.449     0.999805        99580      5120.00
       2.501     0.999829        99582      5851.43
       2.589     0.999854        99585      6826.67
       2.595     0.999878        99587      8192.00
       2.709     0.999890        99589      9102.22
       2.759     0.999902        99590     10240.00
       2.779     0.999915        99591     11702.86
       2.871     0.999927        99592     13653.33
       3.035     0.999939        99593     16384.00
       3.207     0.999945        99594     18204.44
       3.325     0.999951        99595     20480.00
       3.325     0.999957        99595     23405.71
       3.517     0.999963        99596     27306.67
       3.517     0.999969        99596     32768.00
       3.607     0.999973        99597     36408.89
       3.607     0.999976        99597     40960.00
       3.607     0.999979        99597     46811.43
       3.731     0.999982        99598     54613.33
       3.731     0.999985        99598     65536.00
       3.731     0.999986        99598     72817.78
       3.731     0.999988        99598     81920.00
       3.731     0.999989        99598     93622.86
       4.407     0.999991        99599    109226.67
       4.407     1.000000        99599          inf
#[Mean    =        0.975, StdDeviation   =        0.397]
#[Max     =        4.404, Total count    =        99599]
#[Buckets =           27, SubBuckets     =         2048]
----------------------------------------------------------
  149935 requests in 30.00s, 26.88MB read
  Socket errors: connect 0, read 149, write 0, timeout 0
Requests/sec:   4997.27
Transfer/sec:      0.90MB
WRKX_RESULT {"durationUs":30003396,"requests":149935,"responses":149935,"errors":149,"bytes":28187780,"latencyAvgUs":974.878,"latencyP95Us":1662.000,"latencyP99Us":1956.000}
