Running 30s test @ http://localhost:9991/
  16 threads and 256 connections
  Thread calibration: mean lat.: 0.999ms, rate sampling interval: 10ms
  Thread calibration: mean lat.: 1.028ms, rate sampling interval: 10ms
  Thread calibration: mean lat.: 1.022ms, rate sampling interval: 10ms
  Thread calibration: mean lat.: 1.025ms, rate sampling interval: 10ms
  Thread calibration: mean lat.: 0.987ms, rate sampling interval: 10ms
  Thread calibration: mean lat.: 0.997ms, rate sampling interval: 10ms
  Thread calibration: mean lat.: 0.981ms, rate sampling interval: 10ms
  Thread calibration: mean lat.: 1.001ms, rate sampling interval: 10ms
  Thread calibration: mean lat.: 1.002ms, rate sampling interval: 10ms
  Thread calibration: mean lat.: 0.983ms, rate sampling interval: 10ms
  Thread calibration: mean lat.: 1.009ms, rate sampling interval: 10ms
  Thread calibration: mean lat.: 0.981ms, rate sampling interval: 10ms
  Thread calibration: mean lat.: 0.990ms, rate sampling interval: 10ms
  Thread calibration: mean lat.: 0.992ms, rate sampling interval: 10ms
  Thread calibration: mean lat.: 1.015ms, rate sampling interval: 10ms
  Thread calibration: mean lat.: 0.981ms, rate sampling interval: 10ms
  Thread Stats   Avg      Stdev     Max   +/- Stdev
    Latency     0.96ms  414.69us   4.17ms   64.93%
    Req/Sec   657.81    240.99     1.44k    63.23%
  Latency Distribution (HdrHistogram - Recorded Latency)
 50.000%    0.95ms
 75.000%    1.25ms
 90.000%    1.51ms
 99.000%    1.94ms
 99.900%    2.21ms
 99.990%    3.06ms
 99.999%    3.82ms
100.000%    4.17ms

  Detailed Percentile spectrum:
       Value   Percentile   TotalCount 1/(1-Percentile)

       0.100     0.000000            1         1.00
       0.406     0.100000        20027         1.11
       0.563     0.200000        39959         1.25
       0.703     0.300000        59863         1.43
       0.831     0.400000        79713         1.67
       0.954     0.500000        99729         2.00
       1.013     0.550000       109737         2.22
       1.070     0.600000       119512         2.50
       1.128     0.650000       129486         2.86
       1.186     0.700000       139481         3.33
       1.246     0.750000       149455         4.00
       1.279     0.775000       154484         4.44
       1.315     0.800000       159428         5.00
       1.355     0.825000       164384         5.71
       1.399     0.850000       169422         6.67
       1.448     0.875000       174336         8.00
       1.477     0.887500       176861         8.89
       1.506     0.900000       179286        10.00
       1.541     0.912500       181803        11.43
       1.578     0.925000       184264        13.33
       1.621     0.937500       186790        16.00
       1.645     0.943750       188028        17.78
       1.669     0.950000       189243        20.00
       1.696     0.956250       190491        22.86
       1.726     0.962500       191751        26.67
       1.760     0.968750       192965        32.00
       1.780     0.971875       193617        35.56
       1.800     0.975000       194230        40.00
       1.823     0.978125       194841        45.71
       1.848     0.981250       195458        53.33
       1.875     0.984375       196078        64.00
       1.891     0.985938       196394        71.11
       1.910     0.987500       196705        80.00
       1.928     0.989062       197012        91.43
       1.948     0.990625       197322       106.67
       1.972     0.992188       197637       128.00
       1.985     0.992969       197784       142.22
       2.000     0.993750       197948       160.00
       2.015     0.994531       198093       182.86
       2.033     0.995313       198252       213.33
       2.055     0.996094       198418       256.00
       2.065     0.996484       198488       284.44
       2.077     0.996875       198563       320.00
       2.093     0.997266       198645       365.71
       2.109     0.997656       198722       426.67
       2.129     0.998047       198796       512.00
       2.143     0.998242       198835       568.89
       2.157     0.998437       198874       640.00
       2.173     0.998633       198911       731.43
       2.191     0.998828       198952       853.33
       2.211     0.999023       198991      1024.00
       2.225     0.999121       199009      1137.78
       2.243     0.999219       199027      1280.00
       2.267     0.999316       199046      1462.86
       2.317     0.999414       199067      1706.67
       2.375     0.999512       199086      2048.00
       2.393     0.999561       199096      2275.56
       2.419     0.999609       199105      2560.00
       2.481     0.999658       199114      2925.71
       2.521     0.999707       199124      3413.33
       2.647     0.999756       199134      4096.00
       2.731     0.999780       199139      4551.11
       2.813     0.999805       199144      5120.00
       2.869     0.999829       199148      5851.43
       2.995     0.999854       199153      6826.67
       3.041     0.999878       199159      8192.00
       3.051     0.999890       199161      9102.22
       3.063     0.999902       199163     10240.00
       3.077     0.999915       199165     11702.86
       3.251     0.999927       199168     13653.33
       3.279     0.999939       199170     16384.00
       3.343     0.999945       199172     18204.44
       3.363     0.999951       199173     20480.00
       3.385     0.999957       199174     23405.71
       3.393     0.999963       199175     27306.67
       3.509     0.999969       199176     32768.00
       3.535     0.999973       199177     36408.89
       3.593     0.999976       199178     40960.00
       3.593     0.999979       199178     46811.43
       3.617     0.999982       199179     54613.33
       3.617     0.999985       199179     65536.00
       3.817     0.999986       199180     72817.78
       3.817     0.999988       199180     81920.00
       3.817     0.999989       199180     93622.86
       3.999     0.999991       199181    109226.67
       3.999     0.999992       199181    131072.00
       3.999     0.999993       199181    145635.56
       3.999     0.999994       199181    163840.00
       3.999     0.999995       199181    187245.71
       4.171     0.999995       199182    218453.33
       4.171     1.000000       199182          inf
#[Mean    =        0.959, StdDeviation   =        0.415]
#[Max     =        4.168, Total count    =       199182]
#[Buckets =           27, SubBuckets     =         2048]
----------------------------------------------------------
  299708 requests in 30.00s, 53.74MB read
  Socket errors: connect 0, read 637, write 0, timeout 0
Requests/sec:   9989.61
Transfer/sec:      1.79MB
WRKX_RESULT {"durationUs":30001978,"requests":299708,"responses":299708,"errors":637,"bytes":56345294,"latencyAvgUs":958.840,"latencyP95Us":1669.000,"latencyP99Us":1939.000}
