Running 30s test @ http://localhost:9991/
  16 threads and 256 connections
  Thread calibration: mean lat.: 1.004ms, rate sampling interval: 10ms
  Thread calibration: mean lat.: 0.996ms, rate sampling interval: 10ms
  Thread calibration: mean lat.: 1.002ms, rate sampling interval: 10ms
  Thread calibration: mean lat.: 1.010ms, rate sampling interval: 10ms
  Thread calibration: mean lat.: 1.021ms, rate sampling interval: 10ms
  Thread calibration: mean lat.: 1.011ms, rate sampling interval: 10ms
  Thread calibration: mean lat.: 1.006ms, rate sampling interval: 10ms
  Thread calibration: mean lat.: 1.031ms, rate sampling interval: 10ms
  Thread calibration: mean lat.: 1.014ms, rate sampling interval: 10ms
  Thread calibration: mean lat.: 0.995ms, rate sampling interval: 10ms
  Thread calibration: mean lat.: 1.007ms, rate sampling interval: 10ms
  Thread calibration: mean lat.: 1.008ms, rate sampling interval: 10ms
  Thread calibration: mean lat.: 1.008ms, rate sampling interval: 10ms
  Thread calibration: mean lat.: 1.013ms, rate sampling interval: 10ms
  Thread calibration: mean lat.: 1.008ms, rate sampling interval: 10ms
  Thread calibration: mean lat.: 1.019ms, rate sampling interval: 10ms
  Thread Stats   Avg      Stdev     Max   +/- Stdev
    Latency     0.96ms  421.87us   4.44ms   64.37%
    Req/Sec     1.32k   191.69     1.78k    66.63%
  Latency Distribution (HdrHistogram - Recorded Latency)
 50.000%    0.96ms
 75.000%    1.26ms
 90.000%    1.51ms
 99.000%    1.96ms
 99.900%    2.36ms
 99.990%    3.17ms
 99.999%    4.09ms
100.000%    4.44ms

  Detailed Percentile spectrum:
       Value   Percentile   TotalCount 1/(1-Percentile)

       0.096     0.000000            1         1.00
       0.400     0.100000        40029         1.11
       0.556     0.200000        79806         1.25
       0.697     0.300000       119695         1.43
       0.829     0.400000       159475         1.67
       0.957     0.500000       199313         2.00
       1.019     0.550000       219369         2.22
       1.080     0.600000       239110         2.50
       1.141     0.650000       258993         2.86
       1.202     0.700000       279052         3.33
       1.265     0.750000       298837         4.00
       1.300     0.775000       308901         4.44
       1.335     0.800000       318726         5.00
       1.373     0.825000       328772         5.71
       1.412     0.850000       338617         6.67
       1.457     0.875000       348686         8.00
       1.482     0.887500       353568         8.89
       1.510     0.900000       358670        10.00
       1.540     0.912500       363591        11.43
       1.574     0.925000       368567        13.33
       1.614     0.937500       373557        16.00
       1.637     0.943750       376050        17.78
       1.661     0.950000       378450        20.00
       1.689     0.956250       381002        22.86
       1.719     0.962500       383475        26.67
       1.754     0.968750       385934        32.00
       1.773     0.971875       387167        35.56
       1.795     0.975000       388405        40.00
       1.821     0.978125       389699        45.71
       1.848     0.981250       390917        53.33
       1.881     0.984375       392142        64.00
       1.900     0.985938       392776        71.11
       1.921     0.987500       393408        80.00
       1.944     0.989062       394013        91.43
       1.968     0.990625       394641       106.67
       1.999     0.992188       395269       128.00
       2.014     0.992969       395572       142.22
       2.032     0.993750       395879       160.00
       2.053     0.994531       396190       182.86
       2.079     0.995313       396509       213.33
       2.107     0.996094       396808       256.00
       2.123     0.996484       396960       284.44
       2.143     0.996875       397126       320.00
       2.163     0.997266       397280       365.71
       2.191     0.997656       397434       426.67
       2.221     0.998047       397583       512.00
       2.241     0.998242       397663       568.89
       2.263     0.998437       397740       640.00
       2.291     0.998633       397818       731.43
       2.325     0.998828       397894       853.33
       2.365     0.999023       397974      1024.00
       2.391     0.999121       398010      1137.78
       2.419     0.999219       398050      1280.00
       2.457     0.999316       398088      1462.86
       2.497     0.999414       398127      1706.67
       2.557     0.999512       398166      2048.00
       2.589     0.999561       398187      2275.56
       2.625     0.999609       398206      2560.00
       2.657     0.999658       398224      2925.71
       2.723     0.999707       398244      3413.33
       2.813     0.999756       398263      4096.00
       2.869     0.999780       398273      4551.11
       2.927     0.999805       398284      5120.00
       2.973     0.999829       398292      5851.43
       3.025     0.999854       398302      6826.67
       3.079     0.999878       398312      8192.00
       3.157     0.999890       398317      9102.22
       3.185     0.999902       398323     10240.00
       3.231     0.999915       398326     11702.86
       3.301     0.999927       398331     13653.33
       3.391     0.999939       398336     16384.00
       3.417     0.999945       398339     18204.44
       3.475     0.999951       398341     20480.00
       3.511     0.999957       398343     23405.71
       3.601     0.999963       398347     27306.67
       3.621     0.999969       398348     32768.00
       3.683     0.999973       398350     36408.89
       3.687     0.999976       398351     40960.00
       3.777     0.999979       398352     46811.43
       3.783     0.999982       398353     54613.33
       3.811     0.999985       398354     65536.00
       4.023     0.999986       398355     72817.78
       4.089     0.999988       398356     81920.00
       4.089     0.999989       398356     93622.86
       4.095     0.999991       398357    109226.67
       4.095     0.999992       398357    131072.00
       4.311     0.999993       398358    145635.56
       4.311     0.999994       398358    163840.00
       4.311     0.999995       398358    187245.71
       4.315     0.999995       398359    218453.33
       4.315     0.999996       398359    262144.00
       4.315     0.999997       398359    291271.11
       4.315     0.999997       398359    327680.00
       4.315     0.999997       398359    374491.43
       4.439     0.999998       398360    436906.67
       4.439     1.000000       398360          inf
#[Mean    =        0.962, StdDeviation   =        0.422]
#[Max     =        4.436, Total count    =       398360]
#[Buckets =           27, SubBuckets     =         2048]
----------------------------------------------------------
  599309 requests in 30.00s, 107.45MB read
  Socket errors: connect 0, read 1187, write 0, timeout 0
Requests/sec:  19976.80
Transfer/sec:      3.58MB
WRKX_RESULT {"durationUs":30000245,"requests":599309,"responses":599309,"errors":1187,"bytes":112670890,"latencyAvgUs":961.968,"latencyP95Us":1661.000,"latencyP99Us":1957.000}
