Running 30s test @ http://localhost:9991/
  16 threads and 256 connections
  Thread calibration: mean lat.: 1.146ms, rate sampling interval: 10ms
  Thread calibration: mean lat.: 1.115ms, rate sampling interval: 10ms
  Thread calibration: mean lat.: 1.145ms, rate sampling interval: 10ms
  Thread calibration: mean lat.: 1.190ms, rate sampling interval: 10ms
  Thread calibration: mean lat.: 1.200ms, rate sampling interval: 10ms
  Thread calibration: mean lat.: 1.167ms, rate sampling interval: 10ms
  Thread calibration: mean lat.: 1.187ms, rate sampling interval: 10ms
  Thread calibration: mean lat.: 1.152ms, rate sampling interval: 10ms
  Thread calibration: mean lat.: 1.154ms, rate sampling interval: 10ms
  Thread calibration: mean lat.: 1.177ms, rate sampling interval: 10ms
  Thread calibration: mean lat.: 1.189ms, rate sampling interval: 10ms
  Thread calibration: mean lat.: 1.172ms, rate sampling interval: 10ms
  Thread calibration: mean lat.: 1.156ms, rate sampling interval: 10ms
  Thread calibration: mean lat.: 1.172ms, rate sampling interval: 10ms
  Thread calibration: mean lat.: 1.148ms, rate sampling interval: 10ms
  Thread calibration: mean lat.: 1.166ms, rate sampling interval: 10ms
  Thread Stats   Avg      Stdev     Max   +/- Stdev
    Latency     1.11ms  501.42us   6.91ms   66.47%
    Req/Sec     2.64k   313.09     3.56k    71.52%
  Latency Distribution (HdrHistogram - Recorded Latency)
 50.000%    1.08ms
 75.000%    1.45ms
 90.000%    1.76ms
 99.000%    2.42ms
 99.900%    3.25ms
 99.990%    4.36ms
 99.999%    5.36ms
100.000%    6.91ms

  Detailed Percentile spectrum:
       Value   Percentile   TotalCount 1/(1-Percentile)

       0.109     0.000000            1         1.00
       0.476     0.100000        79914         1.11
       0.649     0.200000       159572         1.25
       0.802     0.300000       239402         1.43
       0.942     0.400000       318706         1.67
       1.079     0.500000       398571         2.00
       1.148     0.550000       438218         2.22
       1.218     0.600000       478138         2.50
       1.291     0.650000       517913         2.86
       1.368     0.700000       558098         3.33
       1.447     0.750000       597804         4.00
       1.489     0.775000       617562         4.44
       1.534     0.800000       637592         5.00
       1.582     0.825000       657573         5.71
       1.635     0.850000       677503         6.67
       1.694     0.875000       697223         8.00
       1.728     0.887500       707387         8.89
       1.764     0.900000       717261        10.00
       1.803     0.912500       727057        11.43
       1.848     0.925000       737115        13.33
       1.901     0.937500       747117        16.00
       1.930     0.943750       752083        17.78
       1.962     0.950000       756986        20.00
       1.998     0.956250       761954        22.86
       2.039     0.962500       766964        26.67
       2.089     0.968750       771966        32.00
       2.117     0.971875       774431        35.56
       2.149     0.975000       776932        40.00
       2.187     0.978125       779435        45.71
       2.229     0.981250       781825        53.33
       2.281     0.984375       784319        64.00
       2.313     0.985938       785573        71.11
       2.349     0.987500       786815        80.00
       2.389     0.989062       788040        91.43
       2.437     0.990625       789315       106.67
       2.489     0.992188       790538       128.00
       2.525     0.992969       791162       142.22
       2.563     0.993750       791777       160.00
       2.607     0.994531       792400       182.86
       2.657     0.995313       793028       213.33
       2.717     0.996094       793649       256.00
       2.755     0.996484       793953       284.44
       2.799     0.996875       794265       320.00
       2.853     0.997266       794591       365.71
       2.909     0.997656       794892       426.67
       2.981     0.998047       795206       512.00
       3.025     0.998242       795357       568.89
       3.071     0.998437       795510       640.00
       3.121     0.998633       795665       731.43
       3.185     0.998828       795821       853.33
       3.259     0.999023       795979      1024.00
       3.297     0.999121       796054      1137.78
       3.345     0.999219       796132      1280.00
       3.411     0.999316       796212      1462.86
       3.477     0.999414       796290      1706.67
       3.553     0.999512       796365      2048.00
       3.591     0.999561       796404      2275.56
       3.645     0.999609       796443      2560.00
       3.711     0.999658       796483      2925.71
       3.775     0.999707       796521      3413.33
       3.863     0.999756       796560      4096.00
       3.917     0.999780       796581      4551.11
       3.961     0.999805       796599      5120.00
       4.053     0.999829       796618      5851.43
       4.135     0.999854       796638      6826.67
       4.231     0.999878       796660      8192.00
       4.255     0.999890       796667      9102.22
       4.375     0.999902       796677     10240.00
       4.463     0.999915       796686     11702.86
       4.539     0.999927       796696     13653.33
       4.615     0.999939       796707     16384.00
       4.663     0.999945       796711     18204.44
       4.695     0.999951       796716     20480.00
       4.831     0.999957       796720     23405.71
       5.011     0.999963       796725     27306.67
       5.063     0.999969       796730     32768.00
       5.115     0.999973       796733     36408.89
       5.123     0.999976       796735     40960.00
       5.155     0.999979       796737     46811.43
       5.227     0.999982       796740     54613.33
       5.255     0.999985       796742     65536.00
       5.303     0.999986       796744     72817.78
       5.351     0.999988       796745     81920.00
       5.363     0.999989       796747     93622.86
       5.363     0.999991       796747    109226.67
       5.431     0.999992       796748    131072.00
       5.579     0.999993       796749    145635.56
       5.623     0.999994       796750    163840.00
       5.623     0.999995       796750    187245.71
       5.651     0.999995       796751    218453.33
       5.651     0.999996       796751    262144.00
       5.799     0.999997       796752    291271.11
       5.799     0.999997       796752    327680.00
       5.799     0.999997       796752    374491.43
       6.183     0.999998       796753    436906.67
       6.183     0.999998       796753    524288.00
       6.183     0.999998       796753    582542.22
       6.183     0.999998       796753    655360.00
       6.183     0.999999       796753    748982.86
       6.911     0.999999       796754    873813.33
       6.911     1.000000       796754          inf
#[Mean    =        1.112, StdDeviation   =        0.501]
#[Max     =        6.908, Total count    =       796754]
#[Buckets =           27, SubBuckets     =         2048]
----------------------------------------------------------
  1196104 requests in 30.00s, 214.45MB read
  Socket errors: connect 0, read 2415, write 0, timeout 0
Requests/sec:  39864.25
Transfer/sec:      7.15MB
WRKX_RESULT {"durationUs":30004426,"requests":1196104,"responses":1196104,"errors":2415,"bytes":224870516,"latencyAvgUs":1111.553,"latencyP95Us":1962.000,"latencyP99Us":2417.000}
