Running 30s test @ http://localhost:9991/
  16 threads and 256 connections
  Thread calibration: mean lat.: 2898.768ms, rate sampling interval: 10559ms
  Thread calibration: mean lat.: 2622.704ms, rate sampling interval: 9871ms
  Thread calibration: mean lat.: 2919.150ms, rate sampling interval: 10067ms
  Thread calibration: mean lat.: 2727.614ms, rate sampling interval: 10444ms
  Thread calibration: mean lat.: 2920.851ms, rate sampling interval: 10772ms
  Thread calibration: mean lat.: 2795.444ms, rate sampling interval: 10092ms
  Thread calibration: mean lat.: 2937.184ms, rate sampling interval: 10854ms
  Thread calibration: mean lat.: 2790.181ms, rate sampling interval: 10215ms
  Thread calibration: mean lat.: 2515.921ms, rate sampling interval: 9388ms
  Thread calibration: mean lat.: 2780.062ms, rate sampling interval: 10043ms
  Thread calibration: mean lat.: 2734.861ms, rate sampling interval: 10330ms
  Thread calibration: mean lat.: 2746.434ms, rate sampling interval: 10362ms
  Thread calibration: mean lat.: 2802.371ms, rate sampling interval: 10682ms
  Thread calibration: mean lat.: 2691.581ms, rate sampling interval: 9920ms
  Thread calibration: mean lat.: 2661.702ms, rate sampling interval: 9904ms
  Thread calibration: mean lat.: 2645.828ms, rate sampling interval: 10362ms
  Thread Stats   Avg      Stdev     Max   +/- Stdev
    Latency    11.14s     3.35s   18.73s    60.11%
    Req/Sec     5.48k   214.58     5.74k    70.00%
  Latency Distribution (HdrHistogram - Recorded Latency)
 50.000%   11.09s 
 75.000%   13.90s 
 90.000%   15.71s 
 99.000%   17.65s 
 99.900%   18.32s 
 99.990%   18.63s 
 99.999%   18.69s 
100.000%   18.74s 

  Detailed Percentile spectrum:
       Value   Percentile   TotalCount 1/(1-Percentile)

    3303.423     0.000000            6         1.00
    6651.903     0.100000       174956         1.11
    7778.303     0.200000       349365         1.25
    8855.551     0.300000       524346         1.43
   10010.623     0.400000       698017         1.67
   11091.967     0.500000       872520         2.00
   11640.831     0.550000       960433         2.22
   12230.655     0.600000      1047336         2.50
   12795.903     0.650000      1135308         2.86
   13361.151     0.700000      1222432         3.33
   13901.823     0.750000      1309292         4.00
   14172.159     0.775000      1353108         4.44
   14475.263     0.800000      1396914         5.00
   14761.983     0.825000      1440628         5.71
   15073.279     0.850000      1483518         6.67
   15392.767     0.875000      1527675         8.00
   15540.223     0.887500      1549293         8.89
   15712.255     0.900000      1571444        10.00
   15884.287     0.912500      1592737        11.43
   16064.511     0.925000      1614680        13.33
   16285.695     0.937500      1636022        16.00
   16408.575     0.943750      1647041        17.78
   16523.263     0.950000      1658243        20.00
   16654.335     0.956250      1669253        22.86
   16793.599     0.962500      1680507        26.67
   16924.671     0.968750      1690822        32.00
   16990.207     0.971875      1696229        35.56
   17088.511     0.975000      1702246        40.00
   17170.431     0.978125      1707099        45.71
   17285.119     0.981250      1712810        53.33
   17399.807     0.984375      1718301        64.00
   17465.343     0.985938      1720894        71.11
   17530.879     0.987500      1723612        80.00
   17596.415     0.989062      1726110        91.43
   17678.335     0.990625      1729234       106.67
   17760.255     0.992188      1731529       128.00
   17825.791     0.992969      1733151       142.22
   17858.559     0.993750      1734424       160.00
   17891.327     0.994531      1735657       182.86
   17940.479     0.995313      1736991       213.33
   17989.631     0.996094      1738223       256.00
   18022.399     0.996484      1739094       284.44
   18055.167     0.996875      1739780       320.00
   18087.935     0.997266      1740482       365.71
   18120.703     0.997656      1741117       426.67
   18153.471     0.998047      1741624       512.00
   18202.623     0.998242      1742079       568.89
   18235.391     0.998437      1742513       640.00
   18251.775     0.998633      1742811       731.43
   18284.543     0.998828      1743073       853.33
   18333.695     0.999023      1743383      1024.00
   18350.079     0.999121      1743519      1137.78
   18382.847     0.999219      1743680      1280.00
   18431.999     0.999316      1743858      1462.86
   18464.767     0.999414      1744034      1706.67
   18497.535     0.999512      1744187      2048.00
   18530.303     0.999561      1744309      2275.56
   18546.687     0.999609      1744408      2560.00
   18563.071     0.999658      1744639      2925.71
   18563.071     0.999707      1744639      3413.33
   18563.071     0.999756      1744639      4096.00
   18579.455     0.999780      1744715      4551.11
   18579.455     0.999805      1744715      5120.00
   18595.839     0.999829      1744768      5851.43
   18612.223     0.999854      1744814      6826.67
   18628.607     0.999878      1744864      8192.00
   18628.607     0.999890      1744864      9102.22
   18628.607     0.999902      1744864     10240.00
   18644.991     0.999915      1744924     11702.86
   18644.991     0.999927      1744924     13653.33
   18644.991     0.999939      1744924     16384.00
   18661.375     0.999945      1744981     18204.44
   18661.375     0.999951      1744981     20480.00
   18661.375     0.999957      1744981     23405.71
   18661.375     0.999963      1744981     27306.67
   18661.375     0.999969      1744981     32768.00
   18677.759     0.999973      1745007     36408.89
   18677.759     0.999976      1745007     40960.00
   18677.759     0.999979      1745007     46811.43
   18677.759     0.999982      1745007     54613.33
   18677.759     0.999985      1745007     65536.00
   18677.759     0.999986      1745007     72817.78
   18694.143     0.999988      1745013     81920.00
   18694.143     0.999989      1745013     93622.86
   18710.527     0.999991      1745018    109226.67
   18710.527     0.999992      1745018    131072.00
   18726.911     0.999993      1745025    145635.56
   18726.911     0.999994      1745025    163840.00
   18726.911     0.999995      1745025    187245.71
   18726.911     0.999995      1745025    218453.33
   18726.911     0.999996      1745025    262144.00
   18726.911     0.999997      1745025    291271.11
   18726.911     0.999997      1745025    327680.00
   18743.295     0.999997      1745030    374491.43
   18743.295     1.000000      1745030          inf
#[Mean    =    11142.995, StdDeviation   =     3351.693]
#[Max     =    18726.912, Total count    =      1745030]
#[Buckets =           27, SubBuckets     =         2048]
----------------------------------------------------------
  2628813 requests in 30.00s, 471.41MB read
  Socket errors: connect 0, read 707, write 0, timeout 0
Requests/sec:  87629.25
Transfer/sec:     15.71MB
WRKX_RESULT {"durationUs":29999264,"requests":2628813,"responses":2628813,"errors":707,"bytes":494314428,"latencyAvgUs":11142995.476,"latencyP95Us":16523263.000,"latencyP99Us":17645567.000}
