Running 30s test @ http://localhost:9991/
  16 threads and 256 connections
  Thread calibration: mean lat.: 1.454ms, rate sampling interval: 10ms
  Thread calibration: mean lat.: 1.466ms, rate sampling interval: 10ms
  Thread calibration: mean lat.: 1.473ms, rate sampling interval: 10ms
  Thread calibration: mean lat.: 1.432ms, rate sampling interval: 10ms
  Thread calibration: mean lat.: 1.456ms, rate sampling interval: 10ms
  Thread calibration: mean lat.: 1.471ms, rate sampling interval: 10ms
  Thread calibration: mean lat.: 1.448ms, rate sampling interval: 10ms
  Thread calibration: mean lat.: 1.439ms, rate sampling interval: 10ms
  Thread calibration: mean lat.: 1.442ms, rate sampling interval: 10ms
  Thread calibration: mean lat.: 1.467ms, rate sampling interval: 10ms
  Thread calibration: mean lat.: 1.414ms, rate sampling interval: 10ms
  Thread calibration: mean lat.: 1.448ms, rate sampling interval: 10ms
  Thread calibration: mean lat.: 1.385ms, rate sampling interval: 10ms
  Thread calibration: mean lat.: 1.440ms, rate sampling interval: 10ms
  Thread calibration: mean lat.: 1.398ms, rate sampling interval: 10ms
  Thread calibration: mean lat.: 1.434ms, rate sampling interval: 10ms
  Thread Stats   Avg      Stdev     Max   +/- Stdev
    Latency     1.46ms    0.88ms  24.93ms   80.32%
    Req/Sec     3.29k   261.13     4.78k    76.58%
  Latency Distribution (HdrHistogram - Recorded Latency)
 50.000%    1.34ms
 75.000%    1.85ms
 90.000%    2.38ms
 99.000%    3.56ms
 99.900%   11.46ms
 99.990%   19.71ms
 99.999%   24.16ms
100.000%   24.94ms

  Detailed Percentile spectrum:
       Value   Percentile   TotalCount 1/(1-Percentile)

       0.106     0.000000            1         1.00
       0.604     0.100000        99796         1.11
       0.819     0.200000       199706         1.25
       1.001     0.300000       299376         1.43
       1.171     0.400000       398769         1.67
       1.342     0.500000       498498         2.00
       1.431     0.550000       548098         2.22
       1.524     0.600000       597673         2.50
       1.624     0.650000       647781         2.86
       1.732     0.700000       697523         3.33
       1.851     0.750000       747039         4.00
       1.916     0.775000       771954         4.44
       1.987     0.800000       796823         5.00
       2.067     0.825000       822194         5.71
       2.153     0.850000       846779         6.67
       2.255     0.875000       871767         8.00
       2.313     0.887500       884229         8.89
       2.377     0.900000       896627        10.00
       2.449     0.912500       908995        11.43
       2.531     0.925000       921486        13.33
       2.625     0.937500       933855        16.00
       2.679     0.943750       940116        17.78
       2.737     0.950000       946283        20.00
       2.803     0.956250       952548        22.86
       2.879     0.962500       958719        26.67
       2.971     0.968750       964985        32.00
       3.023     0.971875       968006        35.56
       3.085     0.975000       971183        40.00
       3.151     0.978125       974307        45.71
       3.227     0.981250       977365        53.33
       3.319     0.984375       980453        64.00
       3.375     0.985938       982048        71.11
       3.435     0.987500       983577        80.00
       3.507     0.989062       985139        91.43
       3.601     0.990625       986679       106.67
       3.715     0.992188       988237       128.00
       3.789     0.992969       989028       142.22
       3.879     0.993750       989793       160.00
       3.989     0.994531       990576       182.86
       4.135     0.995313       991365       213.33
       4.351     0.996094       992125       256.00
       4.507     0.996484       992515       284.44
       4.771     0.996875       992907       320.00
       5.187     0.997266       993294       365.71
       6.019     0.997656       993683       426.67
       7.111     0.998047       994071       512.00
       7.739     0.998242       994265       568.89
       8.439     0.998437       994459       640.00
       9.263     0.998633       994654       731.43
      10.287     0.998828       994848       853.33
      11.687     0.999023       995043      1024.00
      12.551     0.999121       995140      1137.78
      13.223     0.999219       995237      1280.00
      13.823     0.999316       995335      1462.86
      14.487     0.999414       995432      1706.67
      15.383     0.999512       995529      2048.00
      15.815     0.999561       995578      2275.56
      16.295     0.999609       995628      2560.00
      16.879     0.999658       995677      2925.71
      17.343     0.999707       995725      3413.33
      17.855     0.999756       995772      4096.00
      18.127     0.999780       995800      4551.11
      18.335     0.999805       995821      5120.00
      18.751     0.999829       995846      5851.43
      19.151     0.999854       995873      6826.67
      19.503     0.999878       995894      8192.00
      19.631     0.999890       995906      9102.22
      19.743     0.999902       995918     10240.00
      19.999     0.999915       995930     11702.86
      20.159     0.999927       995943     13653.33
      20.623     0.999939       995955     16384.00
      20.783     0.999945       995961     18204.44
      21.215     0.999951       995967     20480.00
      21.423     0.999957       995973     23405.71
      21.951     0.999963       995979     27306.67
      22.383     0.999969       995985     32768.00
      22.623     0.999973       995988     36408.89
      22.991     0.999976       995991     40960.00
      23.199     0.999979       995994     46811.43
      23.615     0.999982       995997     54613.33
      23.727     0.999985       996000     65536.00
      23.903     0.999986       996002     72817.78
      23.983     0.999988       996003     81920.00
      24.159     0.999989       996005     93622.86
      24.255     0.999991       996006    109226.67
      24.287     0.999992       996008    131072.00
      24.303     0.999993       996009    145635.56
      24.303     0.999994       996009    163840.00
      24.607     0.999995       996010    187245.71
      24.703     0.999995       996011    218453.33
      24.847     0.999996       996012    262144.00
      24.847     0.999997       996012    291271.11
      24.847     0.999997       996012    327680.00
      24.895     0.999997       996013    374491.43
      24.895     0.999998       996013    436906.67
      24.943     0.999998       996015    524288.00
      24.943     1.000000       996015          inf
#[Mean    =        1.455, StdDeviation   =        0.878]
#[Max     =       24.928, Total count    =       996015]
#[Buckets =           27, SubBuckets     =         2048]
----------------------------------------------------------
  1498077 requests in 30.00s, 268.60MB read
  Socket errors: connect 0, read 2824, write 0, timeout 0
Requests/sec:  49935.97
Transfer/sec:      8.95MB
WRKX_RESULT {"durationUs":29999958,"requests":1498077,"responses":1498077,"errors":2824,"bytes":281647387,"latencyAvgUs":1455.402,"latencyP95Us":2737.000,"latencyP99Us":3561.000}
