Running 30s test @ http://localhost:9991/
  16 threads and 256 connections
  Thread calibration: mean lat.: 0.957ms, rate sampling interval: 10ms
  Thread calibration: mean lat.: 0.938ms, rate sampling interval: 10ms
  Thread calibration: mean lat.: 0.957ms, rate sampling interval: 10ms
  Thread calibration: mean lat.: 0.955ms, rate sampling interval: 10ms
  Thread calibration: mean lat.: 0.949ms, rate sampling interval: 10ms
  Thread calibration: mean lat.: 0.956ms, rate sampling interval: 10ms
  Thread calibration: mean lat.: 0.955ms, rate sampling interval: 10ms
  Thread calibration: mean lat.: 0.956ms, rate sampling interval: 10ms
  Thread calibration: mean lat.: 0.959ms, rate sampling interval: 10ms
  Thread calibration: mean lat.: 0.955ms, rate sampling interval: 10ms
  Thread calibration: mean lat.: 0.964ms, rate sampling interval: 10ms
  Thread calibration: mean lat.: 0.956ms, rate sampling interval: 10ms
  Thread calibration: mean lat.: 0.956ms, rate sampling interval: 10ms
  Thread calibration: mean lat.: 0.968ms, rate sampling interval: 10ms
  Thread calibration: mean lat.: 0.973ms, rate sampling interval: 10ms
  Thread calibration: mean lat.: 0.951ms, rate sampling interval: 10ms
  Thread Stats   Avg      Stdev     Max   +/- Stdev
    Latency     0.93ms  411.49us   4.23ms   64.69%
    Req/Sec     0.99k   159.50     1.44k    67.24%
  Latency Distribution (HdrHistogram - Recorded Latency)
 50.000%    0.93ms
 75.000%    1.22ms
 90.000%    1.47ms
 99.000%    1.91ms
 99.900%    2.21ms
 99.990%    2.94ms
 99.999%    4.00ms
100.000%    4.24ms

  Detailed Percentile spectrum:
       Value   Percentile   TotalCount 1/(1-Percentile)

       0.102     0.000000            1         1.00
       0.382     0.100000        30006         1.11
       0.534     0.200000        59766         1.25
       0.673     0.300000        89739         1.43
       0.804     0.400000       119655         1.67
       0.929     0.500000       149581         2.00
       0.990     0.550000       164414         2.22
       1.049     0.600000       179278         2.50
       1.108     0.650000       194442         2.86
       1.165     0.700000       209342         3.33
       1.223     0.750000       224279         4.00
       1.255     0.775000       231754         4.44
       1.289     0.800000       239084         5.00
       1.326     0.825000       246606         5.71
       1.367     0.850000       254085         6.67
       1.412     0.875000       261475         8.00
       1.437     0.887500       265221         8.89
       1.465     0.900000       268983        10.00
       1.496     0.912500       272721        11.43
       1.532     0.925000       276433        13.33
       1.574     0.937500       280139        16.00
       1.597     0.943750       282027        17.78
       1.623     0.950000       283898        20.00
       1.652     0.956250       285739        22.86
       1.685     0.962500       287615        26.67
       1.723     0.968750       289485        32.00
       1.744     0.971875       290418        35.56
       1.766     0.975000       291353        40.00
       1.790     0.978125       292280        45.71
       1.818     0.981250       293204        53.33
       1.846     0.984375       294129        64.00
       1.864     0.985938       294611        71.11
       1.881     0.987500       295078        80.00
       1.901     0.989062       295541        91.43
       1.924     0.990625       296008       106.67
       1.951     0.992188       296475       128.00
       1.964     0.992969       296694       142.22
       1.980     0.993750       296941       160.00
       1.998     0.994531       297162       182.86
       2.017     0.995313       297394       213.33
       2.041     0.996094       297629       256.00
       2.055     0.996484       297755       284.44
       2.067     0.996875       297871       320.00
       2.081     0.997266       297978       365.71
       2.099     0.997656       298095       426.67
       2.121     0.998047       298217       512.00
       2.135     0.998242       298274       568.89
       2.147     0.998437       298333       640.00
       2.163     0.998633       298389       731.43
       2.185     0.998828       298450       853.33
       2.213     0.999023       298503      1024.00
       2.233     0.999121       298533      1137.78
       2.243     0.999219       298561      1280.00
       2.273     0.999316       298591      1462.86
       2.305     0.999414       298622      1706.67
       2.339     0.999512       298649      2048.00
       2.371     0.999561       298663      2275.56
       2.415     0.999609       298679      2560.00
       2.451     0.999658       298692      2925.71
       2.501     0.999707       298707      3413.33
       2.543     0.999756       298722      4096.00
       2.569     0.999780       298729      4551.11
       2.637     0.999805       298736      5120.00
       2.691     0.999829       298743      5851.43
       2.771     0.999854       298751      6826.67
       2.879     0.999878       298758      8192.00
       2.921     0.999890       298762      9102.22
       2.945     0.999902       298765     10240.00
       2.967     0.999915       298769     11702.86
       3.035     0.999927       298773     13653.33
       3.107     0.999939       298776     16384.00
       3.123     0.999945       298778     18204.44
       3.223     0.999951       298780     20480.00
       3.301     0.999957       298782     23405.71
       3.419     0.999963       298784     27306.67
       3.427     0.999969       298785     32768.00
       3.439     0.999973       298786     36408.89
       3.443     0.999976       298787     40960.00
       3.531     0.999979       298788     46811.43
       3.667     0.999982       298789     54613.33
       3.787     0.999985       298790     65536.00
       3.787     0.999986       298790     72817.78
       3.999     0.999988       298791     81920.00
       3.999     0.999989       298791     93622.86
       4.043     0.999991       298792    109226.67
       4.043     0.999992       298792    131072.00
       4.043     0.999993       298792    145635.56
       4.155     0.999994       298793    163840.00
       4.155     0.999995       298793    187245.71
       4.155     0.999995       298793    218453.33
       4.155     0.999996       298793    262144.00
       4.155     0.999997       298793    291271.11
       4.235     0.999997       298794    327680.00
       4.235     1.000000       298794          inf
#[Mean    =        0.932, StdDeviation   =        0.411]
#[Max     =        4.232, Total count    =       298794]
#[Buckets =           27, SubBuckets     =         2048]
----------------------------------------------------------
  449548 requests in 30.00s, 80.60MB read
  Socket errors: connect 0, read 897, write 0, timeout 0
Requests/sec:  14984.42
Transfer/sec:      2.69MB
WRKX_RESULT {"durationUs":30001036,"requests":449548,"responses":449548,"errors":897,"bytes":84515423,"latencyAvgUs":932.034,"latencyP95Us":1623.000,"latencyP99Us":1913.000}
