Running 30s test @ http://localhost:9991/
  16 threads and 256 connections
  Thread calibration: mean lat.: 1.139ms, rate sampling interval: 10ms
  Thread calibration: mean lat.: 1.119ms, rate sampling interval: 10ms
  Thread calibration: mean lat.: 1.119ms, rate sampling interval: 10ms
  Thread calibration: mean lat.: 1.122ms, rate sampling interval: 10ms
  Thread calibration: mean lat.: 1.124ms, rate sampling interval: 10ms
  Thread calibration: mean lat.: 1.128ms, rate sampling interval: 10ms
  Thread calibration: mean lat.: 1.144ms, rate sampling interval: 10ms
  Thread calibration: mean lat.: 1.122ms, rate sampling interval: 10ms
  Thread calibration: mean lat.: 1.135ms, rate sampling interval: 10ms
  Thread calibration: mean lat.: 1.122ms, rate sampling interval: 10ms
  Thread calibration: mean lat.: 1.120ms, rate sampling interval: 10ms
  Thread calibration: mean lat.: 1.121ms, rate sampling interval: 10ms
  Thread calibration: mean lat.: 1.126ms, rate sampling interval: 10ms
  Thread calibration: mean lat.: 1.136ms, rate sampling interval: 10ms
  Thread calibration: mean lat.: 1.183ms, rate sampling interval: 10ms
  Thread calibration: mean lat.: 1.080ms, rate sampling interval: 10ms
  Thread Stats   Avg      Stdev     Max   +/- Stdev
    Latency     1.05ms  462.24us   4.58ms   65.03%
    Req/Sec     1.64k   142.28     3.22k    80.75%
  Latency Distribution (HdrHistogram - Recorded Latency)
 50.000%    1.02ms
 75.000%    1.37ms
 90.000%    1.65ms
 99.000%    2.17ms
 99.900%    2.76ms
 99.990%    3.58ms
 99.999%    4.22ms
100.000%    4.58ms

  Detailed Percentile spectrum:
       Value   Percentile   TotalCount 1/(1-Percentile)

       0.120     0.000000            1         1.00
       0.450     0.100000        49882         1.11
       0.607     0.200000        99837         1.25
       0.748     0.300000       149751         1.43
       0.885     0.400000       199276         1.67
       1.022     0.500000       249287         2.00
       1.090     0.550000       274255         2.22
       1.158     0.600000       298992         2.50
       1.226     0.650000       323865         2.86
       1.296     0.700000       348789         3.33
       1.371     0.750000       373686         4.00
       1.410     0.775000       386182         4.44
       1.451     0.800000       398586         5.00
       1.494     0.825000       410858         5.71
       1.541     0.850000       423335         6.67
       1.594     0.875000       435777         8.00
       1.624     0.887500       442160         8.89
       1.655     0.900000       448196        10.00
       1.692     0.912500       454590        11.43
       1.731     0.925000       460694        13.33
       1.776     0.937500       466911        16.00
       1.802     0.943750       470040        17.78
       1.830     0.950000       473178        20.00
       1.860     0.956250       476304        22.86
       1.895     0.962500       479359        26.67
       1.935     0.968750       482467        32.00
       1.958     0.971875       484026        35.56
       1.983     0.975000       485599        40.00
       2.011     0.978125       487134        45.71
       2.043     0.981250       488674        53.33
       2.083     0.984375       490271        64.00
       2.105     0.985938       491038        71.11
       2.129     0.987500       491805        80.00
       2.157     0.989062       492583        91.43
       2.189     0.990625       493375       106.67
       2.229     0.992188       494114       128.00
       2.255     0.992969       494518       142.22
       2.281     0.993750       494892       160.00
       2.311     0.994531       495286       182.86
       2.347     0.995313       495665       213.33
       2.391     0.996094       496058       256.00
       2.417     0.996484       496242       284.44
       2.445     0.996875       496439       320.00
       2.479     0.997266       496632       365.71
       2.523     0.997656       496828       426.67
       2.575     0.998047       497025       512.00
       2.601     0.998242       497120       568.89
       2.633     0.998437       497216       640.00
       2.669     0.998633       497312       731.43
       2.707     0.998828       497409       853.33
       2.765     0.999023       497507      1024.00
       2.797     0.999121       497555      1137.78
       2.831     0.999219       497603      1280.00
       2.867     0.999316       497653      1462.86
       2.907     0.999414       497702      1706.67
       2.981     0.999512       497750      2048.00
       3.021     0.999561       497774      2275.56
       3.057     0.999609       497798      2560.00
       3.091     0.999658       497822      2925.71
       3.157     0.999707       497848      3413.33
       3.255     0.999756       497871      4096.00
       3.305     0.999780       497883      4551.11
       3.369     0.999805       497895      5120.00
       3.407     0.999829       497907      5851.43
       3.445     0.999854       497920      6826.67
       3.515     0.999878       497933      8192.00
       3.539     0.999890       497939      9102.22
       3.583     0.999902       497944     10240.00
       3.633     0.999915       497951     11702.86
       3.667     0.999927       497956     13653.33
       3.723     0.999939       497962     16384.00
       3.751     0.999945       497965     18204.44
       3.831     0.999951       497968     20480.00
       3.871     0.999957       497971     23405.71
       3.949     0.999963       497974     27306.67
       3.989     0.999969       497977     32768.00
       4.059     0.999973       497979     36408.89
       4.115     0.999976       497980     40960.00
       4.123     0.999979       497982     46811.43
       4.143     0.999982       497983     54613.33
       4.159     0.999985       497985     65536.00
       4.167     0.999986       497986     72817.78
       4.167     0.999988       497986     81920.00
       4.223     0.999989       497987     93622.86
       4.227     0.999991       497988    109226.67
       4.343     0.999992       497990    131072.00
       4.343     0.999993       497990    145635.56
       4.343     0.999994       497990    163840.00
       4.343     0.999995       497990    187245.71
       4.343     0.999995       497990    218453.33
       4.543     0.999996       497991    262144.00
       4.543     0.999997       497991    291271.11
       4.543     0.999997       497991    327680.00
       4.543     0.999997       497991    374491.43
       4.543     0.999998       497991    436906.67
       4.579     0.999998       497992    524288.00
       4.579     1.000000       497992          inf
#[Mean    =        1.045, StdDeviation   =        0.462]
#[Max     =        4.576, Total count    =       497992]
#[Buckets =           27, SubBuckets     =         2048]
----------------------------------------------------------
  747616 requests in 30.00s, 134.04MB read
  Socket errors: connect 0, read 1489, write 0, timeout 0
Requests/sec:  24919.50
Transfer/sec:      4.47MB
WRKX_RESULT {"durationUs":30001245,"requests":747616,"responses":747616,"errors":1489,"bytes":140553176,"latencyAvgUs":1045.161,"latencyP95Us":1830.000,"latencyP99Us":2175.000}
