Running 30s test @ http://localhost:9991/
  16 threads and 256 connections
  Thread calibration: mean lat.: 880.335ms, rate sampling interval: 3702ms
  Thread calibration: mean lat.: 774.080ms, rate sampling interval: 3952ms
  Thread calibration: mean lat.: 805.223ms, rate sampling interval: 3366ms
  Thread calibration: mean lat.: 675.481ms, rate sampling interval: 3270ms
  Thread calibration: mean lat.: 759.275ms, rate sampling interval: 3684ms
  Thread calibration: mean lat.: 605.657ms, rate sampling interval: 2969ms
  Thread calibration: mean lat.: 675.555ms, rate sampling interval: 3297ms
  Thread calibration: mean lat.: 652.189ms, rate sampling interval: 3071ms
  Thread calibration: mean lat.: 667.133ms, rate sampling interval: 3287ms
  Thread calibration: mean lat.: 799.244ms, rate sampling interval: 3782ms
  Thread calibration: mean lat.: 666.111ms, rate sampling interval: 3057ms
  Thread calibration: mean lat.: 659.516ms, rate sampling interval: 3364ms
  Thread calibration: mean lat.: 778.299ms, rate sampling interval: 3387ms
  Thread calibration: mean lat.: 734.542ms, rate sampling interval: 3819ms
  Thread calibration: mean lat.: 612.330ms, rate sampling interval: 2861ms
  Thread calibration: mean lat.: 799.299ms, rate sampling interval: 3547ms
  Thread Stats   Avg      Stdev     Max   +/- Stdev
    Latency     2.80s     1.64s    9.84s    66.96%
    Req/Sec     5.42k   341.00     6.34k    66.67%
  Latency Distribution (HdrHistogram - Recorded Latency)
 50.000%    2.64s 
 75.000%    3.84s 
 90.000%    5.07s 
 99.000%    7.01s 
 99.900%    8.09s 
 99.990%    9.57s 
 99.999%    9.83s 
100.000%    9.85s 

  Detailed Percentile spectrum:
       Value   Percentile   TotalCount 1/(1-Percentile)

       0.178     0.000000            2         1.00
     736.767     0.100000       172693         1.11
    1349.631     0.200000       345369         1.25
    1776.639     0.300000       518158         1.43
    2201.599     0.400000       690738         1.67
    2635.775     0.500000       863384         2.00
    2854.911     0.550000       949662         2.22
    3084.287     0.600000      1035851         2.50
    3334.143     0.650000      1122253         2.86
    3579.903     0.700000      1208626         3.33
    3842.047     0.750000      1294489         4.00
    4005.887     0.775000      1338095         4.44
    4175.871     0.800000      1381078         5.00
    4358.143     0.825000      1423946         5.71
    4562.943     0.850000      1467229         6.67
    4800.511     0.875000      1510551         8.00
    4935.679     0.887500      1532202         8.89
    5066.751     0.900000      1553778        10.00
    5214.207     0.912500      1575231        11.43
    5386.239     0.925000      1596543        13.33
    5582.847     0.937500      1618174        16.00
    5685.247     0.943750      1629250        17.78
    5783.551     0.950000      1639827        20.00
    5910.527     0.956250      1650747        22.86
    6041.599     0.962500      1661430        26.67
    6189.055     0.968750      1672047        32.00
    6275.071     0.971875      1677497        35.56
    6361.087     0.975000      1682850        40.00
    6455.295     0.978125      1688226        45.71
    6594.559     0.981250      1693723        53.33
    6750.207     0.984375      1699030        64.00
    6815.743     0.985938      1701775        71.11
    6893.567     0.987500      1704403        80.00
    6967.295     0.989062      1707194        91.43
    7049.215     0.990625      1709827       106.67
    7188.479     0.992188      1712565       128.00
    7254.015     0.992969      1713884       142.22
    7393.279     0.993750      1715241       160.00
    7454.719     0.994531      1716597       182.86
    7540.735     0.995313      1717910       213.33
    7647.231     0.996094      1719287       256.00
    7704.575     0.996484      1719930       284.44
    7757.823     0.996875      1720591       320.00
    7819.263     0.997266      1721256       365.71
    7880.703     0.997656      1721932       426.67
    7933.951     0.998047      1722601       512.00
    7962.623     0.998242      1722977       568.89
    7995.391     0.998437      1723285       640.00
    8019.967     0.998633      1723627       731.43
    8040.447     0.998828      1723965       853.33
    8101.887     0.999023      1724291      1024.00
    8134.655     0.999121      1724455      1137.78
    8175.615     0.999219      1724631      1280.00
    8331.263     0.999316      1724800      1462.86
    8503.295     0.999414      1724966      1706.67
    8560.639     0.999512      1725133      2048.00
    8634.367     0.999561      1725222      2275.56
    8732.671     0.999609      1725298      2560.00
    8871.935     0.999658      1725388      2925.71
    9060.351     0.999707      1725465      3413.33
    9199.615     0.999756      1725549      4096.00
    9347.071     0.999780      1725591      4551.11
    9461.759     0.999805      1725636      5120.00
    9486.335     0.999829      1725680      5851.43
    9502.719     0.999854      1725727      6826.67
    9535.487     0.999878      1725762      8192.00
    9560.063     0.999890      1725788      9102.22
    9576.447     0.999902      1725805     10240.00
    9592.831     0.999915      1725828     11702.86
    9617.407     0.999927      1725850     13653.33
    9641.983     0.999939      1725866     16384.00
    9658.367     0.999945      1725878     18204.44
    9691.135     0.999951      1725887     20480.00
    9723.903     0.999957      1725897     23405.71
    9756.671     0.999963      1725908     27306.67
    9789.439     0.999969      1725919     32768.00
    9805.823     0.999973      1725923     36408.89
    9814.015     0.999976      1725937     40960.00
    9814.015     0.999979      1725937     46811.43
    9822.207     0.999982      1725943     54613.33
    9830.399     0.999985      1725954     65536.00
    9830.399     0.999986      1725954     72817.78
    9830.399     0.999988      1725954     81920.00
    9830.399     0.999989      1725954     93622.86
    9838.591     0.999991      1725965    109226.67
    9838.591     0.999992      1725965    131072.00
    9838.591     0.999993      1725965    145635.56
    9838.591     0.999994      1725965    163840.00
    9838.591     0.999995      1725965    187245.71
    9838.591     0.999995      1725965    218453.33
    9838.591     0.999996      1725965    262144.00
    9838.591     0.999997      1725965    291271.11
    9838.591     0.999997      1725965    327680.00
    9846.783     0.999997      1725970    374491.43
    9846.783     1.000000      1725970          inf
#[Mean    =     2795.704, StdDeviation   =     1640.792]
#[Max     =     9838.592, Total count    =      1725970]
#[Buckets =           27, SubBuckets     =         2048]
----------------------------------------------------------
  2571585 requests in 30.00s, 461.15MB read
  Socket errors: connect 0, read 584, write 0, timeout 0
Requests/sec:  85721.30
Transfer/sec:     15.37MB
WRKX_RESULT {"durationUs":29999369,"requests":2571585,"responses":2571585,"errors":584,"bytes":483551992,"latencyAvgUs":2795704.134,"latencyP95Us":5783551.000,"latencyP99Us":7012351.000}
