Running 30s test @ http://localhost:9991/
  16 threads and 256 connections
  Thread calibration: mean lat.: 1.040ms, rate sampling interval: 10ms
  Thread calibration: mean lat.: 1.038ms, rate sampling interval: 10ms
  Thread calibration: mean lat.: 1.038ms, rate sampling interval: 10ms
  Thread calibration: mean lat.: 1.045ms, rate sampling interval: 10ms
  Thread calibration: mean lat.: 1.028ms, rate sampling interval: 10ms
  Thread calibration: mean lat.: 1.025ms, rate sampling interval: 10ms
  Thread calibration: mean lat.: 1.040ms, rate sampling interval: 10ms
  Thread calibration: mean lat.: 1.027ms, rate sampling interval: 10ms
  Thread calibration: mean lat.: 1.036ms, rate sampling interval: 10ms
  Thread calibration: mean lat.: 1.028ms, rate sampling interval: 10ms
  Thread calibration: mean lat.: 1.026ms, rate sampling interval: 10ms
  Thread calibration: mean lat.: 1.034ms, rate sampling interval: 10ms
  Thread calibration: mean lat.: 1.017ms, rate sampling interval: 10ms
  Thread calibration: mean lat.: 1.018ms, rate sampling interval: 10ms
  Thread calibration: mean lat.: 1.029ms, rate sampling interval: 10ms
  Thread calibration: mean lat.: 1.031ms, rate sampling interval: 10ms
  Thread Stats   Avg      Stdev     Max   +/- Stdev
    Latency     1.00ms  443.68us   5.04ms   65.04%
    Req/Sec     1.97k   157.36     2.67k    67.29%
  Latency Distribution (HdrHistogram - Recorded Latency)
 50.000%    0.99ms
 75.000%    1.31ms
 90.000%    1.57ms
 99.000%    2.06ms
 99.900%    2.62ms
 99.990%    3.48ms
 99.999%    4.26ms
100.000%    5.04ms

  Detailed Percentile spectrum:
       Value   Percentile   TotalCount 1/(1-Percentile)

       0.111     0.000000            1         1.00
       0.413     0.100000        60053         1.11
       0.574     0.200000       119793         1.25
       0.721     0.300000       179573         1.43
       0.858     0.400000       239447         1.67
       0.987     0.500000       298887         2.00
       1.051     0.550000       328976         2.22
       1.114     0.600000       358865         2.50
       1.178     0.650000       388747         2.86
       1.243     0.700000       418556         3.33
       1.311     0.750000       448291         4.00
       1.347     0.775000       463408         4.44
       1.384     0.800000       478448         5.00
       1.422     0.825000       493035         5.71
       1.465     0.850000       508231         6.67
       1.514     0.875000       522993         8.00
       1.542     0.887500       530446         8.89
       1.572     0.900000       537819        10.00
       1.607     0.912500       545402        11.43
       1.646     0.925000       552788        13.33
       1.692     0.937500       560336        16.00
       1.717     0.943750       563957        17.78
       1.746     0.950000       567761        20.00
       1.777     0.956250       571529        22.86
       1.811     0.962500       575197        26.67
       1.850     0.968750       578913        32.00
       1.872     0.971875       580824        35.56
       1.895     0.975000       582646        40.00
       1.921     0.978125       584534        45.71
       1.950     0.981250       586377        53.33
       1.983     0.984375       588280        64.00
       2.001     0.985938       589186        71.11
       2.023     0.987500       590120        80.00
       2.046     0.989062       591060        91.43
       2.075     0.990625       592001       106.67
       2.107     0.992188       592906       128.00
       2.127     0.992969       593388       142.22
       2.151     0.993750       593860       160.00
       2.177     0.994531       594332       182.86
       2.207     0.995313       594775       213.33
       2.247     0.996094       595241       256.00
       2.273     0.996484       595482       284.44
       2.301     0.996875       595707       320.00
       2.335     0.997266       595945       365.71
       2.381     0.997656       596173       426.67
       2.437     0.998047       596404       512.00
       2.467     0.998242       596521       568.89
       2.497     0.998437       596641       640.00
       2.541     0.998633       596752       731.43
       2.585     0.998828       596871       853.33
       2.633     0.999023       596991      1024.00
       2.665     0.999121       597045      1137.78
       2.705     0.999219       597104      1280.00
       2.747     0.999316       597160      1462.86
       2.801     0.999414       597219      1706.67
       2.867     0.999512       597278      2048.00
       2.913     0.999561       597307      2275.56
       2.963     0.999609       597335      2560.00
       3.001     0.999658       597364      2925.71
       3.071     0.999707       597393      3413.33
       3.143     0.999756       597423      4096.00
       3.195     0.999780       597437      4551.11
       3.227     0.999805       597452      5120.00
       3.283     0.999829       597466      5851.43
       3.341     0.999854       597481      6826.67
       3.419     0.999878       597496      8192.00
       3.453     0.999890       597503      9102.22
       3.503     0.999902       597511     10240.00
       3.541     0.999915       597517     11702.86
       3.595     0.999927       597525     13653.33
       3.661     0.999939       597532     16384.00
       3.675     0.999945       597536     18204.44
       3.741     0.999951       597539     20480.00
       3.779     0.999957       597543     23405.71
       3.879     0.999963       597547     27306.67
       3.947     0.999969       597550     32768.00
       3.985     0.999973       597552     36408.89
       4.061     0.999976       597554     40960.00
       4.103     0.999979       597556     46811.43
       4.147     0.999982       597558     54613.33
       4.155     0.999985       597559     65536.00
       4.179     0.999986       597560     72817.78
       4.227     0.999988       597561     81920.00
       4.263     0.999989       597562     93622.86
       4.295     0.999991       597563    109226.67
       4.311     0.999992       597564    131072.00
       4.311     0.999993       597564    145635.56
       4.331     0.999994       597565    163840.00
       4.331     0.999995       597565    187245.71
       4.343     0.999995       597566    218453.33
       4.343     0.999996       597566    262144.00
       4.343     0.999997       597566    291271.11
       4.851     0.999997       597567    327680.00
       4.851     0.999997       597567    374491.43
       4.851     0.999998       597567    436906.67
       4.851     0.999998       597567    524288.00
       4.851     0.999998       597567    582542.22
       5.039     0.999998       597568    655360.00
       5.039     1.000000       597568          inf
#[Mean    =        0.998, StdDeviation   =        0.444]
#[Max     =        5.036, Total count    =       597568]
#[Buckets =           27, SubBuckets     =         2048]
----------------------------------------------------------
  898946 requests in 30.00s, 161.17MB read
  Socket errors: connect 0, read 1831, write 0, timeout 0
Requests/sec:  29964.02
Transfer/sec:      5.37MB
WRKX_RESULT {"durationUs":30000845,"requests":898946,"responses":898946,"errors":1831,"bytes":169002760,"latencyAvgUs":998.123,"latencyP95Us":1746.000,"latencyP99Us":2063.000}
