Running 30s test @ http://localhost:9991/
  16 threads and 256 connections
  Thread calibration: mean lat.: 2091.395ms, rate sampling interval: 8048ms
  Thread calibration: mean lat.: 2382.543ms, rate sampling interval: 8921ms
  Thread calibration: mean lat.: 2077.605ms, rate sampling interval: 8310ms
  Thread calibration: mean lat.: 2138.863ms, rate sampling interval: 7716ms
  Thread calibration: mean lat.: 2193.070ms, rate sampling interval: 8118ms
  Thread calibration: mean lat.: 2023.053ms, rate sampling interval: 7839ms
  Thread calibration: mean lat.: 2213.606ms, rate sampling interval: 8048ms
  Thread calibration: mean lat.: 1968.790ms, rate sampling interval: 7569ms
  Thread calibration: mean lat.: 2096.432ms, rate sampling interval: 7729ms
  Thread calibration: mean lat.: 2084.650ms, rate sampling interval: 7753ms
  Thread calibration: mean lat.: 2103.230ms, rate sampling interval: 7938ms
  Thread calibration: mean lat.: 2396.414ms, rate sampling interval: 8617ms
  Thread calibration: mean lat.: 2420.000ms, rate sampling interval: 8310ms
  Thread calibration: mean lat.: 2240.502ms, rate sampling interval: 8220ms
  Thread calibration: mean lat.: 2342.736ms, rate sampling interval: 8331ms
  Thread calibration: mean lat.: 1953.393ms, rate sampling interval: 7270ms
  Thread Stats   Avg      Stdev     Max   +/- Stdev
    Latency     8.42s     2.66s   16.20s    62.64%
    Req/Sec     5.47k   231.13     6.01k    71.88%
  Latency Distribution (HdrHistogram - Recorded Latency)
 50.000%    8.33s 
 75.000%   10.44s 
 90.000%   12.11s 
 99.000%   14.08s 
 99.900%   15.46s 
 99.990%   15.97s 
 99.999%   16.17s 
100.000%   16.20s 

  Detailed Percentile spectrum:
       Value   Percentile   TotalCount 1/(1-Percentile)

    1686.527     0.000000            2         1.00
    4984.831     0.100000       175197         1.11
    5865.471     0.200000       349891         1.25
    6655.999     0.300000       524073         1.43
    7454.719     0.400000       698812         1.67
    8327.167     0.500000       873816         2.00
    8716.287     0.550000       961061         2.22
    9125.887     0.600000      1048390         2.50
    9535.487     0.650000      1136567         2.86
    9969.663     0.700000      1223962         3.33
   10444.799     0.750000      1310270         4.00
   10674.175     0.775000      1354856         4.44
   10928.127     0.800000      1398209         5.00
   11206.655     0.825000      1441541         5.71
   11517.951     0.850000      1485020         6.67
   11804.671     0.875000      1528719         8.00
   11952.127     0.887500      1549901         8.89
   12107.775     0.900000      1572205        10.00
   12279.807     0.912500      1594374        11.43
   12443.647     0.925000      1615932        13.33
   12632.063     0.937500      1637598        16.00
   12738.559     0.943750      1648355        17.78
   12861.439     0.950000      1659320        20.00
   12984.319     0.956250      1670385        22.86
   13107.199     0.962500      1681394        26.67
   13246.463     0.968750      1692010        32.00
   13336.575     0.971875      1697394        35.56
   13434.879     0.975000      1702767        40.00
   13541.375     0.978125      1708153        45.71
   13656.063     0.981250      1713691        53.33
   13795.327     0.984375      1719102        64.00
   13877.247     0.985938      1721811        71.11
   13959.167     0.987500      1724671        80.00
   14032.895     0.989062      1727268        91.43
   14123.007     0.990625      1729949       106.67
   14270.463     0.992188      1732760       128.00
   14352.383     0.992969      1734031       142.22
   14417.919     0.993750      1735466       160.00
   14491.647     0.994531      1736811       182.86
   14573.567     0.995313      1738114       213.33
   14688.255     0.996094      1739507       256.00
   14786.559     0.996484      1740133       284.44
   14884.863     0.996875      1740815       320.00
   14983.167     0.997266      1741505       365.71
   15081.471     0.997656      1742195       426.67
   15187.967     0.998047      1742866       512.00
   15228.927     0.998242      1743250       568.89
   15261.695     0.998437      1743539       640.00
   15310.847     0.998633      1743906       731.43
   15384.575     0.998828      1744211       853.33
   15466.495     0.999023      1744560      1024.00
   15507.455     0.999121      1744728      1137.78
   15572.991     0.999219      1744931      1280.00
   15622.143     0.999316      1745068      1462.86
   15745.023     0.999414      1745233      1706.67
   15802.367     0.999512      1745411      2048.00
   15810.559     0.999561      1745524      2275.56
   15818.751     0.999609      1745597      2560.00
   15843.327     0.999658      1745682      2925.71
   15851.519     0.999707      1745755      3413.33
   15867.903     0.999756      1745849      4096.00
   15876.095     0.999780      1745874      4551.11
   15892.479     0.999805      1745922      5120.00
   15917.055     0.999829      1745981      5851.43
   15925.247     0.999854      1746006      6826.67
   15949.823     0.999878      1746052      8192.00
   15958.015     0.999890      1746066      9102.22
   15974.399     0.999902      1746099     10240.00
   15982.591     0.999915      1746116     11702.86
   15990.783     0.999927      1746135     13653.33
   15998.975     0.999939      1746162     16384.00
   15998.975     0.999945      1746162     18204.44
   16023.551     0.999951      1746172     20480.00
   16080.895     0.999957      1746184     23405.71
   16105.471     0.999963      1746199     27306.67
   16113.663     0.999969      1746205     32768.00
   16121.855     0.999973      1746211     36408.89
   16130.047     0.999976      1746219     40960.00
   16130.047     0.999979      1746219     46811.43
   16138.239     0.999982      1746226     54613.33
   16146.431     0.999985      1746231     65536.00
   16154.623     0.999986      1746233     72817.78
   16162.815     0.999988      1746237     81920.00
   16171.007     0.999989      1746241     93622.86
   16171.007     0.999991      1746241    109226.67
   16179.199     0.999992      1746246    131072.00
   16179.199     0.999993      1746246    145635.56
   16179.199     0.999994      1746246    163840.00
   16187.391     0.999995      1746249    187245.71
   16187.391     0.999995      1746249    218453.33
   16195.583     0.999996      1746254    262144.00
   16195.583     0.999997      1746254    291271.11
   16195.583     0.999997      1746254    327680.00
   16195.583     0.999997      1746254    374491.43
   16195.583     0.999998      1746254    436906.67
   16195.583     0.999998      1746254    524288.00
   16195.583     0.999998      1746254    582542.22
   16195.583     0.999998      1746254    655360.00
   16195.583     0.999999      1746254    748982.86
   16203.775     0.999999      1746256    873813.33
   16203.775     1.000000      1746256          inf
#[Mean    =     8415.200, StdDeviation   =     2656.202]
#[Max     =    16195.584, Total count    =      1746256]
#[Buckets =           27, SubBuckets     =         2048]
----------------------------------------------------------
  2598816 requests in 30.00s, 466.04MB read
  Socket errors: connect 0, read 622, write 0, timeout 0
Requests/sec:  86629.10
Transfer/sec:     15.53MB
WRKX_RESULT {"durationUs":29999343,"requests":2598816,"responses":2598816,"errors":622,"bytes":488674213,"latencyAvgUs":8415199.992,"latencyP95Us":12861439.000,"latencyP99Us":14082047.000}
