Running 30s test @ http://localhost:9991/postgres/orders
  16 threads and 256 connections
  Thread calibration: mean lat.: 3821.851ms, rate sampling interval: 13254ms
  Thread calibration: mean lat.: 3681.138ms, rate sampling interval: 14155ms
  Thread calibration: mean lat.: 4044.678ms, rate sampling interval: 14647ms
  Thread calibration: mean lat.: 3672.796ms, rate sampling interval: 14082ms
  Thread calibration: mean lat.: 3960.941ms, rate sampling interval: 14663ms
  Thread calibration: mean lat.: 3878.547ms, rate sampling interval: 13959ms
  Thread calibration: mean lat.: 4121.997ms, rate sampling interval: 14254ms
  Thread calibration: mean lat.: 3943.200ms, rate sampling interval: 14319ms
  Thread calibration: mean lat.: 3613.109ms, rate sampling interval: 14180ms
  Thread calibration: mean lat.: 4125.331ms, rate sampling interval: 14598ms
  Thread calibration: mean lat.: 3860.401ms, rate sampling interval: 14221ms
  Thread calibration: mean lat.: 3968.500ms, rate sampling interval: 13492ms
  Thread calibration: mean lat.: 3964.331ms, rate sampling interval: 14393ms
  Thread calibration: mean lat.: 4050.770ms, rate sampling interval: 14335ms
  Thread calibration: mean lat.: 3938.820ms, rate sampling interval: 14409ms
  Thread calibration: mean lat.: 3660.038ms, rate sampling interval: 14303ms
  Thread Stats   Avg      Stdev     Max   +/- Stdev
    Latency    16.14s     4.97s   27.20s    59.67%
    Req/Sec     0.85k    80.79     0.99k    62.50%
  Latency Distribution (HdrHistogram - Recorded Latency)
 50.000%   16.09s 
 75.000%   20.28s 
 90.000%   22.87s 
 99.000%   25.28s 
 99.900%   26.31s 
 99.990%   26.85s 
 99.999%   27.12s 
100.000%   27.21s 

  Detailed Percentile spectrum:
       Value   Percentile   TotalCount 1/(1-Percentile)

    3491.839     0.000000            1         1.00
    9478.143     0.100000        27508         1.11
   11239.423     0.200000        55007         1.25
   12886.015     0.300000        82478         1.43
   14671.871     0.400000       110020         1.67
   16089.087     0.500000       137503         2.00
   16859.135     0.550000       151282         2.22
   17694.719     0.600000       165116         2.50
   18563.071     0.650000       178763         2.86
   19415.039     0.700000       192596         3.33
   20283.391     0.750000       206155         4.00
   20791.295     0.775000       213030         4.44
   21233.663     0.800000       219966         5.00
   21643.263     0.825000       226882         5.71
   22085.631     0.850000       233675         6.67
   22478.847     0.875000       240762         8.00
   22675.455     0.887500       244003         8.89
   22872.063     0.900000       247425        10.00
   23101.439     0.912500       250964        11.43
   23363.583     0.925000       254395        13.33
   23642.111     0.937500       257829        16.00
   23789.567     0.943750       259551        17.78
   23937.023     0.950000       261161        20.00
   24117.247     0.956250       262904        22.86
   24281.087     0.962500       264644        26.67
   24461.311     0.968750       266381        32.00
   24543.231     0.971875       267127        35.56
   24657.919     0.975000       268052        40.00
   24756.223     0.978125       268904        45.71
   24854.527     0.981250       269790        53.33
   24969.215     0.984375       270586        64.00
   25051.135     0.985938       271054        71.11
   25133.055     0.987500       271488        80.00
   25214.975     0.989062       271878        91.43
   25296.895     0.990625       272279       106.67
   25411.583     0.992188       272753       128.00
   25460.735     0.992969       272926       142.22
   25542.655     0.993750       273141       160.00
   25624.575     0.994531       273371       182.86
   25706.495     0.995313       273573       213.33
   25772.031     0.996094       273791       256.00
   25804.799     0.996484       273929       284.44
   25837.567     0.996875       274006       320.00
   25903.103     0.997266       274120       365.71
   25968.639     0.997656       274213       426.67
   26066.943     0.998047       274333       512.00
   26099.711     0.998242       274376       568.89
   26148.863     0.998437       274429       640.00
   26198.015     0.998633       274480       731.43
   26247.167     0.998828       274529       853.33
   26312.703     0.999023       274584      1024.00
   26345.471     0.999121       274611      1137.78
   26394.623     0.999219       274645      1280.00
   26427.391     0.999316       274666      1462.86
   26476.543     0.999414       274697      1706.67
   26525.695     0.999512       274719      2048.00
   26558.463     0.999561       274731      2275.56
   26591.231     0.999609       274745      2560.00
   26623.999     0.999658       274760      2925.71
   26656.767     0.999707       274771      3413.33
   26705.919     0.999756       274785      4096.00
   26738.687     0.999780       274793      4551.11
   26755.071     0.999805       274799      5120.00
   26787.839     0.999829       274806      5851.43
   26804.223     0.999854       274812      6826.67
   26836.991     0.999878       274818      8192.00
   26853.375     0.999890       274824      9102.22
   26869.759     0.999902       274828     10240.00
   26869.759     0.999915       274828     11702.86
   26902.527     0.999927       274832     13653.33
   26935.295     0.999939       274835     16384.00
   26951.679     0.999945       274838     18204.44
   26951.679     0.999951       274838     20480.00
   26984.447     0.999957       274841     23405.71
   26984.447     0.999963       274841     27306.67
   27017.215     0.999969       274843     32768.00
   27033.599     0.999973       274844     36408.89
   27066.367     0.999976       274846     40960.00
   27066.367     0.999979       274846     46811.43
   27066.367     0.999982       274846     54613.33
   27099.135     0.999985       274847     65536.00
   27115.519     0.999986       274848     72817.78
   27115.519     0.999988       274848     81920.00
   27131.903     0.999989       274849     93622.86
   27131.903     0.999991       274849    109226.67
   27131.903     0.999992       274849    131072.00
   27164.671     0.999993       274850    145635.56
   27164.671     0.999994       274850    163840.00
   27164.671     0.999995       274850    187245.71
   27164.671     0.999995       274850    218453.33
   27164.671     0.999996       274850    262144.00
   27213.823     0.999997       274851    291271.11
   27213.823     1.000000       274851          inf
#[Mean    =    16142.088, StdDeviation   =     4969.336]
#[Max     =    27197.440, Total count    =       274851]
#[Buckets =           27, SubBuckets     =         2048]
----------------------------------------------------------
  416265 requests in 30.00s, 5.51GB read
  Socket errors: connect 0, read 14, write 0, timeout 0
Requests/sec:  13874.47
Transfer/sec:    188.09MB
WRKX_RESULT {"durationUs":30002226,"requests":416265,"responses":416265,"errors":14,"bytes":5917222403,"latencyAvgUs":16142087.897,"latencyP95Us":23937023.000,"latencyP99Us":25280511.000}
