Running 30s test @ http://localhost:9991/postgres/orders
  16 threads and 256 connections
  Thread calibration: mean lat.: 4252.978ms, rate sampling interval: 16252ms
  Thread calibration: mean lat.: 4284.001ms, rate sampling interval: 16318ms
  Thread calibration: mean lat.: 4250.711ms, rate sampling interval: 16220ms
  Thread calibration: mean lat.: 4390.834ms, rate sampling interval: 16171ms
  Thread calibration: mean lat.: 4447.640ms, rate sampling interval: 16310ms
  Thread calibration: mean lat.: 4412.226ms, rate sampling interval: 16531ms
  Thread calibration: mean lat.: 4583.495ms, rate sampling interval: 14983ms
  Thread calibration: mean lat.: 4016.400ms, rate sampling interval: 14696ms
  Thread calibration: mean lat.: 4120.247ms, rate sampling interval: 16162ms
  Thread calibration: mean lat.: 4311.179ms, rate sampling interval: 14065ms
  Thread calibration: mean lat.: 4354.333ms, rate sampling interval: 15949ms
  Thread calibration: mean lat.: 4380.544ms, rate sampling interval: 16547ms
  Thread calibration: mean lat.: 4262.782ms, rate sampling interval: 16236ms
  Thread calibration: mean lat.: 4359.491ms, rate sampling interval: 15400ms
  Thread calibration: mean lat.: 4392.269ms, rate sampling interval: 15835ms
  Thread calibration: mean lat.: 4114.663ms, rate sampling interval: 15458ms
  Thread Stats   Avg      Stdev     Max   +/- Stdev
    Latency    17.93s     5.43s   28.39s    59.79%
    Req/Sec     0.87k    96.34     1.08k    62.50%
  Latency Distribution (HdrHistogram - Recorded Latency)
 50.000%   18.06s 
 75.000%   22.45s 
 90.000%   25.36s 
 99.000%   27.59s 
 99.900%   28.08s 
 99.990%   28.33s 
 99.999%   28.39s 
100.000%   28.41s 

  Detailed Percentile spectrum:
       Value   Percentile   TotalCount 1/(1-Percentile)

    5234.687     0.000000            2         1.00
   10469.375     0.100000        28030         1.11
   12419.071     0.200000        55875         1.25
   14385.151     0.300000        83861         1.43
   16367.615     0.400000       111755         1.67
   18055.167     0.500000       139826         2.00
   18907.135     0.550000       153648         2.22
   19759.103     0.600000       167670         2.50
   20643.839     0.650000       181606         2.86
   21479.423     0.700000       195726         3.33
   22446.079     0.750000       209707         4.00
   22921.215     0.775000       216725         4.44
   23347.199     0.800000       223630         5.00
   23805.951     0.825000       230503         5.71
   24297.471     0.850000       237484         6.67
   24821.759     0.875000       244453         8.00
   25083.903     0.887500       248003         8.89
   25362.431     0.900000       251538        10.00
   25624.575     0.912500       254991        11.43
   25903.103     0.925000       258537        13.33
   26181.631     0.937500       262044        16.00
   26329.087     0.943750       263736        17.78
   26460.159     0.950000       265531        20.00
   26607.615     0.956250       267260        22.86
   26771.455     0.962500       269045        26.67
   26935.295     0.968750       270781        32.00
   27017.215     0.971875       271631        35.56
   27099.135     0.975000       272455        40.00
   27181.055     0.978125       273263        45.71
   27279.359     0.981250       274192        53.33
   27377.663     0.984375       275024        64.00
   27443.199     0.985938       275549        71.11
   27492.351     0.987500       275910        80.00
   27557.887     0.989062       276352        91.43
   27607.039     0.990625       276797       106.67
   27656.191     0.992188       277169       128.00
   27688.959     0.992969       277407       142.22
   27721.727     0.993750       277637       160.00
   27754.495     0.994531       277831       182.86
   27803.647     0.995313       278092       213.33
   27852.799     0.996094       278320       256.00
   27869.183     0.996484       278387       284.44
   27901.951     0.996875       278526       320.00
   27918.335     0.997266       278590       365.71
   27951.103     0.997656       278721       426.67
   27983.871     0.998047       278842       512.00
   28000.255     0.998242       278889       568.89
   28016.639     0.998437       278931       640.00
   28033.023     0.998633       278967       731.43
   28065.791     0.998828       279037       853.33
   28098.559     0.999023       279096      1024.00
   28114.943     0.999121       279122      1137.78
   28131.327     0.999219       279153      1280.00
   28147.711     0.999316       279168      1462.86
   28164.095     0.999414       279190      1706.67
   28196.863     0.999512       279222      2048.00
   28213.247     0.999561       279236      2275.56
   28229.631     0.999609       279249      2560.00
   28246.015     0.999658       279266      2925.71
   28246.015     0.999707       279266      3413.33
   28262.399     0.999756       279278      4096.00
   28278.783     0.999780       279292      4551.11
   28278.783     0.999805       279292      5120.00
   28295.167     0.999829       279303      5851.43
   28311.551     0.999854       279308      6826.67
   28327.935     0.999878       279318      8192.00
   28327.935     0.999890       279318      9102.22
   28344.319     0.999902       279324     10240.00
   28344.319     0.999915       279324     11702.86
   28360.703     0.999927       279334     13653.33
   28360.703     0.999939       279334     16384.00
   28360.703     0.999945       279334     18204.44
   28360.703     0.999951       279334     20480.00
   28377.087     0.999957       279338     23405.71
   28377.087     0.999963       279338     27306.67
   28377.087     0.999969       279338     32768.00
   28393.471     0.999973       279343     36408.89
   28393.471     0.999976       279343     40960.00
   28393.471     0.999979       279343     46811.43
   28393.471     0.999982       279343     54613.33
   28393.471     0.999985       279343     65536.00
   28393.471     0.999986       279343     72817.78
   28393.471     0.999988       279343     81920.00
   28409.855     0.999989       279346     93622.86
   28409.855     1.000000       279346          inf
#[Mean    =    17931.958, StdDeviation   =     5426.304]
#[Max     =    28393.472, Total count    =       279346]
#[Buckets =           27, SubBuckets     =         2048]
----------------------------------------------------------
  421283 requests in 30.00s, 5.58GB read
  Socket errors: connect 0, read 11, write 0, timeout 0
Requests/sec:  14042.04
Transfer/sec:    190.36MB
WRKX_RESULT {"durationUs":30001542,"requests":421283,"responses":421283,"errors":11,"bytes":5988551487,"latencyAvgUs":17931957.581,"latencyP95Us":26460159.000,"latencyP99Us":27590655.000}
