Running 30s test @ http://localhost:9991/postgres/orders
  16 threads and 256 connections
  Thread calibration: mean lat.: 1662.516ms, rate sampling interval: 7970ms
  Thread calibration: mean lat.: 1590.536ms, rate sampling interval: 8544ms
  Thread calibration: mean lat.: 1999.280ms, rate sampling interval: 8904ms
  Thread calibration: mean lat.: 1337.742ms, rate sampling interval: 8019ms
  Thread calibration: mean lat.: 1741.357ms, rate sampling interval: 7933ms
  Thread calibration: mean lat.: 2039.108ms, rate sampling interval: 8962ms
  Thread calibration: mean lat.: 1623.738ms, rate sampling interval: 7970ms
  Thread calibration: mean lat.: 2157.652ms, rate sampling interval: 9199ms
  Thread calibration: mean lat.: 1554.428ms, rate sampling interval: 8232ms
  Thread calibration: mean lat.: 2299.259ms, rate sampling interval: 8732ms
  Thread calibration: mean lat.: 1828.292ms, rate sampling interval: 8667ms
  Thread calibration: mean lat.: 1881.780ms, rate sampling interval: 8278ms
  Thread calibration: mean lat.: 2171.334ms, rate sampling interval: 9388ms
  Thread calibration: mean lat.: 1873.929ms, rate sampling interval: 7806ms
  Thread calibration: mean lat.: 2227.934ms, rate sampling interval: 9011ms
  Thread calibration: mean lat.: 1705.417ms, rate sampling interval: 8577ms
  Thread Stats   Avg      Stdev     Max   +/- Stdev
    Latency     8.48s     4.63s   20.77s    65.07%
    Req/Sec   846.38     89.45     0.99k    59.38%
  Latency Distribution (HdrHistogram - Recorded Latency)
 50.000%    8.31s 
 75.000%   11.92s 
 90.000%   14.75s 
 99.000%   18.63s 
 99.900%   19.92s 
 99.990%   20.43s 
 99.999%   20.69s 
100.000%   20.79s 

  Detailed Percentile spectrum:
       Value   Percentile   TotalCount 1/(1-Percentile)

       1.335     0.000000            1         1.00
    2064.383     0.100000        27233         1.11
    4349.951     0.200000        54538         1.25
    5836.799     0.300000        81694         1.43
    7122.943     0.400000       109041         1.67
    8314.879     0.500000       136174         2.00
    8986.623     0.550000       149837         2.22
    9715.711     0.600000       163465         2.50
   10379.263     0.650000       177058         2.86
   11100.159     0.700000       190629         3.33
   11919.359     0.750000       204354         4.00
   12328.959     0.775000       211071         4.44
   12746.751     0.800000       217913         5.00
   13189.119     0.825000       224715         5.71
   13664.255     0.850000       231507         6.67
   14172.159     0.875000       238312         8.00
   14458.879     0.887500       241762         8.89
   14745.599     0.900000       245128        10.00
   15056.895     0.912500       248479        11.43
   15417.343     0.925000       251934        13.33
   15745.023     0.937500       255306        16.00
   15933.439     0.943750       257042        17.78
   16146.431     0.950000       258735        20.00
   16367.615     0.956250       260416        22.86
   16613.375     0.962500       262124        26.67
   16924.671     0.968750       263879        32.00
   17072.127     0.971875       264672        35.56
   17285.119     0.975000       265553        40.00
   17498.111     0.978125       266415        45.71
   17727.487     0.981250       267203        53.33
   18055.167     0.984375       268086        64.00
   18202.623     0.985938       268488        71.11
   18366.463     0.987500       268924        80.00
   18530.303     0.989062       269341        91.43
   18710.527     0.990625       269771       106.67
   18923.519     0.992188       270219       128.00
   18989.055     0.992969       270425       142.22
   19070.975     0.993750       270609       160.00
   19152.895     0.994531       270885       182.86
   19218.431     0.995313       271046       213.33
   19333.119     0.996094       271249       256.00
   19398.655     0.996484       271376       284.44
   19447.807     0.996875       271476       320.00
   19513.343     0.997266       271568       365.71
   19595.263     0.997656       271675       426.67
   19677.183     0.998047       271790       512.00
   19709.951     0.998242       271833       568.89
   19759.103     0.998437       271893       640.00
   19808.255     0.998633       271940       731.43
   19857.407     0.998828       271985       853.33
   19939.327     0.999023       272049      1024.00
   19955.711     0.999121       272065      1137.78
   20004.863     0.999219       272100      1280.00
   20037.631     0.999316       272126      1462.86
   20070.399     0.999414       272150      1706.67
   20119.551     0.999512       272178      2048.00
   20135.935     0.999561       272187      2275.56
   20168.703     0.999609       272201      2560.00
   20201.471     0.999658       272215      2925.71
   20234.239     0.999707       272228      3413.33
   20267.007     0.999756       272240      4096.00
   20283.391     0.999780       272246      4551.11
   20316.159     0.999805       272255      5120.00
   20332.543     0.999829       272260      5851.43
   20365.311     0.999854       272268      6826.67
   20381.695     0.999878       272271      8192.00
   20414.463     0.999890       272276      9102.22
   20430.847     0.999902       272278     10240.00
   20463.615     0.999915       272283     11702.86
   20479.999     0.999927       272285     13653.33
   20512.767     0.999939       272289     16384.00
   20529.151     0.999945       272291     18204.44
   20529.151     0.999951       272291     20480.00
   20561.919     0.999957       272293     23405.71
   20578.303     0.999963       272295     27306.67
   20594.687     0.999969       272296     32768.00
   20611.071     0.999973       272297     36408.89
   20627.455     0.999976       272298     40960.00
   20643.839     0.999979       272299     46811.43
   20660.223     0.999982       272300     54613.33
   20660.223     0.999985       272300     65536.00
   20692.991     0.999986       272301     72817.78
   20692.991     0.999988       272301     81920.00
   20725.759     0.999989       272302     93622.86
   20725.759     0.999991       272302    109226.67
   20725.759     0.999992       272302    131072.00
   20758.527     0.999993       272303    145635.56
   20758.527     0.999994       272303    163840.00
   20758.527     0.999995       272303    187245.71
   20758.527     0.999995       272303    218453.33
   20758.527     0.999996       272303    262144.00
   20791.295     0.999997       272304    291271.11
   20791.295     1.000000       272304          inf
#[Mean    =     8475.169, StdDeviation   =     4630.900]
#[Max     =    20774.912, Total count    =       272304]
#[Buckets =           27, SubBuckets     =         2048]
----------------------------------------------------------
  408606 requests in 30.00s, 5.41GB read
  Socket errors: connect 0, read 10, write 0, timeout 0
Requests/sec:  13619.20
Transfer/sec:    184.63MB
WRKX_RESULT {"durationUs":30002213,"requests":408606,"responses":408606,"errors":10,"bytes":5808347001,"latencyAvgUs":8475169.052,"latencyP95Us":16146431.000,"latencyP99Us":18628607.000}
