Running 30s test @ http://localhost:9991/postgres/orders
  16 threads and 256 connections
  Thread calibration: mean lat.: 2172.210ms, rate sampling interval: 9486ms
  Thread calibration: mean lat.: 2274.657ms, rate sampling interval: 9920ms
  Thread calibration: mean lat.: 2287.955ms, rate sampling interval: 9732ms
  Thread calibration: mean lat.: 2737.324ms, rate sampling interval: 9773ms
  Thread calibration: mean lat.: 2406.467ms, rate sampling interval: 9437ms
  Thread calibration: mean lat.: 2662.368ms, rate sampling interval: 10952ms
  Thread calibration: mean lat.: 2819.827ms, rate sampling interval: 10518ms
  Thread calibration: mean lat.: 2329.661ms, rate sampling interval: 9584ms
  Thread calibration: mean lat.: 2089.203ms, rate sampling interval: 8519ms
  Thread calibration: mean lat.: 2677.333ms, rate sampling interval: 11001ms
  Thread calibration: mean lat.: 2143.620ms, rate sampling interval: 8617ms
  Thread calibration: mean lat.: 1786.306ms, rate sampling interval: 8122ms
  Thread calibration: mean lat.: 2343.866ms, rate sampling interval: 10313ms
  Thread calibration: mean lat.: 3010.406ms, rate sampling interval: 11059ms
  Thread calibration: mean lat.: 2373.191ms, rate sampling interval: 9986ms
  Thread calibration: mean lat.: 2702.065ms, rate sampling interval: 9814ms
  Thread Stats   Avg      Stdev     Max   +/- Stdev
    Latency    10.20s     4.56s   22.22s    66.14%
    Req/Sec     0.87k   104.88     1.07k    65.38%
  Latency Distribution (HdrHistogram - Recorded Latency)
 50.000%   10.16s 
 75.000%   13.57s 
 90.000%   16.43s 
 99.000%   19.53s 
 99.900%   20.89s 
 99.990%   21.74s 
 99.999%   22.17s 
100.000%   22.23s 

  Detailed Percentile spectrum:
       Value   Percentile   TotalCount 1/(1-Percentile)

       1.663     0.000000            1         1.00
    4057.087     0.100000        27576         1.11
    6373.375     0.200000        55173         1.25
    7573.503     0.300000        82712         1.43
    8970.239     0.400000       110451         1.67
   10158.079     0.500000       137991         2.00
   10731.519     0.550000       151736         2.22
   11337.727     0.600000       165395         2.50
   12001.279     0.650000       179187         2.86
   12738.559     0.700000       192961         3.33
   13565.951     0.750000       206799         4.00
   13967.359     0.775000       213617         4.44
   14376.959     0.800000       220565         5.00
   14876.671     0.825000       227474         5.71
   15392.767     0.850000       234358         6.67
   15867.903     0.875000       241224         8.00
   16138.239     0.887500       244694         8.89
   16433.151     0.900000       248114        10.00
   16752.639     0.912500       251541        11.43
   17055.743     0.925000       255042        13.33
   17383.423     0.937500       258407        16.00
   17563.647     0.943750       260176        17.78
   17760.255     0.950000       261907        20.00
   17956.863     0.956250       263585        22.86
   18153.471     0.962500       265320        26.67
   18399.231     0.968750       267145        32.00
   18513.919     0.971875       267959        35.56
   18628.607     0.975000       268770        40.00
   18759.679     0.978125       269644        45.71
   18907.135     0.981250       270475        53.33
   19087.359     0.984375       271334        64.00
   19185.663     0.985938       271767        71.11
   19300.351     0.987500       272218        80.00
   19431.423     0.989062       272655        91.43
   19595.263     0.990625       273097       106.67
   19709.951     0.992188       273495       128.00
   19775.487     0.992969       273689       142.22
   19857.407     0.993750       273913       160.00
   19955.711     0.994531       274139       182.86
   20054.015     0.995313       274367       213.33
   20152.319     0.996094       274560       256.00
   20217.855     0.996484       274668       284.44
   20283.391     0.996875       274769       320.00
   20365.311     0.997266       274883       365.71
   20479.999     0.997656       274994       426.67
   20594.687     0.998047       275099       512.00
   20643.839     0.998242       275149       568.89
   20709.375     0.998437       275204       640.00
   20774.911     0.998633       275261       731.43
   20824.063     0.998828       275304       853.33
   20889.599     0.999023       275366      1024.00
   20922.367     0.999121       275391      1137.78
   20955.135     0.999219       275420      1280.00
   20987.903     0.999316       275450      1462.86
   21020.671     0.999414       275468      1706.67
   21118.975     0.999512       275497      2048.00
   21151.743     0.999561       275506      2275.56
   21200.895     0.999609       275520      2560.00
   21250.047     0.999658       275535      2925.71
   21299.199     0.999707       275549      3413.33
   21364.735     0.999756       275561      4096.00
   21430.271     0.999780       275568      4551.11
   21495.807     0.999805       275574      5120.00
   21544.959     0.999829       275581      5851.43
   21610.495     0.999854       275588      6826.67
   21676.031     0.999878       275594      8192.00
   21708.799     0.999890       275597      9102.22
   21774.335     0.999902       275601     10240.00
   21790.719     0.999915       275604     11702.86
   21823.487     0.999927       275607     13653.33
   21889.023     0.999939       275611     16384.00
   21905.407     0.999945       275612     18204.44
   21954.559     0.999951       275614     20480.00
   22003.711     0.999957       275616     23405.71
   22020.095     0.999963       275617     27306.67
   22069.247     0.999969       275619     32768.00
   22085.631     0.999973       275620     36408.89
   22102.015     0.999976       275621     40960.00
   22118.399     0.999979       275622     46811.43
   22118.399     0.999982       275622     54613.33
   22134.783     0.999985       275623     65536.00
   22167.551     0.999986       275624     72817.78
   22167.551     0.999988       275624     81920.00
   22183.935     0.999989       275625     93622.86
   22183.935     0.999991       275625    109226.67
   22183.935     0.999992       275625    131072.00
   22200.319     0.999993       275626    145635.56
   22200.319     0.999994       275626    163840.00
   22200.319     0.999995       275626    187245.71
   22200.319     0.999995       275626    218453.33
   22200.319     0.999996       275626    262144.00
   22233.087     0.999997       275627    291271.11
   22233.087     1.000000       275627          inf
#[Mean    =    10197.592, StdDeviation   =     4561.153]
#[Max     =    22216.704, Total count    =       275627]
#[Buckets =           27, SubBuckets     =         2048]
----------------------------------------------------------
  413938 requests in 30.00s, 5.48GB read
  Socket errors: connect 0, read 14, write 0, timeout 0
Requests/sec:  13797.09
Transfer/sec:    187.04MB
WRKX_RESULT {"durationUs":30001840,"requests":413938,"responses":413938,"errors":14,"bytes":5884144896,"latencyAvgUs":10197592.114,"latencyP95Us":17760255.000,"latencyP99Us":19529727.000}
