Running 30s test @ http://localhost:9991/postgres/orders
  16 threads and 256 connections
  Thread calibration: mean lat.: 3045.501ms, rate sampling interval: 12066ms
  Thread calibration: mean lat.: 2788.596ms, rate sampling interval: 11075ms
  Thread calibration: mean lat.: 2996.700ms, rate sampling interval: 11255ms
  Thread calibration: mean lat.: 2675.806ms, rate sampling interval: 10387ms
  Thread calibration: mean lat.: 3029.587ms, rate sampling interval: 11919ms
  Thread calibration: mean lat.: 2569.546ms, rate sampling interval: 10731ms
  Thread calibration: mean lat.: 2689.226ms, rate sampling interval: 11206ms
  Thread calibration: mean lat.: 3058.212ms, rate sampling interval: 11427ms
  Thread calibration: mean lat.: 3043.216ms, rate sampling interval: 11870ms
  Thread calibration: mean lat.: 2860.316ms, rate sampling interval: 10698ms
  Thread calibration: mean lat.: 3384.897ms, rate sampling interval: 11780ms
  Thread calibration: mean lat.: 3035.141ms, rate sampling interval: 11812ms
  Thread calibration: mean lat.: 3157.122ms, rate sampling interval: 11501ms
  Thread calibration: mean lat.: 3046.845ms, rate sampling interval: 11837ms
  Thread calibration: mean lat.: 3111.926ms, rate sampling interval: 12369ms
  Thread calibration: mean lat.: 3010.474ms, rate sampling interval: 11616ms
  Thread Stats   Avg      Stdev     Max   +/- Stdev
    Latency    12.69s     4.48s   24.25s    63.63%
    Req/Sec     0.86k    93.88     1.10k    81.25%
  Latency Distribution (HdrHistogram - Recorded Latency)
 50.000%   12.61s 
 75.000%   16.40s 
 90.000%   18.58s 
 99.000%   21.56s 
 99.900%   23.07s 
 99.990%   23.94s 
 99.999%   24.22s 
100.000%   24.26s 

  Detailed Percentile spectrum:
       Value   Percentile   TotalCount 1/(1-Percentile)

       2.399     0.000000            1         1.00
    7131.135     0.100000        27675         1.11
    8503.295     0.200000        55396         1.25
    9781.247     0.300000        82956         1.43
   11182.079     0.400000       110545         1.67
   12607.487     0.500000       138264         2.00
   13336.575     0.550000       152030         2.22
   14139.391     0.600000       165778         2.50
   14852.095     0.650000       179621         2.86
   15654.911     0.700000       193475         3.33
   16400.383     0.750000       207265         4.00
   16744.447     0.775000       214141         4.44
   17055.743     0.800000       221198         5.00
   17383.423     0.825000       228155         5.71
   17743.871     0.850000       234832         6.67
   18137.087     0.875000       242016         8.00
   18350.079     0.887500       245380         8.89
   18579.455     0.900000       248843        10.00
   18808.831     0.912500       252226        11.43
   19103.743     0.925000       255675        13.33
   19431.423     0.937500       259131        16.00
   19562.495     0.943750       260778        17.78
   19759.103     0.950000       262665        20.00
   19906.559     0.956250       264275        22.86
   20119.551     0.962500       265947        26.67
   20365.311     0.968750       267723        32.00
   20479.999     0.971875       268493        35.56
   20627.455     0.975000       269406        40.00
   20774.911     0.978125       270205        45.71
   20955.135     0.981250       271107        53.33
   21151.743     0.984375       271972        64.00
   21250.047     0.985938       272359        71.11
   21381.119     0.987500       272840        80.00
   21495.807     0.989062       273236        91.43
   21610.495     0.990625       273710       106.67
   21725.183     0.992188       274097       128.00
   21807.103     0.992969       274339       142.22
   21889.023     0.993750       274542       160.00
   21987.327     0.994531       274757       182.86
   22102.015     0.995313       274956       213.33
   22249.471     0.996094       275178       256.00
   22315.007     0.996484       275272       284.44
   22396.927     0.996875       275382       320.00
   22495.231     0.997266       275494       365.71
   22593.535     0.997656       275600       426.67
   22708.223     0.998047       275707       512.00
   22773.759     0.998242       275759       568.89
   22839.295     0.998437       275812       640.00
   22921.215     0.998633       275875       731.43
   22986.751     0.998828       275919       853.33
   23085.055     0.999023       275975      1024.00
   23134.207     0.999121       275998      1137.78
   23199.743     0.999219       276025      1280.00
   23281.663     0.999316       276055      1462.86
   23363.583     0.999414       276081      1706.67
   23445.503     0.999512       276106      2048.00
   23494.655     0.999561       276123      2275.56
   23543.807     0.999609       276135      2560.00
   23592.959     0.999658       276146      2925.71
   23658.495     0.999707       276161      3413.33
   23724.031     0.999756       276175      4096.00
   23756.799     0.999780       276183      4551.11
   23789.567     0.999805       276187      5120.00
   23822.335     0.999829       276195      5851.43
   23855.103     0.999854       276200      6826.67
   23904.255     0.999878       276208      8192.00
   23920.639     0.999890       276210      9102.22
   23953.407     0.999902       276215     10240.00
   23969.791     0.999915       276217     11702.86
   24002.559     0.999927       276222     13653.33
   24035.327     0.999939       276226     16384.00
   24035.327     0.999945       276226     18204.44
   24068.095     0.999951       276228     20480.00
   24084.479     0.999957       276230     23405.71
   24084.479     0.999963       276230     27306.67
   24117.247     0.999969       276232     32768.00
   24133.631     0.999973       276233     36408.89
   24150.015     0.999976       276234     40960.00
   24166.399     0.999979       276235     46811.43
   24166.399     0.999982       276235     54613.33
   24199.167     0.999985       276236     65536.00
   24215.551     0.999986       276238     72817.78
   24215.551     0.999988       276238     81920.00
   24215.551     0.999989       276238     93622.86
   24215.551     0.999991       276238    109226.67
   24215.551     0.999992       276238    131072.00
   24248.319     0.999993       276239    145635.56
   24248.319     0.999994       276239    163840.00
   24248.319     0.999995       276239    187245.71
   24248.319     0.999995       276239    218453.33
   24248.319     0.999996       276239    262144.00
   24264.703     0.999997       276240    291271.11
   24264.703     1.000000       276240          inf
#[Mean    =    12688.395, StdDeviation   =     4478.148]
#[Max     =    24248.320, Total count    =       276240]
#[Buckets =           27, SubBuckets     =         2048]
----------------------------------------------------------
  415880 requests in 30.00s, 5.51GB read
  Socket errors: connect 0, read 6, write 0, timeout 0
Requests/sec:  13862.47
Transfer/sec:    187.93MB
WRKX_RESULT {"durationUs":30000434,"requests":415880,"responses":415880,"errors":6,"bytes":5911747652,"latencyAvgUs":12688394.580,"latencyP95Us":19759103.000,"latencyP99Us":21561343.000}
