Running 30s test @ http://localhost:9991/postgres/orders
  16 threads and 256 connections
  Thread calibration: mean lat.: 173.823ms, rate sampling interval: 1116ms
  Thread calibration: mean lat.: 66.210ms, rate sampling interval: 12ms
  Thread calibration: mean lat.: 199.494ms, rate sampling interval: 1544ms
  Thread calibration: mean lat.: 128.063ms, rate sampling interval: 21ms
  Thread calibration: mean lat.: 199.847ms, rate sampling interval: 1555ms
  Thread calibration: mean lat.: 132.368ms, rate sampling interval: 18ms
  Thread calibration: mean lat.: 200.390ms, rate sampling interval: 1570ms
  Thread calibration: mean lat.: 132.158ms, rate sampling interval: 17ms
  Thread calibration: mean lat.: 132.412ms, rate sampling interval: 17ms
  Thread calibration: mean lat.: 132.405ms, rate sampling interval: 18ms
  Thread calibration: mean lat.: 131.954ms, rate sampling interval: 17ms
  Thread calibration: mean lat.: 131.809ms, rate sampling interval: 16ms
  Thread calibration: mean lat.: 3.326ms, rate sampling interval: 10ms
  Thread calibration: mean lat.: 132.419ms, rate sampling interval: 19ms
  Thread calibration: mean lat.: 199.645ms, rate sampling interval: 1563ms
  Thread calibration: mean lat.: 132.555ms, rate sampling interval: 17ms
  Thread Stats   Avg      Stdev     Max   +/- Stdev
    Latency    95.17ms  375.20ms   3.21s    95.88%
    Req/Sec   650.85    230.78     1.67k    82.38%
  Latency Distribution (HdrHistogram - Recorded Latency)
 50.000%    3.91ms
 75.000%    8.26ms
 90.000%  189.05ms
 99.000%    2.64s 
 99.900%    3.12s 
 99.990%    3.19s 
 99.999%    3.21s 
100.000%    3.21s 

  Detailed Percentile spectrum:
       Value   Percentile   TotalCount 1/(1-Percentile)

       0.903     0.000000            1         1.00
       1.958     0.100000        20168         1.11
       2.385     0.200000        40325         1.25
       2.799     0.300000        60494         1.43
       3.291     0.400000        80668         1.67
       3.909     0.500000       100777         2.00
       4.303     0.550000       110912         2.22
       4.799     0.600000       120960         2.50
       5.475     0.650000       131020         2.86
       6.507     0.700000       141073         3.33
       8.255     0.750000       151163         4.00
       9.903     0.775000       156185         4.44
      15.927     0.800000       161219         5.00
      42.911     0.825000       166252         5.71
      85.183     0.850000       171291         6.67
     136.191     0.875000       176338         8.00
     158.079     0.887500       178849         8.89
     189.055     0.900000       181369        10.00
     222.719     0.912500       183891        11.43
     275.455     0.925000       186409        13.33
     342.015     0.937500       188928        16.00
     384.767     0.943750       190193        17.78
     418.047     0.950000       191443        20.00
     455.423     0.956250       192707        22.86
     494.591     0.962500       193962        26.67
     541.183     0.968750       195222        32.00
     594.943     0.971875       195854        35.56
     838.655     0.975000       196479        40.00
    1230.847     0.978125       197110        45.71
    1617.919     0.981250       197739        53.33
    1998.847     0.984375       198370        64.00
    2185.215     0.985938       198684        71.11
    2363.391     0.987500       199000        80.00
    2535.423     0.989062       199314        91.43
    2705.407     0.990625       199635       106.67
    2854.911     0.992188       199948       128.00
    2885.631     0.992969       200106       142.22
    2908.159     0.993750       200264       160.00
    2938.879     0.994531       200416       182.86
    2973.695     0.995313       200573       213.33
    3004.415     0.996094       200729       256.00
    3020.799     0.996484       200810       284.44
    3035.135     0.996875       200897       320.00
    3047.423     0.997266       200971       365.71
    3061.759     0.997656       201046       426.67
    3078.143     0.998047       201129       512.00
    3086.335     0.998242       201164       568.89
    3094.527     0.998437       201208       640.00
    3100.671     0.998633       201245       731.43
    3106.815     0.998828       201283       853.33
    3117.055     0.999023       201328      1024.00
    3119.103     0.999121       201344      1137.78
    3123.199     0.999219       201359      1280.00
    3127.295     0.999316       201386      1462.86
    3131.391     0.999414       201401      1706.67
    3135.487     0.999512       201426      2048.00
    3137.535     0.999561       201434      2275.56
    3141.631     0.999609       201444      2560.00
    3143.679     0.999658       201454      2925.71
    3145.727     0.999707       201462      3413.33
    3147.775     0.999756       201467      4096.00
    3151.871     0.999780       201473      4551.11
    3153.919     0.999805       201478      5120.00
    3162.111     0.999829       201482      5851.43
    3172.351     0.999854       201487      6826.67
    3182.591     0.999878       201492      8192.00
    3186.687     0.999890       201495      9102.22
    3190.783     0.999902       201499     10240.00
    3190.783     0.999915       201499     11702.86
    3194.879     0.999927       201502     13653.33
    3201.023     0.999939       201504     16384.00
    3203.071     0.999945       201507     18204.44
    3203.071     0.999951       201507     20480.00
    3207.167     0.999957       201508     23405.71
    3209.215     0.999963       201512     27306.67
    3209.215     0.999969       201512     32768.00
    3209.215     0.999973       201512     36408.89
    3209.215     0.999976       201512     40960.00
    3209.215     0.999979       201512     46811.43
    3211.263     0.999982       201515     54613.33
    3211.263     0.999985       201515     65536.00
    3211.263     0.999986       201515     72817.78
    3211.263     0.999988       201515     81920.00
    3211.263     0.999989       201515     93622.86
    3211.263     0.999991       201515    109226.67
    3211.263     0.999992       201515    131072.00
    3211.263     0.999993       201515    145635.56
    3211.263     0.999994       201515    163840.00
    3211.263     0.999995       201515    187245.71
    3213.311     0.999995       201516    218453.33
    3213.311     1.000000       201516          inf
#[Mean    =       95.167, StdDeviation   =      375.200]
#[Max     =     3211.264, Total count    =       201516]
#[Buckets =           27, SubBuckets     =         2048]
----------------------------------------------------------
  297105 requests in 30.00s, 3.93GB read
  Socket errors: connect 0, read 250, write 0, timeout 0
Requests/sec:   9902.90
Transfer/sec:    134.25MB
WRKX_RESULT {"durationUs":30001809,"requests":297105,"responses":297105,"errors":250,"bytes":4223351717,"latencyAvgUs":95166.910,"latencyP95Us":418047.000,"latencyP99Us":2641919.000}
