Running 30s test @ http://localhost:9991/postgres/orders
  16 threads and 256 connections
  Thread calibration: mean lat.: 4057.365ms, rate sampling interval: 14925ms
  Thread calibration: mean lat.: 4218.529ms, rate sampling interval: 15392ms
  Thread calibration: mean lat.: 4014.853ms, rate sampling interval: 15056ms
  Thread calibration: mean lat.: 4433.593ms, rate sampling interval: 15450ms
  Thread calibration: mean lat.: 4161.421ms, rate sampling interval: 15106ms
  Thread calibration: mean lat.: 4016.507ms, rate sampling interval: 14827ms
  Thread calibration: mean lat.: 3913.936ms, rate sampling interval: 14786ms
  Thread calibration: mean lat.: 3961.334ms, rate sampling interval: 15286ms
  Thread calibration: mean lat.: 4285.525ms, rate sampling interval: 15081ms
  Thread calibration: mean lat.: 4411.901ms, rate sampling interval: 15114ms
  Thread calibration: mean lat.: 4419.090ms, rate sampling interval: 14770ms
  Thread calibration: mean lat.: 4210.351ms, rate sampling interval: 14516ms
  Thread calibration: mean lat.: 4178.614ms, rate sampling interval: 15319ms
  Thread calibration: mean lat.: 4464.200ms, rate sampling interval: 14540ms
  Thread calibration: mean lat.: 4323.875ms, rate sampling interval: 15007ms
  Thread calibration: mean lat.: 4081.483ms, rate sampling interval: 15007ms
  Thread Stats   Avg      Stdev     Max   +/- Stdev
    Latency    16.95s     5.09s   27.57s    58.36%
    Req/Sec     0.87k   115.00     1.14k    75.00%
  Latency Distribution (HdrHistogram - Recorded Latency)
 50.000%   16.99s 
 75.000%   21.17s 
 90.000%   24.00s 
 99.000%   26.25s 
 99.900%   26.90s 
 99.990%   27.26s 
 99.999%   27.53s 
100.000%   27.59s 

  Detailed Percentile spectrum:
       Value   Percentile   TotalCount 1/(1-Percentile)

    6213.631     0.000000           13         1.00
   10018.815     0.100000        27925         1.11
   11698.175     0.200000        55647         1.25
   13475.839     0.300000        83481         1.43
   15327.231     0.400000       111224         1.67
   16990.207     0.500000       139339         2.00
   17678.335     0.550000       153002         2.22
   18497.535     0.600000       166852         2.50
   19415.039     0.650000       180790         2.86
   20283.391     0.700000       194932         3.33
   21168.127     0.750000       208512         4.00
   21659.647     0.775000       215585         4.44
   22151.167     0.800000       222397         5.00
   22675.455     0.825000       229370         5.71
   23101.439     0.850000       236335         6.67
   23560.191     0.875000       243343         8.00
   23773.183     0.887500       246742         8.89
   24002.559     0.900000       250245        10.00
   24248.319     0.912500       253845        11.43
   24494.079     0.925000       257122        13.33
   24772.607     0.937500       261058        16.00
   24870.911     0.943750       262462        17.78
   25018.367     0.950000       264082        20.00
   25198.591     0.956250       265899        22.86
   25378.815     0.962500       267604        26.67
   25542.655     0.968750       269375        32.00
   25624.575     0.971875       270176        35.56
   25722.879     0.975000       271068        40.00
   25821.183     0.978125       271920        45.71
   25919.487     0.981250       272758        53.33
   26034.175     0.984375       273745        64.00
   26083.327     0.985938       274116        71.11
   26148.863     0.987500       274593        80.00
   26198.015     0.989062       274929        91.43
   26279.935     0.990625       275445       106.67
   26345.471     0.992188       275809       128.00
   26394.623     0.992969       276081       142.22
   26427.391     0.993750       276259       160.00
   26476.543     0.994531       276498       182.86
   26525.695     0.995313       276718       213.33
   26574.847     0.996094       276910       256.00
   26607.615     0.996484       277034       284.44
   26640.383     0.996875       277154       320.00
   26656.767     0.997266       277213       365.71
   26705.919     0.997656       277347       426.67
   26755.071     0.998047       277456       512.00
   26771.455     0.998242       277489       568.89
   26804.223     0.998437       277552       640.00
   26836.991     0.998633       277599       731.43
   26869.759     0.998828       277647       853.33
   26918.911     0.999023       277712      1024.00
   26935.295     0.999121       277732      1137.78
   26951.679     0.999219       277755      1280.00
   26984.447     0.999316       277790      1462.86
   27017.215     0.999414       277817      1706.67
   27049.983     0.999512       277838      2048.00
   27066.367     0.999561       277851      2275.56
   27082.751     0.999609       277860      2560.00
   27099.135     0.999658       277874      2925.71
   27131.903     0.999707       277895      3413.33
   27148.287     0.999756       277905      4096.00
   27164.671     0.999780       277910      4551.11
   27181.055     0.999805       277919      5120.00
   27197.439     0.999829       277925      5851.43
   27213.823     0.999854       277928      6826.67
   27246.591     0.999878       277936      8192.00
   27262.975     0.999890       277940      9102.22
   27279.359     0.999902       277945     10240.00
   27279.359     0.999915       277945     11702.86
   27295.743     0.999927       277948     13653.33
   27328.511     0.999939       277954     16384.00
   27328.511     0.999945       277954     18204.44
   27361.279     0.999951       277957     20480.00
   27361.279     0.999957       277957     23405.71
   27377.663     0.999963       277959     27306.67
   27394.047     0.999969       277960     32768.00
   27410.431     0.999973       277961     36408.89
   27426.815     0.999976       277962     40960.00
   27475.967     0.999979       277963     46811.43
   27475.967     0.999982       277963     54613.33
   27492.351     0.999985       277964     65536.00
   27525.119     0.999986       277965     72817.78
   27525.119     0.999988       277965     81920.00
   27541.503     0.999989       277966     93622.86
   27541.503     0.999991       277966    109226.67
   27541.503     0.999992       277966    131072.00
   27574.271     0.999993       277967    145635.56
   27574.271     0.999994       277967    163840.00
   27574.271     0.999995       277967    187245.71
   27574.271     0.999995       277967    218453.33
   27574.271     0.999996       277967    262144.00
   27590.655     0.999997       277968    291271.11
   27590.655     1.000000       277968          inf
#[Mean    =    16949.905, StdDeviation   =     5086.922]
#[Max     =    27574.272, Total count    =       277968]
#[Buckets =           27, SubBuckets     =         2048]
----------------------------------------------------------
  423414 requests in 30.00s, 5.61GB read
  Socket errors: connect 0, read 12, write 0, timeout 0
Requests/sec:  14112.87
Transfer/sec:    191.32MB
WRKX_RESULT {"durationUs":30001975,"requests":423414,"responses":423414,"errors":12,"bytes":6018843842,"latencyAvgUs":16949904.872,"latencyP95Us":25018367.000,"latencyP99Us":26247167.000}
