Running 30s test @ http://localhost:9991/postgres/orders
  16 threads and 256 connections
  Thread calibration: mean lat.: 2.067ms, rate sampling interval: 10ms
  Thread calibration: mean lat.: 2.145ms, rate sampling interval: 10ms
  Thread calibration: mean lat.: 2.193ms, rate sampling interval: 10ms
  Thread calibration: mean lat.: 2.375ms, rate sampling interval: 10ms
  Thread calibration: mean lat.: 2.373ms, rate sampling interval: 10ms
  Thread calibration: mean lat.: 2.083ms, rate sampling interval: 10ms
  Thread calibration: mean lat.: 2.365ms, rate sampling interval: 10ms
  Thread calibration: mean lat.: 2.292ms, rate sampling interval: 10ms
  Thread calibration: mean lat.: 2.153ms, rate sampling interval: 10ms
  Thread calibration: mean lat.: 2.279ms, rate sampling interval: 10ms
  Thread calibration: mean lat.: 2.095ms, rate sampling interval: 10ms
  Thread calibration: mean lat.: 2.345ms, rate sampling interval: 10ms
  Thread calibration: mean lat.: 2.328ms, rate sampling interval: 10ms
  Thread calibration: mean lat.: 2.822ms, rate sampling interval: 10ms
  Thread calibration: mean lat.: 2.666ms, rate sampling interval: 10ms
  Thread calibration: mean lat.: 2.075ms, rate sampling interval: 10ms
  Thread Stats   Avg      Stdev     Max   +/- Stdev
    Latency     2.24ms  781.12us  11.81ms   74.56%
    Req/Sec   164.32    156.53     1.00k    60.53%
  Latency Distribution (HdrHistogram - Recorded Latency)
 50.000%    2.09ms
 75.000%    2.58ms
 90.000%    3.28ms
 99.000%    4.86ms
 99.900%    5.82ms
 99.990%    6.60ms
 99.999%   11.81ms
100.000%   11.81ms

  Detailed Percentile spectrum:
       Value   Percentile   TotalCount 1/(1-Percentile)

       0.775     0.000000            1         1.00
       1.420     0.100000         4987         1.11
       1.626     0.200000         9976         1.25
       1.793     0.300000        14948         1.43
       1.945     0.400000        19928         1.67
       2.089     0.500000        24941         2.00
       2.159     0.550000        27382         2.22
       2.245     0.600000        29904         2.50
       2.337     0.650000        32370         2.86
       2.445     0.700000        34866         3.33
       2.575     0.750000        37342         4.00
       2.651     0.775000        38596         4.44
       2.737     0.800000        39838         5.00
       2.839     0.825000        41094         5.71
       2.953     0.850000        42325         6.67
       3.093     0.875000        43564         8.00
       3.181     0.887500        44188         8.89
       3.281     0.900000        44817        10.00
       3.389     0.912500        45438        11.43
       3.515     0.925000        46053        13.33
       3.667     0.937500        46679        16.00
       3.745     0.943750        46986        17.78
       3.831     0.950000        47297        20.00
       3.937     0.956250        47611        22.86
       4.053     0.962500        47923        26.67
       4.179     0.968750        48236        32.00
       4.255     0.971875        48391        35.56
       4.319     0.975000        48544        40.00
       4.407     0.978125        48696        45.71
       4.503     0.981250        48854        53.33
       4.611     0.984375        49008        64.00
       4.671     0.985938        49085        71.11
       4.743     0.987500        49164        80.00
       4.807     0.989062        49241        91.43
       4.899     0.990625        49322       106.67
       4.979     0.992188        49399       128.00
       5.011     0.992969        49437       142.22
       5.051     0.993750        49474       160.00
       5.107     0.994531        49513       182.86
       5.171     0.995313        49552       213.33
       5.243     0.996094        49592       256.00
       5.295     0.996484        49611       284.44
       5.335     0.996875        49630       320.00
       5.383     0.997266        49649       365.71
       5.451     0.997656        49671       426.67
       5.507     0.998047        49688       512.00
       5.555     0.998242        49699       568.89
       5.619     0.998437        49708       640.00
       5.675     0.998633        49717       731.43
       5.759     0.998828        49727       853.33
       5.835     0.999023        49738      1024.00
       5.895     0.999121        49743      1137.78
       5.971     0.999219        49747      1280.00
       6.035     0.999316        49752      1462.86
       6.059     0.999414        49756      1706.67
       6.127     0.999512        49761      2048.00
       6.199     0.999561        49764      2275.56
       6.255     0.999609        49766      2560.00
       6.259     0.999658        49768      2925.71
       6.327     0.999707        49771      3413.33
       6.375     0.999756        49773      4096.00
       6.519     0.999780        49776      4551.11
       6.519     0.999805        49776      5120.00
       6.523     0.999829        49777      5851.43
       6.543     0.999854        49778      6826.67
       6.579     0.999878        49779      8192.00
       6.603     0.999890        49780      9102.22
       6.795     0.999902        49781     10240.00
       6.795     0.999915        49781     11702.86
       6.803     0.999927        49782     13653.33
       6.803     0.999939        49782     16384.00
       7.199     0.999945        49783     18204.44
       7.199     0.999951        49783     20480.00
       7.199     0.999957        49783     23405.71
       8.131     0.999963        49784     27306.67
       8.131     0.999969        49784     32768.00
       8.131     0.999973        49784     36408.89
       8.131     0.999976        49784     40960.00
       8.131     0.999979        49784     46811.43
      11.815     0.999982        49785     54613.33
      11.815     1.000000        49785          inf
#[Mean    =        2.244, StdDeviation   =        0.781]
#[Max     =       11.808, Total count    =        49785]
#[Buckets =           27, SubBuckets     =         2048]
----------------------------------------------------------
  74724 requests in 30.01s, 0.99GB read
  Socket errors: connect 0, read 49, write 0, timeout 0
Requests/sec:   2490.21
Transfer/sec:     33.76MB
WRKX_RESULT {"durationUs":30007146,"requests":74724,"responses":74724,"errors":49,"bytes":1062201679,"latencyAvgUs":2243.575,"latencyP95Us":3831.000,"latencyP99Us":4859.000}
