Running 30s test @ http://localhost:9991/postgres/orders
  16 threads and 256 connections
  Thread calibration: mean lat.: 4572.263ms, rate sampling interval: 17006ms
  Thread calibration: mean lat.: 4746.793ms, rate sampling interval: 16400ms
  Thread calibration: mean lat.: 4553.768ms, rate sampling interval: 16277ms
  Thread calibration: mean lat.: 4333.806ms, rate sampling interval: 15810ms
  Thread calibration: mean lat.: 5245.887ms, rate sampling interval: 16687ms
  Thread calibration: mean lat.: 4543.495ms, rate sampling interval: 15818ms
  Thread calibration: mean lat.: 4417.976ms, rate sampling interval: 16826ms
  Thread calibration: mean lat.: 4568.338ms, rate sampling interval: 16711ms
  Thread calibration: mean lat.: 4610.460ms, rate sampling interval: 15990ms
  Thread calibration: mean lat.: 4399.728ms, rate sampling interval: 16556ms
  Thread calibration: mean lat.: 4436.540ms, rate sampling interval: 15204ms
  Thread calibration: mean lat.: 4333.056ms, rate sampling interval: 16596ms
  Thread calibration: mean lat.: 4704.455ms, rate sampling interval: 16113ms
  Thread calibration: mean lat.: 4681.423ms, rate sampling interval: 16908ms
  Thread calibration: mean lat.: 4306.040ms, rate sampling interval: 16441ms
  Thread calibration: mean lat.: 4162.656ms, rate sampling interval: 15826ms
  Thread Stats   Avg      Stdev     Max   +/- Stdev
    Latency    18.37s     5.43s   29.03s    59.55%
    Req/Sec     0.89k    59.43     0.98k    68.75%
  Latency Distribution (HdrHistogram - Recorded Latency)
 50.000%   18.42s 
 75.000%   22.99s 
 90.000%   25.76s 
 99.000%   27.92s 
 99.900%   28.51s 
 99.990%   28.88s 
 99.999%   29.00s 
100.000%   29.05s 

  Detailed Percentile spectrum:
       Value   Percentile   TotalCount 1/(1-Percentile)

    6660.095     0.000000            2         1.00
   10772.479     0.100000        28102         1.11
   12935.167     0.200000        56099         1.25
   14770.175     0.300000        84194         1.43
   16613.375     0.400000       112130         1.67
   18415.615     0.500000       140168         2.00
   19415.039     0.550000       154178         2.22
   20250.623     0.600000       168227         2.50
   21135.359     0.650000       182300         2.86
   22069.247     0.700000       196164         3.33
   22986.751     0.750000       210220         4.00
   23429.119     0.775000       217344         4.44
   23871.487     0.800000       224240         5.00
   24313.855     0.825000       231231         5.71
   24788.991     0.850000       238259         6.67
   25264.127     0.875000       245297         8.00
   25509.887     0.887500       248780         8.89
   25755.647     0.900000       252428        10.00
   26001.407     0.912500       255778        11.43
   26263.551     0.925000       259259        13.33
   26525.695     0.937500       262755        16.00
   26656.767     0.943750       264470        17.78
   26804.223     0.950000       266298        20.00
   26951.679     0.956250       268097        22.86
   27099.135     0.962500       269858        26.67
   27246.591     0.968750       271533        32.00
   27328.511     0.971875       272394        35.56
   27426.815     0.975000       273379        40.00
   27508.735     0.978125       274163        45.71
   27607.039     0.981250       275022        53.33
   27721.727     0.984375       275979        64.00
   27770.879     0.985938       276369        71.11
   27820.031     0.987500       276742        80.00
   27885.567     0.989062       277231        91.43
   27951.103     0.990625       277673       106.67
   28016.639     0.992188       278074       128.00
   28049.407     0.992969       278274       142.22
   28098.559     0.993750       278540       160.00
   28131.327     0.994531       278714       182.86
   28180.479     0.995313       278964       213.33
   28229.631     0.996094       279174       256.00
   28262.399     0.996484       279300       284.44
   28278.783     0.996875       279360       320.00
   28311.551     0.997266       279475       365.71
   28344.319     0.997656       279582       426.67
   28377.087     0.998047       279688       512.00
   28409.855     0.998242       279773       568.89
   28426.239     0.998437       279816       640.00
   28459.007     0.998633       279877       731.43
   28475.391     0.998828       279909       853.33
   28508.159     0.999023       279961      1024.00
   28540.927     0.999121       280004      1137.78
   28557.311     0.999219       280018      1280.00
   28590.079     0.999316       280046      1462.86
   28622.847     0.999414       280072      1706.67
   28655.615     0.999512       280098      2048.00
   28688.383     0.999561       280116      2275.56
   28704.767     0.999609       280131      2560.00
   28737.535     0.999658       280146      2925.71
   28753.919     0.999707       280154      3413.33
   28770.303     0.999756       280163      4096.00
   28786.687     0.999780       280173      4551.11
   28803.071     0.999805       280182      5120.00
   28819.455     0.999829       280187      5851.43
   28835.839     0.999854       280192      6826.67
   28868.607     0.999878       280202      8192.00
   28868.607     0.999890       280202      9102.22
   28884.991     0.999902       280208     10240.00
   28884.991     0.999915       280208     11702.86
   28917.759     0.999927       280217     13653.33
   28917.759     0.999939       280217     16384.00
   28917.759     0.999945       280217     18204.44
   28934.143     0.999951       280222     20480.00
   28934.143     0.999957       280222     23405.71
   28934.143     0.999963       280222     27306.67
   28950.527     0.999969       280224     32768.00
   28950.527     0.999973       280224     36408.89
   28966.911     0.999976       280226     40960.00
   28966.911     0.999979       280226     46811.43
   28966.911     0.999982       280226     54613.33
   28983.295     0.999985       280227     65536.00
   28999.679     0.999986       280228     72817.78
   28999.679     0.999988       280228     81920.00
   29016.063     0.999989       280229     93622.86
   29016.063     0.999991       280229    109226.67
   29016.063     0.999992       280229    131072.00
   29032.447     0.999993       280230    145635.56
   29032.447     0.999994       280230    163840.00
   29032.447     0.999995       280230    187245.71
   29032.447     0.999995       280230    218453.33
   29032.447     0.999996       280230    262144.00
   29048.831     0.999997       280231    291271.11
   29048.831     1.000000       280231          inf
#[Mean    =    18365.243, StdDeviation   =     5426.111]
#[Max     =    29032.448, Total count    =       280231]
#[Buckets =           27, SubBuckets     =         2048]
----------------------------------------------------------
  421096 requests in 30.00s, 5.57GB read
  Socket errors: connect 0, read 9, write 0, timeout 0
Requests/sec:  14035.38
Transfer/sec:    190.27MB
WRKX_RESULT {"durationUs":30002466,"requests":421096,"responses":421096,"errors":9,"bytes":5985892769,"latencyAvgUs":18365243.433,"latencyP95Us":26804223.000,"latencyP99Us":27918335.000}
