Running 30s test @ http://localhost:9991/postgres/orders
  16 threads and 256 connections
  Thread calibration: mean lat.: 1218.682ms, rate sampling interval: 5709ms
  Thread calibration: mean lat.: 1467.729ms, rate sampling interval: 7397ms
  Thread calibration: mean lat.: 1185.213ms, rate sampling interval: 6086ms
  Thread calibration: mean lat.: 1770.506ms, rate sampling interval: 7745ms
  Thread calibration: mean lat.: 1004.134ms, rate sampling interval: 5001ms
  Thread calibration: mean lat.: 1202.254ms, rate sampling interval: 5570ms
  Thread calibration: mean lat.: 1607.416ms, rate sampling interval: 6483ms
  Thread calibration: mean lat.: 1161.335ms, rate sampling interval: 6094ms
  Thread calibration: mean lat.: 1299.573ms, rate sampling interval: 6033ms
  Thread calibration: mean lat.: 1470.473ms, rate sampling interval: 6381ms
  Thread calibration: mean lat.: 1684.124ms, rate sampling interval: 7278ms
  Thread calibration: mean lat.: 1633.401ms, rate sampling interval: 7487ms
  Thread calibration: mean lat.: 1562.243ms, rate sampling interval: 7393ms
  Thread calibration: mean lat.: 1171.886ms, rate sampling interval: 6152ms
  Thread calibration: mean lat.: 1105.861ms, rate sampling interval: 5656ms
  Thread calibration: mean lat.: 1394.590ms, rate sampling interval: 6774ms
  Thread Stats   Avg      Stdev     Max   +/- Stdev
    Latency     5.65s     3.80s   19.61s    62.68%
    Req/Sec     0.86k    97.19     1.06k    66.67%
  Latency Distribution (HdrHistogram - Recorded Latency)
 50.000%    5.59s 
 75.000%    8.34s 
 90.000%   10.80s 
 99.000%   14.61s 
 99.900%   17.07s 
 99.990%   18.71s 
 99.999%   19.56s 
100.000%   19.63s 

  Detailed Percentile spectrum:
       Value   Percentile   TotalCount 1/(1-Percentile)

       1.323     0.000000            1         1.00
     452.607     0.100000        27367         1.11
    1859.583     0.200000        54738         1.25
    3092.479     0.300000        82102         1.43
    4349.951     0.400000       109472         1.67
    5586.943     0.500000       136871         2.00
    6115.327     0.550000       150602         2.22
    6623.231     0.600000       164191         2.50
    7135.231     0.650000       177918         2.86
    7729.151     0.700000       191563         3.33
    8335.359     0.750000       205273         4.00
    8658.943     0.775000       212136         4.44
    9027.583     0.800000       218906         5.00
    9445.375     0.825000       225792         5.71
    9863.167     0.850000       232608         6.67
   10330.111     0.875000       239438         8.00
   10567.679     0.887500       242854         8.89
   10797.055     0.900000       246249        10.00
   11075.583     0.912500       249737        11.43
   11403.263     0.925000       253096        13.33
   11845.631     0.937500       256571        16.00
   12066.815     0.943750       258241        17.78
   12320.767     0.950000       259975        20.00
   12574.719     0.956250       261680        22.86
   12861.439     0.962500       263363        26.67
   13189.119     0.968750       265086        32.00
   13311.999     0.971875       265981        35.56
   13451.263     0.975000       266812        40.00
   13606.911     0.978125       267633        45.71
   13787.135     0.981250       268499        53.33
   14000.127     0.984375       269347        64.00
   14155.775     0.985938       269770        71.11
   14327.807     0.987500       270189        80.00
   14508.031     0.989062       270631        91.43
   14688.255     0.990625       271044       106.67
   14893.055     0.992188       271479       128.00
   14991.359     0.992969       271687       142.22
   15122.431     0.993750       271905       160.00
   15302.655     0.994531       272112       182.86
   15532.031     0.995313       272332       213.33
   15745.023     0.996094       272544       256.00
   15876.095     0.996484       272651       284.44
   16031.743     0.996875       272759       320.00
   16154.623     0.997266       272862       365.71
   16277.503     0.997656       272974       426.67
   16433.151     0.998047       273076       512.00
   16539.647     0.998242       273130       568.89
   16654.335     0.998437       273181       640.00
   16777.215     0.998633       273234       731.43
   16941.055     0.998828       273294       853.33
   17088.511     0.999023       273341      1024.00
   17219.583     0.999121       273372      1137.78
   17285.119     0.999219       273415      1280.00
   17301.503     0.999316       273422      1462.86
   17596.415     0.999414       273448      1706.67
   17809.407     0.999512       273475      2048.00
   17907.711     0.999561       273488      2275.56
   17989.631     0.999609       273503      2560.00
   18071.551     0.999658       273516      2925.71
   18153.471     0.999707       273529      3413.33
   18235.391     0.999756       273542      4096.00
   18284.543     0.999780       273550      4551.11
   18382.847     0.999805       273556      5120.00
   18464.767     0.999829       273565      5851.43
   18481.151     0.999854       273568      6826.67
   18530.303     0.999878       273577      8192.00
   18546.687     0.999890       273579      9102.22
   18792.447     0.999902       273582     10240.00
   19005.439     0.999915       273585     11702.86
   19087.359     0.999927       273588     13653.33
   19185.663     0.999939       273592     16384.00
   19218.431     0.999945       273593     18204.44
   19251.199     0.999951       273595     20480.00
   19300.351     0.999957       273597     23405.71
   19333.119     0.999963       273598     27306.67
   19382.271     0.999969       273600     32768.00
   19415.039     0.999973       273601     36408.89
   19464.191     0.999976       273602     40960.00
   19496.959     0.999979       273603     46811.43
   19496.959     0.999982       273603     54613.33
   19529.727     0.999985       273604     65536.00
   19562.495     0.999986       273605     72817.78
   19562.495     0.999988       273605     81920.00
   19578.879     0.999989       273606     93622.86
   19578.879     0.999991       273606    109226.67
   19578.879     0.999992       273606    131072.00
   19611.647     0.999993       273607    145635.56
   19611.647     0.999994       273607    163840.00
   19611.647     0.999995       273607    187245.71
   19611.647     0.999995       273607    218453.33
   19611.647     0.999996       273607    262144.00
   19628.031     0.999997       273608    291271.11
   19628.031     1.000000       273608          inf
#[Mean    =     5651.141, StdDeviation   =     3803.486]
#[Max     =    19611.648, Total count    =       273608]
#[Buckets =           27, SubBuckets     =         2048]
----------------------------------------------------------
  409184 requests in 30.00s, 5.42GB read
  Socket errors: connect 0, read 14, write 0, timeout 0
Requests/sec:  13638.80
Transfer/sec:    184.89MB
WRKX_RESULT {"durationUs":30001457,"requests":409184,"responses":409184,"errors":14,"bytes":5816564221,"latencyAvgUs":5651141.117,"latencyP95Us":12320767.000,"latencyP99Us":14606335.000}
