Running 30s test @ http://localhost:9991/postgres/orders
  16 threads and 256 connections
  Thread calibration: mean lat.: 2.292ms, rate sampling interval: 10ms
  Thread calibration: mean lat.: 2.164ms, rate sampling interval: 10ms
  Thread calibration: mean lat.: 2.271ms, rate sampling interval: 10ms
  Thread calibration: mean lat.: 2.548ms, rate sampling interval: 10ms
  Thread calibration: mean lat.: 2.461ms, rate sampling interval: 10ms
  Thread calibration: mean lat.: 2.382ms, rate sampling interval: 10ms
  Thread calibration: mean lat.: 2.451ms, rate sampling interval: 10ms
  Thread calibration: mean lat.: 2.272ms, rate sampling interval: 10ms
  Thread calibration: mean lat.: 2.707ms, rate sampling interval: 10ms
  Thread calibration: mean lat.: 2.227ms, rate sampling interval: 10ms
  Thread calibration: mean lat.: 2.904ms, rate sampling interval: 10ms
  Thread calibration: mean lat.: 2.550ms, rate sampling interval: 10ms
  Thread calibration: mean lat.: 2.575ms, rate sampling interval: 10ms
  Thread calibration: mean lat.: 2.332ms, rate sampling interval: 10ms
  Thread calibration: mean lat.: 2.553ms, rate sampling interval: 10ms
  Thread calibration: mean lat.: 2.629ms, rate sampling interval: 10ms
  Thread Stats   Avg      Stdev     Max   +/- Stdev
    Latency     2.46ms    1.11ms  19.18ms   80.12%
    Req/Sec   329.22    117.14   700.00     73.79%
  Latency Distribution (HdrHistogram - Recorded Latency)
 50.000%    2.19ms
 75.000%    2.84ms
 90.000%    3.78ms
 99.000%    6.67ms
 99.900%    9.33ms
 99.990%   13.14ms
 99.999%   16.58ms
100.000%   19.20ms

  Detailed Percentile spectrum:
       Value   Percentile   TotalCount 1/(1-Percentile)

       0.759     0.000000            1         1.00
       1.399     0.100000         9994         1.11
       1.632     0.200000        19937         1.25
       1.830     0.300000        29910         1.43
       2.009     0.400000        39861         1.67
       2.195     0.500000        49824         2.00
       2.299     0.550000        54849         2.22
       2.411     0.600000        59834         2.50
       2.537     0.650000        64746         2.86
       2.679     0.700000        69758         3.33
       2.843     0.750000        74707         4.00
       2.941     0.775000        77221         4.44
       3.055     0.800000        79699         5.00
       3.189     0.825000        82200         5.71
       3.347     0.850000        84680         6.67
       3.531     0.875000        87147         8.00
       3.643     0.887500        88404         8.89
       3.777     0.900000        89644        10.00
       3.925     0.912500        90894        11.43
       4.099     0.925000        92130        13.33
       4.319     0.937500        93385        16.00
       4.447     0.943750        94009        17.78
       4.587     0.950000        94618        20.00
       4.743     0.956250        95248        22.86
       4.931     0.962500        95870        26.67
       5.167     0.968750        96491        32.00
       5.319     0.971875        96805        35.56
       5.483     0.975000        97112        40.00
       5.655     0.978125        97419        45.71
       5.867     0.981250        97729        53.33
       6.087     0.984375        98040        64.00
       6.219     0.985938        98196        71.11
       6.379     0.987500        98352        80.00
       6.555     0.989062        98507        91.43
       6.743     0.990625        98666       106.67
       6.971     0.992188        98819       128.00
       7.087     0.992969        98897       142.22
       7.223     0.993750        98976       160.00
       7.391     0.994531        99055       182.86
       7.555     0.995313        99132       213.33
       7.743     0.996094        99207       256.00
       7.907     0.996484        99247       284.44
       8.059     0.996875        99286       320.00
       8.239     0.997266        99324       365.71
       8.415     0.997656        99364       426.67
       8.607     0.998047        99402       512.00
       8.791     0.998242        99422       568.89
       8.903     0.998437        99441       640.00
       9.071     0.998633        99460       731.43
       9.207     0.998828        99480       853.33
       9.399     0.999023        99499      1024.00
       9.527     0.999121        99509      1137.78
       9.623     0.999219        99519      1280.00
       9.775     0.999316        99530      1462.86
       9.879     0.999414        99538      1706.67
      10.023     0.999512        99548      2048.00
      10.151     0.999561        99553      2275.56
      10.295     0.999609        99558      2560.00
      10.399     0.999658        99562      2925.71
      10.559     0.999707        99567      3413.33
      10.759     0.999756        99572      4096.00
      11.015     0.999780        99575      4551.11
      11.151     0.999805        99577      5120.00
      11.495     0.999829        99579      5851.43
      12.671     0.999854        99582      6826.67
      12.999     0.999878        99584      8192.00
      13.143     0.999890        99586      9102.22
      13.215     0.999902        99587     10240.00
      13.303     0.999915        99588     11702.86
      13.399     0.999927        99589     13653.33
      13.447     0.999939        99590     16384.00
      13.935     0.999945        99591     18204.44
      14.255     0.999951        99592     20480.00
      14.255     0.999957        99592     23405.71
      14.559     0.999963        99593     27306.67
      14.559     0.999969        99593     32768.00
      14.607     0.999973        99594     36408.89
      14.607     0.999976        99594     40960.00
      14.607     0.999979        99594     46811.43
      16.575     0.999982        99595     54613.33
      16.575     0.999985        99595     65536.00
      16.575     0.999986        99595     72817.78
      16.575     0.999988        99595     81920.00
      16.575     0.999989        99595     93622.86
      19.199     0.999991        99596    109226.67
      19.199     1.000000        99596          inf
#[Mean    =        2.455, StdDeviation   =        1.114]
#[Max     =       19.184, Total count    =        99596]
#[Buckets =           27, SubBuckets     =         2048]
----------------------------------------------------------
  149919 requests in 30.00s, 1.98GB read
  Socket errors: connect 0, read 415, write 0, timeout 0
Requests/sec:   4996.82
Transfer/sec:     67.74MB
WRKX_RESULT {"durationUs":30002881,"requests":149919,"responses":149919,"errors":415,"bytes":2131099003,"latencyAvgUs":2455.237,"latencyP95Us":4587.000,"latencyP99Us":6667.000}
