Running 30s test @ http://localhost:9991/postgres/orders
  16 threads and 256 connections
  Thread calibration: mean lat.: 3273.846ms, rate sampling interval: 12017ms
  Thread calibration: mean lat.: 3109.449ms, rate sampling interval: 12001ms
  Thread calibration: mean lat.: 3343.806ms, rate sampling interval: 12419ms
  Thread calibration: mean lat.: 3223.790ms, rate sampling interval: 11821ms
  Thread calibration: mean lat.: 3341.716ms, rate sampling interval: 11911ms
  Thread calibration: mean lat.: 3342.210ms, rate sampling interval: 12910ms
  Thread calibration: mean lat.: 3117.312ms, rate sampling interval: 11862ms
  Thread calibration: mean lat.: 3581.652ms, rate sampling interval: 12673ms
  Thread calibration: mean lat.: 3241.740ms, rate sampling interval: 12509ms
  Thread calibration: mean lat.: 3502.555ms, rate sampling interval: 12656ms
  Thread calibration: mean lat.: 3110.496ms, rate sampling interval: 11231ms
  Thread calibration: mean lat.: 3363.446ms, rate sampling interval: 12918ms
  Thread calibration: mean lat.: 2848.304ms, rate sampling interval: 12156ms
  Thread calibration: mean lat.: 3388.415ms, rate sampling interval: 12287ms
  Thread calibration: mean lat.: 3769.852ms, rate sampling interval: 12443ms
  Thread calibration: mean lat.: 2638.127ms, rate sampling interval: 11730ms
  Thread Stats   Avg      Stdev     Max   +/- Stdev
    Latency    14.02s     4.64s   25.59s    62.95%
    Req/Sec     0.90k    79.46     1.03k    68.75%
  Latency Distribution (HdrHistogram - Recorded Latency)
 50.000%   13.86s 
 75.000%   17.71s 
 90.000%   20.35s 
 99.000%   23.20s 
 99.900%   24.54s 
 99.990%   25.18s 
 99.999%   25.46s 
100.000%   25.61s 

  Detailed Percentile spectrum:
       Value   Percentile   TotalCount 1/(1-Percentile)

       2.999     0.000000            1         1.00
    8052.735     0.100000        28604         1.11
    9691.135     0.200000        57288         1.25
   11059.199     0.300000        85717         1.43
   12435.455     0.400000       114286         1.67
   13860.863     0.500000       142914         2.00
   14622.719     0.550000       157200         2.22
   15400.959     0.600000       171492         2.50
   16138.239     0.650000       185700         2.86
   16875.519     0.700000       200011         3.33
   17711.103     0.750000       214329         4.00
   18153.471     0.775000       221600         4.44
   18563.071     0.800000       228615         5.00
   18956.287     0.825000       235776         5.71
   19365.887     0.850000       242909         6.67
   19841.023     0.875000       250042         8.00
   20070.399     0.887500       253567         8.89
   20348.927     0.900000       257113        10.00
   20627.455     0.912500       260717        11.43
   20905.983     0.925000       264218        13.33
   21217.279     0.937500       267899        16.00
   21348.351     0.943750       269681        17.78
   21512.191     0.950000       271440        20.00
   21692.415     0.956250       273222        22.86
   21905.407     0.962500       275002        26.67
   22118.399     0.968750       276781        32.00
   22249.471     0.971875       277691        35.56
   22380.543     0.975000       278543        40.00
   22511.615     0.978125       279393        45.71
   22659.071     0.981250       280324        53.33
   22806.527     0.984375       281209        64.00
   22904.831     0.985938       281694        71.11
   23003.135     0.987500       282128        80.00
   23117.823     0.989062       282539        91.43
   23248.895     0.990625       282967       106.67
   23396.351     0.992188       283419       128.00
   23478.271     0.992969       283663       142.22
   23560.191     0.993750       283889       160.00
   23625.727     0.994531       284080       182.86
   23707.647     0.995313       284301       213.33
   23838.719     0.996094       284546       256.00
   23904.255     0.996484       284646       284.44
   23986.175     0.996875       284763       320.00
   24051.711     0.997266       284857       365.71
   24150.015     0.997656       284977       426.67
   24248.319     0.998047       285080       512.00
   24330.239     0.998242       285145       568.89
   24395.775     0.998437       285202       640.00
   24461.311     0.998633       285249       731.43
   24526.847     0.998828       285323       853.33
   24559.615     0.999023       285361      1024.00
   24608.767     0.999121       285394      1137.78
   24657.919     0.999219       285420      1280.00
   24707.071     0.999316       285445      1462.86
   24772.607     0.999414       285472      1706.67
   24854.527     0.999512       285503      2048.00
   24887.295     0.999561       285513      2275.56
   24952.831     0.999609       285527      2560.00
   24969.215     0.999658       285563      2925.71
   24969.215     0.999707       285563      3413.33
   25001.983     0.999756       285568      4096.00
   25034.751     0.999780       285576      4551.11
   25067.519     0.999805       285583      5120.00
   25100.287     0.999829       285589      5851.43
   25149.439     0.999854       285598      6826.67
   25165.823     0.999878       285603      8192.00
   25182.207     0.999890       285608      9102.22
   25198.591     0.999902       285610     10240.00
   25231.359     0.999915       285616     11702.86
   25247.743     0.999927       285622     13653.33
   25247.743     0.999939       285622     16384.00
   25247.743     0.999945       285622     18204.44
   25264.127     0.999951       285624     20480.00
   25280.511     0.999957       285626     23405.71
   25296.895     0.999963       285628     27306.67
   25313.279     0.999969       285629     32768.00
   25329.663     0.999973       285630     36408.89
   25346.047     0.999976       285631     40960.00
   25346.047     0.999979       285631     46811.43
   25378.815     0.999982       285632     54613.33
   25411.583     0.999985       285633     65536.00
   25460.735     0.999986       285634     72817.78
   25460.735     0.999988       285634     81920.00
   25460.735     0.999989       285634     93622.86
   25477.119     0.999991       285635    109226.67
   25477.119     0.999992       285635    131072.00
   25542.655     0.999993       285636    145635.56
   25542.655     0.999994       285636    163840.00
   25542.655     0.999995       285636    187245.71
   25542.655     0.999995       285636    218453.33
   25542.655     0.999996       285636    262144.00
   25608.191     0.999997       285637    291271.11
   25608.191     1.000000       285637          inf
#[Mean    =    14016.137, StdDeviation   =     4641.153]
#[Max     =    25591.808, Total count    =       285637]
#[Buckets =           27, SubBuckets     =         2048]
----------------------------------------------------------
  424198 requests in 30.00s, 5.62GB read
  Socket errors: connect 0, read 14, write 0, timeout 0
Requests/sec:  14139.22
Transfer/sec:    191.68MB
WRKX_RESULT {"durationUs":30001506,"requests":424198,"responses":424198,"errors":14,"bytes":6029989865,"latencyAvgUs":14016137.069,"latencyP95Us":21512191.000,"latencyP99Us":23199743.000}
