Running 30s test @ http://localhost:9991/postgres/orders
  16 threads and 256 connections
  Thread calibration: mean lat.: 430.625ms, rate sampling interval: 3106ms
  Thread calibration: mean lat.: 400.635ms, rate sampling interval: 2504ms
  Thread calibration: mean lat.: 407.275ms, rate sampling interval: 2885ms
  Thread calibration: mean lat.: 491.591ms, rate sampling interval: 3319ms
  Thread calibration: mean lat.: 558.924ms, rate sampling interval: 3895ms
  Thread calibration: mean lat.: 664.878ms, rate sampling interval: 4722ms
  Thread calibration: mean lat.: 564.876ms, rate sampling interval: 4255ms
  Thread calibration: mean lat.: 216.212ms, rate sampling interval: 890ms
  Thread calibration: mean lat.: 328.443ms, rate sampling interval: 2142ms
  Thread calibration: mean lat.: 568.626ms, rate sampling interval: 3321ms
  Thread calibration: mean lat.: 416.815ms, rate sampling interval: 2654ms
  Thread calibration: mean lat.: 440.510ms, rate sampling interval: 2779ms
  Thread calibration: mean lat.: 206.252ms, rate sampling interval: 1065ms
  Thread calibration: mean lat.: 796.096ms, rate sampling interval: 5238ms
  Thread calibration: mean lat.: 1075.358ms, rate sampling interval: 6307ms
  Thread calibration: mean lat.: 619.046ms, rate sampling interval: 4139ms
  Thread Stats   Avg      Stdev     Max   +/- Stdev
    Latency     2.62s     3.15s   15.37s    85.44%
    Req/Sec   814.70    110.70     1.33k    80.17%
  Latency Distribution (HdrHistogram - Recorded Latency)
 50.000%    1.44s 
 75.000%    3.80s 
 90.000%    7.71s 
 99.000%   12.56s 
 99.900%   14.49s 
 99.990%   15.15s 
 99.999%   15.28s 
100.000%   15.38s 

  Detailed Percentile spectrum:
       Value   Percentile   TotalCount 1/(1-Percentile)

       0.925     0.000000            1         1.00
       6.223     0.100000        26059         1.11
      44.063     0.200000        52097         1.25
     365.823     0.300000        78146         1.43
     805.375     0.400000       104193         1.67
    1440.767     0.500000       130255         2.00
    1839.103     0.550000       143270         2.22
    2263.039     0.600000       156317         2.50
    2678.783     0.650000       169348         2.86
    3186.687     0.700000       182350         3.33
    3803.135     0.750000       195358         4.00
    4122.623     0.775000       201865         4.44
    4513.791     0.800000       208422         5.00
    4988.927     0.825000       214890         5.71
    5627.903     0.850000       221396         6.67
    6545.407     0.875000       227930         8.00
    7049.215     0.887500       231184         8.89
    7712.767     0.900000       234426        10.00
    8228.863     0.912500       237678        11.43
    8839.167     0.925000       240933        13.33
    9502.719     0.937500       244190        16.00
    9773.055     0.943750       245883        17.78
    9953.279     0.950000       247455        20.00
   10158.079     0.956250       249084        22.86
   10395.647     0.962500       250724        26.67
   10788.863     0.968750       252332        32.00
   11051.007     0.971875       253147        35.56
   11329.535     0.975000       253955        40.00
   11616.255     0.978125       254770        45.71
   11886.591     0.981250       255632        53.33
   12075.007     0.984375       256402        64.00
   12247.039     0.985938       256811        71.11
   12369.919     0.987500       257215        80.00
   12484.607     0.989062       257631        91.43
   12623.871     0.990625       258041       106.67
   12804.095     0.992188       258442       128.00
   12902.399     0.992969       258635       142.22
   13017.087     0.993750       258845       160.00
   13148.159     0.994531       259043       182.86
   13344.767     0.995313       259245       213.33
   13500.415     0.996094       259454       256.00
   13590.527     0.996484       259551       284.44
   13680.639     0.996875       259654       320.00
   13770.751     0.997266       259760       365.71
   13844.479     0.997656       259861       426.67
   13959.167     0.998047       259957       512.00
   14000.127     0.998242       260019       568.89
   14082.047     0.998437       260057       640.00
   14196.735     0.998633       260111       731.43
   14352.383     0.998828       260159       853.33
   14508.031     0.999023       260210      1024.00
   14589.951     0.999121       260236      1137.78
   14671.871     0.999219       260261      1280.00
   14721.023     0.999316       260286      1462.86
   14778.367     0.999414       260315      1706.67
   14835.711     0.999512       260336      2048.00
   14876.671     0.999561       260351      2275.56
   14909.439     0.999609       260363      2560.00
   14934.015     0.999658       260374      2925.71
   14974.975     0.999707       260390      3413.33
   15007.743     0.999756       260402      4096.00
   15015.935     0.999780       260406      4551.11
   15040.511     0.999805       260413      5120.00
   15065.087     0.999829       260419      5851.43
   15089.663     0.999854       260426      6826.67
   15130.623     0.999878       260433      8192.00
   15138.815     0.999890       260435      9102.22
   15155.199     0.999902       260439     10240.00
   15163.391     0.999915       260441     11702.86
   15171.583     0.999927       260444     13653.33
   15187.967     0.999939       260451     16384.00
   15187.967     0.999945       260451     18204.44
   15187.967     0.999951       260451     20480.00
   15196.159     0.999957       260452     23405.71
   15204.351     0.999963       260455     27306.67
   15212.543     0.999969       260457     32768.00
   15212.543     0.999973       260457     36408.89
   15212.543     0.999976       260457     40960.00
   15220.735     0.999979       260458     46811.43
   15245.311     0.999982       260459     54613.33
   15278.079     0.999985       260460     65536.00
   15278.079     0.999986       260460     72817.78
   15278.079     0.999988       260460     81920.00
   15310.847     0.999989       260461     93622.86
   15310.847     0.999991       260461    109226.67
   15343.615     0.999992       260462    131072.00
   15343.615     0.999993       260462    145635.56
   15343.615     0.999994       260462    163840.00
   15343.615     0.999995       260462    187245.71
   15343.615     0.999995       260462    218453.33
   15376.383     0.999996       260463    262144.00
   15376.383     1.000000       260463          inf
#[Mean    =     2619.788, StdDeviation   =     3151.067]
#[Max     =    15368.192, Total count    =       260463]
#[Buckets =           27, SubBuckets     =         2048]
----------------------------------------------------------
  390272 requests in 30.00s, 5.17GB read
  Socket errors: connect 0, read 60, write 0, timeout 0
Requests/sec:  13007.52
Transfer/sec:    176.34MB
WRKX_RESULT {"durationUs":30003562,"requests":390272,"responses":390272,"errors":60,"bytes":5547729400,"latencyAvgUs":2619787.805,"latencyP95Us":9953279.000,"latencyP99Us":12558335.000}
