Running 30s test @ http://localhost:9991/postgres/orders
  16 threads and 256 connections
  Thread calibration: mean lat.: 4588.193ms, rate sampling interval: 16523ms
  Thread calibration: mean lat.: 4588.691ms, rate sampling interval: 16523ms
  Thread calibration: mean lat.: 4588.190ms, rate sampling interval: 16531ms
  Thread calibration: mean lat.: 4585.236ms, rate sampling interval: 16523ms
  Thread calibration: mean lat.: 4586.024ms, rate sampling interval: 16523ms
  Thread calibration: mean lat.: 4589.635ms, rate sampling interval: 16531ms
  Thread calibration: mean lat.: 4591.164ms, rate sampling interval: 16539ms
  Thread calibration: mean lat.: 4586.565ms, rate sampling interval: 16531ms
  Thread calibration: mean lat.: 4590.650ms, rate sampling interval: 16531ms
  Thread calibration: mean lat.: 4586.712ms, rate sampling interval: 16523ms
  Thread calibration: mean lat.: 4590.495ms, rate sampling interval: 16523ms
  Thread calibration: mean lat.: 4591.735ms, rate sampling interval: 16539ms
  Thread calibration: mean lat.: 4585.424ms, rate sampling interval: 16531ms
  Thread calibration: mean lat.: 4594.629ms, rate sampling interval: 16539ms
  Thread calibration: mean lat.: 4589.057ms, rate sampling interval: 16523ms
  Thread calibration: mean lat.: 4594.233ms, rate sampling interval: 16523ms
  Thread Stats   Avg      Stdev     Max   +/- Stdev
    Latency    18.34s     5.28s   27.39s    57.47%
    Req/Sec   534.69      0.46   535.00    100.00%
  Latency Distribution (HdrHistogram - Recorded Latency)
 50.000%   18.37s 
 75.000%   22.97s 
 90.000%   25.64s 
 99.000%   27.20s 
 99.900%   27.38s 
 99.990%   27.39s 
 99.999%   27.41s 
100.000%   27.41s 

  Detailed Percentile spectrum:
       Value   Percentile   TotalCount 1/(1-Percentile)

    9142.271     0.000000            1         1.00
   11010.047     0.100000        17214         1.11
   12853.247     0.200000        34392         1.25
   14704.639     0.300000        51513         1.43
   16531.455     0.400000        68726         1.67
   18366.463     0.500000        85845         2.00
   19267.583     0.550000        94458         2.22
   20185.087     0.600000       103116         2.50
   21102.591     0.650000       111606         2.86
   22052.863     0.700000       120311         3.33
   22970.367     0.750000       128849         4.00
   23429.119     0.775000       133096         4.44
   23871.487     0.800000       137493         5.00
   24313.855     0.825000       141737         5.71
   24756.223     0.850000       145943         6.67
   25214.975     0.875000       150323         8.00
   25427.967     0.887500       152519         8.89
   25640.959     0.900000       154651        10.00
   25837.567     0.912500       156723        11.43
   26050.559     0.925000       158872        13.33
   26263.551     0.937500       161002        16.00
   26378.239     0.943750       162154        17.78
   26476.543     0.950000       163131        20.00
   26591.231     0.956250       164238        22.86
   26705.919     0.962500       165343        26.67
   26820.607     0.968750       166449        32.00
   26869.759     0.971875       166929        35.56
   26918.911     0.975000       167399        40.00
   26984.447     0.978125       168005        45.71
   27033.599     0.981250       168457        53.33
   27099.135     0.984375       169037        64.00
   27131.903     0.985938       169352        71.11
   27164.671     0.987500       169652        80.00
   27181.055     0.989062       169796        91.43
   27213.823     0.990625       170108       106.67
   27246.591     0.992188       170414       128.00
   27262.975     0.992969       170567       142.22
   27279.359     0.993750       170724       160.00
   27295.743     0.994531       170876       182.86
   27295.743     0.995313       170876       213.33
   27312.127     0.996094       171036       256.00
   27328.511     0.996484       171186       284.44
   27328.511     0.996875       171186       320.00
   27344.895     0.997266       171335       365.71
   27344.895     0.997656       171335       426.67
   27344.895     0.998047       171335       512.00
   27361.279     0.998242       171485       568.89
   27361.279     0.998437       171485       640.00
   27361.279     0.998633       171485       731.43
   27361.279     0.998828       171485       853.33
   27377.663     0.999023       171578      1024.00
   27377.663     0.999121       171578      1137.78
   27377.663     0.999219       171578      1280.00
   27377.663     0.999316       171578      1462.86
   27377.663     0.999414       171578      1706.67
   27394.047     0.999512       171655      2048.00
   27394.047     0.999561       171655      2275.56
   27394.047     0.999609       171655      2560.00
   27394.047     0.999658       171655      2925.71
   27394.047     0.999707       171655      3413.33
   27394.047     0.999756       171655      4096.00
   27394.047     0.999780       171655      4551.11
   27394.047     0.999805       171655      5120.00
   27394.047     0.999829       171655      5851.43
   27394.047     0.999854       171655      6826.67
   27394.047     0.999878       171655      8192.00
   27394.047     0.999890       171655      9102.22
   27394.047     0.999902       171655     10240.00
   27410.431     0.999915       171670     11702.86
   27410.431     1.000000       171670          inf
#[Mean    =    18340.347, StdDeviation   =     5275.480]
#[Max     =    27394.048, Total count    =       171670]
#[Buckets =           27, SubBuckets     =         2048]
----------------------------------------------------------
  258294 requests in 30.01s, 3.43GB read
Requests/sec:   8608.14
Transfer/sec:    117.03MB
WRKX_RESULT {"durationUs":30005776,"requests":258294,"responses":258294,"errors":0,"bytes":3682239264,"latencyAvgUs":18340347.496,"latencyP95Us":26476543.000,"latencyP99Us":27197439.000}
