Running 30s test @ http://localhost:9991/postgres/orders
  16 threads and 256 connections
  Thread calibration: mean lat.: 716.056ms, rate sampling interval: 2496ms
  Thread calibration: mean lat.: 716.038ms, rate sampling interval: 2496ms
  Thread calibration: mean lat.: 714.523ms, rate sampling interval: 2492ms
  Thread calibration: mean lat.: 712.673ms, rate sampling interval: 2484ms
  Thread calibration: mean lat.: 710.656ms, rate sampling interval: 2488ms
  Thread calibration: mean lat.: 714.449ms, rate sampling interval: 2498ms
  Thread calibration: mean lat.: 714.003ms, rate sampling interval: 2492ms
  Thread calibration: mean lat.: 713.055ms, rate sampling interval: 2488ms
  Thread calibration: mean lat.: 718.179ms, rate sampling interval: 2498ms
  Thread calibration: mean lat.: 712.526ms, rate sampling interval: 2492ms
  Thread calibration: mean lat.: 718.857ms, rate sampling interval: 2508ms
  Thread calibration: mean lat.: 714.868ms, rate sampling interval: 2496ms
  Thread calibration: mean lat.: 709.689ms, rate sampling interval: 2482ms
  Thread calibration: mean lat.: 712.276ms, rate sampling interval: 2494ms
  Thread calibration: mean lat.: 712.225ms, rate sampling interval: 2488ms
  Thread calibration: mean lat.: 713.868ms, rate sampling interval: 2498ms
  Thread Stats   Avg      Stdev     Max   +/- Stdev
    Latency     2.62s   746.64ms   3.95s    58.28%
    Req/Sec   544.14      8.81   559.00     67.52%
  Latency Distribution (HdrHistogram - Recorded Latency)
 50.000%    2.61s 
 75.000%    3.26s 
 90.000%    3.67s 
 99.000%    3.85s 
 99.900%    3.90s 
 99.990%    3.93s 
 99.999%    3.94s 
100.000%    3.95s 

  Detailed Percentile spectrum:
       Value   Percentile   TotalCount 1/(1-Percentile)

    1298.431     0.000000            1         1.00
    1583.103     0.100000        17417         1.11
    1840.127     0.200000        34820         1.25
    2117.631     0.300000        52211         1.43
    2355.199     0.400000        69626         1.67
    2605.055     0.500000        87017         2.00
    2756.607     0.550000        95703         2.22
    2920.447     0.600000       104421         2.50
    3053.567     0.650000       113100         2.86
    3160.063     0.700000       121785         3.33
    3256.319     0.750000       130445         4.00
    3311.615     0.775000       134879         4.44
    3379.199     0.800000       139148         5.00
    3465.215     0.825000       143503         5.71
    3538.943     0.850000       147879         6.67
    3608.575     0.875000       152216         8.00
    3641.343     0.887500       154428         8.89
    3670.015     0.900000       156589        10.00
    3696.639     0.912500       158770        11.43
    3719.167     0.925000       160914        13.33
    3739.647     0.937500       163123        16.00
    3749.887     0.943750       164193        17.78
    3760.127     0.950000       165250        20.00
    3772.415     0.956250       166367        22.86
    3784.703     0.962500       167460        26.67
    3799.039     0.968750       168563        32.00
    3807.231     0.971875       169138        35.56
    3813.375     0.975000       169589        40.00
    3821.567     0.978125       170180        45.71
    3829.759     0.981250       170774        53.33
    3835.903     0.984375       171196        64.00
    3842.047     0.985938       171569        71.11
    3846.143     0.987500       171805        80.00
    3850.239     0.989062       172058        91.43
    3854.335     0.990625       172282       106.67
    3860.479     0.992188       172610       128.00
    3862.527     0.992969       172712       142.22
    3866.623     0.993750       172891       160.00
    3868.671     0.994531       172967       182.86
    3872.767     0.995313       173126       213.33
    3876.863     0.996094       173254       256.00
    3878.911     0.996484       173308       284.44
    3880.959     0.996875       173366       320.00
    3885.055     0.997266       173465       365.71
    3887.103     0.997656       173509       426.67
    3889.151     0.998047       173561       512.00
    3891.199     0.998242       173599       568.89
    3893.247     0.998437       173637       640.00
    3895.295     0.998633       173670       731.43
    3897.343     0.998828       173697       853.33
    3899.391     0.999023       173733      1024.00
    3901.439     0.999121       173751      1137.78
    3903.487     0.999219       173773      1280.00
    3905.535     0.999316       173796      1462.86
    3905.535     0.999414       173796      1706.67
    3907.583     0.999512       173818      2048.00
    3909.631     0.999561       173828      2275.56
    3911.679     0.999609       173841      2560.00
    3911.679     0.999658       173841      2925.71
    3913.727     0.999707       173851      3413.33
    3915.775     0.999756       173857      4096.00
    3917.823     0.999780       173862      4551.11
    3919.871     0.999805       173868      5120.00
    3919.871     0.999829       173868      5851.43
    3923.967     0.999854       173872      6826.67
    3928.063     0.999878       173875      8192.00
    3930.111     0.999890       173877      9102.22
    3932.159     0.999902       173880     10240.00
    3934.207     0.999915       173884     11702.86
    3934.207     0.999927       173884     13653.33
    3938.303     0.999939       173889     16384.00
    3938.303     0.999945       173889     18204.44
    3938.303     0.999951       173889     20480.00
    3938.303     0.999957       173889     23405.71
    3940.351     0.999963       173891     27306.67
    3940.351     0.999969       173891     32768.00
    3942.399     0.999973       173892     36408.89
    3942.399     0.999976       173892     40960.00
    3944.447     0.999979       173895     46811.43
    3944.447     0.999982       173895     54613.33
    3944.447     0.999985       173895     65536.00
    3944.447     0.999986       173895     72817.78
    3944.447     0.999988       173895     81920.00
    3944.447     0.999989       173895     93622.86
    3944.447     0.999991       173895    109226.67
    3944.447     0.999992       173895    131072.00
    3944.447     0.999993       173895    145635.56
    3944.447     0.999994       173895    163840.00
    3948.543     0.999995       173896    187245.71
    3948.543     1.000000       173896          inf
#[Mean    =     2622.365, StdDeviation   =      746.635]
#[Max     =     3946.496, Total count    =       173896]
#[Buckets =           27, SubBuckets     =         2048]
----------------------------------------------------------
  261040 requests in 30.01s, 3.47GB read
Requests/sec:   8699.82
Transfer/sec:    118.28MB
WRKX_RESULT {"durationUs":30005216,"requests":261040,"responses":261040,"errors":0,"bytes":3721404587,"latencyAvgUs":2622364.533,"latencyP95Us":3760127.000,"latencyP99Us":3852287.000}
