Running 30s test @ http://localhost:9991/postgres/orders
  16 threads and 256 connections
  Thread calibration: mean lat.: 2863.002ms, rate sampling interval: 10231ms
  Thread calibration: mean lat.: 2861.320ms, rate sampling interval: 10239ms
  Thread calibration: mean lat.: 2861.030ms, rate sampling interval: 10231ms
  Thread calibration: mean lat.: 2872.067ms, rate sampling interval: 10248ms
  Thread calibration: mean lat.: 2862.535ms, rate sampling interval: 10223ms
  Thread calibration: mean lat.: 2864.396ms, rate sampling interval: 10231ms
  Thread calibration: mean lat.: 2865.627ms, rate sampling interval: 10231ms
  Thread calibration: mean lat.: 2873.081ms, rate sampling interval: 10248ms
  Thread calibration: mean lat.: 2862.958ms, rate sampling interval: 10223ms
  Thread calibration: mean lat.: 2861.120ms, rate sampling interval: 10239ms
  Thread calibration: mean lat.: 2863.605ms, rate sampling interval: 10231ms
  Thread calibration: mean lat.: 2862.287ms, rate sampling interval: 10231ms
  Thread calibration: mean lat.: 2862.098ms, rate sampling interval: 10223ms
  Thread calibration: mean lat.: 2863.345ms, rate sampling interval: 10231ms
  Thread calibration: mean lat.: 2863.749ms, rate sampling interval: 10231ms
  Thread calibration: mean lat.: 2862.067ms, rate sampling interval: 10231ms
  Thread Stats   Avg      Stdev     Max   +/- Stdev
    Latency    11.20s     3.21s   16.79s    57.68%
    Req/Sec   554.81      0.39   555.00    100.00%
  Latency Distribution (HdrHistogram - Recorded Latency)
 50.000%   11.18s 
 75.000%   13.97s 
 90.000%   15.69s 
 99.000%   16.65s 
 99.900%   16.76s 
 99.990%   16.79s 
 99.999%   16.81s 
100.000%   16.81s 

  Detailed Percentile spectrum:
       Value   Percentile   TotalCount 1/(1-Percentile)

    5631.999     0.000000            1         1.00
    6729.727     0.100000        17653         1.11
    7852.031     0.200000        35330         1.25
    8994.815     0.300000        52997         1.43
   10117.119     0.400000        70570         1.67
   11182.079     0.500000        88206         2.00
   11739.135     0.550000        97043         2.22
   12296.191     0.600000       105918         2.50
   12836.863     0.650000       114696         2.86
   13410.303     0.700000       123535         3.33
   13967.359     0.750000       132337         4.00
   14262.271     0.775000       136720         4.44
   14548.991     0.800000       141149         5.00
   14835.711     0.825000       145557         5.71
   15122.431     0.850000       149919         6.67
   15409.151     0.875000       154403         8.00
   15548.415     0.887500       156520         8.89
   15687.679     0.900000       158733        10.00
   15810.559     0.912500       160923        11.43
   15933.439     0.925000       163143        13.33
   16056.319     0.937500       165364        16.00
   16121.855     0.943750       166419        17.78
   16195.583     0.950000       167528        20.00
   16277.503     0.956250       168740        22.86
   16343.039     0.962500       169784        26.67
   16416.767     0.968750       170922        32.00
   16449.535     0.971875       171433        35.56
   16482.303     0.975000       171951        40.00
   16515.071     0.978125       172479        45.71
   16556.031     0.981250       173091        53.33
   16596.991     0.984375       173692        64.00
   16613.375     0.985938       173941        71.11
   16629.759     0.987500       174196        80.00
   16646.143     0.989062       174458        91.43
   16662.527     0.990625       174719       106.67
   16678.911     0.992188       174965       128.00
   16687.103     0.992969       175099       142.22
   16703.487     0.993750       175355       160.00
   16711.679     0.994531       175470       182.86
   16719.871     0.995313       175603       213.33
   16728.063     0.996094       175736       256.00
   16728.063     0.996484       175736       284.44
   16736.255     0.996875       175863       320.00
   16736.255     0.997266       175863       365.71
   16744.447     0.997656       175985       426.67
   16752.639     0.998047       176093       512.00
   16752.639     0.998242       176093       568.89
   16752.639     0.998437       176093       640.00
   16760.831     0.998633       176193       731.43
   16760.831     0.998828       176193       853.33
   16760.831     0.999023       176193      1024.00
   16760.831     0.999121       176193      1137.78
   16769.023     0.999219       176267      1280.00
   16769.023     0.999316       176267      1462.86
   16769.023     0.999414       176267      1706.67
   16769.023     0.999512       176267      2048.00
   16769.023     0.999561       176267      2275.56
   16769.023     0.999609       176267      2560.00
   16777.215     0.999658       176309      2925.71
   16777.215     0.999707       176309      3413.33
   16777.215     0.999756       176309      4096.00
   16777.215     0.999780       176309      4551.11
   16777.215     0.999805       176309      5120.00
   16777.215     0.999829       176309      5851.43
   16793.599     0.999854       176332      6826.67
   16793.599     0.999878       176332      8192.00
   16793.599     0.999890       176332      9102.22
   16793.599     0.999902       176332     10240.00
   16793.599     0.999915       176332     11702.86
   16793.599     0.999927       176332     13653.33
   16793.599     0.999939       176332     16384.00
   16793.599     0.999945       176332     18204.44
   16793.599     0.999951       176332     20480.00
   16793.599     0.999957       176332     23405.71
   16793.599     0.999963       176332     27306.67
   16793.599     0.999969       176332     32768.00
   16793.599     0.999973       176332     36408.89
   16793.599     0.999976       176332     40960.00
   16793.599     0.999979       176332     46811.43
   16793.599     0.999982       176332     54613.33
   16809.983     0.999985       176335     65536.00
   16809.983     1.000000       176335          inf
#[Mean    =    11196.237, StdDeviation   =     3213.433]
#[Max     =    16793.600, Total count    =       176335]
#[Buckets =           27, SubBuckets     =         2048]
----------------------------------------------------------
  264031 requests in 30.00s, 3.51GB read
Requests/sec:   8799.93
Transfer/sec:    119.64MB
WRKX_RESULT {"durationUs":30003752,"requests":264031,"responses":264031,"errors":0,"bytes":3764030032,"latencyAvgUs":11196237.396,"latencyP95Us":16195583.000,"latencyP99Us":16654335.000}
