Running 30s test @ http://localhost:9991/postgres/orders
  16 threads and 256 connections
  Thread calibration: mean lat.: 3549.212ms, rate sampling interval: 12861ms
  Thread calibration: mean lat.: 3554.179ms, rate sampling interval: 12861ms
  Thread calibration: mean lat.: 3553.032ms, rate sampling interval: 12869ms
  Thread calibration: mean lat.: 3546.225ms, rate sampling interval: 12853ms
  Thread calibration: mean lat.: 3553.609ms, rate sampling interval: 12869ms
  Thread calibration: mean lat.: 3548.595ms, rate sampling interval: 12861ms
  Thread calibration: mean lat.: 3548.333ms, rate sampling interval: 12861ms
  Thread calibration: mean lat.: 3550.309ms, rate sampling interval: 12869ms
  Thread calibration: mean lat.: 3545.550ms, rate sampling interval: 12861ms
  Thread calibration: mean lat.: 3549.500ms, rate sampling interval: 12861ms
  Thread calibration: mean lat.: 3548.653ms, rate sampling interval: 12861ms
  Thread calibration: mean lat.: 3554.327ms, rate sampling interval: 12869ms
  Thread calibration: mean lat.: 3549.953ms, rate sampling interval: 12861ms
  Thread calibration: mean lat.: 3549.597ms, rate sampling interval: 12861ms
  Thread calibration: mean lat.: 3551.434ms, rate sampling interval: 12861ms
  Thread calibration: mean lat.: 3555.615ms, rate sampling interval: 12861ms
  Thread Stats   Avg      Stdev     Max   +/- Stdev
    Latency    14.20s     4.07s   21.18s    57.47%
    Req/Sec   549.88      0.33   550.00    100.00%
  Latency Distribution (HdrHistogram - Recorded Latency)
 50.000%   14.23s 
 75.000%   17.76s 
 90.000%   19.81s 
 99.000%   21.04s 
 99.900%   21.15s 
 99.990%   21.18s 
 99.999%   21.20s 
100.000%   21.20s 

  Detailed Percentile spectrum:
       Value   Percentile   TotalCount 1/(1-Percentile)

    7110.655     0.000000            1         1.00
    8552.447     0.100000        17721         1.11
    9969.663     0.200000        35374         1.25
   11378.687     0.300000        52972         1.43
   12812.287     0.400000        70695         1.67
   14229.503     0.500000        88310         2.00
   14925.823     0.550000        97133         2.22
   15630.335     0.600000       105991         2.50
   16343.039     0.650000       114770         2.86
   17072.127     0.700000       123740         3.33
   17760.255     0.750000       132506         4.00
   18120.703     0.775000       137031         4.44
   18464.767     0.800000       141361         5.00
   18808.831     0.825000       145864         5.71
   19152.895     0.850000       150251         6.67
   19480.575     0.875000       154673         8.00
   19644.415     0.887500       156918         8.89
   19808.255     0.900000       159075        10.00
   19972.095     0.912500       161160        11.43
   20152.319     0.925000       163452        13.33
   20316.159     0.937500       165657        16.00
   20398.079     0.943750       166769        17.78
   20479.999     0.950000       167894        20.00
   20561.919     0.956250       169018        22.86
   20643.839     0.962500       170040        26.67
   20725.759     0.968750       171052        32.00
   20774.911     0.971875       171677        35.56
   20824.063     0.975000       172288        40.00
   20873.215     0.978125       172882        45.71
   20905.983     0.981250       173295        53.33
   20955.135     0.984375       173883        64.00
   20971.519     0.985938       174098        71.11
   21004.287     0.987500       174534        80.00
   21020.671     0.989062       174766        91.43
   21037.055     0.990625       174994       106.67
   21053.439     0.992188       175216       128.00
   21069.823     0.992969       175429       142.22
   21086.207     0.993750       175637       160.00
   21086.207     0.994531       175637       182.86
   21102.591     0.995313       175817       213.33
   21118.975     0.996094       176019       256.00
   21118.975     0.996484       176019       284.44
   21118.975     0.996875       176019       320.00
   21135.359     0.997266       176216       365.71
   21135.359     0.997656       176216       426.67
   21151.743     0.998047       176413       512.00
   21151.743     0.998242       176413       568.89
   21151.743     0.998437       176413       640.00
   21151.743     0.998633       176413       731.43
   21151.743     0.998828       176413       853.33
   21151.743     0.999023       176413      1024.00
   21151.743     0.999121       176413      1137.78
   21168.127     0.999219       176531      1280.00
   21168.127     0.999316       176531      1462.86
   21168.127     0.999414       176531      1706.67
   21168.127     0.999512       176531      2048.00
   21168.127     0.999561       176531      2275.56
   21168.127     0.999609       176531      2560.00
   21168.127     0.999658       176531      2925.71
   21168.127     0.999707       176531      3413.33
   21168.127     0.999756       176531      4096.00
   21168.127     0.999780       176531      4551.11
   21184.511     0.999805       176561      5120.00
   21184.511     0.999829       176561      5851.43
   21184.511     0.999854       176561      6826.67
   21184.511     0.999878       176561      8192.00
   21184.511     0.999890       176561      9102.22
   21184.511     0.999902       176561     10240.00
   21184.511     0.999915       176561     11702.86
   21184.511     0.999927       176561     13653.33
   21184.511     0.999939       176561     16384.00
   21184.511     0.999945       176561     18204.44
   21184.511     0.999951       176561     20480.00
   21184.511     0.999957       176561     23405.71
   21184.511     0.999963       176561     27306.67
   21184.511     0.999969       176561     32768.00
   21200.895     0.999973       176566     36408.89
   21200.895     1.000000       176566          inf
#[Mean    =    14198.125, StdDeviation   =     4069.251]
#[Max     =    21184.512, Total count    =       176566]
#[Buckets =           27, SubBuckets     =         2048]
----------------------------------------------------------
  264025 requests in 30.00s, 3.51GB read
Requests/sec:   8799.93
Transfer/sec:    119.64MB
WRKX_RESULT {"durationUs":30003089,"requests":264025,"responses":264025,"errors":0,"bytes":3763940400,"latencyAvgUs":14198125.115,"latencyP95Us":20479999.000,"latencyP99Us":21037055.000}
