Running 30s test @ http://localhost:9991/postgres/orders
  16 threads and 256 connections
  Thread calibration: mean lat.: 4382.328ms, rate sampling interval: 15892ms
  Thread calibration: mean lat.: 4372.086ms, rate sampling interval: 15867ms
  Thread calibration: mean lat.: 4372.087ms, rate sampling interval: 15876ms
  Thread calibration: mean lat.: 4377.317ms, rate sampling interval: 15876ms
  Thread calibration: mean lat.: 4379.935ms, rate sampling interval: 15876ms
  Thread calibration: mean lat.: 4379.398ms, rate sampling interval: 15884ms
  Thread calibration: mean lat.: 4377.968ms, rate sampling interval: 15867ms
  Thread calibration: mean lat.: 4377.105ms, rate sampling interval: 15876ms
  Thread calibration: mean lat.: 4379.281ms, rate sampling interval: 15884ms
  Thread calibration: mean lat.: 4377.677ms, rate sampling interval: 15884ms
  Thread calibration: mean lat.: 4379.337ms, rate sampling interval: 15884ms
  Thread calibration: mean lat.: 4378.638ms, rate sampling interval: 15876ms
  Thread calibration: mean lat.: 4382.792ms, rate sampling interval: 15884ms
  Thread calibration: mean lat.: 4387.076ms, rate sampling interval: 15884ms
  Thread calibration: mean lat.: 4379.756ms, rate sampling interval: 15876ms
  Thread calibration: mean lat.: 4385.632ms, rate sampling interval: 15884ms
  Thread Stats   Avg      Stdev     Max   +/- Stdev
    Latency    17.82s     5.04s   26.54s    58.04%
    Req/Sec   538.00      0.00   538.00    100.00%
  Latency Distribution (HdrHistogram - Recorded Latency)
 50.000%   17.89s 
 75.000%   22.15s 
 90.000%   24.79s 
 99.000%   26.36s 
 99.900%   26.53s 
 99.990%   26.56s 
 99.999%   26.56s 
100.000%   26.56s 

  Detailed Percentile spectrum:
       Value   Percentile   TotalCount 1/(1-Percentile)

    8880.127     0.000000            3         1.00
   10797.055     0.100000        17255         1.11
   12591.103     0.200000        34384         1.25
   14368.767     0.300000        51608         1.43
   16121.855     0.400000        68752         1.67
   17891.327     0.500000        86021         2.00
   18743.295     0.550000        94626         2.22
   19595.263     0.600000       103138         2.50
   20463.615     0.650000       111819         2.86
   21282.815     0.700000       120292         3.33
   22151.167     0.750000       128892         4.00
   22593.535     0.775000       133201         4.44
   23035.903     0.800000       137652         5.00
   23461.887     0.825000       141924         5.71
   23904.255     0.850000       146201         6.67
   24346.623     0.875000       150447         8.00
   24559.615     0.887500       152513         8.89
   24788.991     0.900000       154817        10.00
   25001.983     0.912500       156852        11.43
   25214.975     0.925000       158977        13.33
   25427.967     0.937500       161114        16.00
   25542.655     0.943750       162248        17.78
   25657.343     0.950000       163374        20.00
   25772.031     0.956250       164488        22.86
   25870.335     0.962500       165426        26.67
   25985.023     0.968750       166571        32.00
   26034.175     0.971875       167033        35.56
   26099.711     0.975000       167644        40.00
   26148.863     0.978125       168145        45.71
   26198.015     0.981250       168649        53.33
   26263.551     0.984375       169306        64.00
   26279.935     0.985938       169472        71.11
   26312.703     0.987500       169775        80.00
   26345.471     0.989062       170082        91.43
   26361.855     0.990625       170243       106.67
   26394.623     0.992188       170553       128.00
   26411.007     0.992969       170714       142.22
   26427.391     0.993750       170879       160.00
   26443.775     0.994531       171047       182.86
   26443.775     0.995313       171047       213.33
   26460.159     0.996094       171197       256.00
   26476.543     0.996484       171350       284.44
   26476.543     0.996875       171350       320.00
   26492.927     0.997266       171499       365.71
   26492.927     0.997656       171499       426.67
   26509.311     0.998047       171642       512.00
   26509.311     0.998242       171642       568.89
   26509.311     0.998437       171642       640.00
   26509.311     0.998633       171642       731.43
   26509.311     0.998828       171642       853.33
   26525.695     0.999023       171759      1024.00
   26525.695     0.999121       171759      1137.78
   26525.695     0.999219       171759      1280.00
   26525.695     0.999316       171759      1462.86
   26525.695     0.999414       171759      1706.67
   26525.695     0.999512       171759      2048.00
   26542.079     0.999561       171818      2275.56
   26542.079     0.999609       171818      2560.00
   26542.079     0.999658       171818      2925.71
   26542.079     0.999707       171818      3413.33
   26542.079     0.999756       171818      4096.00
   26542.079     0.999780       171818      4551.11
   26542.079     0.999805       171818      5120.00
   26542.079     0.999829       171818      5851.43
   26542.079     0.999854       171818      6826.67
   26558.463     0.999878       171842      8192.00
   26558.463     1.000000       171842          inf
#[Mean    =    17818.099, StdDeviation   =     5042.136]
#[Max     =    26542.080, Total count    =       171842]
#[Buckets =           27, SubBuckets     =         2048]
----------------------------------------------------------
  257396 requests in 30.00s, 3.42GB read
Requests/sec:   8579.26
Transfer/sec:    116.64MB
WRKX_RESULT {"durationUs":30002134,"requests":257396,"responses":257396,"errors":0,"bytes":3669441472,"latencyAvgUs":17818099.218,"latencyP95Us":25657343.000,"latencyP99Us":26361855.000}
