Running 30s test @ http://localhost:9991/postgres/orders
  16 threads and 256 connections
  Thread calibration: mean lat.: 2021.688ms, rate sampling interval: 7327ms
  Thread calibration: mean lat.: 2023.738ms, rate sampling interval: 7331ms
  Thread calibration: mean lat.: 2022.530ms, rate sampling interval: 7323ms
  Thread calibration: mean lat.: 2023.854ms, rate sampling interval: 7340ms
  Thread calibration: mean lat.: 2026.426ms, rate sampling interval: 7335ms
  Thread calibration: mean lat.: 2029.309ms, rate sampling interval: 7352ms
  Thread calibration: mean lat.: 2027.580ms, rate sampling interval: 7348ms
  Thread calibration: mean lat.: 2023.711ms, rate sampling interval: 7327ms
  Thread calibration: mean lat.: 2025.179ms, rate sampling interval: 7327ms
  Thread calibration: mean lat.: 2026.857ms, rate sampling interval: 7340ms
  Thread calibration: mean lat.: 2027.714ms, rate sampling interval: 7340ms
  Thread calibration: mean lat.: 2025.576ms, rate sampling interval: 7340ms
  Thread calibration: mean lat.: 2030.105ms, rate sampling interval: 7348ms
  Thread calibration: mean lat.: 2026.831ms, rate sampling interval: 7344ms
  Thread calibration: mean lat.: 2033.425ms, rate sampling interval: 7348ms
  Thread calibration: mean lat.: 1882.552ms, rate sampling interval: 6729ms
  Thread Stats   Avg      Stdev     Max   +/- Stdev
    Latency     8.31s     2.40s   12.47s    57.87%
    Req/Sec   543.25      2.18   546.00     96.88%
  Latency Distribution (HdrHistogram - Recorded Latency)
 50.000%    8.31s 
 75.000%   10.39s 
 90.000%   11.62s 
 99.000%   12.36s 
 99.900%   12.44s 
 99.990%   12.46s 
 99.999%   12.48s 
100.000%   12.48s 

  Detailed Percentile spectrum:
       Value   Percentile   TotalCount 1/(1-Percentile)

    3741.695     0.000000            1         1.00
    4997.119     0.100000        17403         1.11
    5849.087     0.200000        34862         1.25
    6643.711     0.300000        52210         1.43
    7475.199     0.400000        69578         1.67
    8306.687     0.500000        87003         2.00
    8732.671     0.550000        95771         2.22
    9158.655     0.600000       104483         2.50
    9551.871     0.650000       113150         2.86
    9994.239     0.700000       121827         3.33
   10387.455     0.750000       130579         4.00
   10584.063     0.775000       134810         4.44
   10813.439     0.800000       139311         5.00
   11026.431     0.825000       143532         5.71
   11231.231     0.850000       148011         6.67
   11436.031     0.875000       152333         8.00
   11534.335     0.887500       154472         8.89
   11624.447     0.900000       156667        10.00
   11714.559     0.912500       158749        11.43
   11812.863     0.925000       160927        13.33
   11919.359     0.937500       163095        16.00
   11968.511     0.943750       164180        17.78
   12017.663     0.950000       165244        20.00
   12075.007     0.956250       166465        22.86
   12124.159     0.962500       167472        26.67
   12181.503     0.968750       168605        32.00
   12206.079     0.971875       169136        35.56
   12230.655     0.975000       169679        40.00
   12255.231     0.978125       170172        45.71
   12279.807     0.981250       170686        53.33
   12304.383     0.984375       171228        64.00
   12320.767     0.985938       171572        71.11
   12337.151     0.987500       171870        80.00
   12353.535     0.989062       172161        91.43
   12361.727     0.990625       172327       106.67
   12378.111     0.992188       172675       128.00
   12386.303     0.992969       172852       142.22
   12386.303     0.993750       172852       160.00
   12394.495     0.994531       173043       182.86
   12402.687     0.995313       173230       213.33
   12410.879     0.996094       173397       256.00
   12410.879     0.996484       173397       284.44
   12410.879     0.996875       173397       320.00
   12419.071     0.997266       173540       365.71
   12419.071     0.997656       173540       426.67
   12427.263     0.998047       173682       512.00
   12427.263     0.998242       173682       568.89
   12427.263     0.998437       173682       640.00
   12435.455     0.998633       173774       731.43
   12435.455     0.998828       173774       853.33
   12435.455     0.999023       173774      1024.00
   12443.647     0.999121       173850      1137.78
   12443.647     0.999219       173850      1280.00
   12443.647     0.999316       173850      1462.86
   12443.647     0.999414       173850      1706.67
   12451.839     0.999512       173895      2048.00
   12451.839     0.999561       173895      2275.56
   12451.839     0.999609       173895      2560.00
   12451.839     0.999658       173895      2925.71
   12451.839     0.999707       173895      3413.33
   12451.839     0.999756       173895      4096.00
   12460.031     0.999780       173920      4551.11
   12460.031     0.999805       173920      5120.00
   12460.031     0.999829       173920      5851.43
   12460.031     0.999854       173920      6826.67
   12460.031     0.999878       173920      8192.00
   12460.031     0.999890       173920      9102.22
   12460.031     0.999902       173920     10240.00
   12468.223     0.999915       173930     11702.86
   12468.223     0.999927       173930     13653.33
   12468.223     0.999939       173930     16384.00
   12468.223     0.999945       173930     18204.44
   12468.223     0.999951       173930     20480.00
   12468.223     0.999957       173930     23405.71
   12468.223     0.999963       173930     27306.67
   12476.415     0.999969       173936     32768.00
   12476.415     1.000000       173936          inf
#[Mean    =     8307.787, StdDeviation   =     2397.206]
#[Max     =    12468.224, Total count    =       173936]
#[Buckets =           27, SubBuckets     =         2048]
----------------------------------------------------------
  262431 requests in 30.00s, 3.48GB read
Requests/sec:   8746.57
Transfer/sec:    118.91MB
WRKX_RESULT {"durationUs":30003869,"requests":262431,"responses":262431,"errors":0,"bytes":3741220432,"latencyAvgUs":8307787.009,"latencyP95Us":12017663.000,"latencyP99Us":12361727.000}
