Running 30s test @ http://localhost:9991/postgres/orders
  16 threads and 256 connections
  Thread calibration: mean lat.: 4775.557ms, rate sampling interval: 17285ms
  Thread calibration: mean lat.: 4776.016ms, rate sampling interval: 17285ms
  Thread calibration: mean lat.: 4780.327ms, rate sampling interval: 17301ms
  Thread calibration: mean lat.: 4776.699ms, rate sampling interval: 17285ms
  Thread calibration: mean lat.: 4779.730ms, rate sampling interval: 17285ms
  Thread calibration: mean lat.: 4778.738ms, rate sampling interval: 17285ms
  Thread calibration: mean lat.: 4775.167ms, rate sampling interval: 17285ms
  Thread calibration: mean lat.: 4780.993ms, rate sampling interval: 17301ms
  Thread calibration: mean lat.: 4361.811ms, rate sampling interval: 15630ms
  Thread calibration: mean lat.: 4783.107ms, rate sampling interval: 17285ms
  Thread calibration: mean lat.: 4783.916ms, rate sampling interval: 17301ms
  Thread calibration: mean lat.: 4781.293ms, rate sampling interval: 17301ms
  Thread calibration: mean lat.: 4780.329ms, rate sampling interval: 17285ms
  Thread calibration: mean lat.: 4787.582ms, rate sampling interval: 17301ms
  Thread calibration: mean lat.: 4780.857ms, rate sampling interval: 17285ms
  Thread calibration: mean lat.: 4779.264ms, rate sampling interval: 17285ms
  Thread Stats   Avg      Stdev     Max   +/- Stdev
    Latency    19.08s     5.51s   28.67s    57.94%
    Req/Sec   548.81      0.39   549.00    100.00%
  Latency Distribution (HdrHistogram - Recorded Latency)
 50.000%   19.07s 
 75.000%   23.87s 
 90.000%   26.72s 
 99.000%   28.46s 
 99.900%   28.64s 
 99.990%   28.67s 
 99.999%   28.67s 
100.000%   28.69s 

  Detailed Percentile spectrum:
       Value   Percentile   TotalCount 1/(1-Percentile)

    8691.711     0.000000            4         1.00
   11460.607     0.100000        17599         1.11
   13377.535     0.200000        35083         1.25
   15228.927     0.300000        52625         1.43
   17137.663     0.400000        70166         1.67
   19070.975     0.500000        87800         2.00
   20037.631     0.550000        96544         2.22
   21037.055     0.600000       105297         2.50
   21987.327     0.650000       114124         2.86
   22921.215     0.700000       122848         3.33
   23871.487     0.750000       131601         4.00
   24346.623     0.775000       135941         4.44
   24821.759     0.800000       140413         5.00
   25296.895     0.825000       144766         5.71
   25772.031     0.850000       149134         6.67
   26247.167     0.875000       153539         8.00
   26492.927     0.887500       155761         8.89
   26722.303     0.900000       157946        10.00
   26951.679     0.912500       160093        11.43
   27197.439     0.925000       162388        13.33
   27426.815     0.937500       164522        16.00
   27541.503     0.943750       165576        17.78
   27656.191     0.950000       166665        20.00
   27787.263     0.956250       167827        22.86
   27901.951     0.962500       168849        26.67
   28033.023     0.968750       170025        32.00
   28098.559     0.971875       170585        35.56
   28164.095     0.975000       171130        40.00
   28229.631     0.978125       171679        45.71
   28278.783     0.981250       172134        53.33
   28344.319     0.984375       172732        64.00
   28377.087     0.985938       173040        71.11
   28409.855     0.987500       173343        80.00
   28426.239     0.989062       173496        91.43
   28459.007     0.990625       173796       106.67
   28491.775     0.992188       174092       128.00
   28508.159     0.992969       174237       142.22
   28524.543     0.993750       174384       160.00
   28540.927     0.994531       174534       182.86
   28557.311     0.995313       174679       213.33
   28573.695     0.996094       174824       256.00
   28573.695     0.996484       174824       284.44
   28590.079     0.996875       174959       320.00
   28590.079     0.997266       174959       365.71
   28606.463     0.997656       175092       426.67
   28606.463     0.998047       175092       512.00
   28606.463     0.998242       175092       568.89
   28622.847     0.998437       175215       640.00
   28622.847     0.998633       175215       731.43
   28622.847     0.998828       175215       853.33
   28639.231     0.999023       175305      1024.00
   28639.231     0.999121       175305      1137.78
   28639.231     0.999219       175305      1280.00
   28639.231     0.999316       175305      1462.86
   28639.231     0.999414       175305      1706.67
   28655.615     0.999512       175372      2048.00
   28655.615     0.999561       175372      2275.56
   28655.615     0.999609       175372      2560.00
   28655.615     0.999658       175372      2925.71
   28655.615     0.999707       175372      3413.33
   28655.615     0.999756       175372      4096.00
   28655.615     0.999780       175372      4551.11
   28655.615     0.999805       175372      5120.00
   28655.615     0.999829       175372      5851.43
   28671.999     0.999854       175398      6826.67
   28671.999     0.999878       175398      8192.00
   28671.999     0.999890       175398      9102.22
   28671.999     0.999902       175398     10240.00
   28671.999     0.999915       175398     11702.86
   28671.999     0.999927       175398     13653.33
   28671.999     0.999939       175398     16384.00
   28671.999     0.999945       175398     18204.44
   28671.999     0.999951       175398     20480.00
   28671.999     0.999957       175398     23405.71
   28671.999     0.999963       175398     27306.67
   28671.999     0.999969       175398     32768.00
   28671.999     0.999973       175398     36408.89
   28671.999     0.999976       175398     40960.00
   28671.999     0.999979       175398     46811.43
   28671.999     0.999982       175398     54613.33
   28671.999     0.999985       175398     65536.00
   28671.999     0.999986       175398     72817.78
   28671.999     0.999988       175398     81920.00
   28688.383     0.999989       175400     93622.86
   28688.383     1.000000       175400          inf
#[Mean    =    19078.679, StdDeviation   =     5514.207]
#[Max     =    28672.000, Total count    =       175400]
#[Buckets =           27, SubBuckets     =         2048]
----------------------------------------------------------
  262741 requests in 30.00s, 3.49GB read
Requests/sec:   8757.18
Transfer/sec:    119.06MB
WRKX_RESULT {"durationUs":30002912,"requests":262741,"responses":262741,"errors":0,"bytes":3745635696,"latencyAvgUs":19078679.049,"latencyP95Us":27656191.000,"latencyP99Us":28459007.000}
