Running 30s test @ http://localhost:9991/postgres/orders
  16 threads and 256 connections
  Thread calibration: mean lat.: 3.444ms, rate sampling interval: 10ms
  Thread calibration: mean lat.: 3.502ms, rate sampling interval: 10ms
  Thread calibration: mean lat.: 3.410ms, rate sampling interval: 10ms
  Thread calibration: mean lat.: 3.434ms, rate sampling interval: 10ms
  Thread calibration: mean lat.: 3.461ms, rate sampling interval: 10ms
  Thread calibration: mean lat.: 3.465ms, rate sampling interval: 10ms
  Thread calibration: mean lat.: 3.538ms, rate sampling interval: 10ms
  Thread calibration: mean lat.: 3.438ms, rate sampling interval: 10ms
  Thread calibration: mean lat.: 3.438ms, rate sampling interval: 10ms
  Thread calibration: mean lat.: 3.404ms, rate sampling interval: 10ms
  Thread calibration: mean lat.: 3.598ms, rate sampling interval: 10ms
  Thread calibration: mean lat.: 3.683ms, rate sampling interval: 11ms
  Thread calibration: mean lat.: 3.441ms, rate sampling interval: 10ms
  Thread calibration: mean lat.: 3.439ms, rate sampling interval: 10ms
  Thread calibration: mean lat.: 3.402ms, rate sampling interval: 10ms
  Thread calibration: mean lat.: 3.456ms, rate sampling interval: 10ms
  Thread Stats   Avg      Stdev     Max   +/- Stdev
    Latency     3.48ms    1.28ms  11.20ms   77.18%
    Req/Sec   329.16    133.44     1.00k    77.53%
  Latency Distribution (HdrHistogram - Recorded Latency)
 50.000%    3.18ms
 75.000%    3.98ms
 90.000%    5.17ms
 99.000%    7.82ms
 99.900%    9.17ms
 99.990%   10.44ms
 99.999%   10.97ms
100.000%   11.21ms

  Detailed Percentile spectrum:
       Value   Percentile   TotalCount 1/(1-Percentile)

       1.190     0.000000            1         1.00
       2.211     0.100000         9967         1.11
       2.495     0.200000        19933         1.25
       2.725     0.300000        29930         1.43
       2.945     0.400000        39849         1.67
       3.183     0.500000        49837         2.00
       3.311     0.550000        54801         2.22
       3.447     0.600000        59778         2.50
       3.595     0.650000        64736         2.86
       3.769     0.700000        69728         3.33
       3.977     0.750000        74702         4.00
       4.099     0.775000        77184         4.44
       4.231     0.800000        79715         5.00
       4.395     0.825000        82195         5.71
       4.595     0.850000        84667         6.67
       4.835     0.875000        87171         8.00
       4.983     0.887500        88387         8.89
       5.171     0.900000        89653        10.00
       5.379     0.912500        90874        11.43
       5.651     0.925000        92132        13.33
       5.939     0.937500        93360        16.00
       6.095     0.943750        93983        17.78
       6.275     0.950000        94605        20.00
       6.443     0.956250        95241        22.86
       6.643     0.962500        95860        26.67
       6.839     0.968750        96487        32.00
       6.947     0.971875        96797        35.56
       7.071     0.975000        97096        40.00
       7.191     0.978125        97407        45.71
       7.339     0.981250        97720        53.33
       7.471     0.984375        98038        64.00
       7.555     0.985938        98185        71.11
       7.655     0.987500        98342        80.00
       7.767     0.989062        98495        91.43
       7.859     0.990625        98651       106.67
       7.987     0.992188        98808       128.00
       8.051     0.992969        98885       142.22
       8.139     0.993750        98966       160.00
       8.223     0.994531        99045       182.86
       8.319     0.995313        99121       213.33
       8.423     0.996094        99195       256.00
       8.479     0.996484        99235       284.44
       8.535     0.996875        99274       320.00
       8.591     0.997266        99314       365.71
       8.687     0.997656        99352       426.67
       8.823     0.998047        99392       512.00
       8.879     0.998242        99410       568.89
       8.943     0.998437        99429       640.00
       8.999     0.998633        99450       731.43
       9.111     0.998828        99468       853.33
       9.183     0.999023        99490      1024.00
       9.207     0.999121        99497      1137.78
       9.295     0.999219        99507      1280.00
       9.351     0.999316        99516      1462.86
       9.431     0.999414        99527      1706.67
       9.519     0.999512        99536      2048.00
       9.591     0.999561        99542      2275.56
       9.639     0.999609        99546      2560.00
       9.719     0.999658        99550      2925.71
       9.839     0.999707        99557      3413.33
       9.903     0.999756        99560      4096.00
       9.967     0.999780        99564      4551.11
      10.031     0.999805        99565      5120.00
      10.119     0.999829        99567      5851.43
      10.223     0.999854        99570      6826.67
      10.287     0.999878        99572      8192.00
      10.439     0.999890        99574      9102.22
      10.455     0.999902        99575     10240.00
      10.527     0.999915        99576     11702.86
      10.567     0.999927        99577     13653.33
      10.695     0.999939        99579     16384.00
      10.695     0.999945        99579     18204.44
      10.727     0.999951        99580     20480.00
      10.727     0.999957        99580     23405.71
      10.751     0.999963        99581     27306.67
      10.751     0.999969        99581     32768.00
      10.871     0.999973        99582     36408.89
      10.871     0.999976        99582     40960.00
      10.871     0.999979        99582     46811.43
      10.967     0.999982        99583     54613.33
      10.967     0.999985        99583     65536.00
      10.967     0.999986        99583     72817.78
      10.967     0.999988        99583     81920.00
      10.967     0.999989        99583     93622.86
      11.207     0.999991        99584    109226.67
      11.207     1.000000        99584          inf
#[Mean    =        3.481, StdDeviation   =        1.280]
#[Max     =       11.200, Total count    =        99584]
#[Buckets =           27, SubBuckets     =         2048]
----------------------------------------------------------
  149903 requests in 30.00s, 1.99GB read
Requests/sec:   4996.48
Transfer/sec:     67.93MB
WRKX_RESULT {"durationUs":30001750,"requests":149903,"responses":149903,"errors":0,"bytes":2137045668,"latencyAvgUs":3481.108,"latencyP95Us":6275.000,"latencyP99Us":7819.000}
