Running 30s test @ http://localhost:9991/postgres/orders
  16 threads and 256 connections
  Thread calibration: mean lat.: 3218.681ms, rate sampling interval: 11673ms
  Thread calibration: mean lat.: 3221.724ms, rate sampling interval: 11673ms
  Thread calibration: mean lat.: 3214.705ms, rate sampling interval: 11673ms
  Thread calibration: mean lat.: 3214.791ms, rate sampling interval: 11673ms
  Thread calibration: mean lat.: 3219.817ms, rate sampling interval: 11673ms
  Thread calibration: mean lat.: 3216.470ms, rate sampling interval: 11681ms
  Thread calibration: mean lat.: 3218.823ms, rate sampling interval: 11673ms
  Thread calibration: mean lat.: 3222.231ms, rate sampling interval: 11689ms
  Thread calibration: mean lat.: 3221.449ms, rate sampling interval: 11673ms
  Thread calibration: mean lat.: 3214.563ms, rate sampling interval: 11673ms
  Thread calibration: mean lat.: 3216.571ms, rate sampling interval: 11673ms
  Thread calibration: mean lat.: 3218.433ms, rate sampling interval: 11681ms
  Thread calibration: mean lat.: 3217.368ms, rate sampling interval: 11681ms
  Thread calibration: mean lat.: 3216.953ms, rate sampling interval: 11665ms
  Thread calibration: mean lat.: 3217.671ms, rate sampling interval: 11673ms
  Thread calibration: mean lat.: 2945.785ms, rate sampling interval: 10600ms
  Thread Stats   Avg      Stdev     Max   +/- Stdev
    Latency    13.00s     3.73s   19.43s    57.70%
    Req/Sec   545.75      0.56   547.00    100.00%
  Latency Distribution (HdrHistogram - Recorded Latency)
 50.000%   13.01s 
 75.000%   16.25s 
 90.000%   18.15s 
 99.000%   19.28s 
 99.900%   19.40s 
 99.990%   19.43s 
 99.999%   19.43s 
100.000%   19.45s 

  Detailed Percentile spectrum:
       Value   Percentile   TotalCount 1/(1-Percentile)

    5914.623     0.000000            1         1.00
    7835.647     0.100000        17594         1.11
    9125.887     0.200000        35152         1.25
   10412.031     0.300000        52727         1.43
   11706.367     0.400000        70321         1.67
   13008.895     0.500000        87909         2.00
   13672.447     0.550000        96723         2.22
   14319.615     0.600000       105453         2.50
   14974.975     0.650000       114317         2.86
   15613.951     0.700000       123039         3.33
   16252.927     0.750000       131899         4.00
   16572.415     0.775000       136267         4.44
   16908.287     0.800000       140728         5.00
   17219.583     0.825000       144987         5.71
   17547.263     0.850000       149484         6.67
   17858.559     0.875000       153823         8.00
   18006.015     0.887500       156100         8.89
   18153.471     0.900000       158363        10.00
   18300.927     0.912500       160513        11.43
   18448.383     0.925000       162668        13.33
   18612.223     0.937500       164959        16.00
   18677.759     0.943750       165848        17.78
   18759.679     0.950000       166975        20.00
   18841.599     0.956250       168102        22.86
   18923.519     0.962500       169275        26.67
   19005.439     0.968750       170406        32.00
   19038.207     0.971875       170846        35.56
   19087.359     0.975000       171460        40.00
   19120.127     0.978125       171898        45.71
   19169.279     0.981250       172555        53.33
   19202.047     0.984375       173012        64.00
   19234.815     0.985938       173449        71.11
   19251.199     0.987500       173672        80.00
   19267.583     0.989062       173892        91.43
   19283.967     0.990625       174098       106.67
   19316.735     0.992188       174536       128.00
   19316.735     0.992969       174536       142.22
   19333.119     0.993750       174757       160.00
   19349.503     0.994531       174960       182.86
   19349.503     0.995313       174960       213.33
   19365.887     0.996094       175165       256.00
   19365.887     0.996484       175165       284.44
   19382.271     0.996875       175378       320.00
   19382.271     0.997266       175378       365.71
   19382.271     0.997656       175378       426.67
   19398.655     0.998047       175579       512.00
   19398.655     0.998242       175579       568.89
   19398.655     0.998437       175579       640.00
   19398.655     0.998633       175579       731.43
   19398.655     0.998828       175579       853.33
   19398.655     0.999023       175579      1024.00
   19398.655     0.999121       175579      1137.78
   19415.039     0.999219       175699      1280.00
   19415.039     0.999316       175699      1462.86
   19415.039     0.999414       175699      1706.67
   19415.039     0.999512       175699      2048.00
   19415.039     0.999561       175699      2275.56
   19415.039     0.999609       175699      2560.00
   19415.039     0.999658       175699      2925.71
   19415.039     0.999707       175699      3413.33
   19415.039     0.999756       175699      4096.00
   19415.039     0.999780       175699      4551.11
   19415.039     0.999805       175699      5120.00
   19431.423     0.999829       175728      5851.43
   19431.423     0.999854       175728      6826.67
   19431.423     0.999878       175728      8192.00
   19431.423     0.999890       175728      9102.22
   19431.423     0.999902       175728     10240.00
   19431.423     0.999915       175728     11702.86
   19431.423     0.999927       175728     13653.33
   19431.423     0.999939       175728     16384.00
   19431.423     0.999945       175728     18204.44
   19431.423     0.999951       175728     20480.00
   19431.423     0.999957       175728     23405.71
   19431.423     0.999963       175728     27306.67
   19431.423     0.999969       175728     32768.00
   19431.423     0.999973       175728     36408.89
   19431.423     0.999976       175728     40960.00
   19431.423     0.999979       175728     46811.43
   19431.423     0.999982       175728     54613.33
   19431.423     0.999985       175728     65536.00
   19431.423     0.999986       175728     72817.78
   19431.423     0.999988       175728     81920.00
   19447.807     0.999989       175730     93622.86
   19447.807     1.000000       175730          inf
#[Mean    =    12998.233, StdDeviation   =     3733.150]
#[Max     =    19431.424, Total count    =       175730]
#[Buckets =           27, SubBuckets     =         2048]
----------------------------------------------------------
  263413 requests in 30.00s, 3.50GB read
Requests/sec:   8779.33
Transfer/sec:    119.36MB
WRKX_RESULT {"durationUs":30003785,"requests":263413,"responses":263413,"errors":0,"bytes":3755215728,"latencyAvgUs":12998232.904,"latencyP95Us":18759679.000,"latencyP99Us":19283967.000}
