Running 30s test @ http://localhost:9991/postgres/orders
  16 threads and 256 connections
  Thread calibration: mean lat.: 4686.849ms, rate sampling interval: 16941ms
  Thread calibration: mean lat.: 4688.191ms, rate sampling interval: 16957ms
  Thread calibration: mean lat.: 4686.391ms, rate sampling interval: 16957ms
  Thread calibration: mean lat.: 4683.341ms, rate sampling interval: 16941ms
  Thread calibration: mean lat.: 4683.888ms, rate sampling interval: 16941ms
  Thread calibration: mean lat.: 4687.439ms, rate sampling interval: 16941ms
  Thread calibration: mean lat.: 4685.329ms, rate sampling interval: 16941ms
  Thread calibration: mean lat.: 4685.258ms, rate sampling interval: 16941ms
  Thread calibration: mean lat.: 4685.106ms, rate sampling interval: 16957ms
  Thread calibration: mean lat.: 4684.455ms, rate sampling interval: 16941ms
  Thread calibration: mean lat.: 4688.973ms, rate sampling interval: 16941ms
  Thread calibration: mean lat.: 4684.879ms, rate sampling interval: 16941ms
  Thread calibration: mean lat.: 4690.628ms, rate sampling interval: 16957ms
  Thread calibration: mean lat.: 4692.307ms, rate sampling interval: 16957ms
  Thread calibration: mean lat.: 4687.238ms, rate sampling interval: 16941ms
  Thread calibration: mean lat.: 4689.694ms, rate sampling interval: 16941ms
  Thread Stats   Avg      Stdev     Max   +/- Stdev
    Latency    18.82s     5.42s   28.26s    57.84%
    Req/Sec   534.88      0.33   535.00    100.00%
  Latency Distribution (HdrHistogram - Recorded Latency)
 50.000%   18.79s 
 75.000%   23.53s 
 90.000%   26.38s 
 99.000%   28.07s 
 99.900%   28.23s 
 99.990%   28.28s 
 99.999%   28.28s 
100.000%   28.28s 

  Detailed Percentile spectrum:
       Value   Percentile   TotalCount 1/(1-Percentile)

    9437.183     0.000000            4         1.00
   11354.111     0.100000        17069         1.11
   13221.887     0.200000        34103         1.25
   15065.087     0.300000        51210         1.43
   16908.287     0.400000        68277         1.67
   18792.447     0.500000        85243         2.00
   19742.719     0.550000        93866         2.22
   20692.991     0.600000       102305         2.50
   21643.263     0.650000       110863         2.86
   22577.151     0.700000       119366         3.33
   23527.423     0.750000       127948         4.00
   24002.559     0.775000       132193         4.44
   24477.695     0.800000       136503         5.00
   24936.447     0.825000       140623         5.71
   25427.967     0.850000       145020         6.67
   25903.103     0.875000       149258         8.00
   26132.479     0.887500       151336         8.89
   26378.239     0.900000       153507        10.00
   26607.615     0.912500       155636        11.43
   26853.375     0.925000       157759        13.33
   27082.751     0.937500       159870        16.00
   27197.439     0.943750       160896        17.78
   27312.127     0.950000       161962        20.00
   27426.815     0.956250       163007        22.86
   27557.887     0.962500       164198        26.67
   27672.575     0.968750       165229        32.00
   27721.727     0.971875       165681        35.56
   27787.263     0.975000       166282        40.00
   27836.415     0.978125       166734        45.71
   27901.951     0.981250       167316        53.33
   27951.103     0.984375       167784        64.00
   27983.871     0.985938       168089        71.11
   28016.639     0.987500       168390        80.00
   28049.407     0.989062       168692        91.43
   28065.791     0.990625       168851       106.67
   28098.559     0.992188       169136       128.00
   28114.943     0.992969       169281       142.22
   28131.327     0.993750       169429       160.00
   28147.711     0.994531       169574       182.86
   28164.095     0.995313       169719       213.33
   28180.479     0.996094       169859       256.00
   28180.479     0.996484       169859       284.44
   28196.863     0.996875       170011       320.00
   28196.863     0.997266       170011       365.71
   28213.247     0.997656       170156       426.67
   28213.247     0.998047       170156       512.00
   28213.247     0.998242       170156       568.89
   28229.631     0.998437       170273       640.00
   28229.631     0.998633       170273       731.43
   28229.631     0.998828       170273       853.33
   28229.631     0.999023       170273      1024.00
   28246.015     0.999121       170361      1137.78
   28246.015     0.999219       170361      1280.00
   28246.015     0.999316       170361      1462.86
   28246.015     0.999414       170361      1706.67
   28246.015     0.999512       170361      2048.00
   28262.399     0.999561       170417      2275.56
   28262.399     0.999609       170417      2560.00
   28262.399     0.999658       170417      2925.71
   28262.399     0.999707       170417      3413.33
   28262.399     0.999756       170417      4096.00
   28262.399     0.999780       170417      4551.11
   28262.399     0.999805       170417      5120.00
   28262.399     0.999829       170417      5851.43
   28262.399     0.999854       170417      6826.67
   28262.399     0.999878       170417      8192.00
   28278.783     0.999890       170437      9102.22
   28278.783     1.000000       170437          inf
#[Mean    =    18823.060, StdDeviation   =     5420.706]
#[Max     =    28262.400, Total count    =       170437]
#[Buckets =           27, SubBuckets     =         2048]
----------------------------------------------------------
  257396 requests in 30.00s, 3.42GB read
Requests/sec:   8579.15
Transfer/sec:    116.64MB
WRKX_RESULT {"durationUs":30002520,"requests":257396,"responses":257396,"errors":0,"bytes":3669437376,"latencyAvgUs":18823059.602,"latencyP95Us":27312127.000,"latencyP99Us":28065791.000}
