Running 30s test @ http://localhost:9991/postgres/orders
  16 threads and 256 connections
  Thread calibration: mean lat.: 2.694ms, rate sampling interval: 10ms
  Thread calibration: mean lat.: 2.726ms, rate sampling interval: 10ms
  Thread calibration: mean lat.: 2.714ms, rate sampling interval: 10ms
  Thread calibration: mean lat.: 2.688ms, rate sampling interval: 10ms
  Thread calibration: mean lat.: 2.708ms, rate sampling interval: 10ms
  Thread calibration: mean lat.: 2.707ms, rate sampling interval: 10ms
  Thread calibration: mean lat.: 2.725ms, rate sampling interval: 10ms
  Thread calibration: mean lat.: 2.709ms, rate sampling interval: 10ms
  Thread calibration: mean lat.: 2.777ms, rate sampling interval: 10ms
  Thread calibration: mean lat.: 2.715ms, rate sampling interval: 10ms
  Thread calibration: mean lat.: 2.663ms, rate sampling interval: 10ms
  Thread calibration: mean lat.: 2.697ms, rate sampling interval: 10ms
  Thread calibration: mean lat.: 2.784ms, rate sampling interval: 10ms
  Thread calibration: mean lat.: 2.781ms, rate sampling interval: 10ms
  Thread calibration: mean lat.: 2.778ms, rate sampling interval: 10ms
  Thread calibration: mean lat.: 2.797ms, rate sampling interval: 10ms
  Thread Stats   Avg      Stdev     Max   +/- Stdev
    Latency     2.73ms  849.18us   8.78ms   75.07%
    Req/Sec   164.44    115.04   555.00     62.40%
  Latency Distribution (HdrHistogram - Recorded Latency)
 50.000%    2.53ms
 75.000%    3.03ms
 90.000%    4.03ms
 99.000%    5.36ms
 99.900%    6.63ms
 99.990%    7.94ms
 99.999%    8.78ms
100.000%    8.78ms

  Detailed Percentile spectrum:
       Value   Percentile   TotalCount 1/(1-Percentile)

       1.223     0.000000            1         1.00
       1.873     0.100000         4995         1.11
       2.085     0.200000         9960         1.25
       2.251     0.300000        15005         1.43
       2.391     0.400000        19977         1.67
       2.531     0.500000        24948         2.00
       2.603     0.550000        27433         2.22
       2.683     0.600000        29914         2.50
       2.777     0.650000        32416         2.86
       2.887     0.700000        34888         3.33
       3.025     0.750000        37351         4.00
       3.115     0.775000        38602         4.44
       3.223     0.800000        39855         5.00
       3.363     0.825000        41090         5.71
       3.549     0.850000        42328         6.67
       3.773     0.875000        43575         8.00
       3.901     0.887500        44194         8.89
       4.035     0.900000        44820        10.00
       4.155     0.912500        45440        11.43
       4.287     0.925000        46064        13.33
       4.427     0.937500        46689        16.00
       4.495     0.943750        46996        17.78
       4.571     0.950000        47323        20.00
       4.647     0.956250        47628        22.86
       4.727     0.962500        47940        26.67
       4.815     0.968750        48241        32.00
       4.875     0.971875        48396        35.56
       4.935     0.975000        48551        40.00
       4.987     0.978125        48710        45.71
       5.059     0.981250        48866        53.33
       5.143     0.984375        49017        64.00
       5.203     0.985938        49103        71.11
       5.243     0.987500        49173        80.00
       5.315     0.989062        49254        91.43
       5.383     0.990625        49330       106.67
       5.479     0.992188        49409       128.00
       5.539     0.992969        49446       142.22
       5.595     0.993750        49485       160.00
       5.663     0.994531        49523       182.86
       5.727     0.995313        49562       213.33
       5.859     0.996094        49602       256.00
       5.939     0.996484        49620       284.44
       6.011     0.996875        49640       320.00
       6.079     0.997266        49659       365.71
       6.163     0.997656        49680       426.67
       6.303     0.998047        49698       512.00
       6.363     0.998242        49708       568.89
       6.423     0.998437        49718       640.00
       6.483     0.998633        49727       731.43
       6.543     0.998828        49738       853.33
       6.659     0.999023        49747      1024.00
       6.723     0.999121        49753      1137.78
       6.767     0.999219        49757      1280.00
       6.839     0.999316        49762      1462.86
       6.883     0.999414        49766      1706.67
       6.931     0.999512        49771      2048.00
       6.983     0.999561        49774      2275.56
       6.995     0.999609        49776      2560.00
       7.011     0.999658        49778      2925.71
       7.247     0.999707        49781      3413.33
       7.343     0.999756        49783      4096.00
       7.459     0.999780        49785      4551.11
       7.479     0.999805        49786      5120.00
       7.567     0.999829        49787      5851.43
       7.599     0.999854        49788      6826.67
       7.679     0.999878        49789      8192.00
       7.943     0.999890        49790      9102.22
       7.987     0.999902        49791     10240.00
       7.987     0.999915        49791     11702.86
       8.327     0.999927        49792     13653.33
       8.327     0.999939        49792     16384.00
       8.495     0.999945        49793     18204.44
       8.495     0.999951        49793     20480.00
       8.495     0.999957        49793     23405.71
       8.727     0.999963        49794     27306.67
       8.727     0.999969        49794     32768.00
       8.727     0.999973        49794     36408.89
       8.727     0.999976        49794     40960.00
       8.727     0.999979        49794     46811.43
       8.783     0.999982        49795     54613.33
       8.783     1.000000        49795          inf
#[Mean    =        2.732, StdDeviation   =        0.849]
#[Max     =        8.776, Total count    =        49795]
#[Buckets =           27, SubBuckets     =         2048]
----------------------------------------------------------
  75024 requests in 30.01s, 1.00GB read
Requests/sec:   2500.23
Transfer/sec:     33.99MB
WRKX_RESULT {"durationUs":30006819,"requests":75024,"responses":75024,"errors":0,"bytes":1069542144,"latencyAvgUs":2731.760,"latencyP95Us":4571.000,"latencyP99Us":5355.000}
