Running 30s test @ http://localhost:9991/postgres/orders
  16 threads and 256 connections
  Thread calibration: mean lat.: 3779.403ms, rate sampling interval: 13828ms
  Thread calibration: mean lat.: 3780.204ms, rate sampling interval: 13819ms
  Thread calibration: mean lat.: 3783.695ms, rate sampling interval: 13828ms
  Thread calibration: mean lat.: 3780.241ms, rate sampling interval: 13828ms
  Thread calibration: mean lat.: 3780.687ms, rate sampling interval: 13828ms
  Thread calibration: mean lat.: 3779.389ms, rate sampling interval: 13828ms
  Thread calibration: mean lat.: 3781.770ms, rate sampling interval: 13828ms
  Thread calibration: mean lat.: 3780.978ms, rate sampling interval: 13828ms
  Thread calibration: mean lat.: 3784.460ms, rate sampling interval: 13828ms
  Thread calibration: mean lat.: 3452.023ms, rate sampling interval: 12541ms
  Thread calibration: mean lat.: 3784.221ms, rate sampling interval: 13828ms
  Thread calibration: mean lat.: 3785.163ms, rate sampling interval: 13828ms
  Thread calibration: mean lat.: 3781.559ms, rate sampling interval: 13828ms
  Thread calibration: mean lat.: 3781.372ms, rate sampling interval: 13836ms
  Thread calibration: mean lat.: 3778.879ms, rate sampling interval: 13828ms
  Thread calibration: mean lat.: 3787.559ms, rate sampling interval: 13828ms
  Thread Stats   Avg      Stdev     Max   +/- Stdev
    Latency    15.76s     4.54s   23.72s    57.99%
    Req/Sec   508.94      0.24   509.00    100.00%
  Latency Distribution (HdrHistogram - Recorded Latency)
 50.000%   15.72s 
 75.000%   19.69s 
 90.000%   22.07s 
 99.000%   23.53s 
 99.900%   23.69s 
 99.990%   23.72s 
 99.999%   23.72s 
100.000%   23.74s 

  Detailed Percentile spectrum:
       Value   Percentile   TotalCount 1/(1-Percentile)

    7106.559     0.000000            1         1.00
    9543.679     0.100000        16252         1.11
   11116.543     0.200000        32517         1.25
   12632.063     0.300000        48784         1.43
   14155.775     0.400000        64974         1.67
   15720.447     0.500000        81167         2.00
   16506.879     0.550000        89300         2.22
   17285.119     0.600000        97514         2.50
   18104.319     0.650000       105564         2.86
   18907.135     0.700000       113778         3.33
   19693.567     0.750000       121738         4.00
   20103.167     0.775000       125833         4.44
   20512.767     0.800000       129948         5.00
   20905.983     0.825000       134022         5.71
   21299.199     0.850000       137985         6.67
   21692.415     0.875000       142042         8.00
   21889.023     0.887500       144154         8.89
   22069.247     0.900000       146064        10.00
   22265.855     0.912500       148124        11.43
   22462.463     0.925000       150193        13.33
   22659.071     0.937500       152224        16.00
   22757.375     0.943750       153238        17.78
   22855.679     0.950000       154193        20.00
   22953.983     0.956250       155202        22.86
   23052.287     0.962500       156205        26.67
   23166.975     0.968750       157326        32.00
   23216.127     0.971875       157821        35.56
   23265.279     0.975000       158293        40.00
   23330.815     0.978125       158902        45.71
   23379.967     0.981250       159371        53.33
   23429.119     0.984375       159820        64.00
   23461.887     0.985938       160130        71.11
   23478.271     0.987500       160288        80.00
   23511.039     0.989062       160598        91.43
   23543.807     0.990625       160895       106.67
   23560.191     0.992188       161069       128.00
   23576.575     0.992969       161193       142.22
   23592.959     0.993750       161350       160.00
   23609.343     0.994531       161508       182.86
   23625.727     0.995313       161650       213.33
   23642.111     0.996094       161811       256.00
   23642.111     0.996484       161811       284.44
   23642.111     0.996875       161811       320.00
   23658.495     0.997266       161945       365.71
   23658.495     0.997656       161945       426.67
   23674.879     0.998047       162076       512.00
   23674.879     0.998242       162076       568.89
   23674.879     0.998437       162076       640.00
   23674.879     0.998633       162076       731.43
   23691.263     0.998828       162194       853.33
   23691.263     0.999023       162194      1024.00
   23691.263     0.999121       162194      1137.78
   23691.263     0.999219       162194      1280.00
   23691.263     0.999316       162194      1462.86
   23691.263     0.999414       162194      1706.67
   23707.647     0.999512       162268      2048.00
   23707.647     0.999561       162268      2275.56
   23707.647     0.999609       162268      2560.00
   23707.647     0.999658       162268      2925.71
   23707.647     0.999707       162268      3413.33
   23707.647     0.999756       162268      4096.00
   23707.647     0.999780       162268      4551.11
   23707.647     0.999805       162268      5120.00
   23707.647     0.999829       162268      5851.43
   23707.647     0.999854       162268      6826.67
   23707.647     0.999878       162268      8192.00
   23707.647     0.999890       162268      9102.22
   23724.031     0.999902       162284     10240.00
   23724.031     0.999915       162284     11702.86
   23724.031     0.999927       162284     13653.33
   23724.031     0.999939       162284     16384.00
   23724.031     0.999945       162284     18204.44
   23724.031     0.999951       162284     20480.00
   23724.031     0.999957       162284     23405.71
   23724.031     0.999963       162284     27306.67
   23724.031     0.999969       162284     32768.00
   23724.031     0.999973       162284     36408.89
   23724.031     0.999976       162284     40960.00
   23724.031     0.999979       162284     46811.43
   23724.031     0.999982       162284     54613.33
   23724.031     0.999985       162284     65536.00
   23724.031     0.999986       162284     72817.78
   23724.031     0.999988       162284     81920.00
   23724.031     0.999989       162284     93622.86
   23724.031     0.999991       162284    109226.67
   23724.031     0.999992       162284    131072.00
   23724.031     0.999993       162284    145635.56
   23740.415     0.999994       162285    163840.00
   23740.415     1.000000       162285          inf
#[Mean    =    15761.488, StdDeviation   =     4537.071]
#[Max     =    23724.032, Total count    =       162285]
#[Buckets =           27, SubBuckets     =         2048]
----------------------------------------------------------
  250046 requests in 30.00s, 3.32GB read
Requests/sec:   8334.24
Transfer/sec:    113.31MB
WRKX_RESULT {"durationUs":30002249,"requests":250046,"responses":250046,"errors":0,"bytes":3564655776,"latencyAvgUs":15761487.908,"latencyP95Us":22855679.000,"latencyP99Us":23527423.000}
