Running 30s test @ http://localhost:9991/
  16 threads and 256 connections
  Thread calibration: mean lat.: 4138.977ms, rate sampling interval: 15015ms
  Thread calibration: mean lat.: 4140.920ms, rate sampling interval: 15015ms
  Thread calibration: mean lat.: 4135.172ms, rate sampling interval: 15015ms
  Thread calibration: mean lat.: 4142.306ms, rate sampling interval: 15015ms
  Thread calibration: mean lat.: 4133.989ms, rate sampling interval: 15007ms
  Thread calibration: mean lat.: 4134.517ms, rate sampling interval: 14999ms
  Thread calibration: mean lat.: 4132.692ms, rate sampling interval: 15015ms
  Thread calibration: mean lat.: 4133.957ms, rate sampling interval: 14999ms
  Thread calibration: mean lat.: 4132.068ms, rate sampling interval: 15007ms
  Thread calibration: mean lat.: 4135.745ms, rate sampling interval: 15015ms
  Thread calibration: mean lat.: 4135.046ms, rate sampling interval: 15007ms
  Thread calibration: mean lat.: 4142.635ms, rate sampling interval: 15024ms
  Thread calibration: mean lat.: 4131.176ms, rate sampling interval: 14999ms
  Thread calibration: mean lat.: 4139.979ms, rate sampling interval: 15015ms
  Thread calibration: mean lat.: 4139.940ms, rate sampling interval: 15015ms
  Thread calibration: mean lat.: 4141.480ms, rate sampling interval: 15015ms
  Thread Stats   Avg      Stdev     Max   +/- Stdev
    Latency    16.59s     4.76s   24.87s    57.88%
    Req/Sec   428.00      0.00   428.00    100.00%
  Latency Distribution (HdrHistogram - Recorded Latency)
 50.000%   16.67s 
 75.000%   20.66s 
 90.000%   23.17s 
 99.000%   24.67s 
 99.900%   24.84s 
 99.990%   24.85s 
 99.999%   24.87s 
100.000%   24.89s 

  Detailed Percentile spectrum:
       Value   Percentile   TotalCount 1/(1-Percentile)

    8302.591     0.000000            1         1.00
    9936.895     0.100000        13618         1.11
   11616.255     0.200000        27273         1.25
   13320.191     0.300000        40841         1.43
   15065.087     0.400000        54472         1.67
   16670.719     0.500000        68082         2.00
   17465.343     0.550000        74968         2.22
   18251.775     0.600000        81720         2.50
   19070.975     0.650000        88529         2.86
   19857.407     0.700000        95298         3.33
   20660.223     0.750000       102040         4.00
   21069.823     0.775000       105533         4.44
   21495.807     0.800000       108930         5.00
   21905.407     0.825000       112277         5.71
   22331.391     0.850000       115764         6.67
   22724.607     0.875000       119053         8.00
   22937.599     0.887500       120766         8.89
   23166.975     0.900000       122497        10.00
   23379.967     0.912500       124220        11.43
   23592.959     0.925000       125902        13.33
   23805.951     0.937500       127601        16.00
   23920.639     0.943750       128517        17.78
   24018.943     0.950000       129318        20.00
   24117.247     0.956250       130153        22.86
   24215.551     0.962500       130955        26.67
   24330.239     0.968750       131915        32.00
   24379.391     0.971875       132318        35.56
   24428.543     0.975000       132729        40.00
   24477.695     0.978125       133121        45.71
   24526.847     0.981250       133511        53.33
   24592.383     0.984375       134039        64.00
   24608.767     0.985938       134192        71.11
   24641.535     0.987500       134469        80.00
   24657.919     0.989062       134580        91.43
   24690.687     0.990625       134847       106.67
   24707.071     0.992188       134999       128.00
   24723.455     0.992969       135117       142.22
   24739.839     0.993750       135253       160.00
   24756.223     0.994531       135374       182.86
   24772.607     0.995313       135514       213.33
   24788.991     0.996094       135640       256.00
   24788.991     0.996484       135640       284.44
   24788.991     0.996875       135640       320.00
   24805.375     0.997266       135784       365.71
   24805.375     0.997656       135784       426.67
   24821.759     0.998047       135896       512.00
   24821.759     0.998242       135896       568.89
   24821.759     0.998437       135896       640.00
   24821.759     0.998633       135896       731.43
   24821.759     0.998828       135896       853.33
   24838.143     0.999023       136000      1024.00
   24838.143     0.999121       136000      1137.78
   24838.143     0.999219       136000      1280.00
   24838.143     0.999316       136000      1462.86
   24838.143     0.999414       136000      1706.67
   24838.143     0.999512       136000      2048.00
   24838.143     0.999561       136000      2275.56
   24838.143     0.999609       136000      2560.00
   24854.527     0.999658       136038      2925.71
   24854.527     0.999707       136038      3413.33
   24854.527     0.999756       136038      4096.00
   24854.527     0.999780       136038      4551.11
   24854.527     0.999805       136038      5120.00
   24854.527     0.999829       136038      5851.43
   24854.527     0.999854       136038      6826.67
   24854.527     0.999878       136038      8192.00
   24854.527     0.999890       136038      9102.22
   24854.527     0.999902       136038     10240.00
   24870.911     0.999915       136050     11702.86
   24870.911     0.999927       136050     13653.33
   24870.911     0.999939       136050     16384.00
   24870.911     0.999945       136050     18204.44
   24870.911     0.999951       136050     20480.00
   24870.911     0.999957       136050     23405.71
   24870.911     0.999963       136050     27306.67
   24870.911     0.999969       136050     32768.00
   24870.911     0.999973       136050     36408.89
   24870.911     0.999976       136050     40960.00
   24870.911     0.999979       136050     46811.43
   24870.911     0.999982       136050     54613.33
   24870.911     0.999985       136050     65536.00
   24870.911     0.999986       136050     72817.78
   24870.911     0.999988       136050     81920.00
   24870.911     0.999989       136050     93622.86
   24870.911     0.999991       136050    109226.67
   24870.911     0.999992       136050    131072.00
   24887.295     0.999993       136051    145635.56
   24887.295     1.000000       136051          inf
#[Mean    =    16586.917, StdDeviation   =     4760.244]
#[Max     =    24870.912, Total count    =       136051]
#[Buckets =           27, SubBuckets     =         2048]
----------------------------------------------------------
  204956 requests in 30.01s, 48.87MB read
Requests/sec:   6829.84
Transfer/sec:      1.63MB
WRKX_RESULT {"durationUs":30008918,"requests":204956,"responses":204956,"errors":0,"bytes":51239000,"latencyAvgUs":16586916.501,"latencyP95Us":24018943.000,"latencyP99Us":24674303.000}
