Running 30s test @ http://localhost:9991/
  16 threads and 256 connections
  Thread calibration: mean lat.: 3779.712ms, rate sampling interval: 14221ms
  Thread calibration: mean lat.: 3775.077ms, rate sampling interval: 14204ms
  Thread calibration: mean lat.: 3780.504ms, rate sampling interval: 14213ms
  Thread calibration: mean lat.: 3782.531ms, rate sampling interval: 14229ms
  Thread calibration: mean lat.: 3778.264ms, rate sampling interval: 14221ms
  Thread calibration: mean lat.: 3780.582ms, rate sampling interval: 14221ms
  Thread calibration: mean lat.: 3781.460ms, rate sampling interval: 14204ms
  Thread calibration: mean lat.: 3779.892ms, rate sampling interval: 14196ms
  Thread calibration: mean lat.: 3774.903ms, rate sampling interval: 14221ms
  Thread calibration: mean lat.: 3777.273ms, rate sampling interval: 14213ms
  Thread calibration: mean lat.: 3780.480ms, rate sampling interval: 14213ms
  Thread calibration: mean lat.: 3778.166ms, rate sampling interval: 14221ms
  Thread calibration: mean lat.: 3779.808ms, rate sampling interval: 14213ms
  Thread calibration: mean lat.: 3785.027ms, rate sampling interval: 14229ms
  Thread calibration: mean lat.: 3778.362ms, rate sampling interval: 14213ms
  Thread calibration: mean lat.: 3779.794ms, rate sampling interval: 14213ms
  Thread Stats   Avg      Stdev     Max   +/- Stdev
    Latency    16.00s     4.43s   23.46s    58.71%
    Req/Sec   405.00      0.00   405.00    100.00%
  Latency Distribution (HdrHistogram - Recorded Latency)
 50.000%   16.19s 
 75.000%   19.81s 
 90.000%   22.00s 
 99.000%   23.31s 
 99.900%   23.45s 
 99.990%   23.46s 
 99.999%   23.48s 
100.000%   23.48s 

  Detailed Percentile spectrum:
       Value   Percentile   TotalCount 1/(1-Percentile)

    7917.567     0.000000            3         1.00
    9658.367     0.100000        13230         1.11
   11444.223     0.200000        26464         1.25
   13099.007     0.300000        39632         1.43
   14704.639     0.400000        52889         1.67
   16187.391     0.500000        66122         2.00
   16908.287     0.550000        72772         2.22
   17661.951     0.600000        79278         2.50
   18399.231     0.650000        85952         2.86
   19103.743     0.700000        92504         3.33
   19808.255     0.750000        99084         4.00
   20185.087     0.775000       102394         4.44
   20529.151     0.800000       105789         5.00
   20889.599     0.825000       109103         5.71
   21250.047     0.850000       112333         6.67
   21626.879     0.875000       115607         8.00
   21807.103     0.887500       117283         8.89
   22003.711     0.900000       119008        10.00
   22183.935     0.912500       120606        11.43
   22364.159     0.925000       122223        13.33
   22560.767     0.937500       123921        16.00
   22659.071     0.943750       124802        17.78
   22740.991     0.950000       125565        20.00
   22822.911     0.956250       126323        22.86
   22921.215     0.962500       127203        26.67
   23019.519     0.968750       128072        32.00
   23068.671     0.971875       128498        35.56
   23101.439     0.975000       128804        40.00
   23150.591     0.978125       129264        45.71
   23199.743     0.981250       129713        53.33
   23232.511     0.984375       130032        64.00
   23265.279     0.985938       130336        71.11
   23281.663     0.987500       130501        80.00
   23298.047     0.989062       130663        91.43
   23330.815     0.990625       130958       106.67
   23347.199     0.992188       131108       128.00
   23363.583     0.992969       131268       142.22
   23363.583     0.993750       131268       160.00
   23379.967     0.994531       131432       182.86
   23396.351     0.995313       131579       213.33
   23396.351     0.996094       131579       256.00
   23412.735     0.996484       131734       284.44
   23412.735     0.996875       131734       320.00
   23412.735     0.997266       131734       365.71
   23429.119     0.997656       131876       426.67
   23429.119     0.998047       131876       512.00
   23429.119     0.998242       131876       568.89
   23429.119     0.998437       131876       640.00
   23445.503     0.998633       132001       731.43
   23445.503     0.998828       132001       853.33
   23445.503     0.999023       132001      1024.00
   23445.503     0.999121       132001      1137.78
   23445.503     0.999219       132001      1280.00
   23445.503     0.999316       132001      1462.86
   23461.887     0.999414       132073      1706.67
   23461.887     0.999512       132073      2048.00
   23461.887     0.999561       132073      2275.56
   23461.887     0.999609       132073      2560.00
   23461.887     0.999658       132073      2925.71
   23461.887     0.999707       132073      3413.33
   23461.887     0.999756       132073      4096.00
   23461.887     0.999780       132073      4551.11
   23461.887     0.999805       132073      5120.00
   23461.887     0.999829       132073      5851.43
   23461.887     0.999854       132073      6826.67
   23461.887     0.999878       132073      8192.00
   23461.887     0.999890       132073      9102.22
   23461.887     0.999902       132073     10240.00
   23461.887     0.999915       132073     11702.86
   23461.887     0.999927       132073     13653.33
   23478.271     0.999939       132082     16384.00
   23478.271     1.000000       132082          inf
#[Mean    =    16003.071, StdDeviation   =     4428.633]
#[Max     =    23461.888, Total count    =       132082]
#[Buckets =           27, SubBuckets     =         2048]
----------------------------------------------------------
  195420 requests in 30.00s, 46.59MB read
Requests/sec:   6513.31
Transfer/sec:      1.55MB
WRKX_RESULT {"durationUs":30003190,"requests":195420,"responses":195420,"errors":0,"bytes":48855000,"latencyAvgUs":16003071.023,"latencyP95Us":22740991.000,"latencyP99Us":23314431.000}
