Running 30s test @ http://localhost:9991/
  16 threads and 256 connections
  Thread calibration: mean lat.: 1715.617ms, rate sampling interval: 6705ms
  Thread calibration: mean lat.: 1710.167ms, rate sampling interval: 6705ms
  Thread calibration: mean lat.: 1713.078ms, rate sampling interval: 6696ms
  Thread calibration: mean lat.: 1710.245ms, rate sampling interval: 6696ms
  Thread calibration: mean lat.: 1713.012ms, rate sampling interval: 6705ms
  Thread calibration: mean lat.: 1711.739ms, rate sampling interval: 6705ms
  Thread calibration: mean lat.: 1713.336ms, rate sampling interval: 6696ms
  Thread calibration: mean lat.: 1715.548ms, rate sampling interval: 6705ms
  Thread calibration: mean lat.: 1715.276ms, rate sampling interval: 6713ms
  Thread calibration: mean lat.: 1709.948ms, rate sampling interval: 6692ms
  Thread calibration: mean lat.: 1714.259ms, rate sampling interval: 6701ms
  Thread calibration: mean lat.: 1712.281ms, rate sampling interval: 6696ms
  Thread calibration: mean lat.: 1715.200ms, rate sampling interval: 6709ms
  Thread calibration: mean lat.: 1717.320ms, rate sampling interval: 6713ms
  Thread calibration: mean lat.: 1717.766ms, rate sampling interval: 6717ms
  Thread calibration: mean lat.: 1716.395ms, rate sampling interval: 6709ms
  Thread Stats   Avg      Stdev     Max   +/- Stdev
    Latency     7.47s     2.07s   10.97s    57.63%
    Req/Sec   394.88     12.38   408.00    100.00%
  Latency Distribution (HdrHistogram - Recorded Latency)
 50.000%    7.61s 
 75.000%    9.26s 
 90.000%   10.23s 
 99.000%   10.86s 
 99.900%   10.92s 
 99.990%   10.95s 
 99.999%   10.97s 
100.000%   10.98s 

  Detailed Percentile spectrum:
       Value   Percentile   TotalCount 1/(1-Percentile)

    3723.263     0.000000            4         1.00
    4460.543     0.100000        12757         1.11
    5283.839     0.200000        25503         1.25
    6164.479     0.300000        38277         1.43
    6934.527     0.400000        51063         1.67
    7606.271     0.500000        63802         2.00
    7897.087     0.550000        70156         2.22
    8216.575     0.600000        76535         2.50
    8577.023     0.650000        82958         2.86
    8921.087     0.700000        89357         3.33
    9256.959     0.750000        95751         4.00
    9428.991     0.775000        98850         4.44
    9617.407     0.800000       102108         5.00
    9764.863     0.825000       105345         5.71
    9904.127     0.850000       108394         6.67
   10076.159     0.875000       111631         8.00
   10158.079     0.887500       113276         8.89
   10231.807     0.900000       114752        10.00
   10330.111     0.912500       116373        11.43
   10412.031     0.925000       117997        13.33
   10493.951     0.937500       119589        16.00
   10534.911     0.943750       120387        17.78
   10575.871     0.950000       121166        20.00
   10625.023     0.956250       122020        22.86
   10674.175     0.962500       122774        26.67
   10723.327     0.968750       123539        32.00
   10747.903     0.971875       123997        35.56
   10764.287     0.975000       124326        40.00
   10788.863     0.978125       124815        45.71
   10805.247     0.981250       125170        53.33
   10821.631     0.984375       125513        64.00
   10838.015     0.985938       125852        71.11
   10846.207     0.987500       126020        80.00
   10854.399     0.989062       126192        91.43
   10862.591     0.990625       126362       106.67
   10870.783     0.992188       126538       128.00
   10878.975     0.992969       126716       142.22
   10878.975     0.993750       126716       160.00
   10887.167     0.994531       126881       182.86
   10895.359     0.995313       127045       213.33
   10895.359     0.996094       127045       256.00
   10903.551     0.996484       127183       284.44
   10903.551     0.996875       127183       320.00
   10903.551     0.997266       127183       365.71
   10911.743     0.997656       127298       426.67
   10911.743     0.998047       127298       512.00
   10911.743     0.998242       127298       568.89
   10911.743     0.998437       127298       640.00
   10919.935     0.998633       127384       731.43
   10919.935     0.998828       127384       853.33
   10919.935     0.999023       127384      1024.00
   10919.935     0.999121       127384      1137.78
   10928.127     0.999219       127435      1280.00
   10928.127     0.999316       127435      1462.86
   10928.127     0.999414       127435      1706.67
   10928.127     0.999512       127435      2048.00
   10936.319     0.999561       127464      2275.56
   10936.319     0.999609       127464      2560.00
   10936.319     0.999658       127464      2925.71
   10936.319     0.999707       127464      3413.33
   10944.511     0.999756       127481      4096.00
   10944.511     0.999780       127481      4551.11
   10944.511     0.999805       127481      5120.00
   10944.511     0.999829       127481      5851.43
   10944.511     0.999854       127481      6826.67
   10944.511     0.999878       127481      8192.00
   10952.703     0.999890       127489      9102.22
   10952.703     0.999902       127489     10240.00
   10952.703     0.999915       127489     11702.86
   10952.703     0.999927       127489     13653.33
   10952.703     0.999939       127489     16384.00
   10952.703     0.999945       127489     18204.44
   10960.895     0.999951       127492     20480.00
   10960.895     0.999957       127492     23405.71
   10960.895     0.999963       127492     27306.67
   10969.087     0.999969       127495     32768.00
   10969.087     0.999973       127495     36408.89
   10969.087     0.999976       127495     40960.00
   10969.087     0.999979       127495     46811.43
   10969.087     0.999982       127495     54613.33
   10969.087     0.999985       127495     65536.00
   10969.087     0.999986       127495     72817.78
   10969.087     0.999988       127495     81920.00
   10969.087     0.999989       127495     93622.86
   10969.087     0.999991       127495    109226.67
   10977.279     0.999992       127496    131072.00
   10977.279     1.000000       127496          inf
#[Mean    =     7473.792, StdDeviation   =     2067.899]
#[Max     =    10969.088, Total count    =       127496]
#[Buckets =           27, SubBuckets     =         2048]
----------------------------------------------------------
  190609 requests in 30.00s, 45.44MB read
Requests/sec:   6353.11
Transfer/sec:      1.51MB
WRKX_RESULT {"durationUs":30002493,"requests":190609,"responses":190609,"errors":0,"bytes":47652250,"latencyAvgUs":7473792.345,"latencyP95Us":10575871.000,"latencyP99Us":10862591.000}
