Running 30s test @ http://localhost:9991/
  16 threads and 256 connections
  Thread calibration: mean lat.: 4725.534ms, rate sampling interval: 17186ms
  Thread calibration: mean lat.: 4725.140ms, rate sampling interval: 17203ms
  Thread calibration: mean lat.: 4723.246ms, rate sampling interval: 17186ms
  Thread calibration: mean lat.: 4726.536ms, rate sampling interval: 17186ms
  Thread calibration: mean lat.: 4726.370ms, rate sampling interval: 17203ms
  Thread calibration: mean lat.: 4722.716ms, rate sampling interval: 17203ms
  Thread calibration: mean lat.: 4723.687ms, rate sampling interval: 17186ms
  Thread calibration: mean lat.: 4722.038ms, rate sampling interval: 17186ms
  Thread calibration: mean lat.: 4723.482ms, rate sampling interval: 17203ms
  Thread calibration: mean lat.: 4726.468ms, rate sampling interval: 17203ms
  Thread calibration: mean lat.: 4322.320ms, rate sampling interval: 15572ms
  Thread calibration: mean lat.: 4728.316ms, rate sampling interval: 17203ms
  Thread calibration: mean lat.: 4727.992ms, rate sampling interval: 17203ms
  Thread calibration: mean lat.: 4724.338ms, rate sampling interval: 17186ms
  Thread calibration: mean lat.: 4726.996ms, rate sampling interval: 17203ms
  Thread calibration: mean lat.: 4731.131ms, rate sampling interval: 17203ms
  Thread Stats   Avg      Stdev     Max   +/- Stdev
    Latency    19.03s     5.49s   28.57s    57.58%
    Req/Sec   436.25      0.43   437.00    100.00%
  Latency Distribution (HdrHistogram - Recorded Latency)
 50.000%   19.05s 
 75.000%   23.79s 
 90.000%   26.64s 
 99.000%   28.38s 
 99.900%   28.54s 
 99.990%   28.57s 
 99.999%   28.59s 
100.000%   28.59s 

  Detailed Percentile spectrum:
       Value   Percentile   TotalCount 1/(1-Percentile)

    8658.943     0.000000            3         1.00
   11403.263     0.100000        14005         1.11
   13303.807     0.200000        27959         1.25
   15261.695     0.300000        41898         1.43
   17186.815     0.400000        55860         1.67
   19054.591     0.500000        69826         2.00
   19955.711     0.550000        76815         2.22
   20922.367     0.600000        83823         2.50
   21872.639     0.650000        90802         2.86
   22822.911     0.700000        97674         3.33
   23789.567     0.750000       104662         4.00
   24281.087     0.775000       108230         4.44
   24739.839     0.800000       111645         5.00
   25231.359     0.825000       115185         5.71
   25690.111     0.850000       118639         6.67
   26165.247     0.875000       122176         8.00
   26411.007     0.887500       123929         8.89
   26640.383     0.900000       125632        10.00
   26869.759     0.912500       127383        11.43
   27099.135     0.925000       129099        13.33
   27344.895     0.937500       130853        16.00
   27459.583     0.943750       131688        17.78
   27574.271     0.950000       132567        20.00
   27705.343     0.956250       133540        22.86
   27836.415     0.962500       134403        26.67
   27967.487     0.968750       135268        32.00
   28016.639     0.971875       135623        35.56
   28082.175     0.975000       136101        40.00
   28147.711     0.978125       136577        45.71
   28196.863     0.981250       136948        53.33
   28262.399     0.984375       137423        64.00
   28295.167     0.985938       137663        71.11
   28327.935     0.987500       137899        80.00
   28360.703     0.989062       138134        91.43
   28377.087     0.990625       138248       106.67
   28409.855     0.992188       138483       128.00
   28426.239     0.992969       138606       142.22
   28442.623     0.993750       138715       160.00
   28459.007     0.994531       138839       182.86
   28475.391     0.995313       138950       213.33
   28491.775     0.996094       139074       256.00
   28491.775     0.996484       139074       284.44
   28508.159     0.996875       139192       320.00
   28508.159     0.997266       139192       365.71
   28524.543     0.997656       139324       426.67
   28524.543     0.998047       139324       512.00
   28524.543     0.998242       139324       568.89
   28524.543     0.998437       139324       640.00
   28540.927     0.998633       139419       731.43
   28540.927     0.998828       139419       853.33
   28540.927     0.999023       139419      1024.00
   28540.927     0.999121       139419      1137.78
   28557.311     0.999219       139491      1280.00
   28557.311     0.999316       139491      1462.86
   28557.311     0.999414       139491      1706.67
   28557.311     0.999512       139491      2048.00
   28557.311     0.999561       139491      2275.56
   28557.311     0.999609       139491      2560.00
   28557.311     0.999658       139491      2925.71
   28573.695     0.999707       139524      3413.33
   28573.695     0.999756       139524      4096.00
   28573.695     0.999780       139524      4551.11
   28573.695     0.999805       139524      5120.00
   28573.695     0.999829       139524      5851.43
   28573.695     0.999854       139524      6826.67
   28573.695     0.999878       139524      8192.00
   28573.695     0.999890       139524      9102.22
   28573.695     0.999902       139524     10240.00
   28573.695     0.999915       139524     11702.86
   28573.695     0.999927       139524     13653.33
   28590.079     0.999939       139534     16384.00
   28590.079     1.000000       139534          inf
#[Mean    =    19028.453, StdDeviation   =     5494.820]
#[Max     =    28573.696, Total count    =       139534]
#[Buckets =           27, SubBuckets     =         2048]
----------------------------------------------------------
  210686 requests in 30.00s, 50.23MB read
Requests/sec:   7021.82
Transfer/sec:      1.67MB
WRKX_RESULT {"durationUs":30004487,"requests":210686,"responses":210686,"errors":0,"bytes":52671500,"latencyAvgUs":19028453.030,"latencyP95Us":27574271.000,"latencyP99Us":28377087.000}
