Running 30s test @ http://localhost:9991/
  16 threads and 256 connections
  Thread calibration: mean lat.: 4697.465ms, rate sampling interval: 17301ms
  Thread calibration: mean lat.: 4698.286ms, rate sampling interval: 17301ms
  Thread calibration: mean lat.: 4699.071ms, rate sampling interval: 17317ms
  Thread calibration: mean lat.: 4698.502ms, rate sampling interval: 17301ms
  Thread calibration: mean lat.: 4701.949ms, rate sampling interval: 17301ms
  Thread calibration: mean lat.: 4696.743ms, rate sampling interval: 17301ms
  Thread calibration: mean lat.: 4700.270ms, rate sampling interval: 17317ms
  Thread calibration: mean lat.: 4698.923ms, rate sampling interval: 17301ms
  Thread calibration: mean lat.: 4704.490ms, rate sampling interval: 17317ms
  Thread calibration: mean lat.: 4696.146ms, rate sampling interval: 17301ms
  Thread calibration: mean lat.: 4698.949ms, rate sampling interval: 17301ms
  Thread calibration: mean lat.: 4705.404ms, rate sampling interval: 17317ms
  Thread calibration: mean lat.: 4703.422ms, rate sampling interval: 17317ms
  Thread calibration: mean lat.: 4704.826ms, rate sampling interval: 17317ms
  Thread calibration: mean lat.: 4698.775ms, rate sampling interval: 17317ms
  Thread calibration: mean lat.: 4703.048ms, rate sampling interval: 17317ms
  Thread Stats   Avg      Stdev     Max   +/- Stdev
    Latency    19.53s     5.50s   28.98s    58.55%
    Req/Sec   409.00      0.00   409.00    100.00%
  Latency Distribution (HdrHistogram - Recorded Latency)
 50.000%   19.55s 
 75.000%   24.23s 
 90.000%   27.18s 
 99.000%   28.79s 
 99.900%   28.95s 
 99.990%   29.00s 
 99.999%   29.00s 
100.000%   29.00s 

  Detailed Percentile spectrum:
       Value   Percentile   TotalCount 1/(1-Percentile)

    9666.559     0.000000            2         1.00
   11780.095     0.100000        13179         1.11
   13901.823     0.200000        26381         1.25
   15876.095     0.300000        39529         1.43
   17743.871     0.400000        52727         1.67
   19546.111     0.500000        65882         2.00
   20463.615     0.550000        72474         2.22
   21397.503     0.600000        79065         2.50
   22331.391     0.650000        85678         2.86
   23281.663     0.700000        92276         3.33
   24231.935     0.750000        98876         4.00
   24707.071     0.775000       102131         4.44
   25231.359     0.800000       105481         5.00
   25739.263     0.825000       108728         5.71
   26247.167     0.850000       112063         6.67
   26722.303     0.875000       115302         8.00
   26951.679     0.887500       116947         8.89
   27181.055     0.900000       118656        10.00
   27394.047     0.912500       120262        11.43
   27623.423     0.925000       121981        13.33
   27852.799     0.937500       123629        16.00
   27967.487     0.943750       124452        17.78
   28065.791     0.950000       125186        20.00
   28180.479     0.956250       126012        22.86
   28295.167     0.962500       126869        26.67
   28409.855     0.968750       127724        32.00
   28459.007     0.971875       128069        35.56
   28524.543     0.975000       128552        40.00
   28573.695     0.978125       128922        45.71
   28622.847     0.981250       129294        53.33
   28688.383     0.984375       129772        64.00
   28721.151     0.985938       130008        71.11
   28737.535     0.987500       130126        80.00
   28770.303     0.989062       130363        91.43
   28803.071     0.990625       130596       106.67
   28835.839     0.992188       130828       128.00
   28852.223     0.992969       130945       142.22
   28852.223     0.993750       130945       160.00
   28868.607     0.994531       131066       182.86
   28884.991     0.995313       131178       213.33
   28901.375     0.996094       131302       256.00
   28901.375     0.996484       131302       284.44
   28917.759     0.996875       131417       320.00
   28917.759     0.997266       131417       365.71
   28934.143     0.997656       131539       426.67
   28934.143     0.998047       131539       512.00
   28934.143     0.998242       131539       568.89
   28950.527     0.998437       131637       640.00
   28950.527     0.998633       131637       731.43
   28950.527     0.998828       131637       853.33
   28950.527     0.999023       131637      1024.00
   28966.911     0.999121       131703      1137.78
   28966.911     0.999219       131703      1280.00
   28966.911     0.999316       131703      1462.86
   28966.911     0.999414       131703      1706.67
   28966.911     0.999512       131703      2048.00
   28966.911     0.999561       131703      2275.56
   28983.295     0.999609       131739      2560.00
   28983.295     0.999658       131739      2925.71
   28983.295     0.999707       131739      3413.33
   28983.295     0.999756       131739      4096.00
   28983.295     0.999780       131739      4551.11
   28983.295     0.999805       131739      5120.00
   28983.295     0.999829       131739      5851.43
   28983.295     0.999854       131739      6826.67
   28999.679     0.999878       131757      8192.00
   28999.679     1.000000       131757          inf
#[Mean    =    19527.161, StdDeviation   =     5504.631]
#[Max     =    28983.296, Total count    =       131757]
#[Buckets =           27, SubBuckets     =         2048]
----------------------------------------------------------
  199493 requests in 30.00s, 47.56MB read
Requests/sec:   6649.28
Transfer/sec:      1.59MB
WRKX_RESULT {"durationUs":30002181,"requests":199493,"responses":199493,"errors":0,"bytes":49873250,"latencyAvgUs":19527160.543,"latencyP95Us":28065791.000,"latencyP99Us":28786687.000}
