Running 30s test @ http://localhost:9991/
  16 threads and 256 connections
  Thread calibration: mean lat.: 4502.916ms, rate sampling interval: 16334ms
  Thread calibration: mean lat.: 4505.658ms, rate sampling interval: 16351ms
  Thread calibration: mean lat.: 4506.359ms, rate sampling interval: 16326ms
  Thread calibration: mean lat.: 4507.379ms, rate sampling interval: 16334ms
  Thread calibration: mean lat.: 4510.687ms, rate sampling interval: 16334ms
  Thread calibration: mean lat.: 4505.127ms, rate sampling interval: 16334ms
  Thread calibration: mean lat.: 4508.110ms, rate sampling interval: 16343ms
  Thread calibration: mean lat.: 4128.043ms, rate sampling interval: 14811ms
  Thread calibration: mean lat.: 4510.941ms, rate sampling interval: 16334ms
  Thread calibration: mean lat.: 4506.820ms, rate sampling interval: 16334ms
  Thread calibration: mean lat.: 4507.143ms, rate sampling interval: 16318ms
  Thread calibration: mean lat.: 4503.116ms, rate sampling interval: 16334ms
  Thread calibration: mean lat.: 4508.366ms, rate sampling interval: 16343ms
  Thread calibration: mean lat.: 4513.001ms, rate sampling interval: 16343ms
  Thread calibration: mean lat.: 4512.924ms, rate sampling interval: 16334ms
  Thread calibration: mean lat.: 4510.386ms, rate sampling interval: 16326ms
  Thread Stats   Avg      Stdev     Max   +/- Stdev
    Latency    18.00s     5.22s   27.12s    57.64%
    Req/Sec   446.06      0.24   447.00    100.00%
  Latency Distribution (HdrHistogram - Recorded Latency)
 50.000%   18.07s 
 75.000%   22.48s 
 90.000%   25.21s 
 99.000%   26.90s 
 99.900%   27.08s 
 99.990%   27.12s 
 99.999%   27.13s 
100.000%   27.13s 

  Detailed Percentile spectrum:
       Value   Percentile   TotalCount 1/(1-Percentile)

    8216.575     0.000000            1         1.00
   10756.095     0.100000        14227         1.11
   12525.567     0.200000        28430         1.25
   14376.959     0.300000        42622         1.43
   16228.351     0.400000        56790         1.67
   18071.551     0.500000        70986         2.00
   18972.671     0.550000        78087         2.22
   19890.175     0.600000        85255         2.50
   20758.527     0.650000        92323         2.86
   21610.495     0.700000        99363         3.33
   22478.847     0.750000       106443         4.00
   22937.599     0.775000       110066         4.44
   23396.351     0.800000       113552         5.00
   23855.103     0.825000       117100         5.71
   24313.855     0.850000       120737         6.67
   24756.223     0.875000       124235         8.00
   24985.599     0.887500       126027         8.89
   25214.975     0.900000       127792        10.00
   25444.351     0.912500       129611        11.43
   25673.727     0.925000       131391        13.33
   25903.103     0.937500       133144        16.00
   26017.791     0.943750       134005        17.78
   26132.479     0.950000       134893        20.00
   26247.167     0.956250       135750        22.86
   26361.855     0.962500       136600        26.67
   26492.927     0.968750       137554        32.00
   26558.463     0.971875       138020        35.56
   26607.615     0.975000       138376        40.00
   26673.151     0.978125       138862        45.71
   26738.687     0.981250       139345        53.33
   26787.839     0.984375       139723        64.00
   26820.607     0.985938       139976        71.11
   26853.375     0.987500       140224        80.00
   26886.143     0.989062       140466        91.43
   26918.911     0.990625       140697       106.67
   26951.679     0.992188       140931       128.00
   26951.679     0.992969       140931       142.22
   26968.063     0.993750       141039       160.00
   26984.447     0.994531       141166       182.86
   27000.831     0.995313       141267       213.33
   27017.215     0.996094       141386       256.00
   27033.599     0.996484       141497       284.44
   27033.599     0.996875       141497       320.00
   27049.983     0.997266       141605       365.71
   27049.983     0.997656       141605       426.67
   27066.367     0.998047       141720       512.00
   27066.367     0.998242       141720       568.89
   27066.367     0.998437       141720       640.00
   27082.751     0.998633       141815       731.43
   27082.751     0.998828       141815       853.33
   27082.751     0.999023       141815      1024.00
   27082.751     0.999121       141815      1137.78
   27082.751     0.999219       141815      1280.00
   27099.135     0.999316       141886      1462.86
   27099.135     0.999414       141886      1706.67
   27099.135     0.999512       141886      2048.00
   27099.135     0.999561       141886      2275.56
   27099.135     0.999609       141886      2560.00
   27099.135     0.999658       141886      2925.71
   27099.135     0.999707       141886      3413.33
   27115.519     0.999756       141911      4096.00
   27115.519     0.999780       141911      4551.11
   27115.519     0.999805       141911      5120.00
   27115.519     0.999829       141911      5851.43
   27115.519     0.999854       141911      6826.67
   27115.519     0.999878       141911      8192.00
   27115.519     0.999890       141911      9102.22
   27115.519     0.999902       141911     10240.00
   27115.519     0.999915       141911     11702.86
   27115.519     0.999927       141911     13653.33
   27131.903     0.999939       141921     16384.00
   27131.903     1.000000       141921          inf
#[Mean    =    18000.555, StdDeviation   =     5223.356]
#[Max     =    27115.520, Total count    =       141921]
#[Buckets =           27, SubBuckets     =         2048]
----------------------------------------------------------
  214450 requests in 30.00s, 51.13MB read
Requests/sec:   7147.43
Transfer/sec:      1.70MB
WRKX_RESULT {"durationUs":30003800,"requests":214450,"responses":214450,"errors":0,"bytes":53612500,"latencyAvgUs":18000555.114,"latencyP95Us":26132479.000,"latencyP99Us":26902527.000}
