Running 30s test @ http://localhost:9991/
  16 threads and 256 connections
  Thread calibration: mean lat.: 4231.923ms, rate sampling interval: 15597ms
  Thread calibration: mean lat.: 4232.277ms, rate sampling interval: 15581ms
  Thread calibration: mean lat.: 4232.789ms, rate sampling interval: 15581ms
  Thread calibration: mean lat.: 4232.090ms, rate sampling interval: 15581ms
  Thread calibration: mean lat.: 4233.513ms, rate sampling interval: 15589ms
  Thread calibration: mean lat.: 4230.871ms, rate sampling interval: 15581ms
  Thread calibration: mean lat.: 4228.503ms, rate sampling interval: 15581ms
  Thread calibration: mean lat.: 4234.043ms, rate sampling interval: 15581ms
  Thread calibration: mean lat.: 4232.531ms, rate sampling interval: 15581ms
  Thread calibration: mean lat.: 4228.184ms, rate sampling interval: 15589ms
  Thread calibration: mean lat.: 4231.539ms, rate sampling interval: 15589ms
  Thread calibration: mean lat.: 4235.398ms, rate sampling interval: 15589ms
  Thread calibration: mean lat.: 4235.644ms, rate sampling interval: 15597ms
  Thread calibration: mean lat.: 4235.670ms, rate sampling interval: 15581ms
  Thread calibration: mean lat.: 4232.881ms, rate sampling interval: 15589ms
  Thread calibration: mean lat.: 4231.419ms, rate sampling interval: 15572ms
  Thread Stats   Avg      Stdev     Max   +/- Stdev
    Latency    17.59s     4.95s   25.95s    58.16%
    Req/Sec   413.75      0.43   414.00    100.00%
  Latency Distribution (HdrHistogram - Recorded Latency)
 50.000%   17.73s 
 75.000%   21.89s 
 90.000%   24.31s 
 99.000%   25.77s 
 99.900%   25.92s 
 99.990%   25.95s 
 99.999%   25.97s 
100.000%   25.97s 

  Detailed Percentile spectrum:
       Value   Percentile   TotalCount 1/(1-Percentile)

    8675.327     0.000000            3         1.00
   10551.295     0.100000        13458         1.11
   12460.031     0.200000        26853         1.25
   14303.231     0.300000        40261         1.43
   16056.319     0.400000        53645         1.67
   17727.487     0.500000        67137         2.00
   18546.687     0.550000        73761         2.22
   19398.655     0.600000        80510         2.50
   20201.471     0.650000        87173         2.86
   21053.439     0.700000        93880         3.33
   21889.023     0.750000       100559         4.00
   22298.623     0.775000       104005         4.44
   22691.839     0.800000       107283         5.00
   23101.439     0.825000       110683         5.71
   23527.423     0.850000       114097         6.67
   23920.639     0.875000       117359         8.00
   24117.247     0.887500       119025         8.89
   24313.855     0.900000       120698        10.00
   24526.847     0.912500       122420        11.43
   24723.455     0.925000       124114        13.33
   24920.063     0.937500       125726        16.00
   25018.367     0.943750       126536        17.78
   25133.055     0.950000       127478        20.00
   25231.359     0.956250       128291        22.86
   25329.663     0.962500       129116        26.67
   25427.967     0.968750       129933        32.00
   25477.119     0.971875       130358        35.56
   25526.271     0.975000       130770        40.00
   25575.423     0.978125       131186        45.71
   25624.575     0.981250       131588        53.33
   25673.727     0.984375       131998        64.00
   25706.495     0.985938       132268        71.11
   25739.263     0.987500       132534        80.00
   25755.647     0.989062       132645        91.43
   25788.415     0.990625       132905       106.67
   25804.799     0.992188       133050       128.00
   25821.183     0.992969       133159       142.22
   25837.567     0.993750       133303       160.00
   25853.951     0.994531       133420       182.86
   25870.335     0.995313       133563       213.33
   25870.335     0.996094       133563       256.00
   25886.719     0.996484       133687       284.44
   25886.719     0.996875       133687       320.00
   25903.103     0.997266       133829       365.71
   25903.103     0.997656       133829       426.67
   25903.103     0.998047       133829       512.00
   25919.487     0.998242       133947       568.89
   25919.487     0.998437       133947       640.00
   25919.487     0.998633       133947       731.43
   25919.487     0.998828       133947       853.33
   25919.487     0.999023       133947      1024.00
   25935.871     0.999121       134038      1137.78
   25935.871     0.999219       134038      1280.00
   25935.871     0.999316       134038      1462.86
   25935.871     0.999414       134038      1706.67
   25935.871     0.999512       134038      2048.00
   25935.871     0.999561       134038      2275.56
   25935.871     0.999609       134038      2560.00
   25935.871     0.999658       134038      2925.71
   25935.871     0.999707       134038      3413.33
   25952.255     0.999756       134070      4096.00
   25952.255     0.999780       134070      4551.11
   25952.255     0.999805       134070      5120.00
   25952.255     0.999829       134070      5851.43
   25952.255     0.999854       134070      6826.67
   25952.255     0.999878       134070      8192.00
   25952.255     0.999890       134070      9102.22
   25952.255     0.999902       134070     10240.00
   25952.255     0.999915       134070     11702.86
   25952.255     0.999927       134070     13653.33
   25952.255     0.999939       134070     16384.00
   25952.255     0.999945       134070     18204.44
   25952.255     0.999951       134070     20480.00
   25952.255     0.999957       134070     23405.71
   25952.255     0.999963       134070     27306.67
   25952.255     0.999969       134070     32768.00
   25952.255     0.999973       134070     36408.89
   25952.255     0.999976       134070     40960.00
   25968.639     0.999979       134073     46811.43
   25968.639     1.000000       134073          inf
#[Mean    =    17585.099, StdDeviation   =     4946.973]
#[Max     =    25952.256, Total count    =       134073]
#[Buckets =           27, SubBuckets     =         2048]
----------------------------------------------------------
  201535 requests in 30.00s, 48.05MB read
Requests/sec:   6716.85
Transfer/sec:      1.60MB
WRKX_RESULT {"durationUs":30004413,"requests":201535,"responses":201535,"errors":0,"bytes":50383750,"latencyAvgUs":17585098.743,"latencyP95Us":25133055.000,"latencyP99Us":25772031.000}
