Running 30s test @ http://localhost:9991/
  16 threads and 256 connections
  Thread calibration: mean lat.: 4566.483ms, rate sampling interval: 16744ms
  Thread calibration: mean lat.: 4566.660ms, rate sampling interval: 16752ms
  Thread calibration: mean lat.: 4564.141ms, rate sampling interval: 16744ms
  Thread calibration: mean lat.: 4566.844ms, rate sampling interval: 16752ms
  Thread calibration: mean lat.: 4571.000ms, rate sampling interval: 16752ms
  Thread calibration: mean lat.: 4567.159ms, rate sampling interval: 16728ms
  Thread calibration: mean lat.: 4572.523ms, rate sampling interval: 16744ms
  Thread calibration: mean lat.: 4568.779ms, rate sampling interval: 16744ms
  Thread calibration: mean lat.: 4570.045ms, rate sampling interval: 16752ms
  Thread calibration: mean lat.: 4565.125ms, rate sampling interval: 16744ms
  Thread calibration: mean lat.: 4567.656ms, rate sampling interval: 16744ms
  Thread calibration: mean lat.: 4570.933ms, rate sampling interval: 16752ms
  Thread calibration: mean lat.: 4567.502ms, rate sampling interval: 16744ms
  Thread calibration: mean lat.: 4569.366ms, rate sampling interval: 16744ms
  Thread calibration: mean lat.: 4564.808ms, rate sampling interval: 16728ms
  Thread calibration: mean lat.: 4571.452ms, rate sampling interval: 16752ms
  Thread Stats   Avg      Stdev     Max   +/- Stdev
    Latency    18.96s     5.29s   27.93s    58.29%
    Req/Sec   422.81      0.39   423.00    100.00%
  Latency Distribution (HdrHistogram - Recorded Latency)
 50.000%   19.04s 
 75.000%   23.53s 
 90.000%   26.21s 
 99.000%   27.75s 
 99.900%   27.92s 
 99.990%   27.93s 
 99.999%   27.95s 
100.000%   27.95s 

  Detailed Percentile spectrum:
       Value   Percentile   TotalCount 1/(1-Percentile)

    9338.879     0.000000            2         1.00
   11444.223     0.100000        13697         1.11
   13508.607     0.200000        27360         1.25
   15491.071     0.300000        41030         1.43
   17350.655     0.400000        54785         1.67
   19038.207     0.500000        68385         2.00
   19922.943     0.550000        75198         2.22
   20807.679     0.600000        82045         2.50
   21692.415     0.650000        88957         2.86
   22609.919     0.700000        95798         3.33
   23527.423     0.750000       102602         4.00
   24002.559     0.775000       106065         4.44
   24461.311     0.800000       109450         5.00
   24903.679     0.825000       112848         5.71
   25346.047     0.850000       116217         6.67
   25788.415     0.875000       119647         8.00
   26017.791     0.887500       121479         8.89
   26214.399     0.900000       123061        10.00
   26427.391     0.912500       124786        11.43
   26640.383     0.925000       126508        13.33
   26869.759     0.937500       128260        16.00
   26984.447     0.943750       129174        17.78
   27082.751     0.950000       129985        20.00
   27181.055     0.956250       130766        22.86
   27295.743     0.962500       131675        26.67
   27394.047     0.968750       132476        32.00
   27459.583     0.971875       133011        35.56
   27508.735     0.975000       133401        40.00
   27557.887     0.978125       133816        45.71
   27607.039     0.981250       134205        53.33
   27656.191     0.984375       134595        64.00
   27688.959     0.985938       134859        71.11
   27721.727     0.987500       135115        80.00
   27738.111     0.989062       135252        91.43
   27770.879     0.990625       135508       106.67
   27803.647     0.992188       135782       128.00
   27803.647     0.992969       135782       142.22
   27820.031     0.993750       135910       160.00
   27836.415     0.994531       136064       182.86
   27852.799     0.995313       136196       213.33
   27852.799     0.996094       136196       256.00
   27869.183     0.996484       136337       284.44
   27869.183     0.996875       136337       320.00
   27885.567     0.997266       136472       365.71
   27885.567     0.997656       136472       426.67
   27885.567     0.998047       136472       512.00
   27901.951     0.998242       136584       568.89
   27901.951     0.998437       136584       640.00
   27901.951     0.998633       136584       731.43
   27901.951     0.998828       136584       853.33
   27918.335     0.999023       136664      1024.00
   27918.335     0.999121       136664      1137.78
   27918.335     0.999219       136664      1280.00
   27918.335     0.999316       136664      1462.86
   27918.335     0.999414       136664      1706.67
   27918.335     0.999512       136664      2048.00
   27918.335     0.999561       136664      2275.56
   27934.719     0.999609       136709      2560.00
   27934.719     0.999658       136709      2925.71
   27934.719     0.999707       136709      3413.33
   27934.719     0.999756       136709      4096.00
   27934.719     0.999780       136709      4551.11
   27934.719     0.999805       136709      5120.00
   27934.719     0.999829       136709      5851.43
   27934.719     0.999854       136709      6826.67
   27934.719     0.999878       136709      8192.00
   27934.719     0.999890       136709      9102.22
   27934.719     0.999902       136709     10240.00
   27951.103     0.999915       136722     11702.86
   27951.103     1.000000       136722          inf
#[Mean    =    18955.263, StdDeviation   =     5294.917]
#[Max     =    27934.720, Total count    =       136722]
#[Buckets =           27, SubBuckets     =         2048]
----------------------------------------------------------
  204500 requests in 30.00s, 48.76MB read
Requests/sec:   6816.02
Transfer/sec:      1.63MB
WRKX_RESULT {"durationUs":30002849,"requests":204500,"responses":204500,"errors":0,"bytes":51125000,"latencyAvgUs":18955262.817,"latencyP95Us":27082751.000,"latencyP99Us":27754495.000}
