Running 30s test @ http://localhost:9991/
  16 threads and 256 connections
  Thread calibration: mean lat.: 3190.945ms, rate sampling interval: 12066ms
  Thread calibration: mean lat.: 3190.110ms, rate sampling interval: 12066ms
  Thread calibration: mean lat.: 3188.218ms, rate sampling interval: 12058ms
  Thread calibration: mean lat.: 3193.121ms, rate sampling interval: 12075ms
  Thread calibration: mean lat.: 3188.985ms, rate sampling interval: 12058ms
  Thread calibration: mean lat.: 3189.009ms, rate sampling interval: 12058ms
  Thread calibration: mean lat.: 3189.480ms, rate sampling interval: 12066ms
  Thread calibration: mean lat.: 3188.648ms, rate sampling interval: 12058ms
  Thread calibration: mean lat.: 3187.649ms, rate sampling interval: 12058ms
  Thread calibration: mean lat.: 3193.498ms, rate sampling interval: 12066ms
  Thread calibration: mean lat.: 3194.935ms, rate sampling interval: 12075ms
  Thread calibration: mean lat.: 3191.104ms, rate sampling interval: 12075ms
  Thread calibration: mean lat.: 3192.609ms, rate sampling interval: 12075ms
  Thread calibration: mean lat.: 3190.225ms, rate sampling interval: 12058ms
  Thread calibration: mean lat.: 3193.667ms, rate sampling interval: 12058ms
  Thread calibration: mean lat.: 3190.011ms, rate sampling interval: 12066ms
  Thread Stats   Avg      Stdev     Max   +/- Stdev
    Latency    13.56s     3.85s   20.07s    57.83%
    Req/Sec   404.25      0.43   405.00    100.00%
  Latency Distribution (HdrHistogram - Recorded Latency)
 50.000%   13.74s 
 75.000%   16.89s 
 90.000%   18.78s 
 99.000%   19.92s 
 99.900%   20.04s 
 99.990%   20.05s 
 99.999%   20.07s 
100.000%   20.09s 

  Detailed Percentile spectrum:
       Value   Percentile   TotalCount 1/(1-Percentile)

    6701.055     0.000000            3         1.00
    8032.255     0.100000        13202         1.11
    9527.295     0.200000        26421         1.25
   11018.239     0.300000        39605         1.43
   12378.111     0.400000        52760         1.67
   13737.983     0.500000        65986         2.00
   14335.999     0.550000        72529         2.22
   14966.783     0.600000        79139         2.50
   15613.951     0.650000        85719         2.86
   16236.543     0.700000        92334         3.33
   16891.903     0.750000        98974         4.00
   17219.583     0.775000       102286         4.44
   17547.263     0.800000       105659         5.00
   17842.175     0.825000       108882         5.71
   18153.471     0.850000       112113         6.67
   18464.767     0.875000       115478         8.00
   18628.607     0.887500       117114         8.89
   18792.447     0.900000       118828        10.00
   18956.287     0.912500       120476        11.43
   19103.743     0.925000       121978        13.33
   19283.967     0.937500       123758        16.00
   19349.503     0.943750       124454        17.78
   19447.807     0.950000       125433        20.00
   19513.343     0.956250       126141        22.86
   19595.263     0.962500       126989        26.67
   19677.183     0.968750       127812        32.00
   19709.951     0.971875       128162        35.56
   19759.103     0.975000       128678        40.00
   19791.871     0.978125       129061        45.71
   19824.639     0.981250       129441        53.33
   19857.407     0.984375       129803        64.00
   19890.175     0.985938       130191        71.11
   19906.559     0.987500       130377        80.00
   19922.943     0.989062       130562        91.43
   19939.327     0.990625       130737       106.67
   19955.711     0.992188       130907       128.00
   19972.095     0.992969       131077       142.22
   19972.095     0.993750       131077       160.00
   19988.479     0.994531       131262       182.86
   19988.479     0.995313       131262       213.33
   20004.863     0.996094       131448       256.00
   20004.863     0.996484       131448       284.44
   20004.863     0.996875       131448       320.00
   20021.247     0.997266       131638       365.71
   20021.247     0.997656       131638       426.67
   20021.247     0.998047       131638       512.00
   20021.247     0.998242       131638       568.89
   20037.631     0.998437       131786       640.00
   20037.631     0.998633       131786       731.43
   20037.631     0.998828       131786       853.33
   20037.631     0.999023       131786      1024.00
   20037.631     0.999121       131786      1137.78
   20037.631     0.999219       131786      1280.00
   20037.631     0.999316       131786      1462.86
   20037.631     0.999414       131786      1706.67
   20054.015     0.999512       131846      2048.00
   20054.015     0.999561       131846      2275.56
   20054.015     0.999609       131846      2560.00
   20054.015     0.999658       131846      2925.71
   20054.015     0.999707       131846      3413.33
   20054.015     0.999756       131846      4096.00
   20054.015     0.999780       131846      4551.11
   20054.015     0.999805       131846      5120.00
   20054.015     0.999829       131846      5851.43
   20054.015     0.999854       131846      6826.67
   20054.015     0.999878       131846      8192.00
   20054.015     0.999890       131846      9102.22
   20054.015     0.999902       131846     10240.00
   20054.015     0.999915       131846     11702.86
   20070.399     0.999927       131855     13653.33
   20070.399     0.999939       131855     16384.00
   20070.399     0.999945       131855     18204.44
   20070.399     0.999951       131855     20480.00
   20070.399     0.999957       131855     23405.71
   20070.399     0.999963       131855     27306.67
   20070.399     0.999969       131855     32768.00
   20070.399     0.999973       131855     36408.89
   20070.399     0.999976       131855     40960.00
   20070.399     0.999979       131855     46811.43
   20070.399     0.999982       131855     54613.33
   20070.399     0.999985       131855     65536.00
   20070.399     0.999986       131855     72817.78
   20070.399     0.999988       131855     81920.00
   20070.399     0.999989       131855     93622.86
   20070.399     0.999991       131855    109226.67
   20070.399     0.999992       131855    131072.00
   20086.783     0.999993       131856    145635.56
   20086.783     1.000000       131856          inf
#[Mean    =    13559.081, StdDeviation   =     3853.618]
#[Max     =    20070.400, Total count    =       131856]
#[Buckets =           27, SubBuckets     =         2048]
----------------------------------------------------------
  198561 requests in 30.01s, 47.34MB read
Requests/sec:   6617.39
Transfer/sec:      1.58MB
WRKX_RESULT {"durationUs":30005926,"requests":198561,"responses":198561,"errors":0,"bytes":49640250,"latencyAvgUs":13559080.585,"latencyP95Us":19447807.000,"latencyP99Us":19922943.000}
