Running 30s test @ http://localhost:9991/
  16 threads and 256 connections
  Thread calibration: mean lat.: 5.241ms, rate sampling interval: 16ms
  Thread calibration: mean lat.: 5.389ms, rate sampling interval: 17ms
  Thread calibration: mean lat.: 5.355ms, rate sampling interval: 17ms
  Thread calibration: mean lat.: 5.321ms, rate sampling interval: 16ms
  Thread calibration: mean lat.: 5.376ms, rate sampling interval: 17ms
  Thread calibration: mean lat.: 5.386ms, rate sampling interval: 17ms
  Thread calibration: mean lat.: 5.574ms, rate sampling interval: 18ms
  Thread calibration: mean lat.: 5.288ms, rate sampling interval: 16ms
  Thread calibration: mean lat.: 5.456ms, rate sampling interval: 17ms
  Thread calibration: mean lat.: 5.687ms, rate sampling interval: 19ms
  Thread calibration: mean lat.: 5.770ms, rate sampling interval: 18ms
  Thread calibration: mean lat.: 5.475ms, rate sampling interval: 18ms
  Thread calibration: mean lat.: 5.378ms, rate sampling interval: 17ms
  Thread calibration: mean lat.: 5.751ms, rate sampling interval: 18ms
  Thread calibration: mean lat.: 5.445ms, rate sampling interval: 17ms
  Thread calibration: mean lat.: 5.352ms, rate sampling interval: 16ms
  Thread Stats   Avg      Stdev     Max   +/- Stdev
    Latency     5.45ms    2.34ms  20.51ms   70.97%
    Req/Sec   321.82    108.63   666.00     66.64%
  Latency Distribution (HdrHistogram - Recorded Latency)
 50.000%    4.93ms
 75.000%    6.69ms
 90.000%    8.82ms
 99.000%   12.39ms
 99.900%   14.67ms
 99.990%   16.98ms
 99.999%   19.18ms
100.000%   20.53ms

  Detailed Percentile spectrum:
       Value   Percentile   TotalCount 1/(1-Percentile)

       1.528     0.000000            1         1.00
       2.937     0.100000         9997         1.11
       3.449     0.200000        19923         1.25
       3.927     0.300000        29912         1.43
       4.407     0.400000        39864         1.67
       4.931     0.500000        49859         2.00
       5.207     0.550000        54827         2.22
       5.511     0.600000        59813         2.50
       5.855     0.650000        64793         2.86
       6.239     0.700000        69769         3.33
       6.691     0.750000        74735         4.00
       6.947     0.775000        77221         4.44
       7.219     0.800000        79695         5.00
       7.551     0.825000        82186         5.71
       7.907     0.850000        84674         6.67
       8.319     0.875000        87166         8.00
       8.543     0.887500        88413         8.89
       8.823     0.900000        89677        10.00
       9.127     0.912500        90924        11.43
       9.439     0.925000        92161        13.33
       9.759     0.937500        93390        16.00
       9.959     0.943750        94024        17.78
      10.175     0.950000        94645        20.00
      10.407     0.956250        95259        22.86
      10.663     0.962500        95891        26.67
      10.919     0.968750        96500        32.00
      11.079     0.971875        96827        35.56
      11.215     0.975000        97123        40.00
      11.415     0.978125        97432        45.71
      11.647     0.981250        97750        53.33
      11.903     0.984375        98064        64.00
      12.031     0.985938        98213        71.11
      12.167     0.987500        98375        80.00
      12.295     0.989062        98528        91.43
      12.479     0.990625        98679       106.67
      12.671     0.992188        98835       128.00
      12.799     0.992969        98914       142.22
      12.895     0.993750        98989       160.00
      13.063     0.994531        99068       182.86
      13.255     0.995313        99145       213.33
      13.407     0.996094        99222       256.00
      13.503     0.996484        99263       284.44
      13.623     0.996875        99301       320.00
      13.735     0.997266        99340       365.71
      13.871     0.997656        99377       426.67
      14.047     0.998047        99417       512.00
      14.119     0.998242        99435       568.89
      14.207     0.998437        99455       640.00
      14.303     0.998633        99474       731.43
      14.535     0.998828        99495       853.33
      14.679     0.999023        99513      1024.00
      14.751     0.999121        99523      1137.78
      14.807     0.999219        99534      1280.00
      14.951     0.999316        99542      1462.86
      15.287     0.999414        99552      1706.67
      15.567     0.999512        99562      2048.00
      15.751     0.999561        99569      2275.56
      15.823     0.999609        99572      2560.00
      15.895     0.999658        99577      2925.71
      15.959     0.999707        99581      3413.33
      16.271     0.999756        99586      4096.00
      16.375     0.999780        99589      4551.11
      16.399     0.999805        99591      5120.00
      16.495     0.999829        99593      5851.43
      16.703     0.999854        99596      6826.67
      16.799     0.999878        99598      8192.00
      16.975     0.999890        99600      9102.22
      17.439     0.999902        99601     10240.00
      17.727     0.999915        99602     11702.86
      17.759     0.999927        99603     13653.33
      17.887     0.999939        99604     16384.00
      18.095     0.999945        99605     18204.44
      18.223     0.999951        99606     20480.00
      18.223     0.999957        99606     23405.71
      18.255     0.999963        99607     27306.67
      18.255     0.999969        99607     32768.00
      18.799     0.999973        99608     36408.89
      18.799     0.999976        99608     40960.00
      18.799     0.999979        99608     46811.43
      19.183     0.999982        99609     54613.33
      19.183     0.999985        99609     65536.00
      19.183     0.999986        99609     72817.78
      19.183     0.999988        99609     81920.00
      19.183     0.999989        99609     93622.86
      20.527     0.999991        99610    109226.67
      20.527     1.000000        99610          inf
#[Mean    =        5.449, StdDeviation   =        2.337]
#[Max     =       20.512, Total count    =        99610]
#[Buckets =           27, SubBuckets     =         2048]
----------------------------------------------------------
  149909 requests in 30.00s, 35.74MB read
Requests/sec:   4996.67
Transfer/sec:      1.19MB
WRKX_RESULT {"durationUs":30001761,"requests":149909,"responses":149909,"errors":0,"bytes":37477250,"latencyAvgUs":5449.400,"latencyP95Us":10175.000,"latencyP99Us":12391.000}
