Running 30s test @ http://localhost:9991/
  16 threads and 256 connections
  Thread calibration: mean lat.: 2730.446ms, rate sampling interval: 10027ms
  Thread calibration: mean lat.: 2727.654ms, rate sampling interval: 10027ms
  Thread calibration: mean lat.: 2727.836ms, rate sampling interval: 10027ms
  Thread calibration: mean lat.: 2731.129ms, rate sampling interval: 10035ms
  Thread calibration: mean lat.: 2726.594ms, rate sampling interval: 10027ms
  Thread calibration: mean lat.: 2730.273ms, rate sampling interval: 10035ms
  Thread calibration: mean lat.: 2729.146ms, rate sampling interval: 10035ms
  Thread calibration: mean lat.: 2728.276ms, rate sampling interval: 10018ms
  Thread calibration: mean lat.: 2730.444ms, rate sampling interval: 10035ms
  Thread calibration: mean lat.: 2730.593ms, rate sampling interval: 10035ms
  Thread calibration: mean lat.: 2732.600ms, rate sampling interval: 10035ms
  Thread calibration: mean lat.: 2729.037ms, rate sampling interval: 10035ms
  Thread calibration: mean lat.: 2731.935ms, rate sampling interval: 10035ms
  Thread calibration: mean lat.: 2730.455ms, rate sampling interval: 10027ms
  Thread calibration: mean lat.: 2728.738ms, rate sampling interval: 10027ms
  Thread calibration: mean lat.: 2731.200ms, rate sampling interval: 10035ms
  Thread Stats   Avg      Stdev     Max   +/- Stdev
    Latency    10.93s     3.13s   16.29s    57.38%
    Req/Sec   429.75      0.43   430.00    100.00%
  Latency Distribution (HdrHistogram - Recorded Latency)
 50.000%   10.94s 
 75.000%   13.69s 
 90.000%   15.25s 
 99.000%   16.15s 
 99.900%   16.24s 
 99.990%   16.27s 
 99.999%   16.29s 
100.000%   16.29s 

  Detailed Percentile spectrum:
       Value   Percentile   TotalCount 1/(1-Percentile)

    5500.927     0.000000            1         1.00
    6545.407     0.100000        13829         1.11
    7655.423     0.200000        27588         1.25
    8790.015     0.300000        41360         1.43
    9846.783     0.400000        55147         1.67
   10936.319     0.500000        68923         2.00
   11460.607     0.550000        75904         2.22
   11993.087     0.600000        82765         2.50
   12615.679     0.650000        89653         2.86
   13156.351     0.700000        96495         3.33
   13688.831     0.750000       103429         4.00
   13950.975     0.775000       106809         4.44
   14229.503     0.800000       110324         5.00
   14491.647     0.825000       113781         5.71
   14737.407     0.850000       117154         6.67
   15015.935     0.875000       120673         8.00
   15130.623     0.887500       122357         8.89
   15245.311     0.900000       124057        10.00
   15359.999     0.912500       125803        11.43
   15491.071     0.925000       127492        13.33
   15622.143     0.937500       129288        16.00
   15679.487     0.943750       130131        17.78
   15745.023     0.950000       131015        20.00
   15802.367     0.956250       131802        22.86
   15867.903     0.962500       132664        26.67
   15925.247     0.968750       133516        32.00
   15966.207     0.971875       134032        35.56
   15998.975     0.975000       134429        40.00
   16031.743     0.978125       134834        45.71
   16064.511     0.981250       135264        53.33
   16097.279     0.984375       135731        64.00
   16113.663     0.985938       135964        71.11
   16130.047     0.987500       136197        80.00
   16138.239     0.989062       136305        91.43
   16154.623     0.990625       136526       106.67
   16171.007     0.992188       136742       128.00
   16179.199     0.992969       136847       142.22
   16187.391     0.993750       136967       160.00
   16195.583     0.994531       137077       182.86
   16203.775     0.995313       137191       213.33
   16211.967     0.996094       137301       256.00
   16220.159     0.996484       137414       284.44
   16220.159     0.996875       137414       320.00
   16228.351     0.997266       137511       365.71
   16228.351     0.997656       137511       426.67
   16236.543     0.998047       137611       512.00
   16236.543     0.998242       137611       568.89
   16236.543     0.998437       137611       640.00
   16244.735     0.998633       137686       731.43
   16244.735     0.998828       137686       853.33
   16244.735     0.999023       137686      1024.00
   16244.735     0.999121       137686      1137.78
   16252.927     0.999219       137738      1280.00
   16252.927     0.999316       137738      1462.86
   16252.927     0.999414       137738      1706.67
   16252.927     0.999512       137738      2048.00
   16261.119     0.999561       137771      2275.56
   16261.119     0.999609       137771      2560.00
   16261.119     0.999658       137771      2925.71
   16261.119     0.999707       137771      3413.33
   16269.311     0.999756       137791      4096.00
   16269.311     0.999780       137791      4551.11
   16269.311     0.999805       137791      5120.00
   16269.311     0.999829       137791      5851.43
   16269.311     0.999854       137791      6826.67
   16269.311     0.999878       137791      8192.00
   16269.311     0.999890       137791      9102.22
   16277.503     0.999902       137801     10240.00
   16277.503     0.999915       137801     11702.86
   16277.503     0.999927       137801     13653.33
   16277.503     0.999939       137801     16384.00
   16277.503     0.999945       137801     18204.44
   16277.503     0.999951       137801     20480.00
   16277.503     0.999957       137801     23405.71
   16277.503     0.999963       137801     27306.67
   16277.503     0.999969       137801     32768.00
   16293.887     0.999973       137805     36408.89
   16293.887     1.000000       137805          inf
#[Mean    =    10927.972, StdDeviation   =     3133.416]
#[Max     =    16285.696, Total count    =       137805]
#[Buckets =           27, SubBuckets     =         2048]
----------------------------------------------------------
  205794 requests in 30.00s, 49.07MB read
Requests/sec:   6859.27
Transfer/sec:      1.64MB
WRKX_RESULT {"durationUs":30002313,"requests":205794,"responses":205794,"errors":0,"bytes":51448500,"latencyAvgUs":10927972.474,"latencyP95Us":15745023.000,"latencyP99Us":16154623.000}
