Running 30s test @ http://localhost:9991/
  16 threads and 256 connections
  Thread calibration: mean lat.: 3583.672ms, rate sampling interval: 13139ms
  Thread calibration: mean lat.: 3587.673ms, rate sampling interval: 13148ms
  Thread calibration: mean lat.: 3578.008ms, rate sampling interval: 13131ms
  Thread calibration: mean lat.: 3583.239ms, rate sampling interval: 13148ms
  Thread calibration: mean lat.: 3588.332ms, rate sampling interval: 13148ms
  Thread calibration: mean lat.: 3586.355ms, rate sampling interval: 13131ms
  Thread calibration: mean lat.: 3582.215ms, rate sampling interval: 13131ms
  Thread calibration: mean lat.: 3581.897ms, rate sampling interval: 13148ms
  Thread calibration: mean lat.: 3586.966ms, rate sampling interval: 13148ms
  Thread calibration: mean lat.: 3585.505ms, rate sampling interval: 13139ms
  Thread calibration: mean lat.: 3582.343ms, rate sampling interval: 13148ms
  Thread calibration: mean lat.: 3585.415ms, rate sampling interval: 13139ms
  Thread calibration: mean lat.: 3585.450ms, rate sampling interval: 13139ms
  Thread calibration: mean lat.: 3590.435ms, rate sampling interval: 13139ms
  Thread calibration: mean lat.: 3591.512ms, rate sampling interval: 13156ms
  Thread calibration: mean lat.: 3580.919ms, rate sampling interval: 13131ms
  Thread Stats   Avg      Stdev     Max   +/- Stdev
    Latency    14.42s     4.12s   21.68s    57.94%
    Req/Sec   440.25      0.43   441.00    100.00%
  Latency Distribution (HdrHistogram - Recorded Latency)
 50.000%   14.39s 
 75.000%   17.94s 
 90.000%   20.20s 
 99.000%   21.51s 
 99.900%   21.66s 
 99.990%   21.68s 
 99.999%   21.69s 
100.000%   21.69s 

  Detailed Percentile spectrum:
       Value   Percentile   TotalCount 1/(1-Percentile)

    7270.399     0.000000            1         1.00
    8708.095     0.100000        13954         1.11
   10166.271     0.200000        27833         1.25
   11608.063     0.300000        41711         1.43
   13041.663     0.400000        55602         1.67
   14385.151     0.500000        69514         2.00
   15065.087     0.550000        76465         2.22
   15785.983     0.600000        83378         2.50
   16498.687     0.650000        90396         2.86
   17219.583     0.700000        97408         3.33
   17940.479     0.750000       104338         4.00
   18333.695     0.775000       107786         4.44
   18710.527     0.800000       111259         5.00
   19070.975     0.825000       114784         5.71
   19447.807     0.850000       118200         6.67
   19841.023     0.875000       121668         8.00
   20021.247     0.887500       123431         8.89
   20201.471     0.900000       125198        10.00
   20381.695     0.912500       126942        11.43
   20561.919     0.925000       128698        13.33
   20742.143     0.937500       130408        16.00
   20824.063     0.943750       131178        17.78
   20922.367     0.950000       132051        20.00
   21020.671     0.956250       132966        22.86
   21118.975     0.962500       133893        26.67
   21200.895     0.968750       134693        32.00
   21250.047     0.971875       135171        35.56
   21299.199     0.975000       135634        40.00
   21331.967     0.978125       135932        45.71
   21381.119     0.981250       136399        53.33
   21430.271     0.984375       136851        64.00
   21463.039     0.985938       137142        71.11
   21479.423     0.987500       137291        80.00
   21512.191     0.989062       137596        91.43
   21528.575     0.990625       137741       106.67
   21544.959     0.992188       137898       128.00
   21561.343     0.992969       138053       142.22
   21577.727     0.993750       138206       160.00
   21577.727     0.994531       138206       182.86
   21594.111     0.995313       138354       213.33
   21610.495     0.996094       138508       256.00
   21610.495     0.996484       138508       284.44
   21626.879     0.996875       138652       320.00
   21626.879     0.997266       138652       365.71
   21626.879     0.997656       138652       426.67
   21643.263     0.998047       138799       512.00
   21643.263     0.998242       138799       568.89
   21643.263     0.998437       138799       640.00
   21643.263     0.998633       138799       731.43
   21643.263     0.998828       138799       853.33
   21659.647     0.999023       138904      1024.00
   21659.647     0.999121       138904      1137.78
   21659.647     0.999219       138904      1280.00
   21659.647     0.999316       138904      1462.86
   21659.647     0.999414       138904      1706.67
   21659.647     0.999512       138904      2048.00
   21659.647     0.999561       138904      2275.56
   21676.031     0.999609       138949      2560.00
   21676.031     0.999658       138949      2925.71
   21676.031     0.999707       138949      3413.33
   21676.031     0.999756       138949      4096.00
   21676.031     0.999780       138949      4551.11
   21676.031     0.999805       138949      5120.00
   21676.031     0.999829       138949      5851.43
   21676.031     0.999854       138949      6826.67
   21676.031     0.999878       138949      8192.00
   21676.031     0.999890       138949      9102.22
   21676.031     0.999902       138949     10240.00
   21676.031     0.999915       138949     11702.86
   21676.031     0.999927       138949     13653.33
   21692.415     0.999939       138959     16384.00
   21692.415     1.000000       138959          inf
#[Mean    =    14421.109, StdDeviation   =     4121.195]
#[Max     =    21676.032, Total count    =       138959]
#[Buckets =           27, SubBuckets     =         2048]
----------------------------------------------------------
  207637 requests in 30.00s, 49.50MB read
Requests/sec:   6920.19
Transfer/sec:      1.65MB
WRKX_RESULT {"durationUs":30004533,"requests":207637,"responses":207637,"errors":0,"bytes":51909250,"latencyAvgUs":14421108.969,"latencyP95Us":20922367.000,"latencyP99Us":21512191.000}
