Running 30s test @ http://localhost:9991/
  16 threads and 256 connections
  Thread calibration: mean lat.: 3.868ms, rate sampling interval: 10ms
  Thread calibration: mean lat.: 3.811ms, rate sampling interval: 11ms
  Thread calibration: mean lat.: 3.798ms, rate sampling interval: 11ms
  Thread calibration: mean lat.: 3.825ms, rate sampling interval: 11ms
  Thread calibration: mean lat.: 3.835ms, rate sampling interval: 11ms
  Thread calibration: mean lat.: 3.751ms, rate sampling interval: 11ms
  Thread calibration: mean lat.: 3.964ms, rate sampling interval: 12ms
  Thread calibration: mean lat.: 3.817ms, rate sampling interval: 11ms
  Thread calibration: mean lat.: 3.803ms, rate sampling interval: 11ms
  Thread calibration: mean lat.: 3.750ms, rate sampling interval: 11ms
  Thread calibration: mean lat.: 3.869ms, rate sampling interval: 11ms
  Thread calibration: mean lat.: 3.834ms, rate sampling interval: 11ms
  Thread calibration: mean lat.: 3.917ms, rate sampling interval: 12ms
  Thread calibration: mean lat.: 3.764ms, rate sampling interval: 11ms
  Thread calibration: mean lat.: 3.791ms, rate sampling interval: 10ms
  Thread calibration: mean lat.: 3.960ms, rate sampling interval: 12ms
  Thread Stats   Avg      Stdev     Max   +/- Stdev
    Latency     3.86ms    1.36ms  14.04ms   77.42%
    Req/Sec   163.46    198.01     1.67k    90.24%
  Latency Distribution (HdrHistogram - Recorded Latency)
 50.000%    3.49ms
 75.000%    4.40ms
 90.000%    5.76ms
 99.000%    8.32ms
 99.900%   10.78ms
 99.990%   12.47ms
 99.999%   14.05ms
100.000%   14.05ms

  Detailed Percentile spectrum:
       Value   Percentile   TotalCount 1/(1-Percentile)

       1.550     0.000000            1         1.00
       2.563     0.100000         4993         1.11
       2.829     0.200000         9967         1.25
       3.043     0.300000        14970         1.43
       3.257     0.400000        19936         1.67
       3.489     0.500000        24905         2.00
       3.617     0.550000        27419         2.22
       3.763     0.600000        29889         2.50
       3.935     0.650000        32389         2.86
       4.143     0.700000        34872         3.33
       4.403     0.750000        37378         4.00
       4.547     0.775000        38606         4.44
       4.715     0.800000        39865         5.00
       4.919     0.825000        41085         5.71
       5.159     0.850000        42338         6.67
       5.431     0.875000        43585         8.00
       5.575     0.887500        44204         8.89
       5.763     0.900000        44823        10.00
       5.959     0.912500        45450        11.43
       6.163     0.925000        46071        13.33
       6.415     0.937500        46697        16.00
       6.547     0.943750        46997        17.78
       6.687     0.950000        47309        20.00
       6.875     0.956250        47626        22.86
       7.059     0.962500        47930        26.67
       7.271     0.968750        48247        32.00
       7.375     0.971875        48402        35.56
       7.467     0.975000        48557        40.00
       7.595     0.978125        48708        45.71
       7.735     0.981250        48868        53.33
       7.903     0.984375        49019        64.00
       8.015     0.985938        49099        71.11
       8.119     0.987500        49176        80.00
       8.239     0.989062        49260        91.43
       8.391     0.990625        49332       106.67
       8.615     0.992188        49409       128.00
       8.727     0.992969        49448       142.22
       8.911     0.993750        49486       160.00
       9.079     0.994531        49527       182.86
       9.303     0.995313        49564       213.33
       9.431     0.996094        49603       256.00
       9.551     0.996484        49624       284.44
       9.631     0.996875        49642       320.00
       9.815     0.997266        49661       365.71
       9.975     0.997656        49681       426.67
      10.079     0.998047        49700       512.00
      10.191     0.998242        49710       568.89
      10.351     0.998437        49720       640.00
      10.463     0.998633        49730       731.43
      10.583     0.998828        49739       853.33
      10.895     0.999023        49749      1024.00
      10.999     0.999121        49754      1137.78
      11.079     0.999219        49759      1280.00
      11.119     0.999316        49764      1462.86
      11.143     0.999414        49768      1706.67
      11.415     0.999512        49773      2048.00
      11.559     0.999561        49776      2275.56
      11.671     0.999609        49778      2560.00
      11.767     0.999658        49780      2925.71
      11.911     0.999707        49783      3413.33
      12.015     0.999756        49785      4096.00
      12.199     0.999780        49787      4551.11
      12.223     0.999805        49788      5120.00
      12.231     0.999829        49789      5851.43
      12.295     0.999854        49790      6826.67
      12.471     0.999878        49792      8192.00
      12.471     0.999890        49792      9102.22
      12.567     0.999902        49793     10240.00
      12.567     0.999915        49793     11702.86
      12.879     0.999927        49794     13653.33
      12.879     0.999939        49794     16384.00
      12.887     0.999945        49795     18204.44
      12.887     0.999951        49795     20480.00
      12.887     0.999957        49795     23405.71
      13.111     0.999963        49796     27306.67
      13.111     0.999969        49796     32768.00
      13.111     0.999973        49796     36408.89
      13.111     0.999976        49796     40960.00
      13.111     0.999979        49796     46811.43
      14.047     0.999982        49797     54613.33
      14.047     1.000000        49797          inf
#[Mean    =        3.860, StdDeviation   =        1.360]
#[Max     =       14.040, Total count    =        49797]
#[Buckets =           27, SubBuckets     =         2048]
----------------------------------------------------------
  74734 requests in 30.08s, 17.82MB read
Requests/sec:   2484.30
Transfer/sec:    606.52KB
WRKX_RESULT {"durationUs":30082532,"requests":74734,"responses":74734,"errors":0,"bytes":18683500,"latencyAvgUs":3859.878,"latencyP95Us":6687.000,"latencyP99Us":8319.000}
