Running 30s test @ http://localhost:9991/postgres/orders
  16 threads and 256 connections
  Thread calibration: mean lat.: 4153.913ms, rate sampling interval: 14983ms
  Thread calibration: mean lat.: 4152.005ms, rate sampling interval: 14974ms
  Thread calibration: mean lat.: 4153.895ms, rate sampling interval: 14983ms
  Thread calibration: mean lat.: 4154.801ms, rate sampling interval: 14974ms
  Thread calibration: mean lat.: 4152.158ms, rate sampling interval: 14974ms
  Thread calibration: mean lat.: 4148.180ms, rate sampling interval: 14966ms
  Thread calibration: mean lat.: 4155.615ms, rate sampling interval: 14983ms
  Thread calibration: mean lat.: 4159.344ms, rate sampling interval: 14991ms
  Thread calibration: mean lat.: 4146.010ms, rate sampling interval: 14974ms
  Thread calibration: mean lat.: 4151.933ms, rate sampling interval: 14983ms
  Thread calibration: mean lat.: 4150.452ms, rate sampling interval: 14974ms
  Thread calibration: mean lat.: 4162.414ms, rate sampling interval: 14983ms
  Thread calibration: mean lat.: 4159.301ms, rate sampling interval: 14991ms
  Thread calibration: mean lat.: 4152.611ms, rate sampling interval: 14974ms
  Thread calibration: mean lat.: 4158.474ms, rate sampling interval: 14991ms
  Thread calibration: mean lat.: 4152.369ms, rate sampling interval: 14966ms
  Thread Stats   Avg      Stdev     Max   +/- Stdev
    Latency    16.61s     4.76s   24.89s    57.66%
    Req/Sec   212.19      0.39   213.00    100.00%
  Latency Distribution (HdrHistogram - Recorded Latency)
 50.000%   16.63s 
 75.000%   20.76s 
 90.000%   23.23s 
 99.000%   24.69s 
 99.900%   24.84s 
 99.990%   24.87s 
 99.999%   24.89s 
100.000%   24.90s 

  Detailed Percentile spectrum:
       Value   Percentile   TotalCount 1/(1-Percentile)

    8318.975     0.000000            3         1.00
   10018.815     0.100000         6819         1.11
   11665.407     0.200000        13615         1.25
   13320.191     0.300000        20426         1.43
   14991.359     0.400000        27224         1.67
   16629.759     0.500000        34012         2.00
   17448.959     0.550000        37447         2.22
   18284.543     0.600000        40854         2.50
   19103.743     0.650000        44216         2.86
   19939.327     0.700000        47595         3.33
   20758.527     0.750000        51002         4.00
   21168.127     0.775000        52746         4.44
   21561.343     0.800000        54452         5.00
   21938.175     0.825000        56137         5.71
   22364.159     0.850000        57810         6.67
   22790.143     0.875000        59521         8.00
   23003.135     0.887500        60347         8.89
   23232.511     0.900000        61246        10.00
   23412.735     0.912500        62077        11.43
   23625.727     0.925000        62937        13.33
   23838.719     0.937500        63802        16.00
   23937.023     0.943750        64190        17.78
   24035.327     0.950000        64596        20.00
   24133.631     0.956250        65046        22.86
   24231.935     0.962500        65496        26.67
   24330.239     0.968750        65922        32.00
   24379.391     0.971875        66134        35.56
   24428.543     0.975000        66337        40.00
   24477.695     0.978125        66525        45.71
   24526.847     0.981250        66726        53.33
   24592.383     0.984375        66967        64.00
   24625.151     0.985938        67102        71.11
   24641.535     0.987500        67166        80.00
   24674.303     0.989062        67293        91.43
   24690.687     0.990625        67359       106.67
   24723.455     0.992188        67483       128.00
   24739.839     0.992969        67554       142.22
   24756.223     0.993750        67627       160.00
   24756.223     0.994531        67627       182.86
   24772.607     0.995313        67683       213.33
   24788.991     0.996094        67742       256.00
   24805.375     0.996484        67808       284.44
   24805.375     0.996875        67808       320.00
   24805.375     0.997266        67808       365.71
   24821.759     0.997656        67882       426.67
   24821.759     0.998047        67882       512.00
   24821.759     0.998242        67882       568.89
   24838.143     0.998437        67937       640.00
   24838.143     0.998633        67937       731.43
   24838.143     0.998828        67937       853.33
   24838.143     0.999023        67937      1024.00
   24838.143     0.999121        67937      1137.78
   24854.527     0.999219        67980      1280.00
   24854.527     0.999316        67980      1462.86
   24854.527     0.999414        67980      1706.67
   24854.527     0.999512        67980      2048.00
   24854.527     0.999561        67980      2275.56
   24854.527     0.999609        67980      2560.00
   24854.527     0.999658        67980      2925.71
   24854.527     0.999707        67980      3413.33
   24854.527     0.999756        67980      4096.00
   24854.527     0.999780        67980      4551.11
   24854.527     0.999805        67980      5120.00
   24870.911     0.999829        67990      5851.43
   24870.911     0.999854        67990      6826.67
   24870.911     0.999878        67990      8192.00
   24870.911     0.999890        67990      9102.22
   24870.911     0.999902        67990     10240.00
   24870.911     0.999915        67990     11702.86
   24870.911     0.999927        67990     13653.33
   24870.911     0.999939        67990     16384.00
   24870.911     0.999945        67990     18204.44
   24870.911     0.999951        67990     20480.00
   24870.911     0.999957        67990     23405.71
   24870.911     0.999963        67990     27306.67
   24870.911     0.999969        67990     32768.00
   24887.295     0.999973        67991     36408.89
   24887.295     0.999976        67991     40960.00
   24887.295     0.999979        67991     46811.43
   24887.295     0.999982        67991     54613.33
   24887.295     0.999985        67991     65536.00
   24903.679     0.999986        67992     72817.78
   24903.679     1.000000        67992          inf
#[Mean    =    16609.926, StdDeviation   =     4760.636]
#[Max     =    24887.296, Total count    =        67992]
#[Buckets =           27, SubBuckets     =         2048]
----------------------------------------------------------
  102282 requests in 30.01s, 1.37GB read
Requests/sec:   3408.39
Transfer/sec:     46.81MB
WRKX_RESULT {"durationUs":30008878,"requests":102282,"responses":102282,"errors":0,"bytes":1472860800,"latencyAvgUs":16609925.949,"latencyP95Us":24035327.000,"latencyP99Us":24690687.000}
