Running 30s test @ http://localhost:9991/postgres/orders
  16 threads and 256 connections
  Thread calibration: mean lat.: 4869.863ms, rate sampling interval: 17694ms
  Thread calibration: mean lat.: 4878.059ms, rate sampling interval: 17711ms
  Thread calibration: mean lat.: 4879.936ms, rate sampling interval: 17727ms
  Thread calibration: mean lat.: 4883.974ms, rate sampling interval: 17727ms
  Thread calibration: mean lat.: 4885.104ms, rate sampling interval: 17743ms
  Thread calibration: mean lat.: 4878.488ms, rate sampling interval: 17743ms
  Thread calibration: mean lat.: 4880.669ms, rate sampling interval: 17743ms
  Thread calibration: mean lat.: 4868.323ms, rate sampling interval: 17711ms
  Thread calibration: mean lat.: 4879.265ms, rate sampling interval: 17694ms
  Thread calibration: mean lat.: 4875.670ms, rate sampling interval: 17727ms
  Thread calibration: mean lat.: 4883.451ms, rate sampling interval: 17760ms
  Thread calibration: mean lat.: 4891.201ms, rate sampling interval: 17760ms
  Thread calibration: mean lat.: 4873.581ms, rate sampling interval: 17727ms
  Thread calibration: mean lat.: 4885.031ms, rate sampling interval: 17727ms
  Thread calibration: mean lat.: 4886.941ms, rate sampling interval: 17760ms
  Thread calibration: mean lat.: 4882.463ms, rate sampling interval: 17743ms
  Thread Stats   Avg      Stdev     Max   +/- Stdev
    Latency    19.73s     5.66s   29.51s    57.63%
    Req/Sec   200.00      0.00   200.00    100.00%
  Latency Distribution (HdrHistogram - Recorded Latency)
 50.000%   19.78s 
 75.000%   24.64s 
 90.000%   27.57s 
 99.000%   29.29s 
 99.900%   29.47s 
 99.990%   29.51s 
 99.999%   29.52s 
100.000%   29.52s 

  Detailed Percentile spectrum:
       Value   Percentile   TotalCount 1/(1-Percentile)

    9863.167     0.000000            2         1.00
   11870.207     0.100000         6434         1.11
   13819.903     0.200000        12809         1.25
   15843.327     0.300000        19230         1.43
   17809.407     0.400000        25652         1.67
   19775.487     0.500000        32029         2.00
   20758.527     0.550000        35252         2.22
   21725.183     0.600000        38449         2.50
   22675.455     0.650000        41625         2.86
   23642.111     0.700000        44846         3.33
   24641.535     0.750000        48040         4.00
   25133.055     0.775000        49638         4.44
   25608.191     0.800000        51201         5.00
   26099.711     0.825000        52822         5.71
   26607.615     0.850000        54456         6.67
   27082.751     0.875000        56019         8.00
   27328.511     0.887500        56837         8.89
   27574.271     0.900000        57643        10.00
   27803.647     0.912500        58431        11.43
   28049.407     0.925000        59219        13.33
   28295.167     0.937500        60025        16.00
   28409.855     0.943750        60412        17.78
   28540.927     0.950000        60849        20.00
   28655.615     0.956250        61233        22.86
   28770.303     0.962500        61629        26.67
   28901.375     0.968750        62055        32.00
   28950.527     0.971875        62215        35.56
   29016.063     0.975000        62442        40.00
   29065.215     0.978125        62608        45.71
   29130.751     0.981250        62830        53.33
   29196.287     0.984375        63048        64.00
   29212.671     0.985938        63107        71.11
   29245.439     0.987500        63224        80.00
   29278.207     0.989062        63332        91.43
   29310.975     0.990625        63451       106.67
   29327.359     0.992188        63501       128.00
   29343.743     0.992969        63550       142.22
   29360.127     0.993750        63609       160.00
   29376.511     0.994531        63667       182.86
   29392.895     0.995313        63715       213.33
   29409.279     0.996094        63760       256.00
   29425.663     0.996484        63815       284.44
   29425.663     0.996875        63815       320.00
   29442.047     0.997266        63872       365.71
   29442.047     0.997656        63872       426.67
   29458.431     0.998047        63928       512.00
   29458.431     0.998242        63928       568.89
   29458.431     0.998437        63928       640.00
   29458.431     0.998633        63928       731.43
   29458.431     0.998828        63928       853.33
   29474.815     0.999023        63962      1024.00
   29474.815     0.999121        63962      1137.78
   29474.815     0.999219        63962      1280.00
   29474.815     0.999316        63962      1462.86
   29474.815     0.999414        63962      1706.67
   29491.199     0.999512        63981      2048.00
   29491.199     0.999561        63981      2275.56
   29491.199     0.999609        63981      2560.00
   29491.199     0.999658        63981      2925.71
   29491.199     0.999707        63981      3413.33
   29507.583     0.999756        63994      4096.00
   29507.583     0.999780        63994      4551.11
   29507.583     0.999805        63994      5120.00
   29507.583     0.999829        63994      5851.43
   29507.583     0.999854        63994      6826.67
   29507.583     0.999878        63994      8192.00
   29507.583     0.999890        63994      9102.22
   29507.583     0.999902        63994     10240.00
   29507.583     0.999915        63994     11702.86
   29507.583     0.999927        63994     13653.33
   29523.967     0.999939        63998     16384.00
   29523.967     1.000000        63998          inf
#[Mean    =    19729.393, StdDeviation   =     5657.169]
#[Max     =    29507.584, Total count    =        63998]
#[Buckets =           27, SubBuckets     =         2048]
----------------------------------------------------------
  95806 requests in 30.02s, 1.28GB read
Requests/sec:   3191.73
Transfer/sec:     43.83MB
WRKX_RESULT {"durationUs":30016958,"requests":95806,"responses":95806,"errors":0,"bytes":1379606400,"latencyAvgUs":19729393.056,"latencyP95Us":28540927.000,"latencyP99Us":29294591.000}
