Running 30s test @ http://localhost:9991/postgres/orders
  16 threads and 256 connections
  Thread calibration: mean lat.: 3914.038ms, rate sampling interval: 14024ms
  Thread calibration: mean lat.: 3920.966ms, rate sampling interval: 14057ms
  Thread calibration: mean lat.: 3921.241ms, rate sampling interval: 14057ms
  Thread calibration: mean lat.: 3920.278ms, rate sampling interval: 14057ms
  Thread calibration: mean lat.: 3921.560ms, rate sampling interval: 14065ms
  Thread calibration: mean lat.: 3917.826ms, rate sampling interval: 14057ms
  Thread calibration: mean lat.: 3931.219ms, rate sampling interval: 14082ms
  Thread calibration: mean lat.: 3912.540ms, rate sampling interval: 14041ms
  Thread calibration: mean lat.: 3919.744ms, rate sampling interval: 14049ms
  Thread calibration: mean lat.: 3916.454ms, rate sampling interval: 14049ms
  Thread calibration: mean lat.: 3917.425ms, rate sampling interval: 14049ms
  Thread calibration: mean lat.: 3916.202ms, rate sampling interval: 14057ms
  Thread calibration: mean lat.: 3919.204ms, rate sampling interval: 14041ms
  Thread calibration: mean lat.: 3915.922ms, rate sampling interval: 14041ms
  Thread calibration: mean lat.: 3924.494ms, rate sampling interval: 14065ms
  Thread calibration: mean lat.: 3920.265ms, rate sampling interval: 14057ms
  Thread Stats   Avg      Stdev     Max   +/- Stdev
    Latency    15.47s     4.47s   23.25s    57.47%
    Req/Sec   210.00      0.00   210.00    100.00%
  Latency Distribution (HdrHistogram - Recorded Latency)
 50.000%   15.48s 
 75.000%   19.37s 
 90.000%   21.69s 
 99.000%   23.07s 
 99.900%   23.23s 
 99.990%   23.25s 
 99.999%   23.27s 
100.000%   23.27s 

  Detailed Percentile spectrum:
       Value   Percentile   TotalCount 1/(1-Percentile)

    7753.727     0.000000            2         1.00
    9281.535     0.100000         6710         1.11
   10797.055     0.200000        13400         1.25
   12419.071     0.300000        20073         1.43
   13950.975     0.400000        26769         1.67
   15482.879     0.500000        33428         2.00
   16228.351     0.550000        36764         2.22
   17006.591     0.600000        40122         2.50
   17793.023     0.650000        43502         2.86
   18579.455     0.700000        46829         3.33
   19365.887     0.750000        50165         4.00
   19742.719     0.775000        51835         4.44
   20152.319     0.800000        53522         5.00
   20529.151     0.825000        55185         5.71
   20922.367     0.850000        56832         6.67
   21299.199     0.875000        58523         8.00
   21495.807     0.887500        59364         8.89
   21692.415     0.900000        60204        10.00
   21856.255     0.912500        61018        11.43
   22052.863     0.925000        61878        13.33
   22249.471     0.937500        62717        16.00
   22347.775     0.943750        63105        17.78
   22446.079     0.950000        63513        20.00
   22544.383     0.956250        63920        22.86
   22642.687     0.962500        64361        26.67
   22724.607     0.968750        64759        32.00
   22773.759     0.971875        64974        35.56
   22839.295     0.975000        65239        40.00
   22888.447     0.978125        65434        45.71
   22937.599     0.981250        65645        53.33
   22986.751     0.984375        65845        64.00
   23003.135     0.985938        65908        71.11
   23035.903     0.987500        66045        80.00
   23052.287     0.989062        66119        91.43
   23085.055     0.990625        66250       106.67
   23117.823     0.992188        66382       128.00
   23117.823     0.992969        66382       142.22
   23134.207     0.993750        66436       160.00
   23150.591     0.994531        66493       182.86
   23166.975     0.995313        66563       213.33
   23183.359     0.996094        66628       256.00
   23183.359     0.996484        66628       284.44
   23199.743     0.996875        66686       320.00
   23199.743     0.997266        66686       365.71
   23199.743     0.997656        66686       426.67
   23216.127     0.998047        66750       512.00
   23216.127     0.998242        66750       568.89
   23216.127     0.998437        66750       640.00
   23216.127     0.998633        66750       731.43
   23232.511     0.998828        66810       853.33
   23232.511     0.999023        66810      1024.00
   23232.511     0.999121        66810      1137.78
   23232.511     0.999219        66810      1280.00
   23232.511     0.999316        66810      1462.86
   23232.511     0.999414        66810      1706.67
   23232.511     0.999512        66810      2048.00
   23248.895     0.999561        66833      2275.56
   23248.895     0.999609        66833      2560.00
   23248.895     0.999658        66833      2925.71
   23248.895     0.999707        66833      3413.33
   23248.895     0.999756        66833      4096.00
   23248.895     0.999780        66833      4551.11
   23248.895     0.999805        66833      5120.00
   23248.895     0.999829        66833      5851.43
   23248.895     0.999854        66833      6826.67
   23248.895     0.999878        66833      8192.00
   23248.895     0.999890        66833      9102.22
   23265.279     0.999902        66840     10240.00
   23265.279     1.000000        66840          inf
#[Mean    =    15469.541, StdDeviation   =     4472.741]
#[Max     =    23248.896, Total count    =        66840]
#[Buckets =           27, SubBuckets     =         2048]
----------------------------------------------------------
  101018 requests in 30.02s, 1.35GB read
Requests/sec:   3365.19
Transfer/sec:     46.21MB
WRKX_RESULT {"durationUs":30018527,"requests":101018,"responses":101018,"errors":0,"bytes":1454659200,"latencyAvgUs":15469540.516,"latencyP95Us":22446079.000,"latencyP99Us":23068671.000}
