Running 30s test @ http://localhost:9991/postgres/orders
  16 threads and 256 connections
  Thread calibration: mean lat.: 3280.784ms, rate sampling interval: 11886ms
  Thread calibration: mean lat.: 3283.097ms, rate sampling interval: 11894ms
  Thread calibration: mean lat.: 3290.622ms, rate sampling interval: 11902ms
  Thread calibration: mean lat.: 3292.810ms, rate sampling interval: 11911ms
  Thread calibration: mean lat.: 3286.829ms, rate sampling interval: 11886ms
  Thread calibration: mean lat.: 3282.946ms, rate sampling interval: 11886ms
  Thread calibration: mean lat.: 3285.515ms, rate sampling interval: 11902ms
  Thread calibration: mean lat.: 3284.732ms, rate sampling interval: 11894ms
  Thread calibration: mean lat.: 3290.186ms, rate sampling interval: 11902ms
  Thread calibration: mean lat.: 3281.225ms, rate sampling interval: 11894ms
  Thread calibration: mean lat.: 3291.709ms, rate sampling interval: 11902ms
  Thread calibration: mean lat.: 3284.146ms, rate sampling interval: 11886ms
  Thread calibration: mean lat.: 3289.454ms, rate sampling interval: 11902ms
  Thread calibration: mean lat.: 3285.539ms, rate sampling interval: 11911ms
  Thread calibration: mean lat.: 3031.888ms, rate sampling interval: 10829ms
  Thread calibration: mean lat.: 3291.002ms, rate sampling interval: 11919ms
  Thread Stats   Avg      Stdev     Max   +/- Stdev
    Latency    13.25s     3.82s   19.87s    57.55%
    Req/Sec   209.31      0.46   210.00    100.00%
  Latency Distribution (HdrHistogram - Recorded Latency)
 50.000%   13.26s 
 75.000%   16.59s 
 90.000%   18.53s 
 99.000%   19.71s 
 99.900%   19.84s 
 99.990%   19.87s 
 99.999%   19.87s 
100.000%   19.89s 

  Detailed Percentile spectrum:
       Value   Percentile   TotalCount 1/(1-Percentile)

    6049.791     0.000000            2         1.00
    7954.431     0.100000         6739         1.11
    9297.919     0.200000        13472         1.25
   10608.639     0.300000        20160         1.43
   11952.127     0.400000        26899         1.67
   13262.847     0.500000        33615         2.00
   13942.783     0.550000        36996         2.22
   14581.759     0.600000        40328         2.50
   15253.503     0.650000        43715         2.86
   15917.055     0.700000        47051         3.33
   16588.799     0.750000        50436         4.00
   16908.287     0.775000        52114         4.44
   17268.735     0.800000        53783         5.00
   17580.031     0.825000        55459         5.71
   17907.711     0.850000        57131         6.67
   18202.623     0.875000        58803         8.00
   18366.463     0.887500        59677         8.89
   18530.303     0.900000        60522        10.00
   18677.759     0.912500        61405        11.43
   18825.215     0.925000        62215        13.33
   18989.055     0.937500        63039        16.00
   19087.359     0.943750        63495        17.78
   19169.279     0.950000        63880        20.00
   19251.199     0.956250        64324        22.86
   19316.735     0.962500        64710        26.67
   19398.655     0.968750        65140        32.00
   19447.807     0.971875        65368        35.56
   19480.575     0.975000        65527        40.00
   19529.727     0.978125        65738        45.71
   19578.879     0.981250        65959        53.33
   19628.031     0.984375        66182        64.00
   19644.415     0.985938        66260        71.11
   19677.183     0.987500        66415        80.00
   19693.567     0.989062        66483        91.43
   19726.335     0.990625        66636       106.67
   19742.719     0.992188        66708       128.00
   19759.103     0.992969        66778       142.22
   19775.487     0.993750        66862       160.00
   19775.487     0.994531        66862       182.86
   19791.871     0.995313        66941       213.33
   19791.871     0.996094        66941       256.00
   19808.255     0.996484        67004       284.44
   19808.255     0.996875        67004       320.00
   19824.639     0.997266        67090       365.71
   19824.639     0.997656        67090       426.67
   19824.639     0.998047        67090       512.00
   19824.639     0.998242        67090       568.89
   19841.023     0.998437        67161       640.00
   19841.023     0.998633        67161       731.43
   19841.023     0.998828        67161       853.33
   19841.023     0.999023        67161      1024.00
   19841.023     0.999121        67161      1137.78
   19841.023     0.999219        67161      1280.00
   19841.023     0.999316        67161      1462.86
   19841.023     0.999414        67161      1706.67
   19857.407     0.999512        67188      2048.00
   19857.407     0.999561        67188      2275.56
   19857.407     0.999609        67188      2560.00
   19857.407     0.999658        67188      2925.71
   19857.407     0.999707        67188      3413.33
   19857.407     0.999756        67188      4096.00
   19857.407     0.999780        67188      4551.11
   19857.407     0.999805        67188      5120.00
   19857.407     0.999829        67188      5851.43
   19873.791     0.999854        67197      6826.67
   19873.791     0.999878        67197      8192.00
   19873.791     0.999890        67197      9102.22
   19873.791     0.999902        67197     10240.00
   19873.791     0.999915        67197     11702.86
   19873.791     0.999927        67197     13653.33
   19873.791     0.999939        67197     16384.00
   19873.791     0.999945        67197     18204.44
   19873.791     0.999951        67197     20480.00
   19873.791     0.999957        67197     23405.71
   19873.791     0.999963        67197     27306.67
   19873.791     0.999969        67197     32768.00
   19873.791     0.999973        67197     36408.89
   19873.791     0.999976        67197     40960.00
   19873.791     0.999979        67197     46811.43
   19873.791     0.999982        67197     54613.33
   19873.791     0.999985        67197     65536.00
   19890.175     0.999986        67198     72817.78
   19890.175     1.000000        67198          inf
#[Mean    =    13246.983, StdDeviation   =     3820.256]
#[Max     =    19873.792, Total count    =        67198]
#[Buckets =           27, SubBuckets     =         2048]
----------------------------------------------------------
  101031 requests in 30.03s, 1.35GB read
Requests/sec:   3364.02
Transfer/sec:     46.20MB
WRKX_RESULT {"durationUs":30032845,"requests":101031,"responses":101031,"errors":0,"bytes":1454846400,"latencyAvgUs":13246983.116,"latencyP95Us":19169279.000,"latencyP99Us":19709951.000}
