Running 30s test @ http://localhost:9991/postgres/orders
  16 threads and 256 connections
  Thread calibration: mean lat.: 4421.321ms, rate sampling interval: 16031ms
  Thread calibration: mean lat.: 4409.992ms, rate sampling interval: 15998ms
  Thread calibration: mean lat.: 4417.341ms, rate sampling interval: 16023ms
  Thread calibration: mean lat.: 4419.806ms, rate sampling interval: 16007ms
  Thread calibration: mean lat.: 4408.190ms, rate sampling interval: 15974ms
  Thread calibration: mean lat.: 4407.047ms, rate sampling interval: 15990ms
  Thread calibration: mean lat.: 4411.769ms, rate sampling interval: 15982ms
  Thread calibration: mean lat.: 4421.022ms, rate sampling interval: 16015ms
  Thread calibration: mean lat.: 4419.103ms, rate sampling interval: 16015ms
  Thread calibration: mean lat.: 4419.628ms, rate sampling interval: 16015ms
  Thread calibration: mean lat.: 4417.500ms, rate sampling interval: 16015ms
  Thread calibration: mean lat.: 4418.972ms, rate sampling interval: 16015ms
  Thread calibration: mean lat.: 4413.357ms, rate sampling interval: 16015ms
  Thread calibration: mean lat.: 4418.136ms, rate sampling interval: 16007ms
  Thread calibration: mean lat.: 4417.297ms, rate sampling interval: 15998ms
  Thread calibration: mean lat.: 4424.750ms, rate sampling interval: 16039ms
  Thread Stats   Avg      Stdev     Max   +/- Stdev
    Latency    17.74s     5.10s   26.59s    57.78%
    Req/Sec   210.00      0.00   210.00    100.00%
  Latency Distribution (HdrHistogram - Recorded Latency)
 50.000%   17.76s 
 75.000%   22.17s 
 90.000%   24.84s 
 99.000%   26.43s 
 99.900%   26.57s 
 99.990%   26.61s 
 99.999%   26.61s 
100.000%   26.61s 

  Detailed Percentile spectrum:
       Value   Percentile   TotalCount 1/(1-Percentile)

    8880.127     0.000000            1         1.00
   10706.943     0.100000         6729         1.11
   12451.839     0.200000        13420         1.25
   14204.927     0.300000        20134         1.43
   15966.207     0.400000        26855         1.67
   17760.255     0.500000        33572         2.00
   18644.991     0.550000        36967         2.22
   19513.343     0.600000        40282         2.50
   20381.695     0.650000        43640         2.86
   21282.815     0.700000        47022         3.33
   22167.551     0.750000        50358         4.00
   22609.919     0.775000        52062         4.44
   23052.287     0.800000        53692         5.00
   23494.655     0.825000        55412         5.71
   23937.023     0.850000        57044         6.67
   24395.775     0.875000        58750         8.00
   24625.151     0.887500        59605         8.89
   24838.143     0.900000        60405        10.00
   25051.135     0.912500        61276        11.43
   25280.511     0.925000        62114        13.33
   25509.887     0.937500        62948        16.00
   25608.191     0.943750        63323        17.78
   25739.263     0.950000        63792        20.00
   25837.567     0.956250        64204        22.86
   25935.871     0.962500        64590        26.67
   26050.559     0.968750        65023        32.00
   26099.711     0.971875        65220        35.56
   26165.247     0.975000        65453        40.00
   26214.399     0.978125        65632        45.71
   26279.935     0.981250        65878        53.33
   26329.087     0.984375        66062        64.00
   26361.855     0.985938        66204        71.11
   26378.239     0.987500        66267        80.00
   26411.007     0.989062        66407        91.43
   26427.391     0.990625        66473       106.67
   26460.159     0.992188        66587       128.00
   26476.543     0.992969        66670       142.22
   26492.927     0.993750        66727       160.00
   26509.311     0.994531        66788       182.86
   26509.311     0.995313        66788       213.33
   26525.695     0.996094        66834       256.00
   26542.079     0.996484        66913       284.44
   26542.079     0.996875        66913       320.00
   26542.079     0.997266        66913       365.71
   26558.463     0.997656        66981       426.67
   26558.463     0.998047        66981       512.00
   26558.463     0.998242        66981       568.89
   26574.847     0.998437        67033       640.00
   26574.847     0.998633        67033       731.43
   26574.847     0.998828        67033       853.33
   26574.847     0.999023        67033      1024.00
   26591.231     0.999121        67064      1137.78
   26591.231     0.999219        67064      1280.00
   26591.231     0.999316        67064      1462.86
   26591.231     0.999414        67064      1706.67
   26591.231     0.999512        67064      2048.00
   26607.615     0.999561        67096      2275.56
   26607.615     1.000000        67096          inf
#[Mean    =    17740.583, StdDeviation   =     5102.882]
#[Max     =    26591.232, Total count    =        67096]
#[Buckets =           27, SubBuckets     =         2048]
----------------------------------------------------------
  101286 requests in 30.01s, 1.36GB read
Requests/sec:   3375.01
Transfer/sec:     46.35MB
WRKX_RESULT {"durationUs":30010582,"requests":101286,"responses":101286,"errors":0,"bytes":1458518400,"latencyAvgUs":17740583.467,"latencyP95Us":25739263.000,"latencyP99Us":26427391.000}
