Running 30s test @ http://localhost:9991/postgres/orders
  16 threads and 256 connections
  Thread calibration: mean lat.: 4267.228ms, rate sampling interval: 15581ms
  Thread calibration: mean lat.: 4278.413ms, rate sampling interval: 15597ms
  Thread calibration: mean lat.: 4270.117ms, rate sampling interval: 15572ms
  Thread calibration: mean lat.: 4266.427ms, rate sampling interval: 15556ms
  Thread calibration: mean lat.: 4269.713ms, rate sampling interval: 15564ms
  Thread calibration: mean lat.: 4270.475ms, rate sampling interval: 15589ms
  Thread calibration: mean lat.: 4277.942ms, rate sampling interval: 15589ms
  Thread calibration: mean lat.: 4275.643ms, rate sampling interval: 15581ms
  Thread calibration: mean lat.: 4277.112ms, rate sampling interval: 15581ms
  Thread calibration: mean lat.: 4273.593ms, rate sampling interval: 15556ms
  Thread calibration: mean lat.: 4271.157ms, rate sampling interval: 15556ms
  Thread calibration: mean lat.: 4272.863ms, rate sampling interval: 15564ms
  Thread calibration: mean lat.: 4276.777ms, rate sampling interval: 15581ms
  Thread calibration: mean lat.: 4276.292ms, rate sampling interval: 15589ms
  Thread calibration: mean lat.: 4276.183ms, rate sampling interval: 15581ms
  Thread calibration: mean lat.: 4279.702ms, rate sampling interval: 15589ms
  Thread Stats   Avg      Stdev     Max   +/- Stdev
    Latency    17.28s     4.96s   25.92s    57.72%
    Req/Sec   210.94      0.24   211.00    100.00%
  Latency Distribution (HdrHistogram - Recorded Latency)
 50.000%   17.33s 
 75.000%   21.59s 
 90.000%   24.17s 
 99.000%   25.72s 
 99.900%   25.90s 
 99.990%   25.92s 
 99.999%   25.94s 
100.000%   25.94s 

  Detailed Percentile spectrum:
       Value   Percentile   TotalCount 1/(1-Percentile)

    8658.943     0.000000            4         1.00
   10387.455     0.100000         6729         1.11
   12132.351     0.200000        13457         1.25
   13860.863     0.300000        20157         1.43
   15605.759     0.400000        26872         1.67
   17334.271     0.500000        33610         2.00
   18186.239     0.550000        36953         2.22
   19038.207     0.600000        40298         2.50
   19890.175     0.650000        43675         2.86
   20725.759     0.700000        46989         3.33
   21594.111     0.750000        50386         4.00
   22003.711     0.775000        52068         4.44
   22429.695     0.800000        53749         5.00
   22839.295     0.825000        55404         5.71
   23281.663     0.850000        57067         6.67
   23724.031     0.875000        58761         8.00
   23937.023     0.887500        59587         8.89
   24166.399     0.900000        60462        10.00
   24363.007     0.912500        61277        11.43
   24559.615     0.925000        62088        13.33
   24788.991     0.937500        62959        16.00
   24903.679     0.943750        63373        17.78
   25018.367     0.950000        63781        20.00
   25133.055     0.956250        64220        22.86
   25231.359     0.962500        64610        26.67
   25346.047     0.968750        65046        32.00
   25395.199     0.971875        65251        35.56
   25460.735     0.975000        65501        40.00
   25509.887     0.978125        65682        45.71
   25559.039     0.981250        65864        53.33
   25624.575     0.984375        66093        64.00
   25657.343     0.985938        66227        71.11
   25673.727     0.987500        66283        80.00
   25706.495     0.989062        66402        91.43
   25739.263     0.990625        66526       106.67
   25772.031     0.992188        66637       128.00
   25788.415     0.992969        66706       142.22
   25788.415     0.993750        66706       160.00
   25804.799     0.994531        66768       182.86
   25821.183     0.995313        66816       213.33
   25837.567     0.996094        66867       256.00
   25853.951     0.996484        66937       284.44
   25853.951     0.996875        66937       320.00
   25870.335     0.997266        66996       365.71
   25870.335     0.997656        66996       426.67
   25870.335     0.998047        66996       512.00
   25886.719     0.998242        67051       568.89
   25886.719     0.998437        67051       640.00
   25886.719     0.998633        67051       731.43
   25886.719     0.998828        67051       853.33
   25903.103     0.999023        67097      1024.00
   25903.103     0.999121        67097      1137.78
   25903.103     0.999219        67097      1280.00
   25903.103     0.999316        67097      1462.86
   25903.103     0.999414        67097      1706.67
   25903.103     0.999512        67097      2048.00
   25903.103     0.999561        67097      2275.56
   25903.103     0.999609        67097      2560.00
   25919.487     0.999658        67119      2925.71
   25919.487     0.999707        67119      3413.33
   25919.487     0.999756        67119      4096.00
   25919.487     0.999780        67119      4551.11
   25919.487     0.999805        67119      5120.00
   25919.487     0.999829        67119      5851.43
   25919.487     0.999854        67119      6826.67
   25919.487     0.999878        67119      8192.00
   25919.487     0.999890        67119      9102.22
   25919.487     0.999902        67119     10240.00
   25919.487     0.999915        67119     11702.86
   25919.487     0.999927        67119     13653.33
   25919.487     0.999939        67119     16384.00
   25919.487     0.999945        67119     18204.44
   25919.487     0.999951        67119     20480.00
   25919.487     0.999957        67119     23405.71
   25919.487     0.999963        67119     27306.67
   25919.487     0.999969        67119     32768.00
   25935.871     0.999973        67121     36408.89
   25935.871     1.000000        67121          inf
#[Mean    =    17281.052, StdDeviation   =     4963.879]
#[Max     =    25919.488, Total count    =        67121]
#[Buckets =           27, SubBuckets     =         2048]
----------------------------------------------------------
  101521 requests in 30.02s, 1.36GB read
Requests/sec:   3381.81
Transfer/sec:     46.44MB
WRKX_RESULT {"durationUs":30019742,"requests":101521,"responses":101521,"errors":0,"bytes":1461902400,"latencyAvgUs":17281052.315,"latencyP95Us":25018367.000,"latencyP99Us":25722879.000}
