Running 30s test @ http://localhost:9991/postgres/orders
  16 threads and 256 connections
  Thread calibration: mean lat.: 4889.001ms, rate sampling interval: 17711ms
  Thread calibration: mean lat.: 4881.274ms, rate sampling interval: 17645ms
  Thread calibration: mean lat.: 4880.935ms, rate sampling interval: 17694ms
  Thread calibration: mean lat.: 4887.451ms, rate sampling interval: 17678ms
  Thread calibration: mean lat.: 4886.382ms, rate sampling interval: 17694ms
  Thread calibration: mean lat.: 4473.293ms, rate sampling interval: 15982ms
  Thread calibration: mean lat.: 4891.202ms, rate sampling interval: 17694ms
  Thread calibration: mean lat.: 4881.701ms, rate sampling interval: 17678ms
  Thread calibration: mean lat.: 4893.769ms, rate sampling interval: 17678ms
  Thread calibration: mean lat.: 4890.023ms, rate sampling interval: 17678ms
  Thread calibration: mean lat.: 4889.249ms, rate sampling interval: 17694ms
  Thread calibration: mean lat.: 4890.346ms, rate sampling interval: 17694ms
  Thread calibration: mean lat.: 4881.699ms, rate sampling interval: 17661ms
  Thread calibration: mean lat.: 4886.195ms, rate sampling interval: 17694ms
  Thread calibration: mean lat.: 4889.505ms, rate sampling interval: 17694ms
  Thread calibration: mean lat.: 4885.308ms, rate sampling interval: 17694ms
  Thread Stats   Avg      Stdev     Max   +/- Stdev
    Latency    19.55s     5.62s   29.36s    58.06%
    Req/Sec   196.31      0.46   197.00    100.00%
  Latency Distribution (HdrHistogram - Recorded Latency)
 50.000%   19.58s 
 75.000%   24.41s 
 90.000%   27.34s 
 99.000%   29.13s 
 99.900%   29.31s 
 99.990%   29.34s 
 99.999%   29.38s 
100.000%   29.38s 

  Detailed Percentile spectrum:
       Value   Percentile   TotalCount 1/(1-Percentile)

    8896.511     0.000000            1         1.00
   11730.943     0.100000         6304         1.11
   13778.943     0.200000        12576         1.25
   15728.639     0.300000        18848         1.43
   17645.567     0.400000        25129         1.67
   19578.879     0.500000        31438         2.00
   20529.151     0.550000        34556         2.22
   21495.807     0.600000        37725         2.50
   22462.463     0.650000        40825         2.86
   23412.735     0.700000        43950         3.33
   24412.159     0.750000        47117         4.00
   24903.679     0.775000        48676         4.44
   25395.199     0.800000        50255         5.00
   25886.719     0.825000        51828         5.71
   26378.239     0.850000        53404         6.67
   26853.375     0.875000        54962         8.00
   27082.751     0.887500        55722         8.89
   27344.895     0.900000        56546        10.00
   27574.271     0.912500        57298        11.43
   27820.031     0.925000        58088        13.33
   28065.791     0.937500        58863        16.00
   28196.863     0.943750        59286        17.78
   28311.551     0.950000        59658        20.00
   28442.623     0.956250        60060        22.86
   28573.695     0.962500        60469        26.67
   28688.383     0.968750        60827        32.00
   28753.919     0.971875        61025        35.56
   28819.455     0.975000        61226        40.00
   28884.991     0.978125        61433        45.71
   28950.527     0.981250        61640        53.33
   29016.063     0.984375        61843        64.00
   29048.831     0.985938        61940        71.11
   29081.599     0.987500        62041        80.00
   29114.367     0.989062        62138        91.43
   29147.135     0.990625        62234       106.67
   29179.903     0.992188        62339       128.00
   29196.287     0.992969        62381       142.22
   29212.671     0.993750        62438       160.00
   29229.055     0.994531        62485       182.86
   29245.439     0.995313        62537       213.33
   29261.823     0.996094        62590       256.00
   29261.823     0.996484        62590       284.44
   29261.823     0.996875        62590       320.00
   29278.207     0.997266        62634       365.71
   29294.591     0.997656        62684       426.67
   29294.591     0.998047        62684       512.00
   29294.591     0.998242        62684       568.89
   29310.975     0.998437        62731       640.00
   29310.975     0.998633        62731       731.43
   29310.975     0.998828        62731       853.33
   29310.975     0.999023        62731      1024.00
   29310.975     0.999121        62731      1137.78
   29327.359     0.999219        62761      1280.00
   29327.359     0.999316        62761      1462.86
   29327.359     0.999414        62761      1706.67
   29327.359     0.999512        62761      2048.00
   29327.359     0.999561        62761      2275.56
   29327.359     0.999609        62761      2560.00
   29343.743     0.999658        62779      2925.71
   29343.743     0.999707        62779      3413.33
   29343.743     0.999756        62779      4096.00
   29343.743     0.999780        62779      4551.11
   29343.743     0.999805        62779      5120.00
   29343.743     0.999829        62779      5851.43
   29343.743     0.999854        62779      6826.67
   29343.743     0.999878        62779      8192.00
   29343.743     0.999890        62779      9102.22
   29343.743     0.999902        62779     10240.00
   29360.127     0.999915        62783     11702.86
   29360.127     0.999927        62783     13653.33
   29360.127     0.999939        62783     16384.00
   29360.127     0.999945        62783     18204.44
   29360.127     0.999951        62783     20480.00
   29360.127     0.999957        62783     23405.71
   29360.127     0.999963        62783     27306.67
   29376.511     0.999969        62785     32768.00
   29376.511     1.000000        62785          inf
#[Mean    =    19554.450, StdDeviation   =     5618.544]
#[Max     =    29360.128, Total count    =        62785]
#[Buckets =           27, SubBuckets     =         2048]
----------------------------------------------------------
  94687 requests in 30.01s, 1.27GB read
Requests/sec:   3155.27
Transfer/sec:     43.33MB
WRKX_RESULT {"durationUs":30009134,"requests":94687,"responses":94687,"errors":0,"bytes":1363492800,"latencyAvgUs":19554450.460,"latencyP95Us":28311551.000,"latencyP99Us":29130751.000}
