Running 30s test @ http://localhost:9991/postgres/orders
  16 threads and 256 connections
  Thread calibration: mean lat.: 4811.836ms, rate sampling interval: 17416ms
  Thread calibration: mean lat.: 4812.674ms, rate sampling interval: 17432ms
  Thread calibration: mean lat.: 4812.752ms, rate sampling interval: 17432ms
  Thread calibration: mean lat.: 4819.071ms, rate sampling interval: 17416ms
  Thread calibration: mean lat.: 4814.154ms, rate sampling interval: 17399ms
  Thread calibration: mean lat.: 4817.972ms, rate sampling interval: 17416ms
  Thread calibration: mean lat.: 4822.536ms, rate sampling interval: 17416ms
  Thread calibration: mean lat.: 4817.188ms, rate sampling interval: 17399ms
  Thread calibration: mean lat.: 4819.147ms, rate sampling interval: 17416ms
  Thread calibration: mean lat.: 4825.408ms, rate sampling interval: 17448ms
  Thread calibration: mean lat.: 4818.098ms, rate sampling interval: 17399ms
  Thread calibration: mean lat.: 4827.029ms, rate sampling interval: 17448ms
  Thread calibration: mean lat.: 4807.151ms, rate sampling interval: 17399ms
  Thread calibration: mean lat.: 4814.871ms, rate sampling interval: 17399ms
  Thread calibration: mean lat.: 4818.692ms, rate sampling interval: 17416ms
  Thread calibration: mean lat.: 4822.832ms, rate sampling interval: 17416ms
  Thread Stats   Avg      Stdev     Max   +/- Stdev
    Latency    19.38s     5.57s   29.03s    57.71%
    Req/Sec   199.56      0.50   200.00    100.00%
  Latency Distribution (HdrHistogram - Recorded Latency)
 50.000%   19.40s 
 75.000%   24.23s 
 90.000%   27.12s 
 99.000%   28.82s 
 99.900%   29.00s 
 99.990%   29.03s 
 99.999%   29.05s 
100.000%   29.05s 

  Detailed Percentile spectrum:
       Value   Percentile   TotalCount 1/(1-Percentile)

    9699.327     0.000000            1         1.00
   11665.407     0.100000         6382         1.11
   13615.103     0.200000        12785         1.25
   15540.223     0.300000        19153         1.43
   17465.343     0.400000        25569         1.67
   19398.655     0.500000        31900         2.00
   20365.311     0.550000        35088         2.22
   21315.583     0.600000        38280         2.50
   22265.855     0.650000        41477         2.86
   23248.895     0.700000        44690         3.33
   24231.935     0.750000        47889         4.00
   24707.071     0.775000        49492         4.44
   25198.591     0.800000        51071         5.00
   25657.343     0.825000        52636         5.71
   26148.863     0.850000        54260         6.67
   26607.615     0.875000        55820         8.00
   26869.759     0.887500        56649         8.89
   27115.519     0.900000        57456        10.00
   27344.895     0.912500        58238        11.43
   27590.655     0.925000        59033        13.33
   27836.415     0.937500        59823        16.00
   27967.487     0.943750        60249        17.78
   28082.175     0.950000        60619        20.00
   28196.863     0.956250        61047        22.86
   28311.551     0.962500        61440        26.67
   28426.239     0.968750        61837        32.00
   28475.391     0.971875        62006        35.56
   28540.927     0.975000        62233        40.00
   28590.079     0.978125        62405        45.71
   28655.615     0.981250        62631        53.33
   28721.151     0.984375        62846        64.00
   28737.535     0.985938        62902        71.11
   28770.303     0.987500        63007        80.00
   28803.071     0.989062        63115        91.43
   28835.839     0.990625        63221       106.67
   28868.607     0.992188        63337       128.00
   28884.991     0.992969        63393       142.22
   28901.375     0.993750        63442       160.00
   28917.759     0.994531        63507       182.86
   28917.759     0.995313        63507       213.33
   28934.143     0.996094        63560       256.00
   28950.527     0.996484        63612       284.44
   28950.527     0.996875        63612       320.00
   28966.911     0.997266        63668       365.71
   28966.911     0.997656        63668       426.67
   28983.295     0.998047        63707       512.00
   28983.295     0.998242        63707       568.89
   28983.295     0.998437        63707       640.00
   28983.295     0.998633        63707       731.43
   28999.679     0.998828        63757       853.33
   28999.679     0.999023        63757      1024.00
   28999.679     0.999121        63757      1137.78
   28999.679     0.999219        63757      1280.00
   28999.679     0.999316        63757      1462.86
   28999.679     0.999414        63757      1706.67
   29016.063     0.999512        63774      2048.00
   29016.063     0.999561        63774      2275.56
   29016.063     0.999609        63774      2560.00
   29016.063     0.999658        63774      2925.71
   29032.447     0.999707        63792      3413.33
   29032.447     0.999756        63792      4096.00
   29032.447     0.999780        63792      4551.11
   29032.447     0.999805        63792      5120.00
   29032.447     0.999829        63792      5851.43
   29032.447     0.999854        63792      6826.67
   29032.447     0.999878        63792      8192.00
   29032.447     0.999890        63792      9102.22
   29032.447     0.999902        63792     10240.00
   29032.447     0.999915        63792     11702.86
   29032.447     0.999927        63792     13653.33
   29032.447     0.999939        63792     16384.00
   29032.447     0.999945        63792     18204.44
   29032.447     0.999951        63792     20480.00
   29032.447     0.999957        63792     23405.71
   29032.447     0.999963        63792     27306.67
   29048.831     0.999969        63794     32768.00
   29048.831     1.000000        63794          inf
#[Mean    =    19384.940, StdDeviation   =     5567.792]
#[Max     =    29032.448, Total count    =        63794]
#[Buckets =           27, SubBuckets     =         2048]
----------------------------------------------------------
  95808 requests in 30.01s, 1.28GB read
Requests/sec:   3192.12
Transfer/sec:     43.84MB
WRKX_RESULT {"durationUs":30013914,"requests":95808,"responses":95808,"errors":0,"bytes":1379635200,"latencyAvgUs":19384940.365,"latencyP95Us":28082175.000,"latencyP99Us":28819455.000}
