Running 30s test @ http://localhost:9991/postgres/orders
  16 threads and 256 connections
  Thread calibration: mean lat.: 1538.001ms, rate sampling interval: 5742ms
  Thread calibration: mean lat.: 1531.976ms, rate sampling interval: 5718ms
  Thread calibration: mean lat.: 1527.707ms, rate sampling interval: 5697ms
  Thread calibration: mean lat.: 1529.539ms, rate sampling interval: 5709ms
  Thread calibration: mean lat.: 1533.480ms, rate sampling interval: 5709ms
  Thread calibration: mean lat.: 1533.957ms, rate sampling interval: 5709ms
  Thread calibration: mean lat.: 1530.903ms, rate sampling interval: 5718ms
  Thread calibration: mean lat.: 1533.145ms, rate sampling interval: 5730ms
  Thread calibration: mean lat.: 1535.591ms, rate sampling interval: 5722ms
  Thread calibration: mean lat.: 1534.757ms, rate sampling interval: 5730ms
  Thread calibration: mean lat.: 1536.847ms, rate sampling interval: 5730ms
  Thread calibration: mean lat.: 1532.404ms, rate sampling interval: 5726ms
  Thread calibration: mean lat.: 1536.979ms, rate sampling interval: 5730ms
  Thread calibration: mean lat.: 1532.245ms, rate sampling interval: 5713ms
  Thread calibration: mean lat.: 1529.402ms, rate sampling interval: 5718ms
  Thread calibration: mean lat.: 1533.095ms, rate sampling interval: 5722ms
  Thread Stats   Avg      Stdev     Max   +/- Stdev
    Latency     6.49s     1.89s    9.74s    57.76%
    Req/Sec   209.79      2.99   214.00     68.75%
  Latency Distribution (HdrHistogram - Recorded Latency)
 50.000%    6.57s 
 75.000%    8.13s 
 90.000%    9.09s 
 99.000%    9.63s 
 99.900%    9.71s 
 99.990%    9.74s 
 99.999%    9.74s 
100.000%    9.75s 

  Detailed Percentile spectrum:
       Value   Percentile   TotalCount 1/(1-Percentile)

    3162.111     0.000000            1         1.00
    3799.039     0.100000         6718         1.11
    4497.407     0.200000        13424         1.25
    5234.687     0.300000        20173         1.43
    5873.663     0.400000        26849         1.67
    6569.983     0.500000        33576         2.00
    6905.855     0.550000        36947         2.22
    7200.767     0.600000        40268         2.50
    7499.775     0.650000        43654         2.86
    7815.167     0.700000        46975         3.33
    8130.559     0.750000        50334         4.00
    8269.823     0.775000        52035         4.44
    8429.567     0.800000        53731         5.00
    8577.023     0.825000        55376         5.71
    8749.055     0.850000        57047         6.67
    8921.087     0.875000        58736         8.00
    9019.391     0.887500        59588         8.89
    9093.119     0.900000        60409        10.00
    9158.655     0.912500        61268        11.43
    9240.575     0.925000        62144        13.33
    9314.303     0.937500        62953        16.00
    9355.263     0.943750        63384        17.78
    9388.031     0.950000        63773        20.00
    9420.799     0.956250        64176        22.86
    9453.567     0.962500        64642        26.67
    9486.335     0.968750        65050        32.00
    9502.719     0.971875        65225        35.56
    9527.295     0.975000        65444        40.00
    9551.871     0.978125        65672        45.71
    9576.447     0.981250        65898        53.33
    9592.831     0.984375        66056        64.00
    9609.215     0.985938        66203        71.11
    9617.407     0.987500        66293        80.00
    9625.599     0.989062        66371        91.43
    9641.983     0.990625        66517       106.67
    9650.175     0.992188        66596       128.00
    9658.367     0.992969        66675       142.22
    9658.367     0.993750        66675       160.00
    9666.559     0.994531        66742       182.86
    9674.751     0.995313        66813       213.33
    9682.943     0.996094        66877       256.00
    9682.943     0.996484        66877       284.44
    9691.135     0.996875        66932       320.00
    9691.135     0.997266        66932       365.71
    9699.327     0.997656        66984       426.67
    9699.327     0.998047        66984       512.00
    9699.327     0.998242        66984       568.89
    9707.519     0.998437        67024       640.00
    9707.519     0.998633        67024       731.43
    9707.519     0.998828        67024       853.33
    9715.711     0.999023        67055      1024.00
    9715.711     0.999121        67055      1137.78
    9715.711     0.999219        67055      1280.00
    9715.711     0.999316        67055      1462.86
    9715.711     0.999414        67055      1706.67
    9723.903     0.999512        67071      2048.00
    9723.903     0.999561        67071      2275.56
    9723.903     0.999609        67071      2560.00
    9723.903     0.999658        67071      2925.71
    9732.095     0.999707        67082      3413.33
    9732.095     0.999756        67082      4096.00
    9732.095     0.999780        67082      4551.11
    9732.095     0.999805        67082      5120.00
    9732.095     0.999829        67082      5851.43
    9732.095     0.999854        67082      6826.67
    9740.287     0.999878        67090      8192.00
    9740.287     0.999890        67090      9102.22
    9740.287     0.999902        67090     10240.00
    9740.287     0.999915        67090     11702.86
    9740.287     0.999927        67090     13653.33
    9740.287     0.999939        67090     16384.00
    9740.287     0.999945        67090     18204.44
    9740.287     0.999951        67090     20480.00
    9740.287     0.999957        67090     23405.71
    9740.287     0.999963        67090     27306.67
    9740.287     0.999969        67090     32768.00
    9740.287     0.999973        67090     36408.89
    9740.287     0.999976        67090     40960.00
    9740.287     0.999979        67090     46811.43
    9740.287     0.999982        67090     54613.33
    9740.287     0.999985        67090     65536.00
    9748.479     0.999986        67091     72817.78
    9748.479     1.000000        67091          inf
#[Mean    =     6489.982, StdDeviation   =     1890.416]
#[Max     =     9740.288, Total count    =        67091]
#[Buckets =           27, SubBuckets     =         2048]
----------------------------------------------------------
  101449 requests in 30.01s, 1.36GB read
Requests/sec:   3380.26
Transfer/sec:     46.42MB
WRKX_RESULT {"durationUs":30012197,"requests":101449,"responses":101449,"errors":0,"bytes":1460865600,"latencyAvgUs":6489981.686,"latencyP95Us":9388031.000,"latencyP99Us":9633791.000}
