Running 30s test @ http://localhost:9991/postgres/orders
  16 threads and 256 connections
  Thread calibration: mean lat.: 4554.672ms, rate sampling interval: 16498ms
  Thread calibration: mean lat.: 4560.738ms, rate sampling interval: 16531ms
  Thread calibration: mean lat.: 4551.226ms, rate sampling interval: 16490ms
  Thread calibration: mean lat.: 4553.668ms, rate sampling interval: 16482ms
  Thread calibration: mean lat.: 4552.830ms, rate sampling interval: 16490ms
  Thread calibration: mean lat.: 4553.706ms, rate sampling interval: 16506ms
  Thread calibration: mean lat.: 4546.448ms, rate sampling interval: 16515ms
  Thread calibration: mean lat.: 4552.224ms, rate sampling interval: 16506ms
  Thread calibration: mean lat.: 4547.112ms, rate sampling interval: 16474ms
  Thread calibration: mean lat.: 4550.785ms, rate sampling interval: 16515ms
  Thread calibration: mean lat.: 4553.209ms, rate sampling interval: 16506ms
  Thread calibration: mean lat.: 4557.202ms, rate sampling interval: 16498ms
  Thread calibration: mean lat.: 4555.914ms, rate sampling interval: 16498ms
  Thread calibration: mean lat.: 4560.081ms, rate sampling interval: 16506ms
  Thread calibration: mean lat.: 4552.957ms, rate sampling interval: 16498ms
  Thread calibration: mean lat.: 4555.489ms, rate sampling interval: 16515ms
  Thread Stats   Avg      Stdev     Max   +/- Stdev
    Latency    18.32s     5.29s   27.46s    57.69%
    Req/Sec   207.31      0.46   208.00    100.00%
  Latency Distribution (HdrHistogram - Recorded Latency)
 50.000%   18.37s 
 75.000%   22.92s 
 90.000%   25.67s 
 99.000%   27.26s 
 99.900%   27.44s 
 99.990%   27.48s 
 99.999%   27.48s 
100.000%   27.48s 

  Detailed Percentile spectrum:
       Value   Percentile   TotalCount 1/(1-Percentile)

    9175.039     0.000000            7         1.00
   10977.279     0.100000         6648         1.11
   12820.479     0.200000        13302         1.25
   14680.063     0.300000        19928         1.43
   16490.495     0.400000        26583         1.67
   18366.463     0.500000        33225         2.00
   19283.967     0.550000        36565         2.22
   20185.087     0.600000        39860         2.50
   21102.591     0.650000        43200         2.86
   21987.327     0.700000        46552         3.33
   22921.215     0.750000        49869         4.00
   23363.583     0.775000        51523         4.44
   23838.719     0.800000        53143         5.00
   24297.471     0.825000        54835         5.71
   24756.223     0.850000        56497         6.67
   25198.591     0.875000        58158         8.00
   25427.967     0.887500        58966         8.89
   25673.727     0.900000        59830        10.00
   25886.719     0.912500        60633        11.43
   26116.095     0.925000        61442        13.33
   26345.471     0.937500        62272        16.00
   26460.159     0.943750        62695        17.78
   26574.847     0.950000        63124        20.00
   26673.151     0.956250        63529        22.86
   26771.455     0.962500        63943        26.67
   26886.143     0.968750        64403        32.00
   26935.295     0.971875        64581        35.56
   27000.831     0.975000        64817        40.00
   27049.983     0.978125        64992        45.71
   27099.135     0.981250        65180        53.33
   27164.671     0.984375        65417        64.00
   27197.439     0.985938        65532        71.11
   27230.207     0.987500        65651        80.00
   27246.591     0.989062        65705        91.43
   27279.359     0.990625        65830       106.67
   27312.127     0.992188        65940       128.00
   27328.511     0.992969        65993       142.22
   27344.895     0.993750        66054       160.00
   27361.279     0.994531        66111       182.86
   27361.279     0.995313        66111       213.33
   27377.663     0.996094        66173       256.00
   27394.047     0.996484        66224       284.44
   27394.047     0.996875        66224       320.00
   27410.431     0.997266        66287       365.71
   27410.431     0.997656        66287       426.67
   27426.815     0.998047        66342       512.00
   27426.815     0.998242        66342       568.89
   27426.815     0.998437        66342       640.00
   27426.815     0.998633        66342       731.43
   27443.199     0.998828        66384       853.33
   27443.199     0.999023        66384      1024.00
   27443.199     0.999121        66384      1137.78
   27443.199     0.999219        66384      1280.00
   27443.199     0.999316        66384      1462.86
   27443.199     0.999414        66384      1706.67
   27459.583     0.999512        66410      2048.00
   27459.583     0.999561        66410      2275.56
   27459.583     0.999609        66410      2560.00
   27459.583     0.999658        66410      2925.71
   27459.583     0.999707        66410      3413.33
   27459.583     0.999756        66410      4096.00
   27459.583     0.999780        66410      4551.11
   27459.583     0.999805        66410      5120.00
   27475.967     0.999829        66422      5851.43
   27475.967     1.000000        66422          inf
#[Mean    =    18322.578, StdDeviation   =     5291.315]
#[Max     =    27459.584, Total count    =        66422]
#[Buckets =           27, SubBuckets     =         2048]
----------------------------------------------------------
  100577 requests in 30.01s, 1.35GB read
Requests/sec:   3351.19
Transfer/sec:     46.02MB
WRKX_RESULT {"durationUs":30012354,"requests":100577,"responses":100577,"errors":0,"bytes":1448308800,"latencyAvgUs":18322577.810,"latencyP95Us":26574847.000,"latencyP99Us":27262975.000}
