Running 30s test @ http://localhost:9991/postgres/orders
  16 threads and 256 connections
  Thread calibration: mean lat.: 8.944ms, rate sampling interval: 29ms
  Thread calibration: mean lat.: 8.765ms, rate sampling interval: 28ms
  Thread calibration: mean lat.: 9.057ms, rate sampling interval: 29ms
  Thread calibration: mean lat.: 8.739ms, rate sampling interval: 28ms
  Thread calibration: mean lat.: 8.815ms, rate sampling interval: 28ms
  Thread calibration: mean lat.: 9.242ms, rate sampling interval: 29ms
  Thread calibration: mean lat.: 9.435ms, rate sampling interval: 29ms
  Thread calibration: mean lat.: 9.152ms, rate sampling interval: 29ms
  Thread calibration: mean lat.: 8.928ms, rate sampling interval: 29ms
  Thread calibration: mean lat.: 9.041ms, rate sampling interval: 29ms
  Thread calibration: mean lat.: 9.016ms, rate sampling interval: 29ms
  Thread calibration: mean lat.: 9.149ms, rate sampling interval: 29ms
  Thread calibration: mean lat.: 9.376ms, rate sampling interval: 29ms
  Thread calibration: mean lat.: 9.062ms, rate sampling interval: 29ms
  Thread calibration: mean lat.: 9.163ms, rate sampling interval: 29ms
  Thread calibration: mean lat.: 9.299ms, rate sampling interval: 29ms
  Thread Stats   Avg      Stdev     Max   +/- Stdev
    Latency     9.02ms    3.85ms  24.43ms   64.05%
    Req/Sec   158.57     50.56   321.00     60.97%
  Latency Distribution (HdrHistogram - Recorded Latency)
 50.000%    7.97ms
 75.000%   12.06ms
 90.000%   14.57ms
 99.000%   18.50ms
 99.900%   21.26ms
 99.990%   23.12ms
 99.999%   24.45ms
100.000%   24.45ms

  Detailed Percentile spectrum:
       Value   Percentile   TotalCount 1/(1-Percentile)

       3.183     0.000000            1         1.00
       4.859     0.100000         5004         1.11
       5.355     0.200000         9982         1.25
       5.903     0.300000        14942         1.43
       6.707     0.400000        19928         1.67
       7.967     0.500000        24912         2.00
       8.791     0.550000        27393         2.22
       9.775     0.600000        29882         2.50
      10.607     0.650000        32378         2.86
      11.351     0.700000        34890         3.33
      12.063     0.750000        37352         4.00
      12.439     0.775000        38606         4.44
      12.815     0.800000        39854         5.00
      13.231     0.825000        41088         5.71
      13.631     0.850000        42344         6.67
      14.071     0.875000        43579         8.00
      14.311     0.887500        44198         8.89
      14.567     0.900000        44817        10.00
      14.831     0.912500        45452        11.43
      15.151     0.925000        46061        13.33
      15.455     0.937500        46700        16.00
      15.631     0.943750        47010        17.78
      15.855     0.950000        47315        20.00
      16.095     0.956250        47621        22.86
      16.367     0.962500        47929        26.67
      16.655     0.968750        48251        32.00
      16.847     0.971875        48405        35.56
      17.055     0.975000        48559        40.00
      17.263     0.978125        48720        45.71
      17.503     0.981250        48869        53.33
      17.823     0.984375        49024        64.00
      17.983     0.985938        49109        71.11
      18.159     0.987500        49178        80.00
      18.367     0.989062        49254        91.43
      18.575     0.990625        49334       106.67
      18.799     0.992188        49407       128.00
      18.975     0.992969        49448       142.22
      19.119     0.993750        49485       160.00
      19.375     0.994531        49525       182.86
      19.615     0.995313        49562       213.33
      19.887     0.996094        49602       256.00
      19.983     0.996484        49621       284.44
      20.111     0.996875        49640       320.00
      20.255     0.997266        49663       365.71
      20.463     0.997656        49679       426.67
      20.623     0.998047        49698       512.00
      20.799     0.998242        49710       568.89
      20.943     0.998437        49721       640.00
      21.039     0.998633        49727       731.43
      21.183     0.998828        49738       853.33
      21.295     0.999023        49749      1024.00
      21.439     0.999121        49752      1137.78
      21.631     0.999219        49757      1280.00
      21.727     0.999316        49761      1462.86
      21.855     0.999414        49767      1706.67
      21.935     0.999512        49771      2048.00
      21.983     0.999561        49775      2275.56
      22.159     0.999609        49776      2560.00
      22.383     0.999658        49778      2925.71
      22.559     0.999707        49783      3413.33
      22.559     0.999756        49783      4096.00
      22.639     0.999780        49785      4551.11
      22.671     0.999805        49786      5120.00
      22.815     0.999829        49787      5851.43
      23.007     0.999854        49788      6826.67
      23.071     0.999878        49789      8192.00
      23.119     0.999890        49790      9102.22
      23.215     0.999902        49791     10240.00
      23.215     0.999915        49791     11702.86
      23.295     0.999927        49792     13653.33
      23.295     0.999939        49792     16384.00
      23.519     0.999945        49793     18204.44
      23.519     0.999951        49793     20480.00
      23.519     0.999957        49793     23405.71
      23.967     0.999963        49794     27306.67
      23.967     0.999969        49794     32768.00
      23.967     0.999973        49794     36408.89
      23.967     0.999976        49794     40960.00
      23.967     0.999979        49794     46811.43
      24.447     0.999982        49795     54613.33
      24.447     1.000000        49795          inf
#[Mean    =        9.020, StdDeviation   =        3.845]
#[Max     =       24.432, Total count    =        49795]
#[Buckets =           27, SubBuckets     =         2048]
----------------------------------------------------------
  75024 requests in 30.01s, 1.01GB read
Requests/sec:   2499.94
Transfer/sec:     34.33MB
WRKX_RESULT {"durationUs":30010261,"requests":75024,"responses":75024,"errors":0,"bytes":1080345600,"latencyAvgUs":9019.549,"latencyP95Us":15855.000,"latencyP99Us":18495.000}
