Running 30s test @ http://localhost:9991/
  16 threads and 256 connections
  Thread calibration: mean lat.: 1.695ms, rate sampling interval: 10ms
  Thread calibration: mean lat.: 1.683ms, rate sampling interval: 10ms
  Thread calibration: mean lat.: 1.662ms, rate sampling interval: 10ms
  Thread calibration: mean lat.: 1.689ms, rate sampling interval: 10ms
  Thread calibration: mean lat.: 1.679ms, rate sampling interval: 10ms
  Thread calibration: mean lat.: 1.675ms, rate sampling interval: 10ms
  Thread calibration: mean lat.: 1.668ms, rate sampling interval: 10ms
  Thread calibration: mean lat.: 1.684ms, rate sampling interval: 10ms
  Thread calibration: mean lat.: 1.655ms, rate sampling interval: 10ms
  Thread calibration: mean lat.: 1.624ms, rate sampling interval: 10ms
  Thread calibration: mean lat.: 1.656ms, rate sampling interval: 10ms
  Thread calibration: mean lat.: 1.677ms, rate sampling interval: 10ms
  Thread calibration: mean lat.: 1.650ms, rate sampling interval: 10ms
  Thread calibration: mean lat.: 1.667ms, rate sampling interval: 10ms
  Thread calibration: mean lat.: 1.491ms, rate sampling interval: 10ms
  Thread calibration: mean lat.: 1.662ms, rate sampling interval: 10ms
  Thread Stats   Avg      Stdev     Max   +/- Stdev
    Latency     1.50ms  656.84us   9.75ms   69.56%
    Req/Sec     2.63k   310.91     4.67k    72.91%
  Latency Distribution (HdrHistogram - Recorded Latency)
 50.000%    1.43ms
 75.000%    1.90ms
 90.000%    2.35ms
 99.000%    3.36ms
 99.900%    5.12ms
 99.990%    6.95ms
 99.999%    7.96ms
100.000%    9.76ms

  Detailed Percentile spectrum:
       Value   Percentile   TotalCount 1/(1-Percentile)

       0.160     0.000000            1         1.00
       0.729     0.100000        79878         1.11
       0.932     0.200000       159610         1.25
       1.105     0.300000       239093         1.43
       1.267     0.400000       319086         1.67
       1.428     0.500000       398575         2.00
       1.512     0.550000       438363         2.22
       1.600     0.600000       478247         2.50
       1.692     0.650000       517982         2.86
       1.791     0.700000       557995         3.33
       1.898     0.750000       597660         4.00
       1.957     0.775000       617711         4.44
       2.020     0.800000       637689         5.00
       2.089     0.825000       657785         5.71
       2.163     0.850000       677694         6.67
       2.247     0.875000       697289         8.00
       2.295     0.887500       707393         8.89
       2.347     0.900000       717299        10.00
       2.405     0.912500       727256        11.43
       2.471     0.925000       737155        13.33
       2.547     0.937500       746984        16.00
       2.593     0.943750       752041        17.78
       2.645     0.950000       757077        20.00
       2.699     0.956250       761937        22.86
       2.763     0.962500       766945        26.67
       2.841     0.968750       771951        32.00
       2.887     0.971875       774460        35.56
       2.935     0.975000       776910        40.00
       2.993     0.978125       779399        45.71
       3.063     0.981250       781887        53.33
       3.145     0.984375       784379        64.00
       3.193     0.985938       785572        71.11
       3.247     0.987500       786825        80.00
       3.313     0.989062       788071        91.43
       3.391     0.990625       789304       106.67
       3.483     0.992188       790560       128.00
       3.539     0.992969       791176       142.22
       3.603     0.993750       791800       160.00
       3.675     0.994531       792411       182.86
       3.763     0.995313       793041       213.33
       3.871     0.996094       793656       256.00
       3.933     0.996484       793969       284.44
       4.011     0.996875       794281       320.00
       4.115     0.997266       794593       365.71
       4.231     0.997656       794901       426.67
       4.383     0.998047       795211       512.00
       4.495     0.998242       795367       568.89
       4.627     0.998437       795523       640.00
       4.783     0.998633       795677       731.43
       4.951     0.998828       795837       853.33
       5.143     0.999023       795992      1024.00
       5.239     0.999121       796067      1137.78
       5.355     0.999219       796146      1280.00
       5.455     0.999316       796225      1462.86
       5.575     0.999414       796301      1706.67
       5.727     0.999512       796377      2048.00
       5.815     0.999561       796416      2275.56
       5.907     0.999609       796456      2560.00
       6.007     0.999658       796494      2925.71
       6.143     0.999707       796533      3413.33
       6.311     0.999756       796573      4096.00
       6.371     0.999780       796591      4551.11
       6.439     0.999805       796611      5120.00
       6.599     0.999829       796630      5851.43
       6.723     0.999854       796650      6826.67
       6.811     0.999878       796669      8192.00
       6.855     0.999890       796679      9102.22
       6.963     0.999902       796689     10240.00
       7.011     0.999915       796698     11702.86
       7.123     0.999927       796709     13653.33
       7.227     0.999939       796718     16384.00
       7.311     0.999945       796723     18204.44
       7.399     0.999951       796728     20480.00
       7.419     0.999957       796732     23405.71
       7.511     0.999963       796737     27306.67
       7.599     0.999969       796742     32768.00
       7.659     0.999973       796745     36408.89
       7.695     0.999976       796747     40960.00
       7.723     0.999979       796749     46811.43
       7.919     0.999982       796752     54613.33
       7.935     0.999985       796754     65536.00
       7.951     0.999986       796756     72817.78
       7.959     0.999988       796758     81920.00
       7.959     0.999989       796758     93622.86
       7.967     0.999991       796760    109226.67
       7.967     0.999992       796760    131072.00
       8.495     0.999993       796761    145635.56
       8.535     0.999994       796762    163840.00
       8.535     0.999995       796762    187245.71
       8.543     0.999995       796763    218453.33
       8.543     0.999996       796763    262144.00
       8.767     0.999997       796764    291271.11
       8.767     0.999997       796764    327680.00
       8.767     0.999997       796764    374491.43
       9.295     0.999998       796765    436906.67
       9.295     0.999998       796765    524288.00
       9.295     0.999998       796765    582542.22
       9.295     0.999998       796765    655360.00
       9.295     0.999999       796765    748982.86
       9.759     0.999999       796766    873813.33
       9.759     1.000000       796766          inf
#[Mean    =        1.504, StdDeviation   =        0.657]
#[Max     =        9.752, Total count    =       796766]
#[Buckets =           27, SubBuckets     =         2048]
----------------------------------------------------------
  1196083 requests in 30.00s, 399.24MB read
Requests/sec:  39862.83
Transfer/sec:     13.31MB
WRKX_RESULT {"durationUs":30004967,"requests":1196083,"responses":1196083,"errors":0,"bytes":418629050,"latencyAvgUs":1503.588,"latencyP95Us":2645.000,"latencyP99Us":3357.000}
