Running 30s test @ http://localhost:9991/
  16 threads and 256 connections
  Thread calibration: mean lat.: 1.117ms, rate sampling interval: 10ms
  Thread calibration: mean lat.: 1.115ms, rate sampling interval: 10ms
  Thread calibration: mean lat.: 1.112ms, rate sampling interval: 10ms
  Thread calibration: mean lat.: 1.121ms, rate sampling interval: 10ms
  Thread calibration: mean lat.: 1.118ms, rate sampling interval: 10ms
  Thread calibration: mean lat.: 1.100ms, rate sampling interval: 10ms
  Thread calibration: mean lat.: 1.115ms, rate sampling interval: 10ms
  Thread calibration: mean lat.: 1.123ms, rate sampling interval: 10ms
  Thread calibration: mean lat.: 1.106ms, rate sampling interval: 10ms
  Thread calibration: mean lat.: 1.118ms, rate sampling interval: 10ms
  Thread calibration: mean lat.: 1.143ms, rate sampling interval: 10ms
  Thread calibration: mean lat.: 1.133ms, rate sampling interval: 10ms
  Thread calibration: mean lat.: 1.114ms, rate sampling interval: 10ms
  Thread calibration: mean lat.: 1.111ms, rate sampling interval: 10ms
  Thread calibration: mean lat.: 1.114ms, rate sampling interval: 10ms
  Thread calibration: mean lat.: 1.116ms, rate sampling interval: 10ms
  Thread Stats   Avg      Stdev     Max   +/- Stdev
    Latency     1.11ms  459.13us   6.97ms   65.40%
    Req/Sec     0.99k   135.61     1.50k    74.57%
  Latency Distribution (HdrHistogram - Recorded Latency)
 50.000%    1.09ms
 75.000%    1.42ms
 90.000%    1.71ms
 99.000%    2.23ms
 99.900%    2.81ms
 99.990%    4.91ms
 99.999%    6.49ms
100.000%    6.97ms

  Detailed Percentile spectrum:
       Value   Percentile   TotalCount 1/(1-Percentile)

       0.166     0.000000            1         1.00
       0.517     0.100000        29977         1.11
       0.677     0.200000        59822         1.25
       0.822     0.300000        89840         1.43
       0.959     0.400000       119664         1.67
       1.090     0.500000       149452         2.00
       1.156     0.550000       164535         2.22
       1.220     0.600000       179301         2.50
       1.285     0.650000       194246         2.86
       1.352     0.700000       209379         3.33
       1.424     0.750000       224295         4.00
       1.464     0.775000       231705         4.44
       1.506     0.800000       239170         5.00
       1.550     0.825000       246698         5.71
       1.598     0.850000       254035         6.67
       1.652     0.875000       261553         8.00
       1.682     0.887500       265325         8.89
       1.713     0.900000       268985        10.00
       1.748     0.912500       272685        11.43
       1.787     0.925000       276423        13.33
       1.832     0.937500       280178        16.00
       1.857     0.943750       282056        17.78
       1.884     0.950000       283909        20.00
       1.915     0.956250       285767        22.86
       1.951     0.962500       287626        26.67
       1.992     0.968750       289486        32.00
       2.015     0.971875       290435        35.56
       2.040     0.975000       291361        40.00
       2.069     0.978125       292353        45.71
       2.099     0.981250       293247        53.33
       2.135     0.984375       294181        64.00
       2.157     0.985938       294631        71.11
       2.181     0.987500       295097        80.00
       2.209     0.989062       295568        91.43
       2.243     0.990625       296040       106.67
       2.277     0.992188       296492       128.00
       2.297     0.992969       296732       142.22
       2.325     0.993750       296967       160.00
       2.353     0.994531       297203       182.86
       2.389     0.995313       297431       213.33
       2.429     0.996094       297660       256.00
       2.453     0.996484       297773       284.44
       2.485     0.996875       297895       320.00
       2.515     0.997266       298006       365.71
       2.559     0.997656       298125       426.67
       2.603     0.998047       298240       512.00
       2.635     0.998242       298302       568.89
       2.665     0.998437       298358       640.00
       2.709     0.998633       298418       731.43
       2.757     0.998828       298474       853.33
       2.821     0.999023       298532      1024.00
       2.855     0.999121       298562      1137.78
       2.895     0.999219       298590      1280.00
       2.947     0.999316       298619      1462.86
       3.047     0.999414       298649      1706.67
       3.087     0.999512       298678      2048.00
       3.141     0.999561       298692      2275.56
       3.205     0.999609       298709      2560.00
       3.273     0.999658       298721      2925.71
       3.375     0.999707       298736      3413.33
       3.505     0.999756       298751      4096.00
       3.555     0.999780       298758      4551.11
       3.661     0.999805       298765      5120.00
       3.887     0.999829       298772      5851.43
       4.355     0.999854       298780      6826.67
       4.591     0.999878       298788      8192.00
       4.727     0.999890       298791      9102.22
       4.947     0.999902       298794     10240.00
       5.375     0.999915       298798     11702.86
       5.479     0.999927       298802     13653.33
       5.623     0.999939       298805     16384.00
       5.727     0.999945       298807     18204.44
       5.763     0.999951       298809     20480.00
       5.791     0.999957       298811     23405.71
       6.023     0.999963       298813     27306.67
       6.079     0.999969       298814     32768.00
       6.127     0.999973       298815     36408.89
       6.135     0.999976       298816     40960.00
       6.207     0.999979       298817     46811.43
       6.251     0.999982       298818     54613.33
       6.295     0.999985       298819     65536.00
       6.295     0.999986       298819     72817.78
       6.491     0.999988       298820     81920.00
       6.491     0.999989       298820     93622.86
       6.767     0.999991       298821    109226.67
       6.767     0.999992       298821    131072.00
       6.767     0.999993       298821    145635.56
       6.823     0.999994       298822    163840.00
       6.823     0.999995       298822    187245.71
       6.823     0.999995       298822    218453.33
       6.823     0.999996       298822    262144.00
       6.823     0.999997       298822    291271.11
       6.971     0.999997       298823    327680.00
       6.971     1.000000       298823          inf
#[Mean    =        1.110, StdDeviation   =        0.459]
#[Max     =        6.968, Total count    =       298823]
#[Buckets =           27, SubBuckets     =         2048]
----------------------------------------------------------
  449549 requests in 30.00s, 150.05MB read
Requests/sec:  14984.83
Transfer/sec:      5.00MB
WRKX_RESULT {"durationUs":30000264,"requests":449549,"responses":449549,"errors":0,"bytes":157342150,"latencyAvgUs":1109.636,"latencyP95Us":1884.000,"latencyP99Us":2227.000}
