Running 30s test @ http://localhost:9991/
  16 threads and 256 connections
  Thread calibration: mean lat.: 1360.417ms, rate sampling interval: 4927ms
  Thread calibration: mean lat.: 1400.021ms, rate sampling interval: 5066ms
  Thread calibration: mean lat.: 1383.616ms, rate sampling interval: 4947ms
  Thread calibration: mean lat.: 1374.424ms, rate sampling interval: 4980ms
  Thread calibration: mean lat.: 1379.693ms, rate sampling interval: 4980ms
  Thread calibration: mean lat.: 1418.346ms, rate sampling interval: 5058ms
  Thread calibration: mean lat.: 1370.264ms, rate sampling interval: 4968ms
  Thread calibration: mean lat.: 1371.852ms, rate sampling interval: 4976ms
  Thread calibration: mean lat.: 1385.958ms, rate sampling interval: 5054ms
  Thread calibration: mean lat.: 1380.211ms, rate sampling interval: 5005ms
  Thread calibration: mean lat.: 1406.988ms, rate sampling interval: 5038ms
  Thread calibration: mean lat.: 1407.219ms, rate sampling interval: 5074ms
  Thread calibration: mean lat.: 1411.957ms, rate sampling interval: 5095ms
  Thread calibration: mean lat.: 1353.766ms, rate sampling interval: 4907ms
  Thread calibration: mean lat.: 1407.377ms, rate sampling interval: 5058ms
  Thread calibration: mean lat.: 1366.289ms, rate sampling interval: 4968ms
  Thread Stats   Avg      Stdev     Max   +/- Stdev
    Latency     5.92s     1.80s    9.13s    56.97%
    Req/Sec     4.30k   110.34     4.55k    62.50%
  Latency Distribution (HdrHistogram - Recorded Latency)
 50.000%    6.03s 
 75.000%    7.55s 
 90.000%    8.31s 
 99.000%    8.83s 
 99.900%    8.97s 
 99.990%    9.05s 
 99.999%    9.13s 
100.000%    9.14s 

  Detailed Percentile spectrum:
       Value   Percentile   TotalCount 1/(1-Percentile)

    2627.583     0.000000            1         1.00
    3362.815     0.100000       138298         1.11
    4044.799     0.200000       276396         1.25
    4640.767     0.300000       414595         1.43
    5365.759     0.400000       552384         1.67
    6033.407     0.500000       690784         2.00
    6324.223     0.550000       759827         2.22
    6586.367     0.600000       828785         2.50
    6930.431     0.650000       897675         2.86
    7258.111     0.700000       966784         3.33
    7553.023     0.750000      1035664         4.00
    7684.095     0.775000      1070437         4.44
    7806.975     0.800000      1104760         5.00
    7942.143     0.825000      1139234         5.71
    8077.311     0.850000      1173110         6.67
    8204.287     0.875000      1208331         8.00
    8261.631     0.887500      1225592         8.89
    8314.879     0.900000      1242394        10.00
    8372.223     0.912500      1260134        11.43
    8429.567     0.925000      1277013        13.33
    8495.103     0.937500      1294515        16.00
    8527.871     0.943750      1302676        17.78
    8568.831     0.950000      1312473        20.00
    8601.599     0.956250      1319746        22.86
    8642.559     0.962500      1329059        26.67
    8683.519     0.968750      1338162        32.00
    8699.903     0.971875      1341585        35.56
    8724.479     0.975000      1346512        40.00
    8740.863     0.978125      1349812        45.71
    8765.439     0.981250      1354526        53.33
    8790.015     0.984375      1359215        64.00
    8798.207     0.985938      1360757        71.11
    8814.591     0.987500      1363702        80.00
    8822.783     0.989062      1365065        91.43
    8839.167     0.990625      1367583       106.67
    8855.551     0.992188      1369906       128.00
    8863.743     0.992969      1370933       142.22
    8871.935     0.993750      1371785       160.00
    8880.127     0.994531      1372651       182.86
    8888.319     0.995313      1373478       213.33
    8904.703     0.996094      1374852       256.00
    8912.895     0.996484      1375500       284.44
    8921.087     0.996875      1376085       320.00
    8929.279     0.997266      1376662       365.71
    8937.471     0.997656      1377199       426.67
    8945.663     0.998047      1377665       512.00
    8945.663     0.998242      1377665       568.89
    8953.855     0.998437      1378130       640.00
    8953.855     0.998633      1378130       731.43
    8962.047     0.998828      1378490       853.33
    8970.239     0.999023      1378760      1024.00
    8970.239     0.999121      1378760      1137.78
    8978.431     0.999219      1378972      1280.00
    8986.623     0.999316      1379154      1462.86
    8986.623     0.999414      1379154      1706.67
    8994.815     0.999512      1379314      2048.00
    8994.815     0.999561      1379314      2275.56
    9003.007     0.999609      1379471      2560.00
    9003.007     0.999658      1379471      2925.71
    9011.199     0.999707      1379560      3413.33
    9019.391     0.999756      1379624      4096.00
    9019.391     0.999780      1379624      4551.11
    9027.583     0.999805      1379672      5120.00
    9035.775     0.999829      1379716      5851.43
    9035.775     0.999854      1379716      6826.67
    9052.159     0.999878      1379791      8192.00
    9052.159     0.999890      1379791      9102.22
    9052.159     0.999902      1379791     10240.00
    9060.351     0.999915      1379801     11702.86
    9076.735     0.999927      1379825     13653.33
    9084.927     0.999939      1379844     16384.00
    9084.927     0.999945      1379844     18204.44
    9093.119     0.999951      1379856     20480.00
    9101.311     0.999957      1379875     23405.71
    9101.311     0.999963      1379875     27306.67
    9101.311     0.999969      1379875     32768.00
    9109.503     0.999973      1379884     36408.89
    9109.503     0.999976      1379884     40960.00
    9117.695     0.999979      1379894     46811.43
    9117.695     0.999982      1379894     54613.33
    9125.887     0.999985      1379901     65536.00
    9125.887     0.999986      1379901     72817.78
    9125.887     0.999988      1379901     81920.00
    9134.079     0.999989      1379908     93622.86
    9134.079     0.999991      1379908    109226.67
    9134.079     0.999992      1379908    131072.00
    9134.079     0.999993      1379908    145635.56
    9134.079     0.999994      1379908    163840.00
    9142.271     0.999995      1379916    187245.71
    9142.271     1.000000      1379916          inf
#[Mean    =     5922.401, StdDeviation   =     1799.336]
#[Max     =     9134.080, Total count    =      1379916]
#[Buckets =           27, SubBuckets     =         2048]
----------------------------------------------------------
  2109034 requests in 30.00s, 703.97MB read
Requests/sec:  70298.52
Transfer/sec:     23.46MB
WRKX_RESULT {"durationUs":30001115,"requests":2109034,"responses":2109034,"errors":0,"bytes":738161900,"latencyAvgUs":5922400.785,"latencyP95Us":8568831.000,"latencyP99Us":8830975.000}
