Running 30s test @ http://localhost:9991/
  16 threads and 256 connections
  Thread calibration: mean lat.: 1.124ms, rate sampling interval: 10ms
  Thread calibration: mean lat.: 1.122ms, rate sampling interval: 10ms
  Thread calibration: mean lat.: 1.114ms, rate sampling interval: 10ms
  Thread calibration: mean lat.: 1.117ms, rate sampling interval: 10ms
  Thread calibration: mean lat.: 1.112ms, rate sampling interval: 10ms
  Thread calibration: mean lat.: 1.111ms, rate sampling interval: 10ms
  Thread calibration: mean lat.: 1.096ms, rate sampling interval: 10ms
  Thread calibration: mean lat.: 1.085ms, rate sampling interval: 10ms
  Thread calibration: mean lat.: 1.093ms, rate sampling interval: 10ms
  Thread calibration: mean lat.: 1.104ms, rate sampling interval: 10ms
  Thread calibration: mean lat.: 1.107ms, rate sampling interval: 10ms
  Thread calibration: mean lat.: 1.087ms, rate sampling interval: 10ms
  Thread calibration: mean lat.: 1.086ms, rate sampling interval: 10ms
  Thread calibration: mean lat.: 1.090ms, rate sampling interval: 10ms
  Thread calibration: mean lat.: 1.091ms, rate sampling interval: 10ms
  Thread calibration: mean lat.: 1.087ms, rate sampling interval: 10ms
  Thread Stats   Avg      Stdev     Max   +/- Stdev
    Latency     1.08ms  405.86us   4.15ms   66.40%
    Req/Sec   329.48    100.77   600.00     47.90%
  Latency Distribution (HdrHistogram - Recorded Latency)
 50.000%    1.07ms
 75.000%    1.35ms
 90.000%    1.61ms
 99.000%    2.09ms
 99.900%    2.43ms
 99.990%    3.33ms
 99.999%    4.10ms
100.000%    4.16ms

  Detailed Percentile spectrum:
       Value   Percentile   TotalCount 1/(1-Percentile)

       0.192     0.000000            1         1.00
       0.549     0.100000         9990         1.11
       0.701     0.200000        19982         1.25
       0.834     0.300000        29910         1.43
       0.958     0.400000        39881         1.67
       1.073     0.500000        49835         2.00
       1.130     0.550000        54873         2.22
       1.183     0.600000        59828         2.50
       1.237     0.650000        64743         2.86
       1.292     0.700000        69748         3.33
       1.348     0.750000        74730         4.00
       1.379     0.775000        77237         4.44
       1.413     0.800000        79728         5.00
       1.450     0.825000        82188         5.71
       1.495     0.850000        84675         6.67
       1.550     0.875000        87153         8.00
       1.581     0.887500        88416         8.89
       1.614     0.900000        89661        10.00
       1.650     0.912500        90901        11.43
       1.689     0.925000        92147        13.33
       1.737     0.937500        93393        16.00
       1.761     0.943750        94008        17.78
       1.788     0.950000        94634        20.00
       1.819     0.956250        95262        22.86
       1.853     0.962500        95880        26.67
       1.889     0.968750        96495        32.00
       1.910     0.971875        96802        35.56
       1.931     0.975000        97111        40.00
       1.955     0.978125        97423        45.71
       1.985     0.981250        97742        53.33
       2.019     0.984375        98048        64.00
       2.037     0.985938        98199        71.11
       2.057     0.987500        98365        80.00
       2.075     0.989062        98511        91.43
       2.099     0.990625        98685       106.67
       2.121     0.992188        98827       128.00
       2.137     0.992969        98910       142.22
       2.155     0.993750        98978       160.00
       2.175     0.994531        99058       182.86
       2.193     0.995313        99133       213.33
       2.213     0.996094        99210       256.00
       2.227     0.996484        99250       284.44
       2.243     0.996875        99293       320.00
       2.261     0.997266        99327       365.71
       2.287     0.997656        99366       426.67
       2.319     0.998047        99407       512.00
       2.333     0.998242        99427       568.89
       2.353     0.998437        99447       640.00
       2.371     0.998633        99463       731.43
       2.407     0.998828        99484       853.33
       2.455     0.999023        99502      1024.00
       2.485     0.999121        99512      1137.78
       2.519     0.999219        99522      1280.00
       2.553     0.999316        99532      1462.86
       2.603     0.999414        99541      1706.67
       2.631     0.999512        99551      2048.00
       2.657     0.999561        99556      2275.56
       2.757     0.999609        99561      2560.00
       2.839     0.999658        99566      2925.71
       2.923     0.999707        99570      3413.33
       3.039     0.999756        99575      4096.00
       3.081     0.999780        99578      4551.11
       3.131     0.999805        99580      5120.00
       3.163     0.999829        99582      5851.43
       3.227     0.999854        99585      6826.67
       3.245     0.999878        99587      8192.00
       3.329     0.999890        99589      9102.22
       3.333     0.999902        99590     10240.00
       3.381     0.999915        99591     11702.86
       3.515     0.999927        99592     13653.33
       3.917     0.999939        99593     16384.00
       3.957     0.999945        99594     18204.44
       3.969     0.999951        99595     20480.00
       3.969     0.999957        99595     23405.71
       3.995     0.999963        99596     27306.67
       3.995     0.999969        99596     32768.00
       3.999     0.999973        99597     36408.89
       3.999     0.999976        99597     40960.00
       3.999     0.999979        99597     46811.43
       4.099     0.999982        99598     54613.33
       4.099     0.999985        99598     65536.00
       4.099     0.999986        99598     72817.78
       4.099     0.999988        99598     81920.00
       4.099     0.999989        99598     93622.86
       4.155     0.999991        99599    109226.67
       4.155     1.000000        99599          inf
#[Mean    =        1.081, StdDeviation   =        0.406]
#[Max     =        4.152, Total count    =        99599]
#[Buckets =           27, SubBuckets     =         2048]
----------------------------------------------------------
  149935 requests in 30.00s, 50.05MB read
Requests/sec:   4997.24
Transfer/sec:      1.67MB
WRKX_RESULT {"durationUs":30003583,"requests":149935,"responses":149935,"errors":0,"bytes":52477250,"latencyAvgUs":1080.861,"latencyP95Us":1788.000,"latencyP99Us":2087.000}
