Running 30s test @ http://localhost:9991/
  16 threads and 256 connections
  Thread calibration: mean lat.: 227.155ms, rate sampling interval: 1057ms
  Thread calibration: mean lat.: 245.900ms, rate sampling interval: 1081ms
  Thread calibration: mean lat.: 247.017ms, rate sampling interval: 1099ms
  Thread calibration: mean lat.: 227.605ms, rate sampling interval: 1017ms
  Thread calibration: mean lat.: 208.006ms, rate sampling interval: 989ms
  Thread calibration: mean lat.: 205.656ms, rate sampling interval: 973ms
  Thread calibration: mean lat.: 234.663ms, rate sampling interval: 1057ms
  Thread calibration: mean lat.: 236.909ms, rate sampling interval: 1088ms
  Thread calibration: mean lat.: 232.058ms, rate sampling interval: 1064ms
  Thread calibration: mean lat.: 230.100ms, rate sampling interval: 1014ms
  Thread calibration: mean lat.: 213.748ms, rate sampling interval: 985ms
  Thread calibration: mean lat.: 209.309ms, rate sampling interval: 939ms
  Thread calibration: mean lat.: 253.803ms, rate sampling interval: 1121ms
  Thread calibration: mean lat.: 235.096ms, rate sampling interval: 1019ms
  Thread calibration: mean lat.: 218.527ms, rate sampling interval: 1047ms
  Thread calibration: mean lat.: 286.055ms, rate sampling interval: 1125ms
  Thread Stats   Avg      Stdev     Max   +/- Stdev
    Latency     1.45s   342.02ms   2.13s    65.72%
    Req/Sec     4.41k   232.71     4.95k    63.88%
  Latency Distribution (HdrHistogram - Recorded Latency)
 50.000%    1.50s 
 75.000%    1.72s 
 90.000%    1.85s 
 99.000%    2.01s 
 99.900%    2.09s 
 99.990%    2.11s 
 99.999%    2.12s 
100.000%    2.13s 

  Detailed Percentile spectrum:
       Value   Percentile   TotalCount 1/(1-Percentile)

     521.727     0.000000            1         1.00
     896.511     0.100000       140957         1.11
    1137.663     0.200000       281773         1.25
    1345.535     0.300000       422553         1.43
    1428.479     0.400000       565076         1.67
    1498.111     0.500000       704669         2.00
    1541.119     0.550000       775568         2.22
    1594.367     0.600000       845285         2.50
    1641.471     0.650000       916734         2.86
    1682.431     0.700000       986669         3.33
    1721.343     0.750000      1056483         4.00
    1739.775     0.775000      1091409         4.44
    1758.207     0.800000      1127817         5.00
    1775.615     0.825000      1162777         5.71
    1796.095     0.850000      1197254         6.67
    1819.647     0.875000      1233463         8.00
    1832.959     0.887500      1250117         8.89
    1848.319     0.900000      1268594        10.00
    1862.655     0.912500      1285507        11.43
    1878.015     0.925000      1302792        13.33
    1895.423     0.937500      1320539        16.00
    1905.663     0.943750      1329396        17.78
    1914.879     0.950000      1337885        20.00
    1926.143     0.956250      1346856        22.86
    1937.407     0.962500      1356145        26.67
    1948.671     0.968750      1364978        32.00
    1953.791     0.971875      1368848        35.56
    1959.935     0.975000      1373171        40.00
    1967.103     0.978125      1377792        45.71
    1975.295     0.981250      1382249        53.33
    1984.511     0.984375      1386268        64.00
    1990.655     0.985938      1388610        71.11
    1996.799     0.987500      1390882        80.00
    2002.943     0.989062      1392896        91.43
    2011.135     0.990625      1395195       106.67
    2021.375     0.992188      1397427       128.00
    2026.495     0.992969      1398387       142.22
    2032.639     0.993750      1399501       160.00
    2037.759     0.994531      1400693       182.86
    2041.855     0.995313      1401862       213.33
    2045.951     0.996094      1402816       256.00
    2050.047     0.996484      1403416       284.44
    2054.143     0.996875      1403950       320.00
    2057.215     0.997266      1404420       365.71
    2062.335     0.997656      1405056       426.67
    2067.455     0.998047      1405515       512.00
    2071.551     0.998242      1405864       568.89
    2073.599     0.998437      1406070       640.00
    2079.743     0.998633      1406377       731.43
    2083.839     0.998828      1406634       853.33
    2087.935     0.999023      1406942      1024.00
    2089.983     0.999121      1407068      1137.78
    2092.031     0.999219      1407182      1280.00
    2094.079     0.999316      1407303      1462.86
    2097.151     0.999414      1407448      1706.67
    2101.247     0.999512      1407603      2048.00
    2103.295     0.999561      1407714      2275.56
    2103.295     0.999609      1407714      2560.00
    2105.343     0.999658      1407825      2925.71
    2107.391     0.999707      1407929      3413.33
    2107.391     0.999756      1407929      4096.00
    2109.439     0.999780      1408035      4551.11
    2109.439     0.999805      1408035      5120.00
    2109.439     0.999829      1408035      5851.43
    2111.487     0.999854      1408110      6826.67
    2111.487     0.999878      1408110      8192.00
    2111.487     0.999890      1408110      9102.22
    2113.535     0.999902      1408139     10240.00
    2115.583     0.999915      1408163     11702.86
    2115.583     0.999927      1408163     13653.33
    2117.631     0.999939      1408191     16384.00
    2117.631     0.999945      1408191     18204.44
    2119.679     0.999951      1408222     20480.00
    2119.679     0.999957      1408222     23405.71
    2119.679     0.999963      1408222     27306.67
    2119.679     0.999969      1408222     32768.00
    2121.727     0.999973      1408236     36408.89
    2121.727     0.999976      1408236     40960.00
    2121.727     0.999979      1408236     46811.43
    2123.775     0.999982      1408251     54613.33
    2123.775     0.999985      1408251     65536.00
    2123.775     0.999986      1408251     72817.78
    2123.775     0.999988      1408251     81920.00
    2123.775     0.999989      1408251     93622.86
    2125.823     0.999991      1408254    109226.67
    2125.823     0.999992      1408254    131072.00
    2127.871     0.999993      1408260    145635.56
    2127.871     0.999994      1408260    163840.00
    2127.871     0.999995      1408260    187245.71
    2127.871     0.999995      1408260    218453.33
    2127.871     0.999996      1408260    262144.00
    2127.871     0.999997      1408260    291271.11
    2127.871     0.999997      1408260    327680.00
    2129.919     0.999997      1408263    374491.43
    2129.919     0.999998      1408263    436906.67
    2129.919     0.999998      1408263    524288.00
    2129.919     0.999998      1408263    582542.22
    2129.919     0.999998      1408263    655360.00
    2129.919     0.999999      1408263    748982.86
    2129.919     0.999999      1408263    873813.33
    2129.919     0.999999      1408263   1048576.00
    2129.919     0.999999      1408263   1165084.44
    2129.919     0.999999      1408263   1310720.00
    2131.967     0.999999      1408264   1497965.71
    2131.967     1.000000      1408264          inf
#[Mean    =     1452.577, StdDeviation   =      342.017]
#[Max     =     2129.920, Total count    =      1408264]
#[Buckets =           27, SubBuckets     =         2048]
----------------------------------------------------------
  2106735 requests in 30.00s, 703.20MB read
Requests/sec:  70222.67
Transfer/sec:     23.44MB
WRKX_RESULT {"durationUs":30000783,"requests":2106735,"responses":2106735,"errors":0,"bytes":737357250,"latencyAvgUs":1452577.349,"latencyP95Us":1914879.000,"latencyP99Us":2008063.000}
