Running 30s test @ http://localhost:9991/
  16 threads and 256 connections
  Thread calibration: mean lat.: 1.170ms, rate sampling interval: 10ms
  Thread calibration: mean lat.: 1.170ms, rate sampling interval: 10ms
  Thread calibration: mean lat.: 1.151ms, rate sampling interval: 10ms
  Thread calibration: mean lat.: 1.168ms, rate sampling interval: 10ms
  Thread calibration: mean lat.: 1.177ms, rate sampling interval: 10ms
  Thread calibration: mean lat.: 1.173ms, rate sampling interval: 10ms
  Thread calibration: mean lat.: 1.168ms, rate sampling interval: 10ms
  Thread calibration: mean lat.: 1.180ms, rate sampling interval: 10ms
  Thread calibration: mean lat.: 1.177ms, rate sampling interval: 10ms
  Thread calibration: mean lat.: 1.176ms, rate sampling interval: 10ms
  Thread calibration: mean lat.: 1.175ms, rate sampling interval: 10ms
  Thread calibration: mean lat.: 1.173ms, rate sampling interval: 10ms
  Thread calibration: mean lat.: 1.173ms, rate sampling interval: 10ms
  Thread calibration: mean lat.: 1.173ms, rate sampling interval: 10ms
  Thread calibration: mean lat.: 1.184ms, rate sampling interval: 10ms
  Thread calibration: mean lat.: 1.175ms, rate sampling interval: 10ms
  Thread Stats   Avg      Stdev     Max   +/- Stdev
    Latency     1.25ms  539.15us   9.21ms   68.27%
    Req/Sec     1.98k   163.65     3.44k    67.88%
  Latency Distribution (HdrHistogram - Recorded Latency)
 50.000%    1.21ms
 75.000%    1.60ms
 90.000%    1.93ms
 99.000%    2.64ms
 99.900%    4.22ms
 99.990%    6.97ms
 99.999%    8.52ms
100.000%    9.22ms

  Detailed Percentile spectrum:
       Value   Percentile   TotalCount 1/(1-Percentile)

       0.182     0.000000            1         1.00
       0.591     0.100000        59827         1.11
       0.768     0.200000       119602         1.25
       0.921     0.300000       179483         1.43
       1.064     0.400000       239142         1.67
       1.206     0.500000       298786         2.00
       1.278     0.550000       328926         2.22
       1.352     0.600000       358782         2.50
       1.428     0.650000       388421         2.86
       1.510     0.700000       418581         3.33
       1.595     0.750000       448364         4.00
       1.640     0.775000       463176         4.44
       1.688     0.800000       478113         5.00
       1.739     0.825000       493011         5.71
       1.795     0.850000       507944         6.67
       1.858     0.875000       522966         8.00
       1.894     0.887500       530541         8.89
       1.932     0.900000       537849        10.00
       1.976     0.912500       545420        11.43
       2.024     0.925000       552862        13.33
       2.081     0.937500       560372        16.00
       2.111     0.943750       563987        17.78
       2.147     0.950000       567796        20.00
       2.187     0.956250       571462        22.86
       2.233     0.962500       575260        26.67
       2.287     0.968750       579000        32.00
       2.317     0.971875       580858        35.56
       2.351     0.975000       582661        40.00
       2.391     0.978125       584554        45.71
       2.439     0.981250       586409        53.33
       2.495     0.984375       588248        64.00
       2.529     0.985938       589175        71.11
       2.569     0.987500       590145        80.00
       2.611     0.989062       591037        91.43
       2.661     0.990625       591989       106.67
       2.725     0.992188       592906       128.00
       2.765     0.992969       593370       142.22
       2.809     0.993750       593844       160.00
       2.861     0.994531       594315       182.86
       2.925     0.995313       594779       213.33
       3.009     0.996094       595234       256.00
       3.059     0.996484       595468       284.44
       3.125     0.996875       595701       320.00
       3.199     0.997266       595936       365.71
       3.299     0.997656       596168       426.67
       3.435     0.998047       596401       512.00
       3.527     0.998242       596520       568.89
       3.649     0.998437       596636       640.00
       3.795     0.998633       596754       731.43
       3.993     0.998828       596868       853.33
       4.271     0.999023       596985      1024.00
       4.439     0.999121       597044      1137.78
       4.631     0.999219       597102      1280.00
       4.859     0.999316       597160      1462.86
       5.143     0.999414       597220      1706.67
       5.427     0.999512       597278      2048.00
       5.575     0.999561       597306      2275.56
       5.755     0.999609       597336      2560.00
       5.883     0.999658       597364      2925.71
       6.047     0.999707       597394      3413.33
       6.219     0.999756       597424      4096.00
       6.323     0.999780       597438      4551.11
       6.411     0.999805       597453      5120.00
       6.515     0.999829       597466      5851.43
       6.615     0.999854       597481      6826.67
       6.763     0.999878       597496      8192.00
       6.859     0.999890       597503      9102.22
       6.971     0.999902       597510     10240.00
       7.031     0.999915       597517     11702.86
       7.119     0.999927       597525     13653.33
       7.275     0.999939       597532     16384.00
       7.339     0.999945       597536     18204.44
       7.375     0.999951       597539     20480.00
       7.495     0.999957       597543     23405.71
       7.523     0.999963       597547     27306.67
       7.595     0.999969       597550     32768.00
       7.671     0.999973       597552     36408.89
       7.787     0.999976       597554     40960.00
       7.907     0.999979       597556     46811.43
       7.967     0.999982       597558     54613.33
       8.019     0.999985       597559     65536.00
       8.079     0.999986       597560     72817.78
       8.375     0.999988       597561     81920.00
       8.519     0.999989       597562     93622.86
       8.567     0.999991       597563    109226.67
       8.711     0.999992       597564    131072.00
       8.711     0.999993       597564    145635.56
       8.855     0.999994       597565    163840.00
       8.855     0.999995       597565    187245.71
       9.087     0.999995       597566    218453.33
       9.087     0.999996       597566    262144.00
       9.087     0.999997       597566    291271.11
       9.095     0.999997       597567    327680.00
       9.095     0.999997       597567    374491.43
       9.095     0.999998       597567    436906.67
       9.095     0.999998       597567    524288.00
       9.095     0.999998       597567    582542.22
       9.215     0.999998       597568    655360.00
       9.215     1.000000       597568          inf
#[Mean    =        1.250, StdDeviation   =        0.539]
#[Max     =        9.208, Total count    =       597568]
#[Buckets =           27, SubBuckets     =         2048]
----------------------------------------------------------
  898941 requests in 30.00s, 300.05MB read
Requests/sec:  29964.85
Transfer/sec:     10.00MB
WRKX_RESULT {"durationUs":29999848,"requests":898941,"responses":898941,"errors":0,"bytes":314629350,"latencyAvgUs":1249.604,"latencyP95Us":2147.000,"latencyP99Us":2639.000}
