Running 30s test @ http://localhost:9991/
  16 threads and 256 connections
  Thread calibration: mean lat.: 1.106ms, rate sampling interval: 10ms
  Thread calibration: mean lat.: 1.091ms, rate sampling interval: 10ms
  Thread calibration: mean lat.: 1.111ms, rate sampling interval: 10ms
  Thread calibration: mean lat.: 1.092ms, rate sampling interval: 10ms
  Thread calibration: mean lat.: 1.093ms, rate sampling interval: 10ms
  Thread calibration: mean lat.: 1.086ms, rate sampling interval: 10ms
  Thread calibration: mean lat.: 1.103ms, rate sampling interval: 10ms
  Thread calibration: mean lat.: 1.082ms, rate sampling interval: 10ms
  Thread calibration: mean lat.: 1.087ms, rate sampling interval: 10ms
  Thread calibration: mean lat.: 1.095ms, rate sampling interval: 10ms
  Thread calibration: mean lat.: 1.101ms, rate sampling interval: 10ms
  Thread calibration: mean lat.: 1.096ms, rate sampling interval: 10ms
  Thread calibration: mean lat.: 1.087ms, rate sampling interval: 10ms
  Thread calibration: mean lat.: 1.088ms, rate sampling interval: 10ms
  Thread calibration: mean lat.: 1.098ms, rate sampling interval: 10ms
  Thread calibration: mean lat.: 1.097ms, rate sampling interval: 10ms
  Thread Stats   Avg      Stdev     Max   +/- Stdev
    Latency     1.08ms  436.18us   5.89ms   64.74%
    Req/Sec     1.32k   214.87     2.10k    77.30%
  Latency Distribution (HdrHistogram - Recorded Latency)
 50.000%    1.07ms
 75.000%    1.38ms
 90.000%    1.64ms
 99.000%    2.11ms
 99.900%    2.64ms
 99.990%    4.04ms
 99.999%    5.53ms
100.000%    5.89ms

  Detailed Percentile spectrum:
       Value   Percentile   TotalCount 1/(1-Percentile)

       0.169     0.000000            1         1.00
       0.502     0.100000        39905         1.11
       0.662     0.200000        79934         1.25
       0.805     0.300000       119743         1.43
       0.938     0.400000       159556         1.67
       1.066     0.500000       199465         2.00
       1.128     0.550000       219189         2.22
       1.191     0.600000       239296         2.50
       1.253     0.650000       259128         2.86
       1.316     0.700000       279009         3.33
       1.384     0.750000       298947         4.00
       1.420     0.775000       308812         4.44
       1.459     0.800000       318784         5.00
       1.500     0.825000       328764         5.71
       1.544     0.850000       338786         6.67
       1.591     0.875000       348622         8.00
       1.617     0.887500       353644         8.89
       1.645     0.900000       358596        10.00
       1.677     0.912500       363619        11.43
       1.713     0.925000       368602        13.33
       1.754     0.937500       373521        16.00
       1.778     0.943750       376019        17.78
       1.804     0.950000       378511        20.00
       1.832     0.956250       380969        22.86
       1.865     0.962500       383451        26.67
       1.901     0.968750       385933        32.00
       1.922     0.971875       387175        35.56
       1.946     0.975000       388439        40.00
       1.972     0.978125       389690        45.71
       2.001     0.981250       390911        53.33
       2.034     0.984375       392160        64.00
       2.053     0.985938       392796        71.11
       2.075     0.987500       393431        80.00
       2.097     0.989062       394051        91.43
       2.125     0.990625       394681       106.67
       2.155     0.992188       395270       128.00
       2.171     0.992969       395576       142.22
       2.193     0.993750       395917       160.00
       2.215     0.994531       396209       182.86
       2.241     0.995313       396511       213.33
       2.275     0.996094       396829       256.00
       2.295     0.996484       396987       284.44
       2.317     0.996875       397138       320.00
       2.343     0.997266       397294       365.71
       2.383     0.997656       397447       426.67
       2.429     0.998047       397599       512.00
       2.457     0.998242       397677       568.89
       2.489     0.998437       397757       640.00
       2.543     0.998633       397835       731.43
       2.597     0.998828       397911       853.33
       2.653     0.999023       397988      1024.00
       2.709     0.999121       398028      1137.78
       2.755     0.999219       398066      1280.00
       2.797     0.999316       398105      1462.86
       2.881     0.999414       398145      1706.67
       2.949     0.999512       398183      2048.00
       2.999     0.999561       398202      2275.56
       3.051     0.999609       398223      2560.00
       3.121     0.999658       398241      2925.71
       3.207     0.999707       398261      3413.33
       3.291     0.999756       398281      4096.00
       3.345     0.999780       398290      4551.11
       3.447     0.999805       398300      5120.00
       3.549     0.999829       398310      5851.43
       3.691     0.999854       398319      6826.67
       3.835     0.999878       398329      8192.00
       3.927     0.999890       398334      9102.22
       4.071     0.999902       398339     10240.00
       4.143     0.999915       398343     11702.86
       4.311     0.999927       398348     13653.33
       4.499     0.999939       398353     16384.00
       4.539     0.999945       398357     18204.44
       4.635     0.999951       398358     20480.00
       4.671     0.999957       398361     23405.71
       4.691     0.999963       398363     27306.67
       4.791     0.999969       398365     32768.00
       4.819     0.999973       398367     36408.89
       4.855     0.999976       398368     40960.00
       4.923     0.999979       398369     46811.43
       4.979     0.999982       398370     54613.33
       5.191     0.999985       398371     65536.00
       5.487     0.999986       398372     72817.78
       5.527     0.999988       398373     81920.00
       5.527     0.999989       398373     93622.86
       5.575     0.999991       398374    109226.67
       5.575     0.999992       398374    131072.00
       5.639     0.999993       398375    145635.56
       5.639     0.999994       398375    163840.00
       5.639     0.999995       398375    187245.71
       5.767     0.999995       398376    218453.33
       5.767     0.999996       398376    262144.00
       5.767     0.999997       398376    291271.11
       5.767     0.999997       398376    327680.00
       5.767     0.999997       398376    374491.43
       5.895     0.999998       398377    436906.67
       5.895     1.000000       398377          inf
#[Mean    =        1.077, StdDeviation   =        0.436]
#[Max     =        5.892, Total count    =       398377]
#[Buckets =           27, SubBuckets     =         2048]
----------------------------------------------------------
  598143 requests in 30.01s, 199.65MB read
Requests/sec:  19934.73
Transfer/sec:      6.65MB
WRKX_RESULT {"durationUs":30005074,"requests":598143,"responses":598143,"errors":0,"bytes":209350050,"latencyAvgUs":1076.697,"latencyP95Us":1804.000,"latencyP99Us":2111.000}
