Running 30s test @ http://localhost:9991/
  16 threads and 256 connections
  Thread calibration: mean lat.: 1.065ms, rate sampling interval: 10ms
  Thread calibration: mean lat.: 1.066ms, rate sampling interval: 10ms
  Thread calibration: mean lat.: 1.056ms, rate sampling interval: 10ms
  Thread calibration: mean lat.: 1.068ms, rate sampling interval: 10ms
  Thread calibration: mean lat.: 1.060ms, rate sampling interval: 10ms
  Thread calibration: mean lat.: 1.065ms, rate sampling interval: 10ms
  Thread calibration: mean lat.: 1.059ms, rate sampling interval: 10ms
  Thread calibration: mean lat.: 1.062ms, rate sampling interval: 10ms
  Thread calibration: mean lat.: 1.055ms, rate sampling interval: 10ms
  Thread calibration: mean lat.: 1.056ms, rate sampling interval: 10ms
  Thread calibration: mean lat.: 1.055ms, rate sampling interval: 10ms
  Thread calibration: mean lat.: 1.048ms, rate sampling interval: 10ms
  Thread calibration: mean lat.: 1.062ms, rate sampling interval: 10ms
  Thread calibration: mean lat.: 1.049ms, rate sampling interval: 10ms
  Thread calibration: mean lat.: 1.051ms, rate sampling interval: 10ms
  Thread calibration: mean lat.: 1.078ms, rate sampling interval: 10ms
  Thread Stats   Avg      Stdev     Max   +/- Stdev
    Latency     1.03ms  423.21us   4.32ms   64.16%
    Req/Sec   658.67    117.18     1.11k    63.13%
  Latency Distribution (HdrHistogram - Recorded Latency)
 50.000%    1.02ms
 75.000%    1.33ms
 90.000%    1.59ms
 99.000%    2.03ms
 99.900%    2.42ms
 99.990%    3.43ms
 99.999%    4.22ms
100.000%    4.33ms

  Detailed Percentile spectrum:
       Value   Percentile   TotalCount 1/(1-Percentile)

       0.150     0.000000            1         1.00
       0.469     0.100000        19941         1.11
       0.622     0.200000        39870         1.25
       0.764     0.300000        59918         1.43
       0.895     0.400000        79737         1.67
       1.020     0.500000        99624         2.00
       1.083     0.550000       109681         2.22
       1.144     0.600000       119631         2.50
       1.204     0.650000       129544         2.86
       1.265     0.700000       139535         3.33
       1.329     0.750000       149546         4.00
       1.364     0.775000       154405         4.44
       1.404     0.800000       159475         5.00
       1.446     0.825000       164432         5.71
       1.490     0.850000       169421         6.67
       1.536     0.875000       174338         8.00
       1.561     0.887500       176887         8.89
       1.588     0.900000       179386        10.00
       1.619     0.912500       181846        11.43
       1.652     0.925000       184299        13.33
       1.693     0.937500       186808        16.00
       1.716     0.943750       188060        17.78
       1.741     0.950000       189299        20.00
       1.768     0.956250       190511        22.86
       1.801     0.962500       191773        26.67
       1.836     0.968750       193005        32.00
       1.856     0.971875       193636        35.56
       1.877     0.975000       194254        40.00
       1.900     0.978125       194880        45.71
       1.928     0.981250       195503        53.33
       1.958     0.984375       196122        64.00
       1.975     0.985938       196435        71.11
       1.992     0.987500       196737        80.00
       2.012     0.989062       197054        91.43
       2.034     0.990625       197360       106.67
       2.061     0.992188       197696       128.00
       2.075     0.992969       197840       142.22
       2.091     0.993750       197999       160.00
       2.107     0.994531       198140       182.86
       2.131     0.995313       198296       213.33
       2.155     0.996094       198449       256.00
       2.169     0.996484       198533       284.44
       2.185     0.996875       198605       320.00
       2.211     0.997266       198685       365.71
       2.231     0.997656       198764       426.67
       2.267     0.998047       198843       512.00
       2.283     0.998242       198877       568.89
       2.305     0.998437       198919       640.00
       2.325     0.998633       198957       731.43
       2.363     0.998828       198994       853.33
       2.427     0.999023       199035      1024.00
       2.449     0.999121       199052      1137.78
       2.483     0.999219       199073      1280.00
       2.519     0.999316       199091      1462.86
       2.585     0.999414       199113      1706.67
       2.639     0.999512       199130      2048.00
       2.673     0.999561       199141      2275.56
       2.715     0.999609       199150      2560.00
       2.753     0.999658       199159      2925.71
       2.813     0.999707       199169      3413.33
       2.887     0.999756       199179      4096.00
       2.945     0.999780       199184      4551.11
       2.997     0.999805       199189      5120.00
       3.101     0.999829       199193      5851.43
       3.205     0.999854       199198      6826.67
       3.365     0.999878       199203      8192.00
       3.425     0.999890       199206      9102.22
       3.479     0.999902       199208     10240.00
       3.493     0.999915       199210     11702.86
       3.551     0.999927       199213     13653.33
       3.561     0.999939       199215     16384.00
       3.593     0.999945       199217     18204.44
       3.599     0.999951       199218     20480.00
       3.633     0.999957       199219     23405.71
       3.667     0.999963       199220     27306.67
       3.683     0.999969       199221     32768.00
       3.841     0.999973       199222     36408.89
       3.973     0.999976       199223     40960.00
       3.973     0.999979       199223     46811.43
       4.037     0.999982       199224     54613.33
       4.037     0.999985       199224     65536.00
       4.215     0.999986       199225     72817.78
       4.215     0.999988       199225     81920.00
       4.215     0.999989       199225     93622.86
       4.227     0.999991       199226    109226.67
       4.227     0.999992       199226    131072.00
       4.227     0.999993       199226    145635.56
       4.227     0.999994       199226    163840.00
       4.227     0.999995       199226    187245.71
       4.327     0.999995       199227    218453.33
       4.327     1.000000       199227          inf
#[Mean    =        1.030, StdDeviation   =        0.423]
#[Max     =        4.324, Total count    =       199227]
#[Buckets =           27, SubBuckets     =         2048]
----------------------------------------------------------
  299758 requests in 30.00s, 100.06MB read
Requests/sec:   9990.64
Transfer/sec:      3.33MB
WRKX_RESULT {"durationUs":30003888,"requests":299758,"responses":299758,"errors":0,"bytes":104915300,"latencyAvgUs":1030.198,"latencyP95Us":1741.000,"latencyP99Us":2025.000}
