Running 30s test @ http://localhost:9991/
  16 threads and 256 connections
  Thread calibration: mean lat.: 1.932ms, rate sampling interval: 10ms
  Thread calibration: mean lat.: 1.974ms, rate sampling interval: 10ms
  Thread calibration: mean lat.: 1.961ms, rate sampling interval: 10ms
  Thread calibration: mean lat.: 1.899ms, rate sampling interval: 10ms
  Thread calibration: mean lat.: 1.943ms, rate sampling interval: 10ms
  Thread calibration: mean lat.: 2.272ms, rate sampling interval: 10ms
  Thread calibration: mean lat.: 2.210ms, rate sampling interval: 10ms
  Thread calibration: mean lat.: 2.247ms, rate sampling interval: 10ms
  Thread calibration: mean lat.: 2.253ms, rate sampling interval: 10ms
  Thread calibration: mean lat.: 2.253ms, rate sampling interval: 10ms
  Thread calibration: mean lat.: 2.235ms, rate sampling interval: 10ms
  Thread calibration: mean lat.: 2.258ms, rate sampling interval: 10ms
  Thread calibration: mean lat.: 2.212ms, rate sampling interval: 10ms
  Thread calibration: mean lat.: 2.251ms, rate sampling interval: 10ms
  Thread calibration: mean lat.: 2.216ms, rate sampling interval: 10ms
  Thread calibration: mean lat.: 2.240ms, rate sampling interval: 10ms
  Thread Stats   Avg      Stdev     Max   +/- Stdev
    Latency     2.19ms    0.97ms  14.31ms   67.30%
    Req/Sec     3.29k   393.06     5.44k    74.60%
  Latency Distribution (HdrHistogram - Recorded Latency)
 50.000%    2.15ms
 75.000%    2.83ms
 90.000%    3.43ms
 99.000%    4.69ms
 99.900%    6.72ms
 99.990%    9.18ms
 99.999%   13.45ms
100.000%   14.32ms

  Detailed Percentile spectrum:
       Value   Percentile   TotalCount 1/(1-Percentile)

       0.176     0.000000            1         1.00
       0.953     0.100000        99646         1.11
       1.303     0.200000       199256         1.25
       1.610     0.300000       299128         1.43
       1.893     0.400000       398725         1.67
       2.155     0.500000       498061         2.00
       2.283     0.550000       547941         2.22
       2.413     0.600000       598187         2.50
       2.543     0.650000       647617         2.86
       2.679     0.700000       697510         3.33
       2.825     0.750000       747670         4.00
       2.901     0.775000       771932         4.44
       2.985     0.800000       797278         5.00
       3.075     0.825000       822153         5.71
       3.175     0.850000       846677         6.67
       3.291     0.875000       871539         8.00
       3.357     0.887500       884047         8.89
       3.429     0.900000       896629        10.00
       3.507     0.912500       908921        11.43
       3.595     0.925000       921386        13.33
       3.699     0.937500       933873        16.00
       3.757     0.943750       940106        17.78
       3.819     0.950000       946154        20.00
       3.893     0.956250       952490        22.86
       3.975     0.962500       958626        26.67
       4.071     0.968750       964944        32.00
       4.123     0.971875       967996        35.56
       4.187     0.975000       971180        40.00
       4.259     0.978125       974264        45.71
       4.339     0.981250       977317        53.33
       4.439     0.984375       980467        64.00
       4.495     0.985938       981954        71.11
       4.563     0.987500       983526        80.00
       4.639     0.989062       985097        91.43
       4.731     0.990625       986672       106.67
       4.835     0.992188       988168       128.00
       4.903     0.992969       988950       142.22
       4.983     0.993750       989749       160.00
       5.075     0.994531       990525       182.86
       5.183     0.995313       991297       213.33
       5.327     0.996094       992075       256.00
       5.411     0.996484       992461       284.44
       5.511     0.996875       992846       320.00
       5.631     0.997266       993240       365.71
       5.775     0.997656       993624       426.67
       5.951     0.998047       994005       512.00
       6.059     0.998242       994197       568.89
       6.191     0.998437       994396       640.00
       6.343     0.998633       994590       731.43
       6.523     0.998828       994780       853.33
       6.747     0.999023       994977      1024.00
       6.891     0.999121       995074      1137.78
       7.015     0.999219       995169      1280.00
       7.199     0.999316       995268      1462.86
       7.391     0.999414       995364      1706.67
       7.587     0.999512       995461      2048.00
       7.731     0.999561       995510      2275.56
       7.887     0.999609       995558      2560.00
       7.995     0.999658       995607      2925.71
       8.171     0.999707       995657      3413.33
       8.327     0.999756       995704      4096.00
       8.423     0.999780       995729      4551.11
       8.559     0.999805       995753      5120.00
       8.695     0.999829       995777      5851.43
       8.863     0.999854       995803      6826.67
       8.991     0.999878       995827      8192.00
       9.087     0.999890       995838      9102.22
       9.207     0.999902       995850     10240.00
       9.383     0.999915       995862     11702.86
       9.527     0.999927       995875     13653.33
       9.823     0.999939       995887     16384.00
      10.159     0.999945       995893     18204.44
      10.279     0.999951       995900     20480.00
      10.439     0.999957       995905     23405.71
      10.783     0.999963       995911     27306.67
      11.391     0.999969       995917     32768.00
      11.479     0.999973       995920     36408.89
      11.903     0.999976       995923     40960.00
      11.991     0.999979       995926     46811.43
      12.231     0.999982       995929     54613.33
      12.807     0.999985       995932     65536.00
      13.183     0.999986       995934     72817.78
      13.231     0.999988       995935     81920.00
      13.447     0.999989       995937     93622.86
      13.479     0.999991       995938    109226.67
      13.719     0.999992       995940    131072.00
      13.727     0.999993       995941    145635.56
      13.727     0.999994       995941    163840.00
      13.799     0.999995       995942    187245.71
      13.839     0.999995       995943    218453.33
      13.871     0.999996       995944    262144.00
      13.871     0.999997       995944    291271.11
      13.871     0.999997       995944    327680.00
      13.983     0.999997       995945    374491.43
      13.983     0.999998       995945    436906.67
      13.991     0.999998       995946    524288.00
      13.991     0.999998       995946    582542.22
      13.991     0.999998       995946    655360.00
      13.991     0.999999       995946    748982.86
      13.991     0.999999       995946    873813.33
      14.319     0.999999       995947   1048576.00
      14.319     1.000000       995947          inf
#[Mean    =        2.193, StdDeviation   =        0.971]
#[Max     =       14.312, Total count    =       995947]
#[Buckets =           27, SubBuckets     =         2048]
----------------------------------------------------------
  1498127 requests in 30.00s, 500.05MB read
Requests/sec:  49936.10
Transfer/sec:     16.67MB
WRKX_RESULT {"durationUs":30000879,"requests":1498127,"responses":1498127,"errors":0,"bytes":524344450,"latencyAvgUs":2192.553,"latencyP95Us":3819.000,"latencyP99Us":4691.000}
