Running 30s test @ http://localhost:9991/
  16 threads and 256 connections
  Thread calibration: mean lat.: 3224.346ms, rate sampling interval: 11616ms
  Thread calibration: mean lat.: 3258.024ms, rate sampling interval: 11632ms
  Thread calibration: mean lat.: 3227.002ms, rate sampling interval: 11624ms
  Thread calibration: mean lat.: 3235.945ms, rate sampling interval: 11624ms
  Thread calibration: mean lat.: 3239.664ms, rate sampling interval: 11673ms
  Thread calibration: mean lat.: 3231.834ms, rate sampling interval: 11575ms
  Thread calibration: mean lat.: 3231.369ms, rate sampling interval: 11632ms
  Thread calibration: mean lat.: 3222.206ms, rate sampling interval: 11640ms
  Thread calibration: mean lat.: 3209.465ms, rate sampling interval: 11567ms
  Thread calibration: mean lat.: 3228.953ms, rate sampling interval: 11608ms
  Thread calibration: mean lat.: 3224.244ms, rate sampling interval: 11632ms
  Thread calibration: mean lat.: 3235.619ms, rate sampling interval: 11640ms
  Thread calibration: mean lat.: 3226.379ms, rate sampling interval: 11591ms
  Thread calibration: mean lat.: 3235.733ms, rate sampling interval: 11608ms
  Thread calibration: mean lat.: 3211.773ms, rate sampling interval: 11583ms
  Thread calibration: mean lat.: 3207.010ms, rate sampling interval: 11583ms
  Thread Stats   Avg      Stdev     Max   +/- Stdev
    Latency    12.92s     3.76s   19.51s    57.68%
    Req/Sec     4.39k    11.09     4.41k    68.75%
  Latency Distribution (HdrHistogram - Recorded Latency)
 50.000%   12.90s 
 75.000%   16.17s 
 90.000%   18.12s 
 99.000%   19.28s 
 99.900%   19.42s 
 99.990%   19.46s 
 99.999%   19.51s 
100.000%   19.53s 

  Detailed Percentile spectrum:
       Value   Percentile   TotalCount 1/(1-Percentile)

    6365.183     0.000000            3         1.00
    7675.903     0.100000       139655         1.11
    9019.391     0.200000       279224         1.25
   10297.343     0.300000       419101         1.43
   11616.255     0.400000       559081         1.67
   12902.399     0.500000       698533         2.00
   13557.759     0.550000       768612         2.22
   14204.927     0.600000       838438         2.50
   14860.287     0.650000       907612         2.86
   15507.455     0.700000       977933         3.33
   16171.007     0.750000      1047080         4.00
   16515.071     0.775000      1082509         4.44
   16859.135     0.800000      1117985         5.00
   17219.583     0.825000      1152770         5.71
   17514.495     0.850000      1186737         6.67
   17825.791     0.875000      1222247         8.00
   17973.247     0.887500      1239680         8.89
   18120.703     0.900000      1256981        10.00
   18284.543     0.912500      1274612        11.43
   18448.383     0.925000      1291946        13.33
   18628.607     0.937500      1310250        16.00
   18710.527     0.943750      1318922        17.78
   18792.447     0.950000      1327548        20.00
   18874.367     0.956250      1336294        22.86
   18956.287     0.962500      1345305        26.67
   19021.823     0.968750      1352541        32.00
   19070.975     0.971875      1358074        35.56
   19103.743     0.975000      1361779        40.00
   19136.511     0.978125      1365500        45.71
   19185.663     0.981250      1370992        53.33
   19218.431     0.984375      1374613        64.00
   19234.815     0.985938      1376442        71.11
   19267.583     0.987500      1380239        80.00
   19283.967     0.989062      1382212        91.43
   19300.351     0.990625      1384181       106.67
   19316.735     0.992188      1386257       128.00
   19316.735     0.992969      1386257       142.22
   19333.119     0.993750      1388216       160.00
   19349.503     0.994531      1390068       182.86
   19349.503     0.995313      1390068       213.33
   19365.887     0.996094      1391725       256.00
   19365.887     0.996484      1391725       284.44
   19365.887     0.996875      1391725       320.00
   19382.271     0.997266      1393116       365.71
   19382.271     0.997656      1393116       426.67
   19398.655     0.998047      1394205       512.00
   19398.655     0.998242      1394205       568.89
   19398.655     0.998437      1394205       640.00
   19398.655     0.998633      1394205       731.43
   19415.039     0.998828      1394926       853.33
   19415.039     0.999023      1394926      1024.00
   19415.039     0.999121      1394926      1137.78
   19431.423     0.999219      1395403      1280.00
   19431.423     0.999316      1395403      1462.86
   19431.423     0.999414      1395403      1706.67
   19431.423     0.999512      1395403      2048.00
   19447.807     0.999561      1395748      2275.56
   19447.807     0.999609      1395748      2560.00
   19447.807     0.999658      1395748      2925.71
   19447.807     0.999707      1395748      3413.33
   19447.807     0.999756      1395748      4096.00
   19447.807     0.999780      1395748      4551.11
   19464.191     0.999805      1395900      5120.00
   19464.191     0.999829      1395900      5851.43
   19464.191     0.999854      1395900      6826.67
   19464.191     0.999878      1395900      8192.00
   19464.191     0.999890      1395900      9102.22
   19464.191     0.999902      1395900     10240.00
   19480.575     0.999915      1395959     11702.86
   19480.575     0.999927      1395959     13653.33
   19480.575     0.999939      1395959     16384.00
   19480.575     0.999945      1395959     18204.44
   19496.959     0.999951      1396006     20480.00
   19496.959     0.999957      1396006     23405.71
   19496.959     0.999963      1396006     27306.67
   19496.959     0.999969      1396006     32768.00
   19496.959     0.999973      1396006     36408.89
   19496.959     0.999976      1396006     40960.00
   19496.959     0.999979      1396006     46811.43
   19513.343     0.999982      1396026     54613.33
   19513.343     0.999985      1396026     65536.00
   19513.343     0.999986      1396026     72817.78
   19513.343     0.999988      1396026     81920.00
   19513.343     0.999989      1396026     93622.86
   19513.343     0.999991      1396026    109226.67
   19513.343     0.999992      1396026    131072.00
   19513.343     0.999993      1396026    145635.56
   19513.343     0.999994      1396026    163840.00
   19513.343     0.999995      1396026    187245.71
   19529.727     0.999995      1396033    218453.33
   19529.727     1.000000      1396033          inf
#[Mean    =    12915.126, StdDeviation   =     3760.457]
#[Max     =    19513.344, Total count    =      1396033]
#[Buckets =           27, SubBuckets     =         2048]
----------------------------------------------------------
  2113594 requests in 30.00s, 705.49MB read
Requests/sec:  70451.95
Transfer/sec:     23.52MB
WRKX_RESULT {"durationUs":30000505,"requests":2113594,"responses":2113594,"errors":0,"bytes":739757900,"latencyAvgUs":12915126.024,"latencyP95Us":18792447.000,"latencyP99Us":19283967.000}
