Running 30s test @ http://localhost:9991/
  16 threads and 256 connections
  Thread calibration: mean lat.: 1.358ms, rate sampling interval: 10ms
  Thread calibration: mean lat.: 1.373ms, rate sampling interval: 10ms
  Thread calibration: mean lat.: 1.351ms, rate sampling interval: 10ms
  Thread calibration: mean lat.: 1.349ms, rate sampling interval: 10ms
  Thread calibration: mean lat.: 1.374ms, rate sampling interval: 10ms
  Thread calibration: mean lat.: 1.366ms, rate sampling interval: 10ms
  Thread calibration: mean lat.: 1.335ms, rate sampling interval: 10ms
  Thread calibration: mean lat.: 1.366ms, rate sampling interval: 10ms
  Thread calibration: mean lat.: 1.345ms, rate sampling interval: 10ms
  Thread calibration: mean lat.: 1.344ms, rate sampling interval: 10ms
  Thread calibration: mean lat.: 1.353ms, rate sampling interval: 10ms
  Thread calibration: mean lat.: 1.337ms, rate sampling interval: 10ms
  Thread calibration: mean lat.: 1.360ms, rate sampling interval: 10ms
  Thread calibration: mean lat.: 1.346ms, rate sampling interval: 10ms
  Thread calibration: mean lat.: 1.322ms, rate sampling interval: 10ms
  Thread calibration: mean lat.: 1.360ms, rate sampling interval: 10ms
  Thread Stats   Avg      Stdev     Max   +/- Stdev
    Latency     1.18ms  517.16us   6.23ms   66.45%
    Req/Sec     1.64k   133.16     2.44k    77.57%
  Latency Distribution (HdrHistogram - Recorded Latency)
 50.000%    1.15ms
 75.000%    1.53ms
 90.000%    1.86ms
 99.000%    2.52ms
 99.900%    3.32ms
 99.990%    4.91ms
 99.999%    5.55ms
100.000%    6.23ms

  Detailed Percentile spectrum:
       Value   Percentile   TotalCount 1/(1-Percentile)

       0.161     0.000000            1         1.00
       0.533     0.100000        49823         1.11
       0.707     0.200000        99728         1.25
       0.861     0.300000       149657         1.43
       1.007     0.400000       199420         1.67
       1.149     0.500000       249117         2.00
       1.220     0.550000       274044         2.22
       1.292     0.600000       299106         2.50
       1.366     0.650000       323744         2.86
       1.446     0.700000       348857         3.33
       1.530     0.750000       373722         4.00
       1.574     0.775000       386204         4.44
       1.620     0.800000       398495         5.00
       1.670     0.825000       410919         5.71
       1.726     0.850000       423408         6.67
       1.789     0.875000       435916         8.00
       1.824     0.887500       442151         8.89
       1.861     0.900000       448251        10.00
       1.903     0.912500       454484        11.43
       1.950     0.925000       460682        13.33
       2.005     0.937500       466904        16.00
       2.036     0.943750       470037        17.78
       2.071     0.950000       473236        20.00
       2.109     0.956250       476307        22.86
       2.153     0.962500       479445        26.67
       2.201     0.968750       482458        32.00
       2.231     0.971875       484047        35.56
       2.263     0.975000       485604        40.00
       2.299     0.978125       487129        45.71
       2.343     0.981250       488733        53.33
       2.393     0.984375       490243        64.00
       2.423     0.985938       491020        71.11
       2.457     0.987500       491806        80.00
       2.497     0.989062       492580        91.43
       2.539     0.990625       493339       106.67
       2.595     0.992188       494134       128.00
       2.625     0.992969       494514       142.22
       2.663     0.993750       494902       160.00
       2.705     0.994531       495302       182.86
       2.749     0.995313       495675       213.33
       2.805     0.996094       496070       256.00
       2.839     0.996484       496268       284.44
       2.875     0.996875       496453       320.00
       2.921     0.997266       496647       365.71
       2.969     0.997656       496840       426.67
       3.037     0.998047       497036       512.00
       3.075     0.998242       497132       568.89
       3.117     0.998437       497230       640.00
       3.177     0.998633       497329       731.43
       3.235     0.998828       497428       853.33
       3.329     0.999023       497521      1024.00
       3.371     0.999121       497570      1137.78
       3.435     0.999219       497617      1280.00
       3.523     0.999316       497666      1462.86
       3.621     0.999414       497715      1706.67
       3.771     0.999512       497763      2048.00
       3.949     0.999561       497788      2275.56
       4.099     0.999609       497813      2560.00
       4.251     0.999658       497836      2925.71
       4.387     0.999707       497861      3413.33
       4.527     0.999756       497886      4096.00
       4.575     0.999780       497897      4551.11
       4.647     0.999805       497909      5120.00
       4.731     0.999829       497921      5851.43
       4.775     0.999854       497934      6826.67
       4.855     0.999878       497947      8192.00
       4.887     0.999890       497952      9102.22
       4.927     0.999902       497958     10240.00
       4.955     0.999915       497964     11702.86
       5.019     0.999927       497970     13653.33
       5.127     0.999939       497976     16384.00
       5.159     0.999945       497979     18204.44
       5.175     0.999951       497982     20480.00
       5.187     0.999957       497985     23405.71
       5.207     0.999963       497988     27306.67
       5.279     0.999969       497991     32768.00
       5.347     0.999973       497994     36408.89
       5.347     0.999976       497994     40960.00
       5.371     0.999979       497996     46811.43
       5.399     0.999982       497997     54613.33
       5.479     0.999985       497999     65536.00
       5.539     0.999986       498000     72817.78
       5.539     0.999988       498000     81920.00
       5.547     0.999989       498001     93622.86
       5.571     0.999991       498002    109226.67
       5.635     0.999992       498003    131072.00
       5.635     0.999993       498003    145635.56
       5.635     0.999994       498003    163840.00
       5.675     0.999995       498004    187245.71
       5.675     0.999995       498004    218453.33
       5.815     0.999996       498005    262144.00
       5.815     0.999997       498005    291271.11
       5.815     0.999997       498005    327680.00
       5.815     0.999997       498005    374491.43
       5.815     0.999998       498005    436906.67
       6.231     0.999998       498006    524288.00
       6.231     1.000000       498006          inf
#[Mean    =        1.184, StdDeviation   =        0.517]
#[Max     =        6.228, Total count    =       498006]
#[Buckets =           27, SubBuckets     =         2048]
----------------------------------------------------------
  749162 requests in 30.00s, 250.06MB read
Requests/sec:  24970.47
Transfer/sec:      8.33MB
WRKX_RESULT {"durationUs":30001914,"requests":749162,"responses":749162,"errors":0,"bytes":262206700,"latencyAvgUs":1184.435,"latencyP95Us":2071.000,"latencyP99Us":2523.000}
