Running 30s test @ http://localhost:9991/
  16 threads and 256 connections
  Thread calibration: mean lat.: 2740.559ms, rate sampling interval: 10092ms
  Thread calibration: mean lat.: 2760.574ms, rate sampling interval: 10125ms
  Thread calibration: mean lat.: 2734.694ms, rate sampling interval: 10067ms
  Thread calibration: mean lat.: 2752.144ms, rate sampling interval: 10117ms
  Thread calibration: mean lat.: 2734.362ms, rate sampling interval: 10108ms
  Thread calibration: mean lat.: 2766.320ms, rate sampling interval: 10141ms
  Thread calibration: mean lat.: 2745.791ms, rate sampling interval: 10084ms
  Thread calibration: mean lat.: 2714.224ms, rate sampling interval: 10043ms
  Thread calibration: mean lat.: 2733.075ms, rate sampling interval: 10043ms
  Thread calibration: mean lat.: 2737.159ms, rate sampling interval: 10100ms
  Thread calibration: mean lat.: 2736.969ms, rate sampling interval: 10084ms
  Thread calibration: mean lat.: 2749.212ms, rate sampling interval: 10076ms
  Thread calibration: mean lat.: 2741.104ms, rate sampling interval: 10092ms
  Thread calibration: mean lat.: 2735.127ms, rate sampling interval: 10125ms
  Thread calibration: mean lat.: 2778.407ms, rate sampling interval: 10158ms
  Thread calibration: mean lat.: 2730.781ms, rate sampling interval: 10092ms
  Thread Stats   Avg      Stdev     Max   +/- Stdev
    Latency    11.15s     2.98s   16.28s    58.43%
    Req/Sec     4.30k    14.66     4.33k    75.00%
  Latency Distribution (HdrHistogram - Recorded Latency)
 50.000%   11.21s 
 75.000%   13.75s 
 90.000%   15.20s 
 99.000%   16.02s 
 99.900%   16.15s 
 99.990%   16.21s 
 99.999%   16.26s 
100.000%   16.29s 

  Detailed Percentile spectrum:
       Value   Percentile   TotalCount 1/(1-Percentile)

    5562.367     0.000000            2         1.00
    6889.471     0.100000       141994         1.11
    8118.271     0.200000       283570         1.25
    9240.575     0.300000       425418         1.43
   10264.575     0.400000       567799         1.67
   11214.847     0.500000       710025         2.00
   11681.791     0.550000       780665         2.22
   12214.271     0.600000       851236         2.50
   12730.367     0.650000       922554         2.86
   13238.271     0.700000       992745         3.33
   13754.367     0.750000      1063715         4.00
   14008.319     0.775000      1099296         4.44
   14270.463     0.800000      1135132         5.00
   14508.031     0.825000      1169625         5.71
   14745.599     0.850000      1206210         6.67
   14983.167     0.875000      1240905         8.00
   15097.855     0.887500      1258466         8.89
   15204.351     0.900000      1276072        10.00
   15319.039     0.912500      1294159        11.43
   15433.727     0.925000      1312551        13.33
   15540.223     0.937500      1329313        16.00
   15597.567     0.943750      1338549        17.78
   15654.911     0.950000      1347809        20.00
   15712.255     0.956250      1356585        22.86
   15769.599     0.962500      1364787        26.67
   15835.135     0.968750      1374417        32.00
   15859.711     0.971875      1378112        35.56
   15892.479     0.975000      1383282        40.00
   15917.055     0.978125      1387135        45.71
   15949.823     0.981250      1392325        53.33
   15974.399     0.984375      1396145        64.00
   15990.783     0.985938      1398722        71.11
   15998.975     0.987500      1400002        80.00
   16015.359     0.989062      1402487        91.43
   16031.743     0.990625      1404892       106.67
   16048.127     0.992188      1407151       128.00
   16056.319     0.992969      1408262       142.22
   16064.511     0.993750      1409305       160.00
   16072.703     0.994531      1410375       182.86
   16080.895     0.995313      1411328       213.33
   16089.087     0.996094      1412235       256.00
   16097.279     0.996484      1413026       284.44
   16105.471     0.996875      1413732       320.00
   16113.663     0.997266      1414358       365.71
   16121.855     0.997656      1414949       426.67
   16130.047     0.998047      1415434       512.00
   16130.047     0.998242      1415434       568.89
   16138.239     0.998437      1415842       640.00
   16138.239     0.998633      1415842       731.43
   16146.431     0.998828      1416222       853.33
   16154.623     0.999023      1416545      1024.00
   16154.623     0.999121      1416545      1137.78
   16162.815     0.999219      1416807      1280.00
   16162.815     0.999316      1416807      1462.86
   16171.007     0.999414      1417026      1706.67
   16179.199     0.999512      1417197      2048.00
   16179.199     0.999561      1417197      2275.56
   16179.199     0.999609      1417197      2560.00
   16187.391     0.999658      1417344      2925.71
   16187.391     0.999707      1417344      3413.33
   16195.583     0.999756      1417463      4096.00
   16195.583     0.999780      1417463      4551.11
   16195.583     0.999805      1417463      5120.00
   16203.775     0.999829      1417538      5851.43
   16203.775     0.999854      1417538      6826.67
   16211.967     0.999878      1417588      8192.00
   16211.967     0.999890      1417588      9102.22
   16211.967     0.999902      1417588     10240.00
   16220.159     0.999915      1417630     11702.86
   16220.159     0.999927      1417630     13653.33
   16228.351     0.999939      1417663     16384.00
   16228.351     0.999945      1417663     18204.44
   16228.351     0.999951      1417663     20480.00
   16228.351     0.999957      1417663     23405.71
   16236.543     0.999963      1417682     27306.67
   16236.543     0.999969      1417682     32768.00
   16244.735     0.999973      1417699     36408.89
   16244.735     0.999976      1417699     40960.00
   16244.735     0.999979      1417699     46811.43
   16244.735     0.999982      1417699     54613.33
   16252.927     0.999985      1417702     65536.00
   16261.119     0.999986      1417708     72817.78
   16261.119     0.999988      1417708     81920.00
   16261.119     0.999989      1417708     93622.86
   16269.311     0.999991      1417714    109226.67
   16269.311     0.999992      1417714    131072.00
   16269.311     0.999993      1417714    145635.56
   16269.311     0.999994      1417714    163840.00
   16277.503     0.999995      1417719    187245.71
   16277.503     0.999995      1417719    218453.33
   16277.503     0.999996      1417719    262144.00
   16277.503     0.999997      1417719    291271.11
   16277.503     0.999997      1417719    327680.00
   16277.503     0.999997      1417719    374491.43
   16277.503     0.999998      1417719    436906.67
   16285.695     0.999998      1417722    524288.00
   16285.695     1.000000      1417722          inf
#[Mean    =    11153.118, StdDeviation   =     2982.004]
#[Max     =    16277.504, Total count    =      1417722]
#[Buckets =           27, SubBuckets     =         2048]
----------------------------------------------------------
  2077421 requests in 30.00s, 693.41MB read
Requests/sec:  69246.69
Transfer/sec:     23.11MB
WRKX_RESULT {"durationUs":30000293,"requests":2077421,"responses":2077421,"errors":0,"bytes":727097350,"latencyAvgUs":11153117.891,"latencyP95Us":15654911.000,"latencyP99Us":16023551.000}
