Running 30s test @ http://localhost:9991/postgres/orders
  16 threads and 256 connections
  Thread calibration: mean lat.: 4230.978ms, rate sampling interval: 15286ms
  Thread calibration: mean lat.: 4226.335ms, rate sampling interval: 15278ms
  Thread calibration: mean lat.: 4230.260ms, rate sampling interval: 15294ms
  Thread calibration: mean lat.: 4231.317ms, rate sampling interval: 15294ms
  Thread calibration: mean lat.: 4230.522ms, rate sampling interval: 15294ms
  Thread calibration: mean lat.: 4228.131ms, rate sampling interval: 15278ms
  Thread calibration: mean lat.: 4227.327ms, rate sampling interval: 15286ms
  Thread calibration: mean lat.: 4228.910ms, rate sampling interval: 15294ms
  Thread calibration: mean lat.: 4230.944ms, rate sampling interval: 15286ms
  Thread calibration: mean lat.: 4233.866ms, rate sampling interval: 15294ms
  Thread calibration: mean lat.: 4227.102ms, rate sampling interval: 15286ms
  Thread calibration: mean lat.: 4229.254ms, rate sampling interval: 15286ms
  Thread calibration: mean lat.: 4229.726ms, rate sampling interval: 15286ms
  Thread calibration: mean lat.: 4235.653ms, rate sampling interval: 15294ms
  Thread calibration: mean lat.: 4228.418ms, rate sampling interval: 15286ms
  Thread calibration: mean lat.: 4232.301ms, rate sampling interval: 15286ms
  Thread Stats   Avg      Stdev     Max   +/- Stdev
    Latency    16.84s     4.83s   25.53s    58.40%
    Req/Sec   698.00      0.35   699.00    100.00%
  Latency Distribution (HdrHistogram - Recorded Latency)
 50.000%   16.70s 
 75.000%   20.96s 
 90.000%   23.71s 
 99.000%   25.33s 
 99.900%   25.51s 
 99.990%   25.53s 
 99.999%   25.54s 
100.000%   25.54s 

  Detailed Percentile spectrum:
       Value   Percentile   TotalCount 1/(1-Percentile)

    8495.103     0.000000            2         1.00
   10231.807     0.100000        21938         1.11
   11960.319     0.200000        43865         1.25
   13582.335     0.300000        65798         1.43
   15114.239     0.400000        87682         1.67
   16695.295     0.500000       109625         2.00
   17498.111     0.550000       120581         2.22
   18317.311     0.600000       131497         2.50
   19120.127     0.650000       142498         2.86
   20004.863     0.700000       153446         3.33
   20955.135     0.750000       164527         4.00
   21430.271     0.775000       169850         4.44
   21889.023     0.800000       175388         5.00
   22315.007     0.825000       180965         5.71
   22757.375     0.850000       186392         6.67
   23216.127     0.875000       191782         8.00
   23478.271     0.887500       194659         8.89
   23707.647     0.900000       197356        10.00
   23937.023     0.912500       200068        11.43
   24166.399     0.925000       202727        13.33
   24395.775     0.937500       205508        16.00
   24510.463     0.943750       206889        17.78
   24625.151     0.950000       208362        20.00
   24723.455     0.956250       209639        22.86
   24838.143     0.962500       211039        26.67
   24936.447     0.968750       212358        32.00
   25001.983     0.971875       213178        35.56
   25051.135     0.975000       213797        40.00
   25100.287     0.978125       214377        45.71
   25165.823     0.981250       215078        53.33
   25231.359     0.984375       215842        64.00
   25264.127     0.985938       216257        71.11
   25280.511     0.987500       216454        80.00
   25313.279     0.989062       216837        91.43
   25346.047     0.990625       217205       106.67
   25378.815     0.992188       217579       128.00
   25395.199     0.992969       217779       142.22
   25411.583     0.993750       217975       160.00
   25411.583     0.994531       217975       182.86
   25427.967     0.995313       218159       213.33
   25444.351     0.996094       218357       256.00
   25460.735     0.996484       218537       284.44
   25460.735     0.996875       218537       320.00
   25477.119     0.997266       218716       365.71
   25477.119     0.997656       218716       426.67
   25493.503     0.998047       218891       512.00
   25493.503     0.998242       218891       568.89
   25493.503     0.998437       218891       640.00
   25493.503     0.998633       218891       731.43
   25509.887     0.998828       219051       853.33
   25509.887     0.999023       219051      1024.00
   25509.887     0.999121       219051      1137.78
   25509.887     0.999219       219051      1280.00
   25509.887     0.999316       219051      1462.86
   25509.887     0.999414       219051      1706.67
   25509.887     0.999512       219051      2048.00
   25526.271     0.999561       219137      2275.56
   25526.271     0.999609       219137      2560.00
   25526.271     0.999658       219137      2925.71
   25526.271     0.999707       219137      3413.33
   25526.271     0.999756       219137      4096.00
   25526.271     0.999780       219137      4551.11
   25526.271     0.999805       219137      5120.00
   25526.271     0.999829       219137      5851.43
   25526.271     0.999854       219137      6826.67
   25526.271     0.999878       219137      8192.00
   25526.271     0.999890       219137      9102.22
   25526.271     0.999902       219137     10240.00
   25542.655     0.999915       219158     11702.86
   25542.655     1.000000       219158          inf
#[Mean    =    16842.474, StdDeviation   =     4827.013]
#[Max     =    25526.272, Total count    =       219158]
#[Buckets =           27, SubBuckets     =         2048]
----------------------------------------------------------
  333632 requests in 30.00s, 4.47GB read
Requests/sec:  11119.62
Transfer/sec:    152.70MB
WRKX_RESULT {"durationUs":30003904,"requests":333632,"responses":333632,"errors":0,"bytes":4804300800,"latencyAvgUs":16842473.841,"latencyP95Us":24625151.000,"latencyP99Us":25329663.000}
