Running 30s test @ http://localhost:9991/postgres/orders
  16 threads and 256 connections
  Thread calibration: mean lat.: 12.783ms, rate sampling interval: 66ms
  Thread calibration: mean lat.: 12.796ms, rate sampling interval: 67ms
  Thread calibration: mean lat.: 12.910ms, rate sampling interval: 67ms
  Thread calibration: mean lat.: 12.968ms, rate sampling interval: 68ms
  Thread calibration: mean lat.: 12.866ms, rate sampling interval: 68ms
  Thread calibration: mean lat.: 12.869ms, rate sampling interval: 67ms
  Thread calibration: mean lat.: 12.891ms, rate sampling interval: 68ms
  Thread calibration: mean lat.: 13.096ms, rate sampling interval: 67ms
  Thread calibration: mean lat.: 13.166ms, rate sampling interval: 68ms
  Thread calibration: mean lat.: 13.198ms, rate sampling interval: 68ms
  Thread calibration: mean lat.: 13.236ms, rate sampling interval: 68ms
  Thread calibration: mean lat.: 13.153ms, rate sampling interval: 69ms
  Thread calibration: mean lat.: 13.253ms, rate sampling interval: 69ms
  Thread calibration: mean lat.: 13.237ms, rate sampling interval: 68ms
  Thread calibration: mean lat.: 13.282ms, rate sampling interval: 68ms
  Thread calibration: mean lat.: 13.264ms, rate sampling interval: 70ms
  Thread Stats   Avg      Stdev     Max   +/- Stdev
    Latency     6.06ms    8.19ms  62.62ms   94.42%
    Req/Sec   629.11     47.89   835.00     90.95%
  Latency Distribution (HdrHistogram - Recorded Latency)
 50.000%    4.11ms
 75.000%    5.62ms
 90.000%    7.45ms
 99.000%   50.56ms
 99.900%   57.92ms
 99.990%   60.99ms
 99.999%   62.27ms
100.000%   62.65ms

  Detailed Percentile spectrum:
       Value   Percentile   TotalCount 1/(1-Percentile)

       1.033     0.000000            1         1.00
       2.283     0.100000        19923         1.11
       2.749     0.200000        39920         1.25
       3.175     0.300000        59809         1.43
       3.627     0.400000        79691         1.67
       4.111     0.500000        99746         2.00
       4.367     0.550000       109627         2.22
       4.639     0.600000       119525         2.50
       4.935     0.650000       129588         2.86
       5.255     0.700000       139419         3.33
       5.623     0.750000       149411         4.00
       5.827     0.775000       154361         4.44
       6.047     0.800000       159378         5.00
       6.295     0.825000       164376         5.71
       6.583     0.850000       169331         6.67
       6.943     0.875000       174321         8.00
       7.167     0.887500       176768         8.89
       7.451     0.900000       179266        10.00
       7.875     0.912500       181742        11.43
       8.639     0.925000       184243        13.33
      11.647     0.937500       186717        16.00
      14.055     0.943750       187962        17.78
      17.663     0.950000       189207        20.00
      22.335     0.956250       190452        22.86
      28.543     0.962500       191696        26.67
      34.239     0.968750       192946        32.00
      37.279     0.971875       193566        35.56
      39.967     0.975000       194192        40.00
      42.527     0.978125       194818        45.71
      44.607     0.981250       195431        53.33
      46.719     0.984375       196056        64.00
      47.775     0.985938       196368        71.11
      48.767     0.987500       196675        80.00
      49.855     0.989062       196987        91.43
      51.007     0.990625       197298       106.67
      52.031     0.992188       197617       128.00
      52.543     0.992969       197766       142.22
      53.055     0.993750       197923       160.00
      53.631     0.994531       198077       182.86
      54.143     0.995313       198232       213.33
      54.719     0.996094       198391       256.00
      55.071     0.996484       198469       284.44
      55.391     0.996875       198546       320.00
      55.743     0.997266       198623       365.71
      56.255     0.997656       198699       426.67
      56.671     0.998047       198778       512.00
      56.927     0.998242       198817       568.89
      57.247     0.998437       198859       640.00
      57.439     0.998633       198895       731.43
      57.663     0.998828       198932       853.33
      57.983     0.999023       198972      1024.00
      58.175     0.999121       198990      1137.78
      58.431     0.999219       199009      1280.00
      58.623     0.999316       199031      1462.86
      58.879     0.999414       199048      1706.67
      59.263     0.999512       199067      2048.00
      59.487     0.999561       199078      2275.56
      59.679     0.999609       199087      2560.00
      59.807     0.999658       199097      2925.71
      59.967     0.999707       199106      3413.33
      60.223     0.999756       199120      4096.00
      60.255     0.999780       199123      4551.11
      60.287     0.999805       199126      5120.00
      60.351     0.999829       199130      5851.43
      60.479     0.999854       199135      6826.67
      60.639     0.999878       199140      8192.00
      60.991     0.999890       199146      9102.22
      60.991     0.999902       199146     10240.00
      61.023     0.999915       199148     11702.86
      61.119     0.999927       199150     13653.33
      61.183     0.999939       199153     16384.00
      61.215     0.999945       199154     18204.44
      61.279     0.999951       199155     20480.00
      61.311     0.999957       199157     23405.71
      61.311     0.999963       199157     27306.67
      61.343     0.999969       199158     32768.00
      61.695     0.999973       199159     36408.89
      61.919     0.999976       199160     40960.00
      61.919     0.999979       199160     46811.43
      62.079     0.999982       199161     54613.33
      62.079     0.999985       199161     65536.00
      62.271     0.999986       199163     72817.78
      62.271     0.999988       199163     81920.00
      62.271     0.999989       199163     93622.86
      62.271     0.999991       199163    109226.67
      62.271     0.999992       199163    131072.00
      62.271     0.999993       199163    145635.56
      62.271     0.999994       199163    163840.00
      62.271     0.999995       199163    187245.71
      62.655     0.999995       199164    218453.33
      62.655     1.000000       199164          inf
#[Mean    =        6.058, StdDeviation   =        8.193]
#[Max     =       62.624, Total count    =       199164]
#[Buckets =           27, SubBuckets     =         2048]
----------------------------------------------------------
  299692 requests in 30.00s, 4.02GB read
Requests/sec:   9989.54
Transfer/sec:    137.19MB
WRKX_RESULT {"durationUs":30000581,"requests":299692,"responses":299692,"errors":0,"bytes":4315564800,"latencyAvgUs":6057.850,"latencyP95Us":17663.000,"latencyP99Us":50559.000}
