Running 30s test @ http://localhost:9991/postgres/orders
  16 threads and 256 connections
  Thread calibration: mean lat.: 2626.813ms, rate sampling interval: 9576ms
  Thread calibration: mean lat.: 2629.009ms, rate sampling interval: 9576ms
  Thread calibration: mean lat.: 2628.960ms, rate sampling interval: 9568ms
  Thread calibration: mean lat.: 2625.123ms, rate sampling interval: 9568ms
  Thread calibration: mean lat.: 2625.871ms, rate sampling interval: 9568ms
  Thread calibration: mean lat.: 2625.052ms, rate sampling interval: 9568ms
  Thread calibration: mean lat.: 2629.710ms, rate sampling interval: 9576ms
  Thread calibration: mean lat.: 2629.630ms, rate sampling interval: 9568ms
  Thread calibration: mean lat.: 2466.829ms, rate sampling interval: 8790ms
  Thread calibration: mean lat.: 2628.012ms, rate sampling interval: 9576ms
  Thread calibration: mean lat.: 2631.580ms, rate sampling interval: 9584ms
  Thread calibration: mean lat.: 2630.899ms, rate sampling interval: 9576ms
  Thread calibration: mean lat.: 2628.546ms, rate sampling interval: 9576ms
  Thread calibration: mean lat.: 2630.119ms, rate sampling interval: 9568ms
  Thread calibration: mean lat.: 2627.390ms, rate sampling interval: 9576ms
  Thread calibration: mean lat.: 2629.532ms, rate sampling interval: 9576ms
  Thread Stats   Avg      Stdev     Max   +/- Stdev
    Latency    10.49s     3.13s   16.29s    58.25%
    Req/Sec   705.12     21.45   728.00     93.75%
  Latency Distribution (HdrHistogram - Recorded Latency)
 50.000%   10.44s 
 75.000%   13.14s 
 90.000%   14.97s 
 99.000%   16.13s 
 99.900%   16.25s 
 99.990%   16.28s 
 99.999%   16.29s 
100.000%   16.29s 

  Detailed Percentile spectrum:
       Value   Percentile   TotalCount 1/(1-Percentile)

    4849.663     0.000000            2         1.00
    6295.551     0.100000        22443         1.11
    7245.823     0.200000        44916         1.25
    8286.207     0.300000        67260         1.43
    9338.879     0.400000        89679         1.67
   10436.607     0.500000       112187         2.00
   10936.319     0.550000       123308         2.22
   11403.263     0.600000       134532         2.50
   11943.935     0.650000       145806         2.86
   12525.567     0.700000       156924         3.33
   13139.967     0.750000       168134         4.00
   13426.687     0.775000       173880         4.44
   13705.215     0.800000       179475         5.00
   13991.935     0.825000       185028         5.71
   14303.231     0.850000       190629         6.67
   14639.103     0.875000       196293         8.00
   14802.943     0.887500       199092         8.89
   14966.783     0.900000       201761        10.00
   15138.815     0.912500       204680        11.43
   15294.463     0.925000       207492        13.33
   15466.495     0.937500       210294        16.00
   15540.223     0.943750       211632        17.78
   15613.951     0.950000       212978        20.00
   15687.679     0.956250       214407        22.86
   15769.599     0.962500       215797        26.67
   15851.519     0.968750       217241        32.00
   15892.479     0.971875       217943        35.56
   15933.439     0.975000       218670        40.00
   15974.399     0.978125       219393        45.71
   16007.167     0.981250       219975        53.33
   16048.127     0.984375       220694        64.00
   16072.703     0.985938       221112        71.11
   16089.087     0.987500       221375        80.00
   16113.663     0.989062       221780        91.43
   16138.239     0.990625       222184       106.67
   16162.815     0.992188       222556       128.00
   16171.007     0.992969       222673       142.22
   16179.199     0.993750       222805       160.00
   16195.583     0.994531       223074       182.86
   16203.775     0.995313       223202       213.33
   16211.967     0.996094       223365       256.00
   16220.159     0.996484       223511       284.44
   16220.159     0.996875       223511       320.00
   16228.351     0.997266       223651       365.71
   16236.543     0.997656       223807       426.67
   16236.543     0.998047       223807       512.00
   16236.543     0.998242       223807       568.89
   16244.735     0.998437       223935       640.00
   16244.735     0.998633       223935       731.43
   16244.735     0.998828       223935       853.33
   16252.927     0.999023       224030      1024.00
   16252.927     0.999121       224030      1137.78
   16252.927     0.999219       224030      1280.00
   16252.927     0.999316       224030      1462.86
   16261.119     0.999414       224113      1706.67
   16261.119     0.999512       224113      2048.00
   16261.119     0.999561       224113      2275.56
   16261.119     0.999609       224113      2560.00
   16261.119     0.999658       224113      2925.71
   16261.119     0.999707       224113      3413.33
   16269.311     0.999756       224151      4096.00
   16269.311     0.999780       224151      4551.11
   16269.311     0.999805       224151      5120.00
   16269.311     0.999829       224151      5851.43
   16269.311     0.999854       224151      6826.67
   16269.311     0.999878       224151      8192.00
   16277.503     0.999890       224172      9102.22
   16277.503     0.999902       224172     10240.00
   16277.503     0.999915       224172     11702.86
   16277.503     0.999927       224172     13653.33
   16277.503     0.999939       224172     16384.00
   16277.503     0.999945       224172     18204.44
   16277.503     0.999951       224172     20480.00
   16277.503     0.999957       224172     23405.71
   16277.503     0.999963       224172     27306.67
   16277.503     0.999969       224172     32768.00
   16277.503     0.999973       224172     36408.89
   16277.503     0.999976       224172     40960.00
   16285.695     0.999979       224176     46811.43
   16285.695     0.999982       224176     54613.33
   16285.695     0.999985       224176     65536.00
   16285.695     0.999986       224176     72817.78
   16285.695     0.999988       224176     81920.00
   16285.695     0.999989       224176     93622.86
   16285.695     0.999991       224176    109226.67
   16285.695     0.999992       224176    131072.00
   16285.695     0.999993       224176    145635.56
   16285.695     0.999994       224176    163840.00
   16285.695     0.999995       224176    187245.71
   16285.695     0.999995       224176    218453.33
   16293.887     0.999996       224177    262144.00
   16293.887     1.000000       224177          inf
#[Mean    =    10488.519, StdDeviation   =     3132.624]
#[Max     =    16285.696, Total count    =       224177]
#[Buckets =           27, SubBuckets     =         2048]
----------------------------------------------------------
  341959 requests in 30.00s, 4.59GB read
Requests/sec:  11397.38
Transfer/sec:    156.52MB
WRKX_RESULT {"durationUs":30003305,"requests":341959,"responses":341959,"errors":0,"bytes":4924209600,"latencyAvgUs":10488518.689,"latencyP95Us":15613951.000,"latencyP99Us":16130047.000}
