Running 30s test @ http://localhost:9991/postgres/orders
  16 threads and 256 connections
  Thread calibration: mean lat.: 4016.909ms, rate sampling interval: 14188ms
  Thread calibration: mean lat.: 4012.905ms, rate sampling interval: 14180ms
  Thread calibration: mean lat.: 4017.549ms, rate sampling interval: 14188ms
  Thread calibration: mean lat.: 4015.076ms, rate sampling interval: 14188ms
  Thread calibration: mean lat.: 4015.950ms, rate sampling interval: 14188ms
  Thread calibration: mean lat.: 4017.261ms, rate sampling interval: 14188ms
  Thread calibration: mean lat.: 4016.209ms, rate sampling interval: 14188ms
  Thread calibration: mean lat.: 4013.874ms, rate sampling interval: 14188ms
  Thread calibration: mean lat.: 4015.779ms, rate sampling interval: 14180ms
  Thread calibration: mean lat.: 4013.974ms, rate sampling interval: 14188ms
  Thread calibration: mean lat.: 4013.256ms, rate sampling interval: 14180ms
  Thread calibration: mean lat.: 4013.654ms, rate sampling interval: 14180ms
  Thread calibration: mean lat.: 4023.637ms, rate sampling interval: 14188ms
  Thread calibration: mean lat.: 4015.300ms, rate sampling interval: 14188ms
  Thread calibration: mean lat.: 4023.261ms, rate sampling interval: 14196ms
  Thread calibration: mean lat.: 4018.468ms, rate sampling interval: 14188ms
  Thread Stats   Avg      Stdev     Max   +/- Stdev
    Latency    15.43s     4.33s   23.12s    58.58%
    Req/Sec   734.44      0.50   735.00    100.00%
  Latency Distribution (HdrHistogram - Recorded Latency)
 50.000%   15.43s 
 75.000%   19.10s 
 90.000%   21.48s 
 99.000%   22.95s 
 99.900%   23.10s 
 99.990%   23.12s 
 99.999%   23.13s 
100.000%   23.13s 

  Detailed Percentile spectrum:
       Value   Percentile   TotalCount 1/(1-Percentile)

    7782.399     0.000000            1         1.00
    9412.607     0.100000        23212         1.11
   11010.047     0.200000        46319         1.25
   12509.183     0.300000        69408         1.43
   13967.359     0.400000        92542         1.67
   15433.727     0.500000       115643         2.00
   16154.623     0.550000       127195         2.22
   16908.287     0.600000       138840         2.50
   17612.799     0.650000       150415         2.86
   18333.695     0.700000       162001         3.33
   19103.743     0.750000       173616         4.00
   19513.343     0.775000       179250         4.44
   19890.175     0.800000       185069         5.00
   20283.391     0.825000       190929         5.71
   20676.607     0.850000       196749         6.67
   21069.823     0.875000       202477         8.00
   21266.431     0.887500       205342         8.89
   21479.423     0.900000       208311        10.00
   21676.031     0.912500       211080        11.43
   21889.023     0.925000       214084        13.33
   22085.631     0.937500       216967        16.00
   22183.935     0.943750       218377        17.78
   22282.239     0.950000       219833        20.00
   22380.543     0.956250       221171        22.86
   22495.231     0.962500       222708        26.67
   22593.535     0.968750       224084        32.00
   22642.687     0.971875       224762        35.56
   22691.839     0.975000       225480        40.00
   22740.991     0.978125       226165        45.71
   22806.527     0.981250       226958        53.33
   22855.679     0.984375       227619        64.00
   22888.447     0.985938       228065        71.11
   22921.215     0.987500       228540        80.00
   22937.599     0.989062       228770        91.43
   22970.367     0.990625       229234       106.67
   22986.751     0.992188       229475       128.00
   23003.135     0.992969       229720       142.22
   23019.519     0.993750       229961       160.00
   23019.519     0.994531       229961       182.86
   23035.903     0.995313       230204       213.33
   23052.287     0.996094       230455       256.00
   23052.287     0.996484       230455       284.44
   23068.671     0.996875       230705       320.00
   23068.671     0.997266       230705       365.71
   23068.671     0.997656       230705       426.67
   23085.055     0.998047       230942       512.00
   23085.055     0.998242       230942       568.89
   23085.055     0.998437       230942       640.00
   23085.055     0.998633       230942       731.43
   23085.055     0.998828       230942       853.33
   23101.439     0.999023       231121      1024.00
   23101.439     0.999121       231121      1137.78
   23101.439     0.999219       231121      1280.00
   23101.439     0.999316       231121      1462.86
   23101.439     0.999414       231121      1706.67
   23101.439     0.999512       231121      2048.00
   23101.439     0.999561       231121      2275.56
   23117.823     0.999609       231206      2560.00
   23117.823     0.999658       231206      2925.71
   23117.823     0.999707       231206      3413.33
   23117.823     0.999756       231206      4096.00
   23117.823     0.999780       231206      4551.11
   23117.823     0.999805       231206      5120.00
   23117.823     0.999829       231206      5851.43
   23117.823     0.999854       231206      6826.67
   23117.823     0.999878       231206      8192.00
   23117.823     0.999890       231206      9102.22
   23117.823     0.999902       231206     10240.00
   23117.823     0.999915       231206     11702.86
   23117.823     0.999927       231206     13653.33
   23117.823     0.999939       231206     16384.00
   23117.823     0.999945       231206     18204.44
   23117.823     0.999951       231206     20480.00
   23117.823     0.999957       231206     23405.71
   23117.823     0.999963       231206     27306.67
   23117.823     0.999969       231206     32768.00
   23117.823     0.999973       231206     36408.89
   23134.207     0.999976       231212     40960.00
   23134.207     1.000000       231212          inf
#[Mean    =    15434.738, StdDeviation   =     4331.744]
#[Max     =    23117.824, Total count    =       231212]
#[Buckets =           27, SubBuckets     =         2048]
----------------------------------------------------------
  343082 requests in 30.00s, 4.60GB read
Requests/sec:  11435.68
Transfer/sec:    157.05MB
WRKX_RESULT {"durationUs":30001007,"requests":343082,"responses":343082,"errors":0,"bytes":4940380800,"latencyAvgUs":15434738.102,"latencyP95Us":22282239.000,"latencyP99Us":22953983.000}
