Running 30s test @ http://localhost:9991/postgres/orders
  16 threads and 256 connections
  Thread calibration: mean lat.: 1180.129ms, rate sampling interval: 4657ms
  Thread calibration: mean lat.: 1184.087ms, rate sampling interval: 4665ms
  Thread calibration: mean lat.: 1182.846ms, rate sampling interval: 4661ms
  Thread calibration: mean lat.: 1182.376ms, rate sampling interval: 4665ms
  Thread calibration: mean lat.: 1183.049ms, rate sampling interval: 4665ms
  Thread calibration: mean lat.: 1184.772ms, rate sampling interval: 4673ms
  Thread calibration: mean lat.: 1184.632ms, rate sampling interval: 4669ms
  Thread calibration: mean lat.: 1183.732ms, rate sampling interval: 4661ms
  Thread calibration: mean lat.: 1184.650ms, rate sampling interval: 4669ms
  Thread calibration: mean lat.: 1185.652ms, rate sampling interval: 4673ms
  Thread calibration: mean lat.: 1186.053ms, rate sampling interval: 4669ms
  Thread calibration: mean lat.: 1184.022ms, rate sampling interval: 4665ms
  Thread calibration: mean lat.: 1186.151ms, rate sampling interval: 4665ms
  Thread calibration: mean lat.: 1188.235ms, rate sampling interval: 4677ms
  Thread calibration: mean lat.: 1189.265ms, rate sampling interval: 4673ms
  Thread calibration: mean lat.: 1184.496ms, rate sampling interval: 4673ms
  Thread Stats   Avg      Stdev     Max   +/- Stdev
    Latency     5.46s     1.69s    8.54s    58.37%
    Req/Sec   661.95     11.71   673.00     75.00%
  Latency Distribution (HdrHistogram - Recorded Latency)
 50.000%    5.45s 
 75.000%    6.89s 
 90.000%    7.90s 
 99.000%    8.44s 
 99.900%    8.50s 
 99.990%    8.53s 
 99.999%    8.54s 
100.000%    8.54s 

  Detailed Percentile spectrum:
       Value   Percentile   TotalCount 1/(1-Percentile)

    2600.959     0.000000            1         1.00
    3115.007     0.100000        21180         1.11
    3741.695     0.200000        42230         1.25
    4321.279     0.300000        63471         1.43
    4812.799     0.400000        84505         1.67
    5447.679     0.500000       105564         2.00
    5701.631     0.550000       116172         2.22
    5914.623     0.600000       126601         2.50
    6262.783     0.650000       137142         2.86
    6586.367     0.700000       147735         3.33
    6893.567     0.750000       158294         4.00
    7049.215     0.775000       163592         4.44
    7229.439     0.800000       168831         5.00
    7393.279     0.825000       174201         5.71
    7524.351     0.850000       179379         6.67
    7688.191     0.875000       184741         8.00
    7806.975     0.887500       187255         8.89
    7897.087     0.900000       189903        10.00
    7962.623     0.912500       192621        11.43
    8036.351     0.925000       195200        13.33
    8114.175     0.937500       197837        16.00
    8159.231     0.943750       199132        17.78
    8208.383     0.950000       200557        20.00
    8245.247     0.956250       201855        22.86
    8278.015     0.962500       203211        26.67
    8306.687     0.968750       204474        32.00
    8323.071     0.971875       205114        35.56
    8339.455     0.975000       205737        40.00
    8359.935     0.978125       206444        45.71
    8380.415     0.981250       207152        53.33
    8396.799     0.984375       207725        64.00
    8404.991     0.985938       208019        71.11
    8421.375     0.987500       208586        80.00
    8429.567     0.989062       208858        91.43
    8437.759     0.990625       209120       106.67
    8445.951     0.992188       209384       128.00
    8454.143     0.992969       209653       142.22
    8462.335     0.993750       209931       160.00
    8462.335     0.994531       209931       182.86
    8470.527     0.995313       210199       213.33
    8470.527     0.996094       210199       256.00
    8478.719     0.996484       210435       284.44
    8478.719     0.996875       210435       320.00
    8478.719     0.997266       210435       365.71
    8486.911     0.997656       210638       426.67
    8486.911     0.998047       210638       512.00
    8486.911     0.998242       210638       568.89
    8495.103     0.998437       210784       640.00
    8495.103     0.998633       210784       731.43
    8495.103     0.998828       210784       853.33
    8495.103     0.999023       210784      1024.00
    8503.295     0.999121       210872      1137.78
    8503.295     0.999219       210872      1280.00
    8503.295     0.999316       210872      1462.86
    8503.295     0.999414       210872      1706.67
    8503.295     0.999512       210872      2048.00
    8511.487     0.999561       210917      2275.56
    8511.487     0.999609       210917      2560.00
    8511.487     0.999658       210917      2925.71
    8511.487     0.999707       210917      3413.33
    8519.679     0.999756       210946      4096.00
    8519.679     0.999780       210946      4551.11
    8519.679     0.999805       210946      5120.00
    8519.679     0.999829       210946      5851.43
    8519.679     0.999854       210946      6826.67
    8527.871     0.999878       210963      8192.00
    8527.871     0.999890       210963      9102.22
    8527.871     0.999902       210963     10240.00
    8527.871     0.999915       210963     11702.86
    8527.871     0.999927       210963     13653.33
    8527.871     0.999939       210963     16384.00
    8527.871     0.999945       210963     18204.44
    8527.871     0.999951       210963     20480.00
    8536.063     0.999957       210972     23405.71
    8536.063     0.999963       210972     27306.67
    8536.063     0.999969       210972     32768.00
    8536.063     0.999973       210972     36408.89
    8536.063     0.999976       210972     40960.00
    8536.063     0.999979       210972     46811.43
    8536.063     0.999982       210972     54613.33
    8536.063     0.999985       210972     65536.00
    8536.063     0.999986       210972     72817.78
    8536.063     0.999988       210972     81920.00
    8536.063     0.999989       210972     93622.86
    8536.063     0.999991       210972    109226.67
    8536.063     0.999992       210972    131072.00
    8536.063     0.999993       210972    145635.56
    8536.063     0.999994       210972    163840.00
    8536.063     0.999995       210972    187245.71
    8544.255     0.999995       210973    218453.33
    8544.255     1.000000       210973          inf
#[Mean    =     5458.238, StdDeviation   =     1692.718]
#[Max     =     8536.064, Total count    =       210973]
#[Buckets =           27, SubBuckets     =         2048]
----------------------------------------------------------
  322209 requests in 30.00s, 4.32GB read
Requests/sec:  10739.84
Transfer/sec:    147.49MB
WRKX_RESULT {"durationUs":30001288,"requests":322209,"responses":322209,"errors":0,"bytes":4639809600,"latencyAvgUs":5458238.461,"latencyP95Us":8208383.000,"latencyP99Us":8437759.000}
