Running 30s test @ http://localhost:9991/postgres/orders
  16 threads and 256 connections
  Thread calibration: mean lat.: 3616.042ms, rate sampling interval: 12918ms
  Thread calibration: mean lat.: 3617.058ms, rate sampling interval: 12910ms
  Thread calibration: mean lat.: 3614.805ms, rate sampling interval: 12918ms
  Thread calibration: mean lat.: 3614.591ms, rate sampling interval: 12910ms
  Thread calibration: mean lat.: 3613.484ms, rate sampling interval: 12910ms
  Thread calibration: mean lat.: 3613.903ms, rate sampling interval: 12918ms
  Thread calibration: mean lat.: 3613.141ms, rate sampling interval: 12910ms
  Thread calibration: mean lat.: 3613.506ms, rate sampling interval: 12910ms
  Thread calibration: mean lat.: 3613.715ms, rate sampling interval: 12910ms
  Thread calibration: mean lat.: 3614.356ms, rate sampling interval: 12910ms
  Thread calibration: mean lat.: 3614.656ms, rate sampling interval: 12910ms
  Thread calibration: mean lat.: 3612.777ms, rate sampling interval: 12910ms
  Thread calibration: mean lat.: 3611.425ms, rate sampling interval: 12902ms
  Thread calibration: mean lat.: 3619.501ms, rate sampling interval: 12910ms
  Thread calibration: mean lat.: 3619.006ms, rate sampling interval: 12910ms
  Thread calibration: mean lat.: 3623.417ms, rate sampling interval: 12918ms
  Thread Stats   Avg      Stdev     Max   +/- Stdev
    Latency    14.01s     4.08s   21.54s    57.83%
    Req/Sec   730.56      0.50   731.00    100.00%
  Latency Distribution (HdrHistogram - Recorded Latency)
 50.000%   13.83s 
 75.000%   17.50s 
 90.000%   19.82s 
 99.000%   21.36s 
 99.900%   21.51s 
 99.990%   21.54s 
 99.999%   21.56s 
100.000%   21.56s 

  Detailed Percentile spectrum:
       Value   Percentile   TotalCount 1/(1-Percentile)

    7159.807     0.000000            2         1.00
    8552.447     0.100000        22361         1.11
    9814.015     0.200000        44689         1.25
   11198.463     0.300000        66889         1.43
   12476.415     0.400000        89282         1.67
   13828.095     0.500000       111533         2.00
   14524.415     0.550000       122664         2.22
   15220.735     0.600000       133826         2.50
   15892.479     0.650000       144934         2.86
   16687.103     0.700000       156043         3.33
   17498.111     0.750000       167379         4.00
   17907.711     0.775000       172791         4.44
   18284.543     0.800000       178507         5.00
   18612.223     0.825000       184000         5.71
   18989.055     0.850000       189589         6.67
   19382.271     0.875000       195122         8.00
   19595.263     0.887500       197882         8.89
   19824.639     0.900000       200631        10.00
   20070.399     0.912500       203597        11.43
   20299.775     0.925000       206366        13.33
   20512.767     0.937500       209113        16.00
   20611.071     0.943750       210520        17.78
   20709.375     0.950000       211893        20.00
   20824.063     0.956250       213331        22.86
   20922.367     0.962500       214601        26.67
   21037.055     0.968750       216066        32.00
   21086.207     0.971875       216755        35.56
   21135.359     0.975000       217460        40.00
   21184.511     0.978125       218109        45.71
   21233.663     0.981250       218844        53.33
   21282.815     0.984375       219605        64.00
   21299.199     0.985938       219848        71.11
   21331.967     0.987500       220307        80.00
   21348.351     0.989062       220522        91.43
   21381.119     0.990625       220982       106.67
   21397.503     0.992188       221193       128.00
   21413.887     0.992969       221410       142.22
   21430.271     0.993750       221625       160.00
   21446.655     0.994531       221854       182.86
   21463.039     0.995313       222083       213.33
   21463.039     0.996094       222083       256.00
   21479.423     0.996484       222290       284.44
   21479.423     0.996875       222290       320.00
   21495.807     0.997266       222512       365.71
   21495.807     0.997656       222512       426.67
   21495.807     0.998047       222512       512.00
   21512.191     0.998242       222721       568.89
   21512.191     0.998437       222721       640.00
   21512.191     0.998633       222721       731.43
   21512.191     0.998828       222721       853.33
   21512.191     0.999023       222721      1024.00
   21512.191     0.999121       222721      1137.78
   21528.575     0.999219       222865      1280.00
   21528.575     0.999316       222865      1462.86
   21528.575     0.999414       222865      1706.67
   21528.575     0.999512       222865      2048.00
   21528.575     0.999561       222865      2275.56
   21528.575     0.999609       222865      2560.00
   21528.575     0.999658       222865      2925.71
   21528.575     0.999707       222865      3413.33
   21528.575     0.999756       222865      4096.00
   21544.959     0.999780       222911      4551.11
   21544.959     0.999805       222911      5120.00
   21544.959     0.999829       222911      5851.43
   21544.959     0.999854       222911      6826.67
   21544.959     0.999878       222911      8192.00
   21544.959     0.999890       222911      9102.22
   21544.959     0.999902       222911     10240.00
   21544.959     0.999915       222911     11702.86
   21544.959     0.999927       222911     13653.33
   21544.959     0.999939       222911     16384.00
   21544.959     0.999945       222911     18204.44
   21544.959     0.999951       222911     20480.00
   21544.959     0.999957       222911     23405.71
   21544.959     0.999963       222911     27306.67
   21544.959     0.999969       222911     32768.00
   21544.959     0.999973       222911     36408.89
   21544.959     0.999976       222911     40960.00
   21544.959     0.999979       222911     46811.43
   21544.959     0.999982       222911     54613.33
   21544.959     0.999985       222911     65536.00
   21544.959     0.999986       222911     72817.78
   21561.343     0.999988       222914     81920.00
   21561.343     1.000000       222914          inf
#[Mean    =    14012.938, StdDeviation   =     4079.615]
#[Max     =    21544.960, Total count    =       222914]
#[Buckets =           27, SubBuckets     =         2048]
----------------------------------------------------------
  337601 requests in 30.00s, 4.53GB read
Requests/sec:  11252.00
Transfer/sec:    154.52MB
WRKX_RESULT {"durationUs":30003643,"requests":337601,"responses":337601,"errors":0,"bytes":4861454400,"latencyAvgUs":14012937.541,"latencyP95Us":20709375.000,"latencyP99Us":21364735.000}
