Running 30s test @ http://localhost:9991/postgres/orders
  16 threads and 256 connections
  Thread calibration: mean lat.: 3185.017ms, rate sampling interval: 11280ms
  Thread calibration: mean lat.: 3186.388ms, rate sampling interval: 11288ms
  Thread calibration: mean lat.: 3181.457ms, rate sampling interval: 11280ms
  Thread calibration: mean lat.: 3183.913ms, rate sampling interval: 11280ms
  Thread calibration: mean lat.: 3178.947ms, rate sampling interval: 11272ms
  Thread calibration: mean lat.: 3180.634ms, rate sampling interval: 11272ms
  Thread calibration: mean lat.: 3180.361ms, rate sampling interval: 11272ms
  Thread calibration: mean lat.: 3180.556ms, rate sampling interval: 11280ms
  Thread calibration: mean lat.: 3178.458ms, rate sampling interval: 11272ms
  Thread calibration: mean lat.: 3182.205ms, rate sampling interval: 11280ms
  Thread calibration: mean lat.: 3180.950ms, rate sampling interval: 11280ms
  Thread calibration: mean lat.: 3181.469ms, rate sampling interval: 11280ms
  Thread calibration: mean lat.: 3177.893ms, rate sampling interval: 11272ms
  Thread calibration: mean lat.: 3187.510ms, rate sampling interval: 11280ms
  Thread calibration: mean lat.: 3184.932ms, rate sampling interval: 11272ms
  Thread calibration: mean lat.: 3185.115ms, rate sampling interval: 11280ms
  Thread Stats   Avg      Stdev     Max   +/- Stdev
    Latency    12.34s     3.60s   18.46s    57.07%
    Req/Sec   716.00      0.35   717.00    100.00%
  Latency Distribution (HdrHistogram - Recorded Latency)
 50.000%   12.42s 
 75.000%   15.49s 
 90.000%   17.30s 
 99.000%   18.33s 
 99.900%   18.43s 
 99.990%   18.46s 
 99.999%   18.46s 
100.000%   18.48s 

  Detailed Percentile spectrum:
       Value   Percentile   TotalCount 1/(1-Percentile)

    6172.671     0.000000            1         1.00
    7278.591     0.100000        23070         1.11
    8527.871     0.200000        46093         1.25
    9838.591     0.300000        69165         1.43
   11173.887     0.400000        92225         1.67
   12419.071     0.500000       115182         2.00
   13025.279     0.550000       126789         2.22
   13656.063     0.600000       138168         2.50
   14221.311     0.650000       149699         2.86
   14868.479     0.700000       161285         3.33
   15491.071     0.750000       172822         4.00
   15785.983     0.775000       178573         4.44
   16080.895     0.800000       184226         5.00
   16367.615     0.825000       190062         5.71
   16670.719     0.850000       195749         6.67
   16973.823     0.875000       201661         8.00
   17137.663     0.887500       204436         8.89
   17301.503     0.900000       207415        10.00
   17448.959     0.912500       210425        11.43
   17580.031     0.925000       213101        13.33
   17727.487     0.937500       216014        16.00
   17793.023     0.943750       217338        17.78
   17874.943     0.950000       218929        20.00
   17940.479     0.956250       220285        22.86
   18006.015     0.962500       221663        26.67
   18087.935     0.968750       223282        32.00
   18120.703     0.971875       223949        35.56
   18153.471     0.975000       224545        40.00
   18202.623     0.978125       225413        45.71
   18235.391     0.981250       225999        53.33
   18284.543     0.984375       226951        64.00
   18300.927     0.985938       227293        71.11
   18317.311     0.987500       227642        80.00
   18333.695     0.989062       227991        91.43
   18350.079     0.990625       228342       106.67
   18366.463     0.992188       228704       128.00
   18366.463     0.992969       228704       142.22
   18382.847     0.993750       229067       160.00
   18382.847     0.994531       229067       182.86
   18399.231     0.995313       229412       213.33
   18399.231     0.996094       229412       256.00
   18415.615     0.996484       229756       284.44
   18415.615     0.996875       229756       320.00
   18415.615     0.997266       229756       365.71
   18415.615     0.997656       229756       426.67
   18431.999     0.998047       230068       512.00
   18431.999     0.998242       230068       568.89
   18431.999     0.998437       230068       640.00
   18431.999     0.998633       230068       731.43
   18431.999     0.998828       230068       853.33
   18431.999     0.999023       230068      1024.00
   18431.999     0.999121       230068      1137.78
   18448.383     0.999219       230228      1280.00
   18448.383     0.999316       230228      1462.86
   18448.383     0.999414       230228      1706.67
   18448.383     0.999512       230228      2048.00
   18448.383     0.999561       230228      2275.56
   18448.383     0.999609       230228      2560.00
   18448.383     0.999658       230228      2925.71
   18448.383     0.999707       230228      3413.33
   18448.383     0.999756       230228      4096.00
   18448.383     0.999780       230228      4551.11
   18448.383     0.999805       230228      5120.00
   18448.383     0.999829       230228      5851.43
   18448.383     0.999854       230228      6826.67
   18464.767     0.999878       230259      8192.00
   18464.767     0.999890       230259      9102.22
   18464.767     0.999902       230259     10240.00
   18464.767     0.999915       230259     11702.86
   18464.767     0.999927       230259     13653.33
   18464.767     0.999939       230259     16384.00
   18464.767     0.999945       230259     18204.44
   18464.767     0.999951       230259     20480.00
   18464.767     0.999957       230259     23405.71
   18464.767     0.999963       230259     27306.67
   18464.767     0.999969       230259     32768.00
   18464.767     0.999973       230259     36408.89
   18464.767     0.999976       230259     40960.00
   18464.767     0.999979       230259     46811.43
   18464.767     0.999982       230259     54613.33
   18464.767     0.999985       230259     65536.00
   18464.767     0.999986       230259     72817.78
   18464.767     0.999988       230259     81920.00
   18464.767     0.999989       230259     93622.86
   18464.767     0.999991       230259    109226.67
   18464.767     0.999992       230259    131072.00
   18464.767     0.999993       230259    145635.56
   18464.767     0.999994       230259    163840.00
   18464.767     0.999995       230259    187245.71
   18464.767     0.999995       230259    218453.33
   18481.151     0.999996       230260    262144.00
   18481.151     1.000000       230260          inf
#[Mean    =    12338.242, StdDeviation   =     3598.634]
#[Max     =    18464.768, Total count    =       230260]
#[Buckets =           27, SubBuckets     =         2048]
----------------------------------------------------------
  345812 requests in 30.00s, 4.64GB read
Requests/sec:  11526.33
Transfer/sec:    158.29MB
WRKX_RESULT {"durationUs":30001925,"requests":345812,"responses":345812,"errors":0,"bytes":4979692800,"latencyAvgUs":12338242.200,"latencyP95Us":17874943.000,"latencyP99Us":18333695.000}
