Running 30s test @ http://localhost:9991/postgres/orders
  16 threads and 256 connections
  Thread calibration: mean lat.: 2223.487ms, rate sampling interval: 7954ms
  Thread calibration: mean lat.: 2221.418ms, rate sampling interval: 7950ms
  Thread calibration: mean lat.: 2220.580ms, rate sampling interval: 7942ms
  Thread calibration: mean lat.: 2222.799ms, rate sampling interval: 7958ms
  Thread calibration: mean lat.: 2222.621ms, rate sampling interval: 7950ms
  Thread calibration: mean lat.: 2224.570ms, rate sampling interval: 7954ms
  Thread calibration: mean lat.: 2219.973ms, rate sampling interval: 7942ms
  Thread calibration: mean lat.: 2222.871ms, rate sampling interval: 7950ms
  Thread calibration: mean lat.: 2221.414ms, rate sampling interval: 7954ms
  Thread calibration: mean lat.: 2218.462ms, rate sampling interval: 7942ms
  Thread calibration: mean lat.: 2222.106ms, rate sampling interval: 7954ms
  Thread calibration: mean lat.: 2225.543ms, rate sampling interval: 7954ms
  Thread calibration: mean lat.: 2219.387ms, rate sampling interval: 7946ms
  Thread calibration: mean lat.: 2224.744ms, rate sampling interval: 7962ms
  Thread calibration: mean lat.: 2227.632ms, rate sampling interval: 7958ms
  Thread calibration: mean lat.: 2230.491ms, rate sampling interval: 7966ms
  Thread Stats   Avg      Stdev     Max   +/- Stdev
    Latency     8.68s     2.43s   12.94s    58.33%
    Req/Sec   715.50      4.72   721.00    100.00%
  Latency Distribution (HdrHistogram - Recorded Latency)
 50.000%    8.67s 
 75.000%   10.77s 
 90.000%   12.08s 
 99.000%   12.81s 
 99.900%   12.89s 
 99.990%   12.92s 
 99.999%   12.94s 
100.000%   12.94s 

  Detailed Percentile spectrum:
       Value   Percentile   TotalCount 1/(1-Percentile)

    4370.431     0.000000            3         1.00
    5337.087     0.100000        22875         1.11
    6201.343     0.200000        45700         1.25
    7028.735     0.300000        68517         1.43
    7839.743     0.400000        91286         1.67
    8667.135     0.500000       114204         2.00
    9134.079     0.550000       125618         2.22
    9527.295     0.600000       137100         2.50
    9928.703     0.650000       148508         2.86
   10321.919     0.700000       159787         3.33
   10772.479     0.750000       171212         4.00
   11010.047     0.775000       176851         4.44
   11198.463     0.800000       182583         5.00
   11411.455     0.825000       188232         5.71
   11649.023     0.850000       194092         6.67
   11870.207     0.875000       199756         8.00
   11984.895     0.887500       202539         8.89
   12083.199     0.900000       205341        10.00
   12181.503     0.912500       208231        11.43
   12271.615     0.925000       211067        13.33
   12369.919     0.937500       214059        16.00
   12410.879     0.943750       215372        17.78
   12460.031     0.950000       216956        20.00
   12500.991     0.956250       218224        22.86
   12558.335     0.962500       219784        26.67
   12615.679     0.968750       221160        32.00
   12648.447     0.971875       221889        35.56
   12673.023     0.975000       222493        40.00
   12705.791     0.978125       223344        45.71
   12730.367     0.981250       223949        53.33
   12763.135     0.984375       224702        64.00
   12779.519     0.985938       225082        71.11
   12795.903     0.987500       225489        80.00
   12804.095     0.989062       225682        91.43
   12820.479     0.990625       226092       106.67
   12836.863     0.992188       226523       128.00
   12845.055     0.992969       226746       142.22
   12845.055     0.993750       226746       160.00
   12853.247     0.994531       226964       182.86
   12861.439     0.995313       227192       213.33
   12869.631     0.996094       227407       256.00
   12869.631     0.996484       227407       284.44
   12877.823     0.996875       227613       320.00
   12877.823     0.997266       227613       365.71
   12886.015     0.997656       227799       426.67
   12886.015     0.998047       227799       512.00
   12886.015     0.998242       227799       568.89
   12886.015     0.998437       227799       640.00
   12894.207     0.998633       227936       731.43
   12894.207     0.998828       227936       853.33
   12894.207     0.999023       227936      1024.00
   12902.399     0.999121       228050      1137.78
   12902.399     0.999219       228050      1280.00
   12902.399     0.999316       228050      1462.86
   12902.399     0.999414       228050      1706.67
   12902.399     0.999512       228050      2048.00
   12910.591     0.999561       228105      2275.56
   12910.591     0.999609       228105      2560.00
   12910.591     0.999658       228105      2925.71
   12910.591     0.999707       228105      3413.33
   12910.591     0.999756       228105      4096.00
   12910.591     0.999780       228105      4551.11
   12918.783     0.999805       228135      5120.00
   12918.783     0.999829       228135      5851.43
   12918.783     0.999854       228135      6826.67
   12918.783     0.999878       228135      8192.00
   12918.783     0.999890       228135      9102.22
   12918.783     0.999902       228135     10240.00
   12918.783     0.999915       228135     11702.86
   12926.975     0.999927       228147     13653.33
   12926.975     0.999939       228147     16384.00
   12926.975     0.999945       228147     18204.44
   12926.975     0.999951       228147     20480.00
   12926.975     0.999957       228147     23405.71
   12926.975     0.999963       228147     27306.67
   12926.975     0.999969       228147     32768.00
   12926.975     0.999973       228147     36408.89
   12926.975     0.999976       228147     40960.00
   12935.167     0.999979       228151     46811.43
   12935.167     0.999982       228151     54613.33
   12935.167     0.999985       228151     65536.00
   12935.167     0.999986       228151     72817.78
   12935.167     0.999988       228151     81920.00
   12935.167     0.999989       228151     93622.86
   12935.167     0.999991       228151    109226.67
   12935.167     0.999992       228151    131072.00
   12935.167     0.999993       228151    145635.56
   12935.167     0.999994       228151    163840.00
   12935.167     0.999995       228151    187245.71
   12935.167     0.999995       228151    218453.33
   12943.359     0.999996       228152    262144.00
   12943.359     1.000000       228152          inf
#[Mean    =     8683.019, StdDeviation   =     2427.737]
#[Max     =    12935.168, Total count    =       228152]
#[Buckets =           27, SubBuckets     =         2048]
----------------------------------------------------------
  341399 requests in 30.00s, 4.58GB read
Requests/sec:  11378.44
Transfer/sec:    156.26MB
WRKX_RESULT {"durationUs":30004020,"requests":341399,"responses":341399,"errors":0,"bytes":4916145600,"latencyAvgUs":8683018.790,"latencyP95Us":12460031.000,"latencyP99Us":12812287.000}
