Running 30s test @ http://localhost:9991/postgres/orders
  16 threads and 256 connections
  Thread calibration: mean lat.: 4655.322ms, rate sampling interval: 16769ms
  Thread calibration: mean lat.: 4654.232ms, rate sampling interval: 16769ms
  Thread calibration: mean lat.: 4656.002ms, rate sampling interval: 16769ms
  Thread calibration: mean lat.: 4653.249ms, rate sampling interval: 16777ms
  Thread calibration: mean lat.: 4651.900ms, rate sampling interval: 16769ms
  Thread calibration: mean lat.: 4651.644ms, rate sampling interval: 16769ms
  Thread calibration: mean lat.: 4652.646ms, rate sampling interval: 16769ms
  Thread calibration: mean lat.: 4653.697ms, rate sampling interval: 16777ms
  Thread calibration: mean lat.: 4652.849ms, rate sampling interval: 16769ms
  Thread calibration: mean lat.: 4652.574ms, rate sampling interval: 16760ms
  Thread calibration: mean lat.: 4655.861ms, rate sampling interval: 16777ms
  Thread calibration: mean lat.: 4653.231ms, rate sampling interval: 16769ms
  Thread calibration: mean lat.: 4657.236ms, rate sampling interval: 16777ms
  Thread calibration: mean lat.: 4651.760ms, rate sampling interval: 16760ms
  Thread calibration: mean lat.: 4661.687ms, rate sampling interval: 16777ms
  Thread calibration: mean lat.: 4655.679ms, rate sampling interval: 16769ms
  Thread Stats   Avg      Stdev     Max   +/- Stdev
    Latency    18.20s     5.32s   27.84s    57.93%
    Req/Sec   675.62      0.48   676.00    100.00%
  Latency Distribution (HdrHistogram - Recorded Latency)
 50.000%   17.87s 
 75.000%   22.82s 
 90.000%   25.82s 
 99.000%   27.62s 
 99.900%   27.80s 
 99.990%   27.84s 
 99.999%   27.85s 
100.000%   27.85s 

  Detailed Percentile spectrum:
       Value   Percentile   TotalCount 1/(1-Percentile)

    9281.535     0.000000            2         1.00
   11051.007     0.100000        21235         1.11
   12763.135     0.200000        42488         1.25
   14516.223     0.300000        63732         1.43
   16154.623     0.400000        84873         1.67
   17874.943     0.500000       106161         2.00
   18759.679     0.550000       116807         2.22
   19677.183     0.600000       127396         2.50
   20660.223     0.650000       138016         2.86
   21823.487     0.700000       148649         3.33
   22822.911     0.750000       159214         4.00
   23330.815     0.775000       164522         4.44
   23822.335     0.800000       169902         5.00
   24281.087     0.825000       175056         5.71
   24772.607     0.850000       180398         6.67
   25296.895     0.875000       185682         8.00
   25559.039     0.887500       188390         8.89
   25821.183     0.900000       191122        10.00
   26083.327     0.912500       193707        11.43
   26345.471     0.925000       196346        13.33
   26591.231     0.937500       198941        16.00
   26722.303     0.943750       200279        17.78
   26853.375     0.950000       201618        20.00
   26984.447     0.956250       202999        22.86
   27099.135     0.962500       204247        26.67
   27230.207     0.968750       205676        32.00
   27279.359     0.971875       206236        35.56
   27344.895     0.975000       206990        40.00
   27394.047     0.978125       207561        45.71
   27459.583     0.981250       208323        53.33
   27508.735     0.984375       208866        64.00
   27541.503     0.985938       209232        71.11
   27574.271     0.987500       209591        80.00
   27607.039     0.989062       209939        91.43
   27639.807     0.990625       210298       106.67
   27672.575     0.992188       210658       128.00
   27688.959     0.992969       210837       142.22
   27705.343     0.993750       211020       160.00
   27705.343     0.994531       211020       182.86
   27721.727     0.995313       211197       213.33
   27738.111     0.996094       211378       256.00
   27754.495     0.996484       211553       284.44
   27754.495     0.996875       211553       320.00
   27770.879     0.997266       211731       365.71
   27770.879     0.997656       211731       426.67
   27787.263     0.998047       211898       512.00
   27787.263     0.998242       211898       568.89
   27787.263     0.998437       211898       640.00
   27787.263     0.998633       211898       731.43
   27803.647     0.998828       212023       853.33
   27803.647     0.999023       212023      1024.00
   27803.647     0.999121       212023      1137.78
   27803.647     0.999219       212023      1280.00
   27820.031     0.999316       212122      1462.86
   27820.031     0.999414       212122      1706.67
   27820.031     0.999512       212122      2048.00
   27820.031     0.999561       212122      2275.56
   27820.031     0.999609       212122      2560.00
   27820.031     0.999658       212122      2925.71
   27820.031     0.999707       212122      3413.33
   27820.031     0.999756       212122      4096.00
   27836.415     0.999780       212164      4551.11
   27836.415     0.999805       212164      5120.00
   27836.415     0.999829       212164      5851.43
   27836.415     0.999854       212164      6826.67
   27836.415     0.999878       212164      8192.00
   27836.415     0.999890       212164      9102.22
   27836.415     0.999902       212164     10240.00
   27836.415     0.999915       212164     11702.86
   27836.415     0.999927       212164     13653.33
   27836.415     0.999939       212164     16384.00
   27836.415     0.999945       212164     18204.44
   27836.415     0.999951       212164     20480.00
   27836.415     0.999957       212164     23405.71
   27852.799     0.999963       212173     27306.67
   27852.799     1.000000       212173          inf
#[Mean    =    18196.028, StdDeviation   =     5320.092]
#[Max     =    27836.416, Total count    =       212173]
#[Buckets =           27, SubBuckets     =         2048]
----------------------------------------------------------
  322077 requests in 30.00s, 4.32GB read
Requests/sec:  10734.83
Transfer/sec:    147.42MB
WRKX_RESULT {"durationUs":30002998,"requests":322077,"responses":322077,"errors":0,"bytes":4637908800,"latencyAvgUs":18196028.253,"latencyP95Us":26853375.000,"latencyP99Us":27623423.000}
