Running 30s test @ http://localhost:9991/postgres/orders
  16 threads and 256 connections
  Thread calibration: mean lat.: 4853.823ms, rate sampling interval: 17170ms
  Thread calibration: mean lat.: 4851.035ms, rate sampling interval: 17154ms
  Thread calibration: mean lat.: 4852.707ms, rate sampling interval: 17154ms
  Thread calibration: mean lat.: 4851.186ms, rate sampling interval: 17170ms
  Thread calibration: mean lat.: 4858.510ms, rate sampling interval: 17170ms
  Thread calibration: mean lat.: 4853.933ms, rate sampling interval: 17170ms
  Thread calibration: mean lat.: 4858.014ms, rate sampling interval: 17170ms
  Thread calibration: mean lat.: 4851.733ms, rate sampling interval: 17154ms
  Thread calibration: mean lat.: 4860.002ms, rate sampling interval: 17170ms
  Thread calibration: mean lat.: 4855.667ms, rate sampling interval: 17154ms
  Thread calibration: mean lat.: 4854.727ms, rate sampling interval: 17154ms
  Thread calibration: mean lat.: 4854.969ms, rate sampling interval: 17154ms
  Thread calibration: mean lat.: 4855.908ms, rate sampling interval: 17170ms
  Thread calibration: mean lat.: 4860.109ms, rate sampling interval: 17170ms
  Thread calibration: mean lat.: 4861.400ms, rate sampling interval: 17170ms
  Thread calibration: mean lat.: 4855.342ms, rate sampling interval: 17170ms
  Thread Stats   Avg      Stdev     Max   +/- Stdev
    Latency    18.90s     5.42s   28.31s    57.84%
    Req/Sec   701.56      0.50   702.00    100.00%
  Latency Distribution (HdrHistogram - Recorded Latency)
 50.000%   18.79s 
 75.000%   23.67s 
 90.000%   26.44s 
 99.000%   28.08s 
 99.900%   28.28s 
 99.990%   28.31s 
 99.999%   28.33s 
100.000%   28.33s 

  Detailed Percentile spectrum:
       Value   Percentile   TotalCount 1/(1-Percentile)

    9469.951     0.000000           10         1.00
   11386.879     0.100000        22512         1.11
   13328.383     0.200000        44938         1.25
   15228.927     0.300000        67445         1.43
   17039.359     0.400000        89854         1.67
   18792.447     0.500000       112312         2.00
   19742.719     0.550000       123543         2.22
   20742.143     0.600000       134916         2.50
   21676.031     0.650000       146073         2.86
   22675.455     0.700000       157382         3.33
   23674.879     0.750000       168559         4.00
   24117.247     0.775000       174075         4.44
   24592.383     0.800000       179837         5.00
   25083.903     0.825000       185445         5.71
   25559.039     0.850000       191050         6.67
   26001.407     0.875000       196719         8.00
   26230.783     0.887500       199511         8.89
   26443.775     0.900000       202213        10.00
   26656.767     0.912500       204968        11.43
   26886.143     0.925000       207935        13.33
   27099.135     0.937500       210634        16.00
   27213.823     0.943750       212082        17.78
   27328.511     0.950000       213583        20.00
   27426.815     0.956250       214909        22.86
   27525.119     0.962500       216209        26.67
   27639.807     0.968750       217641        32.00
   27705.343     0.971875       218356        35.56
   27770.879     0.975000       219050        40.00
   27836.415     0.978125       219779        45.71
   27901.951     0.981250       220496        53.33
   27967.487     0.984375       221209        64.00
   28000.255     0.985938       221543        71.11
   28033.023     0.987500       221897        80.00
   28065.791     0.989062       222237        91.43
   28098.559     0.990625       222591       106.67
   28131.327     0.992188       222945       128.00
   28147.711     0.992969       223111       142.22
   28164.095     0.993750       223281       160.00
   28180.479     0.994531       223464       182.86
   28196.863     0.995313       223618       213.33
   28213.247     0.996094       223786       256.00
   28229.631     0.996484       223971       284.44
   28229.631     0.996875       223971       320.00
   28246.015     0.997266       224127       365.71
   28246.015     0.997656       224127       426.67
   28262.399     0.998047       224291       512.00
   28262.399     0.998242       224291       568.89
   28262.399     0.998437       224291       640.00
   28278.783     0.998633       224437       731.43
   28278.783     0.998828       224437       853.33
   28278.783     0.999023       224437      1024.00
   28278.783     0.999121       224437      1137.78
   28278.783     0.999219       224437      1280.00
   28295.167     0.999316       224524      1462.86
   28295.167     0.999414       224524      1706.67
   28295.167     0.999512       224524      2048.00
   28295.167     0.999561       224524      2275.56
   28295.167     0.999609       224524      2560.00
   28311.551     0.999658       224594      2925.71
   28311.551     0.999707       224594      3413.33
   28311.551     0.999756       224594      4096.00
   28311.551     0.999780       224594      4551.11
   28311.551     0.999805       224594      5120.00
   28311.551     0.999829       224594      5851.43
   28311.551     0.999854       224594      6826.67
   28311.551     0.999878       224594      8192.00
   28311.551     0.999890       224594      9102.22
   28311.551     0.999902       224594     10240.00
   28311.551     0.999915       224594     11702.86
   28311.551     0.999927       224594     13653.33
   28311.551     0.999939       224594     16384.00
   28327.935     0.999945       224607     18204.44
   28327.935     1.000000       224607          inf
#[Mean    =    18903.311, StdDeviation   =     5416.172]
#[Max     =    28311.552, Total count    =       224607]
#[Buckets =           27, SubBuckets     =         2048]
----------------------------------------------------------
  333939 requests in 30.01s, 4.48GB read
Requests/sec:  11129.41
Transfer/sec:    152.84MB
WRKX_RESULT {"durationUs":30005090,"requests":333939,"responses":333939,"errors":0,"bytes":4808721600,"latencyAvgUs":18903311.010,"latencyP95Us":27328511.000,"latencyP99Us":28082175.000}
