Running 30s test @ http://localhost:9991/
  16 threads and 256 connections
  Thread calibration: mean lat.: 4098.407ms, rate sampling interval: 14745ms
  Thread calibration: mean lat.: 4094.148ms, rate sampling interval: 14712ms
  Thread calibration: mean lat.: 4091.736ms, rate sampling interval: 14729ms
  Thread calibration: mean lat.: 4096.820ms, rate sampling interval: 14729ms
  Thread calibration: mean lat.: 4099.300ms, rate sampling interval: 14745ms
  Thread calibration: mean lat.: 4110.584ms, rate sampling interval: 14729ms
  Thread calibration: mean lat.: 4100.013ms, rate sampling interval: 14721ms
  Thread calibration: mean lat.: 4094.647ms, rate sampling interval: 14729ms
  Thread calibration: mean lat.: 4099.359ms, rate sampling interval: 14712ms
  Thread calibration: mean lat.: 4106.497ms, rate sampling interval: 14745ms
  Thread calibration: mean lat.: 4094.836ms, rate sampling interval: 14721ms
  Thread calibration: mean lat.: 4100.776ms, rate sampling interval: 14712ms
  Thread calibration: mean lat.: 4098.814ms, rate sampling interval: 14721ms
  Thread calibration: mean lat.: 4104.711ms, rate sampling interval: 14737ms
  Thread calibration: mean lat.: 4101.633ms, rate sampling interval: 14737ms
  Thread calibration: mean lat.: 4100.203ms, rate sampling interval: 14729ms
  Thread Stats   Avg      Stdev     Max   +/- Stdev
    Latency    16.20s     4.57s   24.35s    58.41%
    Req/Sec   360.00      0.00   360.00    100.00%
  Latency Distribution (HdrHistogram - Recorded Latency)
 50.000%   16.21s 
 75.000%   20.09s 
 90.000%   22.58s 
 99.000%   24.13s 
 99.900%   24.31s 
 99.990%   24.33s 
 99.999%   24.35s 
100.000%   24.36s 

  Detailed Percentile spectrum:
       Value   Percentile   TotalCount 1/(1-Percentile)

    8155.135     0.000000            1         1.00
    9863.167     0.100000        11376         1.11
   11517.951     0.200000        22712         1.25
   13090.815     0.300000        34061         1.43
   14655.487     0.400000        45365         1.67
   16211.967     0.500000        56741         2.00
   16957.439     0.550000        62384         2.22
   17694.719     0.600000        68048         2.50
   18464.767     0.650000        73783         2.86
   19283.967     0.700000        79359         3.33
   20086.783     0.750000        85029         4.00
   20496.383     0.775000        87876         4.44
   20938.751     0.800000        90784         5.00
   21348.351     0.825000        93580         5.71
   21774.335     0.850000        96463         6.67
   22167.551     0.875000        99226         8.00
   22380.543     0.887500       100730         8.89
   22577.151     0.900000       102127        10.00
   22790.143     0.912500       103524        11.43
   23003.135     0.925000       104962        13.33
   23216.127     0.937500       106329        16.00
   23314.431     0.943750       107001        17.78
   23412.735     0.950000       107720        20.00
   23511.039     0.956250       108472        22.86
   23609.343     0.962500       109155        26.67
   23724.031     0.968750       109895        32.00
   23773.183     0.971875       110190        35.56
   23838.719     0.975000       110588        40.00
   23904.255     0.978125       110951        45.71
   23953.407     0.981250       111252        53.33
   24018.943     0.984375       111642        64.00
   24051.711     0.985938       111840        71.11
   24084.479     0.987500       112029        80.00
   24117.247     0.989062       112205        91.43
   24150.015     0.990625       112386       106.67
   24182.783     0.992188       112577       128.00
   24182.783     0.992969       112577       142.22
   24199.167     0.993750       112674       160.00
   24215.551     0.994531       112764       182.86
   24231.935     0.995313       112872       213.33
   24248.319     0.996094       112956       256.00
   24264.703     0.996484       113049       284.44
   24264.703     0.996875       113049       320.00
   24281.087     0.997266       113147       365.71
   24281.087     0.997656       113147       426.67
   24281.087     0.998047       113147       512.00
   24297.471     0.998242       113238       568.89
   24297.471     0.998437       113238       640.00
   24297.471     0.998633       113238       731.43
   24297.471     0.998828       113238       853.33
   24313.855     0.999023       113317      1024.00
   24313.855     0.999121       113317      1137.78
   24313.855     0.999219       113317      1280.00
   24313.855     0.999316       113317      1462.86
   24313.855     0.999414       113317      1706.67
   24313.855     0.999512       113317      2048.00
   24330.239     0.999561       113356      2275.56
   24330.239     0.999609       113356      2560.00
   24330.239     0.999658       113356      2925.71
   24330.239     0.999707       113356      3413.33
   24330.239     0.999756       113356      4096.00
   24330.239     0.999780       113356      4551.11
   24330.239     0.999805       113356      5120.00
   24330.239     0.999829       113356      5851.43
   24330.239     0.999854       113356      6826.67
   24330.239     0.999878       113356      8192.00
   24330.239     0.999890       113356      9102.22
   24330.239     0.999902       113356     10240.00
   24346.623     0.999915       113366     11702.86
   24346.623     0.999927       113366     13653.33
   24346.623     0.999939       113366     16384.00
   24346.623     0.999945       113366     18204.44
   24346.623     0.999951       113366     20480.00
   24346.623     0.999957       113366     23405.71
   24346.623     0.999963       113366     27306.67
   24346.623     0.999969       113366     32768.00
   24346.623     0.999973       113366     36408.89
   24346.623     0.999976       113366     40960.00
   24346.623     0.999979       113366     46811.43
   24346.623     0.999982       113366     54613.33
   24346.623     0.999985       113366     65536.00
   24346.623     0.999986       113366     72817.78
   24346.623     0.999988       113366     81920.00
   24346.623     0.999989       113366     93622.86
   24346.623     0.999991       113366    109226.67
   24363.007     0.999992       113367    131072.00
   24363.007     1.000000       113367          inf
#[Mean    =    16197.067, StdDeviation   =     4573.676]
#[Max     =    24346.624, Total count    =       113367]
#[Buckets =           27, SubBuckets     =         2048]
----------------------------------------------------------
  169501 requests in 30.01s, 56.58MB read
Requests/sec:   5648.74
Transfer/sec:      1.89MB
WRKX_RESULT {"durationUs":30006888,"requests":169501,"responses":169501,"errors":0,"bytes":59325350,"latencyAvgUs":16197067.010,"latencyP95Us":23412735.000,"latencyP99Us":24133631.000}
