Running 30s test @ http://localhost:9991/
  16 threads and 256 connections
  Thread calibration: mean lat.: 2053.531ms, rate sampling interval: 7667ms
  Thread calibration: mean lat.: 2057.592ms, rate sampling interval: 7684ms
  Thread calibration: mean lat.: 2052.761ms, rate sampling interval: 7675ms
  Thread calibration: mean lat.: 2058.524ms, rate sampling interval: 7684ms
  Thread calibration: mean lat.: 2057.612ms, rate sampling interval: 7679ms
  Thread calibration: mean lat.: 2054.735ms, rate sampling interval: 7679ms
  Thread calibration: mean lat.: 2053.698ms, rate sampling interval: 7667ms
  Thread calibration: mean lat.: 2058.299ms, rate sampling interval: 7675ms
  Thread calibration: mean lat.: 2051.078ms, rate sampling interval: 7659ms
  Thread calibration: mean lat.: 2052.507ms, rate sampling interval: 7667ms
  Thread calibration: mean lat.: 2052.612ms, rate sampling interval: 7667ms
  Thread calibration: mean lat.: 2053.827ms, rate sampling interval: 7675ms
  Thread calibration: mean lat.: 2056.654ms, rate sampling interval: 7675ms
  Thread calibration: mean lat.: 2057.632ms, rate sampling interval: 7675ms
  Thread calibration: mean lat.: 2059.564ms, rate sampling interval: 7675ms
  Thread calibration: mean lat.: 2059.363ms, rate sampling interval: 7688ms
  Thread Stats   Avg      Stdev     Max   +/- Stdev
    Latency     8.64s     2.47s   13.13s    58.56%
    Req/Sec   352.50      6.58   360.00    100.00%
  Latency Distribution (HdrHistogram - Recorded Latency)
 50.000%    8.62s 
 75.000%   10.76s 
 90.000%   12.08s 
 99.000%   12.96s 
 99.900%   13.07s 
 99.990%   13.11s 
 99.999%   13.12s 
100.000%   13.14s 

  Detailed Percentile spectrum:
       Value   Percentile   TotalCount 1/(1-Percentile)

    4272.127     0.000000            2         1.00
    5181.439     0.100000        11201         1.11
    6103.039     0.200000        22304         1.25
    7020.543     0.300000        33463         1.43
    7864.319     0.400000        44650         1.67
    8617.983     0.500000        55815         2.00
    9011.199     0.550000        61363         2.22
    9412.607     0.600000        66961         2.50
    9838.591     0.650000        72535         2.86
   10338.303     0.700000        78131         3.33
   10764.287     0.750000        83689         4.00
   10969.087     0.775000        86531         4.44
   11182.079     0.800000        89302         5.00
   11386.879     0.825000        92020         5.71
   11616.255     0.850000        94783         6.67
   11853.823     0.875000        97646         8.00
   11968.511     0.887500        99039         8.89
   12075.007     0.900000       100406        10.00
   12189.695     0.912500       101766        11.43
   12320.767     0.925000       103199        13.33
   12443.647     0.937500       104588        16.00
   12509.183     0.943750       105280        17.78
   12566.527     0.950000       106005        20.00
   12615.679     0.956250       106639        22.86
   12673.023     0.962500       107356        26.67
   12730.367     0.968750       108022        32.00
   12763.135     0.971875       108381        35.56
   12795.903     0.975000       108730        40.00
   12836.863     0.978125       109131        45.71
   12869.631     0.981250       109462        53.33
   12902.399     0.984375       109818        64.00
   12918.783     0.985938       109981        71.11
   12935.167     0.987500       110148        80.00
   12951.551     0.989062       110308        91.43
   12967.935     0.990625       110458       106.67
   12984.319     0.992188       110632       128.00
   13000.703     0.992969       110805       142.22
   13000.703     0.993750       110805       160.00
   13017.087     0.994531       110958       182.86
   13025.279     0.995313       111042       213.33
   13033.471     0.996094       111120       256.00
   13033.471     0.996484       111120       284.44
   13041.663     0.996875       111192       320.00
   13041.663     0.997266       111192       365.71
   13049.855     0.997656       111255       426.67
   13058.047     0.998047       111325       512.00
   13058.047     0.998242       111325       568.89
   13058.047     0.998437       111325       640.00
   13066.239     0.998633       111369       731.43
   13066.239     0.998828       111369       853.33
   13074.431     0.999023       111415      1024.00
   13074.431     0.999121       111415      1137.78
   13074.431     0.999219       111415      1280.00
   13082.623     0.999316       111449      1462.86
   13082.623     0.999414       111449      1706.67
   13082.623     0.999512       111449      2048.00
   13082.623     0.999561       111449      2275.56
   13090.815     0.999609       111463      2560.00
   13090.815     0.999658       111463      2925.71
   13099.007     0.999707       111481      3413.33
   13099.007     0.999756       111481      4096.00
   13099.007     0.999780       111481      4551.11
   13099.007     0.999805       111481      5120.00
   13099.007     0.999829       111481      5851.43
   13099.007     0.999854       111481      6826.67
   13107.199     0.999878       111489      8192.00
   13107.199     0.999890       111489      9102.22
   13107.199     0.999902       111489     10240.00
   13107.199     0.999915       111489     11702.86
   13107.199     0.999927       111489     13653.33
   13115.391     0.999939       111490     16384.00
   13115.391     0.999945       111490     18204.44
   13123.583     0.999951       111495     20480.00
   13123.583     0.999957       111495     23405.71
   13123.583     0.999963       111495     27306.67
   13123.583     0.999969       111495     32768.00
   13123.583     0.999973       111495     36408.89
   13123.583     0.999976       111495     40960.00
   13123.583     0.999979       111495     46811.43
   13123.583     0.999982       111495     54613.33
   13123.583     0.999985       111495     65536.00
   13123.583     0.999986       111495     72817.78
   13123.583     0.999988       111495     81920.00
   13123.583     0.999989       111495     93622.86
   13123.583     0.999991       111495    109226.67
   13139.967     0.999992       111496    131072.00
   13139.967     1.000000       111496          inf
#[Mean    =     8641.239, StdDeviation   =     2469.467]
#[Max     =    13131.776, Total count    =       111496]
#[Buckets =           27, SubBuckets     =         2048]
----------------------------------------------------------
  169062 requests in 30.01s, 56.43MB read
Requests/sec:   5633.96
Transfer/sec:      1.88MB
WRKX_RESULT {"durationUs":30007669,"requests":169062,"responses":169062,"errors":0,"bytes":59171700,"latencyAvgUs":8641239.332,"latencyP95Us":12566527.000,"latencyP99Us":12959743.000}
