Running 30s test @ http://localhost:9991/
  16 threads and 256 connections
  Thread calibration: mean lat.: 4829.194ms, rate sampling interval: 17547ms
  Thread calibration: mean lat.: 4832.723ms, rate sampling interval: 17547ms
  Thread calibration: mean lat.: 4830.168ms, rate sampling interval: 17547ms
  Thread calibration: mean lat.: 4833.799ms, rate sampling interval: 17547ms
  Thread calibration: mean lat.: 4832.944ms, rate sampling interval: 17563ms
  Thread calibration: mean lat.: 4827.622ms, rate sampling interval: 17563ms
  Thread calibration: mean lat.: 4831.773ms, rate sampling interval: 17547ms
  Thread calibration: mean lat.: 4829.221ms, rate sampling interval: 17547ms
  Thread calibration: mean lat.: 4836.338ms, rate sampling interval: 17563ms
  Thread calibration: mean lat.: 4831.600ms, rate sampling interval: 17547ms
  Thread calibration: mean lat.: 4828.320ms, rate sampling interval: 17547ms
  Thread calibration: mean lat.: 4833.743ms, rate sampling interval: 17563ms
  Thread calibration: mean lat.: 4831.624ms, rate sampling interval: 17547ms
  Thread calibration: mean lat.: 4829.805ms, rate sampling interval: 17530ms
  Thread calibration: mean lat.: 4834.110ms, rate sampling interval: 17547ms
  Thread calibration: mean lat.: 4838.275ms, rate sampling interval: 17547ms
  Thread Stats   Avg      Stdev     Max   +/- Stdev
    Latency    19.20s     5.50s   29.13s    58.24%
    Req/Sec   363.19      0.39   364.00    100.00%
  Latency Distribution (HdrHistogram - Recorded Latency)
 50.000%   19.14s 
 75.000%   23.94s 
 90.000%   26.82s 
 99.000%   28.90s 
 99.900%   29.10s 
 99.990%   29.13s 
 99.999%   29.13s 
100.000%   29.15s 

  Detailed Percentile spectrum:
       Value   Percentile   TotalCount 1/(1-Percentile)

    9723.903     0.000000            1         1.00
   11632.639     0.100000        11362         1.11
   13557.759     0.200000        22725         1.25
   15359.999     0.300000        34115         1.43
   17219.583     0.400000        45532         1.67
   19136.511     0.500000        56829         2.00
   20070.399     0.550000        62546         2.22
   21004.287     0.600000        68221         2.50
   21970.943     0.650000        73884         2.86
   22937.599     0.700000        79573         3.33
   23937.023     0.750000        85247         4.00
   24412.159     0.775000        88093         4.44
   24903.679     0.800000        90896         5.00
   25395.199     0.825000        93774         5.71
   25870.335     0.850000        96630         6.67
   26345.471     0.875000        99527         8.00
   26574.847     0.887500       100919         8.89
   26820.607     0.900000       102319        10.00
   27082.751     0.912500       103750        11.43
   27361.279     0.925000       105160        13.33
   27639.807     0.937500       106519        16.00
   27803.647     0.943750       107272        17.78
   27967.487     0.950000       108009        20.00
   28114.943     0.956250       108712        22.86
   28262.399     0.962500       109388        26.67
   28409.855     0.968750       110087        32.00
   28491.775     0.971875       110484        35.56
   28557.311     0.975000       110792        40.00
   28639.231     0.978125       111204        45.71
   28704.767     0.981250       111525        53.33
   28786.687     0.984375       111934        64.00
   28819.455     0.985938       112095        71.11
   28852.223     0.987500       112263        80.00
   28884.991     0.989062       112462        91.43
   28917.759     0.990625       112635       106.67
   28934.143     0.992188       112734       128.00
   28966.911     0.992969       112908       142.22
   28983.295     0.993750       112998       160.00
   28983.295     0.994531       112998       182.86
   29016.063     0.995313       113174       213.33
   29032.447     0.996094       113257       256.00
   29032.447     0.996484       113257       284.44
   29048.831     0.996875       113329       320.00
   29048.831     0.997266       113329       365.71
   29065.215     0.997656       113427       426.67
   29065.215     0.998047       113427       512.00
   29065.215     0.998242       113427       568.89
   29081.599     0.998437       113504       640.00
   29081.599     0.998633       113504       731.43
   29081.599     0.998828       113504       853.33
   29097.983     0.999023       113555      1024.00
   29097.983     0.999121       113555      1137.78
   29097.983     0.999219       113555      1280.00
   29097.983     0.999316       113555      1462.86
   29097.983     0.999414       113555      1706.67
   29114.367     0.999512       113599      2048.00
   29114.367     0.999561       113599      2275.56
   29114.367     0.999609       113599      2560.00
   29114.367     0.999658       113599      2925.71
   29114.367     0.999707       113599      3413.33
   29114.367     0.999756       113599      4096.00
   29114.367     0.999780       113599      4551.11
   29114.367     0.999805       113599      5120.00
   29130.751     0.999829       113618      5851.43
   29130.751     0.999854       113618      6826.67
   29130.751     0.999878       113618      8192.00
   29130.751     0.999890       113618      9102.22
   29130.751     0.999902       113618     10240.00
   29130.751     0.999915       113618     11702.86
   29130.751     0.999927       113618     13653.33
   29130.751     0.999939       113618     16384.00
   29130.751     0.999945       113618     18204.44
   29130.751     0.999951       113618     20480.00
   29130.751     0.999957       113618     23405.71
   29130.751     0.999963       113618     27306.67
   29130.751     0.999969       113618     32768.00
   29130.751     0.999973       113618     36408.89
   29130.751     0.999976       113618     40960.00
   29130.751     0.999979       113618     46811.43
   29130.751     0.999982       113618     54613.33
   29130.751     0.999985       113618     65536.00
   29130.751     0.999986       113618     72817.78
   29130.751     0.999988       113618     81920.00
   29130.751     0.999989       113618     93622.86
   29130.751     0.999991       113618    109226.67
   29147.135     0.999992       113619    131072.00
   29147.135     1.000000       113619          inf
#[Mean    =    19197.733, StdDeviation   =     5501.622]
#[Max     =    29130.752, Total count    =       113619]
#[Buckets =           27, SubBuckets     =         2048]
----------------------------------------------------------
  171785 requests in 30.01s, 57.34MB read
Requests/sec:   5724.79
Transfer/sec:      1.91MB
WRKX_RESULT {"durationUs":30007230,"requests":171785,"responses":171785,"errors":0,"bytes":60124750,"latencyAvgUs":19197733.175,"latencyP95Us":27951103.000,"latencyP99Us":28901375.000}
