Running 30s test @ http://localhost:9991/
  16 threads and 256 connections
  Thread calibration: mean lat.: 4626.009ms, rate sampling interval: 16957ms
  Thread calibration: mean lat.: 4632.028ms, rate sampling interval: 16973ms
  Thread calibration: mean lat.: 4633.281ms, rate sampling interval: 16973ms
  Thread calibration: mean lat.: 4634.330ms, rate sampling interval: 16990ms
  Thread calibration: mean lat.: 4625.415ms, rate sampling interval: 16957ms
  Thread calibration: mean lat.: 4631.587ms, rate sampling interval: 16973ms
  Thread calibration: mean lat.: 4630.550ms, rate sampling interval: 16941ms
  Thread calibration: mean lat.: 4631.322ms, rate sampling interval: 16957ms
  Thread calibration: mean lat.: 4632.310ms, rate sampling interval: 16957ms
  Thread calibration: mean lat.: 4635.277ms, rate sampling interval: 16957ms
  Thread calibration: mean lat.: 4625.651ms, rate sampling interval: 16957ms
  Thread calibration: mean lat.: 4630.965ms, rate sampling interval: 16957ms
  Thread calibration: mean lat.: 4242.092ms, rate sampling interval: 15368ms
  Thread calibration: mean lat.: 4626.461ms, rate sampling interval: 16973ms
  Thread calibration: mean lat.: 4629.673ms, rate sampling interval: 16957ms
  Thread calibration: mean lat.: 4635.147ms, rate sampling interval: 16973ms
  Thread Stats   Avg      Stdev     Max   +/- Stdev
    Latency    18.88s     5.36s   28.28s    58.13%
    Req/Sec   358.25      0.56   359.00    100.00%
  Latency Distribution (HdrHistogram - Recorded Latency)
 50.000%   18.94s 
 75.000%   23.49s 
 90.000%   26.23s 
 99.000%   28.05s 
 99.900%   28.25s 
 99.990%   28.28s 
 99.999%   28.30s 
100.000%   28.30s 

  Detailed Percentile spectrum:
       Value   Percentile   TotalCount 1/(1-Percentile)

    8585.215     0.000000            2         1.00
   11411.455     0.100000        11415         1.11
   13352.959     0.200000        22793         1.25
   15237.119     0.300000        34173         1.43
   17121.279     0.400000        45521         1.67
   18939.903     0.500000        56960         2.00
   19841.023     0.550000        62639         2.22
   20774.911     0.600000        68336         2.50
   21692.415     0.650000        73986         2.86
   22593.535     0.700000        79627         3.33
   23494.655     0.750000        85328         4.00
   23953.407     0.775000        88184         4.44
   24428.543     0.800000        91074         5.00
   24870.911     0.825000        93860         5.71
   25296.895     0.850000        96698         6.67
   25755.647     0.875000        99576         8.00
   25985.023     0.887500       100956         8.89
   26230.783     0.900000       102461        10.00
   26460.159     0.912500       103808        11.43
   26705.919     0.925000       105245        13.33
   26951.679     0.937500       106715        16.00
   27066.367     0.943750       107352        17.78
   27197.439     0.950000       108139        20.00
   27312.127     0.956250       108775        22.86
   27443.199     0.962500       109491        26.67
   27590.655     0.968750       110252        32.00
   27656.191     0.971875       110603        35.56
   27721.727     0.975000       110955        40.00
   27787.263     0.978125       111309        45.71
   27852.799     0.981250       111649        53.33
   27918.335     0.984375       111991        64.00
   27951.103     0.985938       112161        71.11
   27983.871     0.987500       112340        80.00
   28016.639     0.989062       112507        91.43
   28065.791     0.990625       112752       106.67
   28098.559     0.992188       112937       128.00
   28114.943     0.992969       113016       142.22
   28131.327     0.993750       113120       160.00
   28147.711     0.994531       113193       182.86
   28164.095     0.995313       113270       213.33
   28180.479     0.996094       113368       256.00
   28180.479     0.996484       113368       284.44
   28196.863     0.996875       113442       320.00
   28196.863     0.997266       113442       365.71
   28213.247     0.997656       113523       426.67
   28229.631     0.998047       113613       512.00
   28229.631     0.998242       113613       568.89
   28229.631     0.998437       113613       640.00
   28229.631     0.998633       113613       731.43
   28246.015     0.998828       113677       853.33
   28246.015     0.999023       113677      1024.00
   28246.015     0.999121       113677      1137.78
   28246.015     0.999219       113677      1280.00
   28246.015     0.999316       113677      1462.86
   28262.399     0.999414       113718      1706.67
   28262.399     0.999512       113718      2048.00
   28262.399     0.999561       113718      2275.56
   28262.399     0.999609       113718      2560.00
   28262.399     0.999658       113718      2925.71
   28262.399     0.999707       113718      3413.33
   28278.783     0.999756       113744      4096.00
   28278.783     0.999780       113744      4551.11
   28278.783     0.999805       113744      5120.00
   28278.783     0.999829       113744      5851.43
   28278.783     0.999854       113744      6826.67
   28278.783     0.999878       113744      8192.00
   28278.783     0.999890       113744      9102.22
   28278.783     0.999902       113744     10240.00
   28278.783     0.999915       113744     11702.86
   28278.783     0.999927       113744     13653.33
   28278.783     0.999939       113744     16384.00
   28278.783     0.999945       113744     18204.44
   28278.783     0.999951       113744     20480.00
   28278.783     0.999957       113744     23405.71
   28278.783     0.999963       113744     27306.67
   28295.167     0.999969       113748     32768.00
   28295.167     1.000000       113748          inf
#[Mean    =    18881.623, StdDeviation   =     5355.274]
#[Max     =    28278.784, Total count    =       113748]
#[Buckets =           27, SubBuckets     =         2048]
----------------------------------------------------------
  169991 requests in 30.01s, 56.74MB read
Requests/sec:   5665.30
Transfer/sec:      1.89MB
WRKX_RESULT {"durationUs":30005657,"requests":169991,"responses":169991,"errors":0,"bytes":59496850,"latencyAvgUs":18881623.215,"latencyP95Us":27197439.000,"latencyP99Us":28049407.000}
