Running 30s test @ http://localhost:9991/
  16 threads and 256 connections
  Thread calibration: mean lat.: 3521.894ms, rate sampling interval: 12886ms
  Thread calibration: mean lat.: 3524.537ms, rate sampling interval: 12877ms
  Thread calibration: mean lat.: 3522.919ms, rate sampling interval: 12877ms
  Thread calibration: mean lat.: 3519.089ms, rate sampling interval: 12861ms
  Thread calibration: mean lat.: 3521.986ms, rate sampling interval: 12869ms
  Thread calibration: mean lat.: 3526.173ms, rate sampling interval: 12877ms
  Thread calibration: mean lat.: 3524.613ms, rate sampling interval: 12877ms
  Thread calibration: mean lat.: 3526.107ms, rate sampling interval: 12877ms
  Thread calibration: mean lat.: 3519.324ms, rate sampling interval: 12877ms
  Thread calibration: mean lat.: 3529.251ms, rate sampling interval: 12886ms
  Thread calibration: mean lat.: 3523.357ms, rate sampling interval: 12877ms
  Thread calibration: mean lat.: 3524.586ms, rate sampling interval: 12877ms
  Thread calibration: mean lat.: 3522.028ms, rate sampling interval: 12869ms
  Thread calibration: mean lat.: 3526.025ms, rate sampling interval: 12886ms
  Thread calibration: mean lat.: 3528.386ms, rate sampling interval: 12877ms
  Thread calibration: mean lat.: 3521.453ms, rate sampling interval: 12861ms
  Thread Stats   Avg      Stdev     Max   +/- Stdev
    Latency    14.38s     4.10s   21.56s    58.09%
    Req/Sec   351.81      0.39   352.00    100.00%
  Latency Distribution (HdrHistogram - Recorded Latency)
 50.000%   14.36s 
 75.000%   17.91s 
 90.000%   20.09s 
 99.000%   21.40s 
 99.900%   21.54s 
 99.990%   21.56s 
 99.999%   21.58s 
100.000%   21.58s 

  Detailed Percentile spectrum:
       Value   Percentile   TotalCount 1/(1-Percentile)

    7176.191     0.000000            2         1.00
    8675.327     0.100000        11165         1.11
   10174.463     0.200000        22333         1.25
   11599.871     0.300000        33422         1.43
   13033.471     0.400000        44603         1.67
   14360.575     0.500000        55710         2.00
   15048.703     0.550000        61318         2.22
   15745.023     0.600000        66881         2.50
   16424.959     0.650000        72412         2.86
   17170.431     0.700000        77981         3.33
   17907.711     0.750000        83596         4.00
   18284.543     0.775000        86372         4.44
   18644.991     0.800000        89182         5.00
   19005.439     0.825000        91978         5.71
   19382.271     0.850000        94749         6.67
   19726.335     0.875000        97493         8.00
   19906.559     0.887500        98917         8.89
   20086.783     0.900000       100301        10.00
   20267.007     0.912500       101735        11.43
   20447.231     0.925000       103103        13.33
   20627.455     0.937500       104523        16.00
   20709.375     0.943750       105170        17.78
   20807.679     0.950000       105901        20.00
   20905.983     0.956250       106620        22.86
   20987.903     0.962500       107230        26.67
   21086.207     0.968750       107971        32.00
   21135.359     0.971875       108337        35.56
   21184.511     0.975000       108703        40.00
   21233.663     0.978125       109068        45.71
   21266.431     0.981250       109313        53.33
   21315.583     0.984375       109709        64.00
   21331.967     0.985938       109846        71.11
   21364.735     0.987500       110072        80.00
   21381.119     0.989062       110183        91.43
   21413.887     0.990625       110403       106.67
   21446.655     0.992188       110634       128.00
   21446.655     0.992969       110634       142.22
   21463.039     0.993750       110749       160.00
   21479.423     0.994531       110874       182.86
   21479.423     0.995313       110874       213.33
   21495.807     0.996094       110998       256.00
   21495.807     0.996484       110998       284.44
   21512.191     0.996875       111127       320.00
   21512.191     0.997266       111127       365.71
   21512.191     0.997656       111127       426.67
   21528.575     0.998047       111243       512.00
   21528.575     0.998242       111243       568.89
   21528.575     0.998437       111243       640.00
   21528.575     0.998633       111243       731.43
   21544.959     0.998828       111338       853.33
   21544.959     0.999023       111338      1024.00
   21544.959     0.999121       111338      1137.78
   21544.959     0.999219       111338      1280.00
   21544.959     0.999316       111338      1462.86
   21544.959     0.999414       111338      1706.67
   21544.959     0.999512       111338      2048.00
   21544.959     0.999561       111338      2275.56
   21561.343     0.999609       111382      2560.00
   21561.343     0.999658       111382      2925.71
   21561.343     0.999707       111382      3413.33
   21561.343     0.999756       111382      4096.00
   21561.343     0.999780       111382      4551.11
   21561.343     0.999805       111382      5120.00
   21561.343     0.999829       111382      5851.43
   21561.343     0.999854       111382      6826.67
   21561.343     0.999878       111382      8192.00
   21561.343     0.999890       111382      9102.22
   21561.343     0.999902       111382     10240.00
   21561.343     0.999915       111382     11702.86
   21561.343     0.999927       111382     13653.33
   21561.343     0.999939       111382     16384.00
   21561.343     0.999945       111382     18204.44
   21561.343     0.999951       111382     20480.00
   21561.343     0.999957       111382     23405.71
   21561.343     0.999963       111382     27306.67
   21561.343     0.999969       111382     32768.00
   21561.343     0.999973       111382     36408.89
   21561.343     0.999976       111382     40960.00
   21561.343     0.999979       111382     46811.43
   21561.343     0.999982       111382     54613.33
   21577.727     0.999985       111384     65536.00
   21577.727     1.000000       111384          inf
#[Mean    =    14379.718, StdDeviation   =     4097.080]
#[Max     =    21561.344, Total count    =       111384]
#[Buckets =           27, SubBuckets     =         2048]
----------------------------------------------------------
  168430 requests in 30.01s, 56.22MB read
Requests/sec:   5613.26
Transfer/sec:      1.87MB
WRKX_RESULT {"durationUs":30005718,"requests":168430,"responses":168430,"errors":0,"bytes":58950500,"latencyAvgUs":14379718.229,"latencyP95Us":20807679.000,"latencyP99Us":21397503.000}
