Running 30s test @ http://localhost:9991/
  16 threads and 256 connections
  Thread calibration: mean lat.: 5.313ms, rate sampling interval: 18ms
  Thread calibration: mean lat.: 4.962ms, rate sampling interval: 16ms
  Thread calibration: mean lat.: 5.140ms, rate sampling interval: 16ms
  Thread calibration: mean lat.: 4.896ms, rate sampling interval: 15ms
  Thread calibration: mean lat.: 4.838ms, rate sampling interval: 15ms
  Thread calibration: mean lat.: 5.140ms, rate sampling interval: 17ms
  Thread calibration: mean lat.: 4.873ms, rate sampling interval: 15ms
  Thread calibration: mean lat.: 4.839ms, rate sampling interval: 16ms
  Thread calibration: mean lat.: 4.920ms, rate sampling interval: 15ms
  Thread calibration: mean lat.: 4.847ms, rate sampling interval: 15ms
  Thread calibration: mean lat.: 4.826ms, rate sampling interval: 15ms
  Thread calibration: mean lat.: 4.887ms, rate sampling interval: 15ms
  Thread calibration: mean lat.: 4.851ms, rate sampling interval: 16ms
  Thread calibration: mean lat.: 4.941ms, rate sampling interval: 15ms
  Thread calibration: mean lat.: 4.790ms, rate sampling interval: 15ms
  Thread calibration: mean lat.: 4.994ms, rate sampling interval: 16ms
  Thread Stats   Avg      Stdev     Max   +/- Stdev
    Latency     5.00ms    2.13ms  17.58ms   76.90%
    Req/Sec   161.17     99.02   466.00     66.70%
  Latency Distribution (HdrHistogram - Recorded Latency)
 50.000%    4.18ms
 75.000%    6.15ms
 90.000%    8.28ms
 99.000%   11.60ms
 99.900%   13.79ms
 99.990%   15.55ms
 99.999%   17.60ms
100.000%   17.60ms

  Detailed Percentile spectrum:
       Value   Percentile   TotalCount 1/(1-Percentile)

       1.873     0.000000            1         1.00
       3.027     0.100000         5001         1.11
       3.343     0.200000         9969         1.25
       3.607     0.300000        14966         1.43
       3.861     0.400000        19933         1.67
       4.179     0.500000        24929         2.00
       4.391     0.550000        27420         2.22
       4.683     0.600000        29896         2.50
       5.091     0.650000        32369         2.86
       5.611     0.700000        34876         3.33
       6.147     0.750000        37354         4.00
       6.435     0.775000        38596         4.44
       6.763     0.800000        39837         5.00
       7.055     0.825000        41085         5.71
       7.403     0.850000        42334         6.67
       7.835     0.875000        43578         8.00
       8.047     0.887500        44204         8.89
       8.279     0.900000        44822        10.00
       8.511     0.912500        45451        11.43
       8.791     0.925000        46070        13.33
       9.087     0.937500        46686        16.00
       9.239     0.943750        47014        17.78
       9.391     0.950000        47319        20.00
       9.551     0.956250        47619        22.86
       9.759     0.962500        47937        26.67
      10.015     0.968750        48246        32.00
      10.127     0.971875        48401        35.56
      10.247     0.975000        48557        40.00
      10.431     0.978125        48709        45.71
      10.663     0.981250        48862        53.33
      10.935     0.984375        49017        64.00
      11.119     0.985938        49100        71.11
      11.263     0.987500        49173        80.00
      11.495     0.989062        49252        91.43
      11.655     0.990625        49331       106.67
      11.855     0.992188        49408       128.00
      11.967     0.992969        49448       142.22
      12.167     0.993750        49484       160.00
      12.343     0.994531        49523       182.86
      12.495     0.995313        49562       213.33
      12.639     0.996094        49601       256.00
      12.703     0.996484        49621       284.44
      12.815     0.996875        49640       320.00
      12.935     0.997266        49661       365.71
      13.047     0.997656        49681       426.67
      13.159     0.998047        49698       512.00
      13.255     0.998242        49709       568.89
      13.351     0.998437        49718       640.00
      13.479     0.998633        49727       731.43
      13.663     0.998828        49737       853.33
      13.823     0.999023        49747      1024.00
      13.863     0.999121        49752      1137.78
      13.935     0.999219        49757      1280.00
      13.967     0.999316        49762      1462.86
      14.079     0.999414        49766      1706.67
      14.223     0.999512        49772      2048.00
      14.279     0.999561        49774      2275.56
      14.327     0.999609        49777      2560.00
      14.343     0.999658        49779      2925.71
      14.447     0.999707        49781      3413.33
      14.735     0.999756        49783      4096.00
      14.951     0.999780        49785      4551.11
      14.999     0.999805        49786      5120.00
      15.135     0.999829        49787      5851.43
      15.279     0.999854        49788      6826.67
      15.303     0.999878        49789      8192.00
      15.551     0.999890        49790      9102.22
      15.775     0.999902        49791     10240.00
      15.775     0.999915        49791     11702.86
      16.119     0.999927        49792     13653.33
      16.119     0.999939        49792     16384.00
      16.319     0.999945        49793     18204.44
      16.319     0.999951        49793     20480.00
      16.319     0.999957        49793     23405.71
      16.655     0.999963        49794     27306.67
      16.655     0.999969        49794     32768.00
      16.655     0.999973        49794     36408.89
      16.655     0.999976        49794     40960.00
      16.655     0.999979        49794     46811.43
      17.599     0.999982        49795     54613.33
      17.599     1.000000        49795          inf
#[Mean    =        5.000, StdDeviation   =        2.130]
#[Max     =       17.584, Total count    =        49795]
#[Buckets =           27, SubBuckets     =         2048]
----------------------------------------------------------
  75024 requests in 30.01s, 25.04MB read
Requests/sec:   2500.12
Transfer/sec:    854.53KB
WRKX_RESULT {"durationUs":30008166,"requests":75024,"responses":75024,"errors":0,"bytes":26258400,"latencyAvgUs":5000.422,"latencyP95Us":9391.000,"latencyP99Us":11599.000}
