Running 30s test @ http://localhost:9991/
  16 threads and 256 connections
  Thread calibration: mean lat.: 4378.519ms, rate sampling interval: 15745ms
  Thread calibration: mean lat.: 4370.842ms, rate sampling interval: 15745ms
  Thread calibration: mean lat.: 4379.719ms, rate sampling interval: 15761ms
  Thread calibration: mean lat.: 4375.810ms, rate sampling interval: 15753ms
  Thread calibration: mean lat.: 4375.261ms, rate sampling interval: 15745ms
  Thread calibration: mean lat.: 4377.892ms, rate sampling interval: 15745ms
  Thread calibration: mean lat.: 4369.347ms, rate sampling interval: 15736ms
  Thread calibration: mean lat.: 4378.312ms, rate sampling interval: 15753ms
  Thread calibration: mean lat.: 4379.407ms, rate sampling interval: 15753ms
  Thread calibration: mean lat.: 4383.085ms, rate sampling interval: 15753ms
  Thread calibration: mean lat.: 4374.669ms, rate sampling interval: 15753ms
  Thread calibration: mean lat.: 4372.227ms, rate sampling interval: 15745ms
  Thread calibration: mean lat.: 4383.627ms, rate sampling interval: 15753ms
  Thread calibration: mean lat.: 4374.931ms, rate sampling interval: 15753ms
  Thread calibration: mean lat.: 4387.261ms, rate sampling interval: 15753ms
  Thread calibration: mean lat.: 4372.627ms, rate sampling interval: 15736ms
  Thread Stats   Avg      Stdev     Max   +/- Stdev
    Latency    17.37s     4.86s   25.72s    57.88%
    Req/Sec   366.94      0.24   367.00    100.00%
  Latency Distribution (HdrHistogram - Recorded Latency)
 50.000%   17.50s 
 75.000%   21.58s 
 90.000%   24.02s 
 99.000%   25.53s 
 99.900%   25.69s 
 99.990%   25.71s 
 99.999%   25.72s 
100.000%   25.74s 

  Detailed Percentile spectrum:
       Value   Percentile   TotalCount 1/(1-Percentile)

    8699.903     0.000000            2         1.00
   10551.295     0.100000        11822         1.11
   12304.383     0.200000        23566         1.25
   14090.239     0.300000        35375         1.43
   15785.983     0.400000        47101         1.67
   17498.111     0.500000        58948         2.00
   18317.311     0.550000        64867         2.22
   19120.127     0.600000        70658         2.50
   19939.327     0.650000        76611         2.86
   20758.527     0.700000        82446         3.33
   21577.727     0.750000        88349         4.00
   21987.327     0.775000        91371         4.44
   22396.927     0.800000        94284         5.00
   22806.527     0.825000        97204         5.71
   23216.127     0.850000       100112         6.67
   23625.727     0.875000       103109         8.00
   23822.335     0.887500       104561         8.89
   24018.943     0.900000       105998        10.00
   24231.935     0.912500       107485        11.43
   24444.927     0.925000       109007        13.33
   24641.535     0.937500       110419        16.00
   24756.223     0.943750       111195        17.78
   24854.527     0.950000       111910        20.00
   24952.831     0.956250       112612        22.86
   25067.519     0.962500       113437        26.67
   25165.823     0.968750       114115        32.00
   25214.975     0.971875       114482        35.56
   25264.127     0.975000       114828        40.00
   25329.663     0.978125       115285        45.71
   25378.815     0.981250       115629        53.33
   25427.967     0.984375       115991        64.00
   25444.351     0.985938       116097        71.11
   25477.119     0.987500       116311        80.00
   25509.887     0.989062       116534        91.43
   25542.655     0.990625       116742       106.67
   25559.039     0.992188       116843       128.00
   25575.423     0.992969       116946       142.22
   25591.807     0.993750       117067       160.00
   25608.191     0.994531       117168       182.86
   25624.575     0.995313       117289       213.33
   25624.575     0.996094       117289       256.00
   25640.959     0.996484       117397       284.44
   25640.959     0.996875       117397       320.00
   25657.343     0.997266       117499       365.71
   25657.343     0.997656       117499       426.67
   25673.727     0.998047       117608       512.00
   25673.727     0.998242       117608       568.89
   25673.727     0.998437       117608       640.00
   25673.727     0.998633       117608       731.43
   25673.727     0.998828       117608       853.33
   25690.111     0.999023       117684      1024.00
   25690.111     0.999121       117684      1137.78
   25690.111     0.999219       117684      1280.00
   25690.111     0.999316       117684      1462.86
   25690.111     0.999414       117684      1706.67
   25706.495     0.999512       117733      2048.00
   25706.495     0.999561       117733      2275.56
   25706.495     0.999609       117733      2560.00
   25706.495     0.999658       117733      2925.71
   25706.495     0.999707       117733      3413.33
   25706.495     0.999756       117733      4096.00
   25706.495     0.999780       117733      4551.11
   25706.495     0.999805       117733      5120.00
   25706.495     0.999829       117733      5851.43
   25706.495     0.999854       117733      6826.67
   25706.495     0.999878       117733      8192.00
   25706.495     0.999890       117733      9102.22
   25706.495     0.999902       117733     10240.00
   25722.879     0.999915       117743     11702.86
   25722.879     0.999927       117743     13653.33
   25722.879     0.999939       117743     16384.00
   25722.879     0.999945       117743     18204.44
   25722.879     0.999951       117743     20480.00
   25722.879     0.999957       117743     23405.71
   25722.879     0.999963       117743     27306.67
   25722.879     0.999969       117743     32768.00
   25722.879     0.999973       117743     36408.89
   25722.879     0.999976       117743     40960.00
   25722.879     0.999979       117743     46811.43
   25722.879     0.999982       117743     54613.33
   25722.879     0.999985       117743     65536.00
   25722.879     0.999986       117743     72817.78
   25722.879     0.999988       117743     81920.00
   25722.879     0.999989       117743     93622.86
   25722.879     0.999991       117743    109226.67
   25739.263     0.999992       117744    131072.00
   25739.263     1.000000       117744          inf
#[Mean    =    17370.783, StdDeviation   =     4860.396]
#[Max     =    25722.880, Total count    =       117744]
#[Buckets =           27, SubBuckets     =         2048]
----------------------------------------------------------
  170755 requests in 30.00s, 57.00MB read
Requests/sec:   5691.04
Transfer/sec:      1.90MB
WRKX_RESULT {"durationUs":30004158,"requests":170755,"responses":170755,"errors":0,"bytes":59764250,"latencyAvgUs":17370782.874,"latencyP95Us":24854527.000,"latencyP99Us":25526271.000}
