Running 30s test @ http://localhost:9991/
  16 threads and 256 connections
  Thread calibration: mean lat.: 3374.066ms, rate sampling interval: 12156ms
  Thread calibration: mean lat.: 3369.727ms, rate sampling interval: 12140ms
  Thread calibration: mean lat.: 3373.574ms, rate sampling interval: 12165ms
  Thread calibration: mean lat.: 3372.842ms, rate sampling interval: 12156ms
  Thread calibration: mean lat.: 3378.319ms, rate sampling interval: 12165ms
  Thread calibration: mean lat.: 3379.512ms, rate sampling interval: 12165ms
  Thread calibration: mean lat.: 3378.870ms, rate sampling interval: 12156ms
  Thread calibration: mean lat.: 3379.766ms, rate sampling interval: 12173ms
  Thread calibration: mean lat.: 3375.215ms, rate sampling interval: 12140ms
  Thread calibration: mean lat.: 3375.217ms, rate sampling interval: 12148ms
  Thread calibration: mean lat.: 3376.556ms, rate sampling interval: 12165ms
  Thread calibration: mean lat.: 3383.315ms, rate sampling interval: 12181ms
  Thread calibration: mean lat.: 3384.253ms, rate sampling interval: 12173ms
  Thread calibration: mean lat.: 3378.750ms, rate sampling interval: 12156ms
  Thread calibration: mean lat.: 3377.051ms, rate sampling interval: 12156ms
  Thread calibration: mean lat.: 3120.951ms, rate sampling interval: 11067ms
  Thread Stats   Avg      Stdev     Max   +/- Stdev
    Latency    12.99s     3.57s   19.07s    58.52%
    Req/Sec   348.81      0.53   349.00     93.75%
  Latency Distribution (HdrHistogram - Recorded Latency)
 50.000%   13.12s 
 75.000%   16.04s 
 90.000%   17.89s 
 99.000%   18.94s 
 99.900%   19.05s 
 99.990%   19.07s 
 99.999%   19.09s 
100.000%   19.09s 

  Detailed Percentile spectrum:
       Value   Percentile   TotalCount 1/(1-Percentile)

    6066.175     0.000000            1         1.00
    7901.183     0.100000        11345         1.11
    9322.495     0.200000        22670         1.25
   10616.831     0.300000        34031         1.43
   11894.783     0.400000        45355         1.67
   13115.391     0.500000        56688         2.00
   13705.215     0.550000        62349         2.22
   14278.655     0.600000        68054         2.50
   14852.095     0.650000        73690         2.86
   15425.535     0.700000        79363         3.33
   16039.935     0.750000        85035         4.00
   16351.231     0.775000        87899         4.44
   16646.143     0.800000        90683         5.00
   16973.823     0.825000        93503         5.71
   17285.119     0.850000        96424         6.67
   17596.415     0.875000        99295         8.00
   17743.871     0.887500       100682         8.89
   17891.327     0.900000       102145        10.00
   18022.399     0.912500       103473        11.43
   18169.855     0.925000       104893        13.33
   18317.311     0.937500       106401        16.00
   18382.847     0.943750       107073        17.78
   18448.383     0.950000       107664        20.00
   18530.303     0.956250       108402        22.86
   18612.223     0.962500       109177        26.67
   18677.759     0.968750       109797        32.00
   18726.911     0.971875       110229        35.56
   18759.679     0.975000       110522        40.00
   18808.831     0.978125       110961        45.71
   18841.599     0.981250       111252        53.33
   18874.367     0.984375       111560        64.00
   18907.135     0.985938       111886        71.11
   18923.519     0.987500       112050        80.00
   18939.903     0.989062       112227        91.43
   18956.287     0.990625       112388       106.67
   18972.671     0.992188       112550       128.00
   18972.671     0.992969       112550       142.22
   18989.055     0.993750       112732       160.00
   18989.055     0.994531       112732       182.86
   19005.439     0.995313       112899       213.33
   19005.439     0.996094       112899       256.00
   19021.823     0.996484       113062       284.44
   19021.823     0.996875       113062       320.00
   19021.823     0.997266       113062       365.71
   19021.823     0.997656       113062       426.67
   19038.207     0.998047       113203       512.00
   19038.207     0.998242       113203       568.89
   19038.207     0.998437       113203       640.00
   19038.207     0.998633       113203       731.43
   19038.207     0.998828       113203       853.33
   19054.591     0.999023       113296      1024.00
   19054.591     0.999121       113296      1137.78
   19054.591     0.999219       113296      1280.00
   19054.591     0.999316       113296      1462.86
   19054.591     0.999414       113296      1706.67
   19054.591     0.999512       113296      2048.00
   19054.591     0.999561       113296      2275.56
   19054.591     0.999609       113296      2560.00
   19054.591     0.999658       113296      2925.71
   19054.591     0.999707       113296      3413.33
   19070.975     0.999756       113320      4096.00
   19070.975     0.999780       113320      4551.11
   19070.975     0.999805       113320      5120.00
   19070.975     0.999829       113320      5851.43
   19070.975     0.999854       113320      6826.67
   19070.975     0.999878       113320      8192.00
   19070.975     0.999890       113320      9102.22
   19070.975     0.999902       113320     10240.00
   19070.975     0.999915       113320     11702.86
   19070.975     0.999927       113320     13653.33
   19070.975     0.999939       113320     16384.00
   19070.975     0.999945       113320     18204.44
   19070.975     0.999951       113320     20480.00
   19087.359     0.999957       113325     23405.71
   19087.359     1.000000       113325          inf
#[Mean    =    12992.649, StdDeviation   =     3566.380]
#[Max     =    19070.976, Total count    =       113325]
#[Buckets =           27, SubBuckets     =         2048]
----------------------------------------------------------
  163541 requests in 30.01s, 54.59MB read
Requests/sec:   5450.39
Transfer/sec:      1.82MB
WRKX_RESULT {"durationUs":30005388,"requests":163541,"responses":163541,"errors":0,"bytes":57239350,"latencyAvgUs":12992648.768,"latencyP95Us":18448383.000,"latencyP99Us":18939903.000}
