Running 30s test @ http://localhost:9991/
  16 threads and 256 connections
  Thread calibration: mean lat.: 11.249ms, rate sampling interval: 35ms
  Thread calibration: mean lat.: 11.349ms, rate sampling interval: 36ms
  Thread calibration: mean lat.: 11.254ms, rate sampling interval: 36ms
  Thread calibration: mean lat.: 11.245ms, rate sampling interval: 36ms
  Thread calibration: mean lat.: 11.400ms, rate sampling interval: 36ms
  Thread calibration: mean lat.: 11.483ms, rate sampling interval: 36ms
  Thread calibration: mean lat.: 11.386ms, rate sampling interval: 36ms
  Thread calibration: mean lat.: 11.403ms, rate sampling interval: 36ms
  Thread calibration: mean lat.: 11.296ms, rate sampling interval: 36ms
  Thread calibration: mean lat.: 11.474ms, rate sampling interval: 36ms
  Thread calibration: mean lat.: 11.524ms, rate sampling interval: 36ms
  Thread calibration: mean lat.: 11.328ms, rate sampling interval: 35ms
  Thread calibration: mean lat.: 11.461ms, rate sampling interval: 36ms
  Thread calibration: mean lat.: 11.313ms, rate sampling interval: 35ms
  Thread calibration: mean lat.: 11.159ms, rate sampling interval: 35ms
  Thread calibration: mean lat.: 11.385ms, rate sampling interval: 36ms
  Thread Stats   Avg      Stdev     Max   +/- Stdev
    Latency     7.57ms    2.40ms  24.83ms   69.74%
    Req/Sec   316.43     34.29   441.00     69.86%
  Latency Distribution (HdrHistogram - Recorded Latency)
 50.000%    7.35ms
 75.000%    9.00ms
 90.000%   10.73ms
 99.000%   14.14ms
 99.900%   17.68ms
 99.990%   20.93ms
 99.999%   24.43ms
100.000%   24.85ms

  Detailed Percentile spectrum:
       Value   Percentile   TotalCount 1/(1-Percentile)

       1.915     0.000000            1         1.00
       4.615     0.100000         9964         1.11
       5.563     0.200000        19918         1.25
       6.207     0.300000        29932         1.43
       6.783     0.400000        39884         1.67
       7.347     0.500000        49819         2.00
       7.631     0.550000        54799         2.22
       7.935     0.600000        59763         2.50
       8.255     0.650000        64812         2.86
       8.599     0.700000        69722         3.33
       8.999     0.750000        74782         4.00
       9.207     0.775000        77200         4.44
       9.447     0.800000        79747         5.00
       9.703     0.825000        82162         5.71
       9.991     0.850000        84663         6.67
      10.335     0.875000        87180         8.00
      10.527     0.887500        88407         8.89
      10.735     0.900000        89639        10.00
      10.967     0.912500        90876        11.43
      11.255     0.925000        92137        13.33
      11.551     0.937500        93391        16.00
      11.719     0.943750        94000        17.78
      11.903     0.950000        94619        20.00
      12.095     0.956250        95232        22.86
      12.311     0.962500        95866        26.67
      12.575     0.968750        96484        32.00
      12.719     0.971875        96792        35.56
      12.895     0.975000        97102        40.00
      13.079     0.978125        97411        45.71
      13.295     0.981250        97721        53.33
      13.551     0.984375        98038        64.00
      13.679     0.985938        98188        71.11
      13.831     0.987500        98345        80.00
      14.007     0.989062        98500        91.43
      14.239     0.990625        98655       106.67
      14.535     0.992188        98813       128.00
      14.671     0.992969        98885       142.22
      14.871     0.993750        98963       160.00
      15.095     0.994531        99041       182.86
      15.327     0.995313        99119       213.33
      15.623     0.996094        99196       256.00
      15.799     0.996484        99237       284.44
      16.023     0.996875        99275       320.00
      16.231     0.997266        99313       365.71
      16.415     0.997656        99356       426.67
      16.687     0.998047        99393       512.00
      16.799     0.998242        99411       568.89
      17.007     0.998437        99431       640.00
      17.231     0.998633        99449       731.43
      17.487     0.998828        99470       853.33
      17.695     0.999023        99488      1024.00
      17.935     0.999121        99499      1137.78
      18.031     0.999219        99509      1280.00
      18.239     0.999316        99518      1462.86
      18.495     0.999414        99527      1706.67
      18.719     0.999512        99537      2048.00
      18.799     0.999561        99542      2275.56
      18.895     0.999609        99548      2560.00
      19.023     0.999658        99551      2925.71
      19.247     0.999707        99556      3413.33
      19.599     0.999756        99561      4096.00
      19.983     0.999780        99564      4551.11
      20.095     0.999805        99566      5120.00
      20.351     0.999829        99568      5851.43
      20.463     0.999854        99571      6826.67
      20.751     0.999878        99573      8192.00
      20.927     0.999890        99575      9102.22
      21.183     0.999902        99576     10240.00
      21.263     0.999915        99577     11702.86
      21.327     0.999927        99578     13653.33
      21.727     0.999939        99579     16384.00
      21.919     0.999945        99580     18204.44
      22.207     0.999951        99581     20480.00
      22.207     0.999957        99581     23405.71
      22.767     0.999963        99582     27306.67
      22.767     0.999969        99582     32768.00
      22.847     0.999973        99583     36408.89
      22.847     0.999976        99583     40960.00
      22.847     0.999979        99583     46811.43
      24.431     0.999982        99584     54613.33
      24.431     0.999985        99584     65536.00
      24.431     0.999986        99584     72817.78
      24.431     0.999988        99584     81920.00
      24.431     0.999989        99584     93622.86
      24.847     0.999991        99585    109226.67
      24.847     1.000000        99585          inf
#[Mean    =        7.565, StdDeviation   =        2.405]
#[Max     =       24.832, Total count    =        99585]
#[Buckets =           27, SubBuckets     =         2048]
----------------------------------------------------------
  149901 requests in 30.00s, 50.03MB read
Requests/sec:   4996.16
Transfer/sec:      1.67MB
WRKX_RESULT {"durationUs":30003254,"requests":149901,"responses":149901,"errors":0,"bytes":52465350,"latencyAvgUs":7565.383,"latencyP95Us":11903.000,"latencyP99Us":14135.000}
