Running 30s test @ http://localhost:9991/
  16 threads and 256 connections
  Thread calibration: mean lat.: 4843.774ms, rate sampling interval: 17498ms
  Thread calibration: mean lat.: 4840.323ms, rate sampling interval: 17498ms
  Thread calibration: mean lat.: 4842.769ms, rate sampling interval: 17498ms
  Thread calibration: mean lat.: 4838.264ms, rate sampling interval: 17498ms
  Thread calibration: mean lat.: 4838.576ms, rate sampling interval: 17498ms
  Thread calibration: mean lat.: 4836.831ms, rate sampling interval: 17498ms
  Thread calibration: mean lat.: 4838.010ms, rate sampling interval: 17481ms
  Thread calibration: mean lat.: 4851.001ms, rate sampling interval: 17498ms
  Thread calibration: mean lat.: 4843.228ms, rate sampling interval: 17498ms
  Thread calibration: mean lat.: 4839.714ms, rate sampling interval: 17498ms
  Thread calibration: mean lat.: 4840.935ms, rate sampling interval: 17514ms
  Thread calibration: mean lat.: 4842.867ms, rate sampling interval: 17498ms
  Thread calibration: mean lat.: 4841.319ms, rate sampling interval: 17514ms
  Thread calibration: mean lat.: 4838.186ms, rate sampling interval: 17481ms
  Thread calibration: mean lat.: 4850.298ms, rate sampling interval: 17514ms
  Thread calibration: mean lat.: 4847.379ms, rate sampling interval: 17498ms
  Thread Stats   Avg      Stdev     Max   +/- Stdev
    Latency    19.31s     5.49s   28.85s    58.22%
    Req/Sec   363.19      0.39   364.00    100.00%
  Latency Distribution (HdrHistogram - Recorded Latency)
 50.000%   19.35s 
 75.000%   24.10s 
 90.000%   26.85s 
 99.000%   28.64s 
 99.900%   28.82s 
 99.990%   28.85s 
 99.999%   28.87s 
100.000%   28.87s 

  Detailed Percentile spectrum:
       Value   Percentile   TotalCount 1/(1-Percentile)

    9650.175     0.000000            1         1.00
   11673.599     0.100000        11593         1.11
   13615.103     0.200000        23141         1.25
   15589.375     0.300000        34720         1.43
   17432.575     0.400000        46289         1.67
   19349.503     0.500000        57859         2.00
   20283.391     0.550000        63601         2.22
   21282.815     0.600000        69400         2.50
   22200.319     0.650000        75195         2.86
   23183.359     0.700000        81006         3.33
   24100.863     0.750000        86763         4.00
   24526.847     0.775000        89650         4.44
   24952.831     0.800000        92520         5.00
   25444.351     0.825000        95464         5.71
   25935.871     0.850000        98326         6.67
   26394.623     0.875000       101252         8.00
   26623.999     0.887500       102689         8.89
   26853.375     0.900000       104104        10.00
   27115.519     0.912500       105572        11.43
   27377.663     0.925000       106982        13.33
   27639.807     0.937500       108477        16.00
   27754.495     0.943750       109140        17.78
   27885.567     0.950000       109926        20.00
   28000.255     0.956250       110633        22.86
   28114.943     0.962500       111313        26.67
   28229.631     0.968750       112029        32.00
   28295.167     0.971875       112457        35.56
   28344.319     0.975000       112771        40.00
   28409.855     0.978125       113194        45.71
   28459.007     0.981250       113487        53.33
   28524.543     0.984375       113890        64.00
   28557.311     0.985938       114072        71.11
   28590.079     0.987500       114254        80.00
   28622.847     0.989062       114454        91.43
   28655.615     0.990625       114639       106.67
   28671.999     0.992188       114744       128.00
   28688.383     0.992969       114834       142.22
   28704.767     0.993750       114935       160.00
   28721.151     0.994531       115027       182.86
   28737.535     0.995313       115123       213.33
   28753.919     0.996094       115225       256.00
   28753.919     0.996484       115225       284.44
   28770.303     0.996875       115309       320.00
   28786.687     0.997266       115406       365.71
   28786.687     0.997656       115406       426.67
   28786.687     0.998047       115406       512.00
   28803.071     0.998242       115497       568.89
   28803.071     0.998437       115497       640.00
   28803.071     0.998633       115497       731.43
   28803.071     0.998828       115497       853.33
   28819.455     0.999023       115551      1024.00
   28819.455     0.999121       115551      1137.78
   28819.455     0.999219       115551      1280.00
   28819.455     0.999316       115551      1462.86
   28835.839     0.999414       115609      1706.67
   28835.839     0.999512       115609      2048.00
   28835.839     0.999561       115609      2275.56
   28835.839     0.999609       115609      2560.00
   28835.839     0.999658       115609      2925.71
   28835.839     0.999707       115609      3413.33
   28835.839     0.999756       115609      4096.00
   28835.839     0.999780       115609      4551.11
   28835.839     0.999805       115609      5120.00
   28835.839     0.999829       115609      5851.43
   28852.223     0.999854       115626      6826.67
   28852.223     0.999878       115626      8192.00
   28852.223     0.999890       115626      9102.22
   28852.223     0.999902       115626     10240.00
   28852.223     0.999915       115626     11702.86
   28852.223     0.999927       115626     13653.33
   28852.223     0.999939       115626     16384.00
   28852.223     0.999945       115626     18204.44
   28852.223     0.999951       115626     20480.00
   28852.223     0.999957       115626     23405.71
   28852.223     0.999963       115626     27306.67
   28852.223     0.999969       115626     32768.00
   28852.223     0.999973       115626     36408.89
   28852.223     0.999976       115626     40960.00
   28852.223     0.999979       115626     46811.43
   28852.223     0.999982       115626     54613.33
   28868.607     0.999985       115628     65536.00
   28868.607     1.000000       115628          inf
#[Mean    =    19313.975, StdDeviation   =     5494.494]
#[Max     =    28852.224, Total count    =       115628]
#[Buckets =           27, SubBuckets     =         2048]
----------------------------------------------------------
  170560 requests in 30.01s, 56.93MB read
Requests/sec:   5684.24
Transfer/sec:      1.90MB
WRKX_RESULT {"durationUs":30005767,"requests":170560,"responses":170560,"errors":0,"bytes":59696000,"latencyAvgUs":19313974.951,"latencyP95Us":27885567.000,"latencyP99Us":28639231.000}
