Running 30s test @ http://localhost:9991/
  16 threads and 256 connections
  Thread calibration: mean lat.: 3952.823ms, rate sampling interval: 14360ms
  Thread calibration: mean lat.: 3957.540ms, rate sampling interval: 14368ms
  Thread calibration: mean lat.: 3953.062ms, rate sampling interval: 14360ms
  Thread calibration: mean lat.: 3955.631ms, rate sampling interval: 14376ms
  Thread calibration: mean lat.: 3951.384ms, rate sampling interval: 14352ms
  Thread calibration: mean lat.: 3954.233ms, rate sampling interval: 14368ms
  Thread calibration: mean lat.: 3949.511ms, rate sampling interval: 14368ms
  Thread calibration: mean lat.: 3954.372ms, rate sampling interval: 14376ms
  Thread calibration: mean lat.: 3953.762ms, rate sampling interval: 14360ms
  Thread calibration: mean lat.: 3955.384ms, rate sampling interval: 14376ms
  Thread calibration: mean lat.: 3955.311ms, rate sampling interval: 14368ms
  Thread calibration: mean lat.: 3954.366ms, rate sampling interval: 14360ms
  Thread calibration: mean lat.: 3955.236ms, rate sampling interval: 14360ms
  Thread calibration: mean lat.: 3632.334ms, rate sampling interval: 13058ms
  Thread calibration: mean lat.: 3954.878ms, rate sampling interval: 14360ms
  Thread calibration: mean lat.: 3958.552ms, rate sampling interval: 14376ms
  Thread Stats   Avg      Stdev     Max   +/- Stdev
    Latency    15.71s     4.42s   23.41s    58.48%
    Req/Sec   350.00      0.35   351.00    100.00%
  Latency Distribution (HdrHistogram - Recorded Latency)
 50.000%   15.81s 
 75.000%   19.48s 
 90.000%   21.79s 
 99.000%   23.23s 
 99.900%   23.38s 
 99.990%   23.41s 
 99.999%   23.41s 
100.000%   23.43s 

  Detailed Percentile spectrum:
       Value   Percentile   TotalCount 1/(1-Percentile)

    7204.863     0.000000            1         1.00
    9527.295     0.100000        11215         1.11
   11165.695     0.200000        22400         1.25
   12722.175     0.300000        33592         1.43
   14278.655     0.400000        44805         1.67
   15810.559     0.500000        55984         2.00
   16564.223     0.550000        61556         2.22
   17301.503     0.600000        67168         2.50
   18022.399     0.650000        72813         2.86
   18743.295     0.700000        78384         3.33
   19480.575     0.750000        83988         4.00
   19857.407     0.775000        86835         4.44
   20234.239     0.800000        89549         5.00
   20627.455     0.825000        92334         5.71
   21020.671     0.850000        95195         6.67
   21397.503     0.875000        98038         8.00
   21594.111     0.887500        99440         8.89
   21790.719     0.900000       100784        10.00
   21987.327     0.912500       102166        11.43
   22183.935     0.925000       103586        13.33
   22380.543     0.937500       104967        16.00
   22478.847     0.943750       105648        17.78
   22577.151     0.950000       106353        20.00
   22675.455     0.956250       107058        22.86
   22773.759     0.962500       107729        26.67
   22888.447     0.968750       108511        32.00
   22937.599     0.971875       108832        35.56
   22986.751     0.975000       109158        40.00
   23035.903     0.978125       109493        45.71
   23085.055     0.981250       109833        53.33
   23134.207     0.984375       110174        64.00
   23166.975     0.985938       110397        71.11
   23199.743     0.987500       110629        80.00
   23216.127     0.989062       110747        91.43
   23248.895     0.990625       110988       106.67
   23265.279     0.992188       111112       128.00
   23281.663     0.992969       111222       142.22
   23281.663     0.993750       111222       160.00
   23298.047     0.994531       111346       182.86
   23314.431     0.995313       111451       213.33
   23330.815     0.996094       111575       256.00
   23330.815     0.996484       111575       284.44
   23330.815     0.996875       111575       320.00
   23347.199     0.997266       111683       365.71
   23347.199     0.997656       111683       426.67
   23363.583     0.998047       111802       512.00
   23363.583     0.998242       111802       568.89
   23363.583     0.998437       111802       640.00
   23363.583     0.998633       111802       731.43
   23363.583     0.998828       111802       853.33
   23379.967     0.999023       111876      1024.00
   23379.967     0.999121       111876      1137.78
   23379.967     0.999219       111876      1280.00
   23379.967     0.999316       111876      1462.86
   23379.967     0.999414       111876      1706.67
   23379.967     0.999512       111876      2048.00
   23379.967     0.999561       111876      2275.56
   23396.351     0.999609       111908      2560.00
   23396.351     0.999658       111908      2925.71
   23396.351     0.999707       111908      3413.33
   23396.351     0.999756       111908      4096.00
   23396.351     0.999780       111908      4551.11
   23396.351     0.999805       111908      5120.00
   23396.351     0.999829       111908      5851.43
   23396.351     0.999854       111908      6826.67
   23396.351     0.999878       111908      8192.00
   23396.351     0.999890       111908      9102.22
   23412.735     0.999902       111919     10240.00
   23412.735     0.999915       111919     11702.86
   23412.735     0.999927       111919     13653.33
   23412.735     0.999939       111919     16384.00
   23412.735     0.999945       111919     18204.44
   23412.735     0.999951       111919     20480.00
   23412.735     0.999957       111919     23405.71
   23412.735     0.999963       111919     27306.67
   23412.735     0.999969       111919     32768.00
   23412.735     0.999973       111919     36408.89
   23412.735     0.999976       111919     40960.00
   23412.735     0.999979       111919     46811.43
   23412.735     0.999982       111919     54613.33
   23412.735     0.999985       111919     65536.00
   23412.735     0.999986       111919     72817.78
   23412.735     0.999988       111919     81920.00
   23412.735     0.999989       111919     93622.86
   23412.735     0.999991       111919    109226.67
   23429.119     0.999992       111920    131072.00
   23429.119     1.000000       111920          inf
#[Mean    =    15714.092, StdDeviation   =     4416.874]
#[Max     =    23412.736, Total count    =       111920]
#[Buckets =           27, SubBuckets     =         2048]
----------------------------------------------------------
  164281 requests in 30.01s, 54.83MB read
Requests/sec:   5474.97
Transfer/sec:      1.83MB
WRKX_RESULT {"durationUs":30005811,"requests":164281,"responses":164281,"errors":0,"bytes":57498350,"latencyAvgUs":15714091.697,"latencyP95Us":22577151.000,"latencyP99Us":23232511.000}
