Running 30s test @ http://localhost:9991/
  16 threads and 256 connections
  Thread calibration: mean lat.: 4382.682ms, rate sampling interval: 15974ms
  Thread calibration: mean lat.: 4382.943ms, rate sampling interval: 15966ms
  Thread calibration: mean lat.: 4388.179ms, rate sampling interval: 15966ms
  Thread calibration: mean lat.: 4383.127ms, rate sampling interval: 15958ms
  Thread calibration: mean lat.: 4383.402ms, rate sampling interval: 15974ms
  Thread calibration: mean lat.: 4384.745ms, rate sampling interval: 15966ms
  Thread calibration: mean lat.: 4386.483ms, rate sampling interval: 15966ms
  Thread calibration: mean lat.: 4383.229ms, rate sampling interval: 15958ms
  Thread calibration: mean lat.: 4384.175ms, rate sampling interval: 15982ms
  Thread calibration: mean lat.: 4386.843ms, rate sampling interval: 15974ms
  Thread calibration: mean lat.: 4387.881ms, rate sampling interval: 15966ms
  Thread calibration: mean lat.: 4391.552ms, rate sampling interval: 15974ms
  Thread calibration: mean lat.: 4380.376ms, rate sampling interval: 15966ms
  Thread calibration: mean lat.: 4389.214ms, rate sampling interval: 15974ms
  Thread calibration: mean lat.: 4384.369ms, rate sampling interval: 15982ms
  Thread calibration: mean lat.: 4384.726ms, rate sampling interval: 15966ms
  Thread Stats   Avg      Stdev     Max   +/- Stdev
    Latency    17.61s     5.04s   26.59s    58.12%
    Req/Sec   356.38      0.48   357.00    100.00%
  Latency Distribution (HdrHistogram - Recorded Latency)
 50.000%   17.56s 
 75.000%   21.94s 
 90.000%   24.66s 
 99.000%   26.39s 
 99.900%   26.57s 
 99.990%   26.61s 
 99.999%   26.61s 
100.000%   26.61s 

  Detailed Percentile spectrum:
       Value   Percentile   TotalCount 1/(1-Percentile)

    8888.319     0.000000            3         1.00
   10715.135     0.100000        11263         1.11
   12435.455     0.200000        22498         1.25
   14073.855     0.300000        33732         1.43
   15810.559     0.400000        44982         1.67
   17563.647     0.500000        56211         2.00
   18431.999     0.550000        61840         2.22
   19267.583     0.600000        67429         2.50
   20168.703     0.650000        73130         2.86
   21037.055     0.700000        78658         3.33
   21938.175     0.750000        84323         4.00
   22396.927     0.775000        87154         4.44
   22839.295     0.800000        89898         5.00
   23314.431     0.825000        92765         5.71
   23756.799     0.850000        95580         6.67
   24199.167     0.875000        98329         8.00
   24428.543     0.887500        99771         8.89
   24657.919     0.900000       101119        10.00
   24903.679     0.912500       102578        11.43
   25133.055     0.925000       104007        13.33
   25362.431     0.937500       105347        16.00
   25477.119     0.943750       106055        17.78
   25591.807     0.950000       106754        20.00
   25722.879     0.956250       107514        22.86
   25837.567     0.962500       108181        26.67
   25952.255     0.968750       108840        32.00
   26017.791     0.971875       109207        35.56
   26083.327     0.975000       109548        40.00
   26148.863     0.978125       109902        45.71
   26214.399     0.981250       110258        53.33
   26279.935     0.984375       110624        64.00
   26312.703     0.985938       110816        71.11
   26345.471     0.987500       110993        80.00
   26378.239     0.989062       111192        91.43
   26411.007     0.990625       111375       106.67
   26427.391     0.992188       111473       128.00
   26443.775     0.992969       111564       142.22
   26460.159     0.993750       111656       160.00
   26476.543     0.994531       111746       182.86
   26492.927     0.995313       111840       213.33
   26509.311     0.996094       111929       256.00
   26525.695     0.996484       112017       284.44
   26525.695     0.996875       112017       320.00
   26542.079     0.997266       112107       365.71
   26542.079     0.997656       112107       426.67
   26558.463     0.998047       112192       512.00
   26558.463     0.998242       112192       568.89
   26558.463     0.998437       112192       640.00
   26558.463     0.998633       112192       731.43
   26574.847     0.998828       112269       853.33
   26574.847     0.999023       112269      1024.00
   26574.847     0.999121       112269      1137.78
   26574.847     0.999219       112269      1280.00
   26574.847     0.999316       112269      1462.86
   26591.231     0.999414       112319      1706.67
   26591.231     0.999512       112319      2048.00
   26591.231     0.999561       112319      2275.56
   26591.231     0.999609       112319      2560.00
   26591.231     0.999658       112319      2925.71
   26591.231     0.999707       112319      3413.33
   26591.231     0.999756       112319      4096.00
   26591.231     0.999780       112319      4551.11
   26607.615     0.999805       112343      5120.00
   26607.615     1.000000       112343          inf
#[Mean    =    17613.644, StdDeviation   =     5039.091]
#[Max     =    26591.232, Total count    =       112343]
#[Buckets =           27, SubBuckets     =         2048]
----------------------------------------------------------
  169025 requests in 30.01s, 56.42MB read
Requests/sec:   5632.71
Transfer/sec:      1.88MB
WRKX_RESULT {"durationUs":30007753,"requests":169025,"responses":169025,"errors":0,"bytes":59158750,"latencyAvgUs":17613643.679,"latencyP95Us":25591807.000,"latencyP99Us":26394623.000}
