Running 30s test @ http://localhost:9991/
  16 threads and 256 connections
  Thread calibration: mean lat.: 4676.320ms, rate sampling interval: 16875ms
  Thread calibration: mean lat.: 4672.601ms, rate sampling interval: 16859ms
  Thread calibration: mean lat.: 4673.573ms, rate sampling interval: 16842ms
  Thread calibration: mean lat.: 4676.500ms, rate sampling interval: 16875ms
  Thread calibration: mean lat.: 4667.445ms, rate sampling interval: 16842ms
  Thread calibration: mean lat.: 4671.182ms, rate sampling interval: 16859ms
  Thread calibration: mean lat.: 4672.163ms, rate sampling interval: 16859ms
  Thread calibration: mean lat.: 4673.180ms, rate sampling interval: 16842ms
  Thread calibration: mean lat.: 4679.484ms, rate sampling interval: 16859ms
  Thread calibration: mean lat.: 4669.555ms, rate sampling interval: 16842ms
  Thread calibration: mean lat.: 4676.418ms, rate sampling interval: 16859ms
  Thread calibration: mean lat.: 4669.382ms, rate sampling interval: 16859ms
  Thread calibration: mean lat.: 4676.560ms, rate sampling interval: 16859ms
  Thread calibration: mean lat.: 4672.737ms, rate sampling interval: 16842ms
  Thread calibration: mean lat.: 4678.057ms, rate sampling interval: 16875ms
  Thread calibration: mean lat.: 4675.223ms, rate sampling interval: 16859ms
  Thread Stats   Avg      Stdev     Max   +/- Stdev
    Latency    18.62s     5.29s   27.74s    58.05%
    Req/Sec   358.00      0.00   358.00    100.00%
  Latency Distribution (HdrHistogram - Recorded Latency)
 50.000%   18.69s 
 75.000%   23.20s 
 90.000%   25.90s 
 99.000%   27.54s 
 99.900%   27.71s 
 99.990%   27.74s 
 99.999%   27.75s 
100.000%   27.75s 

  Detailed Percentile spectrum:
       Value   Percentile   TotalCount 1/(1-Percentile)

    9306.111     0.000000            6         1.00
   11223.039     0.100000        11436         1.11
   13139.967     0.200000        22864         1.25
   15040.511     0.300000        34270         1.43
   16875.519     0.400000        45698         1.67
   18694.143     0.500000        57226         2.00
   19562.495     0.550000        62849         2.22
   20512.767     0.600000        68567         2.50
   21430.271     0.650000        74350         2.86
   22315.007     0.700000        79981         3.33
   23199.743     0.750000        85709         4.00
   23642.111     0.775000        88549         4.44
   24084.479     0.800000        91404         5.00
   24526.847     0.825000        94276         5.71
   24969.215     0.850000        97134         6.67
   25444.351     0.875000       100013         8.00
   25673.727     0.887500       101432         8.89
   25903.103     0.900000       102831        10.00
   26148.863     0.912500       104295        11.43
   26378.239     0.925000       105750        13.33
   26607.615     0.937500       107151        16.00
   26722.303     0.943750       107853        17.78
   26836.991     0.950000       108591        20.00
   26951.679     0.956250       109320        22.86
   27066.367     0.962500       110050        26.67
   27164.671     0.968750       110679        32.00
   27230.207     0.971875       111088        35.56
   27279.359     0.975000       111395        40.00
   27344.895     0.978125       111833        45.71
   27394.047     0.981250       112159        53.33
   27443.199     0.984375       112479        64.00
   27475.967     0.985938       112697        71.11
   27492.351     0.987500       112815        80.00
   27525.119     0.989062       113021        91.43
   27557.887     0.990625       113224       106.67
   27574.271     0.992188       113349       128.00
   27590.655     0.992969       113444       142.22
   27607.039     0.993750       113554       160.00
   27623.423     0.994531       113656       182.86
   27639.807     0.995313       113746       213.33
   27656.191     0.996094       113848       256.00
   27656.191     0.996484       113848       284.44
   27672.575     0.996875       113942       320.00
   27672.575     0.997266       113942       365.71
   27688.959     0.997656       114035       426.67
   27688.959     0.998047       114035       512.00
   27688.959     0.998242       114035       568.89
   27705.343     0.998437       114123       640.00
   27705.343     0.998633       114123       731.43
   27705.343     0.998828       114123       853.33
   27705.343     0.999023       114123      1024.00
   27721.727     0.999121       114179      1137.78
   27721.727     0.999219       114179      1280.00
   27721.727     0.999316       114179      1462.86
   27721.727     0.999414       114179      1706.67
   27721.727     0.999512       114179      2048.00
   27738.111     0.999561       114223      2275.56
   27738.111     0.999609       114223      2560.00
   27738.111     0.999658       114223      2925.71
   27738.111     0.999707       114223      3413.33
   27738.111     0.999756       114223      4096.00
   27738.111     0.999780       114223      4551.11
   27738.111     0.999805       114223      5120.00
   27738.111     0.999829       114223      5851.43
   27738.111     0.999854       114223      6826.67
   27738.111     0.999878       114223      8192.00
   27738.111     0.999890       114223      9102.22
   27738.111     0.999902       114223     10240.00
   27738.111     0.999915       114223     11702.86
   27738.111     0.999927       114223     13653.33
   27754.495     0.999939       114230     16384.00
   27754.495     1.000000       114230          inf
#[Mean    =    18623.189, StdDeviation   =     5289.335]
#[Max     =    27738.112, Total count    =       114230]
#[Buckets =           27, SubBuckets     =         2048]
----------------------------------------------------------
  168045 requests in 30.01s, 56.09MB read
Requests/sec:   5600.01
Transfer/sec:      1.87MB
WRKX_RESULT {"durationUs":30007995,"requests":168045,"responses":168045,"errors":0,"bytes":58815750,"latencyAvgUs":18623189.289,"latencyP95Us":26836991.000,"latencyP99Us":27541503.000}
