Running 30s test @ http://localhost:9991/
  16 threads and 256 connections
  Thread calibration: mean lat.: 3911.636ms, rate sampling interval: 14221ms
  Thread calibration: mean lat.: 3936.810ms, rate sampling interval: 14254ms
  Thread calibration: mean lat.: 3923.998ms, rate sampling interval: 14245ms
  Thread calibration: mean lat.: 3901.820ms, rate sampling interval: 14245ms
  Thread calibration: mean lat.: 3906.700ms, rate sampling interval: 14213ms
  Thread calibration: mean lat.: 3908.874ms, rate sampling interval: 14245ms
  Thread calibration: mean lat.: 3910.428ms, rate sampling interval: 14245ms
  Thread calibration: mean lat.: 3921.836ms, rate sampling interval: 14254ms
  Thread calibration: mean lat.: 3919.399ms, rate sampling interval: 14204ms
  Thread calibration: mean lat.: 3906.379ms, rate sampling interval: 14188ms
  Thread calibration: mean lat.: 3923.604ms, rate sampling interval: 14237ms
  Thread calibration: mean lat.: 3922.899ms, rate sampling interval: 14204ms
  Thread calibration: mean lat.: 3919.978ms, rate sampling interval: 14245ms
  Thread calibration: mean lat.: 3916.032ms, rate sampling interval: 14262ms
  Thread calibration: mean lat.: 3891.411ms, rate sampling interval: 14163ms
  Thread calibration: mean lat.: 3946.537ms, rate sampling interval: 14262ms
  Thread Stats   Avg      Stdev     Max   +/- Stdev
    Latency    15.76s     4.72s   24.12s    57.37%
    Req/Sec     2.46k     5.89     2.47k    68.75%
  Latency Distribution (HdrHistogram - Recorded Latency)
 50.000%   15.64s 
 75.000%   19.81s 
 90.000%   22.45s 
 99.000%   23.86s 
 99.900%   24.00s 
 99.990%   24.08s 
 99.999%   24.13s 
100.000%   24.13s 

  Detailed Percentile spectrum:
       Value   Percentile   TotalCount 1/(1-Percentile)

    7835.647     0.000000            1         1.00
    9371.647     0.100000        77180         1.11
   10862.591     0.200000       154132         1.25
   12255.231     0.300000       231304         1.43
   14016.511     0.400000       308342         1.67
   15638.527     0.500000       385255         2.00
   16449.535     0.550000       423709         2.22
   17301.503     0.600000       462269         2.50
   18169.855     0.650000       501262         2.86
   18939.903     0.700000       539537         3.33
   19808.255     0.750000       577966         4.00
   20283.391     0.775000       596898         4.44
   20742.143     0.800000       616527         5.00
   21217.279     0.825000       635672         5.71
   21643.263     0.850000       654678         6.67
   22036.479     0.875000       673975         8.00
   22233.087     0.887500       683881         8.89
   22446.079     0.900000       693719        10.00
   22642.687     0.912500       702918        11.43
   22872.063     0.925000       712857        13.33
   23068.671     0.937500       721874        16.00
   23183.359     0.943750       726994        17.78
   23281.663     0.950000       731578        20.00
   23396.351     0.956250       737026        22.86
   23478.271     0.962500       741205        26.67
   23576.575     0.968750       746768        32.00
   23609.343     0.971875       748673        35.56
   23658.495     0.975000       751634        40.00
   23691.263     0.978125       753621        45.71
   23724.031     0.981250       755558        53.33
   23773.183     0.984375       758376        64.00
   23789.567     0.985938       759344        71.11
   23822.335     0.987500       761166        80.00
   23838.719     0.989062       762100        91.43
   23855.103     0.990625       762989       106.67
   23887.871     0.992188       764742       128.00
   23887.871     0.992969       764742       142.22
   23904.255     0.993750       765588       160.00
   23920.639     0.994531       766421       182.86
   23920.639     0.995313       766421       213.33
   23937.023     0.996094       767177       256.00
   23953.407     0.996484       767847       284.44
   23953.407     0.996875       767847       320.00
   23953.407     0.997266       767847       365.71
   23969.791     0.997656       768388       426.67
   23986.175     0.998047       768811       512.00
   23986.175     0.998242       768811       568.89
   23986.175     0.998437       768811       640.00
   24002.559     0.998633       769181       731.43
   24002.559     0.998828       769181       853.33
   24002.559     0.999023       769181      1024.00
   24018.943     0.999121       769437      1137.78
   24018.943     0.999219       769437      1280.00
   24018.943     0.999316       769437      1462.86
   24035.327     0.999414       769618      1706.67
   24035.327     0.999512       769618      2048.00
   24035.327     0.999561       769618      2275.56
   24051.711     0.999609       769742      2560.00
   24051.711     0.999658       769742      2925.71
   24051.711     0.999707       769742      3413.33
   24051.711     0.999756       769742      4096.00
   24068.095     0.999780       769839      4551.11
   24068.095     0.999805       769839      5120.00
   24068.095     0.999829       769839      5851.43
   24068.095     0.999854       769839      6826.67
   24068.095     0.999878       769839      8192.00
   24084.479     0.999890       769890      9102.22
   24084.479     0.999902       769890     10240.00
   24084.479     0.999915       769890     11702.86
   24084.479     0.999927       769890     13653.33
   24084.479     0.999939       769890     16384.00
   24084.479     0.999945       769890     18204.44
   24100.863     0.999951       769903     20480.00
   24100.863     0.999957       769903     23405.71
   24100.863     0.999963       769903     27306.67
   24117.247     0.999969       769916     32768.00
   24117.247     0.999973       769916     36408.89
   24117.247     0.999976       769916     40960.00
   24117.247     0.999979       769916     46811.43
   24117.247     0.999982       769916     54613.33
   24133.631     0.999985       769929     65536.00
   24133.631     1.000000       769929          inf
#[Mean    =    15755.211, StdDeviation   =     4721.815]
#[Max     =    24117.248, Total count    =       769929]
#[Buckets =           27, SubBuckets     =         2048]
----------------------------------------------------------
  1195507 requests in 30.00s, 265.65MB read
Requests/sec:  39850.76
Transfer/sec:      8.86MB
WRKX_RESULT {"durationUs":29999600,"requests":1195507,"responses":1195507,"errors":0,"bytes":278555329,"latencyAvgUs":15755211.191,"latencyP95Us":23281663.000,"latencyP99Us":23855103.000}
