Running 30s test @ http://localhost:9991/
  16 threads and 256 connections
  Thread calibration: mean lat.: 1.136ms, rate sampling interval: 10ms
  Thread calibration: mean lat.: 1.139ms, rate sampling interval: 10ms
  Thread calibration: mean lat.: 1.127ms, rate sampling interval: 10ms
  Thread calibration: mean lat.: 1.235ms, rate sampling interval: 10ms
  Thread calibration: mean lat.: 1.141ms, rate sampling interval: 10ms
  Thread calibration: mean lat.: 1.127ms, rate sampling interval: 10ms
  Thread calibration: mean lat.: 1.124ms, rate sampling interval: 10ms
  Thread calibration: mean lat.: 1.152ms, rate sampling interval: 10ms
  Thread calibration: mean lat.: 1.116ms, rate sampling interval: 10ms
  Thread calibration: mean lat.: 1.135ms, rate sampling interval: 10ms
  Thread calibration: mean lat.: 1.118ms, rate sampling interval: 10ms
  Thread calibration: mean lat.: 1.121ms, rate sampling interval: 10ms
  Thread calibration: mean lat.: 1.120ms, rate sampling interval: 10ms
  Thread calibration: mean lat.: 1.133ms, rate sampling interval: 10ms
  Thread calibration: mean lat.: 1.107ms, rate sampling interval: 10ms
  Thread calibration: mean lat.: 1.119ms, rate sampling interval: 10ms
  Thread Stats   Avg      Stdev     Max   +/- Stdev
    Latency     1.12ms  666.06us  21.15ms   87.41%
    Req/Sec   328.69    249.43     1.78k    74.80%
  Latency Distribution (HdrHistogram - Recorded Latency)
 50.000%    1.09ms
 75.000%    1.38ms
 90.000%    1.66ms
 99.000%    2.31ms
 99.900%   10.53ms
 99.990%   16.70ms
 99.999%   19.25ms
100.000%   21.17ms

  Detailed Percentile spectrum:
       Value   Percentile   TotalCount 1/(1-Percentile)

       0.154     0.000000            1         1.00
       0.528     0.100000        10004         1.11
       0.691     0.200000        19976         1.25
       0.836     0.300000        29936         1.43
       0.967     0.400000        39856         1.67
       1.088     0.500000        49868         2.00
       1.145     0.550000        54777         2.22
       1.202     0.600000        59762         2.50
       1.259     0.650000        64806         2.86
       1.318     0.700000        69777         3.33
       1.381     0.750000        74752         4.00
       1.416     0.775000        77188         4.44
       1.456     0.800000        79734         5.00
       1.497     0.825000        82157         5.71
       1.546     0.850000        84666         6.67
       1.601     0.875000        87168         8.00
       1.629     0.887500        88387         8.89
       1.663     0.900000        89642        10.00
       1.700     0.912500        90894        11.43
       1.742     0.925000        92149        13.33
       1.791     0.937500        93361        16.00
       1.820     0.943750        93985        17.78
       1.851     0.950000        94620        20.00
       1.884     0.956250        95234        22.86
       1.925     0.962500        95862        26.67
       1.970     0.968750        96476        32.00
       1.999     0.971875        96791        35.56
       2.031     0.975000        97095        40.00
       2.067     0.978125        97424        45.71
       2.107     0.981250        97734        53.33
       2.159     0.984375        98035        64.00
       2.189     0.985938        98193        71.11
       2.225     0.987500        98342        80.00
       2.277     0.989062        98495        91.43
       2.345     0.990625        98653       106.67
       2.453     0.992188        98806       128.00
       2.533     0.992969        98885       142.22
       2.683     0.993750        98962       160.00
       2.891     0.994531        99040       182.86
       3.169     0.995313        99118       213.33
       3.875     0.996094        99195       256.00
       4.275     0.996484        99234       284.44
       4.719     0.996875        99273       320.00
       5.123     0.997266        99312       365.71
       5.723     0.997656        99351       426.67
       7.095     0.998047        99390       512.00
       7.775     0.998242        99409       568.89
       8.247     0.998437        99429       640.00
       9.183     0.998633        99448       731.43
       9.831     0.998828        99468       853.33
      10.991     0.999023        99487      1024.00
      11.151     0.999121        99497      1137.78
      11.567     0.999219        99507      1280.00
      12.039     0.999316        99516      1462.86
      12.599     0.999414        99526      1706.67
      13.231     0.999512        99536      2048.00
      13.319     0.999561        99541      2275.56
      13.799     0.999609        99547      2560.00
      14.263     0.999658        99550      2925.71
      15.055     0.999707        99555      3413.33
      16.039     0.999756        99560      4096.00
      16.167     0.999780        99563      4551.11
      16.223     0.999805        99565      5120.00
      16.367     0.999829        99567      5851.43
      16.543     0.999854        99570      6826.67
      16.671     0.999878        99572      8192.00
      16.703     0.999890        99574      9102.22
      17.007     0.999902        99575     10240.00
      17.247     0.999915        99576     11702.86
      17.391     0.999927        99577     13653.33
      17.631     0.999939        99578     16384.00
      17.743     0.999945        99579     18204.44
      18.047     0.999951        99580     20480.00
      18.047     0.999957        99580     23405.71
      19.023     0.999963        99581     27306.67
      19.023     0.999969        99581     32768.00
      19.167     0.999973        99582     36408.89
      19.167     0.999976        99582     40960.00
      19.167     0.999979        99582     46811.43
      19.247     0.999982        99583     54613.33
      19.247     0.999985        99583     65536.00
      19.247     0.999986        99583     72817.78
      19.247     0.999988        99583     81920.00
      19.247     0.999989        99583     93622.86
      21.167     0.999991        99584    109226.67
      21.167     1.000000        99584          inf
#[Mean    =        1.122, StdDeviation   =        0.666]
#[Max     =       21.152, Total count    =        99584]
#[Buckets =           27, SubBuckets     =         2048]
----------------------------------------------------------
  149612 requests in 30.03s, 33.25MB read
Requests/sec:   4981.97
Transfer/sec:      1.11MB
WRKX_RESULT {"durationUs":30030704,"requests":149612,"responses":149612,"errors":0,"bytes":34860852,"latencyAvgUs":1121.736,"latencyP95Us":1851.000,"latencyP99Us":2313.000}
