Running 30s test @ http://localhost:9991/
  16 threads and 256 connections
  Thread calibration: mean lat.: 1.187ms, rate sampling interval: 10ms
  Thread calibration: mean lat.: 1.186ms, rate sampling interval: 10ms
  Thread calibration: mean lat.: 1.183ms, rate sampling interval: 10ms
  Thread calibration: mean lat.: 1.182ms, rate sampling interval: 10ms
  Thread calibration: mean lat.: 1.188ms, rate sampling interval: 10ms
  Thread calibration: mean lat.: 1.183ms, rate sampling interval: 10ms
  Thread calibration: mean lat.: 1.198ms, rate sampling interval: 10ms
  Thread calibration: mean lat.: 1.194ms, rate sampling interval: 10ms
  Thread calibration: mean lat.: 1.194ms, rate sampling interval: 10ms
  Thread calibration: mean lat.: 1.181ms, rate sampling interval: 10ms
  Thread calibration: mean lat.: 1.172ms, rate sampling interval: 10ms
  Thread calibration: mean lat.: 1.195ms, rate sampling interval: 10ms
  Thread calibration: mean lat.: 1.183ms, rate sampling interval: 10ms
  Thread calibration: mean lat.: 1.188ms, rate sampling interval: 10ms
  Thread calibration: mean lat.: 1.172ms, rate sampling interval: 10ms
  Thread calibration: mean lat.: 1.193ms, rate sampling interval: 10ms
  Thread Stats   Avg      Stdev     Max   +/- Stdev
    Latency     1.19ms  731.63us  21.31ms   89.41%
    Req/Sec   658.66    104.58     1.78k    68.66%
  Latency Distribution (HdrHistogram - Recorded Latency)
 50.000%    1.12ms
 75.000%    1.45ms
 90.000%    1.75ms
 99.000%    3.49ms
 99.900%    9.40ms
 99.990%   16.25ms
 99.999%   21.22ms
100.000%   21.33ms

  Detailed Percentile spectrum:
       Value   Percentile   TotalCount 1/(1-Percentile)

       0.159     0.000000            1         1.00
       0.557     0.100000        19966         1.11
       0.718     0.200000        39851         1.25
       0.861     0.300000        59812         1.43
       0.994     0.400000        79743         1.67
       1.123     0.500000        99691         2.00
       1.184     0.550000       109579         2.22
       1.247     0.600000       119595         2.50
       1.310     0.650000       129507         2.86
       1.376     0.700000       139534         3.33
       1.450     0.750000       149494         4.00
       1.490     0.775000       154422         4.44
       1.534     0.800000       159430         5.00
       1.581     0.825000       164402         5.71
       1.633     0.850000       169374         6.67
       1.690     0.875000       174378         8.00
       1.721     0.887500       176794         8.89
       1.755     0.900000       179283        10.00
       1.796     0.912500       181825        11.43
       1.840     0.925000       184279        13.33
       1.891     0.937500       186758        16.00
       1.922     0.943750       188003        17.78
       1.957     0.950000       189248        20.00
       2.000     0.956250       190498        22.86
       2.049     0.962500       191756        26.67
       2.111     0.968750       192994        32.00
       2.147     0.971875       193597        35.56
       2.193     0.975000       194246        40.00
       2.253     0.978125       194843        45.71
       2.347     0.981250       195477        53.33
       2.489     0.984375       196087        64.00
       2.633     0.985938       196398        71.11
       2.873     0.987500       196711        80.00
       3.233     0.989062       197020        91.43
       3.673     0.990625       197332       106.67
       4.207     0.992188       197644       128.00
       4.527     0.992969       197799       142.22
       4.827     0.993750       197956       160.00
       5.171     0.994531       198112       182.86
       5.483     0.995313       198265       213.33
       5.867     0.996094       198421       256.00
       6.091     0.996484       198498       284.44
       6.347     0.996875       198576       320.00
       6.651     0.997266       198654       365.71
       6.939     0.997656       198733       426.67
       7.411     0.998047       198809       512.00
       7.667     0.998242       198848       568.89
       8.127     0.998437       198888       640.00
       8.447     0.998633       198926       731.43
       8.911     0.998828       198967       853.33
       9.487     0.999023       199004      1024.00
       9.839     0.999121       199023      1137.78
      10.383     0.999219       199043      1280.00
      10.887     0.999316       199062      1462.86
      11.647     0.999414       199082      1706.67
      12.743     0.999512       199101      2048.00
      13.303     0.999561       199111      2275.56
      13.935     0.999609       199121      2560.00
      14.687     0.999658       199130      2925.71
      14.991     0.999707       199140      3413.33
      15.199     0.999756       199150      4096.00
      15.327     0.999780       199155      4551.11
      15.455     0.999805       199161      5120.00
      15.519     0.999829       199164      5851.43
      15.727     0.999854       199169      6826.67
      15.951     0.999878       199174      8192.00
      16.247     0.999890       199177      9102.22
      16.263     0.999902       199180     10240.00
      16.463     0.999915       199181     11702.86
      16.767     0.999927       199184     13653.33
      17.039     0.999939       199186     16384.00
      17.599     0.999945       199188     18204.44
      17.919     0.999951       199189     20480.00
      18.623     0.999957       199190     23405.71
      19.119     0.999963       199191     27306.67
      19.407     0.999969       199192     32768.00
      20.303     0.999973       199193     36408.89
      21.039     0.999976       199194     40960.00
      21.039     0.999979       199194     46811.43
      21.119     0.999982       199195     54613.33
      21.119     0.999985       199195     65536.00
      21.215     0.999986       199196     72817.78
      21.215     0.999988       199196     81920.00
      21.215     0.999989       199196     93622.86
      21.231     0.999991       199197    109226.67
      21.231     0.999992       199197    131072.00
      21.231     0.999993       199197    145635.56
      21.231     0.999994       199197    163840.00
      21.231     0.999995       199197    187245.71
      21.327     0.999995       199198    218453.33
      21.327     1.000000       199198          inf
#[Mean    =        1.188, StdDeviation   =        0.732]
#[Max     =       21.312, Total count    =       199198]
#[Buckets =           27, SubBuckets     =         2048]
----------------------------------------------------------
  299740 requests in 30.00s, 66.60MB read
Requests/sec:   9991.14
Transfer/sec:      2.22MB
WRKX_RESULT {"durationUs":30000592,"requests":299740,"responses":299740,"errors":0,"bytes":69839734,"latencyAvgUs":1187.797,"latencyP95Us":1957.000,"latencyP99Us":3487.000}
