Running 30s test @ http://localhost:9991/
  16 threads and 256 connections
  Thread calibration: mean lat.: 1.149ms, rate sampling interval: 10ms
  Thread calibration: mean lat.: 1.154ms, rate sampling interval: 10ms
  Thread calibration: mean lat.: 1.155ms, rate sampling interval: 10ms
  Thread calibration: mean lat.: 1.149ms, rate sampling interval: 10ms
  Thread calibration: mean lat.: 1.159ms, rate sampling interval: 10ms
  Thread calibration: mean lat.: 1.144ms, rate sampling interval: 10ms
  Thread calibration: mean lat.: 1.145ms, rate sampling interval: 10ms
  Thread calibration: mean lat.: 1.196ms, rate sampling interval: 10ms
  Thread calibration: mean lat.: 1.177ms, rate sampling interval: 10ms
  Thread calibration: mean lat.: 1.159ms, rate sampling interval: 10ms
  Thread calibration: mean lat.: 1.186ms, rate sampling interval: 10ms
  Thread calibration: mean lat.: 1.161ms, rate sampling interval: 10ms
  Thread calibration: mean lat.: 1.171ms, rate sampling interval: 10ms
  Thread calibration: mean lat.: 1.168ms, rate sampling interval: 10ms
  Thread calibration: mean lat.: 1.174ms, rate sampling interval: 10ms
  Thread calibration: mean lat.: 1.156ms, rate sampling interval: 10ms
  Thread Stats   Avg      Stdev     Max   +/- Stdev
    Latency     1.19ms  508.51us   6.54ms   67.71%
    Req/Sec     1.32k   145.92     1.89k    74.14%
  Latency Distribution (HdrHistogram - Recorded Latency)
 50.000%    1.16ms
 75.000%    1.52ms
 90.000%    1.84ms
 99.000%    2.56ms
 99.900%    3.71ms
 99.990%    5.11ms
 99.999%    6.04ms
100.000%    6.54ms

  Detailed Percentile spectrum:
       Value   Percentile   TotalCount 1/(1-Percentile)

       0.139     0.000000            1         1.00
       0.556     0.100000        39841         1.11
       0.728     0.200000        79682         1.25
       0.880     0.300000       119813         1.43
       1.022     0.400000       159540         1.67
       1.160     0.500000       199278         2.00
       1.229     0.550000       219311         2.22
       1.297     0.600000       239101         2.50
       1.366     0.650000       259037         2.86
       1.438     0.700000       279090         3.33
       1.516     0.750000       299011         4.00
       1.558     0.775000       308953         4.44
       1.603     0.800000       318881         5.00
       1.651     0.825000       328696         5.71
       1.705     0.850000       338656         6.67
       1.765     0.875000       348609         8.00
       1.799     0.887500       353682         8.89
       1.836     0.900000       358691        10.00
       1.877     0.912500       363648        11.43
       1.923     0.925000       368586        13.33
       1.977     0.937500       373571        16.00
       2.007     0.943750       376013        17.78
       2.042     0.950000       378516        20.00
       2.081     0.956250       381063        22.86
       2.125     0.962500       383502        26.67
       2.181     0.968750       386022        32.00
       2.211     0.971875       387224        35.56
       2.247     0.975000       388479        40.00
       2.287     0.978125       389707        45.71
       2.339     0.981250       390959        53.33
       2.401     0.984375       392203        64.00
       2.437     0.985938       392821        71.11
       2.477     0.987500       393445        80.00
       2.525     0.989062       394060        91.43
       2.585     0.990625       394686       106.67
       2.657     0.992188       395295       128.00
       2.705     0.992969       395617       142.22
       2.751     0.993750       395917       160.00
       2.815     0.994531       396238       182.86
       2.879     0.995313       396540       213.33
       2.963     0.996094       396853       256.00
       3.013     0.996484       397012       284.44
       3.069     0.996875       397164       320.00
       3.141     0.997266       397320       365.71
       3.219     0.997656       397477       426.67
       3.317     0.998047       397631       512.00
       3.373     0.998242       397708       568.89
       3.453     0.998437       397788       640.00
       3.525     0.998633       397863       731.43
       3.611     0.998828       397941       853.33
       3.729     0.999023       398018      1024.00
       3.797     0.999121       398058      1137.78
       3.867     0.999219       398097      1280.00
       3.945     0.999316       398135      1462.86
       4.041     0.999414       398174      1706.67
       4.159     0.999512       398214      2048.00
       4.231     0.999561       398233      2275.56
       4.295     0.999609       398252      2560.00
       4.407     0.999658       398271      2925.71
       4.527     0.999707       398291      3413.33
       4.607     0.999756       398310      4096.00
       4.715     0.999780       398320      4551.11
       4.791     0.999805       398330      5120.00
       4.839     0.999829       398339      5851.43
       4.943     0.999854       398349      6826.67
       5.055     0.999878       398359      8192.00
       5.083     0.999890       398364      9102.22
       5.119     0.999902       398369     10240.00
       5.191     0.999915       398373     11702.86
       5.295     0.999927       398378     13653.33
       5.391     0.999939       398383     16384.00
       5.423     0.999945       398386     18204.44
       5.443     0.999951       398388     20480.00
       5.503     0.999957       398390     23405.71
       5.603     0.999963       398393     27306.67
       5.723     0.999969       398395     32768.00
       5.891     0.999973       398397     36408.89
       5.907     0.999976       398398     40960.00
       5.951     0.999979       398399     46811.43
       5.959     0.999982       398400     54613.33
       6.031     0.999985       398401     65536.00
       6.035     0.999986       398402     72817.78
       6.043     0.999988       398403     81920.00
       6.043     0.999989       398403     93622.86
       6.059     0.999991       398404    109226.67
       6.059     0.999992       398404    131072.00
       6.099     0.999993       398405    145635.56
       6.099     0.999994       398405    163840.00
       6.099     0.999995       398405    187245.71
       6.339     0.999995       398406    218453.33
       6.339     0.999996       398406    262144.00
       6.339     0.999997       398406    291271.11
       6.339     0.999997       398406    327680.00
       6.339     0.999997       398406    374491.43
       6.543     0.999998       398407    436906.67
       6.543     1.000000       398407          inf
#[Mean    =        1.191, StdDeviation   =        0.509]
#[Max     =        6.540, Total count    =       398407]
#[Buckets =           27, SubBuckets     =         2048]
----------------------------------------------------------
  599353 requests in 30.00s, 133.18MB read
Requests/sec:  19978.02
Transfer/sec:      4.44MB
WRKX_RESULT {"durationUs":30000618,"requests":599353,"responses":599353,"errors":0,"bytes":139649877,"latencyAvgUs":1191.158,"latencyP95Us":2042.000,"latencyP99Us":2559.000}
