Running 30s test @ http://localhost:9991/
  16 threads and 256 connections
  Thread calibration: mean lat.: 1.395ms, rate sampling interval: 10ms
  Thread calibration: mean lat.: 1.374ms, rate sampling interval: 10ms
  Thread calibration: mean lat.: 1.403ms, rate sampling interval: 10ms
  Thread calibration: mean lat.: 1.381ms, rate sampling interval: 10ms
  Thread calibration: mean lat.: 1.384ms, rate sampling interval: 10ms
  Thread calibration: mean lat.: 1.387ms, rate sampling interval: 10ms
  Thread calibration: mean lat.: 1.391ms, rate sampling interval: 10ms
  Thread calibration: mean lat.: 1.373ms, rate sampling interval: 10ms
  Thread calibration: mean lat.: 1.372ms, rate sampling interval: 10ms
  Thread calibration: mean lat.: 1.450ms, rate sampling interval: 10ms
  Thread calibration: mean lat.: 1.397ms, rate sampling interval: 10ms
  Thread calibration: mean lat.: 1.391ms, rate sampling interval: 10ms
  Thread calibration: mean lat.: 1.431ms, rate sampling interval: 10ms
  Thread calibration: mean lat.: 1.404ms, rate sampling interval: 10ms
  Thread calibration: mean lat.: 1.408ms, rate sampling interval: 10ms
  Thread calibration: mean lat.: 1.291ms, rate sampling interval: 10ms
  Thread Stats   Avg      Stdev     Max   +/- Stdev
    Latency     1.32ms  610.06us   6.60ms   69.18%
    Req/Sec     1.64k   164.00     2.50k    82.73%
  Latency Distribution (HdrHistogram - Recorded Latency)
 50.000%    1.25ms
 75.000%    1.68ms
 90.000%    2.10ms
 99.000%    3.14ms
 99.900%    4.15ms
 99.990%    5.03ms
 99.999%    5.70ms
100.000%    6.60ms

  Detailed Percentile spectrum:
       Value   Percentile   TotalCount 1/(1-Percentile)

       0.156     0.000000            1         1.00
       0.588     0.100000        49987         1.11
       0.776     0.200000        99626         1.25
       0.941     0.300000       149490         1.43
       1.097     0.400000       199220         1.67
       1.250     0.500000       249293         2.00
       1.328     0.550000       274088         2.22
       1.409     0.600000       298991         2.50
       1.494     0.650000       323850         2.86
       1.583     0.700000       348630         3.33
       1.680     0.750000       373511         4.00
       1.734     0.775000       386068         4.44
       1.791     0.800000       398579         5.00
       1.852     0.825000       410939         5.71
       1.922     0.850000       423423         6.67
       2.000     0.875000       435925         8.00
       2.044     0.887500       442004         8.89
       2.095     0.900000       448320        10.00
       2.151     0.912500       454486        11.43
       2.217     0.925000       460689        13.33
       2.297     0.937500       466989        16.00
       2.341     0.943750       469981        17.78
       2.393     0.950000       473208        20.00
       2.451     0.956250       476240        22.86
       2.521     0.962500       479356        26.67
       2.601     0.968750       482464        32.00
       2.649     0.971875       483992        35.56
       2.703     0.975000       485567        40.00
       2.765     0.978125       487112        45.71
       2.837     0.981250       488662        53.33
       2.921     0.984375       490225        64.00
       2.975     0.985938       491017        71.11
       3.031     0.987500       491778        80.00
       3.095     0.989062       492558        91.43
       3.169     0.990625       493332       106.67
       3.265     0.992188       494103       128.00
       3.315     0.992969       494495       142.22
       3.367     0.993750       494886       160.00
       3.427     0.994531       495274       182.86
       3.503     0.995313       495660       213.33
       3.591     0.996094       496054       256.00
       3.645     0.996484       496245       284.44
       3.695     0.996875       496440       320.00
       3.747     0.997266       496634       365.71
       3.807     0.997656       496830       426.67
       3.879     0.998047       497024       512.00
       3.919     0.998242       497121       568.89
       3.963     0.998437       497216       640.00
       4.029     0.998633       497313       731.43
       4.085     0.998828       497410       853.33
       4.155     0.999023       497508      1024.00
       4.191     0.999121       497557      1137.78
       4.239     0.999219       497607      1280.00
       4.291     0.999316       497657      1462.86
       4.363     0.999414       497703      1706.67
       4.431     0.999512       497753      2048.00
       4.475     0.999561       497775      2275.56
       4.523     0.999609       497799      2560.00
       4.567     0.999658       497824      2925.71
       4.615     0.999707       497849      3413.33
       4.679     0.999756       497872      4096.00
       4.735     0.999780       497884      4551.11
       4.779     0.999805       497896      5120.00
       4.815     0.999829       497909      5851.43
       4.887     0.999854       497922      6826.67
       4.963     0.999878       497933      8192.00
       4.999     0.999890       497939      9102.22
       5.031     0.999902       497946     10240.00
       5.095     0.999915       497952     11702.86
       5.127     0.999927       497957     13653.33
       5.215     0.999939       497963     16384.00
       5.239     0.999945       497966     18204.44
       5.259     0.999951       497969     20480.00
       5.327     0.999957       497972     23405.71
       5.363     0.999963       497975     27306.67
       5.487     0.999969       497978     32768.00
       5.531     0.999973       497980     36408.89
       5.535     0.999976       497981     40960.00
       5.611     0.999979       497984     46811.43
       5.611     0.999982       497984     54613.33
       5.663     0.999985       497986     65536.00
       5.667     0.999986       497987     72817.78
       5.667     0.999988       497987     81920.00
       5.699     0.999989       497988     93622.86
       5.715     0.999991       497989    109226.67
       5.743     0.999992       497990    131072.00
       5.743     0.999993       497990    145635.56
       5.743     0.999994       497990    163840.00
       6.303     0.999995       497991    187245.71
       6.303     0.999995       497991    218453.33
       6.407     0.999996       497992    262144.00
       6.407     0.999997       497992    291271.11
       6.407     0.999997       497992    327680.00
       6.407     0.999997       497992    374491.43
       6.407     0.999998       497992    436906.67
       6.603     0.999998       497993    524288.00
       6.603     1.000000       497993          inf
#[Mean    =        1.317, StdDeviation   =        0.610]
#[Max     =        6.600, Total count    =       497993]
#[Buckets =           27, SubBuckets     =         2048]
----------------------------------------------------------
  749128 requests in 30.00s, 166.46MB read
Requests/sec:  24971.95
Transfer/sec:      5.55MB
WRKX_RESULT {"durationUs":29998784,"requests":749128,"responses":749128,"errors":0,"bytes":174548865,"latencyAvgUs":1316.617,"latencyP95Us":2391.000,"latencyP99Us":3137.000}
