Running 30s test @ http://localhost:9991/
  16 threads and 256 connections
  Thread calibration: mean lat.: 2553.168ms, rate sampling interval: 9519ms
  Thread calibration: mean lat.: 2545.736ms, rate sampling interval: 9543ms
  Thread calibration: mean lat.: 2536.713ms, rate sampling interval: 9519ms
  Thread calibration: mean lat.: 2545.779ms, rate sampling interval: 9510ms
  Thread calibration: mean lat.: 2531.847ms, rate sampling interval: 9510ms
  Thread calibration: mean lat.: 2537.688ms, rate sampling interval: 9551ms
  Thread calibration: mean lat.: 2529.207ms, rate sampling interval: 9519ms
  Thread calibration: mean lat.: 2550.214ms, rate sampling interval: 9592ms
  Thread calibration: mean lat.: 2545.485ms, rate sampling interval: 9543ms
  Thread calibration: mean lat.: 2549.601ms, rate sampling interval: 9609ms
  Thread calibration: mean lat.: 2552.310ms, rate sampling interval: 9560ms
  Thread calibration: mean lat.: 2552.062ms, rate sampling interval: 9576ms
  Thread calibration: mean lat.: 2532.214ms, rate sampling interval: 9576ms
  Thread calibration: mean lat.: 2581.884ms, rate sampling interval: 9617ms
  Thread calibration: mean lat.: 2566.491ms, rate sampling interval: 9543ms
  Thread calibration: mean lat.: 2559.894ms, rate sampling interval: 9560ms
  Thread Stats   Avg      Stdev     Max   +/- Stdev
    Latency    11.25s     3.65s   17.73s    55.93%
    Req/Sec     2.44k    60.46     2.52k    53.12%
  Latency Distribution (HdrHistogram - Recorded Latency)
 50.000%   11.21s 
 75.000%   14.41s 
 90.000%   16.33s 
 99.000%   17.37s 
 99.900%   17.56s 
 99.990%   17.68s 
 99.999%   17.73s 
100.000%   17.74s 

  Detailed Percentile spectrum:
       Value   Percentile   TotalCount 1/(1-Percentile)

    5128.191     0.000000            1         1.00
    6311.935     0.100000        78318         1.11
    7376.895     0.200000       156396         1.25
    8470.527     0.300000       234411         1.43
    9904.127     0.400000       312555         1.67
   11206.655     0.500000       390529         2.00
   11862.015     0.550000       429744         2.22
   12517.375     0.600000       468753         2.50
   13172.735     0.650000       508221         2.86
   13746.175     0.700000       546861         3.33
   14409.727     0.750000       585797         4.00
   14811.135     0.775000       605523         4.44
   15212.543     0.800000       625084         5.00
   15540.223     0.825000       644757         5.71
   15802.367     0.850000       664060         6.67
   16064.511     0.875000       683794         8.00
   16187.391     0.887500       693580         8.89
   16326.655     0.900000       703361        10.00
   16482.303     0.912500       712942        11.43
   16646.143     0.925000       722905        13.33
   16793.599     0.937500       732818        16.00
   16859.135     0.943750       737411        17.78
   16941.055     0.950000       743122        20.00
   17006.591     0.956250       747591        22.86
   17072.127     0.962500       752083        26.67
   17137.663     0.968750       756837        32.00
   17170.431     0.971875       759338        35.56
   17203.199     0.975000       761784        40.00
   17235.967     0.978125       764321        45.71
   17268.735     0.981250       766815        53.33
   17301.503     0.984375       769171        64.00
   17317.887     0.985938       770337        71.11
   17334.271     0.987500       771472        80.00
   17350.655     0.989062       772559        91.43
   17383.423     0.990625       774433       106.67
   17399.807     0.992188       775313       128.00
   17416.191     0.992969       776080       142.22
   17432.575     0.993750       776806       160.00
   17432.575     0.994531       776806       182.86
   17448.959     0.995313       777450       213.33
   17465.343     0.996094       778043       256.00
   17481.727     0.996484       778602       284.44
   17498.111     0.996875       779029       320.00
   17498.111     0.997266       779029       365.71
   17514.495     0.997656       779474       426.67
   17530.879     0.998047       779840       512.00
   17530.879     0.998242       779840       568.89
   17530.879     0.998437       779840       640.00
   17547.263     0.998633       780134       731.43
   17547.263     0.998828       780134       853.33
   17563.647     0.999023       780363      1024.00
   17563.647     0.999121       780363      1137.78
   17580.031     0.999219       780556      1280.00
   17580.031     0.999316       780556      1462.86
   17596.415     0.999414       780692      1706.67
   17596.415     0.999512       780692      2048.00
   17612.799     0.999561       780798      2275.56
   17612.799     0.999609       780798      2560.00
   17612.799     0.999658       780798      2925.71
   17629.183     0.999707       780864      3413.33
   17629.183     0.999756       780864      4096.00
   17645.567     0.999780       780912      4551.11
   17645.567     0.999805       780912      5120.00
   17645.567     0.999829       780912      5851.43
   17661.951     0.999854       780965      6826.67
   17661.951     0.999878       780965      8192.00
   17661.951     0.999890       780965      9102.22
   17678.335     0.999902       780988     10240.00
   17678.335     0.999915       780988     11702.86
   17678.335     0.999927       780988     13653.33
   17694.719     0.999939       781016     16384.00
   17694.719     0.999945       781016     18204.44
   17694.719     0.999951       781016     20480.00
   17694.719     0.999957       781016     23405.71
   17711.103     0.999963       781028     27306.67
   17711.103     0.999969       781028     32768.00
   17711.103     0.999973       781028     36408.89
   17711.103     0.999976       781028     40960.00
   17727.487     0.999979       781041     46811.43
   17727.487     0.999982       781041     54613.33
   17727.487     0.999985       781041     65536.00
   17727.487     0.999986       781041     72817.78
   17727.487     0.999988       781041     81920.00
   17727.487     0.999989       781041     93622.86
   17727.487     0.999991       781041    109226.67
   17727.487     0.999992       781041    131072.00
   17727.487     0.999993       781041    145635.56
   17727.487     0.999994       781041    163840.00
   17727.487     0.999995       781041    187245.71
   17743.871     0.999995       781045    218453.33
   17743.871     1.000000       781045          inf
#[Mean    =    11246.050, StdDeviation   =     3648.573]
#[Max     =    17727.488, Total count    =       781045]
#[Buckets =           27, SubBuckets     =         2048]
----------------------------------------------------------
  1251974 requests in 30.00s, 278.20MB read
Requests/sec:  41732.26
Transfer/sec:      9.27MB
WRKX_RESULT {"durationUs":30000147,"requests":1251974,"responses":1251974,"errors":0,"bytes":291714024,"latencyAvgUs":11246049.507,"latencyP95Us":16941055.000,"latencyP99Us":17367039.000}
