Running 30s test @ http://localhost:9991/
  16 threads and 256 connections
  Thread calibration: mean lat.: 1.409ms, rate sampling interval: 10ms
  Thread calibration: mean lat.: 1.404ms, rate sampling interval: 10ms
  Thread calibration: mean lat.: 1.399ms, rate sampling interval: 10ms
  Thread calibration: mean lat.: 1.391ms, rate sampling interval: 10ms
  Thread calibration: mean lat.: 1.414ms, rate sampling interval: 10ms
  Thread calibration: mean lat.: 1.411ms, rate sampling interval: 10ms
  Thread calibration: mean lat.: 1.393ms, rate sampling interval: 10ms
  Thread calibration: mean lat.: 1.397ms, rate sampling interval: 10ms
  Thread calibration: mean lat.: 1.401ms, rate sampling interval: 10ms
  Thread calibration: mean lat.: 1.385ms, rate sampling interval: 10ms
  Thread calibration: mean lat.: 1.404ms, rate sampling interval: 10ms
  Thread calibration: mean lat.: 1.388ms, rate sampling interval: 10ms
  Thread calibration: mean lat.: 1.398ms, rate sampling interval: 10ms
  Thread calibration: mean lat.: 1.418ms, rate sampling interval: 10ms
  Thread calibration: mean lat.: 1.397ms, rate sampling interval: 10ms
  Thread calibration: mean lat.: 1.405ms, rate sampling interval: 10ms
  Thread Stats   Avg      Stdev     Max   +/- Stdev
    Latency     1.48ms  797.42us  17.60ms   78.51%
    Req/Sec     1.97k   195.03     3.11k    69.41%
  Latency Distribution (HdrHistogram - Recorded Latency)
 50.000%    1.36ms
 75.000%    1.82ms
 90.000%    2.34ms
 99.000%    4.26ms
 99.900%    7.59ms
 99.990%   12.47ms
 99.999%   15.21ms
100.000%   17.61ms

  Detailed Percentile spectrum:
       Value   Percentile   TotalCount 1/(1-Percentile)

       0.159     0.000000            1         1.00
       0.669     0.100000        59763         1.11
       0.871     0.200000       119626         1.25
       1.043     0.300000       179580         1.43
       1.204     0.400000       239310         1.67
       1.362     0.500000       298996         2.00
       1.443     0.550000       328766         2.22
       1.527     0.600000       358616         2.50
       1.616     0.650000       388673         2.86
       1.712     0.700000       418511         3.33
       1.818     0.750000       448385         4.00
       1.878     0.775000       463231         4.44
       1.943     0.800000       478255         5.00
       2.017     0.825000       493107         5.71
       2.103     0.850000       508165         6.67
       2.205     0.875000       522937         8.00
       2.265     0.887500       530409         8.89
       2.335     0.900000       538004        10.00
       2.415     0.912500       545326        11.43
       2.513     0.925000       552883        13.33
       2.635     0.937500       560274        16.00
       2.711     0.943750       563976        17.78
       2.799     0.950000       567765        20.00
       2.899     0.956250       571457        22.86
       3.019     0.962500       575192        26.67
       3.167     0.968750       578907        32.00
       3.255     0.971875       580803        35.56
       3.359     0.975000       582642        40.00
       3.481     0.978125       584520        45.71
       3.617     0.981250       586380        53.33
       3.789     0.984375       588253        64.00
       3.899     0.985938       589189        71.11
       4.019     0.987500       590115        80.00
       4.163     0.989062       591050        91.43
       4.327     0.990625       591976       106.67
       4.515     0.992188       592920       128.00
       4.627     0.992969       593388       142.22
       4.767     0.993750       593845       160.00
       4.931     0.994531       594319       182.86
       5.107     0.995313       594787       213.33
       5.323     0.996094       595249       256.00
       5.451     0.996484       595485       284.44
       5.603     0.996875       595711       320.00
       5.795     0.997266       595947       365.71
       6.047     0.997656       596180       426.67
       6.335     0.998047       596414       512.00
       6.499     0.998242       596528       568.89
       6.715     0.998437       596645       640.00
       6.979     0.998633       596761       731.43
       7.287     0.998828       596878       853.33
       7.639     0.999023       596995      1024.00
       7.883     0.999121       597055      1137.78
       8.151     0.999219       597112      1280.00
       8.487     0.999316       597170      1462.86
       8.847     0.999414       597228      1706.67
       9.311     0.999512       597287      2048.00
       9.479     0.999561       597316      2275.56
       9.751     0.999609       597345      2560.00
      10.055     0.999658       597374      2925.71
      10.471     0.999707       597404      3413.33
      10.839     0.999756       597433      4096.00
      11.039     0.999780       597447      4551.11
      11.287     0.999805       597463      5120.00
      11.503     0.999829       597476      5851.43
      11.711     0.999854       597491      6826.67
      12.079     0.999878       597506      8192.00
      12.239     0.999890       597513      9102.22
      12.599     0.999902       597520     10240.00
      12.791     0.999915       597527     11702.86
      12.951     0.999927       597535     13653.33
      13.295     0.999939       597542     16384.00
      13.495     0.999945       597546     18204.44
      13.559     0.999951       597549     20480.00
      13.855     0.999957       597553     23405.71
      14.039     0.999963       597557     27306.67
      14.207     0.999969       597560     32768.00
      14.367     0.999973       597562     36408.89
      14.391     0.999976       597564     40960.00
      14.543     0.999979       597566     46811.43
      14.631     0.999982       597568     54613.33
      14.823     0.999985       597569     65536.00
      14.871     0.999986       597570     72817.78
      14.999     0.999988       597571     81920.00
      15.207     0.999989       597572     93622.86
      15.303     0.999991       597573    109226.67
      15.719     0.999992       597574    131072.00
      15.719     0.999993       597574    145635.56
      15.903     0.999994       597576    163840.00
      15.903     0.999995       597576    187245.71
      15.903     0.999995       597576    218453.33
      15.903     0.999996       597576    262144.00
      15.903     0.999997       597576    291271.11
      16.975     0.999997       597577    327680.00
      16.975     0.999997       597577    374491.43
      16.975     0.999998       597577    436906.67
      16.975     0.999998       597577    524288.00
      16.975     0.999998       597577    582542.22
      17.615     0.999998       597578    655360.00
      17.615     1.000000       597578          inf
#[Mean    =        1.480, StdDeviation   =        0.797]
#[Max     =       17.600, Total count    =       597578]
#[Buckets =           27, SubBuckets     =         2048]
----------------------------------------------------------
  898945 requests in 30.00s, 199.75MB read
Requests/sec:  29964.38
Transfer/sec:      6.66MB
WRKX_RESULT {"durationUs":30000457,"requests":898945,"responses":898945,"errors":0,"bytes":209454813,"latencyAvgUs":1480.205,"latencyP95Us":2799.000,"latencyP99Us":4263.000}
