Running 30s test @ http://localhost:9991/
  16 threads and 256 connections
  Thread calibration: mean lat.: 1.203ms, rate sampling interval: 10ms
  Thread calibration: mean lat.: 1.216ms, rate sampling interval: 10ms
  Thread calibration: mean lat.: 1.230ms, rate sampling interval: 10ms
  Thread calibration: mean lat.: 1.231ms, rate sampling interval: 10ms
  Thread calibration: mean lat.: 1.217ms, rate sampling interval: 10ms
  Thread calibration: mean lat.: 1.221ms, rate sampling interval: 10ms
  Thread calibration: mean lat.: 1.207ms, rate sampling interval: 10ms
  Thread calibration: mean lat.: 1.218ms, rate sampling interval: 10ms
  Thread calibration: mean lat.: 1.239ms, rate sampling interval: 10ms
  Thread calibration: mean lat.: 1.237ms, rate sampling interval: 10ms
  Thread calibration: mean lat.: 1.223ms, rate sampling interval: 10ms
  Thread calibration: mean lat.: 1.209ms, rate sampling interval: 10ms
  Thread calibration: mean lat.: 1.211ms, rate sampling interval: 10ms
  Thread calibration: mean lat.: 1.221ms, rate sampling interval: 10ms
  Thread calibration: mean lat.: 1.223ms, rate sampling interval: 10ms
  Thread calibration: mean lat.: 1.232ms, rate sampling interval: 10ms
  Thread Stats   Avg      Stdev     Max   +/- Stdev
    Latency     1.08ms  458.22us   9.26ms   66.68%
    Req/Sec     0.99k   107.34     1.67k    68.04%
  Latency Distribution (HdrHistogram - Recorded Latency)
 50.000%    1.06ms
 75.000%    1.38ms
 90.000%    1.65ms
 99.000%    2.18ms
 99.900%    3.31ms
 99.990%    6.55ms
 99.999%    8.74ms
100.000%    9.27ms

  Detailed Percentile spectrum:
       Value   Percentile   TotalCount 1/(1-Percentile)

       0.149     0.000000            1         1.00
       0.493     0.100000        29920         1.11
       0.649     0.200000        59880         1.25
       0.792     0.300000        89839         1.43
       0.929     0.400000       119621         1.67
       1.062     0.500000       149487         2.00
       1.126     0.550000       164401         2.22
       1.191     0.600000       179483         2.50
       1.253     0.650000       194362         2.86
       1.316     0.700000       209241         3.33
       1.383     0.750000       224111         4.00
       1.419     0.775000       231637         4.44
       1.458     0.800000       239156         5.00
       1.499     0.825000       246639         5.71
       1.544     0.850000       254039         6.67
       1.594     0.875000       261519         8.00
       1.622     0.887500       265186         8.89
       1.653     0.900000       269015        10.00
       1.686     0.912500       272721        11.43
       1.724     0.925000       276403        13.33
       1.768     0.937500       280141        16.00
       1.794     0.943750       282006        17.78
       1.822     0.950000       283891        20.00
       1.853     0.956250       285766        22.86
       1.888     0.962500       287644        26.67
       1.929     0.968750       289493        32.00
       1.952     0.971875       290399        35.56
       1.978     0.975000       291336        40.00
       2.007     0.978125       292281        45.71
       2.039     0.981250       293202        53.33
       2.079     0.984375       294146        64.00
       2.103     0.985938       294631        71.11
       2.129     0.987500       295094        80.00
       2.159     0.989062       295531        91.43
       2.195     0.990625       296008       106.67
       2.237     0.992188       296472       128.00
       2.261     0.992969       296698       142.22
       2.295     0.993750       296934       160.00
       2.337     0.994531       297164       182.86
       2.387     0.995313       297405       213.33
       2.451     0.996094       297631       256.00
       2.493     0.996484       297751       284.44
       2.553     0.996875       297872       320.00
       2.605     0.997266       297985       365.71
       2.685     0.997656       298101       426.67
       2.799     0.998047       298216       512.00
       2.867     0.998242       298273       568.89
       2.957     0.998437       298332       640.00
       3.057     0.998633       298394       731.43
       3.173     0.998828       298448       853.33
       3.347     0.999023       298508      1024.00
       3.437     0.999121       298536      1137.78
       3.549     0.999219       298565      1280.00
       3.663     0.999316       298594      1462.86
       3.799     0.999414       298624      1706.67
       3.983     0.999512       298653      2048.00
       4.103     0.999561       298667      2275.56
       4.243     0.999609       298682      2560.00
       4.411     0.999658       298696      2925.71
       4.523     0.999707       298711      3413.33
       4.843     0.999756       298726      4096.00
       5.063     0.999780       298733      4551.11
       5.279     0.999805       298740      5120.00
       5.519     0.999829       298747      5851.43
       5.875     0.999854       298755      6826.67
       6.191     0.999878       298762      8192.00
       6.379     0.999890       298766      9102.22
       6.595     0.999902       298769     10240.00
       6.671     0.999915       298773     11702.86
       6.703     0.999927       298777     13653.33
       6.991     0.999939       298780     16384.00
       7.119     0.999945       298782     18204.44
       7.199     0.999951       298784     20480.00
       7.287     0.999957       298786     23405.71
       7.487     0.999963       298788     27306.67
       7.559     0.999969       298789     32768.00
       7.735     0.999973       298790     36408.89
       7.967     0.999976       298791     40960.00
       7.975     0.999979       298792     46811.43
       8.171     0.999982       298793     54613.33
       8.187     0.999985       298794     65536.00
       8.187     0.999986       298794     72817.78
       8.743     0.999988       298795     81920.00
       8.743     0.999989       298795     93622.86
       8.871     0.999991       298796    109226.67
       8.871     0.999992       298796    131072.00
       8.871     0.999993       298796    145635.56
       8.895     0.999994       298797    163840.00
       8.895     0.999995       298797    187245.71
       8.895     0.999995       298797    218453.33
       8.895     0.999996       298797    262144.00
       8.895     0.999997       298797    291271.11
       9.271     0.999997       298798    327680.00
       9.271     1.000000       298798          inf
#[Mean    =        1.076, StdDeviation   =        0.458]
#[Max     =        9.264, Total count    =       298798]
#[Buckets =           27, SubBuckets     =         2048]
----------------------------------------------------------
  449550 requests in 30.00s, 99.89MB read
Requests/sec:  14984.47
Transfer/sec:      3.33MB
WRKX_RESULT {"durationUs":30001053,"requests":449550,"responses":449550,"errors":0,"bytes":104745307,"latencyAvgUs":1076.171,"latencyP95Us":1822.000,"latencyP99Us":2179.000}
