Running 30s test @ http://localhost:9991/
  16 threads and 256 connections
  Thread calibration: mean lat.: 269.745ms, rate sampling interval: 1202ms
  Thread calibration: mean lat.: 334.121ms, rate sampling interval: 1491ms
  Thread calibration: mean lat.: 321.644ms, rate sampling interval: 1409ms
  Thread calibration: mean lat.: 307.503ms, rate sampling interval: 1352ms
  Thread calibration: mean lat.: 332.283ms, rate sampling interval: 1491ms
  Thread calibration: mean lat.: 323.092ms, rate sampling interval: 1360ms
  Thread calibration: mean lat.: 283.212ms, rate sampling interval: 1393ms
  Thread calibration: mean lat.: 328.766ms, rate sampling interval: 1425ms
  Thread calibration: mean lat.: 270.326ms, rate sampling interval: 1224ms
  Thread calibration: mean lat.: 305.239ms, rate sampling interval: 1396ms
  Thread calibration: mean lat.: 292.550ms, rate sampling interval: 1304ms
  Thread calibration: mean lat.: 301.415ms, rate sampling interval: 1306ms
  Thread calibration: mean lat.: 303.130ms, rate sampling interval: 1291ms
  Thread calibration: mean lat.: 339.210ms, rate sampling interval: 1432ms
  Thread calibration: mean lat.: 306.681ms, rate sampling interval: 1318ms
  Thread calibration: mean lat.: 306.210ms, rate sampling interval: 1283ms
  Thread Stats   Avg      Stdev     Max   +/- Stdev
    Latency     2.37s   949.96ms   4.67s    57.50%
    Req/Sec     2.63k   148.50     2.94k    75.55%
  Latency Distribution (HdrHistogram - Recorded Latency)
 50.000%    2.40s 
 75.000%    3.14s 
 90.000%    3.72s 
 99.000%    4.19s 
 99.900%    4.46s 
 99.990%    4.60s 
 99.999%    4.67s 
100.000%    4.68s 

  Detailed Percentile spectrum:
       Value   Percentile   TotalCount 1/(1-Percentile)

     498.175     0.000000            1         1.00
    1111.039     0.100000        84180         1.11
    1379.327     0.200000       167857         1.25
    1679.359     0.300000       251973         1.43
    2058.239     0.400000       335839         1.67
    2396.159     0.500000       419889         2.00
    2525.183     0.550000       461842         2.22
    2643.967     0.600000       504192         2.50
    2770.943     0.650000       545617         2.86
    2916.351     0.700000       587512         3.33
    3135.487     0.750000       629393         4.00
    3254.271     0.775000       650493         4.44
    3364.863     0.800000       671414         5.00
    3465.215     0.825000       692471         5.71
    3555.327     0.850000       713698         6.67
    3639.295     0.875000       734637         8.00
    3680.255     0.887500       745142         8.89
    3721.215     0.900000       755381        10.00
    3766.271     0.912500       766149        11.43
    3811.327     0.925000       776493        13.33
    3860.479     0.937500       786833        16.00
    3883.007     0.943750       791999        17.78
    3909.631     0.950000       797293        20.00
    3936.255     0.956250       802558        22.86
    3966.975     0.962500       807753        26.67
    4003.839     0.968750       813080        32.00
    4022.271     0.971875       815576        35.56
    4042.751     0.975000       818198        40.00
    4065.279     0.978125       820787        45.71
    4089.855     0.981250       823562        53.33
    4116.479     0.984375       826085        64.00
    4134.911     0.985938       827454        71.11
    4155.391     0.987500       828693        80.00
    4175.871     0.989062       829972        91.43
    4198.399     0.990625       831321       106.67
    4222.975     0.992188       832653       128.00
    4235.263     0.992969       833229       142.22
    4247.551     0.993750       833918       160.00
    4263.935     0.994531       834682       182.86
    4280.319     0.995313       835181       213.33
    4308.991     0.996094       835956       256.00
    4317.183     0.996484       836264       284.44
    4325.375     0.996875       836493       320.00
    4337.663     0.997266       836819       365.71
    4358.143     0.997656       837157       426.67
    4382.719     0.998047       837492       512.00
    4395.007     0.998242       837682       568.89
    4407.295     0.998437       837857       640.00
    4419.583     0.998633       837995       731.43
    4448.255     0.998828       838146       853.33
    4460.543     0.999023       838304      1024.00
    4472.831     0.999121       838396      1137.78
    4476.927     0.999219       838457      1280.00
    4485.119     0.999316       838551      1462.86
    4493.311     0.999414       838642      1706.67
    4501.503     0.999512       838719      2048.00
    4505.599     0.999561       838743      2275.56
    4513.791     0.999609       838789      2560.00
    4530.175     0.999658       838827      2925.71
    4546.559     0.999707       838866      3413.33
    4558.847     0.999756       838908      4096.00
    4567.039     0.999780       838936      4551.11
    4575.231     0.999805       838958      5120.00
    4579.327     0.999829       838979      5851.43
    4583.423     0.999854       838998      6826.67
    4587.519     0.999878       839013      8192.00
    4591.615     0.999890       839024      9102.22
    4595.711     0.999902       839031     10240.00
    4599.807     0.999915       839045     11702.86
    4603.903     0.999927       839055     13653.33
    4607.999     0.999939       839060     16384.00
    4612.095     0.999945       839065     18204.44
    4648.959     0.999951       839073     20480.00
    4653.055     0.999957       839075     23405.71
    4657.151     0.999963       839084     27306.67
    4661.247     0.999969       839091     32768.00
    4661.247     0.999973       839091     36408.89
    4661.247     0.999976       839091     40960.00
    4665.343     0.999979       839095     46811.43
    4665.343     0.999982       839095     54613.33
    4673.535     0.999985       839107     65536.00
    4673.535     0.999986       839107     72817.78
    4673.535     0.999988       839107     81920.00
    4673.535     0.999989       839107     93622.86
    4673.535     0.999991       839107    109226.67
    4673.535     0.999992       839107    131072.00
    4673.535     0.999993       839107    145635.56
    4673.535     0.999994       839107    163840.00
    4673.535     0.999995       839107    187245.71
    4673.535     0.999995       839107    218453.33
    4673.535     0.999996       839107    262144.00
    4677.631     0.999997       839110    291271.11
    4677.631     1.000000       839110          inf
#[Mean    =     2374.075, StdDeviation   =      949.961]
#[Max     =     4673.536, Total count    =       839110]
#[Buckets =           27, SubBuckets     =         2048]
----------------------------------------------------------
  1298054 requests in 30.00s, 288.44MB read
Requests/sec:  43268.93
Transfer/sec:      9.61MB
WRKX_RESULT {"durationUs":29999677,"requests":1298054,"responses":1298054,"errors":0,"bytes":302447681,"latencyAvgUs":2374075.073,"latencyP95Us":3909631.000,"latencyP99Us":4188159.000}
