Running 30s test @ http://localhost:9991/
  16 threads and 256 connections
  Thread calibration: mean lat.: 2185.727ms, rate sampling interval: 7417ms
  Thread calibration: mean lat.: 2211.328ms, rate sampling interval: 7442ms
  Thread calibration: mean lat.: 2172.718ms, rate sampling interval: 7405ms
  Thread calibration: mean lat.: 2171.930ms, rate sampling interval: 7430ms
  Thread calibration: mean lat.: 2195.292ms, rate sampling interval: 7471ms
  Thread calibration: mean lat.: 2209.262ms, rate sampling interval: 7557ms
  Thread calibration: mean lat.: 2205.275ms, rate sampling interval: 7467ms
  Thread calibration: mean lat.: 2191.079ms, rate sampling interval: 7487ms
  Thread calibration: mean lat.: 2161.154ms, rate sampling interval: 7368ms
  Thread calibration: mean lat.: 2206.955ms, rate sampling interval: 7479ms
  Thread calibration: mean lat.: 2193.999ms, rate sampling interval: 7450ms
  Thread calibration: mean lat.: 2205.861ms, rate sampling interval: 7483ms
  Thread calibration: mean lat.: 2194.351ms, rate sampling interval: 7495ms
  Thread calibration: mean lat.: 2207.679ms, rate sampling interval: 7434ms
  Thread calibration: mean lat.: 2199.266ms, rate sampling interval: 7458ms
  Thread calibration: mean lat.: 2174.722ms, rate sampling interval: 7393ms
  Thread Stats   Avg      Stdev     Max   +/- Stdev
    Latency     8.25s     2.38s   12.70s    57.79%
    Req/Sec     2.75k    30.60     2.79k    59.38%
  Latency Distribution (HdrHistogram - Recorded Latency)
 50.000%    8.28s 
 75.000%   10.36s 
 90.000%   11.44s 
 99.000%   12.20s 
 99.900%   12.43s 
 99.990%   12.58s 
 99.999%   12.70s 
100.000%   12.71s 

  Detailed Percentile spectrum:
       Value   Percentile   TotalCount 1/(1-Percentile)

    3864.575     0.000000            4         1.00
    4907.007     0.100000        88851         1.11
    5787.647     0.200000       177105         1.25
    6627.327     0.300000       266001         1.43
    7376.895     0.400000       354298         1.67
    8278.015     0.500000       442761         2.00
    8732.671     0.550000       487265         2.22
    9215.999     0.600000       531709         2.50
    9625.599     0.650000       575809         2.86
    9977.855     0.700000       619788         3.33
   10362.879     0.750000       664541         4.00
   10543.103     0.775000       687277         4.44
   10723.327     0.800000       708991         5.00
   10919.935     0.825000       730705         5.71
   11116.543     0.850000       753197         6.67
   11288.575     0.875000       775582         8.00
   11370.495     0.887500       786948         8.89
   11444.223     0.900000       796851        10.00
   11534.335     0.912500       808661        11.43
   11624.447     0.925000       819865        13.33
   11714.559     0.937500       830489        16.00
   11763.711     0.943750       836102        17.78
   11812.863     0.950000       841299        20.00
   11870.207     0.956250       847122        22.86
   11927.551     0.962500       852900        26.67
   11976.703     0.968750       857751        32.00
   12009.471     0.971875       860795        35.56
   12042.239     0.975000       863896        40.00
   12066.815     0.978125       866152        45.71
   12099.583     0.981250       869181        53.33
   12132.351     0.984375       871996        64.00
   12148.735     0.985938       873305        71.11
   12165.119     0.987500       874514        80.00
   12181.503     0.989062       875716        91.43
   12206.079     0.990625       877457       106.67
   12230.655     0.992188       878919       128.00
   12238.847     0.992969       879307       142.22
   12255.231     0.993750       880103       160.00
   12271.615     0.994531       880792       182.86
   12287.999     0.995313       881438       213.33
   12304.383     0.996094       882007       256.00
   12320.767     0.996484       882514       284.44
   12328.959     0.996875       882710       320.00
   12345.343     0.997266       883142       365.71
   12353.535     0.997656       883320       426.67
   12369.919     0.998047       883671       512.00
   12378.111     0.998242       883861       568.89
   12394.495     0.998437       884090       640.00
   12402.687     0.998633       884204       731.43
   12419.071     0.998828       884407       853.33
   12435.455     0.999023       884586      1024.00
   12443.647     0.999121       884679      1137.78
   12451.839     0.999219       884776      1280.00
   12451.839     0.999316       884776      1462.86
   12468.223     0.999414       884905      1706.67
   12476.415     0.999512       884953      2048.00
   12492.799     0.999561       885017      2275.56
   12500.991     0.999609       885042      2560.00
   12509.183     0.999658       885081      2925.71
   12517.375     0.999707       885130      3413.33
   12533.759     0.999756       885190      4096.00
   12533.759     0.999780       885190      4551.11
   12541.951     0.999805       885214      5120.00
   12550.143     0.999829       885235      5851.43
   12558.335     0.999854       885259      6826.67
   12566.527     0.999878       885276      8192.00
   12582.911     0.999890       885294      9102.22
   12582.911     0.999902       885294     10240.00
   12599.295     0.999915       885311     11702.86
   12607.487     0.999927       885327     13653.33
   12607.487     0.999939       885327     16384.00
   12623.871     0.999945       885339     18204.44
   12623.871     0.999951       885339     20480.00
   12632.063     0.999957       885346     23405.71
   12640.255     0.999963       885350     27306.67
   12648.447     0.999969       885353     32768.00
   12656.639     0.999973       885361     36408.89
   12656.639     0.999976       885361     40960.00
   12673.023     0.999979       885364     46811.43
   12673.023     0.999982       885364     54613.33
   12689.407     0.999985       885370     65536.00
   12689.407     0.999986       885370     72817.78
   12689.407     0.999988       885370     81920.00
   12697.599     0.999989       885376     93622.86
   12697.599     0.999991       885376    109226.67
   12697.599     0.999992       885376    131072.00
   12697.599     0.999993       885376    145635.56
   12697.599     0.999994       885376    163840.00
   12697.599     0.999995       885376    187245.71
   12697.599     0.999995       885376    218453.33
   12705.791     0.999996       885380    262144.00
   12705.791     1.000000       885380          inf
#[Mean    =     8251.178, StdDeviation   =     2376.893]
#[Max     =    12697.600, Total count    =       885380]
#[Buckets =           27, SubBuckets     =         2048]
----------------------------------------------------------
  1329729 requests in 30.00s, 295.48MB read
Requests/sec:  44324.65
Transfer/sec:      9.85MB
WRKX_RESULT {"durationUs":29999766,"requests":1329729,"responses":1329729,"errors":0,"bytes":309833765,"latencyAvgUs":8251177.554,"latencyP95Us":11812863.000,"latencyP99Us":12197887.000}
