Running 30s test @ http://localhost:9991/
  16 threads and 256 connections
  Thread calibration: mean lat.: 3489.345ms, rate sampling interval: 12705ms
  Thread calibration: mean lat.: 3508.297ms, rate sampling interval: 12763ms
  Thread calibration: mean lat.: 3477.966ms, rate sampling interval: 12673ms
  Thread calibration: mean lat.: 3499.249ms, rate sampling interval: 12722ms
  Thread calibration: mean lat.: 3499.213ms, rate sampling interval: 12664ms
  Thread calibration: mean lat.: 3480.763ms, rate sampling interval: 12689ms
  Thread calibration: mean lat.: 3482.025ms, rate sampling interval: 12705ms
  Thread calibration: mean lat.: 3492.363ms, rate sampling interval: 12713ms
  Thread calibration: mean lat.: 3216.444ms, rate sampling interval: 11583ms
  Thread calibration: mean lat.: 3478.324ms, rate sampling interval: 12673ms
  Thread calibration: mean lat.: 3493.837ms, rate sampling interval: 12746ms
  Thread calibration: mean lat.: 3514.814ms, rate sampling interval: 12722ms
  Thread calibration: mean lat.: 3488.435ms, rate sampling interval: 12730ms
  Thread calibration: mean lat.: 3500.317ms, rate sampling interval: 12705ms
  Thread calibration: mean lat.: 3499.102ms, rate sampling interval: 12713ms
  Thread calibration: mean lat.: 3489.000ms, rate sampling interval: 12738ms
  Thread Stats   Avg      Stdev     Max   +/- Stdev
    Latency    14.13s     4.15s   21.53s    57.91%
    Req/Sec     2.65k    11.22     2.67k    62.50%
  Latency Distribution (HdrHistogram - Recorded Latency)
 50.000%   14.07s 
 75.000%   17.69s 
 90.000%   19.97s 
 99.000%   21.25s 
 99.900%   21.41s 
 99.990%   21.50s 
 99.999%   21.53s 
100.000%   21.54s 

  Detailed Percentile spectrum:
       Value   Percentile   TotalCount 1/(1-Percentile)

    6344.703     0.000000            2         1.00
    8445.951     0.100000        84044         1.11
    9863.167     0.200000       168020         1.25
   11263.999     0.300000       252100         1.43
   12664.831     0.400000       335865         1.67
   14073.855     0.500000       420036         2.00
   14770.175     0.550000       461585         2.22
   15482.879     0.600000       503531         2.50
   16236.543     0.650000       545630         2.86
   16957.439     0.700000       588071         3.33
   17694.719     0.750000       630165         4.00
   18071.551     0.775000       650912         4.44
   18464.767     0.800000       671542         5.00
   18841.599     0.825000       692507         5.71
   19234.815     0.850000       714020         6.67
   19611.647     0.875000       734349         8.00
   19791.871     0.887500       745167         8.89
   19972.095     0.900000       755763        10.00
   20152.319     0.912500       766707        11.43
   20316.159     0.925000       776293        13.33
   20496.383     0.937500       787011        16.00
   20594.687     0.943750       792808        17.78
   20676.607     0.950000       797565        20.00
   20774.911     0.956250       803359        22.86
   20856.831     0.962500       808005        26.67
   20955.135     0.968750       813611        32.00
   21004.287     0.971875       816409        35.56
   21037.055     0.975000       818264        40.00
   21086.207     0.978125       821163        45.71
   21135.359     0.981250       824231        53.33
   21168.127     0.984375       826224        64.00
   21200.895     0.985938       828190        71.11
   21217.279     0.987500       829152        80.00
   21233.663     0.989062       830146        91.43
   21266.431     0.990625       832150       106.67
   21282.815     0.992188       833074       128.00
   21299.199     0.992969       834077       142.22
   21299.199     0.993750       834077       160.00
   21315.583     0.994531       834983       182.86
   21331.967     0.995313       835829       213.33
   21348.351     0.996094       836600       256.00
   21348.351     0.996484       836600       284.44
   21348.351     0.996875       836600       320.00
   21364.735     0.997266       837224       365.71
   21381.119     0.997656       837776       426.67
   21381.119     0.998047       837776       512.00
   21381.119     0.998242       837776       568.89
   21397.503     0.998437       838191       640.00
   21397.503     0.998633       838191       731.43
   21413.887     0.998828       838526       853.33
   21413.887     0.999023       838526      1024.00
   21413.887     0.999121       838526      1137.78
   21430.271     0.999219       838774      1280.00
   21430.271     0.999316       838774      1462.86
   21430.271     0.999414       838774      1706.67
   21446.655     0.999512       838924      2048.00
   21446.655     0.999561       838924      2275.56
   21446.655     0.999609       838924      2560.00
   21446.655     0.999658       838924      2925.71
   21463.039     0.999707       839043      3413.33
   21463.039     0.999756       839043      4096.00
   21463.039     0.999780       839043      4551.11
   21463.039     0.999805       839043      5120.00
   21479.423     0.999829       839112      5851.43
   21479.423     0.999854       839112      6826.67
   21479.423     0.999878       839112      8192.00
   21479.423     0.999890       839112      9102.22
   21495.807     0.999902       839161     10240.00
   21495.807     0.999915       839161     11702.86
   21495.807     0.999927       839161     13653.33
   21495.807     0.999939       839161     16384.00
   21495.807     0.999945       839161     18204.44
   21495.807     0.999951       839161     20480.00
   21512.191     0.999957       839184     23405.71
   21512.191     0.999963       839184     27306.67
   21512.191     0.999969       839184     32768.00
   21512.191     0.999973       839184     36408.89
   21512.191     0.999976       839184     40960.00
   21512.191     0.999979       839184     46811.43
   21512.191     0.999982       839184     54613.33
   21528.575     0.999985       839192     65536.00
   21528.575     0.999986       839192     72817.78
   21528.575     0.999988       839192     81920.00
   21528.575     0.999989       839192     93622.86
   21528.575     0.999991       839192    109226.67
   21528.575     0.999992       839192    131072.00
   21544.959     0.999993       839198    145635.56
   21544.959     1.000000       839198          inf
#[Mean    =    14132.656, StdDeviation   =     4146.690]
#[Max     =    21528.576, Total count    =       839198]
#[Buckets =           27, SubBuckets     =         2048]
----------------------------------------------------------
  1285993 requests in 30.00s, 285.76MB read
Requests/sec:  42864.93
Transfer/sec:      9.52MB
WRKX_RESULT {"durationUs":30001054,"requests":1285993,"responses":1285993,"errors":0,"bytes":299637625,"latencyAvgUs":14132655.906,"latencyP95Us":20676607.000,"latencyP99Us":21250047.000}
