Running 30s test @ http://localhost:9991/postgres/orders
  16 threads and 256 connections
  Thread calibration: mean lat.: 4941.577ms, rate sampling interval: 17645ms
  Thread calibration: mean lat.: 4937.623ms, rate sampling interval: 17629ms
  Thread calibration: mean lat.: 4935.602ms, rate sampling interval: 17629ms
  Thread calibration: mean lat.: 4931.616ms, rate sampling interval: 17612ms
  Thread calibration: mean lat.: 4935.946ms, rate sampling interval: 17629ms
  Thread calibration: mean lat.: 4936.522ms, rate sampling interval: 17629ms
  Thread calibration: mean lat.: 4937.860ms, rate sampling interval: 17629ms
  Thread calibration: mean lat.: 4939.406ms, rate sampling interval: 17629ms
  Thread calibration: mean lat.: 4940.177ms, rate sampling interval: 17629ms
  Thread calibration: mean lat.: 4939.072ms, rate sampling interval: 17645ms
  Thread calibration: mean lat.: 4933.054ms, rate sampling interval: 17629ms
  Thread calibration: mean lat.: 4941.378ms, rate sampling interval: 17629ms
  Thread calibration: mean lat.: 4932.035ms, rate sampling interval: 17629ms
  Thread calibration: mean lat.: 4942.639ms, rate sampling interval: 17645ms
  Thread calibration: mean lat.: 4942.368ms, rate sampling interval: 17612ms
  Thread calibration: mean lat.: 4944.282ms, rate sampling interval: 17645ms
  Thread Stats   Avg      Stdev     Max   +/- Stdev
    Latency    19.63s     5.61s   29.31s    57.76%
    Req/Sec   278.75      0.43   279.00    100.00%
  Latency Distribution (HdrHistogram - Recorded Latency)
 50.000%   19.71s 
 75.000%   24.48s 
 90.000%   27.34s 
 99.000%   29.10s 
 99.900%   29.28s 
 99.990%   29.31s 
 99.999%   29.33s 
100.000%   29.33s 

  Detailed Percentile spectrum:
       Value   Percentile   TotalCount 1/(1-Percentile)

    9781.247     0.000000            1         1.00
   11788.287     0.100000         8904         1.11
   13803.519     0.200000        17802         1.25
   15826.943     0.300000        26699         1.43
   17743.871     0.400000        35616         1.67
   19709.951     0.500000        44472         2.00
   20692.991     0.550000        48955         2.22
   21626.879     0.600000        53402         2.50
   22577.151     0.650000        57826         2.86
   23543.807     0.700000        62331         3.33
   24477.695     0.750000        66748         4.00
   24969.215     0.775000        68950         4.44
   25444.351     0.800000        71160         5.00
   25903.103     0.825000        73435         5.71
   26378.239     0.850000        75613         6.67
   26853.375     0.875000        77844         8.00
   27099.135     0.887500        78964         8.89
   27344.895     0.900000        80088        10.00
   27590.655     0.912500        81205        11.43
   27852.799     0.925000        82326        13.33
   28098.559     0.937500        83441        16.00
   28213.247     0.943750        83961        17.78
   28327.935     0.950000        84499        20.00
   28459.007     0.956250        85113        22.86
   28573.695     0.962500        85642        26.67
   28688.383     0.968750        86163        32.00
   28753.919     0.971875        86472        35.56
   28803.071     0.975000        86708        40.00
   28868.607     0.978125        87010        45.71
   28934.143     0.981250        87317        53.33
   28983.295     0.984375        87549        64.00
   29016.063     0.985938        87698        71.11
   29048.831     0.987500        87851        80.00
   29081.599     0.989062        88002        91.43
   29114.367     0.990625        88156       106.67
   29147.135     0.992188        88311       128.00
   29147.135     0.992969        88311       142.22
   29163.519     0.993750        88378       160.00
   29179.903     0.994531        88452       182.86
   29196.287     0.995313        88523       213.33
   29212.671     0.996094        88603       256.00
   29229.055     0.996484        88672       284.44
   29229.055     0.996875        88672       320.00
   29245.439     0.997266        88740       365.71
   29245.439     0.997656        88740       426.67
   29261.823     0.998047        88819       512.00
   29261.823     0.998242        88819       568.89
   29261.823     0.998437        88819       640.00
   29261.823     0.998633        88819       731.43
   29278.207     0.998828        88866       853.33
   29278.207     0.999023        88866      1024.00
   29278.207     0.999121        88866      1137.78
   29278.207     0.999219        88866      1280.00
   29294.591     0.999316        88899      1462.86
   29294.591     0.999414        88899      1706.67
   29294.591     0.999512        88899      2048.00
   29294.591     0.999561        88899      2275.56
   29294.591     0.999609        88899      2560.00
   29294.591     0.999658        88899      2925.71
   29310.975     0.999707        88922      3413.33
   29310.975     0.999756        88922      4096.00
   29310.975     0.999780        88922      4551.11
   29310.975     0.999805        88922      5120.00
   29310.975     0.999829        88922      5851.43
   29310.975     0.999854        88922      6826.67
   29310.975     0.999878        88922      8192.00
   29310.975     0.999890        88922      9102.22
   29310.975     0.999902        88922     10240.00
   29310.975     0.999915        88922     11702.86
   29310.975     0.999927        88922     13653.33
   29327.359     0.999939        88928     16384.00
   29327.359     1.000000        88928          inf
#[Mean    =    19630.989, StdDeviation   =     5606.839]
#[Max     =    29310.976, Total count    =        88928]
#[Buckets =           27, SubBuckets     =         2048]
----------------------------------------------------------
  134801 requests in 30.01s, 1.79GB read
Requests/sec:   4492.42
Transfer/sec:     61.17MB
WRKX_RESULT {"durationUs":30006299,"requests":134801,"responses":134801,"errors":0,"bytes":1924578637,"latencyAvgUs":19630988.989,"latencyP95Us":28327935.000,"latencyP99Us":29097983.000}
