Running 30s test @ http://localhost:9991/postgres/orders
  16 threads and 256 connections
  Thread calibration: mean lat.: 3521.633ms, rate sampling interval: 12754ms
  Thread calibration: mean lat.: 3525.933ms, rate sampling interval: 12763ms
  Thread calibration: mean lat.: 3523.945ms, rate sampling interval: 12746ms
  Thread calibration: mean lat.: 3528.305ms, rate sampling interval: 12754ms
  Thread calibration: mean lat.: 3523.596ms, rate sampling interval: 12763ms
  Thread calibration: mean lat.: 3529.001ms, rate sampling interval: 12771ms
  Thread calibration: mean lat.: 3525.778ms, rate sampling interval: 12771ms
  Thread calibration: mean lat.: 3528.625ms, rate sampling interval: 12763ms
  Thread calibration: mean lat.: 3525.155ms, rate sampling interval: 12746ms
  Thread calibration: mean lat.: 3526.742ms, rate sampling interval: 12763ms
  Thread calibration: mean lat.: 3524.254ms, rate sampling interval: 12763ms
  Thread calibration: mean lat.: 3525.249ms, rate sampling interval: 12754ms
  Thread calibration: mean lat.: 3526.066ms, rate sampling interval: 12754ms
  Thread calibration: mean lat.: 3535.199ms, rate sampling interval: 12779ms
  Thread calibration: mean lat.: 3528.511ms, rate sampling interval: 12771ms
  Thread calibration: mean lat.: 3531.397ms, rate sampling interval: 12763ms
  Thread Stats   Avg      Stdev     Max   +/- Stdev
    Latency    14.18s     4.05s   21.20s    57.78%
    Req/Sec   275.06      0.24   276.00    100.00%
  Latency Distribution (HdrHistogram - Recorded Latency)
 50.000%   14.19s 
 75.000%   17.68s 
 90.000%   19.81s 
 99.000%   21.05s 
 99.900%   21.18s 
 99.990%   21.20s 
 99.999%   21.22s 
100.000%   21.22s 

  Detailed Percentile spectrum:
       Value   Percentile   TotalCount 1/(1-Percentile)

    7086.079     0.000000            1         1.00
    8544.255     0.100000         8806         1.11
    9977.855     0.200000        17564         1.25
   11427.839     0.300000        26329         1.43
   12845.055     0.400000        35062         1.67
   14188.543     0.500000        43823         2.00
   14884.863     0.550000        48193         2.22
   15548.415     0.600000        52587         2.50
   16228.351     0.650000        56960         2.86
   16957.439     0.700000        61397         3.33
   17678.335     0.750000        65799         4.00
   18038.783     0.775000        67969         4.44
   18415.615     0.800000        70201         5.00
   18759.679     0.825000        72389         5.71
   19087.359     0.850000        74493         6.67
   19447.807     0.875000        76664         8.00
   19628.031     0.887500        77805         8.89
   19808.255     0.900000        78934        10.00
   19988.479     0.912500        80016        11.43
   20152.319     0.925000        81109        13.33
   20316.159     0.937500        82141        16.00
   20414.463     0.943750        82734        17.78
   20496.383     0.950000        83246        20.00
   20594.687     0.956250        83814        22.86
   20676.607     0.962500        84360        26.67
   20758.527     0.968750        84918        32.00
   20807.679     0.971875        85242        35.56
   20840.447     0.975000        85463        40.00
   20889.599     0.978125        85779        45.71
   20922.367     0.981250        85992        53.33
   20971.519     0.984375        86318        64.00
   20987.903     0.985938        86418        71.11
   21020.671     0.987500        86626        80.00
   21037.055     0.989062        86728        91.43
   21053.439     0.990625        86818       106.67
   21086.207     0.992188        87023       128.00
   21086.207     0.992969        87023       142.22
   21102.591     0.993750        87127       160.00
   21118.975     0.994531        87228       182.86
   21118.975     0.995313        87228       213.33
   21135.359     0.996094        87315       256.00
   21135.359     0.996484        87315       284.44
   21151.743     0.996875        87413       320.00
   21151.743     0.997266        87413       365.71
   21151.743     0.997656        87413       426.67
   21168.127     0.998047        87511       512.00
   21168.127     0.998242        87511       568.89
   21168.127     0.998437        87511       640.00
   21168.127     0.998633        87511       731.43
   21184.511     0.998828        87584       853.33
   21184.511     0.999023        87584      1024.00
   21184.511     0.999121        87584      1137.78
   21184.511     0.999219        87584      1280.00
   21184.511     0.999316        87584      1462.86
   21184.511     0.999414        87584      1706.67
   21184.511     0.999512        87584      2048.00
   21184.511     0.999561        87584      2275.56
   21184.511     0.999609        87584      2560.00
   21200.895     0.999658        87611      2925.71
   21200.895     0.999707        87611      3413.33
   21200.895     0.999756        87611      4096.00
   21200.895     0.999780        87611      4551.11
   21200.895     0.999805        87611      5120.00
   21200.895     0.999829        87611      5851.43
   21200.895     0.999854        87611      6826.67
   21200.895     0.999878        87611      8192.00
   21200.895     0.999890        87611      9102.22
   21200.895     0.999902        87611     10240.00
   21200.895     0.999915        87611     11702.86
   21200.895     0.999927        87611     13653.33
   21200.895     0.999939        87611     16384.00
   21217.279     0.999945        87616     18204.44
   21217.279     1.000000        87616          inf
#[Mean    =    14176.415, StdDeviation   =     4050.512]
#[Max     =    21200.896, Total count    =        87616]
#[Buckets =           27, SubBuckets     =         2048]
----------------------------------------------------------
  131754 requests in 30.01s, 1.75GB read
Requests/sec:   4390.38
Transfer/sec:     59.78MB
WRKX_RESULT {"durationUs":30009687,"requests":131754,"responses":131754,"errors":0,"bytes":1881051858,"latencyAvgUs":14176414.855,"latencyP95Us":20496383.000,"latencyP99Us":21053439.000}
