Running 30s test @ http://localhost:9991/postgres/orders
  16 threads and 256 connections
  Thread calibration: mean lat.: 2932.780ms, rate sampling interval: 10395ms
  Thread calibration: mean lat.: 2932.967ms, rate sampling interval: 10395ms
  Thread calibration: mean lat.: 2931.172ms, rate sampling interval: 10395ms
  Thread calibration: mean lat.: 2932.633ms, rate sampling interval: 10379ms
  Thread calibration: mean lat.: 2931.486ms, rate sampling interval: 10387ms
  Thread calibration: mean lat.: 2934.749ms, rate sampling interval: 10395ms
  Thread calibration: mean lat.: 2930.333ms, rate sampling interval: 10379ms
  Thread calibration: mean lat.: 2934.864ms, rate sampling interval: 10403ms
  Thread calibration: mean lat.: 2932.473ms, rate sampling interval: 10403ms
  Thread calibration: mean lat.: 2936.777ms, rate sampling interval: 10412ms
  Thread calibration: mean lat.: 2932.240ms, rate sampling interval: 10395ms
  Thread calibration: mean lat.: 2938.433ms, rate sampling interval: 10403ms
  Thread calibration: mean lat.: 2937.612ms, rate sampling interval: 10395ms
  Thread calibration: mean lat.: 2932.566ms, rate sampling interval: 10395ms
  Thread calibration: mean lat.: 2936.236ms, rate sampling interval: 10403ms
  Thread calibration: mean lat.: 2936.608ms, rate sampling interval: 10403ms
  Thread Stats   Avg      Stdev     Max   +/- Stdev
    Latency    11.27s     3.16s   16.79s    57.66%
    Req/Sec   279.00      0.00   279.00    100.00%
  Latency Distribution (HdrHistogram - Recorded Latency)
 50.000%   11.27s 
 75.000%   14.01s 
 90.000%   15.67s 
 99.000%   16.66s 
 99.900%   16.76s 
 99.990%   16.79s 
 99.999%   16.79s 
100.000%   16.81s 

  Detailed Percentile spectrum:
       Value   Percentile   TotalCount 1/(1-Percentile)

    5730.303     0.000000            2         1.00
    6889.471     0.100000         8900         1.11
    7974.911     0.200000        17825         1.25
    9117.695     0.300000        26733         1.43
   10207.231     0.400000        35613         1.67
   11272.191     0.500000        44537         2.00
   11780.095     0.550000        48936         2.22
   12312.575     0.600000        53442         2.50
   12853.247     0.650000        57847         2.86
   13443.071     0.700000        62291         3.33
   14008.319     0.750000        66766         4.00
   14278.655     0.775000        68948         4.44
   14557.183     0.800000        71234         5.00
   14811.135     0.825000        73404         5.71
   15081.471     0.850000        75622         6.67
   15376.383     0.875000        77892         8.00
   15523.839     0.887500        78959         8.89
   15671.295     0.900000        80120        10.00
   15810.559     0.912500        81179        11.43
   15958.015     0.925000        82287        13.33
   16097.279     0.937500        83444        16.00
   16162.815     0.943750        83963        17.78
   16228.351     0.950000        84520        20.00
   16293.887     0.956250        85070        22.86
   16367.615     0.962500        85659        26.67
   16433.151     0.968750        86223        32.00
   16465.919     0.971875        86509        35.56
   16498.687     0.975000        86796        40.00
   16531.455     0.978125        87060        45.71
   16564.223     0.981250        87319        53.33
   16596.991     0.984375        87574        64.00
   16613.375     0.985938        87709        71.11
   16637.951     0.987500        87887        80.00
   16654.335     0.989062        88010        91.43
   16670.719     0.990625        88148       106.67
   16687.103     0.992188        88288       128.00
   16695.295     0.992969        88356       142.22
   16703.487     0.993750        88438       160.00
   16711.679     0.994531        88503       182.86
   16719.871     0.995313        88566       213.33
   16728.063     0.996094        88633       256.00
   16736.255     0.996484        88706       284.44
   16736.255     0.996875        88706       320.00
   16744.447     0.997266        88769       365.71
   16744.447     0.997656        88769       426.67
   16752.639     0.998047        88828       512.00
   16752.639     0.998242        88828       568.89
   16752.639     0.998437        88828       640.00
   16760.831     0.998633        88879       731.43
   16760.831     0.998828        88879       853.33
   16760.831     0.999023        88879      1024.00
   16769.023     0.999121        88919      1137.78
   16769.023     0.999219        88919      1280.00
   16769.023     0.999316        88919      1462.86
   16769.023     0.999414        88919      1706.67
   16769.023     0.999512        88919      2048.00
   16769.023     0.999561        88919      2275.56
   16777.215     0.999609        88939      2560.00
   16777.215     0.999658        88939      2925.71
   16777.215     0.999707        88939      3413.33
   16777.215     0.999756        88939      4096.00
   16777.215     0.999780        88939      4551.11
   16793.599     0.999805        88957      5120.00
   16793.599     0.999829        88957      5851.43
   16793.599     0.999854        88957      6826.67
   16793.599     0.999878        88957      8192.00
   16793.599     0.999890        88957      9102.22
   16793.599     0.999902        88957     10240.00
   16793.599     0.999915        88957     11702.86
   16793.599     0.999927        88957     13653.33
   16793.599     0.999939        88957     16384.00
   16793.599     0.999945        88957     18204.44
   16793.599     0.999951        88957     20480.00
   16793.599     0.999957        88957     23405.71
   16793.599     0.999963        88957     27306.67
   16793.599     0.999969        88957     32768.00
   16793.599     0.999973        88957     36408.89
   16793.599     0.999976        88957     40960.00
   16793.599     0.999979        88957     46811.43
   16793.599     0.999982        88957     54613.33
   16793.599     0.999985        88957     65536.00
   16793.599     0.999986        88957     72817.78
   16793.599     0.999988        88957     81920.00
   16809.983     0.999989        88958     93622.86
   16809.983     1.000000        88958          inf
#[Mean    =    11265.905, StdDeviation   =     3161.156]
#[Max     =    16793.600, Total count    =        88958]
#[Buckets =           27, SubBuckets     =         2048]
----------------------------------------------------------
  132078 requests in 30.01s, 1.76GB read
Requests/sec:   4401.16
Transfer/sec:     59.92MB
WRKX_RESULT {"durationUs":30009816,"requests":132078,"responses":132078,"errors":0,"bytes":1885689986,"latencyAvgUs":11265904.503,"latencyP95Us":16228351.000,"latencyP99Us":16662527.000}
