Running 30s test @ http://localhost:9991/postgres/orders
  16 threads and 256 connections
  Thread calibration: mean lat.: 4666.579ms, rate sampling interval: 17006ms
  Thread calibration: mean lat.: 4669.439ms, rate sampling interval: 17006ms
  Thread calibration: mean lat.: 4662.442ms, rate sampling interval: 17039ms
  Thread calibration: mean lat.: 4659.888ms, rate sampling interval: 17006ms
  Thread calibration: mean lat.: 4666.694ms, rate sampling interval: 17022ms
  Thread calibration: mean lat.: 4664.967ms, rate sampling interval: 17006ms
  Thread calibration: mean lat.: 4666.147ms, rate sampling interval: 17022ms
  Thread calibration: mean lat.: 4666.533ms, rate sampling interval: 17022ms
  Thread calibration: mean lat.: 4659.489ms, rate sampling interval: 17039ms
  Thread calibration: mean lat.: 4280.800ms, rate sampling interval: 15433ms
  Thread calibration: mean lat.: 4668.724ms, rate sampling interval: 17022ms
  Thread calibration: mean lat.: 4662.116ms, rate sampling interval: 17022ms
  Thread calibration: mean lat.: 4659.386ms, rate sampling interval: 17006ms
  Thread calibration: mean lat.: 4659.544ms, rate sampling interval: 17006ms
  Thread calibration: mean lat.: 4658.281ms, rate sampling interval: 17006ms
  Thread calibration: mean lat.: 4674.974ms, rate sampling interval: 17039ms
  Thread Stats   Avg      Stdev     Max   +/- Stdev
    Latency    18.83s     5.37s   28.21s    58.11%
    Req/Sec   277.75      0.43   278.00    100.00%
  Latency Distribution (HdrHistogram - Recorded Latency)
 50.000%   18.99s 
 75.000%   23.41s 
 90.000%   26.23s 
 99.000%   27.98s 
 99.900%   28.18s 
 99.990%   28.21s 
 99.999%   28.23s 
100.000%   28.23s 

  Detailed Percentile spectrum:
       Value   Percentile   TotalCount 1/(1-Percentile)

    8560.639     0.000000            3         1.00
   11304.959     0.100000         8844         1.11
   13246.463     0.200000        17703         1.25
   15187.967     0.300000        26535         1.43
   17088.511     0.400000        35367         1.67
   18989.055     0.500000        44216         2.00
   19873.791     0.550000        48626         2.22
   20742.143     0.600000        53087         2.50
   21594.111     0.650000        57516         2.86
   22495.231     0.700000        61919         3.33
   23412.735     0.750000        66317         4.00
   23887.871     0.775000        68537         4.44
   24363.007     0.800000        70799         5.00
   24821.759     0.825000        72942         5.71
   25280.511     0.850000        75148         6.67
   25772.031     0.875000        77440         8.00
   26001.407     0.887500        78522         8.89
   26230.783     0.900000        79627        10.00
   26460.159     0.912500        80676        11.43
   26705.919     0.925000        81780        13.33
   26951.679     0.937500        82938        16.00
   27066.367     0.943750        83478        17.78
   27181.055     0.950000        84027        20.00
   27295.743     0.956250        84580        22.86
   27426.815     0.962500        85134        26.67
   27557.887     0.968750        85669        32.00
   27623.423     0.971875        85946        35.56
   27688.959     0.975000        86223        40.00
   27754.495     0.978125        86510        45.71
   27820.031     0.981250        86804        53.33
   27885.567     0.984375        87093        64.00
   27901.951     0.985938        87163        71.11
   27934.719     0.987500        87309        80.00
   27967.487     0.989062        87451        91.43
   28000.255     0.990625        87595       106.67
   28033.023     0.992188        87732       128.00
   28049.407     0.992969        87801       142.22
   28065.791     0.993750        87871       160.00
   28082.175     0.994531        87942       182.86
   28098.559     0.995313        88015       213.33
   28114.943     0.996094        88088       256.00
   28131.327     0.996484        88161       284.44
   28131.327     0.996875        88161       320.00
   28147.711     0.997266        88238       365.71
   28147.711     0.997656        88238       426.67
   28147.711     0.998047        88238       512.00
   28164.095     0.998242        88308       568.89
   28164.095     0.998437        88308       640.00
   28164.095     0.998633        88308       731.43
   28164.095     0.998828        88308       853.33
   28180.479     0.999023        88360      1024.00
   28180.479     0.999121        88360      1137.78
   28180.479     0.999219        88360      1280.00
   28180.479     0.999316        88360      1462.86
   28180.479     0.999414        88360      1706.67
   28196.863     0.999512        88386      2048.00
   28196.863     0.999561        88386      2275.56
   28196.863     0.999609        88386      2560.00
   28196.863     0.999658        88386      2925.71
   28196.863     0.999707        88386      3413.33
   28196.863     0.999756        88386      4096.00
   28196.863     0.999780        88386      4551.11
   28213.247     0.999805        88401      5120.00
   28213.247     0.999829        88401      5851.43
   28213.247     0.999854        88401      6826.67
   28213.247     0.999878        88401      8192.00
   28213.247     0.999890        88401      9102.22
   28213.247     0.999902        88401     10240.00
   28213.247     0.999915        88401     11702.86
   28213.247     0.999927        88401     13653.33
   28213.247     0.999939        88401     16384.00
   28213.247     0.999945        88401     18204.44
   28213.247     0.999951        88401     20480.00
   28213.247     0.999957        88401     23405.71
   28213.247     0.999963        88401     27306.67
   28229.631     0.999969        88404     32768.00
   28229.631     1.000000        88404          inf
#[Mean    =    18834.590, StdDeviation   =     5370.991]
#[Max     =    28213.248, Total count    =        88404]
#[Buckets =           27, SubBuckets     =         2048]
----------------------------------------------------------
  132786 requests in 30.01s, 1.77GB read
Requests/sec:   4425.13
Transfer/sec:     60.25MB
WRKX_RESULT {"durationUs":30007237,"requests":132786,"responses":132786,"errors":0,"bytes":1895785722,"latencyAvgUs":18834589.624,"latencyP95Us":27181055.000,"latencyP99Us":27983871.000}
