Running 30s test @ http://localhost:9991/postgres/orders
  16 threads and 256 connections
  Thread calibration: mean lat.: 4853.484ms, rate sampling interval: 17367ms
  Thread calibration: mean lat.: 4413.057ms, rate sampling interval: 15679ms
  Thread calibration: mean lat.: 4860.607ms, rate sampling interval: 17367ms
  Thread calibration: mean lat.: 4861.259ms, rate sampling interval: 17383ms
  Thread calibration: mean lat.: 4855.835ms, rate sampling interval: 17334ms
  Thread calibration: mean lat.: 4863.569ms, rate sampling interval: 17350ms
  Thread calibration: mean lat.: 4852.836ms, rate sampling interval: 17350ms
  Thread calibration: mean lat.: 4863.791ms, rate sampling interval: 17350ms
  Thread calibration: mean lat.: 4861.519ms, rate sampling interval: 17350ms
  Thread calibration: mean lat.: 4867.990ms, rate sampling interval: 17367ms
  Thread calibration: mean lat.: 4855.497ms, rate sampling interval: 17350ms
  Thread calibration: mean lat.: 4862.759ms, rate sampling interval: 17367ms
  Thread calibration: mean lat.: 4857.598ms, rate sampling interval: 17350ms
  Thread calibration: mean lat.: 4859.853ms, rate sampling interval: 17367ms
  Thread calibration: mean lat.: 4863.582ms, rate sampling interval: 17350ms
  Thread calibration: mean lat.: 4859.982ms, rate sampling interval: 17350ms
  Thread Stats   Avg      Stdev     Max   +/- Stdev
    Latency    19.08s     5.49s   28.64s    57.90%
    Req/Sec   281.94      0.24   282.00    100.00%
  Latency Distribution (HdrHistogram - Recorded Latency)
 50.000%   19.14s 
 75.000%   23.82s 
 90.000%   26.67s 
 99.000%   28.43s 
 99.900%   28.61s 
 99.990%   28.64s 
 99.999%   28.64s 
100.000%   28.66s 

  Detailed Percentile spectrum:
       Value   Percentile   TotalCount 1/(1-Percentile)

    8683.519     0.000000            2         1.00
   11485.183     0.100000         9027         1.11
   13385.727     0.200000        17994         1.25
   15253.503     0.300000        26974         1.43
   17170.431     0.400000        35971         1.67
   19136.511     0.500000        44950         2.00
   20119.551     0.550000        49476         2.22
   21037.055     0.600000        53962         2.50
   21954.559     0.650000        58439         2.86
   22872.063     0.700000        62975         3.33
   23822.335     0.750000        67449         4.00
   24313.855     0.775000        69705         4.44
   24756.223     0.800000        71904         5.00
   25231.359     0.825000        74217         5.71
   25690.111     0.850000        76422         6.67
   26181.631     0.875000        78717         8.00
   26411.007     0.887500        79780         8.89
   26673.151     0.900000        80910        10.00
   26935.295     0.912500        82076        11.43
   27164.671     0.925000        83156        13.33
   27410.431     0.937500        84281        16.00
   27525.119     0.943750        84835        17.78
   27656.191     0.950000        85472        20.00
   27770.879     0.956250        85999        22.86
   27885.567     0.962500        86523        26.67
   28016.639     0.968750        87138        32.00
   28065.791     0.971875        87354        35.56
   28131.327     0.975000        87646        40.00
   28196.863     0.978125        87954        45.71
   28262.399     0.981250        88267        53.33
   28311.551     0.984375        88492        64.00
   28344.319     0.985938        88637        71.11
   28377.087     0.987500        88789        80.00
   28409.855     0.989062        88952        91.43
   28442.623     0.990625        89105       106.67
   28459.007     0.992188        89186       128.00
   28475.391     0.992969        89260       142.22
   28491.775     0.993750        89337       160.00
   28508.159     0.994531        89408       182.86
   28524.543     0.995313        89482       213.33
   28540.927     0.996094        89567       256.00
   28540.927     0.996484        89567       284.44
   28557.311     0.996875        89629       320.00
   28573.695     0.997266        89703       365.71
   28573.695     0.997656        89703       426.67
   28590.079     0.998047        89776       512.00
   28590.079     0.998242        89776       568.89
   28590.079     0.998437        89776       640.00
   28590.079     0.998633        89776       731.43
   28590.079     0.998828        89776       853.33
   28606.463     0.999023        89823      1024.00
   28606.463     0.999121        89823      1137.78
   28606.463     0.999219        89823      1280.00
   28606.463     0.999316        89823      1462.86
   28622.847     0.999414        89864      1706.67
   28622.847     0.999512        89864      2048.00
   28622.847     0.999561        89864      2275.56
   28622.847     0.999609        89864      2560.00
   28622.847     0.999658        89864      2925.71
   28622.847     0.999707        89864      3413.33
   28622.847     0.999756        89864      4096.00
   28622.847     0.999780        89864      4551.11
   28622.847     0.999805        89864      5120.00
   28622.847     0.999829        89864      5851.43
   28639.231     0.999854        89878      6826.67
   28639.231     0.999878        89878      8192.00
   28639.231     0.999890        89878      9102.22
   28639.231     0.999902        89878     10240.00
   28639.231     0.999915        89878     11702.86
   28639.231     0.999927        89878     13653.33
   28639.231     0.999939        89878     16384.00
   28639.231     0.999945        89878     18204.44
   28639.231     0.999951        89878     20480.00
   28639.231     0.999957        89878     23405.71
   28639.231     0.999963        89878     27306.67
   28639.231     0.999969        89878     32768.00
   28639.231     0.999973        89878     36408.89
   28639.231     0.999976        89878     40960.00
   28639.231     0.999979        89878     46811.43
   28639.231     0.999982        89878     54613.33
   28639.231     0.999985        89878     65536.00
   28639.231     0.999986        89878     72817.78
   28639.231     0.999988        89878     81920.00
   28655.615     0.999989        89879     93622.86
   28655.615     1.000000        89879          inf
#[Mean    =    19080.381, StdDeviation   =     5492.018]
#[Max     =    28639.232, Total count    =        89879]
#[Buckets =           27, SubBuckets     =         2048]
----------------------------------------------------------
  134556 requests in 30.01s, 1.79GB read
Requests/sec:   4483.06
Transfer/sec:     61.04MB
WRKX_RESULT {"durationUs":30014326,"requests":134556,"responses":134556,"errors":0,"bytes":1921056012,"latencyAvgUs":19080381.228,"latencyP95Us":27639807.000,"latencyP99Us":28426239.000}
