Running 30s test @ http://localhost:9991/postgres/orders
  16 threads and 256 connections
  Thread calibration: mean lat.: 4153.387ms, rate sampling interval: 15024ms
  Thread calibration: mean lat.: 4155.443ms, rate sampling interval: 15040ms
  Thread calibration: mean lat.: 4151.340ms, rate sampling interval: 15040ms
  Thread calibration: mean lat.: 4144.719ms, rate sampling interval: 15024ms
  Thread calibration: mean lat.: 4154.655ms, rate sampling interval: 15040ms
  Thread calibration: mean lat.: 4153.553ms, rate sampling interval: 15040ms
  Thread calibration: mean lat.: 4150.204ms, rate sampling interval: 15024ms
  Thread calibration: mean lat.: 4146.632ms, rate sampling interval: 15040ms
  Thread calibration: mean lat.: 4151.032ms, rate sampling interval: 15048ms
  Thread calibration: mean lat.: 4148.981ms, rate sampling interval: 15007ms
  Thread calibration: mean lat.: 4146.627ms, rate sampling interval: 15048ms
  Thread calibration: mean lat.: 4152.838ms, rate sampling interval: 15032ms
  Thread calibration: mean lat.: 4148.593ms, rate sampling interval: 15015ms
  Thread calibration: mean lat.: 4151.281ms, rate sampling interval: 15032ms
  Thread calibration: mean lat.: 4159.434ms, rate sampling interval: 15048ms
  Thread calibration: mean lat.: 4157.734ms, rate sampling interval: 15032ms
  Thread Stats   Avg      Stdev     Max   +/- Stdev
    Latency    16.66s     4.81s   24.97s    57.16%
    Req/Sec   260.00      0.00   260.00    100.00%
  Latency Distribution (HdrHistogram - Recorded Latency)
 50.000%   16.64s 
 75.000%   20.87s 
 90.000%   23.31s 
 99.000%   24.79s 
 99.900%   24.94s 
 99.990%   24.97s 
 99.999%   24.97s 
100.000%   24.99s 

  Detailed Percentile spectrum:
       Value   Percentile   TotalCount 1/(1-Percentile)

    8347.647     0.000000            1         1.00
   10010.623     0.100000         8369         1.11
   11624.447     0.200000        16681         1.25
   13328.383     0.300000        25033         1.43
   15007.743     0.400000        33379         1.67
   16637.951     0.500000        41695         2.00
   17481.727     0.550000        45908         2.22
   18350.079     0.600000        50100         2.50
   19202.047     0.650000        54262         2.86
   20021.247     0.700000        58357         3.33
   20873.215     0.750000        62595         4.00
   21299.199     0.775000        64679         4.44
   21708.799     0.800000        66703         5.00
   22102.015     0.825000        68850         5.71
   22495.231     0.850000        70941         6.67
   22888.447     0.875000        72954         8.00
   23101.439     0.887500        73989         8.89
   23314.431     0.900000        75039        10.00
   23527.423     0.912500        76111        11.43
   23724.031     0.925000        77120        13.33
   23937.023     0.937500        78196        16.00
   24035.327     0.943750        78690        17.78
   24133.631     0.950000        79203        20.00
   24231.935     0.956250        79721        22.86
   24330.239     0.962500        80239        26.67
   24444.927     0.968750        80818        32.00
   24494.079     0.971875        81068        35.56
   24543.231     0.975000        81308        40.00
   24592.383     0.978125        81563        45.71
   24641.535     0.981250        81802        53.33
   24707.071     0.984375        82116        64.00
   24723.455     0.985938        82202        71.11
   24756.223     0.987500        82376        80.00
   24772.607     0.989062        82469        91.43
   24805.375     0.990625        82640       106.67
   24821.759     0.992188        82722       128.00
   24838.143     0.992969        82799       142.22
   24854.527     0.993750        82880       160.00
   24870.911     0.994531        82963       182.86
   24887.295     0.995313        83047       213.33
   24887.295     0.996094        83047       256.00
   24903.679     0.996484        83124       284.44
   24903.679     0.996875        83124       320.00
   24920.063     0.997266        83214       365.71
   24920.063     0.997656        83214       426.67
   24920.063     0.998047        83214       512.00
   24920.063     0.998242        83214       568.89
   24936.447     0.998437        83288       640.00
   24936.447     0.998633        83288       731.43
   24936.447     0.998828        83288       853.33
   24936.447     0.999023        83288      1024.00
   24936.447     0.999121        83288      1137.78
   24952.831     0.999219        83336      1280.00
   24952.831     0.999316        83336      1462.86
   24952.831     0.999414        83336      1706.67
   24952.831     0.999512        83336      2048.00
   24952.831     0.999561        83336      2275.56
   24952.831     0.999609        83336      2560.00
   24952.831     0.999658        83336      2925.71
   24952.831     0.999707        83336      3413.33
   24969.215     0.999756        83358      4096.00
   24969.215     0.999780        83358      4551.11
   24969.215     0.999805        83358      5120.00
   24969.215     0.999829        83358      5851.43
   24969.215     0.999854        83358      6826.67
   24969.215     0.999878        83358      8192.00
   24969.215     0.999890        83358      9102.22
   24969.215     0.999902        83358     10240.00
   24969.215     0.999915        83358     11702.86
   24969.215     0.999927        83358     13653.33
   24969.215     0.999939        83358     16384.00
   24969.215     0.999945        83358     18204.44
   24969.215     0.999951        83358     20480.00
   24969.215     0.999957        83358     23405.71
   24969.215     0.999963        83358     27306.67
   24969.215     0.999969        83358     32768.00
   24969.215     0.999973        83358     36408.89
   24969.215     0.999976        83358     40960.00
   24969.215     0.999979        83358     46811.43
   24969.215     0.999982        83358     54613.33
   24969.215     0.999985        83358     65536.00
   24969.215     0.999986        83358     72817.78
   24969.215     0.999988        83358     81920.00
   24985.599     0.999989        83359     93622.86
   24985.599     1.000000        83359          inf
#[Mean    =    16659.300, StdDeviation   =     4808.541]
#[Max     =    24969.216, Total count    =        83359]
#[Buckets =           27, SubBuckets     =         2048]
----------------------------------------------------------
  125387 requests in 30.01s, 1.67GB read
Requests/sec:   4178.66
Transfer/sec:     56.89MB
WRKX_RESULT {"durationUs":30006534,"requests":125387,"responses":125387,"errors":0,"bytes":1790150199,"latencyAvgUs":16659300.347,"latencyP95Us":24133631.000,"latencyP99Us":24788991.000}
