Running 30s test @ http://localhost:9991/postgres/orders
  16 threads and 256 connections
  Thread calibration: mean lat.: 4307.961ms, rate sampling interval: 15540ms
  Thread calibration: mean lat.: 4306.490ms, rate sampling interval: 15515ms
  Thread calibration: mean lat.: 4301.595ms, rate sampling interval: 15515ms
  Thread calibration: mean lat.: 4302.894ms, rate sampling interval: 15515ms
  Thread calibration: mean lat.: 4314.072ms, rate sampling interval: 15523ms
  Thread calibration: mean lat.: 4309.602ms, rate sampling interval: 15523ms
  Thread calibration: mean lat.: 4315.170ms, rate sampling interval: 15523ms
  Thread calibration: mean lat.: 4317.179ms, rate sampling interval: 15515ms
  Thread calibration: mean lat.: 4302.650ms, rate sampling interval: 15515ms
  Thread calibration: mean lat.: 4304.560ms, rate sampling interval: 15515ms
  Thread calibration: mean lat.: 4314.900ms, rate sampling interval: 15532ms
  Thread calibration: mean lat.: 4307.993ms, rate sampling interval: 15540ms
  Thread calibration: mean lat.: 4306.140ms, rate sampling interval: 15515ms
  Thread calibration: mean lat.: 4310.338ms, rate sampling interval: 15515ms
  Thread calibration: mean lat.: 4304.733ms, rate sampling interval: 15515ms
  Thread calibration: mean lat.: 3969.974ms, rate sampling interval: 14082ms
  Thread Stats   Avg      Stdev     Max   +/- Stdev
    Latency    17.06s     4.89s   25.61s    57.82%
    Req/Sec   274.94      0.24   275.00    100.00%
  Latency Distribution (HdrHistogram - Recorded Latency)
 50.000%   17.06s 
 75.000%   21.30s 
 90.000%   23.81s 
 99.000%   25.43s 
 99.900%   25.59s 
 99.990%   25.62s 
 99.999%   25.62s 
100.000%   25.62s 

  Detailed Percentile spectrum:
       Value   Percentile   TotalCount 1/(1-Percentile)

    7802.879     0.000000            2         1.00
   10256.383     0.100000         8813         1.11
   11984.895     0.200000        17573         1.25
   13713.407     0.300000        26315         1.43
   15425.535     0.400000        35100         1.67
   17055.743     0.500000        43897         2.00
   17891.327     0.550000        48272         2.22
   18726.911     0.600000        52622         2.50
   19562.495     0.650000        57065         2.86
   20430.847     0.700000        61402         3.33
   21299.199     0.750000        65832         4.00
   21725.183     0.775000        68027         4.44
   22151.167     0.800000        70175         5.00
   22593.535     0.825000        72381         5.71
   23003.135     0.850000        74581         6.67
   23412.735     0.875000        76776         8.00
   23609.343     0.887500        77855         8.89
   23805.951     0.900000        78953        10.00
   24018.943     0.912500        80027        11.43
   24248.319     0.925000        81127        13.33
   24477.695     0.937500        82305        16.00
   24575.999     0.943750        82818        17.78
   24674.303     0.950000        83353        20.00
   24772.607     0.956250        83893        22.86
   24887.295     0.962500        84413        26.67
   25018.367     0.968750        85014        32.00
   25083.903     0.971875        85313        35.56
   25133.055     0.975000        85531        40.00
   25198.591     0.978125        85838        45.71
   25247.743     0.981250        86063        53.33
   25313.279     0.984375        86362        64.00
   25346.047     0.985938        86525        71.11
   25378.815     0.987500        86665        80.00
   25395.199     0.989062        86744        91.43
   25427.967     0.990625        86892       106.67
   25460.735     0.992188        87045       128.00
   25477.119     0.992969        87118       142.22
   25493.503     0.993750        87197       160.00
   25509.887     0.994531        87277       182.86
   25526.271     0.995313        87367       213.33
   25526.271     0.996094        87367       256.00
   25542.655     0.996484        87434       284.44
   25542.655     0.996875        87434       320.00
   25559.039     0.997266        87517       365.71
   25559.039     0.997656        87517       426.67
   25575.423     0.998047        87587       512.00
   25575.423     0.998242        87587       568.89
   25575.423     0.998437        87587       640.00
   25575.423     0.998633        87587       731.43
   25591.807     0.998828        87656       853.33
   25591.807     0.999023        87656      1024.00
   25591.807     0.999121        87656      1137.78
   25591.807     0.999219        87656      1280.00
   25591.807     0.999316        87656      1462.86
   25591.807     0.999414        87656      1706.67
   25608.191     0.999512        87690      2048.00
   25608.191     0.999561        87690      2275.56
   25608.191     0.999609        87690      2560.00
   25608.191     0.999658        87690      2925.71
   25608.191     0.999707        87690      3413.33
   25608.191     0.999756        87690      4096.00
   25608.191     0.999780        87690      4551.11
   25608.191     0.999805        87690      5120.00
   25608.191     0.999829        87690      5851.43
   25608.191     0.999854        87690      6826.67
   25608.191     0.999878        87690      8192.00
   25624.575     0.999890        87700      9102.22
   25624.575     1.000000        87700          inf
#[Mean    =    17056.356, StdDeviation   =     4893.253]
#[Max     =    25608.192, Total count    =        87700]
#[Buckets =           27, SubBuckets     =         2048]
----------------------------------------------------------
  130669 requests in 30.01s, 1.74GB read
Requests/sec:   4353.68
Transfer/sec:     59.28MB
WRKX_RESULT {"durationUs":30013463,"requests":130669,"responses":130669,"errors":0,"bytes":1865573693,"latencyAvgUs":17056356.205,"latencyP95Us":24674303.000,"latencyP99Us":25427967.000}
