Running 30s test @ http://localhost:9991/postgres/orders
  16 threads and 256 connections
  Thread calibration: mean lat.: 4844.242ms, rate sampling interval: 17530ms
  Thread calibration: mean lat.: 4834.312ms, rate sampling interval: 17514ms
  Thread calibration: mean lat.: 4840.380ms, rate sampling interval: 17498ms
  Thread calibration: mean lat.: 4834.233ms, rate sampling interval: 17530ms
  Thread calibration: mean lat.: 4849.562ms, rate sampling interval: 17514ms
  Thread calibration: mean lat.: 4841.194ms, rate sampling interval: 17514ms
  Thread calibration: mean lat.: 4846.330ms, rate sampling interval: 17530ms
  Thread calibration: mean lat.: 4843.562ms, rate sampling interval: 17530ms
  Thread calibration: mean lat.: 4843.256ms, rate sampling interval: 17514ms
  Thread calibration: mean lat.: 4842.389ms, rate sampling interval: 17498ms
  Thread calibration: mean lat.: 4846.177ms, rate sampling interval: 17514ms
  Thread calibration: mean lat.: 4843.437ms, rate sampling interval: 17514ms
  Thread calibration: mean lat.: 4841.350ms, rate sampling interval: 17514ms
  Thread calibration: mean lat.: 4844.158ms, rate sampling interval: 17481ms
  Thread calibration: mean lat.: 4845.043ms, rate sampling interval: 17514ms
  Thread calibration: mean lat.: 4841.906ms, rate sampling interval: 17514ms
  Thread Stats   Avg      Stdev     Max   +/- Stdev
    Latency    19.39s     5.58s   29.07s    57.42%
    Req/Sec   288.00      0.00   288.00    100.00%
  Latency Distribution (HdrHistogram - Recorded Latency)
 50.000%   19.45s 
 75.000%   24.26s 
 90.000%   27.08s 
 99.000%   28.85s 
 99.900%   29.03s 
 99.990%   29.05s 
 99.999%   29.07s 
100.000%   29.08s 

  Detailed Percentile spectrum:
       Value   Percentile   TotalCount 1/(1-Percentile)

    9699.327     0.000000            2         1.00
   11657.215     0.100000         9193         1.11
   13549.567     0.200000        18359         1.25
   15482.879     0.300000        27535         1.43
   17448.959     0.400000        36754         1.67
   19447.807     0.500000        45975         2.00
   20398.079     0.550000        50517         2.22
   21381.119     0.600000        55107         2.50
   22364.159     0.650000        59677         2.86
   23314.431     0.700000        64299         3.33
   24264.703     0.750000        68885         4.00
   24723.455     0.775000        71142         4.44
   25198.591     0.800000        73458         5.00
   25657.343     0.825000        75724         5.71
   26132.479     0.850000        78069         6.67
   26591.231     0.875000        80310         8.00
   26853.375     0.887500        81519         8.89
   27082.751     0.900000        82609        10.00
   27328.511     0.912500        83789        11.43
   27557.887     0.925000        84930        13.33
   27787.263     0.937500        86049        16.00
   27918.335     0.943750        86657        17.78
   28049.407     0.950000        87256        20.00
   28164.095     0.956250        87782        22.86
   28295.167     0.962500        88387        26.67
   28426.239     0.968750        88977        32.00
   28475.391     0.971875        89196        35.56
   28540.927     0.975000        89508        40.00
   28606.463     0.978125        89798        45.71
   28671.999     0.981250        90087        53.33
   28737.535     0.984375        90380        64.00
   28770.303     0.985938        90534        71.11
   28803.071     0.987500        90672        80.00
   28835.839     0.989062        90825        91.43
   28868.607     0.990625        90974       106.67
   28884.991     0.992188        91056       128.00
   28901.375     0.992969        91132       142.22
   28917.759     0.993750        91203       160.00
   28934.143     0.994531        91295       182.86
   28950.527     0.995313        91375       213.33
   28966.911     0.996094        91443       256.00
   28983.295     0.996484        91522       284.44
   28983.295     0.996875        91522       320.00
   28983.295     0.997266        91522       365.71
   28999.679     0.997656        91604       426.67
   28999.679     0.998047        91604       512.00
   29016.063     0.998242        91667       568.89
   29016.063     0.998437        91667       640.00
   29016.063     0.998633        91667       731.43
   29016.063     0.998828        91667       853.33
   29032.447     0.999023        91724      1024.00
   29032.447     0.999121        91724      1137.78
   29032.447     0.999219        91724      1280.00
   29032.447     0.999316        91724      1462.86
   29032.447     0.999414        91724      1706.67
   29048.831     0.999512        91761      2048.00
   29048.831     0.999561        91761      2275.56
   29048.831     0.999609        91761      2560.00
   29048.831     0.999658        91761      2925.71
   29048.831     0.999707        91761      3413.33
   29048.831     0.999756        91761      4096.00
   29048.831     0.999780        91761      4551.11
   29048.831     0.999805        91761      5120.00
   29048.831     0.999829        91761      5851.43
   29048.831     0.999854        91761      6826.67
   29048.831     0.999878        91761      8192.00
   29048.831     0.999890        91761      9102.22
   29065.215     0.999902        91769     10240.00
   29065.215     0.999915        91769     11702.86
   29065.215     0.999927        91769     13653.33
   29065.215     0.999939        91769     16384.00
   29065.215     0.999945        91769     18204.44
   29065.215     0.999951        91769     20480.00
   29065.215     0.999957        91769     23405.71
   29065.215     0.999963        91769     27306.67
   29065.215     0.999969        91769     32768.00
   29065.215     0.999973        91769     36408.89
   29065.215     0.999976        91769     40960.00
   29065.215     0.999979        91769     46811.43
   29065.215     0.999982        91769     54613.33
   29065.215     0.999985        91769     65536.00
   29065.215     0.999986        91769     72817.78
   29065.215     0.999988        91769     81920.00
   29081.599     0.999989        91770     93622.86
   29081.599     1.000000        91770          inf
#[Mean    =    19388.105, StdDeviation   =     5581.580]
#[Max     =    29065.216, Total count    =        91770]
#[Buckets =           27, SubBuckets     =         2048]
----------------------------------------------------------
  138854 requests in 30.01s, 1.85GB read
Requests/sec:   4627.21
Transfer/sec:     63.00MB
WRKX_RESULT {"durationUs":30008148,"requests":138854,"responses":138854,"errors":0,"bytes":1982430938,"latencyAvgUs":19388104.549,"latencyP95Us":28049407.000,"latencyP99Us":28852223.000}
