Running 30s test @ http://localhost:9991/postgres/orders
  16 threads and 256 connections
  Thread calibration: mean lat.: 7.677ms, rate sampling interval: 26ms
  Thread calibration: mean lat.: 7.893ms, rate sampling interval: 26ms
  Thread calibration: mean lat.: 7.535ms, rate sampling interval: 24ms
  Thread calibration: mean lat.: 7.605ms, rate sampling interval: 25ms
  Thread calibration: mean lat.: 7.776ms, rate sampling interval: 26ms
  Thread calibration: mean lat.: 7.830ms, rate sampling interval: 26ms
  Thread calibration: mean lat.: 7.705ms, rate sampling interval: 26ms
  Thread calibration: mean lat.: 7.754ms, rate sampling interval: 25ms
  Thread calibration: mean lat.: 7.947ms, rate sampling interval: 26ms
  Thread calibration: mean lat.: 7.818ms, rate sampling interval: 26ms
  Thread calibration: mean lat.: 7.675ms, rate sampling interval: 26ms
  Thread calibration: mean lat.: 7.728ms, rate sampling interval: 26ms
  Thread calibration: mean lat.: 5.821ms, rate sampling interval: 15ms
  Thread calibration: mean lat.: 7.836ms, rate sampling interval: 26ms
  Thread calibration: mean lat.: 7.883ms, rate sampling interval: 26ms
  Thread calibration: mean lat.: 7.777ms, rate sampling interval: 26ms
  Thread Stats   Avg      Stdev     Max   +/- Stdev
    Latency     6.95ms    3.17ms  21.10ms   76.54%
    Req/Sec   159.37    145.48     1.14k    82.33%
  Latency Distribution (HdrHistogram - Recorded Latency)
 50.000%    5.72ms
 75.000%    8.83ms
 90.000%   11.94ms
 99.000%   15.94ms
 99.900%   18.38ms
 99.990%   20.38ms
 99.999%   21.12ms
100.000%   21.12ms

  Detailed Percentile spectrum:
       Value   Percentile   TotalCount 1/(1-Percentile)

       2.551     0.000000            1         1.00
       3.963     0.100000         4994         1.11
       4.319     0.200000         9974         1.25
       4.671     0.300000        14992         1.43
       5.087     0.400000        19934         1.67
       5.723     0.500000        24922         2.00
       6.167     0.550000        27426         2.22
       6.695     0.600000        29908         2.50
       7.319     0.650000        32399         2.86
       8.035     0.700000        34883         3.33
       8.831     0.750000        37395         4.00
       9.247     0.775000        38633         4.44
       9.671     0.800000        39870         5.00
      10.143     0.825000        41114         5.71
      10.663     0.850000        42362         6.67
      11.263     0.875000        43611         8.00
      11.567     0.887500        44243         8.89
      11.935     0.900000        44855        10.00
      12.303     0.912500        45485        11.43
      12.663     0.925000        46104        13.33
      13.071     0.937500        46725        16.00
      13.295     0.943750        47039        17.78
      13.543     0.950000        47347        20.00
      13.767     0.956250        47653        22.86
      14.063     0.962500        47974        26.67
      14.327     0.968750        48276        32.00
      14.487     0.971875        48431        35.56
      14.639     0.975000        48593        40.00
      14.807     0.978125        48741        45.71
      15.047     0.981250        48898        53.33
      15.295     0.984375        49055        64.00
      15.415     0.985938        49135        71.11
      15.583     0.987500        49210        80.00
      15.767     0.989062        49286        91.43
      16.031     0.990625        49364       106.67
      16.271     0.992188        49443       128.00
      16.431     0.992969        49481       142.22
      16.575     0.993750        49522       160.00
      16.751     0.994531        49560       182.86
      16.911     0.995313        49597       213.33
      17.183     0.996094        49637       256.00
      17.295     0.996484        49657       284.44
      17.391     0.996875        49676       320.00
      17.519     0.997266        49694       365.71
      17.743     0.997656        49715       426.67
      17.903     0.998047        49733       512.00
      18.063     0.998242        49746       568.89
      18.111     0.998437        49753       640.00
      18.191     0.998633        49762       731.43
      18.271     0.998828        49773       853.33
      18.415     0.999023        49782      1024.00
      18.703     0.999121        49787      1137.78
      18.815     0.999219        49792      1280.00
      18.895     0.999316        49796      1462.86
      19.039     0.999414        49801      1706.67
      19.327     0.999512        49806      2048.00
      19.455     0.999561        49809      2275.56
      19.535     0.999609        49813      2560.00
      19.535     0.999658        49813      2925.71
      19.647     0.999707        49816      3413.33
      19.695     0.999756        49818      4096.00
      19.855     0.999780        49820      4551.11
      19.887     0.999805        49821      5120.00
      20.031     0.999829        49822      5851.43
      20.191     0.999854        49823      6826.67
      20.351     0.999878        49824      8192.00
      20.383     0.999890        49826      9102.22
      20.383     0.999902        49826     10240.00
      20.383     0.999915        49826     11702.86
      20.751     0.999927        49828     13653.33
      20.751     0.999939        49828     16384.00
      20.751     0.999945        49828     18204.44
      20.751     0.999951        49828     20480.00
      20.751     0.999957        49828     23405.71
      20.911     0.999963        49829     27306.67
      20.911     0.999969        49829     32768.00
      20.911     0.999973        49829     36408.89
      20.911     0.999976        49829     40960.00
      20.911     0.999979        49829     46811.43
      21.119     0.999982        49830     54613.33
      21.119     1.000000        49830          inf
#[Mean    =        6.945, StdDeviation   =        3.173]
#[Max     =       21.104, Total count    =        49830]
#[Buckets =           27, SubBuckets     =         2048]
----------------------------------------------------------
  74879 requests in 30.08s, 1.00GB read
Requests/sec:   2489.28
Transfer/sec:     33.89MB
WRKX_RESULT {"durationUs":30080638,"requests":74879,"responses":74879,"errors":0,"bytes":1069047483,"latencyAvgUs":6945.195,"latencyP95Us":13543.000,"latencyP99Us":15943.000}
