Running 30s test @ http://localhost:9991/postgres/orders
  16 threads and 256 connections
  Thread calibration: mean lat.: 4470.935ms, rate sampling interval: 16039ms
  Thread calibration: mean lat.: 4477.415ms, rate sampling interval: 16048ms
  Thread calibration: mean lat.: 4474.879ms, rate sampling interval: 16031ms
  Thread calibration: mean lat.: 4472.164ms, rate sampling interval: 16023ms
  Thread calibration: mean lat.: 4467.491ms, rate sampling interval: 16031ms
  Thread calibration: mean lat.: 4465.068ms, rate sampling interval: 16023ms
  Thread calibration: mean lat.: 4471.820ms, rate sampling interval: 16039ms
  Thread calibration: mean lat.: 4470.615ms, rate sampling interval: 16031ms
  Thread calibration: mean lat.: 4470.867ms, rate sampling interval: 16048ms
  Thread calibration: mean lat.: 4470.789ms, rate sampling interval: 16031ms
  Thread calibration: mean lat.: 4470.262ms, rate sampling interval: 16048ms
  Thread calibration: mean lat.: 4465.420ms, rate sampling interval: 16007ms
  Thread calibration: mean lat.: 4475.570ms, rate sampling interval: 16039ms
  Thread calibration: mean lat.: 4482.448ms, rate sampling interval: 16039ms
  Thread calibration: mean lat.: 4473.563ms, rate sampling interval: 16031ms
  Thread calibration: mean lat.: 4479.094ms, rate sampling interval: 16031ms
  Thread Stats   Avg      Stdev     Max   +/- Stdev
    Latency    17.82s     5.11s   26.61s    57.74%
    Req/Sec   280.88      0.33   281.00    100.00%
  Latency Distribution (HdrHistogram - Recorded Latency)
 50.000%   17.89s 
 75.000%   22.25s 
 90.000%   24.84s 
 99.000%   26.43s 
 99.900%   26.59s 
 99.990%   26.61s 
 99.999%   26.62s 
100.000%   26.62s 

  Detailed Percentile spectrum:
       Value   Percentile   TotalCount 1/(1-Percentile)

    8904.703     0.000000            9         1.00
   10657.791     0.100000         9012         1.11
   12492.799     0.200000        17998         1.25
   14327.807     0.300000        27025         1.43
   16072.703     0.400000        36015         1.67
   17891.327     0.500000        44977         2.00
   18792.447     0.550000        49525         2.22
   19693.567     0.600000        54044         2.50
   20545.535     0.650000        58524         2.86
   21397.503     0.700000        63030         3.33
   22249.471     0.750000        67480         4.00
   22691.839     0.775000        69716         4.44
   23134.207     0.800000        72012         5.00
   23543.807     0.825000        74212         5.71
   23969.791     0.850000        76466         6.67
   24395.775     0.875000        78705         8.00
   24608.767     0.887500        79823         8.89
   24838.143     0.900000        80991        10.00
   25067.519     0.912500        82151        11.43
   25280.511     0.925000        83204        13.33
   25509.887     0.937500        84361        16.00
   25608.191     0.943750        84899        17.78
   25722.879     0.950000        85519        20.00
   25821.183     0.956250        86050        22.86
   25919.487     0.962500        86599        26.67
   26017.791     0.968750        87130        32.00
   26083.327     0.971875        87476        35.56
   26132.479     0.975000        87712        40.00
   26198.015     0.978125        88005        45.71
   26263.551     0.981250        88299        53.33
   26312.703     0.984375        88533        64.00
   26345.471     0.985938        88694        71.11
   26378.239     0.987500        88854        80.00
   26411.007     0.989062        89019        91.43
   26427.391     0.990625        89099       106.67
   26460.159     0.992188        89267       128.00
   26476.543     0.992969        89344       142.22
   26492.927     0.993750        89421       160.00
   26509.311     0.994531        89519       182.86
   26509.311     0.995313        89519       213.33
   26525.695     0.996094        89597       256.00
   26542.079     0.996484        89677       284.44
   26542.079     0.996875        89677       320.00
   26558.463     0.997266        89777       365.71
   26558.463     0.997656        89777       426.67
   26558.463     0.998047        89777       512.00
   26574.847     0.998242        89843       568.89
   26574.847     0.998437        89843       640.00
   26574.847     0.998633        89843       731.43
   26574.847     0.998828        89843       853.33
   26591.231     0.999023        89900      1024.00
   26591.231     0.999121        89900      1137.78
   26591.231     0.999219        89900      1280.00
   26591.231     0.999316        89900      1462.86
   26591.231     0.999414        89900      1706.67
   26591.231     0.999512        89900      2048.00
   26591.231     0.999561        89900      2275.56
   26607.615     0.999609        89935      2560.00
   26607.615     0.999658        89935      2925.71
   26607.615     0.999707        89935      3413.33
   26607.615     0.999756        89935      4096.00
   26607.615     0.999780        89935      4551.11
   26607.615     0.999805        89935      5120.00
   26607.615     0.999829        89935      5851.43
   26607.615     0.999854        89935      6826.67
   26607.615     0.999878        89935      8192.00
   26607.615     0.999890        89935      9102.22
   26607.615     0.999902        89935     10240.00
   26607.615     0.999915        89935     11702.86
   26607.615     0.999927        89935     13653.33
   26607.615     0.999939        89935     16384.00
   26607.615     0.999945        89935     18204.44
   26607.615     0.999951        89935     20480.00
   26607.615     0.999957        89935     23405.71
   26607.615     0.999963        89935     27306.67
   26607.615     0.999969        89935     32768.00
   26607.615     0.999973        89935     36408.89
   26607.615     0.999976        89935     40960.00
   26623.999     0.999979        89937     46811.43
   26623.999     1.000000        89937          inf
#[Mean    =    17817.701, StdDeviation   =     5110.587]
#[Max     =    26607.616, Total count    =        89937]
#[Buckets =           27, SubBuckets     =         2048]
----------------------------------------------------------
  134912 requests in 30.01s, 1.79GB read
Requests/sec:   4495.52
Transfer/sec:     61.21MB
WRKX_RESULT {"durationUs":30010347,"requests":134912,"responses":134912,"errors":0,"bytes":1926138624,"latencyAvgUs":17817701.197,"latencyP95Us":25722879.000,"latencyP99Us":26427391.000}
