Running 30s test @ http://localhost:9991/postgres/orders
  16 threads and 256 connections
  Thread calibration: mean lat.: 479.101ms, rate sampling interval: 1831ms
  Thread calibration: mean lat.: 475.194ms, rate sampling interval: 1826ms
  Thread calibration: mean lat.: 476.294ms, rate sampling interval: 1828ms
  Thread calibration: mean lat.: 473.634ms, rate sampling interval: 1816ms
  Thread calibration: mean lat.: 472.861ms, rate sampling interval: 1811ms
  Thread calibration: mean lat.: 471.906ms, rate sampling interval: 1815ms
  Thread calibration: mean lat.: 475.701ms, rate sampling interval: 1821ms
  Thread calibration: mean lat.: 477.451ms, rate sampling interval: 1827ms
  Thread calibration: mean lat.: 474.131ms, rate sampling interval: 1823ms
  Thread calibration: mean lat.: 473.631ms, rate sampling interval: 1817ms
  Thread calibration: mean lat.: 478.027ms, rate sampling interval: 1842ms
  Thread calibration: mean lat.: 478.123ms, rate sampling interval: 1833ms
  Thread calibration: mean lat.: 473.061ms, rate sampling interval: 1821ms
  Thread calibration: mean lat.: 476.547ms, rate sampling interval: 1829ms
  Thread calibration: mean lat.: 488.432ms, rate sampling interval: 1781ms
  Thread calibration: mean lat.: 473.933ms, rate sampling interval: 1823ms
  Thread Stats   Avg      Stdev     Max   +/- Stdev
    Latency     2.20s   743.54ms   3.80s    59.71%
    Req/Sec   271.20      9.32   287.00     62.73%
  Latency Distribution (HdrHistogram - Recorded Latency)
 50.000%    2.11s 
 75.000%    2.76s 
 90.000%    3.34s 
 99.000%    3.70s 
 99.900%    3.76s 
 99.990%    3.79s 
 99.999%    3.80s 
100.000%    3.81s 

  Detailed Percentile spectrum:
       Value   Percentile   TotalCount 1/(1-Percentile)

     975.871     0.000000            1         1.00
    1266.687     0.100000         8641         1.11
    1454.079     0.200000        17257         1.25
    1685.503     0.300000        25835         1.43
    1916.927     0.400000        34462         1.67
    2105.343     0.500000        43069         2.00
    2213.887     0.550000        47411         2.22
    2332.671     0.600000        51694         2.50
    2467.839     0.650000        55988         2.86
    2609.151     0.700000        60282         3.33
    2758.655     0.750000        64630         4.00
    2848.767     0.775000        66739         4.44
    2947.071     0.800000        68885         5.00
    3043.327     0.825000        71050         5.71
    3137.535     0.850000        73191         6.67
    3244.031     0.875000        75350         8.00
    3295.231     0.887500        76455         8.89
    3336.191     0.900000        77529        10.00
    3381.247     0.912500        78598        11.43
    3434.495     0.925000        79665        13.33
    3491.839     0.937500        80728        16.00
    3518.463     0.943750        81286        17.78
    3543.039     0.950000        81817        20.00
    3567.615     0.956250        82350        22.86
    3594.239     0.962500        82886        26.67
    3620.863     0.968750        83434        32.00
    3635.199     0.971875        83737        35.56
    3645.439     0.975000        83954        40.00
    3657.727     0.978125        84243        45.71
    3667.967     0.981250        84496        53.33
    3680.255     0.984375        84782        64.00
    3686.399     0.985938        84918        71.11
    3692.543     0.987500        85058        80.00
    3698.687     0.989062        85198        91.43
    3704.831     0.990625        85323       106.67
    3710.975     0.992188        85435       128.00
    3715.071     0.992969        85514       142.22
    3719.167     0.993750        85588       160.00
    3723.263     0.994531        85654       182.86
    3727.359     0.995313        85716       213.33
    3731.455     0.996094        85773       256.00
    3735.551     0.996484        85826       284.44
    3737.599     0.996875        85853       320.00
    3741.695     0.997266        85894       365.71
    3743.743     0.997656        85915       426.67
    3747.839     0.998047        85950       512.00
    3749.887     0.998242        85965       568.89
    3751.935     0.998437        85980       640.00
    3753.983     0.998633        85990       731.43
    3756.031     0.998828        86007       853.33
    3760.127     0.999023        86026      1024.00
    3762.175     0.999121        86035      1137.78
    3764.223     0.999219        86040      1280.00
    3766.271     0.999316        86049      1462.86
    3768.319     0.999414        86057      1706.67
    3770.367     0.999512        86065      2048.00
    3772.415     0.999561        86070      2275.56
    3774.463     0.999609        86075      2560.00
    3776.511     0.999658        86078      2925.71
    3778.559     0.999707        86083      3413.33
    3780.607     0.999756        86089      4096.00
    3780.607     0.999780        86089      4551.11
    3784.703     0.999805        86093      5120.00
    3784.703     0.999829        86093      5851.43
    3786.751     0.999854        86096      6826.67
    3786.751     0.999878        86096      8192.00
    3790.847     0.999890        86098      9102.22
    3790.847     0.999902        86098     10240.00
    3792.895     0.999915        86100     11702.86
    3792.895     0.999927        86100     13653.33
    3794.943     0.999939        86102     16384.00
    3794.943     0.999945        86102     18204.44
    3794.943     0.999951        86102     20480.00
    3796.991     0.999957        86104     23405.71
    3796.991     0.999963        86104     27306.67
    3796.991     0.999969        86104     32768.00
    3796.991     0.999973        86104     36408.89
    3796.991     0.999976        86104     40960.00
    3803.135     0.999979        86105     46811.43
    3803.135     0.999982        86105     54613.33
    3803.135     0.999985        86105     65536.00
    3803.135     0.999986        86105     72817.78
    3803.135     0.999988        86105     81920.00
    3805.183     0.999989        86106     93622.86
    3805.183     1.000000        86106          inf
#[Mean    =     2202.869, StdDeviation   =      743.538]
#[Max     =     3803.136, Total count    =        86106]
#[Buckets =           27, SubBuckets     =         2048]
----------------------------------------------------------
  130972 requests in 30.01s, 1.74GB read
Requests/sec:   4364.47
Transfer/sec:     59.42MB
WRKX_RESULT {"durationUs":30008697,"requests":130972,"responses":130972,"errors":0,"bytes":1869887244,"latencyAvgUs":2202868.640,"latencyP95Us":3543039.000,"latencyP99Us":3702783.000}
