Running 30s test @ http://localhost:9991/postgres/orders
  16 threads and 256 connections
  Thread calibration: mean lat.: 4596.861ms, rate sampling interval: 16515ms
  Thread calibration: mean lat.: 4599.552ms, rate sampling interval: 16506ms
  Thread calibration: mean lat.: 4601.826ms, rate sampling interval: 16523ms
  Thread calibration: mean lat.: 4596.384ms, rate sampling interval: 16515ms
  Thread calibration: mean lat.: 4599.029ms, rate sampling interval: 16506ms
  Thread calibration: mean lat.: 4598.594ms, rate sampling interval: 16515ms
  Thread calibration: mean lat.: 4606.053ms, rate sampling interval: 16523ms
  Thread calibration: mean lat.: 4602.617ms, rate sampling interval: 16506ms
  Thread calibration: mean lat.: 4596.403ms, rate sampling interval: 16515ms
  Thread calibration: mean lat.: 4599.847ms, rate sampling interval: 16515ms
  Thread calibration: mean lat.: 4598.634ms, rate sampling interval: 16515ms
  Thread calibration: mean lat.: 4607.179ms, rate sampling interval: 16523ms
  Thread calibration: mean lat.: 4597.709ms, rate sampling interval: 16515ms
  Thread calibration: mean lat.: 4599.801ms, rate sampling interval: 16515ms
  Thread calibration: mean lat.: 4598.086ms, rate sampling interval: 16515ms
  Thread calibration: mean lat.: 4202.175ms, rate sampling interval: 14950ms
  Thread Stats   Avg      Stdev     Max   +/- Stdev
    Latency    18.26s     5.21s   27.33s    57.91%
    Req/Sec   275.00      0.00   275.00    100.00%
  Latency Distribution (HdrHistogram - Recorded Latency)
 50.000%   18.30s 
 75.000%   22.79s 
 90.000%   25.43s 
 99.000%   27.12s 
 99.900%   27.30s 
 99.990%   27.33s 
 99.999%   27.34s 
100.000%   27.34s 

  Detailed Percentile spectrum:
       Value   Percentile   TotalCount 1/(1-Percentile)

    8286.207     0.000000            1         1.00
   10977.279     0.100000         8829         1.11
   12877.823     0.200000        17647         1.25
   14761.983     0.300000        26443         1.43
   16515.071     0.400000        35247         1.67
   18300.927     0.500000        44097         2.00
   19169.279     0.550000        48470         2.22
   20070.399     0.600000        52904         2.50
   20971.519     0.650000        57318         2.86
   21889.023     0.700000        61717         3.33
   22790.143     0.750000        66089         4.00
   23248.895     0.775000        68285         4.44
   23707.647     0.800000        70491         5.00
   24150.015     0.825000        72714         5.71
   24559.615     0.850000        74909         6.67
   24985.599     0.875000        77119         8.00
   25198.591     0.887500        78178         8.89
   25427.967     0.900000        79319        10.00
   25657.343     0.912500        80398        11.43
   25903.103     0.925000        81523        13.33
   26132.479     0.937500        82582        16.00
   26247.167     0.943750        83138        17.78
   26361.855     0.950000        83693        20.00
   26476.543     0.956250        84256        22.86
   26591.231     0.962500        84803        26.67
   26705.919     0.968750        85351        32.00
   26771.455     0.971875        85654        35.56
   26820.607     0.975000        85870        40.00
   26886.143     0.978125        86161        45.71
   26951.679     0.981250        86453        53.33
   27017.215     0.984375        86749        64.00
   27049.983     0.985938        86897        71.11
   27082.751     0.987500        87049        80.00
   27099.135     0.989062        87118        91.43
   27131.903     0.990625        87267       106.67
   27164.671     0.992188        87409       128.00
   27181.055     0.992969        87483       142.22
   27197.439     0.993750        87561       160.00
   27213.823     0.994531        87628       182.86
   27230.207     0.995313        87705       213.33
   27246.591     0.996094        87790       256.00
   27246.591     0.996484        87790       284.44
   27262.975     0.996875        87857       320.00
   27262.975     0.997266        87857       365.71
   27279.359     0.997656        87932       426.67
   27279.359     0.998047        87932       512.00
   27279.359     0.998242        87932       568.89
   27295.743     0.998437        88007       640.00
   27295.743     0.998633        88007       731.43
   27295.743     0.998828        88007       853.33
   27295.743     0.999023        88007      1024.00
   27295.743     0.999121        88007      1137.78
   27295.743     0.999219        88007      1280.00
   27312.127     0.999316        88047      1462.86
   27312.127     0.999414        88047      1706.67
   27312.127     0.999512        88047      2048.00
   27312.127     0.999561        88047      2275.56
   27312.127     0.999609        88047      2560.00
   27312.127     0.999658        88047      2925.71
   27312.127     0.999707        88047      3413.33
   27328.511     0.999756        88069      4096.00
   27328.511     0.999780        88069      4551.11
   27328.511     0.999805        88069      5120.00
   27328.511     0.999829        88069      5851.43
   27328.511     0.999854        88069      6826.67
   27328.511     0.999878        88069      8192.00
   27328.511     0.999890        88069      9102.22
   27328.511     0.999902        88069     10240.00
   27328.511     0.999915        88069     11702.86
   27328.511     0.999927        88069     13653.33
   27328.511     0.999939        88069     16384.00
   27328.511     0.999945        88069     18204.44
   27328.511     0.999951        88069     20480.00
   27328.511     0.999957        88069     23405.71
   27328.511     0.999963        88069     27306.67
   27328.511     0.999969        88069     32768.00
   27328.511     0.999973        88069     36408.89
   27328.511     0.999976        88069     40960.00
   27344.895     0.999979        88071     46811.43
   27344.895     1.000000        88071          inf
#[Mean    =    18263.722, StdDeviation   =     5214.608]
#[Max     =    27328.512, Total count    =        88071]
#[Buckets =           27, SubBuckets     =         2048]
----------------------------------------------------------
  132505 requests in 30.00s, 1.76GB read
Requests/sec:   4416.34
Transfer/sec:     60.13MB
WRKX_RESULT {"durationUs":30003361,"requests":132505,"responses":132505,"errors":0,"bytes":1891773885,"latencyAvgUs":18263721.516,"latencyP95Us":26361855.000,"latencyP99Us":27115519.000}
