Running 30s test @ http://localhost:9991/
  16 threads and 256 connections
  Thread calibration: mean lat.: 1.100ms, rate sampling interval: 10ms
  Thread calibration: mean lat.: 1.088ms, rate sampling interval: 10ms
  Thread calibration: mean lat.: 1.108ms, rate sampling interval: 10ms
  Thread calibration: mean lat.: 1.112ms, rate sampling interval: 10ms
  Thread calibration: mean lat.: 1.096ms, rate sampling interval: 10ms
  Thread calibration: mean lat.: 1.123ms, rate sampling interval: 10ms
  Thread calibration: mean lat.: 1.114ms, rate sampling interval: 10ms
  Thread calibration: mean lat.: 1.093ms, rate sampling interval: 10ms
  Thread calibration: mean lat.: 1.101ms, rate sampling interval: 10ms
  Thread calibration: mean lat.: 1.091ms, rate sampling interval: 10ms
  Thread calibration: mean lat.: 1.100ms, rate sampling interval: 10ms
  Thread calibration: mean lat.: 1.110ms, rate sampling interval: 10ms
  Thread calibration: mean lat.: 1.096ms, rate sampling interval: 10ms
  Thread calibration: mean lat.: 1.082ms, rate sampling interval: 10ms
  Thread calibration: mean lat.: 1.129ms, rate sampling interval: 10ms
  Thread calibration: mean lat.: 1.091ms, rate sampling interval: 10ms
  Thread Stats   Avg      Stdev     Max   +/- Stdev
    Latency     1.10ms  444.09us   5.14ms   65.33%
    Req/Sec     1.32k   215.77     2.80k    80.76%
  Latency Distribution (HdrHistogram - Recorded Latency)
 50.000%    1.09ms
 75.000%    1.41ms
 90.000%    1.68ms
 99.000%    2.17ms
 99.900%    2.75ms
 99.990%    3.43ms
 99.999%    4.85ms
100.000%    5.14ms

  Detailed Percentile spectrum:
       Value   Percentile   TotalCount 1/(1-Percentile)

       0.148     0.000000            1         1.00
       0.513     0.100000        39956         1.11
       0.680     0.200000        79746         1.25
       0.829     0.300000       119722         1.43
       0.964     0.400000       159456         1.67
       1.091     0.500000       199368         2.00
       1.154     0.550000       219381         2.22
       1.215     0.600000       239080         2.50
       1.277     0.650000       259036         2.86
       1.341     0.700000       279163         3.33
       1.408     0.750000       298899         4.00
       1.445     0.775000       308920         4.44
       1.483     0.800000       318726         5.00
       1.524     0.825000       328792         5.71
       1.568     0.850000       338761         6.67
       1.618     0.875000       348670         8.00
       1.645     0.887500       353632         8.89
       1.676     0.900000       358682        10.00
       1.709     0.912500       363521        11.43
       1.747     0.925000       368611        13.33
       1.790     0.937500       373527        16.00
       1.814     0.943750       375987        17.78
       1.841     0.950000       378477        20.00
       1.870     0.956250       380965        22.86
       1.904     0.962500       383434        26.67
       1.945     0.968750       385941        32.00
       1.968     0.971875       387199        35.56
       1.992     0.975000       388434        40.00
       2.019     0.978125       389672        45.71
       2.051     0.981250       390972        53.33
       2.085     0.984375       392203        64.00
       2.105     0.985938       392825        71.11
       2.127     0.987500       393405        80.00
       2.153     0.989062       394039        91.43
       2.183     0.990625       394646       106.67
       2.219     0.992188       395294       128.00
       2.239     0.992969       395578       142.22
       2.265     0.993750       395892       160.00
       2.293     0.994531       396201       182.86
       2.325     0.995313       396514       213.33
       2.369     0.996094       396819       256.00
       2.393     0.996484       396979       284.44
       2.419     0.996875       397125       320.00
       2.459     0.997266       397283       365.71
       2.503     0.997656       397440       426.67
       2.555     0.998047       397599       512.00
       2.583     0.998242       397673       568.89
       2.615     0.998437       397750       640.00
       2.651     0.998633       397827       731.43
       2.695     0.998828       397904       853.33
       2.757     0.999023       397981      1024.00
       2.791     0.999121       398020      1137.78
       2.827     0.999219       398060      1280.00
       2.865     0.999316       398097      1462.86
       2.915     0.999414       398138      1706.67
       2.963     0.999512       398175      2048.00
       2.983     0.999561       398195      2275.56
       3.021     0.999609       398214      2560.00
       3.069     0.999658       398233      2925.71
       3.119     0.999707       398253      3413.33
       3.157     0.999756       398272      4096.00
       3.189     0.999780       398282      4551.11
       3.237     0.999805       398292      5120.00
       3.273     0.999829       398301      5851.43
       3.325     0.999854       398311      6826.67
       3.397     0.999878       398321      8192.00
       3.421     0.999890       398326      9102.22
       3.457     0.999902       398331     10240.00
       3.491     0.999915       398335     11702.86
       3.565     0.999927       398340     13653.33
       3.699     0.999939       398345     16384.00
       3.813     0.999945       398348     18204.44
       3.963     0.999951       398350     20480.00
       4.327     0.999957       398352     23405.71
       4.571     0.999963       398355     27306.67
       4.639     0.999969       398357     32768.00
       4.671     0.999973       398359     36408.89
       4.691     0.999976       398360     40960.00
       4.703     0.999979       398361     46811.43
       4.707     0.999982       398362     54613.33
       4.839     0.999985       398363     65536.00
       4.847     0.999986       398364     72817.78
       4.851     0.999988       398365     81920.00
       4.851     0.999989       398365     93622.86
       4.855     0.999991       398367    109226.67
       4.855     0.999992       398367    131072.00
       4.855     0.999993       398367    145635.56
       4.855     0.999994       398367    163840.00
       4.855     0.999995       398367    187245.71
       4.895     0.999995       398368    218453.33
       4.895     0.999996       398368    262144.00
       4.895     0.999997       398368    291271.11
       4.895     0.999997       398368    327680.00
       4.895     0.999997       398368    374491.43
       5.143     0.999998       398369    436906.67
       5.143     1.000000       398369          inf
#[Mean    =        1.100, StdDeviation   =        0.444]
#[Max     =        5.140, Total count    =       398369]
#[Buckets =           27, SubBuckets     =         2048]
----------------------------------------------------------
  598121 requests in 30.01s, 132.91MB read
Requests/sec:  19933.47
Transfer/sec:      4.43MB
WRKX_RESULT {"durationUs":30005861,"requests":598121,"responses":598121,"errors":0,"bytes":139365019,"latencyAvgUs":1099.863,"latencyP95Us":1841.000,"latencyP99Us":2171.000}
