Running 30s test @ http://localhost:9991/
  16 threads and 256 connections
  Thread calibration: mean lat.: 2.305ms, rate sampling interval: 10ms
  Thread calibration: mean lat.: 2.372ms, rate sampling interval: 10ms
  Thread calibration: mean lat.: 2.332ms, rate sampling interval: 10ms
  Thread calibration: mean lat.: 2.299ms, rate sampling interval: 10ms
  Thread calibration: mean lat.: 2.344ms, rate sampling interval: 10ms
  Thread calibration: mean lat.: 2.313ms, rate sampling interval: 10ms
  Thread calibration: mean lat.: 2.337ms, rate sampling interval: 10ms
  Thread calibration: mean lat.: 2.375ms, rate sampling interval: 10ms
  Thread calibration: mean lat.: 2.316ms, rate sampling interval: 10ms
  Thread calibration: mean lat.: 2.309ms, rate sampling interval: 10ms
  Thread calibration: mean lat.: 2.294ms, rate sampling interval: 10ms
  Thread calibration: mean lat.: 2.317ms, rate sampling interval: 10ms
  Thread calibration: mean lat.: 2.293ms, rate sampling interval: 10ms
  Thread calibration: mean lat.: 2.444ms, rate sampling interval: 10ms
  Thread calibration: mean lat.: 2.339ms, rate sampling interval: 10ms
  Thread calibration: mean lat.: 2.272ms, rate sampling interval: 10ms
  Thread Stats   Avg      Stdev     Max   +/- Stdev
    Latency     2.78ms    2.68ms  59.30ms   91.20%
    Req/Sec     2.64k   373.94     4.80k    73.26%
  Latency Distribution (HdrHistogram - Recorded Latency)
 50.000%    2.03ms
 75.000%    3.11ms
 90.000%    5.10ms
 99.000%   14.61ms
 99.900%   26.53ms
 99.990%   36.70ms
 99.999%   48.54ms
100.000%   59.33ms

  Detailed Percentile spectrum:
       Value   Percentile   TotalCount 1/(1-Percentile)

       0.197     0.000000            1         1.00
       0.979     0.100000        79733         1.11
       1.271     0.200000       159535         1.25
       1.522     0.300000       239295         1.43
       1.766     0.400000       319046         1.67
       2.027     0.500000       398464         2.00
       2.177     0.550000       438577         2.22
       2.345     0.600000       478338         2.50
       2.547     0.650000       518276         2.86
       2.793     0.700000       557940         3.33
       3.105     0.750000       597680         4.00
       3.297     0.775000       617655         4.44
       3.521     0.800000       637613         5.00
       3.791     0.825000       657529         5.71
       4.119     0.850000       677383         6.67
       4.539     0.875000       697355         8.00
       4.795     0.887500       707352         8.89
       5.103     0.900000       717184        10.00
       5.471     0.912500       727141        11.43
       5.931     0.925000       737116        13.33
       6.515     0.937500       747095        16.00
       6.875     0.943750       752051        17.78
       7.299     0.950000       757061        20.00
       7.811     0.956250       762026        22.86
       8.415     0.962500       766994        26.67
       9.175     0.968750       771994        32.00
       9.631     0.971875       774482        35.56
      10.143     0.975000       776976        40.00
      10.727     0.978125       779439        45.71
      11.423     0.981250       781945        53.33
      12.279     0.984375       784427        64.00
      12.815     0.985938       785672        71.11
      13.415     0.987500       786908        80.00
      14.127     0.989062       788151        91.43
      14.943     0.990625       789396       106.67
      15.991     0.992188       790646       128.00
      16.527     0.992969       791274       142.22
      17.135     0.993750       791885       160.00
      17.855     0.994531       792511       182.86
      18.575     0.995313       793128       213.33
      19.567     0.996094       793751       256.00
      20.111     0.996484       794066       284.44
      20.799     0.996875       794377       320.00
      21.455     0.997266       794691       365.71
      22.207     0.997656       794998       426.67
      23.247     0.998047       795307       512.00
      23.807     0.998242       795469       568.89
      24.335     0.998437       795619       640.00
      25.007     0.998633       795777       731.43
      25.727     0.998828       795931       853.33
      26.655     0.999023       796085      1024.00
      27.231     0.999121       796164      1137.78
      27.759     0.999219       796241      1280.00
      28.447     0.999316       796320      1462.86
      29.263     0.999414       796397      1706.67
      30.031     0.999512       796474      2048.00
      30.399     0.999561       796513      2275.56
      30.927     0.999609       796552      2560.00
      31.599     0.999658       796591      2925.71
      32.175     0.999707       796630      3413.33
      33.023     0.999756       796669      4096.00
      33.375     0.999780       796688      4551.11
      33.951     0.999805       796709      5120.00
      34.527     0.999829       796729      5851.43
      35.167     0.999854       796747      6826.67
      36.127     0.999878       796766      8192.00
      36.447     0.999890       796776      9102.22
      36.959     0.999902       796786     10240.00
      37.503     0.999915       796795     11702.86
      38.015     0.999927       796805     13653.33
      38.751     0.999939       796815     16384.00
      39.007     0.999945       796820     18204.44
      39.199     0.999951       796825     20480.00
      39.519     0.999957       796829     23405.71
      40.447     0.999963       796834     27306.67
      41.919     0.999969       796839     32768.00
      42.079     0.999973       796842     36408.89
      42.847     0.999976       796844     40960.00
      43.455     0.999979       796846     46811.43
      45.023     0.999982       796849     54613.33
      47.135     0.999985       796851     65536.00
      47.615     0.999986       796853     72817.78
      48.415     0.999988       796854     81920.00
      48.543     0.999989       796855     93622.86
      48.799     0.999991       796856    109226.67
      49.855     0.999992       796857    131072.00
      50.367     0.999993       796858    145635.56
      52.095     0.999994       796859    163840.00
      52.095     0.999995       796859    187245.71
      52.703     0.999995       796860    218453.33
      52.703     0.999996       796860    262144.00
      52.991     0.999997       796861    291271.11
      52.991     0.999997       796861    327680.00
      52.991     0.999997       796861    374491.43
      54.207     0.999998       796862    436906.67
      54.207     0.999998       796862    524288.00
      54.207     0.999998       796862    582542.22
      54.207     0.999998       796862    655360.00
      54.207     0.999999       796862    748982.86
      59.327     0.999999       796863    873813.33
      59.327     1.000000       796863          inf
#[Mean    =        2.776, StdDeviation   =        2.678]
#[Max     =       59.296, Total count    =       796863]
#[Buckets =           27, SubBuckets     =         2048]
----------------------------------------------------------
  1196097 requests in 30.00s, 265.78MB read
Requests/sec:  39869.89
Transfer/sec:      8.86MB
WRKX_RESULT {"durationUs":30000005,"requests":1196097,"responses":1196097,"errors":0,"bytes":278691543,"latencyAvgUs":2776.467,"latencyP95Us":7299.000,"latencyP99Us":14607.000}
