Running 30s test @ http://localhost:9991/
  16 threads and 256 connections
  Thread calibration: mean lat.: 2751.101ms, rate sampling interval: 9846ms
  Thread calibration: mean lat.: 2740.499ms, rate sampling interval: 9781ms
  Thread calibration: mean lat.: 2745.808ms, rate sampling interval: 9805ms
  Thread calibration: mean lat.: 2741.519ms, rate sampling interval: 9854ms
  Thread calibration: mean lat.: 2768.376ms, rate sampling interval: 9854ms
  Thread calibration: mean lat.: 2738.093ms, rate sampling interval: 9797ms
  Thread calibration: mean lat.: 2745.078ms, rate sampling interval: 9846ms
  Thread calibration: mean lat.: 2745.169ms, rate sampling interval: 9814ms
  Thread calibration: mean lat.: 2756.743ms, rate sampling interval: 9871ms
  Thread calibration: mean lat.: 2751.225ms, rate sampling interval: 9797ms
  Thread calibration: mean lat.: 2745.550ms, rate sampling interval: 9797ms
  Thread calibration: mean lat.: 2734.583ms, rate sampling interval: 9756ms
  Thread calibration: mean lat.: 2749.707ms, rate sampling interval: 9789ms
  Thread calibration: mean lat.: 2740.153ms, rate sampling interval: 9854ms
  Thread calibration: mean lat.: 2773.882ms, rate sampling interval: 9838ms
  Thread calibration: mean lat.: 2716.009ms, rate sampling interval: 9756ms
  Thread Stats   Avg      Stdev     Max   +/- Stdev
    Latency    10.82s     3.01s   16.37s    58.41%
    Req/Sec     2.96k    70.02     3.06k    50.00%
  Latency Distribution (HdrHistogram - Recorded Latency)
 50.000%   10.93s 
 75.000%   13.43s 
 90.000%   14.93s 
 99.000%   15.84s 
 99.900%   16.06s 
 99.990%   16.20s 
 99.999%   16.35s 
100.000%   16.38s 

  Detailed Percentile spectrum:
       Value   Percentile   TotalCount 1/(1-Percentile)

    5275.647     0.000000            3         1.00
    6569.983     0.100000        94463         1.11
    7737.343     0.200000       188720         1.25
    8740.863     0.300000       283542         1.43
    9846.783     0.400000       377528         1.67
   10928.127     0.500000       471929         2.00
   11476.991     0.550000       519387         2.22
   11943.935     0.600000       566621         2.50
   12435.455     0.650000       613409         2.86
   12935.167     0.700000       660731         3.33
   13426.687     0.750000       707817         4.00
   13680.639     0.775000       731440         4.44
   13942.783     0.800000       755465         5.00
   14188.543     0.825000       778923         5.71
   14434.303     0.850000       802624         6.67
   14680.063     0.875000       825950         8.00
   14802.943     0.887500       837878         8.89
   14925.823     0.900000       849690        10.00
   15048.703     0.912500       861306        11.43
   15171.583     0.925000       873059        13.33
   15286.271     0.937500       884494        16.00
   15351.807     0.943750       891035        17.78
   15409.151     0.950000       896631        20.00
   15474.687     0.956250       902619        22.86
   15532.031     0.962500       908016        26.67
   15597.567     0.968750       914009        32.00
   15630.335     0.971875       916920        35.56
   15663.103     0.975000       919833        40.00
   15704.063     0.978125       923364        45.71
   15736.831     0.981250       926146        53.33
   15769.599     0.984375       928905        64.00
   15785.983     0.985938       930182        71.11
   15810.559     0.987500       931993        80.00
   15826.943     0.989062       933157        91.43
   15851.519     0.990625       934826       106.67
   15876.095     0.992188       936357       128.00
   15884.287     0.992969       936841       142.22
   15900.671     0.993750       937707       160.00
   15917.055     0.994531       938560       182.86
   15925.247     0.995313       938993       213.33
   15941.631     0.996094       939750       256.00
   15958.015     0.996484       940365       284.44
   15966.207     0.996875       940639       320.00
   15974.399     0.997266       940881       365.71
   15990.783     0.997656       941334       426.67
   16007.167     0.998047       941705       512.00
   16015.359     0.998242       941851       568.89
   16023.551     0.998437       942032       640.00
   16031.743     0.998633       942165       731.43
   16048.127     0.998828       942366       853.33
   16064.511     0.999023       942538      1024.00
   16072.703     0.999121       942625      1137.78
   16080.895     0.999219       942724      1280.00
   16089.087     0.999316       942809      1462.86
   16097.279     0.999414       942876      1706.67
   16105.471     0.999512       942924      2048.00
   16113.663     0.999561       942982      2275.56
   16121.855     0.999609       943029      2560.00
   16130.047     0.999658       943074      2925.71
   16138.239     0.999707       943113      3413.33
   16146.431     0.999756       943153      4096.00
   16154.623     0.999780       943186      4551.11
   16162.815     0.999805       943208      5120.00
   16171.007     0.999829       943237      5851.43
   16179.199     0.999854       943252      6826.67
   16187.391     0.999878       943268      8192.00
   16195.583     0.999890       943290      9102.22
   16195.583     0.999902       943290     10240.00
   16203.775     0.999915       943306     11702.86
   16211.967     0.999927       943312     13653.33
   16228.351     0.999939       943328     16384.00
   16244.735     0.999945       943333     18204.44
   16252.927     0.999951       943335     20480.00
   16269.311     0.999957       943345     23405.71
   16277.503     0.999963       943349     27306.67
   16285.695     0.999969       943354     32768.00
   16302.079     0.999973       943357     36408.89
   16310.271     0.999976       943358     40960.00
   16318.463     0.999979       943361     46811.43
   16334.847     0.999982       943366     54613.33
   16343.039     0.999985       943368     65536.00
   16351.231     0.999986       943372     72817.78
   16351.231     0.999988       943372     81920.00
   16351.231     0.999989       943372     93622.86
   16359.423     0.999991       943377    109226.67
   16359.423     0.999992       943377    131072.00
   16359.423     0.999993       943377    145635.56
   16359.423     0.999994       943377    163840.00
   16359.423     0.999995       943377    187245.71
   16359.423     0.999995       943377    218453.33
   16367.615     0.999996       943380    262144.00
   16367.615     0.999997       943380    291271.11
   16367.615     0.999997       943380    327680.00
   16367.615     0.999997       943380    374491.43
   16367.615     0.999998       943380    436906.67
   16367.615     0.999998       943380    524288.00
   16367.615     0.999998       943380    582542.22
   16367.615     0.999998       943380    655360.00
   16367.615     0.999999       943380    748982.86
   16367.615     0.999999       943380    873813.33
   16375.807     0.999999       943381   1048576.00
   16375.807     1.000000       943381          inf
#[Mean    =    10822.476, StdDeviation   =     3014.128]
#[Max     =    16367.616, Total count    =       943381]
#[Buckets =           27, SubBuckets     =         2048]
----------------------------------------------------------
  1403473 requests in 30.00s, 311.86MB read
Requests/sec:  46782.47
Transfer/sec:     10.40MB
WRKX_RESULT {"durationUs":29999978,"requests":1403473,"responses":1403473,"errors":0,"bytes":327010936,"latencyAvgUs":10822476.143,"latencyP95Us":15409151.000,"latencyP99Us":15843327.000}
