Running 30s test @ http://localhost:9991/
  16 threads and 256 connections
  Thread calibration: mean lat.: 3343.855ms, rate sampling interval: 12271ms
  Thread calibration: mean lat.: 3323.168ms, rate sampling interval: 12230ms
  Thread calibration: mean lat.: 3356.494ms, rate sampling interval: 12230ms
  Thread calibration: mean lat.: 3342.230ms, rate sampling interval: 12230ms
  Thread calibration: mean lat.: 3345.608ms, rate sampling interval: 12247ms
  Thread calibration: mean lat.: 3332.843ms, rate sampling interval: 12214ms
  Thread calibration: mean lat.: 3353.640ms, rate sampling interval: 12247ms
  Thread calibration: mean lat.: 3062.878ms, rate sampling interval: 11108ms
  Thread calibration: mean lat.: 3351.413ms, rate sampling interval: 12230ms
  Thread calibration: mean lat.: 3335.092ms, rate sampling interval: 12230ms
  Thread calibration: mean lat.: 3337.824ms, rate sampling interval: 12222ms
  Thread calibration: mean lat.: 3360.705ms, rate sampling interval: 12263ms
  Thread calibration: mean lat.: 3337.298ms, rate sampling interval: 12247ms
  Thread calibration: mean lat.: 3374.071ms, rate sampling interval: 12279ms
  Thread calibration: mean lat.: 3333.857ms, rate sampling interval: 12148ms
  Thread calibration: mean lat.: 3347.738ms, rate sampling interval: 12214ms
  Thread Stats   Avg      Stdev     Max   +/- Stdev
    Latency    13.70s     3.98s   20.79s    57.61%
    Req/Sec     2.90k     9.87     2.92k    62.50%
  Latency Distribution (HdrHistogram - Recorded Latency)
 50.000%   13.78s 
 75.000%   17.15s 
 90.000%   19.14s 
 99.000%   20.43s 
 99.900%   20.61s 
 99.990%   20.73s 
 99.999%   20.79s 
100.000%   20.81s 

  Detailed Percentile spectrum:
       Value   Percentile   TotalCount 1/(1-Percentile)

    6098.943     0.000000            2         1.00
    8151.039     0.100000        93335         1.11
    9494.527     0.200000       186599         1.25
   10928.127     0.300000       279946         1.43
   12386.303     0.400000       373642         1.67
   13778.943     0.500000       466508         2.00
   14499.839     0.550000       513512         2.22
   15155.199     0.600000       559735         2.50
   15794.175     0.650000       606384         2.86
   16474.111     0.700000       653050         3.33
   17154.047     0.750000       699977         4.00
   17481.727     0.775000       723141         4.44
   17809.407     0.800000       746487         5.00
   18153.471     0.825000       770375         5.71
   18481.151     0.850000       793593         6.67
   18808.831     0.875000       816618         8.00
   18972.671     0.887500       828083         8.89
   19136.511     0.900000       839580        10.00
   19316.735     0.912500       852265        11.43
   19480.575     0.925000       863095        13.33
   19660.799     0.937500       874859        16.00
   19759.103     0.943750       881194        17.78
   19841.023     0.950000       886375        20.00
   19939.327     0.956250       892735        22.86
   20021.247     0.962500       897931        26.67
   20119.551     0.968750       903904        32.00
   20168.703     0.971875       906811        35.56
   20217.855     0.975000       909912        40.00
   20267.007     0.978125       913195        45.71
   20299.775     0.981250       915369        53.33
   20348.927     0.984375       918666        64.00
   20365.311     0.985938       919788        71.11
   20398.079     0.987500       921987        80.00
   20414.463     0.989062       923065        91.43
   20430.847     0.990625       924124       106.67
   20463.615     0.992188       926165       128.00
   20479.999     0.992969       927103       142.22
   20479.999     0.993750       927103       160.00
   20496.383     0.994531       927971       182.86
   20512.767     0.995313       928789       213.33
   20529.151     0.996094       929548       256.00
   20545.535     0.996484       930174       284.44
   20545.535     0.996875       930174       320.00
   20561.919     0.997266       930742       365.71
   20561.919     0.997656       930742       426.67
   20578.303     0.998047       931226       512.00
   20578.303     0.998242       931226       568.89
   20594.687     0.998437       931618       640.00
   20594.687     0.998633       931618       731.43
   20611.071     0.998828       931926       853.33
   20611.071     0.999023       931926      1024.00
   20627.455     0.999121       932152      1137.78
   20627.455     0.999219       932152      1280.00
   20643.839     0.999316       932338      1462.86
   20643.839     0.999414       932338      1706.67
   20660.223     0.999512       932465      2048.00
   20660.223     0.999561       932465      2275.56
   20676.607     0.999609       932573      2560.00
   20676.607     0.999658       932573      2925.71
   20676.607     0.999707       932573      3413.33
   20692.991     0.999756       932655      4096.00
   20692.991     0.999780       932655      4551.11
   20692.991     0.999805       932655      5120.00
   20709.375     0.999829       932708      5851.43
   20709.375     0.999854       932708      6826.67
   20725.759     0.999878       932747      8192.00
   20725.759     0.999890       932747      9102.22
   20725.759     0.999902       932747     10240.00
   20742.143     0.999915       932774     11702.86
   20742.143     0.999927       932774     13653.33
   20742.143     0.999939       932774     16384.00
   20758.527     0.999945       932796     18204.44
   20758.527     0.999951       932796     20480.00
   20758.527     0.999957       932796     23405.71
   20758.527     0.999963       932796     27306.67
   20774.911     0.999969       932816     32768.00
   20774.911     0.999973       932816     36408.89
   20774.911     0.999976       932816     40960.00
   20774.911     0.999979       932816     46811.43
   20774.911     0.999982       932816     54613.33
   20774.911     0.999985       932816     65536.00
   20791.295     0.999986       932828     72817.78
   20791.295     0.999988       932828     81920.00
   20791.295     0.999989       932828     93622.86
   20791.295     0.999991       932828    109226.67
   20791.295     0.999992       932828    131072.00
   20791.295     0.999993       932828    145635.56
   20791.295     0.999994       932828    163840.00
   20791.295     0.999995       932828    187245.71
   20791.295     0.999995       932828    218453.33
   20791.295     0.999996       932828    262144.00
   20791.295     0.999997       932828    291271.11
   20791.295     0.999997       932828    327680.00
   20791.295     0.999997       932828    374491.43
   20791.295     0.999998       932828    436906.67
   20807.679     0.999998       932830    524288.00
   20807.679     1.000000       932830          inf
#[Mean    =    13699.596, StdDeviation   =     3979.359]
#[Max     =    20791.296, Total count    =       932830]
#[Buckets =           27, SubBuckets     =         2048]
----------------------------------------------------------
  1406716 requests in 30.00s, 312.58MB read
Requests/sec:  46890.96
Transfer/sec:     10.42MB
WRKX_RESULT {"durationUs":29999728,"requests":1406716,"responses":1406716,"errors":0,"bytes":327765613,"latencyAvgUs":13699595.916,"latencyP95Us":19841023.000,"latencyP99Us":20430847.000}
