Running 30s test @ http://localhost:9991/
  16 threads and 256 connections
  Thread calibration: mean lat.: 1.229ms, rate sampling interval: 10ms
  Thread calibration: mean lat.: 1.233ms, rate sampling interval: 10ms
  Thread calibration: mean lat.: 1.240ms, rate sampling interval: 10ms
  Thread calibration: mean lat.: 1.245ms, rate sampling interval: 10ms
  Thread calibration: mean lat.: 1.258ms, rate sampling interval: 10ms
  Thread calibration: mean lat.: 1.242ms, rate sampling interval: 10ms
  Thread calibration: mean lat.: 1.236ms, rate sampling interval: 10ms
  Thread calibration: mean lat.: 1.243ms, rate sampling interval: 10ms
  Thread calibration: mean lat.: 1.228ms, rate sampling interval: 10ms
  Thread calibration: mean lat.: 1.242ms, rate sampling interval: 10ms
  Thread calibration: mean lat.: 1.234ms, rate sampling interval: 10ms
  Thread calibration: mean lat.: 1.237ms, rate sampling interval: 10ms
  Thread calibration: mean lat.: 1.271ms, rate sampling interval: 10ms
  Thread calibration: mean lat.: 1.247ms, rate sampling interval: 10ms
  Thread calibration: mean lat.: 1.236ms, rate sampling interval: 10ms
  Thread calibration: mean lat.: 1.265ms, rate sampling interval: 10ms
  Thread Stats   Avg      Stdev     Max   +/- Stdev
    Latency     1.23ms  536.87us  11.06ms   68.26%
    Req/Sec     1.97k   163.53     2.90k    65.96%
  Latency Distribution (HdrHistogram - Recorded Latency)
 50.000%    1.20ms
 75.000%    1.58ms
 90.000%    1.91ms
 99.000%    2.71ms
 99.900%    3.85ms
 99.990%    5.65ms
 99.999%    7.79ms
100.000%   11.06ms

  Detailed Percentile spectrum:
       Value   Percentile   TotalCount 1/(1-Percentile)

       0.159     0.000000            1         1.00
       0.572     0.100000        59907         1.11
       0.749     0.200000       119602         1.25
       0.904     0.300000       179662         1.43
       1.051     0.400000       239367         1.67
       1.195     0.500000       298896         2.00
       1.267     0.550000       328888         2.22
       1.340     0.600000       358762         2.50
       1.415     0.650000       388726         2.86
       1.493     0.700000       418616         3.33
       1.576     0.750000       448450         4.00
       1.619     0.775000       463126         4.44
       1.666     0.800000       478349         5.00
       1.715     0.825000       493080         5.71
       1.772     0.850000       508172         6.67
       1.834     0.875000       522932         8.00
       1.868     0.887500       530352         8.89
       1.908     0.900000       537987        10.00
       1.952     0.912500       545309        11.43
       2.002     0.925000       552796        13.33
       2.061     0.937500       560391        16.00
       2.095     0.943750       564170        17.78
       2.131     0.950000       567733        20.00
       2.175     0.956250       571595        22.86
       2.225     0.962500       575270        26.67
       2.283     0.968750       578920        32.00
       2.319     0.971875       580800        35.56
       2.359     0.975000       582647        40.00
       2.409     0.978125       584564        45.71
       2.465     0.981250       586403        53.33
       2.533     0.984375       588256        64.00
       2.573     0.985938       589184        71.11
       2.619     0.987500       590112        80.00
       2.675     0.989062       591043        91.43
       2.741     0.990625       591984       106.67
       2.819     0.992188       592920       128.00
       2.865     0.992969       593386       142.22
       2.923     0.993750       593857       160.00
       2.985     0.994531       594313       182.86
       3.057     0.995313       594782       213.33
       3.149     0.996094       595250       256.00
       3.203     0.996484       595479       284.44
       3.261     0.996875       595714       320.00
       3.317     0.997266       595943       365.71
       3.401     0.997656       596183       426.67
       3.493     0.998047       596409       512.00
       3.545     0.998242       596527       568.89
       3.607     0.998437       596647       640.00
       3.677     0.998633       596760       731.43
       3.765     0.998828       596877       853.33
       3.865     0.999023       596996      1024.00
       3.921     0.999121       597052      1137.78
       3.997     0.999219       597110      1280.00
       4.085     0.999316       597168      1462.86
       4.203     0.999414       597228      1706.67
       4.331     0.999512       597285      2048.00
       4.411     0.999561       597315      2275.56
       4.467     0.999609       597343      2560.00
       4.559     0.999658       597373      2925.71
       4.695     0.999707       597402      3413.33
       4.807     0.999756       597431      4096.00
       4.907     0.999780       597445      4551.11
       5.063     0.999805       597462      5120.00
       5.183     0.999829       597474      5851.43
       5.363     0.999854       597489      6826.67
       5.499     0.999878       597504      8192.00
       5.591     0.999890       597511      9102.22
       5.659     0.999902       597518     10240.00
       5.791     0.999915       597525     11702.86
       5.943     0.999927       597533     13653.33
       6.071     0.999939       597540     16384.00
       6.175     0.999945       597544     18204.44
       6.271     0.999951       597548     20480.00
       6.543     0.999957       597551     23405.71
       6.711     0.999963       597555     27306.67
       7.095     0.999969       597559     32768.00
       7.143     0.999973       597560     36408.89
       7.187     0.999976       597562     40960.00
       7.415     0.999979       597564     46811.43
       7.487     0.999982       597566     54613.33
       7.599     0.999985       597567     65536.00
       7.683     0.999986       597568     72817.78
       7.759     0.999988       597569     81920.00
       7.787     0.999989       597570     93622.86
       7.863     0.999991       597571    109226.67
      10.207     0.999992       597572    131072.00
      10.207     0.999993       597572    145635.56
      10.615     0.999994       597573    163840.00
      10.615     0.999995       597573    187245.71
      10.759     0.999995       597574    218453.33
      10.759     0.999996       597574    262144.00
      10.759     0.999997       597574    291271.11
      10.807     0.999997       597575    327680.00
      10.807     0.999997       597575    374491.43
      10.807     0.999998       597575    436906.67
      10.807     0.999998       597575    524288.00
      10.807     0.999998       597575    582542.22
      11.063     0.999998       597576    655360.00
      11.063     1.000000       597576          inf
#[Mean    =        1.233, StdDeviation   =        0.537]
#[Max     =       11.056, Total count    =       597576]
#[Buckets =           27, SubBuckets     =         2048]
----------------------------------------------------------
  898939 requests in 30.00s, 199.75MB read
Requests/sec:  29964.54
Transfer/sec:      6.66MB
WRKX_RESULT {"durationUs":30000094,"requests":898939,"responses":898939,"errors":0,"bytes":209454671,"latencyAvgUs":1233.372,"latencyP95Us":2131.000,"latencyP99Us":2715.000}
