Running 30s test @ http://localhost:9991/
  16 threads and 256 connections
  Thread calibration: mean lat.: 3808.231ms, rate sampling interval: 13762ms
  Thread calibration: mean lat.: 3817.737ms, rate sampling interval: 13778ms
  Thread calibration: mean lat.: 3821.650ms, rate sampling interval: 13795ms
  Thread calibration: mean lat.: 3843.947ms, rate sampling interval: 13795ms
  Thread calibration: mean lat.: 3819.146ms, rate sampling interval: 13811ms
  Thread calibration: mean lat.: 3809.337ms, rate sampling interval: 13754ms
  Thread calibration: mean lat.: 3820.973ms, rate sampling interval: 13795ms
  Thread calibration: mean lat.: 3813.356ms, rate sampling interval: 13819ms
  Thread calibration: mean lat.: 3813.802ms, rate sampling interval: 13819ms
  Thread calibration: mean lat.: 3809.680ms, rate sampling interval: 13803ms
  Thread calibration: mean lat.: 3821.351ms, rate sampling interval: 13803ms
  Thread calibration: mean lat.: 3813.280ms, rate sampling interval: 13819ms
  Thread calibration: mean lat.: 3829.723ms, rate sampling interval: 13762ms
  Thread calibration: mean lat.: 3813.932ms, rate sampling interval: 13770ms
  Thread calibration: mean lat.: 3796.796ms, rate sampling interval: 13787ms
  Thread calibration: mean lat.: 3792.555ms, rate sampling interval: 13737ms
  Thread Stats   Avg      Stdev     Max   +/- Stdev
    Latency    15.34s     4.42s   23.20s    57.78%
    Req/Sec     2.89k    10.10     2.91k    68.75%
  Latency Distribution (HdrHistogram - Recorded Latency)
 50.000%   15.30s 
 75.000%   19.15s 
 90.000%   21.50s 
 99.000%   22.89s 
 99.900%   23.07s 
 99.990%   23.13s 
 99.999%   23.18s 
100.000%   23.22s 

  Detailed Percentile spectrum:
       Value   Percentile   TotalCount 1/(1-Percentile)

    7593.983     0.000000            1         1.00
    9248.767     0.100000        92147         1.11
   10756.095     0.200000       183910         1.25
   12263.423     0.300000       276064         1.43
   13770.751     0.400000       367968         1.67
   15302.655     0.500000       459655         2.00
   16105.471     0.550000       505454         2.22
   16859.135     0.600000       551445         2.50
   17596.415     0.650000       597419         2.86
   18415.615     0.700000       643999         3.33
   19152.895     0.750000       689492         4.00
   19562.495     0.775000       712794         4.44
   19955.711     0.800000       735795         5.00
   20348.927     0.825000       758869         5.71
   20725.759     0.850000       781932         6.67
   21102.591     0.875000       804165         8.00
   21299.199     0.887500       815647         8.89
   21495.807     0.900000       827975        10.00
   21676.031     0.912500       839234        11.43
   21872.639     0.925000       850563        13.33
   22069.247     0.937500       862376        16.00
   22151.167     0.943750       867601        17.78
   22249.471     0.950000       873745        20.00
   22331.391     0.956250       878786        22.86
   22429.695     0.962500       884677        26.67
   22527.999     0.968750       890288        32.00
   22593.535     0.971875       893870        35.56
   22642.687     0.975000       896627        40.00
   22691.839     0.978125       899402        45.71
   22740.991     0.981250       902216        53.33
   22790.143     0.984375       905023        64.00
   22822.911     0.985938       906866        71.11
   22839.295     0.987500       907814        80.00
   22872.063     0.989062       909688        91.43
   22888.447     0.990625       910622       106.67
   22921.215     0.992188       912392       128.00
   22937.599     0.992969       913201       142.22
   22937.599     0.993750       913201       160.00
   22953.983     0.994531       914026       182.86
   22970.367     0.995313       914806       213.33
   22986.751     0.996094       915516       256.00
   23003.135     0.996484       916194       284.44
   23003.135     0.996875       916194       320.00
   23019.519     0.997266       916838       365.71
   23019.519     0.997656       916838       426.67
   23035.903     0.998047       917381       512.00
   23035.903     0.998242       917381       568.89
   23052.287     0.998437       917847       640.00
   23052.287     0.998633       917847       731.43
   23052.287     0.998828       917847       853.33
   23068.671     0.999023       918167      1024.00
   23068.671     0.999121       918167      1137.78
   23085.055     0.999219       918428      1280.00
   23085.055     0.999316       918428      1462.86
   23085.055     0.999414       918428      1706.67
   23101.439     0.999512       918618      2048.00
   23101.439     0.999561       918618      2275.56
   23101.439     0.999609       918618      2560.00
   23101.439     0.999658       918618      2925.71
   23117.823     0.999707       918742      3413.33
   23117.823     0.999756       918742      4096.00
   23117.823     0.999780       918742      4551.11
   23117.823     0.999805       918742      5120.00
   23117.823     0.999829       918742      5851.43
   23134.207     0.999854       918820      6826.67
   23134.207     0.999878       918820      8192.00
   23134.207     0.999890       918820      9102.22
   23134.207     0.999902       918820     10240.00
   23150.591     0.999915       918862     11702.86
   23150.591     0.999927       918862     13653.33
   23150.591     0.999939       918862     16384.00
   23150.591     0.999945       918862     18204.44
   23150.591     0.999951       918862     20480.00
   23150.591     0.999957       918862     23405.71
   23166.975     0.999963       918888     27306.67
   23166.975     0.999969       918888     32768.00
   23166.975     0.999973       918888     36408.89
   23166.975     0.999976       918888     40960.00
   23166.975     0.999979       918888     46811.43
   23166.975     0.999982       918888     54613.33
   23166.975     0.999985       918888     65536.00
   23166.975     0.999986       918888     72817.78
   23166.975     0.999988       918888     81920.00
   23183.359     0.999989       918896     93622.86
   23183.359     0.999991       918896    109226.67
   23183.359     0.999992       918896    131072.00
   23183.359     0.999993       918896    145635.56
   23183.359     0.999994       918896    163840.00
   23183.359     0.999995       918896    187245.71
   23183.359     0.999995       918896    218453.33
   23183.359     0.999996       918896    262144.00
   23183.359     0.999997       918896    291271.11
   23199.743     0.999997       918898    327680.00
   23199.743     0.999997       918898    374491.43
   23199.743     0.999998       918898    436906.67
   23199.743     0.999998       918898    524288.00
   23199.743     0.999998       918898    582542.22
   23199.743     0.999998       918898    655360.00
   23199.743     0.999999       918898    748982.86
   23199.743     0.999999       918898    873813.33
   23216.127     0.999999       918899   1048576.00
   23216.127     1.000000       918899          inf
#[Mean    =    15338.018, StdDeviation   =     4416.481]
#[Max     =    23199.744, Total count    =       918899]
#[Buckets =           27, SubBuckets     =         2048]
----------------------------------------------------------
  1384534 requests in 30.00s, 307.65MB read
Requests/sec:  46151.95
Transfer/sec:     10.26MB
WRKX_RESULT {"durationUs":29999469,"requests":1384534,"responses":1384534,"errors":0,"bytes":322598463,"latencyAvgUs":15338018.337,"latencyP95Us":22249471.000,"latencyP99Us":22888447.000}
