Running 30s test @ http://localhost:9991/
  16 threads and 256 connections
  Thread calibration: mean lat.: 1.059ms, rate sampling interval: 10ms
  Thread calibration: mean lat.: 1.058ms, rate sampling interval: 10ms
  Thread calibration: mean lat.: 1.055ms, rate sampling interval: 10ms
  Thread calibration: mean lat.: 1.043ms, rate sampling interval: 10ms
  Thread calibration: mean lat.: 1.051ms, rate sampling interval: 10ms
  Thread calibration: mean lat.: 1.064ms, rate sampling interval: 10ms
  Thread calibration: mean lat.: 1.052ms, rate sampling interval: 10ms
  Thread calibration: mean lat.: 1.066ms, rate sampling interval: 10ms
  Thread calibration: mean lat.: 1.048ms, rate sampling interval: 10ms
  Thread calibration: mean lat.: 1.048ms, rate sampling interval: 10ms
  Thread calibration: mean lat.: 1.055ms, rate sampling interval: 10ms
  Thread calibration: mean lat.: 1.068ms, rate sampling interval: 10ms
  Thread calibration: mean lat.: 1.044ms, rate sampling interval: 10ms
  Thread calibration: mean lat.: 1.025ms, rate sampling interval: 10ms
  Thread calibration: mean lat.: 1.052ms, rate sampling interval: 10ms
  Thread calibration: mean lat.: 1.056ms, rate sampling interval: 10ms
  Thread Stats   Avg      Stdev     Max   +/- Stdev
    Latency     1.04ms  426.69us   5.80ms   64.57%
    Req/Sec   659.08    103.88     1.11k    68.23%
  Latency Distribution (HdrHistogram - Recorded Latency)
 50.000%    1.03ms
 75.000%    1.34ms
 90.000%    1.61ms
 99.000%    2.04ms
 99.900%    2.43ms
 99.990%    3.81ms
 99.999%    5.05ms
100.000%    5.80ms

  Detailed Percentile spectrum:
       Value   Percentile   TotalCount 1/(1-Percentile)

       0.147     0.000000            1         1.00
       0.481     0.100000        20028         1.11
       0.635     0.200000        39874         1.25
       0.776     0.300000        59914         1.43
       0.906     0.400000        79704         1.67
       1.032     0.500000        99672         2.00
       1.094     0.550000       109611         2.22
       1.156     0.600000       119596         2.50
       1.217     0.650000       129541         2.86
       1.277     0.700000       139468         3.33
       1.343     0.750000       149545         4.00
       1.378     0.775000       154468         4.44
       1.416     0.800000       159440         5.00
       1.457     0.825000       164351         5.71
       1.503     0.850000       169372         6.67
       1.553     0.875000       174385         8.00
       1.581     0.887500       176864         8.89
       1.610     0.900000       179331        10.00
       1.643     0.912500       181828        11.43
       1.678     0.925000       184282        13.33
       1.718     0.937500       186792        16.00
       1.741     0.943750       188031        17.78
       1.765     0.950000       189248        20.00
       1.792     0.956250       190489        22.86
       1.823     0.962500       191750        26.67
       1.857     0.968750       192997        32.00
       1.876     0.971875       193619        35.56
       1.898     0.975000       194232        40.00
       1.920     0.978125       194861        45.71
       1.945     0.981250       195473        53.33
       1.974     0.984375       196096        64.00
       1.991     0.985938       196418        71.11
       2.009     0.987500       196723        80.00
       2.030     0.989062       197024        91.43
       2.055     0.990625       197354       106.67
       2.081     0.992188       197651       128.00
       2.097     0.992969       197809       142.22
       2.113     0.993750       197958       160.00
       2.131     0.994531       198126       182.86
       2.151     0.995313       198275       213.33
       2.175     0.996094       198424       256.00
       2.193     0.996484       198504       284.44
       2.213     0.996875       198586       320.00
       2.231     0.997266       198662       365.71
       2.255     0.997656       198741       426.67
       2.285     0.998047       198813       512.00
       2.305     0.998242       198851       568.89
       2.329     0.998437       198891       640.00
       2.359     0.998633       198930       731.43
       2.391     0.998828       198970       853.33
       2.435     0.999023       199007      1024.00
       2.461     0.999121       199025      1137.78
       2.497     0.999219       199047      1280.00
       2.523     0.999316       199065      1462.86
       2.555     0.999414       199084      1706.67
       2.619     0.999512       199103      2048.00
       2.657     0.999561       199113      2275.56
       2.697     0.999609       199124      2560.00
       2.741     0.999658       199132      2925.71
       2.853     0.999707       199142      3413.33
       2.951     0.999756       199152      4096.00
       3.011     0.999780       199157      4551.11
       3.043     0.999805       199162      5120.00
       3.083     0.999829       199166      5851.43
       3.419     0.999854       199171      6826.67
       3.749     0.999878       199176      8192.00
       3.795     0.999890       199179      9102.22
       3.823     0.999902       199181     10240.00
       3.831     0.999915       199183     11702.86
       3.963     0.999927       199186     13653.33
       4.199     0.999939       199188     16384.00
       4.387     0.999945       199190     18204.44
       4.439     0.999951       199191     20480.00
       4.467     0.999957       199192     23405.71
       4.531     0.999963       199194     27306.67
       4.531     0.999969       199194     32768.00
       4.547     0.999973       199195     36408.89
       4.603     0.999976       199196     40960.00
       4.603     0.999979       199196     46811.43
       4.743     0.999982       199197     54613.33
       4.743     0.999985       199197     65536.00
       5.047     0.999986       199198     72817.78
       5.047     0.999988       199198     81920.00
       5.047     0.999989       199198     93622.86
       5.195     0.999991       199199    109226.67
       5.195     0.999992       199199    131072.00
       5.195     0.999993       199199    145635.56
       5.195     0.999994       199199    163840.00
       5.195     0.999995       199199    187245.71
       5.803     0.999995       199200    218453.33
       5.803     1.000000       199200          inf
#[Mean    =        1.043, StdDeviation   =        0.427]
#[Max     =        5.800, Total count    =       199200]
#[Buckets =           27, SubBuckets     =         2048]
----------------------------------------------------------
  299741 requests in 30.00s, 66.60MB read
Requests/sec:   9991.13
Transfer/sec:      2.22MB
WRKX_RESULT {"durationUs":30000702,"requests":299741,"responses":299741,"errors":0,"bytes":69839967,"latencyAvgUs":1043.277,"latencyP95Us":1765.000,"latencyP99Us":2044.000}
