Running 30s test @ http://localhost:9991/
  16 threads and 256 connections
  Thread calibration: mean lat.: 1843.609ms, rate sampling interval: 6688ms
  Thread calibration: mean lat.: 1843.887ms, rate sampling interval: 6721ms
  Thread calibration: mean lat.: 1733.158ms, rate sampling interval: 6197ms
  Thread calibration: mean lat.: 1811.700ms, rate sampling interval: 6594ms
  Thread calibration: mean lat.: 1818.173ms, rate sampling interval: 6676ms
  Thread calibration: mean lat.: 1854.109ms, rate sampling interval: 6705ms
  Thread calibration: mean lat.: 1851.681ms, rate sampling interval: 6725ms
  Thread calibration: mean lat.: 1817.774ms, rate sampling interval: 6590ms
  Thread calibration: mean lat.: 1836.949ms, rate sampling interval: 6737ms
  Thread calibration: mean lat.: 1836.676ms, rate sampling interval: 6709ms
  Thread calibration: mean lat.: 1825.669ms, rate sampling interval: 6651ms
  Thread calibration: mean lat.: 1823.588ms, rate sampling interval: 6635ms
  Thread calibration: mean lat.: 1829.378ms, rate sampling interval: 6668ms
  Thread calibration: mean lat.: 1862.767ms, rate sampling interval: 6705ms
  Thread calibration: mean lat.: 1830.583ms, rate sampling interval: 6692ms
  Thread calibration: mean lat.: 1845.705ms, rate sampling interval: 6684ms
  Thread Stats   Avg      Stdev     Max   +/- Stdev
    Latency     7.53s     2.21s   11.95s    58.23%
    Req/Sec     2.89k    46.75     2.93k    88.89%
  Latency Distribution (HdrHistogram - Recorded Latency)
 50.000%    7.42s 
 75.000%    9.42s 
 90.000%   10.69s 
 99.000%   11.49s 
 99.900%   11.71s 
 99.990%   11.85s 
 99.999%   11.94s 
100.000%   11.96s 

  Detailed Percentile spectrum:
       Value   Percentile   TotalCount 1/(1-Percentile)

    3297.279     0.000000            1         1.00
    4542.463     0.100000        91189         1.11
    5312.511     0.200000       182593         1.25
    6008.831     0.300000       273620         1.43
    6725.631     0.400000       364660         1.67
    7417.855     0.500000       455747         2.00
    7774.207     0.550000       501743         2.22
    8138.751     0.600000       547094         2.50
    8552.447     0.650000       592610         2.86
    8994.815     0.700000       638067         3.33
    9420.799     0.750000       684167         4.00
    9666.559     0.775000       706887         4.44
    9895.935     0.800000       729715         5.00
   10108.927     0.825000       752639         5.71
   10305.535     0.850000       774793         6.67
   10502.143     0.875000       797883         8.00
   10592.255     0.887500       809042         8.89
   10690.559     0.900000       820744        10.00
   10788.863     0.912500       831992        11.43
   10895.359     0.925000       843571        13.33
   11001.855     0.937500       855140        16.00
   11051.007     0.943750       860368        17.78
   11108.351     0.950000       866502        20.00
   11157.503     0.956250       871701        22.86
   11214.847     0.962500       877679        26.67
   11272.191     0.968750       883298        32.00
   11296.767     0.971875       885879        35.56
   11329.535     0.975000       889072        40.00
   11354.111     0.978125       891460        45.71
   11386.879     0.981250       894424        53.33
   11419.647     0.984375       897306        64.00
   11436.031     0.985938       898628        71.11
   11452.415     0.987500       899871        80.00
   11476.991     0.989062       901773        91.43
   11493.375     0.990625       902860       106.67
   11517.951     0.992188       904352       128.00
   11534.335     0.992969       905284       142.22
   11542.527     0.993750       905667       160.00
   11558.911     0.994531       906381       182.86
   11575.295     0.995313       907081       213.33
   11591.679     0.996094       907700       256.00
   11608.063     0.996484       908259       284.44
   11616.255     0.996875       908537       320.00
   11624.447     0.997266       908790       365.71
   11640.831     0.997656       909228       426.67
   11657.215     0.998047       909603       512.00
   11665.407     0.998242       909806       568.89
   11673.599     0.998437       909958       640.00
   11681.791     0.998633       910106       731.43
   11689.983     0.998828       910226       853.33
   11706.367     0.999023       910423      1024.00
   11714.559     0.999121       910529      1137.78
   11714.559     0.999219       910529      1280.00
   11722.751     0.999316       910622      1462.86
   11739.135     0.999414       910738      1706.67
   11747.327     0.999512       910797      2048.00
   11755.519     0.999561       910856      2275.56
   11763.711     0.999609       910898      2560.00
   11771.903     0.999658       910933      2925.71
   11780.095     0.999707       910970      3413.33
   11796.479     0.999756       911020      4096.00
   11804.671     0.999780       911043      4551.11
   11812.863     0.999805       911067      5120.00
   11821.055     0.999829       911092      5851.43
   11829.247     0.999854       911110      6826.67
   11837.439     0.999878       911125      8192.00
   11845.631     0.999890       911139      9102.22
   11853.823     0.999902       911159     10240.00
   11853.823     0.999915       911159     11702.86
   11862.015     0.999927       911180     13653.33
   11862.015     0.999939       911180     16384.00
   11870.207     0.999945       911190     18204.44
   11870.207     0.999951       911190     20480.00
   11878.399     0.999957       911198     23405.71
   11886.591     0.999963       911202     27306.67
   11894.783     0.999969       911208     32768.00
   11894.783     0.999973       911208     36408.89
   11919.359     0.999976       911213     40960.00
   11927.551     0.999979       911216     46811.43
   11935.743     0.999982       911224     54613.33
   11935.743     0.999985       911224     65536.00
   11935.743     0.999986       911224     72817.78
   11935.743     0.999988       911224     81920.00
   11935.743     0.999989       911224     93622.86
   11943.935     0.999991       911228    109226.67
   11943.935     0.999992       911228    131072.00
   11943.935     0.999993       911228    145635.56
   11943.935     0.999994       911228    163840.00
   11952.127     0.999995       911229    187245.71
   11952.127     0.999995       911229    218453.33
   11960.319     0.999996       911233    262144.00
   11960.319     1.000000       911233          inf
#[Mean    =     7534.600, StdDeviation   =     2213.570]
#[Max     =    11952.128, Total count    =       911233]
#[Buckets =           27, SubBuckets     =         2048]
----------------------------------------------------------
  1378570 requests in 30.00s, 306.33MB read
Requests/sec:  45953.19
Transfer/sec:     10.21MB
WRKX_RESULT {"durationUs":29999438,"requests":1378570,"responses":1378570,"errors":0,"bytes":321214032,"latencyAvgUs":7534600.192,"latencyP95Us":11108351.000,"latencyP99Us":11485183.000}
