Running 30s test @ http://localhost:9991/
  16 threads and 256 connections
  Thread calibration: mean lat.: 1.157ms, rate sampling interval: 10ms
  Thread calibration: mean lat.: 1.191ms, rate sampling interval: 10ms
  Thread calibration: mean lat.: 1.206ms, rate sampling interval: 10ms
  Thread calibration: mean lat.: 1.212ms, rate sampling interval: 10ms
  Thread calibration: mean lat.: 1.210ms, rate sampling interval: 10ms
  Thread calibration: mean lat.: 1.217ms, rate sampling interval: 10ms
  Thread calibration: mean lat.: 1.207ms, rate sampling interval: 10ms
  Thread calibration: mean lat.: 1.193ms, rate sampling interval: 10ms
  Thread calibration: mean lat.: 1.195ms, rate sampling interval: 10ms
  Thread calibration: mean lat.: 1.196ms, rate sampling interval: 10ms
  Thread calibration: mean lat.: 1.232ms, rate sampling interval: 10ms
  Thread calibration: mean lat.: 1.240ms, rate sampling interval: 10ms
  Thread calibration: mean lat.: 1.244ms, rate sampling interval: 10ms
  Thread calibration: mean lat.: 1.229ms, rate sampling interval: 10ms
  Thread calibration: mean lat.: 1.235ms, rate sampling interval: 10ms
  Thread calibration: mean lat.: 1.234ms, rate sampling interval: 10ms
  Thread Stats   Avg      Stdev     Max   +/- Stdev
    Latency     1.19ms  501.89us   6.85ms   66.54%
    Req/Sec     1.65k   141.40     2.56k    77.24%
  Latency Distribution (HdrHistogram - Recorded Latency)
 50.000%    1.16ms
 75.000%    1.53ms
 90.000%    1.83ms
 99.000%    2.49ms
 99.900%    3.46ms
 99.990%    4.39ms
 99.999%    5.53ms
100.000%    6.85ms

  Detailed Percentile spectrum:
       Value   Percentile   TotalCount 1/(1-Percentile)

       0.151     0.000000            1         1.00
       0.551     0.100000        49950         1.11
       0.725     0.200000        99818         1.25
       0.877     0.300000       149459         1.43
       1.020     0.400000       199540         1.67
       1.160     0.500000       249322         2.00
       1.230     0.550000       274280         2.22
       1.300     0.600000       298996         2.50
       1.371     0.650000       323717         2.86
       1.445     0.700000       348674         3.33
       1.526     0.750000       373810         4.00
       1.567     0.775000       385961         4.44
       1.611     0.800000       398446         5.00
       1.657     0.825000       410908         5.71
       1.709     0.850000       423538         6.67
       1.765     0.875000       435869         8.00
       1.796     0.887500       442016         8.89
       1.831     0.900000       448235        10.00
       1.870     0.912500       454465        11.43
       1.914     0.925000       460762        13.33
       1.964     0.937500       466914        16.00
       1.992     0.943750       469996        17.78
       2.024     0.950000       473111        20.00
       2.061     0.956250       476345        22.86
       2.103     0.962500       479381        26.67
       2.153     0.968750       482489        32.00
       2.183     0.971875       484072        35.56
       2.217     0.975000       485635        40.00
       2.253     0.978125       487155        45.71
       2.299     0.981250       488720        53.33
       2.355     0.984375       490261        64.00
       2.387     0.985938       491030        71.11
       2.421     0.987500       491784        80.00
       2.465     0.989062       492568        91.43
       2.517     0.990625       493345       106.67
       2.583     0.992188       494123       128.00
       2.621     0.992969       494503       142.22
       2.667     0.993750       494888       160.00
       2.719     0.994531       495287       182.86
       2.781     0.995313       495678       213.33
       2.851     0.996094       496058       256.00
       2.893     0.996484       496253       284.44
       2.945     0.996875       496445       320.00
       2.997     0.997266       496644       365.71
       3.065     0.997656       496836       426.67
       3.141     0.998047       497035       512.00
       3.181     0.998242       497125       568.89
       3.233     0.998437       497225       640.00
       3.295     0.998633       497321       731.43
       3.375     0.998828       497417       853.33
       3.469     0.999023       497514      1024.00
       3.513     0.999121       497563      1137.78
       3.561     0.999219       497611      1280.00
       3.629     0.999316       497661      1462.86
       3.689     0.999414       497710      1706.67
       3.745     0.999512       497757      2048.00
       3.789     0.999561       497783      2275.56
       3.833     0.999609       497807      2560.00
       3.921     0.999658       497830      2925.71
       3.979     0.999707       497855      3413.33
       4.083     0.999756       497879      4096.00
       4.111     0.999780       497891      4551.11
       4.163     0.999805       497905      5120.00
       4.195     0.999829       497915      5851.43
       4.275     0.999854       497928      6826.67
       4.343     0.999878       497940      8192.00
       4.379     0.999890       497946      9102.22
       4.399     0.999902       497952     10240.00
       4.467     0.999915       497958     11702.86
       4.543     0.999927       497964     13653.33
       4.587     0.999939       497970     16384.00
       4.603     0.999945       497973     18204.44
       4.623     0.999951       497977     20480.00
       4.699     0.999957       497979     23405.71
       4.795     0.999963       497982     27306.67
       4.867     0.999969       497985     32768.00
       4.975     0.999973       497987     36408.89
       5.107     0.999976       497988     40960.00
       5.239     0.999979       497991     46811.43
       5.239     0.999982       497991     54613.33
       5.303     0.999985       497993     65536.00
       5.323     0.999986       497994     72817.78
       5.323     0.999988       497994     81920.00
       5.535     0.999989       497995     93622.86
       5.551     0.999991       497996    109226.67
       5.923     0.999992       497997    131072.00
       5.923     0.999993       497997    145635.56
       5.923     0.999994       497997    163840.00
       5.999     0.999995       497998    187245.71
       5.999     0.999995       497998    218453.33
       6.639     0.999996       497999    262144.00
       6.639     0.999997       497999    291271.11
       6.639     0.999997       497999    327680.00
       6.639     0.999997       497999    374491.43
       6.639     0.999998       497999    436906.67
       6.851     0.999998       498000    524288.00
       6.851     1.000000       498000          inf
#[Mean    =        1.188, StdDeviation   =        0.502]
#[Max     =        6.848, Total count    =       498000]
#[Buckets =           27, SubBuckets     =         2048]
----------------------------------------------------------
  749133 requests in 30.00s, 166.46MB read
Requests/sec:  24971.25
Transfer/sec:      5.55MB
WRKX_RESULT {"durationUs":29999814,"requests":749133,"responses":749133,"errors":0,"bytes":174550187,"latencyAvgUs":1187.946,"latencyP95Us":2024.000,"latencyP99Us":2495.000}
