Running 30s test @ http://localhost:9991/
  16 threads and 256 connections
  Thread calibration: mean lat.: 1.024ms, rate sampling interval: 10ms
  Thread calibration: mean lat.: 1.020ms, rate sampling interval: 10ms
  Thread calibration: mean lat.: 1.036ms, rate sampling interval: 10ms
  Thread calibration: mean lat.: 1.020ms, rate sampling interval: 10ms
  Thread calibration: mean lat.: 1.024ms, rate sampling interval: 10ms
  Thread calibration: mean lat.: 1.023ms, rate sampling interval: 10ms
  Thread calibration: mean lat.: 1.038ms, rate sampling interval: 10ms
  Thread calibration: mean lat.: 1.025ms, rate sampling interval: 10ms
  Thread calibration: mean lat.: 1.044ms, rate sampling interval: 10ms
  Thread calibration: mean lat.: 1.022ms, rate sampling interval: 10ms
  Thread calibration: mean lat.: 1.050ms, rate sampling interval: 10ms
  Thread calibration: mean lat.: 1.047ms, rate sampling interval: 10ms
  Thread calibration: mean lat.: 1.042ms, rate sampling interval: 10ms
  Thread calibration: mean lat.: 1.039ms, rate sampling interval: 10ms
  Thread calibration: mean lat.: 1.020ms, rate sampling interval: 10ms
  Thread calibration: mean lat.: 1.050ms, rate sampling interval: 10ms
  Thread Stats   Avg      Stdev     Max   +/- Stdev
    Latency     1.03ms  433.22us   5.27ms   64.68%
    Req/Sec     0.99k   110.71     1.67k    66.62%
  Latency Distribution (HdrHistogram - Recorded Latency)
 50.000%    1.02ms
 75.000%    1.34ms
 90.000%    1.60ms
 99.000%    2.08ms
 99.900%    2.54ms
 99.990%    3.67ms
 99.999%    4.66ms
100.000%    5.27ms

  Detailed Percentile spectrum:
       Value   Percentile   TotalCount 1/(1-Percentile)

       0.144     0.000000            1         1.00
       0.468     0.100000        29894         1.11
       0.621     0.200000        59868         1.25
       0.759     0.300000        89813         1.43
       0.891     0.400000       119643         1.67
       1.021     0.500000       149453         2.00
       1.085     0.550000       164446         2.22
       1.148     0.600000       179299         2.50
       1.212     0.650000       194414         2.86
       1.274     0.700000       209215         3.33
       1.340     0.750000       224209         4.00
       1.376     0.775000       231687         4.44
       1.414     0.800000       239135         5.00
       1.455     0.825000       246647         5.71
       1.499     0.850000       254108         6.67
       1.547     0.875000       261461         8.00
       1.575     0.887500       265300         8.89
       1.603     0.900000       268939        10.00
       1.637     0.912500       272749        11.43
       1.673     0.925000       276453        13.33
       1.713     0.937500       280177        16.00
       1.736     0.943750       282043        17.78
       1.762     0.950000       283914        20.00
       1.790     0.956250       285726        22.86
       1.823     0.962500       287621        26.67
       1.860     0.968750       289464        32.00
       1.881     0.971875       290404        35.56
       1.905     0.975000       291338        40.00
       1.932     0.978125       292261        45.71
       1.961     0.981250       293221        53.33
       1.994     0.984375       294141        64.00
       2.013     0.985938       294596        71.11
       2.035     0.987500       295063        80.00
       2.059     0.989062       295555        91.43
       2.087     0.990625       296012       106.67
       2.117     0.992188       296473       128.00
       2.135     0.992969       296702       142.22
       2.155     0.993750       296934       160.00
       2.179     0.994531       297172       182.86
       2.207     0.995313       297413       213.33
       2.237     0.996094       297638       256.00
       2.255     0.996484       297757       284.44
       2.275     0.996875       297869       320.00
       2.299     0.997266       297987       365.71
       2.333     0.997656       298101       426.67
       2.369     0.998047       298215       512.00
       2.395     0.998242       298272       568.89
       2.425     0.998437       298333       640.00
       2.461     0.998633       298390       731.43
       2.497     0.998828       298447       853.33
       2.543     0.999023       298508      1024.00
       2.571     0.999121       298535      1137.78
       2.617     0.999219       298565      1280.00
       2.665     0.999316       298593      1462.86
       2.735     0.999414       298622      1706.67
       2.797     0.999512       298653      2048.00
       2.825     0.999561       298668      2275.56
       2.875     0.999609       298682      2560.00
       2.915     0.999658       298695      2925.71
       2.967     0.999707       298710      3413.33
       3.011     0.999756       298726      4096.00
       3.067     0.999780       298732      4551.11
       3.125     0.999805       298739      5120.00
       3.193     0.999829       298746      5851.43
       3.357     0.999854       298754      6826.67
       3.563     0.999878       298761      8192.00
       3.659     0.999890       298765      9102.22
       3.709     0.999902       298768     10240.00
       3.755     0.999915       298772     11702.86
       3.787     0.999927       298776     13653.33
       3.995     0.999939       298779     16384.00
       4.023     0.999945       298781     18204.44
       4.099     0.999951       298783     20480.00
       4.155     0.999957       298785     23405.71
       4.199     0.999963       298787     27306.67
       4.251     0.999969       298788     32768.00
       4.339     0.999973       298789     36408.89
       4.391     0.999976       298790     40960.00
       4.403     0.999979       298791     46811.43
       4.471     0.999982       298792     54613.33
       4.587     0.999985       298793     65536.00
       4.587     0.999986       298793     72817.78
       4.655     0.999988       298794     81920.00
       4.655     0.999989       298794     93622.86
       4.815     0.999991       298795    109226.67
       4.815     0.999992       298795    131072.00
       4.815     0.999993       298795    145635.56
       4.827     0.999994       298796    163840.00
       4.827     0.999995       298796    187245.71
       4.827     0.999995       298796    218453.33
       4.827     0.999996       298796    262144.00
       4.827     0.999997       298796    291271.11
       5.271     0.999997       298797    327680.00
       5.271     1.000000       298797          inf
#[Mean    =        1.035, StdDeviation   =        0.433]
#[Max     =        5.268, Total count    =       298797]
#[Buckets =           27, SubBuckets     =         2048]
----------------------------------------------------------
  449551 requests in 30.00s, 99.89MB read
Requests/sec:  14984.80
Transfer/sec:      3.33MB
WRKX_RESULT {"durationUs":30000464,"requests":449551,"responses":449551,"errors":0,"bytes":104746011,"latencyAvgUs":1034.677,"latencyP95Us":1762.000,"latencyP99Us":2075.000}
