Running 30s test @ http://localhost:9991/
  16 threads and 256 connections
  Thread calibration: mean lat.: 1.031ms, rate sampling interval: 10ms
  Thread calibration: mean lat.: 1.036ms, rate sampling interval: 10ms
  Thread calibration: mean lat.: 1.022ms, rate sampling interval: 10ms
  Thread calibration: mean lat.: 1.015ms, rate sampling interval: 10ms
  Thread calibration: mean lat.: 1.012ms, rate sampling interval: 10ms
  Thread calibration: mean lat.: 1.018ms, rate sampling interval: 10ms
  Thread calibration: mean lat.: 1.025ms, rate sampling interval: 10ms
  Thread calibration: mean lat.: 1.026ms, rate sampling interval: 10ms
  Thread calibration: mean lat.: 1.030ms, rate sampling interval: 10ms
  Thread calibration: mean lat.: 1.012ms, rate sampling interval: 10ms
  Thread calibration: mean lat.: 1.003ms, rate sampling interval: 10ms
  Thread calibration: mean lat.: 1.015ms, rate sampling interval: 10ms
  Thread calibration: mean lat.: 0.998ms, rate sampling interval: 10ms
  Thread calibration: mean lat.: 1.011ms, rate sampling interval: 10ms
  Thread calibration: mean lat.: 1.005ms, rate sampling interval: 10ms
  Thread calibration: mean lat.: 1.026ms, rate sampling interval: 10ms
  Thread Stats   Avg      Stdev     Max   +/- Stdev
    Latency     1.02ms  401.19us   3.60ms   65.84%
    Req/Sec   327.60    106.88   666.00     67.51%
  Latency Distribution (HdrHistogram - Recorded Latency)
 50.000%    1.01ms
 75.000%    1.29ms
 90.000%    1.56ms
 99.000%    2.00ms
 99.900%    2.27ms
 99.990%    2.62ms
 99.999%    3.09ms
100.000%    3.60ms

  Detailed Percentile spectrum:
       Value   Percentile   TotalCount 1/(1-Percentile)

       0.153     0.000000            1         1.00
       0.493     0.100000        10004         1.11
       0.646     0.200000        19921         1.25
       0.778     0.300000        29949         1.43
       0.900     0.400000        39887         1.67
       1.015     0.500000        49811         2.00
       1.071     0.550000        54861         2.22
       1.126     0.600000        59798         2.50
       1.182     0.650000        64799         2.86
       1.234     0.700000        69749         3.33
       1.291     0.750000        74753         4.00
       1.321     0.775000        77192         4.44
       1.357     0.800000        79702         5.00
       1.397     0.825000        82218         5.71
       1.443     0.850000        84688         6.67
       1.495     0.875000        87191         8.00
       1.523     0.887500        88428         8.89
       1.556     0.900000        89685        10.00
       1.591     0.912500        90911        11.43
       1.628     0.925000        92156        13.33
       1.670     0.937500        93390        16.00
       1.694     0.943750        94006        17.78
       1.721     0.950000        94634        20.00
       1.747     0.956250        95241        22.86
       1.779     0.962500        95874        26.67
       1.814     0.968750        96496        32.00
       1.834     0.971875        96804        35.56
       1.858     0.975000        97125        40.00
       1.880     0.978125        97422        45.71
       1.906     0.981250        97734        53.33
       1.937     0.984375        98048        64.00
       1.953     0.985938        98198        71.11
       1.971     0.987500        98363        80.00
       1.988     0.989062        98510        91.43
       2.013     0.990625        98667       106.67
       2.040     0.992188        98820       128.00
       2.057     0.992969        98908       142.22
       2.071     0.993750        98979       160.00
       2.085     0.994531        99062       182.86
       2.105     0.995313        99141       213.33
       2.125     0.996094        99209       256.00
       2.135     0.996484        99250       284.44
       2.151     0.996875        99294       320.00
       2.161     0.997266        99328       365.71
       2.179     0.997656        99366       426.67
       2.197     0.998047        99408       512.00
       2.205     0.998242        99426       568.89
       2.221     0.998437        99444       640.00
       2.235     0.998633        99462       731.43
       2.253     0.998828        99482       853.33
       2.275     0.999023        99502      1024.00
       2.283     0.999121        99512      1137.78
       2.297     0.999219        99521      1280.00
       2.311     0.999316        99531      1462.86
       2.327     0.999414        99541      1706.67
       2.347     0.999512        99550      2048.00
       2.361     0.999561        99556      2275.56
       2.373     0.999609        99561      2560.00
       2.381     0.999658        99564      2925.71
       2.391     0.999707        99569      3413.33
       2.425     0.999756        99574      4096.00
       2.475     0.999780        99577      4551.11
       2.477     0.999805        99579      5120.00
       2.505     0.999829        99581      5851.43
       2.583     0.999854        99584      6826.67
       2.603     0.999878        99586      8192.00
       2.623     0.999890        99588      9102.22
       2.643     0.999902        99589     10240.00
       2.651     0.999915        99590     11702.86
       2.683     0.999927        99591     13653.33
       2.709     0.999939        99592     16384.00
       2.741     0.999945        99593     18204.44
       2.757     0.999951        99594     20480.00
       2.757     0.999957        99594     23405.71
       3.023     0.999963        99595     27306.67
       3.023     0.999969        99595     32768.00
       3.065     0.999973        99596     36408.89
       3.065     0.999976        99596     40960.00
       3.065     0.999979        99596     46811.43
       3.089     0.999982        99597     54613.33
       3.089     0.999985        99597     65536.00
       3.089     0.999986        99597     72817.78
       3.089     0.999988        99597     81920.00
       3.089     0.999989        99597     93622.86
       3.603     0.999991        99598    109226.67
       3.603     1.000000        99598          inf
#[Mean    =        1.023, StdDeviation   =        0.401]
#[Max     =        3.602, Total count    =        99598]
#[Buckets =           27, SubBuckets     =         2048]
----------------------------------------------------------
  149934 requests in 30.00s, 33.32MB read
Requests/sec:   4997.25
Transfer/sec:      1.11MB
WRKX_RESULT {"durationUs":30003316,"requests":149934,"responses":149934,"errors":0,"bytes":34934622,"latencyAvgUs":1022.660,"latencyP95Us":1721.000,"latencyP99Us":2003.000}
