Running 30s test @ http://localhost:9991/
  16 threads and 256 connections
  Thread calibration: mean lat.: 1.206ms, rate sampling interval: 10ms
  Thread calibration: mean lat.: 1.131ms, rate sampling interval: 10ms
  Thread calibration: mean lat.: 1.157ms, rate sampling interval: 10ms
  Thread calibration: mean lat.: 1.149ms, rate sampling interval: 10ms
  Thread calibration: mean lat.: 1.142ms, rate sampling interval: 10ms
  Thread calibration: mean lat.: 1.153ms, rate sampling interval: 10ms
  Thread calibration: mean lat.: 1.153ms, rate sampling interval: 10ms
  Thread calibration: mean lat.: 1.132ms, rate sampling interval: 10ms
  Thread calibration: mean lat.: 1.138ms, rate sampling interval: 10ms
  Thread calibration: mean lat.: 1.128ms, rate sampling interval: 10ms
  Thread calibration: mean lat.: 1.138ms, rate sampling interval: 10ms
  Thread calibration: mean lat.: 1.152ms, rate sampling interval: 10ms
  Thread calibration: mean lat.: 1.119ms, rate sampling interval: 10ms
  Thread calibration: mean lat.: 1.101ms, rate sampling interval: 10ms
  Thread calibration: mean lat.: 1.116ms, rate sampling interval: 10ms
  Thread calibration: mean lat.: 1.139ms, rate sampling interval: 10ms
  Thread Stats   Avg      Stdev     Max   +/- Stdev
    Latency     1.10ms  414.42us   3.17ms   65.93%
    Req/Sec   166.12    119.14   600.00     64.10%
  Latency Distribution (HdrHistogram - Recorded Latency)
 50.000%    1.09ms
 75.000%    1.37ms
 90.000%    1.66ms
 99.000%    2.10ms
 99.900%    2.53ms
 99.990%    2.95ms
 99.999%    3.17ms
100.000%    3.17ms

  Detailed Percentile spectrum:
       Value   Percentile   TotalCount 1/(1-Percentile)

       0.175     0.000000            1         1.00
       0.562     0.100000         5004         1.11
       0.721     0.200000         9977         1.25
       0.854     0.300000        14965         1.43
       0.974     0.400000        19940         1.67
       1.091     0.500000        24945         2.00
       1.146     0.550000        27388         2.22
       1.200     0.600000        29911         2.50
       1.254     0.650000        32380         2.86
       1.311     0.700000        34877         3.33
       1.374     0.750000        37350         4.00
       1.412     0.775000        38624         4.44
       1.453     0.800000        39867         5.00
       1.497     0.825000        41091         5.71
       1.545     0.850000        42344         6.67
       1.598     0.875000        43571         8.00
       1.628     0.887500        44214         8.89
       1.662     0.900000        44826        10.00
       1.695     0.912500        45443        11.43
       1.734     0.925000        46080        13.33
       1.773     0.937500        46694        16.00
       1.794     0.943750        47011        17.78
       1.818     0.950000        47309        20.00
       1.845     0.956250        47623        22.86
       1.876     0.962500        47941        26.67
       1.909     0.968750        48239        32.00
       1.928     0.971875        48395        35.56
       1.947     0.975000        48557        40.00
       1.970     0.978125        48706        45.71
       1.995     0.981250        48862        53.33
       2.029     0.984375        49017        64.00
       2.046     0.985938        49095        71.11
       2.067     0.987500        49178        80.00
       2.087     0.989062        49251        91.43
       2.111     0.990625        49333       106.67
       2.143     0.992188        49408       128.00
       2.157     0.992969        49446       142.22
       2.175     0.993750        49484       160.00
       2.197     0.994531        49524       182.86
       2.215     0.995313        49566       213.33
       2.241     0.996094        49602       256.00
       2.255     0.996484        49621       284.44
       2.271     0.996875        49640       320.00
       2.297     0.997266        49659       365.71
       2.333     0.997656        49679       426.67
       2.355     0.998047        49698       512.00
       2.383     0.998242        49709       568.89
       2.411     0.998437        49718       640.00
       2.433     0.998633        49727       731.43
       2.487     0.998828        49737       853.33
       2.547     0.999023        49747      1024.00
       2.591     0.999121        49752      1137.78
       2.633     0.999219        49757      1280.00
       2.657     0.999316        49761      1462.86
       2.705     0.999414        49766      1706.67
       2.733     0.999512        49771      2048.00
       2.761     0.999561        49774      2275.56
       2.805     0.999609        49776      2560.00
       2.819     0.999658        49778      2925.71
       2.865     0.999707        49781      3413.33
       2.879     0.999756        49783      4096.00
       2.899     0.999780        49785      4551.11
       2.915     0.999805        49786      5120.00
       2.919     0.999829        49788      5851.43
       2.919     0.999854        49788      6826.67
       2.939     0.999878        49789      8192.00
       2.949     0.999890        49790      9102.22
       3.047     0.999902        49791     10240.00
       3.047     0.999915        49791     11702.86
       3.049     0.999927        49792     13653.33
       3.049     0.999939        49792     16384.00
       3.059     0.999945        49793     18204.44
       3.059     0.999951        49793     20480.00
       3.059     0.999957        49793     23405.71
       3.147     0.999963        49794     27306.67
       3.147     0.999969        49794     32768.00
       3.147     0.999973        49794     36408.89
       3.147     0.999976        49794     40960.00
       3.147     0.999979        49794     46811.43
       3.171     0.999982        49795     54613.33
       3.171     1.000000        49795          inf
#[Mean    =        1.102, StdDeviation   =        0.414]
#[Max     =        3.170, Total count    =        49795]
#[Buckets =           27, SubBuckets     =         2048]
----------------------------------------------------------
  75024 requests in 30.00s, 16.67MB read
Requests/sec:   2500.40
Transfer/sec:    568.94KB
WRKX_RESULT {"durationUs":30004832,"requests":75024,"responses":75024,"errors":0,"bytes":17480592,"latencyAvgUs":1101.840,"latencyP95Us":1818.000,"latencyP99Us":2099.000}
