Running 30s test @ http://localhost:9991/
  16 threads and 256 connections
  Thread calibration: mean lat.: 494.003ms, rate sampling interval: 1912ms
  Thread calibration: mean lat.: 453.654ms, rate sampling interval: 1850ms
  Thread calibration: mean lat.: 494.841ms, rate sampling interval: 1926ms
  Thread calibration: mean lat.: 479.567ms, rate sampling interval: 1847ms
  Thread calibration: mean lat.: 518.302ms, rate sampling interval: 1988ms
  Thread calibration: mean lat.: 503.285ms, rate sampling interval: 1933ms
  Thread calibration: mean lat.: 500.265ms, rate sampling interval: 1922ms
  Thread calibration: mean lat.: 477.762ms, rate sampling interval: 1873ms
  Thread calibration: mean lat.: 533.278ms, rate sampling interval: 2012ms
  Thread calibration: mean lat.: 488.883ms, rate sampling interval: 1923ms
  Thread calibration: mean lat.: 479.884ms, rate sampling interval: 1886ms
  Thread calibration: mean lat.: 505.086ms, rate sampling interval: 1966ms
  Thread calibration: mean lat.: 494.424ms, rate sampling interval: 2000ms
  Thread calibration: mean lat.: 494.440ms, rate sampling interval: 1936ms
  Thread calibration: mean lat.: 523.599ms, rate sampling interval: 1994ms
  Thread calibration: mean lat.: 486.045ms, rate sampling interval: 1863ms
  Thread Stats   Avg      Stdev     Max   +/- Stdev
    Latency     1.99s   610.08ms   3.49s    59.97%
    Req/Sec     2.82k    65.31     2.97k    65.61%
  Latency Distribution (HdrHistogram - Recorded Latency)
 50.000%    1.99s 
 75.000%    2.48s 
 90.000%    2.81s 
 99.000%    3.20s 
 99.900%    3.40s 
 99.990%    3.45s 
 99.999%    3.48s 
100.000%    3.49s 

  Detailed Percentile spectrum:
       Value   Percentile   TotalCount 1/(1-Percentile)

     625.151     0.000000            1         1.00
    1181.695     0.100000        90486         1.11
    1360.895     0.200000       180407         1.25
    1562.623     0.300000       270671         1.43
    1770.495     0.400000       360759         1.67
    1994.751     0.500000       450855         2.00
    2097.151     0.550000       495958         2.22
    2197.503     0.600000       541430         2.50
    2291.711     0.650000       586567         2.86
    2385.919     0.700000       631669         3.33
    2484.223     0.750000       676818         4.00
    2529.279     0.775000       698819         4.44
    2580.479     0.800000       721246         5.00
    2635.775     0.825000       744568         5.71
    2691.071     0.850000       766839         6.67
    2750.463     0.875000       788989         8.00
    2779.135     0.887500       800316         8.89
    2809.855     0.900000       811465        10.00
    2842.623     0.912500       823063        11.43
    2877.439     0.925000       834180        13.33
    2920.447     0.937500       845568        16.00
    2940.927     0.943750       850893        17.78
    2965.503     0.950000       856562        20.00
    2994.175     0.956250       862274        22.86
    3024.895     0.962500       868009        26.67
    3057.663     0.968750       873577        32.00
    3071.999     0.971875       876183        35.56
    3088.383     0.975000       879110        40.00
    3106.815     0.978125       881804        45.71
    3129.343     0.981250       884806        53.33
    3149.823     0.984375       887509        64.00
    3164.159     0.985938       889031        71.11
    3176.447     0.987500       890375        80.00
    3192.831     0.989062       891770        91.43
    3211.263     0.990625       893185       106.67
    3231.743     0.992188       894640       128.00
    3239.935     0.992969       895200       142.22
    3254.271     0.993750       895935       160.00
    3272.703     0.994531       896684       182.86
    3289.087     0.995313       897344       213.33
    3305.471     0.996094       898040       256.00
    3313.663     0.996484       898415       284.44
    3323.903     0.996875       898712       320.00
    3338.239     0.997266       899113       365.71
    3350.527     0.997656       899468       426.67
    3360.767     0.998047       899765       512.00
    3366.911     0.998242       899941       568.89
    3375.103     0.998437       900159       640.00
    3383.295     0.998633       900330       731.43
    3391.487     0.998828       900470       853.33
    3399.679     0.999023       900677      1024.00
    3401.727     0.999121       900737      1137.78
    3407.871     0.999219       900861      1280.00
    3409.919     0.999316       900906      1462.86
    3414.015     0.999414       901001      1706.67
    3420.159     0.999512       901106      2048.00
    3422.207     0.999561       901129      2275.56
    3426.303     0.999609       901176      2560.00
    3430.399     0.999658       901242      2925.71
    3432.447     0.999707       901270      3413.33
    3436.543     0.999756       901323      4096.00
    3438.591     0.999780       901345      4551.11
    3440.639     0.999805       901372      5120.00
    3440.639     0.999829       901372      5851.43
    3442.687     0.999854       901400      6826.67
    3444.735     0.999878       901417      8192.00
    3446.783     0.999890       901429      9102.22
    3448.831     0.999902       901435     10240.00
    3452.927     0.999915       901450     11702.86
    3454.975     0.999927       901458     13653.33
    3457.023     0.999939       901469     16384.00
    3459.071     0.999945       901473     18204.44
    3461.119     0.999951       901479     20480.00
    3465.215     0.999957       901490     23405.71
    3465.215     0.999963       901490     27306.67
    3469.311     0.999969       901499     32768.00
    3469.311     0.999973       901499     36408.89
    3471.359     0.999976       901500     40960.00
    3475.455     0.999979       901504     46811.43
    3477.503     0.999982       901507     54613.33
    3479.551     0.999985       901513     65536.00
    3479.551     0.999986       901513     72817.78
    3479.551     0.999988       901513     81920.00
    3479.551     0.999989       901513     93622.86
    3481.599     0.999991       901516    109226.67
    3481.599     0.999992       901516    131072.00
    3481.599     0.999993       901516    145635.56
    3483.647     0.999994       901518    163840.00
    3483.647     0.999995       901518    187245.71
    3483.647     0.999995       901518    218453.33
    3485.695     0.999996       901520    262144.00
    3485.695     0.999997       901520    291271.11
    3485.695     0.999997       901520    327680.00
    3485.695     0.999997       901520    374491.43
    3485.695     0.999998       901520    436906.67
    3487.743     0.999998       901521    524288.00
    3487.743     0.999998       901521    582542.22
    3487.743     0.999998       901521    655360.00
    3487.743     0.999999       901521    748982.86
    3487.743     0.999999       901521    873813.33
    3489.791     0.999999       901522   1048576.00
    3489.791     1.000000       901522          inf
#[Mean    =     1987.881, StdDeviation   =      610.080]
#[Max     =     3487.744, Total count    =       901522]
#[Buckets =           27, SubBuckets     =         2048]
----------------------------------------------------------
  1351584 requests in 30.00s, 300.33MB read
Requests/sec:  45053.08
Transfer/sec:     10.01MB
WRKX_RESULT {"durationUs":29999814,"requests":1351584,"responses":1351584,"errors":0,"bytes":314923782,"latencyAvgUs":1987880.830,"latencyP95Us":2965503.000,"latencyP99Us":3203071.000}
