Running 30s test @ http://localhost:9991/
  16 threads and 256 connections
  Thread calibration: mean lat.: 2618.149ms, rate sampling interval: 10657ms
  Thread calibration: mean lat.: 2690.720ms, rate sampling interval: 10485ms
  Thread calibration: mean lat.: 2841.253ms, rate sampling interval: 11231ms
  Thread calibration: mean lat.: 2626.915ms, rate sampling interval: 10813ms
  Thread calibration: mean lat.: 2933.836ms, rate sampling interval: 11100ms
  Thread calibration: mean lat.: 2675.536ms, rate sampling interval: 10584ms
  Thread calibration: mean lat.: 3058.254ms, rate sampling interval: 11739ms
  Thread calibration: mean lat.: 2821.768ms, rate sampling interval: 10960ms
  Thread calibration: mean lat.: 2817.781ms, rate sampling interval: 11444ms
  Thread calibration: mean lat.: 3166.340ms, rate sampling interval: 12189ms
  Thread calibration: mean lat.: 2793.551ms, rate sampling interval: 11476ms
  Thread calibration: mean lat.: 2718.182ms, rate sampling interval: 10960ms
  Thread calibration: mean lat.: 3185.746ms, rate sampling interval: 12181ms
  Thread calibration: mean lat.: 2802.173ms, rate sampling interval: 10797ms
  Thread calibration: mean lat.: 2115.131ms, rate sampling interval: 8327ms
  Thread calibration: mean lat.: 2463.775ms, rate sampling interval: 9912ms
  Thread Stats   Avg      Stdev     Max   +/- Stdev
    Latency    11.54s     4.27s   23.56s    66.30%
    Req/Sec   480.17     53.83   606.00     77.78%
  Latency Distribution (HdrHistogram - Recorded Latency)
 50.000%   11.33s 
 75.000%   14.77s 
 90.000%   17.17s 
 99.000%   21.17s 
 99.900%   22.92s 
 99.990%   23.23s 
 99.999%   23.54s 
100.000%   23.58s 

  Detailed Percentile spectrum:
       Value   Percentile   TotalCount 1/(1-Percentile)

       2.087     0.000000            1         1.00
    6168.575     0.100000        15299         1.11
    7745.535     0.200000        30597         1.25
    8904.703     0.300000        45917         1.43
   10108.927     0.400000        61196         1.67
   11329.535     0.500000        76493         2.00
   11960.319     0.550000        84185         2.22
   12689.407     0.600000        91853         2.50
   13385.727     0.650000        99475         2.86
   14073.855     0.700000       107171         3.33
   14770.175     0.750000       114764         4.00
   15048.703     0.775000       118616         4.44
   15400.959     0.800000       122474         5.00
   15769.599     0.825000       126261         5.71
   16187.391     0.850000       130047         6.67
   16670.719     0.875000       133895         8.00
   16924.671     0.887500       135859         8.89
   17170.431     0.900000       137773        10.00
   17448.959     0.912500       139586        11.43
   17793.023     0.925000       141526        13.33
   18202.623     0.937500       143458        16.00
   18415.615     0.943750       144367        17.78
   18677.759     0.950000       145326        20.00
   18939.903     0.956250       146306        22.86
   19234.815     0.962500       147240        26.67
   19496.959     0.968750       148256        32.00
   19644.415     0.971875       148687        35.56
   19841.023     0.975000       149165        40.00
   20086.783     0.978125       149631        45.71
   20332.543     0.981250       150120        53.33
   20578.303     0.984375       150582        64.00
   20725.759     0.985938       150838        71.11
   20873.215     0.987500       151072        80.00
   21037.055     0.989062       151295        91.43
   21266.431     0.990625       151536       106.67
   21512.191     0.992188       151784       128.00
   21626.879     0.992969       151898       142.22
   21774.335     0.993750       152011       160.00
   21938.175     0.994531       152133       182.86
   22085.631     0.995313       152254       213.33
   22233.087     0.996094       152372       256.00
   22331.391     0.996484       152434       284.44
   22413.311     0.996875       152490       320.00
   22511.615     0.997266       152551       365.71
   22609.919     0.997656       152615       426.67
   22691.839     0.998047       152672       512.00
   22740.991     0.998242       152706       568.89
   22773.759     0.998437       152729       640.00
   22822.911     0.998633       152759       731.43
   22872.063     0.998828       152793       853.33
   22937.599     0.999023       152826      1024.00
   22953.983     0.999121       152836      1137.78
   22986.751     0.999219       152852      1280.00
   23019.519     0.999316       152869      1462.86
   23035.903     0.999414       152878      1706.67
   23068.671     0.999512       152892      2048.00
   23101.439     0.999561       152908      2275.56
   23101.439     0.999609       152908      2560.00
   23117.823     0.999658       152915      2925.71
   23150.591     0.999707       152924      3413.33
   23166.975     0.999756       152929      4096.00
   23183.359     0.999780       152937      4551.11
   23183.359     0.999805       152937      5120.00
   23199.743     0.999829       152944      5851.43
   23199.743     0.999854       152944      6826.67
   23216.127     0.999878       152948      8192.00
   23232.511     0.999890       152951      9102.22
   23248.895     0.999902       152952     10240.00
   23265.279     0.999915       152953     11702.86
   23298.047     0.999927       152956     13653.33
   23330.815     0.999939       152957     16384.00
   23363.583     0.999945       152958     18204.44
   23379.967     0.999951       152960     20480.00
   23379.967     0.999957       152960     23405.71
   23429.119     0.999963       152961     27306.67
   23478.271     0.999969       152963     32768.00
   23478.271     0.999973       152963     36408.89
   23478.271     0.999976       152963     40960.00
   23478.271     0.999979       152963     46811.43
   23543.807     0.999982       152965     54613.33
   23543.807     0.999985       152965     65536.00
   23543.807     0.999986       152965     72817.78
   23543.807     0.999988       152965     81920.00
   23543.807     0.999989       152965     93622.86
   23543.807     0.999991       152965    109226.67
   23543.807     0.999992       152965    131072.00
   23543.807     0.999993       152965    145635.56
   23576.575     0.999994       152966    163840.00
   23576.575     1.000000       152966          inf
#[Mean    =    11538.671, StdDeviation   =     4270.513]
#[Max     =    23560.192, Total count    =       152966]
#[Buckets =           27, SubBuckets     =         2048]
----------------------------------------------------------
  230391 requests in 30.00s, 41.31MB read
  Socket errors: connect 0, read 5, write 0, timeout 0
Requests/sec:   7679.12
Transfer/sec:      1.38MB
WRKX_RESULT {"durationUs":30002283,"requests":230391,"responses":230391,"errors":5,"bytes":43319607,"latencyAvgUs":11538671.399,"latencyP95Us":18677759.000,"latencyP99Us":21168127.000}
