Running 30s test @ http://localhost:9991/
  16 threads and 256 connections
  Thread calibration: mean lat.: 4789.879ms, rate sampling interval: 17203ms
  Thread calibration: mean lat.: 4829.033ms, rate sampling interval: 17203ms
  Thread calibration: mean lat.: 4806.681ms, rate sampling interval: 17350ms
  Thread calibration: mean lat.: 4606.575ms, rate sampling interval: 17072ms
  Thread calibration: mean lat.: 4809.233ms, rate sampling interval: 17416ms
  Thread calibration: mean lat.: 4837.241ms, rate sampling interval: 17350ms
  Thread calibration: mean lat.: 4917.645ms, rate sampling interval: 17596ms
  Thread calibration: mean lat.: 4816.602ms, rate sampling interval: 17383ms
  Thread calibration: mean lat.: 4688.809ms, rate sampling interval: 16973ms
  Thread calibration: mean lat.: 4677.429ms, rate sampling interval: 17104ms
  Thread calibration: mean lat.: 4863.989ms, rate sampling interval: 17416ms
  Thread calibration: mean lat.: 4840.070ms, rate sampling interval: 17383ms
  Thread calibration: mean lat.: 4786.141ms, rate sampling interval: 17301ms
  Thread calibration: mean lat.: 4652.523ms, rate sampling interval: 16990ms
  Thread calibration: mean lat.: 4617.072ms, rate sampling interval: 17285ms
  Thread calibration: mean lat.: 4853.845ms, rate sampling interval: 17448ms
  Thread Stats   Avg      Stdev     Max   +/- Stdev
    Latency    19.20s     5.59s   29.36s    57.71%
    Req/Sec   465.38     52.04   544.00     68.75%
  Latency Distribution (HdrHistogram - Recorded Latency)
 50.000%   19.10s 
 75.000%   24.10s 
 90.000%   26.92s 
 99.000%   28.84s 
 99.900%   29.21s 
 99.990%   29.31s 
 99.999%   29.38s 
100.000%   29.38s 

  Detailed Percentile spectrum:
       Value   Percentile   TotalCount 1/(1-Percentile)

    9052.159     0.000000            1         1.00
   11517.951     0.100000        14881         1.11
   13484.031     0.200000        29717         1.25
   15269.887     0.300000        44588         1.43
   17186.815     0.400000        59542         1.67
   19103.743     0.500000        74339         2.00
   20119.551     0.550000        81802         2.22
   21020.671     0.600000        89185         2.50
   22069.247     0.650000        96584         2.86
   23166.975     0.700000       104071         3.33
   24100.863     0.750000       111472         4.00
   24625.151     0.775000       115164         4.44
   25116.671     0.800000       118884         5.00
   25624.575     0.825000       122708         5.71
   26050.559     0.850000       126302         6.67
   26476.543     0.875000       130007         8.00
   26705.919     0.887500       131912         8.89
   26918.911     0.900000       133722        10.00
   27164.671     0.912500       135696        11.43
   27377.663     0.925000       137469        13.33
   27607.039     0.937500       139290        16.00
   27738.111     0.943750       140277        17.78
   27869.183     0.950000       141254        20.00
   27983.871     0.956250       142082        22.86
   28114.943     0.962500       143003        26.67
   28262.399     0.968750       144021        32.00
   28327.935     0.971875       144422        35.56
   28409.855     0.975000       144923        40.00
   28491.775     0.978125       145409        45.71
   28573.695     0.981250       145869        53.33
   28655.615     0.984375       146306        64.00
   28704.767     0.985938       146543        71.11
   28753.919     0.987500       146761        80.00
   28803.071     0.989062       146965        91.43
   28868.607     0.990625       147226       106.67
   28917.759     0.992188       147416       128.00
   28950.527     0.992969       147553       142.22
   28983.295     0.993750       147698       160.00
   28999.679     0.994531       147775       182.86
   29032.447     0.995313       147913       213.33
   29065.215     0.996094       148035       256.00
   29081.599     0.996484       148083       284.44
   29097.983     0.996875       148142       320.00
   29114.367     0.997266       148190       365.71
   29130.751     0.997656       148243       426.67
   29147.135     0.998047       148285       512.00
   29163.519     0.998242       148338       568.89
   29179.903     0.998437       148382       640.00
   29179.903     0.998633       148382       731.43
   29196.287     0.998828       148417       853.33
   29212.671     0.999023       148446      1024.00
   29212.671     0.999121       148446      1137.78
   29229.055     0.999219       148482      1280.00
   29229.055     0.999316       148482      1462.86
   29245.439     0.999414       148508      1706.67
   29245.439     0.999512       148508      2048.00
   29245.439     0.999561       148508      2275.56
   29261.823     0.999609       148529      2560.00
   29261.823     0.999658       148529      2925.71
   29278.207     0.999707       148543      3413.33
   29278.207     0.999756       148543      4096.00
   29278.207     0.999780       148543      4551.11
   29294.591     0.999805       148551      5120.00
   29294.591     0.999829       148551      5851.43
   29310.975     0.999854       148561      6826.67
   29310.975     0.999878       148561      8192.00
   29310.975     0.999890       148561      9102.22
   29310.975     0.999902       148561     10240.00
   29310.975     0.999915       148561     11702.86
   29327.359     0.999927       148564     13653.33
   29327.359     0.999939       148564     16384.00
   29343.743     0.999945       148569     18204.44
   29343.743     0.999951       148569     20480.00
   29343.743     0.999957       148569     23405.71
   29343.743     0.999963       148569     27306.67
   29343.743     0.999969       148569     32768.00
   29343.743     0.999973       148569     36408.89
   29360.127     0.999976       148570     40960.00
   29360.127     0.999979       148570     46811.43
   29376.511     0.999982       148573     54613.33
   29376.511     1.000000       148573          inf
#[Mean    =    19201.307, StdDeviation   =     5588.896]
#[Max     =    29360.128, Total count    =       148573]
#[Buckets =           27, SubBuckets     =         2048]
----------------------------------------------------------
  221871 requests in 30.00s, 39.79MB read
  Socket errors: connect 0, read 5, write 0, timeout 0
Requests/sec:   7395.09
Transfer/sec:      1.33MB
WRKX_RESULT {"durationUs":30002479,"requests":221871,"responses":221871,"errors":5,"bytes":41718094,"latencyAvgUs":19201306.892,"latencyP95Us":27869183.000,"latencyP99Us":28835839.000}
