Running 30s test @ http://localhost:9991/
  16 threads and 256 connections
  Thread calibration: mean lat.: 3509.811ms, rate sampling interval: 12763ms
  Thread calibration: mean lat.: 3411.994ms, rate sampling interval: 12886ms
  Thread calibration: mean lat.: 3668.096ms, rate sampling interval: 13066ms
  Thread calibration: mean lat.: 3813.046ms, rate sampling interval: 13631ms
  Thread calibration: mean lat.: 3450.498ms, rate sampling interval: 12640ms
  Thread calibration: mean lat.: 3454.175ms, rate sampling interval: 12722ms
  Thread calibration: mean lat.: 3535.228ms, rate sampling interval: 13123ms
  Thread calibration: mean lat.: 3619.239ms, rate sampling interval: 13246ms
  Thread calibration: mean lat.: 3432.537ms, rate sampling interval: 12787ms
  Thread calibration: mean lat.: 3527.324ms, rate sampling interval: 12746ms
  Thread calibration: mean lat.: 3791.317ms, rate sampling interval: 13746ms
  Thread calibration: mean lat.: 3636.494ms, rate sampling interval: 13115ms
  Thread calibration: mean lat.: 3574.874ms, rate sampling interval: 13213ms
  Thread calibration: mean lat.: 3416.886ms, rate sampling interval: 12509ms
  Thread calibration: mean lat.: 3535.846ms, rate sampling interval: 13082ms
  Thread calibration: mean lat.: 3625.929ms, rate sampling interval: 13180ms
  Thread Stats   Avg      Stdev     Max   +/- Stdev
    Latency    14.30s     4.78s   25.94s    62.43%
    Req/Sec   475.19     71.25   653.00     62.50%
  Latency Distribution (HdrHistogram - Recorded Latency)
 50.000%   14.55s 
 75.000%   17.92s 
 90.000%   20.71s 
 99.000%   24.15s 
 99.900%   25.10s 
 99.990%   25.72s 
 99.999%   25.92s 
100.000%   25.95s 

  Detailed Percentile spectrum:
       Value   Percentile   TotalCount 1/(1-Percentile)

    1090.559     0.000000            1         1.00
    8155.135     0.100000        15287         1.11
    9510.911     0.200000        30576         1.25
   10919.935     0.300000        45827         1.43
   12648.447     0.400000        61120         1.67
   14548.991     0.500000        76332         2.00
   15343.615     0.550000        83995         2.22
   15990.783     0.600000        91577         2.50
   16572.415     0.650000        99209         2.86
   17219.583     0.700000       106842         3.33
   17924.095     0.750000       114496         4.00
   18251.775     0.775000       118319         4.44
   18661.375     0.800000       122179         5.00
   19087.359     0.825000       125932         5.71
   19562.495     0.850000       129735         6.67
   20103.167     0.875000       133573         8.00
   20381.695     0.887500       135523         8.89
   20709.375     0.900000       137351        10.00
   21037.055     0.912500       139291        11.43
   21446.655     0.925000       141200        13.33
   21905.407     0.937500       143065        16.00
   22118.399     0.943750       144026        17.78
   22315.007     0.950000       145001        20.00
   22511.615     0.956250       145983        22.86
   22757.375     0.962500       146924        26.67
   22953.983     0.968750       147844        32.00
   23085.055     0.971875       148320        35.56
   23248.895     0.975000       148806        40.00
   23445.503     0.978125       149290        45.71
   23658.495     0.981250       149754        53.33
   23855.103     0.984375       150236        64.00
   23920.639     0.985938       150507        71.11
   24002.559     0.987500       150731        80.00
   24084.479     0.989062       150949        91.43
   24199.167     0.990625       151196       106.67
   24297.471     0.992188       151418       128.00
   24363.007     0.992969       151530       142.22
   24444.927     0.993750       151664       160.00
   24526.847     0.994531       151786       182.86
   24592.383     0.995313       151886       213.33
   24674.303     0.996094       152004       256.00
   24723.455     0.996484       152074       284.44
   24772.607     0.996875       152141       320.00
   24821.759     0.997266       152192       365.71
   24870.911     0.997656       152247       426.67
   24936.447     0.998047       152306       512.00
   24969.215     0.998242       152341       568.89
   25001.983     0.998437       152364       640.00
   25034.751     0.998633       152401       731.43
   25067.519     0.998828       152426       853.33
   25116.671     0.999023       152456      1024.00
   25133.055     0.999121       152466      1137.78
   25165.823     0.999219       152485      1280.00
   25198.591     0.999316       152498      1462.86
   25247.743     0.999414       152512      1706.67
   25296.895     0.999512       152526      2048.00
   25329.663     0.999561       152533      2275.56
   25378.815     0.999609       152540      2560.00
   25427.967     0.999658       152549      2925.71
   25460.735     0.999707       152557      3413.33
   25477.119     0.999756       152563      4096.00
   25493.503     0.999780       152568      4551.11
   25509.887     0.999805       152571      5120.00
   25542.655     0.999829       152574      5851.43
   25559.039     0.999854       152577      6826.67
   25657.343     0.999878       152581      8192.00
   25706.495     0.999890       152583      9102.22
   25739.263     0.999902       152585     10240.00
   25772.031     0.999915       152587     11702.86
   25788.415     0.999927       152588     13653.33
   25837.567     0.999939       152590     16384.00
   25853.951     0.999945       152592     18204.44
   25853.951     0.999951       152592     20480.00
   25870.335     0.999957       152593     23405.71
   25886.719     0.999963       152594     27306.67
   25903.103     0.999969       152596     32768.00
   25903.103     0.999973       152596     36408.89
   25903.103     0.999976       152596     40960.00
   25903.103     0.999979       152596     46811.43
   25919.487     0.999982       152597     54613.33
   25919.487     0.999985       152597     65536.00
   25919.487     0.999986       152597     72817.78
   25935.871     0.999988       152598     81920.00
   25935.871     0.999989       152598     93622.86
   25935.871     0.999991       152598    109226.67
   25935.871     0.999992       152598    131072.00
   25935.871     0.999993       152598    145635.56
   25952.255     0.999994       152599    163840.00
   25952.255     1.000000       152599          inf
#[Mean    =    14302.745, StdDeviation   =     4784.470]
#[Max     =    25935.872, Total count    =       152599]
#[Buckets =           27, SubBuckets     =         2048]
----------------------------------------------------------
  230628 requests in 30.01s, 41.36MB read
  Socket errors: connect 0, read 5, write 0, timeout 0
Requests/sec:   7686.26
Transfer/sec:      1.38MB
WRKX_RESULT {"durationUs":30005232,"requests":230628,"responses":230628,"errors":5,"bytes":43366063,"latencyAvgUs":14302744.808,"latencyP95Us":22315007.000,"latencyP99Us":24150015.000}
