Running 30s test @ http://localhost:9991/
  16 threads and 256 connections
  Thread calibration: mean lat.: 2427.484ms, rate sampling interval: 9895ms
  Thread calibration: mean lat.: 1981.657ms, rate sampling interval: 8568ms
  Thread calibration: mean lat.: 2307.288ms, rate sampling interval: 10428ms
  Thread calibration: mean lat.: 1828.919ms, rate sampling interval: 8302ms
  Thread calibration: mean lat.: 1754.638ms, rate sampling interval: 7647ms
  Thread calibration: mean lat.: 2216.421ms, rate sampling interval: 9265ms
  Thread calibration: mean lat.: 2018.199ms, rate sampling interval: 9306ms
  Thread calibration: mean lat.: 1785.521ms, rate sampling interval: 8228ms
  Thread calibration: mean lat.: 1894.757ms, rate sampling interval: 8855ms
  Thread calibration: mean lat.: 1969.497ms, rate sampling interval: 9256ms
  Thread calibration: mean lat.: 1902.292ms, rate sampling interval: 7929ms
  Thread calibration: mean lat.: 2247.444ms, rate sampling interval: 9887ms
  Thread calibration: mean lat.: 2238.889ms, rate sampling interval: 8781ms
  Thread calibration: mean lat.: 2406.751ms, rate sampling interval: 10706ms
  Thread calibration: mean lat.: 2403.834ms, rate sampling interval: 10231ms
  Thread calibration: mean lat.: 2413.956ms, rate sampling interval: 9781ms
  Thread Stats   Avg      Stdev     Max   +/- Stdev
    Latency     9.02s     4.96s   21.86s    64.41%
    Req/Sec   469.52     72.99   654.00     68.97%
  Latency Distribution (HdrHistogram - Recorded Latency)
 50.000%    8.99s 
 75.000%   12.83s 
 90.000%   15.68s 
 99.000%   19.53s 
 99.900%   20.99s 
 99.990%   21.56s 
 99.999%   21.81s 
100.000%   21.87s 

  Detailed Percentile spectrum:
       Value   Percentile   TotalCount 1/(1-Percentile)

       1.646     0.000000            1         1.00
    2318.335     0.100000        15149         1.11
    4489.215     0.200000        30326         1.25
    6082.559     0.300000        45471         1.43
    7565.311     0.400000        60627         1.67
    8986.623     0.500000        75794         2.00
    9699.327     0.550000        83399         2.22
   10412.031     0.600000        90948         2.50
   11149.311     0.650000        98504         2.86
   11976.703     0.700000       106093         3.33
   12828.671     0.750000       113644         4.00
   13254.655     0.775000       117478         4.44
   13647.871     0.800000       121202         5.00
   14139.391     0.825000       125015         5.71
   14581.759     0.850000       128807         6.67
   15065.087     0.875000       132570         8.00
   15376.383     0.887500       134449         8.89
   15679.487     0.900000       136374        10.00
   16007.167     0.912500       138276        11.43
   16375.807     0.925000       140165        13.33
   16744.447     0.937500       142068        16.00
   16957.439     0.943750       142995        17.78
   17170.431     0.950000       143916        20.00
   17334.271     0.956250       144880        22.86
   17547.263     0.962500       145838        26.67
   17825.791     0.968750       146753        32.00
   18006.015     0.971875       147244        35.56
   18186.239     0.975000       147702        40.00
   18399.231     0.978125       148203        45.71
   18628.607     0.981250       148658        53.33
   18923.519     0.984375       149132        64.00
   19103.743     0.985938       149388        71.11
   19234.815     0.987500       149597        80.00
   19431.423     0.989062       149839        91.43
   19578.879     0.990625       150084       106.67
   19759.103     0.992188       150316       128.00
   19841.023     0.992969       150421       142.22
   19939.327     0.993750       150548       160.00
   20021.247     0.994531       150663       182.86
   20135.935     0.995313       150781       213.33
   20250.623     0.996094       150897       256.00
   20316.159     0.996484       150958       284.44
   20381.695     0.996875       151016       320.00
   20463.615     0.997266       151081       365.71
   20512.767     0.997656       151133       426.67
   20594.687     0.998047       151196       512.00
   20643.839     0.998242       151219       568.89
   20709.375     0.998437       151250       640.00
   20791.295     0.998633       151278       731.43
   20889.599     0.998828       151309       853.33
   20987.903     0.999023       151339      1024.00
   21053.439     0.999121       151356      1137.78
   21102.591     0.999219       151372      1280.00
   21151.743     0.999316       151386      1462.86
   21200.895     0.999414       151402      1706.67
   21233.663     0.999512       151412      2048.00
   21266.431     0.999561       151421      2275.56
   21299.199     0.999609       151427      2560.00
   21348.351     0.999658       151435      2925.71
   21381.119     0.999707       151441      3413.33
   21446.655     0.999756       151451      4096.00
   21463.039     0.999780       151455      4551.11
   21479.423     0.999805       151456      5120.00
   21512.191     0.999829       151463      5851.43
   21512.191     0.999854       151463      6826.67
   21544.959     0.999878       151469      8192.00
   21544.959     0.999890       151469      9102.22
   21561.343     0.999902       151472     10240.00
   21577.727     0.999915       151474     11702.86
   21577.727     0.999927       151474     13653.33
   21610.495     0.999939       151476     16384.00
   21643.263     0.999945       151477     18204.44
   21659.647     0.999951       151478     20480.00
   21676.031     0.999957       151479     23405.71
   21692.415     0.999963       151480     27306.67
   21725.183     0.999969       151481     32768.00
   21725.183     0.999973       151481     36408.89
   21757.951     0.999976       151482     40960.00
   21757.951     0.999979       151482     46811.43
   21807.103     0.999982       151483     54613.33
   21807.103     0.999985       151483     65536.00
   21807.103     0.999986       151483     72817.78
   21839.871     0.999988       151484     81920.00
   21839.871     0.999989       151484     93622.86
   21839.871     0.999991       151484    109226.67
   21839.871     0.999992       151484    131072.00
   21839.871     0.999993       151484    145635.56
   21872.639     0.999994       151485    163840.00
   21872.639     1.000000       151485          inf
#[Mean    =     9018.758, StdDeviation   =     4964.991]
#[Max     =    21856.256, Total count    =       151485]
#[Buckets =           27, SubBuckets     =         2048]
----------------------------------------------------------
  228258 requests in 30.00s, 40.93MB read
  Socket errors: connect 0, read 7, write 0, timeout 0
Requests/sec:   7607.34
Transfer/sec:      1.36MB
WRKX_RESULT {"durationUs":30004977,"requests":228258,"responses":228258,"errors":7,"bytes":42920978,"latencyAvgUs":9018758.208,"latencyP95Us":17170431.000,"latencyP99Us":19529727.000}
