Running 30s test @ http://localhost:9991/
  16 threads and 256 connections
  Thread calibration: mean lat.: 4.069ms, rate sampling interval: 13ms
  Thread calibration: mean lat.: 3.987ms, rate sampling interval: 13ms
  Thread calibration: mean lat.: 3.994ms, rate sampling interval: 12ms
  Thread calibration: mean lat.: 3.782ms, rate sampling interval: 12ms
  Thread calibration: mean lat.: 3.845ms, rate sampling interval: 11ms
  Thread calibration: mean lat.: 3.721ms, rate sampling interval: 11ms
  Thread calibration: mean lat.: 3.857ms, rate sampling interval: 11ms
  Thread calibration: mean lat.: 4.288ms, rate sampling interval: 14ms
  Thread calibration: mean lat.: 4.316ms, rate sampling interval: 13ms
  Thread calibration: mean lat.: 4.530ms, rate sampling interval: 15ms
  Thread calibration: mean lat.: 7.289ms, rate sampling interval: 23ms
  Thread calibration: mean lat.: 4.194ms, rate sampling interval: 13ms
  Thread calibration: mean lat.: 4.353ms, rate sampling interval: 15ms
  Thread calibration: mean lat.: 3.922ms, rate sampling interval: 11ms
  Thread calibration: mean lat.: 4.738ms, rate sampling interval: 16ms
  Thread calibration: mean lat.: 4.503ms, rate sampling interval: 15ms
  Thread Stats   Avg      Stdev     Max   +/- Stdev
    Latency     4.37ms    2.19ms  20.91ms   80.50%
    Req/Sec   325.15    110.37   739.00     71.19%
  Latency Distribution (HdrHistogram - Recorded Latency)
 50.000%    3.68ms
 75.000%    5.22ms
 90.000%    7.41ms
 99.000%   12.03ms
 99.900%   15.48ms
 99.990%   18.56ms
 99.999%   20.90ms
100.000%   20.93ms

  Detailed Percentile spectrum:
       Value   Percentile   TotalCount 1/(1-Percentile)

       1.457     0.000000            1         1.00
       2.379     0.100000         9964         1.11
       2.695     0.200000        19953         1.25
       2.975     0.300000        29911         1.43
       3.287     0.400000        39881         1.67
       3.685     0.500000        49820         2.00
       3.921     0.550000        54798         2.22
       4.183     0.600000        59776         2.50
       4.471     0.650000        64734         2.86
       4.807     0.700000        69747         3.33
       5.215     0.750000        74707         4.00
       5.459     0.775000        77185         4.44
       5.751     0.800000        79670         5.00
       6.075     0.825000        82168         5.71
       6.443     0.850000        84650         6.67
       6.875     0.875000        87162         8.00
       7.135     0.887500        88400         8.89
       7.415     0.900000        89637        10.00
       7.699     0.912500        90885        11.43
       8.011     0.925000        92121        13.33
       8.383     0.937500        93367        16.00
       8.591     0.943750        93988        17.78
       8.823     0.950000        94613        20.00
       9.095     0.956250        95236        22.86
       9.455     0.962500        95867        26.67
       9.799     0.968750        96476        32.00
      10.047     0.971875        96792        35.56
      10.295     0.975000        97102        40.00
      10.575     0.978125        97411        45.71
      10.879     0.981250        97722        53.33
      11.263     0.984375        98039        64.00
      11.447     0.985938        98190        71.11
      11.655     0.987500        98349        80.00
      11.887     0.989062        98499        91.43
      12.111     0.990625        98654       106.67
      12.423     0.992188        98809       128.00
      12.599     0.992969        98888       142.22
      12.783     0.993750        98965       160.00
      13.031     0.994531        99044       182.86
      13.279     0.995313        99122       213.33
      13.575     0.996094        99198       256.00
      13.751     0.996484        99237       284.44
      13.911     0.996875        99277       320.00
      14.127     0.997266        99316       365.71
      14.303     0.997656        99354       426.67
      14.623     0.998047        99393       512.00
      14.791     0.998242        99413       568.89
      14.959     0.998437        99432       640.00
      15.143     0.998633        99451       731.43
      15.335     0.998828        99472       853.33
      15.503     0.999023        99490      1024.00
      15.671     0.999121        99501      1137.78
      15.871     0.999219        99510      1280.00
      16.151     0.999316        99519      1462.86
      16.375     0.999414        99529      1706.67
      16.575     0.999512        99539      2048.00
      16.687     0.999561        99544      2275.56
      16.847     0.999609        99549      2560.00
      16.991     0.999658        99553      2925.71
      17.439     0.999707        99558      3413.33
      17.807     0.999756        99563      4096.00
      17.919     0.999780        99566      4551.11
      18.015     0.999805        99568      5120.00
      18.143     0.999829        99570      5851.43
      18.319     0.999854        99573      6826.67
      18.415     0.999878        99575      8192.00
      18.559     0.999890        99577      9102.22
      18.703     0.999902        99578     10240.00
      18.831     0.999915        99579     11702.86
      18.847     0.999927        99580     13653.33
      19.279     0.999939        99581     16384.00
      19.743     0.999945        99582     18204.44
      20.191     0.999951        99584     20480.00
      20.191     0.999957        99584     23405.71
      20.191     0.999963        99584     27306.67
      20.191     0.999969        99584     32768.00
      20.831     0.999973        99585     36408.89
      20.831     0.999976        99585     40960.00
      20.831     0.999979        99585     46811.43
      20.895     0.999982        99586     54613.33
      20.895     0.999985        99586     65536.00
      20.895     0.999986        99586     72817.78
      20.895     0.999988        99586     81920.00
      20.895     0.999989        99586     93622.86
      20.927     0.999991        99587    109226.67
      20.927     1.000000        99587          inf
#[Mean    =        4.366, StdDeviation   =        2.186]
#[Max     =       20.912, Total count    =        99587]
#[Buckets =           27, SubBuckets     =         2048]
----------------------------------------------------------
  149621 requests in 30.03s, 26.83MB read
  Socket errors: connect 0, read 139, write 0, timeout 0
Requests/sec:   4981.89
Transfer/sec:      0.89MB
WRKX_RESULT {"durationUs":30032967,"requests":149621,"responses":149621,"errors":139,"bytes":28129071,"latencyAvgUs":4365.672,"latencyP95Us":8823.000,"latencyP99Us":12031.000}
