Running 30s test @ http://localhost:9991/
  16 threads and 256 connections
  Thread calibration: mean lat.: 3322.955ms, rate sampling interval: 12091ms
  Thread calibration: mean lat.: 3300.477ms, rate sampling interval: 12328ms
  Thread calibration: mean lat.: 3400.438ms, rate sampling interval: 12550ms
  Thread calibration: mean lat.: 3467.230ms, rate sampling interval: 12533ms
  Thread calibration: mean lat.: 3219.049ms, rate sampling interval: 11976ms
  Thread calibration: mean lat.: 3369.814ms, rate sampling interval: 12468ms
  Thread calibration: mean lat.: 3092.694ms, rate sampling interval: 11247ms
  Thread calibration: mean lat.: 3424.458ms, rate sampling interval: 12386ms
  Thread calibration: mean lat.: 3526.952ms, rate sampling interval: 12574ms
  Thread calibration: mean lat.: 3275.615ms, rate sampling interval: 11649ms
  Thread calibration: mean lat.: 3399.508ms, rate sampling interval: 12615ms
  Thread calibration: mean lat.: 3288.939ms, rate sampling interval: 12025ms
  Thread calibration: mean lat.: 3200.475ms, rate sampling interval: 11878ms
  Thread calibration: mean lat.: 3150.281ms, rate sampling interval: 11517ms
  Thread calibration: mean lat.: 3397.040ms, rate sampling interval: 12369ms
  Thread calibration: mean lat.: 3673.558ms, rate sampling interval: 13058ms
  Thread Stats   Avg      Stdev     Max   +/- Stdev
    Latency    13.36s     4.59s   24.89s    61.80%
    Req/Sec   480.81     64.41   636.00     75.00%
  Latency Distribution (HdrHistogram - Recorded Latency)
 50.000%   13.37s 
 75.000%   16.91s 
 90.000%   19.64s 
 99.000%   22.58s 
 99.900%   24.23s 
 99.990%   24.66s 
 99.999%   24.84s 
100.000%   24.90s 

  Detailed Percentile spectrum:
       Value   Percentile   TotalCount 1/(1-Percentile)

       1.922     0.000000            1         1.00
    7516.159     0.100000        15489         1.11
    8888.319     0.200000        31028         1.25
   10305.535     0.300000        46411         1.43
   11821.055     0.400000        61892         1.67
   13369.343     0.500000        77369         2.00
   14057.471     0.550000        85155         2.22
   14737.407     0.600000        92877         2.50
   15433.727     0.650000       100633         2.86
   16097.279     0.700000       108371         3.33
   16908.287     0.750000       116133         4.00
   17350.655     0.775000       120009         4.44
   17825.791     0.800000       123896         5.00
   18235.391     0.825000       127770         5.71
   18726.911     0.850000       131639         6.67
   19202.047     0.875000       135460         8.00
   19415.039     0.887500       137443         8.89
   19644.415     0.900000       139333        10.00
   19890.175     0.912500       141198        11.43
   20185.087     0.925000       143212        13.33
   20496.383     0.937500       145096        16.00
   20643.839     0.943750       146049        17.78
   20807.679     0.950000       146985        20.00
   20987.903     0.956250       148036        22.86
   21151.743     0.962500       148929        26.67
   21381.119     0.968750       149879        32.00
   21528.575     0.971875       150403        35.56
   21659.647     0.975000       150841        40.00
   21823.487     0.978125       151343        45.71
   22003.711     0.981250       151833        53.33
   22200.319     0.984375       152319        64.00
   22282.239     0.985938       152551        71.11
   22364.159     0.987500       152770        80.00
   22495.231     0.989062       153041        91.43
   22642.687     0.990625       153264       106.67
   22839.295     0.992188       153522       128.00
   22937.599     0.992969       153636       142.22
   23052.287     0.993750       153743       160.00
   23216.127     0.994531       153868       182.86
   23379.967     0.995313       153981       213.33
   23527.423     0.996094       154105       256.00
   23592.959     0.996484       154180       284.44
   23625.727     0.996875       154232       320.00
   23707.647     0.997266       154285       365.71
   23789.567     0.997656       154341       426.67
   23920.639     0.998047       154404       512.00
   23986.175     0.998242       154438       568.89
   24035.327     0.998437       154465       640.00
   24100.863     0.998633       154494       731.43
   24166.399     0.998828       154527       853.33
   24231.935     0.999023       154553      1024.00
   24281.087     0.999121       154572      1137.78
   24330.239     0.999219       154588      1280.00
   24363.007     0.999316       154599      1462.86
   24395.775     0.999414       154613      1706.67
   24444.927     0.999512       154633      2048.00
   24461.311     0.999561       154639      2275.56
   24477.695     0.999609       154644      2560.00
   24494.079     0.999658       154651      2925.71
   24543.231     0.999707       154664      3413.33
   24559.615     0.999756       154668      4096.00
   24592.383     0.999780       154675      4551.11
   24592.383     0.999805       154675      5120.00
   24608.767     0.999829       154678      5851.43
   24625.151     0.999854       154682      6826.67
   24641.535     0.999878       154686      8192.00
   24657.919     0.999890       154689      9102.22
   24657.919     0.999902       154689     10240.00
   24674.303     0.999915       154691     11702.86
   24690.687     0.999927       154693     13653.33
   24707.071     0.999939       154696     16384.00
   24707.071     0.999945       154696     18204.44
   24707.071     0.999951       154696     20480.00
   24739.839     0.999957       154698     23405.71
   24739.839     0.999963       154698     27306.67
   24772.607     0.999969       154699     32768.00
   24772.607     0.999973       154699     36408.89
   24788.991     0.999976       154700     40960.00
   24788.991     0.999979       154700     46811.43
   24838.143     0.999982       154702     54613.33
   24838.143     0.999985       154702     65536.00
   24838.143     0.999986       154702     72817.78
   24838.143     0.999988       154702     81920.00
   24838.143     0.999989       154702     93622.86
   24838.143     0.999991       154702    109226.67
   24838.143     0.999992       154702    131072.00
   24838.143     0.999993       154702    145635.56
   24903.679     0.999994       154703    163840.00
   24903.679     1.000000       154703          inf
#[Mean    =    13359.993, StdDeviation   =     4594.646]
#[Max     =    24887.296, Total count    =       154703]
#[Buckets =           27, SubBuckets     =         2048]
----------------------------------------------------------
  233048 requests in 30.01s, 41.79MB read
  Socket errors: connect 0, read 4, write 0, timeout 0
Requests/sec:   7766.77
Transfer/sec:      1.39MB
WRKX_RESULT {"durationUs":30005782,"requests":233048,"responses":233048,"errors":4,"bytes":43820358,"latencyAvgUs":13359993.018,"latencyP95Us":20807679.000,"latencyP99Us":22577151.000}
