Running 30s test @ http://localhost:9991/
  16 threads and 256 connections
  Thread calibration: mean lat.: 4516.041ms, rate sampling interval: 16457ms
  Thread calibration: mean lat.: 4563.668ms, rate sampling interval: 16531ms
  Thread calibration: mean lat.: 4545.741ms, rate sampling interval: 16613ms
  Thread calibration: mean lat.: 4571.278ms, rate sampling interval: 16687ms
  Thread calibration: mean lat.: 4632.440ms, rate sampling interval: 16744ms
  Thread calibration: mean lat.: 4480.117ms, rate sampling interval: 16302ms
  Thread calibration: mean lat.: 4582.579ms, rate sampling interval: 16793ms
  Thread calibration: mean lat.: 4680.562ms, rate sampling interval: 16662ms
  Thread calibration: mean lat.: 4510.537ms, rate sampling interval: 16195ms
  Thread calibration: mean lat.: 4531.337ms, rate sampling interval: 16572ms
  Thread calibration: mean lat.: 4782.763ms, rate sampling interval: 16957ms
  Thread calibration: mean lat.: 4658.321ms, rate sampling interval: 16859ms
  Thread calibration: mean lat.: 4529.585ms, rate sampling interval: 16523ms
  Thread calibration: mean lat.: 4477.288ms, rate sampling interval: 16187ms
  Thread calibration: mean lat.: 4590.742ms, rate sampling interval: 16621ms
  Thread calibration: mean lat.: 4662.990ms, rate sampling interval: 16678ms
  Thread Stats   Avg      Stdev     Max   +/- Stdev
    Latency    18.25s     5.49s   28.82s    57.58%
    Req/Sec   459.81     62.69   599.00     62.50%
  Latency Distribution (HdrHistogram - Recorded Latency)
 50.000%   18.12s 
 75.000%   22.92s 
 90.000%   25.99s 
 99.000%   28.00s 
 99.900%   28.57s 
 99.990%   28.74s 
 99.999%   28.82s 
100.000%   28.84s 

  Detailed Percentile spectrum:
       Value   Percentile   TotalCount 1/(1-Percentile)

    8073.215     0.000000            1         1.00
   10797.055     0.100000        14767         1.11
   12509.183     0.200000        29511         1.25
   14204.927     0.300000        44245         1.43
   16261.119     0.400000        59062         1.67
   18120.703     0.500000        73751         2.00
   19005.439     0.550000        81097         2.22
   20070.399     0.600000        88469         2.50
   21069.823     0.650000        95943         2.86
   22085.631     0.700000       103256         3.33
   22921.215     0.750000       110694         4.00
   23429.119     0.775000       114339         4.44
   23920.639     0.800000       118034         5.00
   24428.543     0.825000       121739         5.71
   24936.447     0.850000       125376         6.67
   25444.351     0.875000       129119         8.00
   25706.495     0.887500       130952         8.89
   25985.023     0.900000       132792        10.00
   26198.015     0.912500       134592        11.43
   26427.391     0.925000       136490        13.33
   26673.151     0.937500       138294        16.00
   26820.607     0.943750       139229        17.78
   26968.063     0.950000       140120        20.00
   27131.903     0.956250       141096        22.86
   27262.975     0.962500       141925        26.67
   27426.815     0.968750       142915        32.00
   27492.351     0.971875       143328        35.56
   27574.271     0.975000       143850        40.00
   27639.807     0.978125       144237        45.71
   27721.727     0.981250       144702        53.33
   27820.031     0.984375       145206        64.00
   27852.799     0.985938       145375        71.11
   27901.951     0.987500       145619        80.00
   27967.487     0.989062       145870        91.43
   28033.023     0.990625       146117       106.67
   28098.559     0.992188       146333       128.00
   28131.327     0.992969       146439       142.22
   28164.095     0.993750       146534       160.00
   28213.247     0.994531       146660       182.86
   28262.399     0.995313       146769       213.33
   28311.551     0.996094       146876       256.00
   28344.319     0.996484       146947       284.44
   28377.087     0.996875       147011       320.00
   28393.471     0.997266       147043       365.71
   28442.623     0.997656       147124       426.67
   28475.391     0.998047       147175       512.00
   28491.775     0.998242       147201       568.89
   28508.159     0.998437       147217       640.00
   28540.927     0.998633       147267       731.43
   28557.311     0.998828       147285       853.33
   28573.695     0.999023       147308      1024.00
   28590.079     0.999121       147324      1137.78
   28606.463     0.999219       147338      1280.00
   28622.847     0.999316       147352      1462.86
   28639.231     0.999414       147370      1706.67
   28655.615     0.999512       147383      2048.00
   28655.615     0.999561       147383      2275.56
   28671.999     0.999609       147394      2560.00
   28688.383     0.999658       147406      2925.71
   28688.383     0.999707       147406      3413.33
   28704.767     0.999756       147416      4096.00
   28704.767     0.999780       147416      4551.11
   28721.151     0.999805       147425      5120.00
   28721.151     0.999829       147425      5851.43
   28721.151     0.999854       147425      6826.67
   28737.535     0.999878       147431      8192.00
   28737.535     0.999890       147431      9102.22
   28753.919     0.999902       147438     10240.00
   28753.919     0.999915       147438     11702.86
   28753.919     0.999927       147438     13653.33
   28753.919     0.999939       147438     16384.00
   28753.919     0.999945       147438     18204.44
   28770.303     0.999951       147440     20480.00
   28770.303     0.999957       147440     23405.71
   28786.687     0.999963       147444     27306.67
   28786.687     0.999969       147444     32768.00
   28786.687     0.999973       147444     36408.89
   28786.687     0.999976       147444     40960.00
   28786.687     0.999979       147444     46811.43
   28786.687     0.999982       147444     54613.33
   28786.687     0.999985       147444     65536.00
   28786.687     0.999986       147444     72817.78
   28819.455     0.999988       147445     81920.00
   28819.455     0.999989       147445     93622.86
   28819.455     0.999991       147445    109226.67
   28819.455     0.999992       147445    131072.00
   28819.455     0.999993       147445    145635.56
   28835.839     0.999994       147446    163840.00
   28835.839     1.000000       147446          inf
#[Mean    =    18245.189, StdDeviation   =     5486.015]
#[Max     =    28819.456, Total count    =       147446]
#[Buckets =           27, SubBuckets     =         2048]
----------------------------------------------------------
  221878 requests in 30.00s, 39.79MB read
  Socket errors: connect 0, read 8, write 0, timeout 0
Requests/sec:   7394.76
Transfer/sec:      1.33MB
WRKX_RESULT {"durationUs":30004778,"requests":221878,"responses":221878,"errors":8,"bytes":41719942,"latencyAvgUs":18245188.748,"latencyP95Us":26968063.000,"latencyP99Us":28000255.000}
