Running 30s test @ http://localhost:9991/
  16 threads and 256 connections
  Thread calibration: mean lat.: 4163.621ms, rate sampling interval: 15769ms
  Thread calibration: mean lat.: 4125.299ms, rate sampling interval: 14639ms
  Thread calibration: mean lat.: 4401.021ms, rate sampling interval: 15425ms
  Thread calibration: mean lat.: 4430.114ms, rate sampling interval: 16424ms
  Thread calibration: mean lat.: 4153.633ms, rate sampling interval: 15966ms
  Thread calibration: mean lat.: 4546.241ms, rate sampling interval: 16097ms
  Thread calibration: mean lat.: 4260.638ms, rate sampling interval: 16064ms
  Thread calibration: mean lat.: 4201.708ms, rate sampling interval: 15908ms
  Thread calibration: mean lat.: 4195.054ms, rate sampling interval: 15876ms
  Thread calibration: mean lat.: 4241.010ms, rate sampling interval: 15294ms
  Thread calibration: mean lat.: 4295.289ms, rate sampling interval: 15704ms
  Thread calibration: mean lat.: 4206.826ms, rate sampling interval: 16261ms
  Thread calibration: mean lat.: 4378.929ms, rate sampling interval: 15482ms
  Thread calibration: mean lat.: 4404.251ms, rate sampling interval: 15949ms
  Thread calibration: mean lat.: 4454.861ms, rate sampling interval: 15794ms
  Thread calibration: mean lat.: 4284.431ms, rate sampling interval: 16318ms
  Thread Stats   Avg      Stdev     Max   +/- Stdev
    Latency    17.49s     5.74s   28.70s    59.10%
    Req/Sec   466.56     80.90   633.00     68.75%
  Latency Distribution (HdrHistogram - Recorded Latency)
 50.000%   17.74s 
 75.000%   22.18s 
 90.000%   25.33s 
 99.000%   27.43s 
 99.900%   28.11s 
 99.990%   28.59s 
 99.999%   28.72s 
100.000%   28.72s 

  Detailed Percentile spectrum:
       Value   Percentile   TotalCount 1/(1-Percentile)

    4874.239     0.000000            1         1.00
    9748.479     0.100000        14932         1.11
   11583.487     0.200000        29762         1.25
   13664.255     0.300000        44642         1.43
   15433.727     0.400000        59517         1.67
   17743.871     0.500000        74376         2.00
   18808.831     0.550000        81825         2.22
   19742.719     0.600000        89375         2.50
   20545.535     0.650000        96754         2.86
   21233.663     0.700000       104204         3.33
   22183.935     0.750000       111580         4.00
   22708.223     0.775000       115320         4.44
   23248.895     0.800000       119057         5.00
   23805.951     0.825000       122760         5.71
   24346.623     0.850000       126435         6.67
   24854.527     0.875000       130205         8.00
   25100.287     0.887500       132058         8.89
   25329.663     0.900000       133919        10.00
   25591.807     0.912500       135762        11.43
   25870.335     0.925000       137693        13.33
   26132.479     0.937500       139562        16.00
   26247.167     0.943750       140408        17.78
   26378.239     0.950000       141347        20.00
   26509.311     0.956250       142288        22.86
   26640.383     0.962500       143181        26.67
   26787.839     0.968750       144178        32.00
   26853.375     0.971875       144575        35.56
   26935.295     0.975000       145071        40.00
   27017.215     0.978125       145535        45.71
   27099.135     0.981250       145953        53.33
   27213.823     0.984375       146468        64.00
   27262.975     0.985938       146674        71.11
   27328.511     0.987500       146915        80.00
   27394.047     0.989062       147152        91.43
   27459.583     0.990625       147369       106.67
   27525.119     0.992188       147581       128.00
   27574.271     0.992969       147722       142.22
   27607.039     0.993750       147812       160.00
   27656.191     0.994531       147929       182.86
   27721.727     0.995313       148077       213.33
   27770.879     0.996094       148171       256.00
   27803.647     0.996484       148231       284.44
   27836.415     0.996875       148279       320.00
   27885.567     0.997266       148355       365.71
   27918.335     0.997656       148402       426.67
   27967.487     0.998047       148461       512.00
   28000.255     0.998242       148494       568.89
   28016.639     0.998437       148510       640.00
   28049.407     0.998633       148536       731.43
   28082.175     0.998828       148566       853.33
   28131.327     0.999023       148605      1024.00
   28147.711     0.999121       148614      1137.78
   28164.095     0.999219       148626      1280.00
   28196.863     0.999316       148638      1462.86
   28229.631     0.999414       148651      1706.67
   28278.783     0.999512       148666      2048.00
   28311.551     0.999561       148675      2275.56
   28344.319     0.999609       148684      2560.00
   28393.471     0.999658       148691      2925.71
   28409.855     0.999707       148695      3413.33
   28459.007     0.999756       148704      4096.00
   28491.775     0.999780       148709      4551.11
   28491.775     0.999805       148709      5120.00
   28508.159     0.999829       148713      5851.43
   28557.311     0.999854       148720      6826.67
   28557.311     0.999878       148720      8192.00
   28573.695     0.999890       148722      9102.22
   28590.079     0.999902       148726     10240.00
   28590.079     0.999915       148726     11702.86
   28622.847     0.999927       148728     13653.33
   28639.231     0.999939       148731     16384.00
   28639.231     0.999945       148731     18204.44
   28639.231     0.999951       148731     20480.00
   28655.615     0.999957       148734     23405.71
   28655.615     0.999963       148734     27306.67
   28655.615     0.999969       148734     32768.00
   28655.615     0.999973       148734     36408.89
   28688.383     0.999976       148735     40960.00
   28688.383     0.999979       148735     46811.43
   28704.767     0.999982       148736     54613.33
   28704.767     0.999985       148736     65536.00
   28704.767     0.999986       148736     72817.78
   28721.151     0.999988       148738     81920.00
   28721.151     1.000000       148738          inf
#[Mean    =    17485.217, StdDeviation   =     5735.202]
#[Max     =    28704.768, Total count    =       148738]
#[Buckets =           27, SubBuckets     =         2048]
----------------------------------------------------------
  223990 requests in 30.01s, 40.17MB read
  Socket errors: connect 0, read 6, write 0, timeout 0
Requests/sec:   7464.32
Transfer/sec:      1.34MB
WRKX_RESULT {"durationUs":30008074,"requests":223990,"responses":223990,"errors":6,"bytes":42118233,"latencyAvgUs":17485217.247,"latencyP95Us":26378239.000,"latencyP99Us":27426815.000}
