Running 30s test @ http://localhost:9991/
  16 threads and 256 connections
  Thread calibration: mean lat.: 4678.227ms, rate sampling interval: 17006ms
  Thread calibration: mean lat.: 4695.069ms, rate sampling interval: 16957ms
  Thread calibration: mean lat.: 4773.792ms, rate sampling interval: 17121ms
  Thread calibration: mean lat.: 4739.022ms, rate sampling interval: 17072ms
  Thread calibration: mean lat.: 4751.963ms, rate sampling interval: 17088ms
  Thread calibration: mean lat.: 4672.411ms, rate sampling interval: 16744ms
  Thread calibration: mean lat.: 4689.618ms, rate sampling interval: 17006ms
  Thread calibration: mean lat.: 4758.448ms, rate sampling interval: 16990ms
  Thread calibration: mean lat.: 4745.400ms, rate sampling interval: 17088ms
  Thread calibration: mean lat.: 4781.012ms, rate sampling interval: 17088ms
  Thread calibration: mean lat.: 4724.874ms, rate sampling interval: 16908ms
  Thread calibration: mean lat.: 4727.965ms, rate sampling interval: 16908ms
  Thread calibration: mean lat.: 4662.184ms, rate sampling interval: 16973ms
  Thread calibration: mean lat.: 4719.245ms, rate sampling interval: 16842ms
  Thread calibration: mean lat.: 4782.874ms, rate sampling interval: 17006ms
  Thread calibration: mean lat.: 4833.544ms, rate sampling interval: 17235ms
  Thread Stats   Avg      Stdev     Max   +/- Stdev
    Latency    18.95s     5.48s   29.29s    57.88%
    Req/Sec   460.19     52.60   599.00     75.00%
  Latency Distribution (HdrHistogram - Recorded Latency)
 50.000%   19.02s 
 75.000%   23.61s 
 90.000%   26.57s 
 99.000%   28.44s 
 99.900%   29.20s 
 99.990%   29.28s 
 99.999%   29.31s 
100.000%   29.31s 

  Detailed Percentile spectrum:
       Value   Percentile   TotalCount 1/(1-Percentile)

    9003.007     0.000000            2         1.00
   11370.495     0.100000        14790         1.11
   13221.887     0.200000        29482         1.25
   15179.775     0.300000        44198         1.43
   17137.663     0.400000        58949         1.67
   19021.823     0.500000        73692         2.00
   20004.863     0.550000        81128         2.22
   20856.831     0.600000        88366         2.50
   21708.799     0.650000        95769         2.86
   22609.919     0.700000       103147         3.33
   23609.343     0.750000       110495         4.00
   24100.863     0.775000       114216         4.44
   24608.767     0.800000       117785         5.00
   25116.671     0.825000       121521         5.71
   25673.727     0.850000       125242         6.67
   26132.479     0.875000       128883         8.00
   26345.471     0.887500       130684         8.89
   26574.847     0.900000       132630        10.00
   26787.839     0.912500       134454        11.43
   27000.831     0.925000       136306        13.33
   27213.823     0.937500       138049        16.00
   27344.895     0.943750       139038        17.78
   27459.583     0.950000       139874        20.00
   27607.039     0.956250       140878        22.86
   27738.111     0.962500       141789        26.67
   27869.183     0.968750       142665        32.00
   27934.719     0.971875       143090        35.56
   28016.639     0.975000       143607        40.00
   28082.175     0.978125       144007        45.71
   28164.095     0.981250       144487        53.33
   28262.399     0.984375       144993        64.00
   28295.167     0.985938       145158        71.11
   28360.703     0.987500       145450        80.00
   28409.855     0.989062       145660        91.43
   28475.391     0.990625       145900       106.67
   28540.927     0.992188       146112       128.00
   28573.695     0.992969       146205       142.22
   28606.463     0.993750       146306       160.00
   28655.615     0.994531       146429       182.86
   28704.767     0.995313       146537       213.33
   28770.303     0.996094       146658       256.00
   28819.455     0.996484       146725       284.44
   28868.607     0.996875       146781       320.00
   28917.759     0.997266       146823       365.71
   28999.679     0.997656       146885       426.67
   29097.983     0.998047       146942       512.00
   29130.751     0.998242       146971       568.89
   29163.519     0.998437       147026       640.00
   29163.519     0.998633       147026       731.43
   29196.287     0.998828       147084       853.33
   29196.287     0.999023       147084      1024.00
   29212.671     0.999121       147110      1137.78
   29212.671     0.999219       147110      1280.00
   29229.055     0.999316       147141      1462.86
   29229.055     0.999414       147141      1706.67
   29245.439     0.999512       147176      2048.00
   29245.439     0.999561       147176      2275.56
   29245.439     0.999609       147176      2560.00
   29245.439     0.999658       147176      2925.71
   29261.823     0.999707       147199      3413.33
   29261.823     0.999756       147199      4096.00
   29261.823     0.999780       147199      4551.11
   29261.823     0.999805       147199      5120.00
   29261.823     0.999829       147199      5851.43
   29278.207     0.999854       147208      6826.67
   29278.207     0.999878       147208      8192.00
   29278.207     0.999890       147208      9102.22
   29294.591     0.999902       147218     10240.00
   29294.591     0.999915       147218     11702.86
   29294.591     0.999927       147218     13653.33
   29294.591     0.999939       147218     16384.00
   29294.591     0.999945       147218     18204.44
   29294.591     0.999951       147218     20480.00
   29294.591     0.999957       147218     23405.71
   29294.591     0.999963       147218     27306.67
   29310.975     0.999969       147223     32768.00
   29310.975     1.000000       147223          inf
#[Mean    =    18951.960, StdDeviation   =     5479.474]
#[Max     =    29294.592, Total count    =       147223]
#[Buckets =           27, SubBuckets     =         2048]
----------------------------------------------------------
  222387 requests in 30.00s, 39.88MB read
  Socket errors: connect 0, read 6, write 0, timeout 0
Requests/sec:   7411.87
Transfer/sec:      1.33MB
WRKX_RESULT {"durationUs":30004176,"requests":222387,"responses":222387,"errors":6,"bytes":41816261,"latencyAvgUs":18951959.688,"latencyP95Us":27459583.000,"latencyP99Us":28442623.000}
