Running 30s test @ http://localhost:9991/
  16 threads and 256 connections
  Thread calibration: mean lat.: 1262.193ms, rate sampling interval: 6729ms
  Thread calibration: mean lat.: 1192.558ms, rate sampling interval: 5795ms
  Thread calibration: mean lat.: 1040.268ms, rate sampling interval: 5853ms
  Thread calibration: mean lat.: 1483.111ms, rate sampling interval: 6483ms
  Thread calibration: mean lat.: 1558.043ms, rate sampling interval: 6520ms
  Thread calibration: mean lat.: 1072.449ms, rate sampling interval: 5922ms
  Thread calibration: mean lat.: 984.551ms, rate sampling interval: 5668ms
  Thread calibration: mean lat.: 920.102ms, rate sampling interval: 5189ms
  Thread calibration: mean lat.: 1071.829ms, rate sampling interval: 6119ms
  Thread calibration: mean lat.: 949.606ms, rate sampling interval: 5492ms
  Thread calibration: mean lat.: 1090.776ms, rate sampling interval: 5795ms
  Thread calibration: mean lat.: 1491.571ms, rate sampling interval: 7118ms
  Thread calibration: mean lat.: 1131.420ms, rate sampling interval: 5820ms
  Thread calibration: mean lat.: 1309.509ms, rate sampling interval: 6320ms
  Thread calibration: mean lat.: 1066.851ms, rate sampling interval: 5693ms
  Thread calibration: mean lat.: 1184.335ms, rate sampling interval: 6246ms
  Thread Stats   Avg      Stdev     Max   +/- Stdev
    Latency     4.73s     4.53s   17.37s    47.35%
    Req/Sec   443.57     54.09   618.00     69.57%
  Latency Distribution (HdrHistogram - Recorded Latency)
 50.000%    4.63s 
 75.000%    8.11s 
 90.000%   11.23s 
 99.000%   15.47s 
 99.900%   16.37s 
 99.990%   17.04s 
 99.999%   17.35s 
100.000%   17.38s 

  Detailed Percentile spectrum:
       Value   Percentile   TotalCount 1/(1-Percentile)

       1.632     0.000000            1         1.00
       4.959     0.100000        14248         1.11
       9.799     0.200000        28480         1.25
      32.127     0.300000        42708         1.43
    1546.239     0.400000        56943         1.67
    4632.575     0.500000        71183         2.00
    5320.703     0.550000        78308         2.22
    5971.967     0.600000        85439         2.50
    6610.943     0.650000        92574         2.86
    7319.551     0.700000        99675         3.33
    8105.983     0.750000       106780         4.00
    8577.023     0.775000       110362         4.44
    9027.583     0.800000       113905         5.00
    9560.063     0.825000       117473         5.71
   10084.351     0.850000       121011         6.67
   10665.983     0.875000       124585         8.00
   10928.127     0.887500       126350         8.89
   11231.231     0.900000       128123        10.00
   11583.487     0.912500       129900        11.43
   11968.511     0.925000       131693        13.33
   12361.727     0.937500       133480        16.00
   12591.103     0.943750       134378        17.78
   12795.903     0.950000       135276        20.00
   13025.279     0.956250       136157        22.86
   13287.423     0.962500       137034        26.67
   13582.335     0.968750       137918        32.00
   13778.943     0.971875       138358        35.56
   13983.743     0.975000       138801        40.00
   14221.311     0.978125       139249        45.71
   14483.455     0.981250       139706        53.33
   14827.519     0.984375       140133        64.00
   14983.167     0.985938       140361        71.11
   15147.007     0.987500       140579        80.00
   15351.807     0.989062       140802        91.43
   15556.607     0.990625       141024       106.67
   15687.679     0.992188       141263       128.00
   15728.639     0.992969       141356       142.22
   15785.983     0.993750       141467       160.00
   15851.519     0.994531       141591       182.86
   15917.055     0.995313       141697       213.33
   15998.975     0.996094       141802       256.00
   16039.935     0.996484       141860       284.44
   16089.087     0.996875       141921       320.00
   16113.663     0.997266       141968       365.71
   16162.815     0.997656       142024       426.67
   16203.775     0.998047       142084       512.00
   16220.159     0.998242       142112       568.89
   16244.735     0.998437       142137       640.00
   16285.695     0.998633       142166       731.43
   16326.655     0.998828       142195       853.33
   16375.807     0.999023       142217      1024.00
   16408.575     0.999121       142235      1137.78
   16424.959     0.999219       142245      1280.00
   16465.919     0.999316       142259      1462.86
   16515.071     0.999414       142274      1706.67
   16588.799     0.999512       142287      2048.00
   16629.759     0.999561       142295      2275.56
   16654.335     0.999609       142301      2560.00
   16728.063     0.999658       142308      2925.71
   16809.983     0.999707       142316      3413.33
   16875.519     0.999756       142323      4096.00
   16891.903     0.999780       142326      4551.11
   16941.055     0.999805       142331      5120.00
   16957.439     0.999829       142332      5851.43
   16990.207     0.999854       142337      6826.67
   17022.975     0.999878       142339      8192.00
   17039.359     0.999890       142342      9102.22
   17055.743     0.999902       142343     10240.00
   17072.127     0.999915       142344     11702.86
   17104.895     0.999927       142346     13653.33
   17154.047     0.999939       142348     16384.00
   17170.431     0.999945       142349     18204.44
   17203.199     0.999951       142350     20480.00
   17203.199     0.999957       142350     23405.71
   17252.351     0.999963       142351     27306.67
   17268.735     0.999969       142352     32768.00
   17301.503     0.999973       142353     36408.89
   17301.503     0.999976       142353     40960.00
   17301.503     0.999979       142353     46811.43
   17317.887     0.999982       142354     54613.33
   17317.887     0.999985       142354     65536.00
   17350.655     0.999986       142355     72817.78
   17350.655     0.999988       142355     81920.00
   17350.655     0.999989       142355     93622.86
   17350.655     0.999991       142355    109226.67
   17350.655     0.999992       142355    131072.00
   17383.423     0.999993       142356    145635.56
   17383.423     1.000000       142356          inf
#[Mean    =     4726.350, StdDeviation   =     4529.574]
#[Max     =    17367.040, Total count    =       142356]
#[Buckets =           27, SubBuckets     =         2048]
----------------------------------------------------------
  214385 requests in 30.00s, 38.44MB read
  Socket errors: connect 0, read 6, write 0, timeout 0
Requests/sec:   7145.51
Transfer/sec:      1.28MB
WRKX_RESULT {"durationUs":30002766,"requests":214385,"responses":214385,"errors":6,"bytes":40312265,"latencyAvgUs":4726349.729,"latencyP95Us":12795903.000,"latencyP99Us":15474687.000}
