Running 30s test @ http://localhost:9991/
  16 threads and 256 connections
  Thread calibration: mean lat.: 3853.242ms, rate sampling interval: 13934ms
  Thread calibration: mean lat.: 3954.971ms, rate sampling interval: 14401ms
  Thread calibration: mean lat.: 3776.728ms, rate sampling interval: 13459ms
  Thread calibration: mean lat.: 3850.734ms, rate sampling interval: 14106ms
  Thread calibration: mean lat.: 3733.481ms, rate sampling interval: 13377ms
  Thread calibration: mean lat.: 3755.835ms, rate sampling interval: 13541ms
  Thread calibration: mean lat.: 3757.156ms, rate sampling interval: 13402ms
  Thread calibration: mean lat.: 3861.081ms, rate sampling interval: 14041ms
  Thread calibration: mean lat.: 3917.025ms, rate sampling interval: 14188ms
  Thread calibration: mean lat.: 3699.358ms, rate sampling interval: 13369ms
  Thread calibration: mean lat.: 3681.525ms, rate sampling interval: 13303ms
  Thread calibration: mean lat.: 3758.633ms, rate sampling interval: 13656ms
  Thread calibration: mean lat.: 3732.295ms, rate sampling interval: 13639ms
  Thread calibration: mean lat.: 3821.249ms, rate sampling interval: 13942ms
  Thread calibration: mean lat.: 3934.578ms, rate sampling interval: 14311ms
  Thread calibration: mean lat.: 3770.484ms, rate sampling interval: 13754ms
  Thread Stats   Avg      Stdev     Max   +/- Stdev
    Latency    15.53s     5.02s   28.00s    61.67%
    Req/Sec   464.31     50.40   606.00     75.00%
  Latency Distribution (HdrHistogram - Recorded Latency)
 50.000%   15.33s 
 75.000%   19.25s 
 90.000%   22.63s 
 99.000%   27.00s 
 99.900%   27.74s 
 99.990%   27.92s 
 99.999%   28.00s 
100.000%   28.02s 

  Detailed Percentile spectrum:
       Value   Percentile   TotalCount 1/(1-Percentile)

    5746.687     0.000000            1         1.00
    8986.623     0.100000        14778         1.11
   10469.375     0.200000        29553         1.25
   12222.463     0.300000        44286         1.43
   13828.095     0.400000        59079         1.67
   15327.231     0.500000        73828         2.00
   16031.743     0.550000        81196         2.22
   16711.679     0.600000        88608         2.50
   17498.111     0.650000        96048         2.86
   18382.847     0.700000       103397         3.33
   19251.199     0.750000       110690         4.00
   19709.951     0.775000       114487         4.44
   20185.087     0.800000       118192         5.00
   20692.991     0.825000       121783         5.71
   21299.199     0.850000       125475         6.67
   21921.791     0.875000       129190         8.00
   22249.471     0.887500       131011         8.89
   22626.303     0.900000       132856        10.00
   23003.135     0.912500       134693        11.43
   23396.351     0.925000       136544        13.33
   23724.031     0.937500       138474        16.00
   23904.255     0.943750       139286        17.78
   24150.015     0.950000       140232        20.00
   24395.775     0.956250       141131        22.86
   24608.767     0.962500       142047        26.67
   24936.447     0.968750       142975        32.00
   25165.823     0.971875       143440        35.56
   25411.583     0.975000       143920        40.00
   25706.495     0.978125       144366        45.71
   26001.407     0.981250       144822        53.33
   26247.167     0.984375       145279        64.00
   26443.775     0.985938       145504        71.11
   26607.615     0.987500       145748        80.00
   26804.223     0.989062       145965        91.43
   27099.135     0.990625       146217       106.67
   27197.439     0.992188       146444       128.00
   27230.207     0.992969       146546       142.22
   27279.359     0.993750       146695       160.00
   27312.127     0.994531       146782       182.86
   27361.279     0.995313       146891       213.33
   27426.815     0.996094       147005       256.00
   27459.583     0.996484       147061       284.44
   27508.735     0.996875       147133       320.00
   27541.503     0.997266       147179       365.71
   27590.655     0.997656       147250       426.67
   27623.423     0.998047       147290       512.00
   27656.191     0.998242       147337       568.89
   27672.575     0.998437       147358       640.00
   27688.959     0.998633       147382       731.43
   27721.727     0.998828       147427       853.33
   27738.111     0.999023       147444      1024.00
   27754.495     0.999121       147463      1137.78
   27754.495     0.999219       147463      1280.00
   27770.879     0.999316       147480      1462.86
   27787.263     0.999414       147495      1706.67
   27803.647     0.999512       147508      2048.00
   27820.031     0.999561       147516      2275.56
   27836.415     0.999609       147527      2560.00
   27836.415     0.999658       147527      2925.71
   27852.799     0.999707       147535      3413.33
   27869.183     0.999756       147544      4096.00
   27885.567     0.999780       147554      4551.11
   27885.567     0.999805       147554      5120.00
   27885.567     0.999829       147554      5851.43
   27901.951     0.999854       147560      6826.67
   27901.951     0.999878       147560      8192.00
   27918.335     0.999890       147567      9102.22
   27918.335     0.999902       147567     10240.00
   27918.335     0.999915       147567     11702.86
   27918.335     0.999927       147567     13653.33
   27934.719     0.999939       147569     16384.00
   27934.719     0.999945       147569     18204.44
   27951.103     0.999951       147571     20480.00
   27951.103     0.999957       147571     23405.71
   27967.487     0.999963       147572     27306.67
   27983.871     0.999969       147575     32768.00
   27983.871     0.999973       147575     36408.89
   27983.871     0.999976       147575     40960.00
   27983.871     0.999979       147575     46811.43
   27983.871     0.999982       147575     54613.33
   27983.871     0.999985       147575     65536.00
   27983.871     0.999986       147575     72817.78
   28000.255     0.999988       147576     81920.00
   28000.255     0.999989       147576     93622.86
   28000.255     0.999991       147576    109226.67
   28000.255     0.999992       147576    131072.00
   28000.255     0.999993       147576    145635.56
   28016.639     0.999994       147577    163840.00
   28016.639     1.000000       147577          inf
#[Mean    =    15527.118, StdDeviation   =     5023.936]
#[Max     =    28000.256, Total count    =       147577]
#[Buckets =           27, SubBuckets     =         2048]
----------------------------------------------------------
  224300 requests in 30.00s, 40.22MB read
  Socket errors: connect 0, read 5, write 0, timeout 0
Requests/sec:   7475.54
Transfer/sec:      1.34MB
WRKX_RESULT {"durationUs":30004509,"requests":224300,"responses":224300,"errors":5,"bytes":42174879,"latencyAvgUs":15527118.185,"latencyP95Us":24150015.000,"latencyP99Us":27000831.000}
