Running 30s test @ http://localhost:9991/
  16 threads and 256 connections
  Thread calibration: mean lat.: 4126.676ms, rate sampling interval: 15523ms
  Thread calibration: mean lat.: 4282.937ms, rate sampling interval: 15671ms
  Thread calibration: mean lat.: 4170.139ms, rate sampling interval: 15425ms
  Thread calibration: mean lat.: 4014.926ms, rate sampling interval: 15351ms
  Thread calibration: mean lat.: 4120.657ms, rate sampling interval: 15400ms
  Thread calibration: mean lat.: 3930.536ms, rate sampling interval: 15106ms
  Thread calibration: mean lat.: 2793.542ms, rate sampling interval: 13680ms
  Thread calibration: mean lat.: 3990.292ms, rate sampling interval: 15278ms
  Thread calibration: mean lat.: 4122.610ms, rate sampling interval: 15638ms
  Thread calibration: mean lat.: 4108.420ms, rate sampling interval: 15343ms
  Thread calibration: mean lat.: 4068.387ms, rate sampling interval: 14991ms
  Thread calibration: mean lat.: 3773.562ms, rate sampling interval: 13819ms
  Thread calibration: mean lat.: 3962.480ms, rate sampling interval: 15253ms
  Thread calibration: mean lat.: 4121.793ms, rate sampling interval: 15335ms
  Thread calibration: mean lat.: 3767.129ms, rate sampling interval: 13975ms
  Thread calibration: mean lat.: 4227.538ms, rate sampling interval: 15491ms
  Thread Stats   Avg      Stdev     Max   +/- Stdev
    Latency    16.35s     5.48s   27.48s    63.54%
    Req/Sec   469.19     76.32   656.00     68.75%
  Latency Distribution (HdrHistogram - Recorded Latency)
 50.000%   16.24s 
 75.000%   20.81s 
 90.000%   23.48s 
 99.000%   26.13s 
 99.900%   26.87s 
 99.990%   27.31s 
 99.999%   27.44s 
100.000%   27.49s 

  Detailed Percentile spectrum:
       Value   Percentile   TotalCount 1/(1-Percentile)

       1.800     0.000000            1         1.00
    9732.095     0.100000        14998         1.11
   11304.959     0.200000        29958         1.25
   13017.087     0.300000        44923         1.43
   14688.255     0.400000        59856         1.67
   16244.735     0.500000        74835         2.00
   17186.815     0.550000        82305         2.22
   18235.391     0.600000        89740         2.50
   19152.895     0.650000        97240         2.86
   20004.863     0.700000       104916         3.33
   20807.679     0.750000       112205         4.00
   21233.663     0.775000       116030         4.44
   21659.647     0.800000       119684         5.00
   22134.783     0.825000       123439         5.71
   22642.687     0.850000       127237         6.67
   23052.287     0.875000       131151         8.00
   23216.127     0.887500       132793         8.89
   23478.271     0.900000       134664        10.00
   23740.415     0.912500       136480        11.43
   24035.327     0.925000       138368        13.33
   24363.007     0.937500       140300        16.00
   24510.463     0.943750       141157        17.78
   24690.687     0.950000       142122        20.00
   24870.911     0.956250       143052        22.86
   25051.135     0.962500       143950        26.67
   25264.127     0.968750       144891        32.00
   25378.815     0.971875       145401        35.56
   25493.503     0.975000       145852        40.00
   25624.575     0.978125       146319        45.71
   25739.263     0.981250       146797        53.33
   25870.335     0.984375       147267        64.00
   25935.871     0.985938       147481        71.11
   26001.407     0.987500       147723        80.00
   26083.327     0.989062       147951        91.43
   26148.863     0.990625       148205       106.67
   26214.399     0.992188       148404       128.00
   26263.551     0.992969       148510       142.22
   26312.703     0.993750       148633       160.00
   26378.239     0.994531       148774       182.86
   26427.391     0.995313       148858       213.33
   26509.311     0.996094       149001       256.00
   26542.079     0.996484       149054       284.44
   26574.847     0.996875       149105       320.00
   26607.615     0.997266       149163       365.71
   26656.767     0.997656       149224       426.67
   26705.919     0.998047       149283       512.00
   26722.303     0.998242       149300       568.89
   26755.071     0.998437       149324       640.00
   26787.839     0.998633       149355       731.43
   26836.991     0.998828       149393       853.33
   26869.759     0.999023       149410      1024.00
   26902.527     0.999121       149427      1137.78
   26935.295     0.999219       149441      1280.00
   26968.063     0.999316       149456      1462.86
   27017.215     0.999414       149471      1706.67
   27066.367     0.999512       149486      2048.00
   27099.135     0.999561       149497      2275.56
   27115.519     0.999609       149499      2560.00
   27131.903     0.999658       149507      2925.71
   27164.671     0.999707       149514      3413.33
   27197.439     0.999756       149520      4096.00
   27213.823     0.999780       149525      4551.11
   27230.207     0.999805       149528      5120.00
   27262.975     0.999829       149533      5851.43
   27279.359     0.999854       149539      6826.67
   27279.359     0.999878       149539      8192.00
   27312.127     0.999890       149542      9102.22
   27312.127     0.999902       149542     10240.00
   27328.511     0.999915       149547     11702.86
   27328.511     0.999927       149547     13653.33
   27328.511     0.999939       149547     16384.00
   27361.279     0.999945       149548     18204.44
   27377.663     0.999951       149551     20480.00
   27377.663     0.999957       149551     23405.71
   27377.663     0.999963       149551     27306.67
   27394.047     0.999969       149552     32768.00
   27394.047     0.999973       149552     36408.89
   27410.431     0.999976       149553     40960.00
   27410.431     0.999979       149553     46811.43
   27443.199     0.999982       149555     54613.33
   27443.199     0.999985       149555     65536.00
   27443.199     0.999986       149555     72817.78
   27443.199     0.999988       149555     81920.00
   27443.199     0.999989       149555     93622.86
   27443.199     0.999991       149555    109226.67
   27443.199     0.999992       149555    131072.00
   27443.199     0.999993       149555    145635.56
   27492.351     0.999994       149556    163840.00
   27492.351     1.000000       149556          inf
#[Mean    =    16350.648, StdDeviation   =     5481.370]
#[Max     =    27475.968, Total count    =       149556]
#[Buckets =           27, SubBuckets     =         2048]
----------------------------------------------------------
  223035 requests in 30.00s, 39.99MB read
  Socket errors: connect 0, read 7, write 0, timeout 0
Requests/sec:   7433.41
Transfer/sec:      1.33MB
WRKX_RESULT {"durationUs":30004389,"requests":223035,"responses":223035,"errors":7,"bytes":41936109,"latencyAvgUs":16350648.467,"latencyP95Us":24690687.000,"latencyP99Us":26132479.000}
