Running 30s test @ http://localhost:9991/
  16 threads and 256 connections
  Thread calibration: mean lat.: 1.583ms, rate sampling interval: 10ms
  Thread calibration: mean lat.: 1.536ms, rate sampling interval: 10ms
  Thread calibration: mean lat.: 1.563ms, rate sampling interval: 10ms
  Thread calibration: mean lat.: 1.559ms, rate sampling interval: 10ms
  Thread calibration: mean lat.: 1.525ms, rate sampling interval: 10ms
  Thread calibration: mean lat.: 1.563ms, rate sampling interval: 10ms
  Thread calibration: mean lat.: 1.594ms, rate sampling interval: 10ms
  Thread calibration: mean lat.: 1.591ms, rate sampling interval: 10ms
  Thread calibration: mean lat.: 1.553ms, rate sampling interval: 10ms
  Thread calibration: mean lat.: 1.550ms, rate sampling interval: 10ms
  Thread calibration: mean lat.: 1.533ms, rate sampling interval: 10ms
  Thread calibration: mean lat.: 1.554ms, rate sampling interval: 10ms
  Thread calibration: mean lat.: 1.565ms, rate sampling interval: 10ms
  Thread calibration: mean lat.: 1.651ms, rate sampling interval: 10ms
  Thread calibration: mean lat.: 1.623ms, rate sampling interval: 10ms
  Thread calibration: mean lat.: 1.669ms, rate sampling interval: 10ms
  Thread Stats   Avg      Stdev     Max   +/- Stdev
    Latency     1.53ms  675.81us   6.32ms   70.07%
    Req/Sec   329.15    207.56     1.00k    59.96%
  Latency Distribution (HdrHistogram - Recorded Latency)
 50.000%    1.42ms
 75.000%    1.89ms
 90.000%    2.45ms
 99.000%    3.49ms
 99.900%    4.55ms
 99.990%    5.59ms
 99.999%    6.28ms
100.000%    6.32ms

  Detailed Percentile spectrum:
       Value   Percentile   TotalCount 1/(1-Percentile)

       0.283     0.000000            1         1.00
       0.746     0.100000         9974         1.11
       0.949     0.200000        19933         1.25
       1.122     0.300000        29924         1.43
       1.276     0.400000        39891         1.67
       1.420     0.500000        49810         2.00
       1.496     0.550000        54791         2.22
       1.581     0.600000        59801         2.50
       1.672     0.650000        64739         2.86
       1.772     0.700000        69725         3.33
       1.891     0.750000        74691         4.00
       1.956     0.775000        77206         4.44
       2.027     0.800000        79680         5.00
       2.109     0.825000        82160         5.71
       2.207     0.850000        84680         6.67
       2.315     0.875000        87164         8.00
       2.379     0.887500        88397         8.89
       2.453     0.900000        89654        10.00
       2.531     0.912500        90873        11.43
       2.621     0.925000        92125        13.33
       2.723     0.937500        93373        16.00
       2.779     0.943750        93988        17.78
       2.837     0.950000        94609        20.00
       2.901     0.956250        95235        22.86
       2.965     0.962500        95862        26.67
       3.041     0.968750        96479        32.00
       3.085     0.971875        96798        35.56
       3.131     0.975000        97099        40.00
       3.181     0.978125        97414        45.71
       3.239     0.981250        97717        53.33
       3.311     0.984375        98028        64.00
       3.355     0.985938        98191        71.11
       3.405     0.987500        98343        80.00
       3.459     0.989062        98496        91.43
       3.521     0.990625        98653       106.67
       3.589     0.992188        98808       128.00
       3.631     0.992969        98885       142.22
       3.673     0.993750        98962       160.00
       3.725     0.994531        99041       182.86
       3.789     0.995313        99118       213.33
       3.869     0.996094        99196       256.00
       3.919     0.996484        99234       284.44
       3.977     0.996875        99273       320.00
       4.055     0.997266        99314       365.71
       4.123     0.997656        99352       426.67
       4.239     0.998047        99390       512.00
       4.291     0.998242        99409       568.89
       4.351     0.998437        99429       640.00
       4.419     0.998633        99448       731.43
       4.487     0.998828        99469       853.33
       4.563     0.999023        99487      1024.00
       4.627     0.999121        99498      1137.78
       4.723     0.999219        99507      1280.00
       4.775     0.999316        99516      1462.86
       4.931     0.999414        99526      1706.67
       5.059     0.999512        99536      2048.00
       5.091     0.999561        99541      2275.56
       5.131     0.999609        99546      2560.00
       5.163     0.999658        99550      2925.71
       5.183     0.999707        99555      3413.33
       5.267     0.999756        99560      4096.00
       5.323     0.999780        99563      4551.11
       5.339     0.999805        99565      5120.00
       5.355     0.999829        99567      5851.43
       5.399     0.999854        99570      6826.67
       5.455     0.999878        99572      8192.00
       5.591     0.999890        99574      9102.22
       5.675     0.999902        99575     10240.00
       5.703     0.999915        99576     11702.86
       5.811     0.999927        99577     13653.33
       6.111     0.999939        99578     16384.00
       6.143     0.999945        99580     18204.44
       6.143     0.999951        99580     20480.00
       6.143     0.999957        99580     23405.71
       6.195     0.999963        99581     27306.67
       6.195     0.999969        99581     32768.00
       6.235     0.999973        99582     36408.89
       6.235     0.999976        99582     40960.00
       6.235     0.999979        99582     46811.43
       6.283     0.999982        99583     54613.33
       6.283     0.999985        99583     65536.00
       6.283     0.999986        99583     72817.78
       6.283     0.999988        99583     81920.00
       6.283     0.999989        99583     93622.86
       6.319     0.999991        99584    109226.67
       6.319     1.000000        99584          inf
#[Mean    =        1.527, StdDeviation   =        0.676]
#[Max     =        6.316, Total count    =        99584]
#[Buckets =           27, SubBuckets     =         2048]
----------------------------------------------------------
  149908 requests in 30.01s, 32.88MB read
Requests/sec:   4996.04
Transfer/sec:      1.10MB
WRKX_RESULT {"durationUs":30005344,"requests":149908,"responses":149908,"errors":0,"bytes":34479065,"latencyAvgUs":1526.597,"latencyP95Us":2837.000,"latencyP99Us":3493.000}
