Running 30s test @ http://localhost:9991/
  16 threads and 256 connections
  Thread calibration: mean lat.: 3027.878ms, rate sampling interval: 10797ms
  Thread calibration: mean lat.: 3022.768ms, rate sampling interval: 10788ms
  Thread calibration: mean lat.: 3029.213ms, rate sampling interval: 10805ms
  Thread calibration: mean lat.: 3029.177ms, rate sampling interval: 10805ms
  Thread calibration: mean lat.: 3029.709ms, rate sampling interval: 10805ms
  Thread calibration: mean lat.: 3034.959ms, rate sampling interval: 10805ms
  Thread calibration: mean lat.: 3032.042ms, rate sampling interval: 10805ms
  Thread calibration: mean lat.: 3030.695ms, rate sampling interval: 10797ms
  Thread calibration: mean lat.: 3034.547ms, rate sampling interval: 10813ms
  Thread calibration: mean lat.: 3030.608ms, rate sampling interval: 10813ms
  Thread calibration: mean lat.: 3033.170ms, rate sampling interval: 10805ms
  Thread calibration: mean lat.: 3025.652ms, rate sampling interval: 10797ms
  Thread calibration: mean lat.: 3034.132ms, rate sampling interval: 10805ms
  Thread calibration: mean lat.: 3030.684ms, rate sampling interval: 10797ms
  Thread calibration: mean lat.: 2773.269ms, rate sampling interval: 9797ms
  Thread calibration: mean lat.: 3034.605ms, rate sampling interval: 10805ms
  Thread Stats   Avg      Stdev     Max   +/- Stdev
    Latency    11.74s     3.45s   17.91s    57.16%
    Req/Sec     1.92k    15.37     1.92k    94.12%
  Latency Distribution (HdrHistogram - Recorded Latency)
 50.000%   11.71s 
 75.000%   14.74s 
 90.000%   16.56s 
 99.000%   17.73s 
 99.900%   17.87s 
 99.990%   17.89s 
 99.999%   17.91s 
100.000%   17.92s 

  Detailed Percentile spectrum:
       Value   Percentile   TotalCount 1/(1-Percentile)

    5406.719     0.000000            1         1.00
    7016.447     0.100000        60249         1.11
    8118.271     0.200000       120328         1.25
    9306.111     0.300000       180821         1.43
   10452.991     0.400000       240950         1.67
   11714.559     0.500000       301154         2.00
   12287.999     0.550000       331239         2.22
   12918.783     0.600000       361192         2.50
   13500.415     0.650000       391024         2.86
   14114.815     0.700000       421413         3.33
   14737.407     0.750000       451558         4.00
   15056.895     0.775000       466384         4.44
   15359.999     0.800000       481367         5.00
   15654.911     0.825000       496607         5.71
   15949.823     0.850000       511534         6.67
   16252.927     0.875000       526680         8.00
   16408.575     0.887500       534209         8.89
   16556.031     0.900000       541430        10.00
   16719.871     0.912500       549135        11.43
   16875.519     0.925000       556464        13.33
   17039.359     0.937500       564390        16.00
   17104.895     0.943750       567981        17.78
   17186.815     0.950000       572179        20.00
   17268.735     0.956250       575949        22.86
   17334.271     0.962500       579055        26.67
   17416.191     0.968750       582880        32.00
   17465.343     0.971875       584910        35.56
   17514.495     0.975000       587007        40.00
   17547.263     0.978125       588445        45.71
   17596.415     0.981250       590608        53.33
   17645.567     0.984375       592660        64.00
   17661.951     0.985938       593334        71.11
   17694.719     0.987500       594644        80.00
   17711.103     0.989062       595250        91.43
   17743.871     0.990625       596448       106.67
   17760.255     0.992188       597137       128.00
   17776.639     0.992969       597817       142.22
   17776.639     0.993750       597817       160.00
   17793.023     0.994531       598442       182.86
   17809.407     0.995313       599028       213.33
   17825.791     0.996094       599650       256.00
   17825.791     0.996484       599650       284.44
   17842.175     0.996875       600293       320.00
   17842.175     0.997266       600293       365.71
   17842.175     0.997656       600293       426.67
   17858.559     0.998047       600909       512.00
   17858.559     0.998242       600909       568.89
   17858.559     0.998437       600909       640.00
   17858.559     0.998633       600909       731.43
   17858.559     0.998828       600909       853.33
   17874.943     0.999023       601330      1024.00
   17874.943     0.999121       601330      1137.78
   17874.943     0.999219       601330      1280.00
   17874.943     0.999316       601330      1462.86
   17874.943     0.999414       601330      1706.67
   17874.943     0.999512       601330      2048.00
   17874.943     0.999561       601330      2275.56
   17891.327     0.999609       601526      2560.00
   17891.327     0.999658       601526      2925.71
   17891.327     0.999707       601526      3413.33
   17891.327     0.999756       601526      4096.00
   17891.327     0.999780       601526      4551.11
   17891.327     0.999805       601526      5120.00
   17891.327     0.999829       601526      5851.43
   17891.327     0.999854       601526      6826.67
   17891.327     0.999878       601526      8192.00
   17891.327     0.999890       601526      9102.22
   17891.327     0.999902       601526     10240.00
   17891.327     0.999915       601526     11702.86
   17891.327     0.999927       601526     13653.33
   17907.711     0.999939       601569     16384.00
   17907.711     0.999945       601569     18204.44
   17907.711     0.999951       601569     20480.00
   17907.711     0.999957       601569     23405.71
   17907.711     0.999963       601569     27306.67
   17907.711     0.999969       601569     32768.00
   17907.711     0.999973       601569     36408.89
   17907.711     0.999976       601569     40960.00
   17907.711     0.999979       601569     46811.43
   17907.711     0.999982       601569     54613.33
   17907.711     0.999985       601569     65536.00
   17907.711     0.999986       601569     72817.78
   17907.711     0.999988       601569     81920.00
   17907.711     0.999989       601569     93622.86
   17907.711     0.999991       601569    109226.67
   17907.711     0.999992       601569    131072.00
   17907.711     0.999993       601569    145635.56
   17907.711     0.999994       601569    163840.00
   17907.711     0.999995       601569    187245.71
   17907.711     0.999995       601569    218453.33
   17907.711     0.999996       601569    262144.00
   17907.711     0.999997       601569    291271.11
   17907.711     0.999997       601569    327680.00
   17907.711     0.999997       601569    374491.43
   17907.711     0.999998       601569    436906.67
   17907.711     0.999998       601569    524288.00
   17907.711     0.999998       601569    582542.22
   17924.095     0.999998       601570    655360.00
   17924.095     1.000000       601570          inf
#[Mean    =    11735.238, StdDeviation   =     3454.677]
#[Max     =    17907.712, Total count    =       601570]
#[Buckets =           27, SubBuckets     =         2048]
----------------------------------------------------------
  904795 requests in 30.00s, 198.46MB read
Requests/sec:  30159.81
Transfer/sec:      6.62MB
WRKX_RESULT {"durationUs":30000025,"requests":904795,"responses":904795,"errors":0,"bytes":208102850,"latencyAvgUs":11735238.012,"latencyP95Us":17186815.000,"latencyP99Us":17727487.000}
