Running 30s test @ http://localhost:9991/
  16 threads and 256 connections
  Thread calibration: mean lat.: 4304.903ms, rate sampling interval: 15400ms
  Thread calibration: mean lat.: 4304.799ms, rate sampling interval: 15409ms
  Thread calibration: mean lat.: 4304.404ms, rate sampling interval: 15400ms
  Thread calibration: mean lat.: 4304.151ms, rate sampling interval: 15400ms
  Thread calibration: mean lat.: 4302.219ms, rate sampling interval: 15400ms
  Thread calibration: mean lat.: 4303.665ms, rate sampling interval: 15409ms
  Thread calibration: mean lat.: 4302.444ms, rate sampling interval: 15400ms
  Thread calibration: mean lat.: 4305.188ms, rate sampling interval: 15409ms
  Thread calibration: mean lat.: 4305.054ms, rate sampling interval: 15409ms
  Thread calibration: mean lat.: 4301.458ms, rate sampling interval: 15400ms
  Thread calibration: mean lat.: 4304.982ms, rate sampling interval: 15400ms
  Thread calibration: mean lat.: 4304.912ms, rate sampling interval: 15400ms
  Thread calibration: mean lat.: 4307.253ms, rate sampling interval: 15400ms
  Thread calibration: mean lat.: 4306.852ms, rate sampling interval: 15409ms
  Thread calibration: mean lat.: 4304.242ms, rate sampling interval: 15400ms
  Thread calibration: mean lat.: 4303.699ms, rate sampling interval: 15400ms
  Thread Stats   Avg      Stdev     Max   +/- Stdev
    Latency    17.26s     4.97s   25.62s    57.24%
    Req/Sec     1.77k     0.93     1.77k   100.00%
  Latency Distribution (HdrHistogram - Recorded Latency)
 50.000%   17.42s 
 75.000%   21.61s 
 90.000%   24.08s 
 99.000%   25.46s 
 99.900%   25.59s 
 99.990%   25.62s 
 99.999%   25.64s 
100.000%   25.64s 

  Detailed Percentile spectrum:
       Value   Percentile   TotalCount 1/(1-Percentile)

    8511.487     0.000000            1         1.00
   10395.647     0.100000        57384         1.11
   12058.623     0.200000       114658         1.25
   13778.943     0.300000       171900         1.43
   15556.607     0.400000       229051         1.67
   17416.191     0.500000       286570         2.00
   18268.159     0.550000       315302         2.22
   19120.127     0.600000       343681         2.50
   19972.095     0.650000       372329         2.86
   20774.911     0.700000       400871         3.33
   21610.495     0.750000       429979         4.00
   22003.711     0.775000       443834         4.44
   22462.463     0.800000       458604         5.00
   22872.063     0.825000       472573         5.71
   23281.663     0.850000       487168         6.67
   23674.879     0.875000       501386         8.00
   23887.871     0.887500       508620         8.89
   24084.479     0.900000       515843        10.00
   24264.703     0.912500       522538        11.43
   24477.695     0.925000       530214        13.33
   24674.303     0.937500       537227        16.00
   24772.607     0.943750       540782        17.78
   24870.911     0.950000       544611        20.00
   24952.831     0.956250       547810        22.86
   25034.751     0.962500       551159        26.67
   25133.055     0.968750       554848        32.00
   25182.207     0.971875       556650        35.56
   25231.359     0.975000       558524        40.00
   25280.511     0.978125       560416        45.71
   25329.663     0.981250       562293        53.33
   25378.815     0.984375       564166        64.00
   25395.199     0.985938       564778        71.11
   25427.967     0.987500       566063        80.00
   25444.351     0.989062       566701        91.43
   25460.735     0.990625       567331       106.67
   25493.503     0.992188       568572       128.00
   25509.887     0.992969       569201       142.22
   25509.887     0.993750       569201       160.00
   25526.271     0.994531       569842       182.86
   25542.655     0.995313       570459       213.33
   25542.655     0.996094       570459       256.00
   25559.039     0.996484       571041       284.44
   25559.039     0.996875       571041       320.00
   25575.423     0.997266       571596       365.71
   25575.423     0.997656       571596       426.67
   25575.423     0.998047       571596       512.00
   25591.807     0.998242       572085       568.89
   25591.807     0.998437       572085       640.00
   25591.807     0.998633       572085       731.43
   25591.807     0.998828       572085       853.33
   25591.807     0.999023       572085      1024.00
   25608.191     0.999121       572422      1137.78
   25608.191     0.999219       572422      1280.00
   25608.191     0.999316       572422      1462.86
   25608.191     0.999414       572422      1706.67
   25608.191     0.999512       572422      2048.00
   25608.191     0.999561       572422      2275.56
   25608.191     0.999609       572422      2560.00
   25624.575     0.999658       572604      2925.71
   25624.575     0.999707       572604      3413.33
   25624.575     0.999756       572604      4096.00
   25624.575     0.999780       572604      4551.11
   25624.575     0.999805       572604      5120.00
   25624.575     0.999829       572604      5851.43
   25624.575     0.999854       572604      6826.67
   25624.575     0.999878       572604      8192.00
   25624.575     0.999890       572604      9102.22
   25624.575     0.999902       572604     10240.00
   25624.575     0.999915       572604     11702.86
   25624.575     0.999927       572604     13653.33
   25624.575     0.999939       572604     16384.00
   25624.575     0.999945       572604     18204.44
   25624.575     0.999951       572604     20480.00
   25624.575     0.999957       572604     23405.71
   25624.575     0.999963       572604     27306.67
   25640.959     0.999969       572624     32768.00
   25640.959     1.000000       572624          inf
#[Mean    =    17264.381, StdDeviation   =     4966.541]
#[Max     =    25624.576, Total count    =       572624]
#[Buckets =           27, SubBuckets     =         2048]
----------------------------------------------------------
  871745 requests in 30.00s, 191.21MB read
Requests/sec:  29058.14
Transfer/sec:      6.37MB
WRKX_RESULT {"durationUs":30000031,"requests":871745,"responses":871745,"errors":0,"bytes":200501575,"latencyAvgUs":17264380.881,"latencyP95Us":24870911.000,"latencyP99Us":25460735.000}
