Running 30s test @ http://localhost:9991/
  16 threads and 256 connections
  Thread calibration: mean lat.: 2036.998ms, rate sampling interval: 7266ms
  Thread calibration: mean lat.: 2039.059ms, rate sampling interval: 7270ms
  Thread calibration: mean lat.: 2040.708ms, rate sampling interval: 7278ms
  Thread calibration: mean lat.: 2038.307ms, rate sampling interval: 7266ms
  Thread calibration: mean lat.: 2039.278ms, rate sampling interval: 7274ms
  Thread calibration: mean lat.: 2040.834ms, rate sampling interval: 7278ms
  Thread calibration: mean lat.: 2038.845ms, rate sampling interval: 7282ms
  Thread calibration: mean lat.: 2034.666ms, rate sampling interval: 7258ms
  Thread calibration: mean lat.: 2035.098ms, rate sampling interval: 7262ms
  Thread calibration: mean lat.: 2036.431ms, rate sampling interval: 7266ms
  Thread calibration: mean lat.: 2042.772ms, rate sampling interval: 7278ms
  Thread calibration: mean lat.: 2040.219ms, rate sampling interval: 7274ms
  Thread calibration: mean lat.: 2036.139ms, rate sampling interval: 7266ms
  Thread calibration: mean lat.: 2040.558ms, rate sampling interval: 7278ms
  Thread calibration: mean lat.: 2046.793ms, rate sampling interval: 7286ms
  Thread calibration: mean lat.: 2045.960ms, rate sampling interval: 7282ms
  Thread Stats   Avg      Stdev     Max   +/- Stdev
    Latency     8.99s     2.67s   13.27s    57.49%
    Req/Sec     1.64k    19.18     1.66k    71.88%
  Latency Distribution (HdrHistogram - Recorded Latency)
 50.000%    9.30s 
 75.000%   11.36s 
 90.000%   12.46s 
 99.000%   13.13s 
 99.900%   13.21s 
 99.990%   13.24s 
 99.999%   13.26s 
100.000%   13.28s 

  Detailed Percentile spectrum:
       Value   Percentile   TotalCount 1/(1-Percentile)

    4093.951     0.000000            1         1.00
    5230.591     0.100000        54355         1.11
    6143.999     0.200000       108432         1.25
    7008.255     0.300000       162538         1.43
    8200.191     0.400000       216708         1.67
    9297.919     0.500000       270952         2.00
    9756.671     0.550000       298003         2.22
   10182.655     0.600000       325204         2.50
   10575.871     0.650000       352236         2.86
   11010.047     0.700000       379339         3.33
   11362.303     0.750000       406819         4.00
   11534.335     0.775000       420429         4.44
   11698.175     0.800000       433472         5.00
   11878.399     0.825000       446937         5.71
   12083.199     0.850000       460600         6.67
   12271.615     0.875000       474273         8.00
   12361.727     0.887500       480779         8.89
   12460.031     0.900000       487847        10.00
   12558.335     0.912500       494433        11.43
   12656.639     0.925000       501412        13.33
   12746.751     0.937500       508386        16.00
   12787.711     0.943750       511473        17.78
   12836.863     0.950000       515039        20.00
   12877.823     0.956250       518183        22.86
   12918.783     0.962500       521442        26.67
   12967.935     0.968750       525114        32.00
   12992.511     0.971875       526840        35.56
   13017.087     0.975000       528503        40.00
   13041.663     0.978125       530265        45.71
   13066.239     0.981250       532043        53.33
   13082.623     0.984375       533237        64.00
   13099.007     0.985938       534432        71.11
   13107.199     0.987500       535000        80.00
   13123.583     0.989062       536155        91.43
   13131.775     0.990625       536733       106.67
   13148.159     0.992188       537889       128.00
   13156.351     0.992969       538467       142.22
   13156.351     0.993750       538467       160.00
   13164.543     0.994531       539037       182.86
   13172.735     0.995313       539568       213.33
   13180.927     0.996094       540068       256.00
   13180.927     0.996484       540068       284.44
   13180.927     0.996875       540068       320.00
   13189.119     0.997266       540517       365.71
   13189.119     0.997656       540517       426.67
   13197.311     0.998047       540875       512.00
   13197.311     0.998242       540875       568.89
   13197.311     0.998437       540875       640.00
   13205.503     0.998633       541160       731.43
   13205.503     0.998828       541160       853.33
   13213.695     0.999023       541377      1024.00
   13213.695     0.999121       541377      1137.78
   13213.695     0.999219       541377      1280.00
   13213.695     0.999316       541377      1462.86
   13221.887     0.999414       541518      1706.67
   13221.887     0.999512       541518      2048.00
   13221.887     0.999561       541518      2275.56
   13221.887     0.999609       541518      2560.00
   13221.887     0.999658       541518      2925.71
   13230.079     0.999707       541606      3413.33
   13230.079     0.999756       541606      4096.00
   13230.079     0.999780       541606      4551.11
   13230.079     0.999805       541606      5120.00
   13230.079     0.999829       541606      5851.43
   13238.271     0.999854       541655      6826.67
   13238.271     0.999878       541655      8192.00
   13238.271     0.999890       541655      9102.22
   13238.271     0.999902       541655     10240.00
   13238.271     0.999915       541655     11702.86
   13246.463     0.999927       541678     13653.33
   13246.463     0.999939       541678     16384.00
   13246.463     0.999945       541678     18204.44
   13246.463     0.999951       541678     20480.00
   13246.463     0.999957       541678     23405.71
   13254.655     0.999963       541687     27306.67
   13254.655     0.999969       541687     32768.00
   13254.655     0.999973       541687     36408.89
   13254.655     0.999976       541687     40960.00
   13254.655     0.999979       541687     46811.43
   13262.847     0.999982       541693     54613.33
   13262.847     0.999985       541693     65536.00
   13262.847     0.999986       541693     72817.78
   13262.847     0.999988       541693     81920.00
   13262.847     0.999989       541693     93622.86
   13271.039     0.999991       541697    109226.67
   13271.039     0.999992       541697    131072.00
   13271.039     0.999993       541697    145635.56
   13271.039     0.999994       541697    163840.00
   13271.039     0.999995       541697    187245.71
   13271.039     0.999995       541697    218453.33
   13271.039     0.999996       541697    262144.00
   13271.039     0.999997       541697    291271.11
   13271.039     0.999997       541697    327680.00
   13271.039     0.999997       541697    374491.43
   13271.039     0.999998       541697    436906.67
   13271.039     0.999998       541697    524288.00
   13279.231     0.999998       541698    582542.22
   13279.231     1.000000       541698          inf
#[Mean    =     8986.029, StdDeviation   =     2671.288]
#[Max     =    13271.040, Total count    =       541698]
#[Buckets =           27, SubBuckets     =         2048]
----------------------------------------------------------
  837958 requests in 30.00s, 183.80MB read
Requests/sec:  27930.60
Transfer/sec:      6.13MB
WRKX_RESULT {"durationUs":30001436,"requests":837958,"responses":837958,"errors":0,"bytes":192730790,"latencyAvgUs":8986028.993,"latencyP95Us":12836863.000,"latencyP99Us":13131775.000}
