Running 30s test @ http://localhost:9991/
  16 threads and 256 connections
  Thread calibration: mean lat.: 1.359ms, rate sampling interval: 10ms
  Thread calibration: mean lat.: 1.333ms, rate sampling interval: 10ms
  Thread calibration: mean lat.: 1.328ms, rate sampling interval: 10ms
  Thread calibration: mean lat.: 1.340ms, rate sampling interval: 10ms
  Thread calibration: mean lat.: 1.355ms, rate sampling interval: 10ms
  Thread calibration: mean lat.: 1.367ms, rate sampling interval: 10ms
  Thread calibration: mean lat.: 1.357ms, rate sampling interval: 10ms
  Thread calibration: mean lat.: 1.344ms, rate sampling interval: 10ms
  Thread calibration: mean lat.: 1.335ms, rate sampling interval: 10ms
  Thread calibration: mean lat.: 1.380ms, rate sampling interval: 10ms
  Thread calibration: mean lat.: 1.346ms, rate sampling interval: 10ms
  Thread calibration: mean lat.: 1.348ms, rate sampling interval: 10ms
  Thread calibration: mean lat.: 1.360ms, rate sampling interval: 10ms
  Thread calibration: mean lat.: 1.408ms, rate sampling interval: 10ms
  Thread calibration: mean lat.: 1.419ms, rate sampling interval: 10ms
  Thread calibration: mean lat.: 1.414ms, rate sampling interval: 10ms
  Thread Stats   Avg      Stdev     Max   +/- Stdev
    Latency     1.48ms  654.28us  11.49ms   71.71%
    Req/Sec     0.99k   156.09     1.55k    66.13%
  Latency Distribution (HdrHistogram - Recorded Latency)
 50.000%    1.40ms
 75.000%    1.83ms
 90.000%    2.29ms
 99.000%    3.51ms
 99.900%    5.06ms
 99.990%    7.30ms
 99.999%   10.12ms
100.000%   11.49ms

  Detailed Percentile spectrum:
       Value   Percentile   TotalCount 1/(1-Percentile)

       0.276     0.000000            1         1.00
       0.729     0.100000        29970         1.11
       0.928     0.200000        59861         1.25
       1.097     0.300000        89782         1.43
       1.251     0.400000       119675         1.67
       1.398     0.500000       149467         2.00
       1.472     0.550000       164338         2.22
       1.551     0.600000       179315         2.50
       1.638     0.650000       194378         2.86
       1.728     0.700000       209175         3.33
       1.832     0.750000       224089         4.00
       1.889     0.775000       231692         4.44
       1.948     0.800000       239071         5.00
       2.014     0.825000       246537         5.71
       2.091     0.850000       253991         6.67
       2.183     0.875000       261558         8.00
       2.233     0.887500       265195         8.89
       2.291     0.900000       268930        10.00
       2.357     0.912500       272685        11.43
       2.435     0.925000       276396        13.33
       2.525     0.937500       280113        16.00
       2.581     0.943750       282021        17.78
       2.643     0.950000       283872        20.00
       2.715     0.956250       285739        22.86
       2.793     0.962500       287591        26.67
       2.887     0.968750       289463        32.00
       2.943     0.971875       290410        35.56
       3.005     0.975000       291331        40.00
       3.081     0.978125       292264        45.71
       3.163     0.981250       293191        53.33
       3.263     0.984375       294130        64.00
       3.319     0.985938       294589        71.11
       3.385     0.987500       295057        80.00
       3.463     0.989062       295523        91.43
       3.543     0.990625       295986       106.67
       3.647     0.992188       296453       128.00
       3.711     0.992969       296687       142.22
       3.781     0.993750       296923       160.00
       3.861     0.994531       297153       182.86
       3.955     0.995313       297386       213.33
       4.077     0.996094       297618       256.00
       4.163     0.996484       297737       284.44
       4.259     0.996875       297856       320.00
       4.339     0.997266       297970       365.71
       4.439     0.997656       298087       426.67
       4.579     0.998047       298202       512.00
       4.655     0.998242       298263       568.89
       4.775     0.998437       298319       640.00
       4.867     0.998633       298378       731.43
       4.955     0.998828       298435       853.33
       5.087     0.999023       298494      1024.00
       5.151     0.999121       298523      1137.78
       5.251     0.999219       298551      1280.00
       5.379     0.999316       298580      1462.86
       5.535     0.999414       298609      1706.67
       5.699     0.999512       298639      2048.00
       5.791     0.999561       298654      2275.56
       5.923     0.999609       298668      2560.00
       6.027     0.999658       298682      2925.71
       6.191     0.999707       298697      3413.33
       6.387     0.999756       298712      4096.00
       6.475     0.999780       298719      4551.11
       6.527     0.999805       298726      5120.00
       6.675     0.999829       298733      5851.43
       6.903     0.999854       298741      6826.67
       7.139     0.999878       298748      8192.00
       7.283     0.999890       298752      9102.22
       7.303     0.999902       298755     10240.00
       7.427     0.999915       298759     11702.86
       7.723     0.999927       298763     13653.33
       7.867     0.999939       298766     16384.00
       7.923     0.999945       298768     18204.44
       7.971     0.999951       298770     20480.00
       7.995     0.999957       298772     23405.71
       8.367     0.999963       298774     27306.67
       8.415     0.999969       298775     32768.00
       8.559     0.999973       298776     36408.89
       8.791     0.999976       298777     40960.00
       9.135     0.999979       298778     46811.43
       9.591     0.999982       298779     54613.33
      10.055     0.999985       298780     65536.00
      10.055     0.999986       298780     72817.78
      10.119     0.999988       298781     81920.00
      10.119     0.999989       298781     93622.86
      10.951     0.999991       298782    109226.67
      10.951     0.999992       298782    131072.00
      10.951     0.999993       298782    145635.56
      11.383     0.999994       298783    163840.00
      11.383     0.999995       298783    187245.71
      11.383     0.999995       298783    218453.33
      11.383     0.999996       298783    262144.00
      11.383     0.999997       298783    291271.11
      11.495     0.999997       298784    327680.00
      11.495     1.000000       298784          inf
#[Mean    =        1.480, StdDeviation   =        0.654]
#[Max     =       11.488, Total count    =       298784]
#[Buckets =           27, SubBuckets     =         2048]
----------------------------------------------------------
  449518 requests in 30.00s, 98.60MB read
Requests/sec:  14983.94
Transfer/sec:      3.29MB
WRKX_RESULT {"durationUs":29999985,"requests":449518,"responses":449518,"errors":0,"bytes":103389140,"latencyAvgUs":1480.400,"latencyP95Us":2643.000,"latencyP99Us":3509.000}
