Running 30s test @ http://localhost:9991/
  16 threads and 256 connections
  Thread calibration: mean lat.: 2.248ms, rate sampling interval: 10ms
  Thread calibration: mean lat.: 2.259ms, rate sampling interval: 10ms
  Thread calibration: mean lat.: 2.526ms, rate sampling interval: 10ms
  Thread calibration: mean lat.: 2.523ms, rate sampling interval: 10ms
  Thread calibration: mean lat.: 2.528ms, rate sampling interval: 10ms
  Thread calibration: mean lat.: 2.546ms, rate sampling interval: 10ms
  Thread calibration: mean lat.: 2.516ms, rate sampling interval: 10ms
  Thread calibration: mean lat.: 2.493ms, rate sampling interval: 10ms
  Thread calibration: mean lat.: 2.549ms, rate sampling interval: 10ms
  Thread calibration: mean lat.: 2.539ms, rate sampling interval: 10ms
  Thread calibration: mean lat.: 2.750ms, rate sampling interval: 10ms
  Thread calibration: mean lat.: 2.835ms, rate sampling interval: 10ms
  Thread calibration: mean lat.: 2.829ms, rate sampling interval: 10ms
  Thread calibration: mean lat.: 2.792ms, rate sampling interval: 10ms
  Thread calibration: mean lat.: 2.762ms, rate sampling interval: 10ms
  Thread calibration: mean lat.: 2.856ms, rate sampling interval: 10ms
  Thread Stats   Avg      Stdev     Max   +/- Stdev
    Latency     3.16ms    2.14ms  22.93ms   81.85%
    Req/Sec     1.65k   235.93     2.89k    68.63%
  Latency Distribution (HdrHistogram - Recorded Latency)
 50.000%    2.61ms
 75.000%    3.76ms
 90.000%    5.81ms
 99.000%   11.34ms
 99.900%   15.40ms
 99.990%   18.43ms
 99.999%   21.14ms
100.000%   22.94ms

  Detailed Percentile spectrum:
       Value   Percentile   TotalCount 1/(1-Percentile)

       0.279     0.000000            1         1.00
       1.226     0.100000        49842         1.11
       1.625     0.200000        99612         1.25
       1.962     0.300000       149408         1.43
       2.285     0.400000       199302         1.67
       2.613     0.500000       249053         2.00
       2.791     0.550000       273930         2.22
       2.983     0.600000       298915         2.50
       3.199     0.650000       323819         2.86
       3.449     0.700000       348660         3.33
       3.759     0.750000       373538         4.00
       3.951     0.775000       386026         4.44
       4.183     0.800000       398490         5.00
       4.463     0.825000       410984         5.71
       4.803     0.850000       423302         6.67
       5.243     0.875000       435813         8.00
       5.507     0.887500       442024         8.89
       5.807     0.900000       448230        10.00
       6.147     0.912500       454468        11.43
       6.547     0.925000       460665        13.33
       7.027     0.937500       466882        16.00
       7.299     0.943750       470005        17.78
       7.615     0.950000       473117        20.00
       7.971     0.956250       476220        22.86
       8.375     0.962500       479378        26.67
       8.815     0.968750       482472        32.00
       9.063     0.971875       483991        35.56
       9.327     0.975000       485543        40.00
       9.639     0.978125       487095        45.71
       9.975     0.981250       488659        53.33
      10.375     0.984375       490230        64.00
      10.607     0.985938       491007        71.11
      10.847     0.987500       491764        80.00
      11.135     0.989062       492539        91.43
      11.471     0.990625       493332       106.67
      11.863     0.992188       494102       128.00
      12.063     0.992969       494485       142.22
      12.303     0.993750       494871       160.00
      12.583     0.994531       495267       182.86
      12.855     0.995313       495648       213.33
      13.199     0.996094       496049       256.00
      13.383     0.996484       496235       284.44
      13.583     0.996875       496431       320.00
      13.831     0.997266       496620       365.71
      14.063     0.997656       496819       426.67
      14.335     0.998047       497011       512.00
      14.503     0.998242       497106       568.89
      14.703     0.998437       497204       640.00
      14.919     0.998633       497301       731.43
      15.111     0.998828       497398       853.33
      15.439     0.999023       497497      1024.00
      15.583     0.999121       497544      1137.78
      15.759     0.999219       497595      1280.00
      15.935     0.999316       497642      1462.86
      16.143     0.999414       497690      1706.67
      16.343     0.999512       497739      2048.00
      16.463     0.999561       497764      2275.56
      16.623     0.999609       497789      2560.00
      16.767     0.999658       497814      2925.71
      16.943     0.999707       497836      3413.33
      17.199     0.999756       497861      4096.00
      17.295     0.999780       497873      4551.11
      17.471     0.999805       497884      5120.00
      17.679     0.999829       497898      5851.43
      17.951     0.999854       497909      6826.67
      18.127     0.999878       497921      8192.00
      18.271     0.999890       497927      9102.22
      18.479     0.999902       497933     10240.00
      18.655     0.999915       497939     11702.86
      18.847     0.999927       497945     13653.33
      19.119     0.999939       497951     16384.00
      19.279     0.999945       497954     18204.44
      19.407     0.999951       497957     20480.00
      19.615     0.999957       497961     23405.71
      19.791     0.999963       497963     27306.67
      19.951     0.999969       497966     32768.00
      20.031     0.999973       497969     36408.89
      20.031     0.999976       497969     40960.00
      20.719     0.999979       497971     46811.43
      20.735     0.999982       497972     54613.33
      21.039     0.999985       497974     65536.00
      21.135     0.999986       497976     72817.78
      21.135     0.999988       497976     81920.00
      21.135     0.999989       497976     93622.86
      21.231     0.999991       497977    109226.67
      21.679     0.999992       497978    131072.00
      21.679     0.999993       497978    145635.56
      21.679     0.999994       497978    163840.00
      21.727     0.999995       497979    187245.71
      21.727     0.999995       497979    218453.33
      22.527     0.999996       497980    262144.00
      22.527     0.999997       497980    291271.11
      22.527     0.999997       497980    327680.00
      22.527     0.999997       497980    374491.43
      22.527     0.999998       497980    436906.67
      22.943     0.999998       497981    524288.00
      22.943     1.000000       497981          inf
#[Mean    =        3.161, StdDeviation   =        2.143]
#[Max     =       22.928, Total count    =       497981]
#[Buckets =           27, SubBuckets     =         2048]
----------------------------------------------------------
  749119 requests in 30.00s, 164.32MB read
Requests/sec:  24970.69
Transfer/sec:      5.48MB
WRKX_RESULT {"durationUs":29999929,"requests":749119,"responses":749119,"errors":0,"bytes":172297820,"latencyAvgUs":3161.431,"latencyP95Us":7615.000,"latencyP99Us":11335.000}
