Running 30s test @ http://localhost:9991/
  16 threads and 256 connections
  Thread calibration: mean lat.: 1224.378ms, rate sampling interval: 4456ms
  Thread calibration: mean lat.: 1221.550ms, rate sampling interval: 4448ms
  Thread calibration: mean lat.: 1215.258ms, rate sampling interval: 4427ms
  Thread calibration: mean lat.: 1212.786ms, rate sampling interval: 4427ms
  Thread calibration: mean lat.: 1219.324ms, rate sampling interval: 4440ms
  Thread calibration: mean lat.: 1221.532ms, rate sampling interval: 4444ms
  Thread calibration: mean lat.: 1159.360ms, rate sampling interval: 4104ms
  Thread calibration: mean lat.: 1221.265ms, rate sampling interval: 4444ms
  Thread calibration: mean lat.: 1228.814ms, rate sampling interval: 4456ms
  Thread calibration: mean lat.: 1218.751ms, rate sampling interval: 4435ms
  Thread calibration: mean lat.: 1219.126ms, rate sampling interval: 4440ms
  Thread calibration: mean lat.: 1227.152ms, rate sampling interval: 4452ms
  Thread calibration: mean lat.: 1227.313ms, rate sampling interval: 4464ms
  Thread calibration: mean lat.: 1226.209ms, rate sampling interval: 4456ms
  Thread calibration: mean lat.: 1217.603ms, rate sampling interval: 4435ms
  Thread calibration: mean lat.: 1224.410ms, rate sampling interval: 4460ms
  Thread Stats   Avg      Stdev     Max   +/- Stdev
    Latency     4.95s     1.46s    7.63s    58.43%
    Req/Sec     1.87k    32.55     1.91k    51.56%
  Latency Distribution (HdrHistogram - Recorded Latency)
 50.000%    4.88s 
 75.000%    6.23s 
 90.000%    7.05s 
 99.000%    7.51s 
 99.900%    7.57s 
 99.990%    7.60s 
 99.999%    7.62s 
100.000%    7.63s 

  Detailed Percentile spectrum:
       Value   Percentile   TotalCount 1/(1-Percentile)

    2312.191     0.000000            1         1.00
    2998.271     0.100000        59676         1.11
    3477.503     0.200000       119195         1.25
    3919.871     0.300000       178608         1.43
    4366.335     0.400000       238199         1.67
    4882.431     0.500000       297795         2.00
    5119.999     0.550000       327537         2.22
    5406.719     0.600000       357496         2.50
    5664.767     0.650000       387001         2.86
    5959.679     0.700000       416765         3.33
    6230.015     0.750000       446721         4.00
    6356.991     0.775000       461230         4.44
    6463.487     0.800000       476096         5.00
    6586.367     0.825000       491054         5.71
    6729.727     0.850000       506063         6.67
    6889.471     0.875000       520964         8.00
    6967.295     0.887500       528266         8.89
    7045.119     0.900000       535662        10.00
    7114.751     0.912500       543211        11.43
    7176.191     0.925000       550458        13.33
    7245.823     0.937500       558361        16.00
    7274.495     0.943750       561954        17.78
    7303.167     0.950000       565482        20.00
    7335.935     0.956250       569089        22.86
    7372.799     0.962500       573120        26.67
    7401.471     0.968750       576565        32.00
    7417.855     0.971875       578562        35.56
    7434.239     0.975000       580527        40.00
    7450.623     0.978125       582508        45.71
    7462.911     0.981250       583983        53.33
    7479.295     0.984375       585949        64.00
    7487.487     0.985938       586951        71.11
    7495.679     0.987500       587954        80.00
    7503.871     0.989062       588942        91.43
    7512.063     0.990625       589854       106.67
    7520.255     0.992188       590743       128.00
    7524.351     0.992969       591180       142.22
    7528.447     0.993750       591612       160.00
    7532.543     0.994531       592006       182.86
    7536.639     0.995313       592378       213.33
    7540.735     0.996094       592748       256.00
    7544.831     0.996484       593080       284.44
    7548.927     0.996875       593367       320.00
    7553.023     0.997266       593622       365.71
    7557.119     0.997656       593851       426.67
    7561.215     0.998047       594045       512.00
    7561.215     0.998242       594045       568.89
    7565.311     0.998437       594243       640.00
    7569.407     0.998633       594420       731.43
    7569.407     0.998828       594420       853.33
    7573.503     0.999023       594554      1024.00
    7573.503     0.999121       594554      1137.78
    7577.599     0.999219       594677      1280.00
    7577.599     0.999316       594677      1462.86
    7581.695     0.999414       594774      1706.67
    7585.791     0.999512       594851      2048.00
    7585.791     0.999561       594851      2275.56
    7585.791     0.999609       594851      2560.00
    7589.887     0.999658       594914      2925.71
    7589.887     0.999707       594914      3413.33
    7593.983     0.999756       594971      4096.00
    7593.983     0.999780       594971      4551.11
    7593.983     0.999805       594971      5120.00
    7593.983     0.999829       594971      5851.43
    7598.079     0.999854       594995      6826.67
    7598.079     0.999878       594995      8192.00
    7602.175     0.999890       595020      9102.22
    7602.175     0.999902       595020     10240.00
    7602.175     0.999915       595020     11702.86
    7606.271     0.999927       595035     13653.33
    7606.271     0.999939       595035     16384.00
    7606.271     0.999945       595035     18204.44
    7610.367     0.999951       595046     20480.00
    7610.367     0.999957       595046     23405.71
    7610.367     0.999963       595046     27306.67
    7614.463     0.999969       595055     32768.00
    7614.463     0.999973       595055     36408.89
    7614.463     0.999976       595055     40960.00
    7614.463     0.999979       595055     46811.43
    7618.559     0.999982       595061     54613.33
    7618.559     0.999985       595061     65536.00
    7618.559     0.999986       595061     72817.78
    7618.559     0.999988       595061     81920.00
    7618.559     0.999989       595061     93622.86
    7618.559     0.999991       595061    109226.67
    7622.655     0.999992       595064    131072.00
    7622.655     0.999993       595064    145635.56
    7622.655     0.999994       595064    163840.00
    7622.655     0.999995       595064    187245.71
    7622.655     0.999995       595064    218453.33
    7622.655     0.999996       595064    262144.00
    7622.655     0.999997       595064    291271.11
    7626.751     0.999997       595065    327680.00
    7626.751     0.999997       595065    374491.43
    7626.751     0.999998       595065    436906.67
    7626.751     0.999998       595065    524288.00
    7626.751     0.999998       595065    582542.22
    7630.847     0.999998       595066    655360.00
    7630.847     1.000000       595066          inf
#[Mean    =     4949.893, StdDeviation   =     1458.720]
#[Max     =     7626.752, Total count    =       595066]
#[Buckets =           27, SubBuckets     =         2048]
----------------------------------------------------------
  894108 requests in 30.00s, 196.12MB read
Requests/sec:  29803.83
Transfer/sec:      6.54MB
WRKX_RESULT {"durationUs":29999773,"requests":894108,"responses":894108,"errors":0,"bytes":205645065,"latencyAvgUs":4949892.612,"latencyP95Us":7303167.000,"latencyP99Us":7507967.000}
