Running 30s test @ http://localhost:9991/
  16 threads and 256 connections
  Thread calibration: mean lat.: 233.944ms, rate sampling interval: 751ms
  Thread calibration: mean lat.: 236.381ms, rate sampling interval: 760ms
  Thread calibration: mean lat.: 231.857ms, rate sampling interval: 745ms
  Thread calibration: mean lat.: 257.437ms, rate sampling interval: 752ms
  Thread calibration: mean lat.: 232.982ms, rate sampling interval: 756ms
  Thread calibration: mean lat.: 230.419ms, rate sampling interval: 738ms
  Thread calibration: mean lat.: 226.437ms, rate sampling interval: 725ms
  Thread calibration: mean lat.: 232.857ms, rate sampling interval: 752ms
  Thread calibration: mean lat.: 230.985ms, rate sampling interval: 736ms
  Thread calibration: mean lat.: 230.125ms, rate sampling interval: 740ms
  Thread calibration: mean lat.: 233.604ms, rate sampling interval: 753ms
  Thread calibration: mean lat.: 230.395ms, rate sampling interval: 743ms
  Thread calibration: mean lat.: 236.914ms, rate sampling interval: 762ms
  Thread calibration: mean lat.: 232.772ms, rate sampling interval: 744ms
  Thread calibration: mean lat.: 232.469ms, rate sampling interval: 749ms
  Thread calibration: mean lat.: 232.915ms, rate sampling interval: 745ms
  Thread Stats   Avg      Stdev     Max   +/- Stdev
    Latency     1.22s   502.94ms   2.03s    55.21%
    Req/Sec     1.73k    80.94     1.89k    64.35%
  Latency Distribution (HdrHistogram - Recorded Latency)
 50.000%    1.30s 
 75.000%    1.68s 
 90.000%    1.84s 
 99.000%    1.94s 
 99.900%    1.99s 
 99.990%    2.01s 
 99.999%    2.02s 
100.000%    2.03s 

  Detailed Percentile spectrum:
       Value   Percentile   TotalCount 1/(1-Percentile)

     334.079     0.000000            2         1.00
     514.047     0.100000        55242         1.11
     673.279     0.200000       110451         1.25
     825.343     0.300000       165547         1.43
    1053.695     0.400000       220813         1.67
    1298.431     0.500000       275983         2.00
    1371.135     0.550000       303660         2.22
    1519.615     0.600000       331135         2.50
    1599.487     0.650000       358520         2.86
    1654.783     0.700000       386379         3.33
    1684.479     0.750000       414401         4.00
    1700.863     0.775000       428383         4.44
    1717.247     0.800000       441345         5.00
    1745.919     0.825000       455273         5.71
    1777.663     0.850000       469099         6.67
    1809.407     0.875000       482926         8.00
    1825.791     0.887500       489853         8.89
    1841.151     0.900000       496524        10.00
    1857.535     0.912500       503478        11.43
    1870.847     0.925000       510435        13.33
    1883.135     0.937500       517582        16.00
    1888.255     0.943750       520678        17.78
    1894.399     0.950000       524509        20.00
    1899.519     0.956250       527739        22.86
    1905.663     0.962500       531331        26.67
    1911.807     0.968750       534691        32.00
    1914.879     0.971875       536154        35.56
    1918.975     0.975000       538190        40.00
    1923.071     0.978125       539831        45.71
    1928.191     0.981250       541440        53.33
    1933.311     0.984375       543005        64.00
    1936.383     0.985938       544022        71.11
    1938.431     0.987500       544711        80.00
    1941.503     0.989062       545516        91.43
    1944.575     0.990625       546418       106.67
    1948.671     0.992188       547454       128.00
    1949.695     0.992969       547688       142.22
    1951.743     0.993750       548152       160.00
    1953.791     0.994531       548531       182.86
    1956.863     0.995313       549041       213.33
    1959.935     0.996094       549465       256.00
    1961.983     0.996484       549686       284.44
    1964.031     0.996875       549895       320.00
    1966.079     0.997266       550076       365.71
    1969.151     0.997656       550293       426.67
    1972.223     0.998047       550471       512.00
    1974.271     0.998242       550575       568.89
    1976.319     0.998437       550686       640.00
    1978.367     0.998633       550790       731.43
    1981.439     0.998828       550901       853.33
    1985.535     0.999023       551015      1024.00
    1987.583     0.999121       551074      1137.78
    1988.607     0.999219       551117      1280.00
    1989.631     0.999316       551165      1462.86
    1991.679     0.999414       551250      1706.67
    1992.703     0.999512       551291      2048.00
    1993.727     0.999561       551319      2275.56
    1994.751     0.999609       551342      2560.00
    1997.823     0.999658       551358      2925.71
    2001.919     0.999707       551390      3413.33
    2003.967     0.999756       551412      4096.00
    2004.991     0.999780       551426      4551.11
    2006.015     0.999805       551436      5120.00
    2007.039     0.999829       551458      5851.43
    2008.063     0.999854       551484      6826.67
    2008.063     0.999878       551484      8192.00
    2008.063     0.999890       551484      9102.22
    2009.087     0.999902       551505     10240.00
    2009.087     0.999915       551505     11702.86
    2009.087     0.999927       551505     13653.33
    2010.111     0.999939       551517     16384.00
    2010.111     0.999945       551517     18204.44
    2010.111     0.999951       551517     20480.00
    2011.135     0.999957       551521     23405.71
    2012.159     0.999963       551523     27306.67
    2017.279     0.999969       551526     32768.00
    2019.327     0.999973       551528     36408.89
    2020.351     0.999976       551530     40960.00
    2021.375     0.999979       551531     46811.43
    2022.399     0.999982       551535     54613.33
    2022.399     0.999985       551535     65536.00
    2022.399     0.999986       551535     72817.78
    2023.423     0.999988       551539     81920.00
    2023.423     0.999989       551539     93622.86
    2023.423     0.999991       551539    109226.67
    2023.423     0.999992       551539    131072.00
    2023.423     0.999993       551539    145635.56
    2023.423     0.999994       551539    163840.00
    2024.447     0.999995       551540    187245.71
    2024.447     0.999995       551540    218453.33
    2024.447     0.999996       551540    262144.00
    2027.519     0.999997       551542    291271.11
    2027.519     1.000000       551542          inf
#[Mean    =     1218.574, StdDeviation   =      502.937]
#[Max     =     2026.496, Total count    =       551542]
#[Buckets =           27, SubBuckets     =         2048]
----------------------------------------------------------
  839337 requests in 30.00s, 184.10MB read
Requests/sec:  27977.45
Transfer/sec:      6.14MB
WRKX_RESULT {"durationUs":30000486,"requests":839337,"responses":839337,"errors":0,"bytes":193047510,"latencyAvgUs":1218574.311,"latencyP95Us":1894399.000,"latencyP99Us":1943551.000}
