Running 30s test @ http://localhost:9991/
  16 threads and 256 connections
  Thread calibration: mean lat.: 1.362ms, rate sampling interval: 10ms
  Thread calibration: mean lat.: 1.446ms, rate sampling interval: 10ms
  Thread calibration: mean lat.: 1.431ms, rate sampling interval: 10ms
  Thread calibration: mean lat.: 1.456ms, rate sampling interval: 10ms
  Thread calibration: mean lat.: 1.416ms, rate sampling interval: 10ms
  Thread calibration: mean lat.: 1.432ms, rate sampling interval: 10ms
  Thread calibration: mean lat.: 1.414ms, rate sampling interval: 10ms
  Thread calibration: mean lat.: 1.405ms, rate sampling interval: 10ms
  Thread calibration: mean lat.: 1.440ms, rate sampling interval: 10ms
  Thread calibration: mean lat.: 1.438ms, rate sampling interval: 10ms
  Thread calibration: mean lat.: 1.417ms, rate sampling interval: 10ms
  Thread calibration: mean lat.: 1.429ms, rate sampling interval: 10ms
  Thread calibration: mean lat.: 1.423ms, rate sampling interval: 10ms
  Thread calibration: mean lat.: 1.445ms, rate sampling interval: 10ms
  Thread calibration: mean lat.: 1.445ms, rate sampling interval: 10ms
  Thread calibration: mean lat.: 1.452ms, rate sampling interval: 10ms
  Thread Stats   Avg      Stdev     Max   +/- Stdev
    Latency     1.54ms  627.79us   8.25ms   67.61%
    Req/Sec   658.66    162.66     1.22k    75.93%
  Latency Distribution (HdrHistogram - Recorded Latency)
 50.000%    1.47ms
 75.000%    1.94ms
 90.000%    2.37ms
 99.000%    3.23ms
 99.900%    4.21ms
 99.990%    5.84ms
 99.999%    6.77ms
100.000%    8.26ms

  Detailed Percentile spectrum:
       Value   Percentile   TotalCount 1/(1-Percentile)

       0.300     0.000000            1         1.00
       0.768     0.100000        19989         1.11
       0.971     0.200000        39873         1.25
       1.147     0.300000        59877         1.43
       1.312     0.400000        79764         1.67
       1.470     0.500000        99618         2.00
       1.554     0.550000       109644         2.22
       1.640     0.600000       119608         2.50
       1.732     0.650000       129514         2.86
       1.829     0.700000       139468         3.33
       1.937     0.750000       149493         4.00
       1.994     0.775000       154466         4.44
       2.053     0.800000       159427         5.00
       2.117     0.825000       164362         5.71
       2.191     0.850000       169346         6.67
       2.275     0.875000       174396         8.00
       2.319     0.887500       176849         8.89
       2.367     0.900000       179299        10.00
       2.423     0.912500       181853        11.43
       2.485     0.925000       184320        13.33
       2.557     0.937500       186788        16.00
       2.599     0.943750       188062        17.78
       2.641     0.950000       189266        20.00
       2.689     0.956250       190544        22.86
       2.743     0.962500       191757        26.67
       2.807     0.968750       192990        32.00
       2.847     0.971875       193619        35.56
       2.891     0.975000       194233        40.00
       2.943     0.978125       194870        45.71
       2.997     0.981250       195498        53.33
       3.067     0.984375       196100        64.00
       3.109     0.985938       196423        71.11
       3.151     0.987500       196726        80.00
       3.199     0.989062       197037        91.43
       3.255     0.990625       197352       106.67
       3.323     0.992188       197659       128.00
       3.363     0.992969       197815       142.22
       3.411     0.993750       197967       160.00
       3.465     0.994531       198123       182.86
       3.521     0.995313       198279       213.33
       3.595     0.996094       198436       256.00
       3.643     0.996484       198518       284.44
       3.681     0.996875       198591       320.00
       3.743     0.997266       198670       365.71
       3.815     0.997656       198747       426.67
       3.895     0.998047       198826       512.00
       3.957     0.998242       198863       568.89
       4.015     0.998437       198901       640.00
       4.073     0.998633       198942       731.43
       4.143     0.998828       198980       853.33
       4.219     0.999023       199020      1024.00
       4.271     0.999121       199037      1137.78
       4.327     0.999219       199057      1280.00
       4.431     0.999316       199077      1462.86
       4.567     0.999414       199096      1706.67
       4.667     0.999512       199115      2048.00
       4.775     0.999561       199125      2275.56
       4.835     0.999609       199135      2560.00
       4.943     0.999658       199146      2925.71
       5.031     0.999707       199154      3413.33
       5.183     0.999756       199164      4096.00
       5.351     0.999780       199169      4551.11
       5.447     0.999805       199174      5120.00
       5.507     0.999829       199179      5851.43
       5.539     0.999854       199183      6826.67
       5.747     0.999878       199188      8192.00
       5.799     0.999890       199191      9102.22
       5.907     0.999902       199193     10240.00
       5.947     0.999915       199195     11702.86
       6.103     0.999927       199198     13653.33
       6.151     0.999939       199200     16384.00
       6.295     0.999945       199202     18204.44
       6.419     0.999951       199203     20480.00
       6.471     0.999957       199204     23405.71
       6.491     0.999963       199205     27306.67
       6.579     0.999969       199206     32768.00
       6.695     0.999973       199207     36408.89
       6.707     0.999976       199208     40960.00
       6.707     0.999979       199208     46811.43
       6.723     0.999982       199209     54613.33
       6.723     0.999985       199209     65536.00
       6.771     0.999986       199210     72817.78
       6.771     0.999988       199210     81920.00
       6.771     0.999989       199210     93622.86
       7.091     0.999991       199211    109226.67
       7.091     0.999992       199211    131072.00
       7.091     0.999993       199211    145635.56
       7.091     0.999994       199211    163840.00
       7.091     0.999995       199211    187245.71
       8.255     0.999995       199212    218453.33
       8.255     1.000000       199212          inf
#[Mean    =        1.535, StdDeviation   =        0.628]
#[Max     =        8.248, Total count    =       199212]
#[Buckets =           27, SubBuckets     =         2048]
----------------------------------------------------------
  299734 requests in 30.00s, 65.75MB read
Requests/sec:   9990.14
Transfer/sec:      2.19MB
WRKX_RESULT {"durationUs":30002984,"requests":299734,"responses":299734,"errors":0,"bytes":68938820,"latencyAvgUs":1535.422,"latencyP95Us":2641.000,"latencyP99Us":3229.000}
