Running 30s test @ http://localhost:9991/
  16 threads and 256 connections
  Thread calibration: mean lat.: 3517.511ms, rate sampling interval: 12763ms
  Thread calibration: mean lat.: 3518.215ms, rate sampling interval: 12763ms
  Thread calibration: mean lat.: 3519.927ms, rate sampling interval: 12763ms
  Thread calibration: mean lat.: 3517.985ms, rate sampling interval: 12754ms
  Thread calibration: mean lat.: 3519.549ms, rate sampling interval: 12763ms
  Thread calibration: mean lat.: 3517.448ms, rate sampling interval: 12763ms
  Thread calibration: mean lat.: 3515.802ms, rate sampling interval: 12754ms
  Thread calibration: mean lat.: 3516.013ms, rate sampling interval: 12754ms
  Thread calibration: mean lat.: 3517.660ms, rate sampling interval: 12763ms
  Thread calibration: mean lat.: 3519.207ms, rate sampling interval: 12754ms
  Thread calibration: mean lat.: 3519.355ms, rate sampling interval: 12763ms
  Thread calibration: mean lat.: 3521.285ms, rate sampling interval: 12763ms
  Thread calibration: mean lat.: 3518.021ms, rate sampling interval: 12754ms
  Thread calibration: mean lat.: 3515.338ms, rate sampling interval: 12746ms
  Thread calibration: mean lat.: 3522.224ms, rate sampling interval: 12763ms
  Thread calibration: mean lat.: 3520.832ms, rate sampling interval: 12763ms
  Thread Stats   Avg      Stdev     Max   +/- Stdev
    Latency    14.44s     4.11s   21.41s    58.12%
    Req/Sec     1.74k     0.92     1.74k   100.00%
  Latency Distribution (HdrHistogram - Recorded Latency)
 50.000%   14.64s 
 75.000%   18.01s 
 90.000%   20.04s 
 99.000%   21.25s 
 99.900%   21.38s 
 99.990%   21.41s 
 99.999%   21.43s 
100.000%   21.43s 

  Detailed Percentile spectrum:
       Value   Percentile   TotalCount 1/(1-Percentile)

    7102.463     0.000000            1         1.00
    8634.367     0.100000        56908         1.11
   10108.927     0.200000       113382         1.25
   11624.447     0.300000       170098         1.43
   13090.815     0.400000       226962         1.67
   14639.103     0.500000       283605         2.00
   15359.999     0.550000       311894         2.22
   16007.167     0.600000       340070         2.50
   16678.911     0.650000       368534         2.86
   17367.039     0.700000       396827         3.33
   18006.015     0.750000       425246         4.00
   18317.311     0.775000       439304         4.44
   18628.607     0.800000       453534         5.00
   18989.055     0.825000       467855         5.71
   19333.119     0.850000       481646         6.67
   19709.951     0.875000       495766         8.00
   19873.791     0.887500       502955         8.89
   20037.631     0.900000       510089        10.00
   20201.471     0.912500       517064        11.43
   20365.311     0.925000       524524        13.33
   20529.151     0.937500       531611        16.00
   20611.071     0.943750       535107        17.78
   20692.991     0.950000       538907        20.00
   20758.527     0.956250       541799        22.86
   20856.831     0.962500       545677        26.67
   20955.135     0.968750       549487        32.00
   20987.903     0.971875       550791        35.56
   21037.055     0.975000       552819        40.00
   21086.207     0.978125       554702        45.71
   21118.975     0.981250       556004        53.33
   21168.127     0.984375       557850        64.00
   21200.895     0.985938       559075        71.11
   21217.279     0.987500       559726        80.00
   21233.663     0.989062       560370        91.43
   21266.431     0.990625       561644       106.67
   21282.815     0.992188       562267       128.00
   21299.199     0.992969       562891       142.22
   21315.583     0.993750       563551       160.00
   21315.583     0.994531       563551       182.86
   21331.967     0.995313       564223       213.33
   21348.351     0.996094       564909       256.00
   21348.351     0.996484       564909       284.44
   21348.351     0.996875       564909       320.00
   21364.735     0.997266       565556       365.71
   21364.735     0.997656       565556       426.67
   21364.735     0.998047       565556       512.00
   21364.735     0.998242       565556       568.89
   21381.119     0.998437       566091       640.00
   21381.119     0.998633       566091       731.43
   21381.119     0.998828       566091       853.33
   21381.119     0.999023       566091      1024.00
   21381.119     0.999121       566091      1137.78
   21381.119     0.999219       566091      1280.00
   21397.503     0.999316       566433      1462.86
   21397.503     0.999414       566433      1706.67
   21397.503     0.999512       566433      2048.00
   21397.503     0.999561       566433      2275.56
   21397.503     0.999609       566433      2560.00
   21397.503     0.999658       566433      2925.71
   21397.503     0.999707       566433      3413.33
   21397.503     0.999756       566433      4096.00
   21397.503     0.999780       566433      4551.11
   21397.503     0.999805       566433      5120.00
   21413.887     0.999829       566522      5851.43
   21413.887     0.999854       566522      6826.67
   21413.887     0.999878       566522      8192.00
   21413.887     0.999890       566522      9102.22
   21413.887     0.999902       566522     10240.00
   21413.887     0.999915       566522     11702.86
   21413.887     0.999927       566522     13653.33
   21413.887     0.999939       566522     16384.00
   21413.887     0.999945       566522     18204.44
   21413.887     0.999951       566522     20480.00
   21413.887     0.999957       566522     23405.71
   21413.887     0.999963       566522     27306.67
   21413.887     0.999969       566522     32768.00
   21413.887     0.999973       566522     36408.89
   21413.887     0.999976       566522     40960.00
   21413.887     0.999979       566522     46811.43
   21413.887     0.999982       566522     54613.33
   21430.271     0.999985       566531     65536.00
   21430.271     1.000000       566531          inf
#[Mean    =    14435.719, StdDeviation   =     4113.255]
#[Max     =    21413.888, Total count    =       566531]
#[Buckets =           27, SubBuckets     =         2048]
----------------------------------------------------------
  857390 requests in 30.00s, 188.06MB read
Requests/sec:  28579.54
Transfer/sec:      6.27MB
WRKX_RESULT {"durationUs":30000134,"requests":857390,"responses":857390,"errors":0,"bytes":197199925,"latencyAvgUs":14435718.579,"latencyP95Us":20692991.000,"latencyP99Us":21250047.000}
