Running 30s test @ http://localhost:9991/
  16 threads and 256 connections
  Thread calibration: mean lat.: 1.911ms, rate sampling interval: 10ms
  Thread calibration: mean lat.: 1.917ms, rate sampling interval: 10ms
  Thread calibration: mean lat.: 1.940ms, rate sampling interval: 10ms
  Thread calibration: mean lat.: 1.885ms, rate sampling interval: 10ms
  Thread calibration: mean lat.: 1.925ms, rate sampling interval: 10ms
  Thread calibration: mean lat.: 1.916ms, rate sampling interval: 10ms
  Thread calibration: mean lat.: 1.920ms, rate sampling interval: 10ms
  Thread calibration: mean lat.: 1.960ms, rate sampling interval: 10ms
  Thread calibration: mean lat.: 1.937ms, rate sampling interval: 10ms
  Thread calibration: mean lat.: 1.954ms, rate sampling interval: 10ms
  Thread calibration: mean lat.: 1.915ms, rate sampling interval: 10ms
  Thread calibration: mean lat.: 1.918ms, rate sampling interval: 10ms
  Thread calibration: mean lat.: 1.952ms, rate sampling interval: 10ms
  Thread calibration: mean lat.: 2.001ms, rate sampling interval: 10ms
  Thread calibration: mean lat.: 1.909ms, rate sampling interval: 10ms
  Thread calibration: mean lat.: 1.920ms, rate sampling interval: 10ms
  Thread Stats   Avg      Stdev     Max   +/- Stdev
    Latency     2.03ms    1.02ms  16.35ms   74.83%
    Req/Sec     1.32k   183.81     2.11k    69.41%
  Latency Distribution (HdrHistogram - Recorded Latency)
 50.000%    1.84ms
 75.000%    2.50ms
 90.000%    3.30ms
 99.000%    5.49ms
 99.900%    7.94ms
 99.990%   10.51ms
 99.999%   14.61ms
100.000%   16.36ms

  Detailed Percentile spectrum:
       Value   Percentile   TotalCount 1/(1-Percentile)

       0.245     0.000000            1         1.00
       0.946     0.100000        39847         1.11
       1.210     0.200000        79683         1.25
       1.428     0.300000       119691         1.43
       1.632     0.400000       159453         1.67
       1.843     0.500000       199239         2.00
       1.952     0.550000       219198         2.22
       2.071     0.600000       239360         2.50
       2.197     0.650000       259076         2.86
       2.337     0.700000       279094         3.33
       2.499     0.750000       298799         4.00
       2.593     0.775000       308880         4.44
       2.695     0.800000       318758         5.00
       2.811     0.825000       328719         5.71
       2.945     0.850000       338660         6.67
       3.101     0.875000       348652         8.00
       3.191     0.887500       353628         8.89
       3.295     0.900000       358614        10.00
       3.413     0.912500       363590        11.43
       3.549     0.925000       368526        13.33
       3.715     0.937500       373499        16.00
       3.811     0.943750       376013        17.78
       3.913     0.950000       378507        20.00
       4.035     0.956250       380964        22.86
       4.179     0.962500       383479        26.67
       4.343     0.968750       385950        32.00
       4.443     0.971875       387175        35.56
       4.559     0.975000       388464        40.00
       4.687     0.978125       389662        45.71
       4.847     0.981250       390913        53.33
       5.035     0.984375       392156        64.00
       5.139     0.985938       392781        71.11
       5.259     0.987500       393397        80.00
       5.395     0.989062       394025        91.43
       5.555     0.990625       394643       106.67
       5.743     0.992188       395272       128.00
       5.847     0.992969       395574       142.22
       5.979     0.993750       395886       160.00
       6.119     0.994531       396197       182.86
       6.283     0.995313       396510       213.33
       6.475     0.996094       396818       256.00
       6.575     0.996484       396972       284.44
       6.699     0.996875       397132       320.00
       6.831     0.997266       397285       365.71
       6.995     0.997656       397441       426.67
       7.199     0.998047       397598       512.00
       7.311     0.998242       397676       568.89
       7.439     0.998437       397751       640.00
       7.599     0.998633       397828       731.43
       7.787     0.998828       397906       853.33
       7.963     0.999023       397984      1024.00
       8.083     0.999121       398022      1137.78
       8.187     0.999219       398062      1280.00
       8.295     0.999316       398100      1462.86
       8.439     0.999414       398142      1706.67
       8.647     0.999512       398178      2048.00
       8.759     0.999561       398198      2275.56
       8.919     0.999609       398217      2560.00
       9.015     0.999658       398238      2925.71
       9.191     0.999707       398256      3413.33
       9.367     0.999756       398275      4096.00
       9.535     0.999780       398285      4551.11
       9.743     0.999805       398295      5120.00
       9.951     0.999829       398305      5851.43
      10.143     0.999854       398314      6826.67
      10.327     0.999878       398324      8192.00
      10.431     0.999890       398329      9102.22
      10.551     0.999902       398334     10240.00
      10.615     0.999915       398338     11702.86
      10.959     0.999927       398343     13653.33
      11.175     0.999939       398348     16384.00
      11.303     0.999945       398351     18204.44
      11.391     0.999951       398353     20480.00
      11.639     0.999957       398355     23405.71
      11.775     0.999963       398358     27306.67
      11.863     0.999969       398360     32768.00
      12.287     0.999973       398362     36408.89
      12.447     0.999976       398363     40960.00
      12.599     0.999979       398364     46811.43
      12.695     0.999982       398365     54613.33
      12.703     0.999985       398366     65536.00
      12.879     0.999986       398367     72817.78
      14.607     0.999988       398368     81920.00
      14.607     0.999989       398368     93622.86
      14.911     0.999991       398369    109226.67
      14.911     0.999992       398369    131072.00
      15.455     0.999993       398370    145635.56
      15.455     0.999994       398370    163840.00
      15.455     0.999995       398370    187245.71
      16.183     0.999995       398371    218453.33
      16.183     0.999996       398371    262144.00
      16.183     0.999997       398371    291271.11
      16.183     0.999997       398371    327680.00
      16.183     0.999997       398371    374491.43
      16.359     0.999998       398372    436906.67
      16.359     1.000000       398372          inf
#[Mean    =        2.026, StdDeviation   =        1.021]
#[Max     =       16.352, Total count    =       398372]
#[Buckets =           27, SubBuckets     =         2048]
----------------------------------------------------------
  599307 requests in 30.00s, 131.46MB read
Requests/sec:  19975.88
Transfer/sec:      4.38MB
WRKX_RESULT {"durationUs":30001532,"requests":599307,"responses":599307,"errors":0,"bytes":137840610,"latencyAvgUs":2026.131,"latencyP95Us":3911.000,"latencyP99Us":5487.000}
