Running 30s test @ http://localhost:9991/
  16 threads and 256 connections
  Thread calibration: mean lat.: 4044.659ms, rate sampling interval: 14458ms
  Thread calibration: mean lat.: 4042.461ms, rate sampling interval: 14458ms
  Thread calibration: mean lat.: 4044.000ms, rate sampling interval: 14467ms
  Thread calibration: mean lat.: 4045.670ms, rate sampling interval: 14467ms
  Thread calibration: mean lat.: 4046.328ms, rate sampling interval: 14467ms
  Thread calibration: mean lat.: 4047.547ms, rate sampling interval: 14458ms
  Thread calibration: mean lat.: 4043.670ms, rate sampling interval: 14458ms
  Thread calibration: mean lat.: 4045.935ms, rate sampling interval: 14458ms
  Thread calibration: mean lat.: 4043.995ms, rate sampling interval: 14458ms
  Thread calibration: mean lat.: 4043.817ms, rate sampling interval: 14458ms
  Thread calibration: mean lat.: 4046.055ms, rate sampling interval: 14467ms
  Thread calibration: mean lat.: 4048.889ms, rate sampling interval: 14467ms
  Thread calibration: mean lat.: 4043.748ms, rate sampling interval: 14458ms
  Thread calibration: mean lat.: 4053.974ms, rate sampling interval: 14475ms
  Thread calibration: mean lat.: 4047.586ms, rate sampling interval: 14467ms
  Thread calibration: mean lat.: 4051.953ms, rate sampling interval: 14467ms
  Thread Stats   Avg      Stdev     Max   +/- Stdev
    Latency    16.00s     4.62s   24.08s    57.80%
    Req/Sec     1.84k     1.05     1.85k    93.75%
  Latency Distribution (HdrHistogram - Recorded Latency)
 50.000%   15.96s 
 75.000%   20.00s 
 90.000%   22.41s 
 99.000%   23.90s 
 99.900%   24.07s 
 99.990%   24.08s 
 99.999%   24.10s 
100.000%   24.10s 

  Detailed Percentile spectrum:
       Value   Percentile   TotalCount 1/(1-Percentile)

    8015.871     0.000000            1         1.00
    9617.407     0.100000        58787         1.11
   11190.271     0.200000       117256         1.25
   12754.943     0.300000       175647         1.43
   14393.343     0.400000       234350         1.67
   15958.015     0.500000       292749         2.00
   16769.023     0.550000       322254         2.22
   17629.183     0.600000       351267         2.50
   18448.383     0.650000       380663         2.86
   19234.815     0.700000       409816         3.33
   20004.863     0.750000       439429         4.00
   20398.079     0.775000       454194         4.44
   20774.911     0.800000       468684         5.00
   21151.743     0.825000       483340         5.71
   21577.727     0.850000       498062         6.67
   21987.327     0.875000       512288         8.00
   22216.703     0.887500       520062         8.89
   22413.311     0.900000       527095        10.00
   22626.303     0.912500       534622        11.43
   22839.295     0.925000       542107        13.33
   23035.903     0.937500       549410        16.00
   23134.207     0.943750       553083        17.78
   23216.127     0.950000       556175        20.00
   23314.431     0.956250       559898        22.86
   23429.119     0.962500       563882        26.67
   23527.423     0.968750       567377        32.00
   23576.575     0.971875       569175        35.56
   23642.111     0.975000       571205        40.00
   23691.263     0.978125       572789        45.71
   23756.799     0.981250       574725        53.33
   23822.335     0.984375       576820        64.00
   23838.719     0.985938       577412        71.11
   23871.487     0.987500       578610        80.00
   23887.871     0.989062       579184        91.43
   23920.639     0.990625       580313       106.67
   23937.023     0.992188       580864       128.00
   23953.407     0.992969       581398       142.22
   23969.791     0.993750       581949       160.00
   23986.175     0.994531       582486       182.86
   24002.559     0.995313       583056       213.33
   24018.943     0.996094       583624       256.00
   24018.943     0.996484       583624       284.44
   24018.943     0.996875       583624       320.00
   24035.327     0.997266       584222       365.71
   24035.327     0.997656       584222       426.67
   24051.711     0.998047       584786       512.00
   24051.711     0.998242       584786       568.89
   24051.711     0.998437       584786       640.00
   24051.711     0.998633       584786       731.43
   24051.711     0.998828       584786       853.33
   24068.095     0.999023       585181      1024.00
   24068.095     0.999121       585181      1137.78
   24068.095     0.999219       585181      1280.00
   24068.095     0.999316       585181      1462.86
   24068.095     0.999414       585181      1706.67
   24068.095     0.999512       585181      2048.00
   24068.095     0.999561       585181      2275.56
   24084.479     0.999609       585383      2560.00
   24084.479     0.999658       585383      2925.71
   24084.479     0.999707       585383      3413.33
   24084.479     0.999756       585383      4096.00
   24084.479     0.999780       585383      4551.11
   24084.479     0.999805       585383      5120.00
   24084.479     0.999829       585383      5851.43
   24084.479     0.999854       585383      6826.67
   24084.479     0.999878       585383      8192.00
   24084.479     0.999890       585383      9102.22
   24084.479     0.999902       585383     10240.00
   24100.863     0.999915       585437     11702.86
   24100.863     1.000000       585437          inf
#[Mean    =    15996.571, StdDeviation   =     4620.274]
#[Max     =    24084.480, Total count    =       585437]
#[Buckets =           27, SubBuckets     =         2048]
----------------------------------------------------------
  884172 requests in 30.00s, 193.94MB read
Requests/sec:  29472.50
Transfer/sec:      6.46MB
WRKX_RESULT {"durationUs":29999897,"requests":884172,"responses":884172,"errors":0,"bytes":203360235,"latencyAvgUs":15996570.900,"latencyP95Us":23216127.000,"latencyP99Us":23904255.000}
