Running 30s test @ http://localhost:9991/postgres/orders
  16 threads and 256 connections
  Thread calibration: mean lat.: 2646.206ms, rate sampling interval: 9650ms
  Thread calibration: mean lat.: 2652.031ms, rate sampling interval: 9674ms
  Thread calibration: mean lat.: 2655.184ms, rate sampling interval: 9666ms
  Thread calibration: mean lat.: 2648.843ms, rate sampling interval: 9674ms
  Thread calibration: mean lat.: 2646.234ms, rate sampling interval: 9658ms
  Thread calibration: mean lat.: 2648.644ms, rate sampling interval: 9650ms
  Thread calibration: mean lat.: 2649.036ms, rate sampling interval: 9666ms
  Thread calibration: mean lat.: 2652.277ms, rate sampling interval: 9650ms
  Thread calibration: mean lat.: 2656.577ms, rate sampling interval: 9674ms
  Thread calibration: mean lat.: 2646.918ms, rate sampling interval: 9650ms
  Thread calibration: mean lat.: 2656.954ms, rate sampling interval: 9674ms
  Thread calibration: mean lat.: 2652.234ms, rate sampling interval: 9658ms
  Thread calibration: mean lat.: 2646.786ms, rate sampling interval: 9650ms
  Thread calibration: mean lat.: 2647.078ms, rate sampling interval: 9658ms
  Thread calibration: mean lat.: 2651.923ms, rate sampling interval: 9658ms
  Thread calibration: mean lat.: 2448.678ms, rate sampling interval: 8806ms
  Thread Stats   Avg      Stdev     Max   +/- Stdev
    Latency    10.79s     3.12s   16.24s    58.02%
    Req/Sec   285.00      2.90   289.00     96.88%
  Latency Distribution (HdrHistogram - Recorded Latency)
 50.000%   10.86s 
 75.000%   13.46s 
 90.000%   15.08s 
 99.000%   16.09s 
 99.900%   16.19s 
 99.990%   16.22s 
 99.999%   16.23s 
100.000%   16.24s 

  Detailed Percentile spectrum:
       Value   Percentile   TotalCount 1/(1-Percentile)

    4886.527     0.000000            1         1.00
    6447.103     0.100000         9139         1.11
    7516.159     0.200000        18232         1.25
    8617.983     0.300000        27365         1.43
    9707.519     0.400000        36436         1.67
   10862.591     0.500000        45591         2.00
   11411.455     0.550000        50111         2.22
   11927.551     0.600000        54676         2.50
   12476.415     0.650000        59252         2.86
   12976.127     0.700000        63788         3.33
   13459.455     0.750000        68307         4.00
   13713.407     0.775000        70635         4.44
   13983.743     0.800000        72869         5.00
   14254.079     0.825000        75145         5.71
   14524.415     0.850000        77408         6.67
   14802.943     0.875000        79697         8.00
   14942.207     0.887500        80859         8.89
   15081.471     0.900000        82030        10.00
   15212.543     0.912500        83125        11.43
   15359.999     0.925000        84298        13.33
   15499.263     0.937500        85392        16.00
   15581.183     0.943750        85992        17.78
   15646.719     0.950000        86537        20.00
   15712.255     0.956250        87148        22.86
   15777.791     0.962500        87702        26.67
   15843.327     0.968750        88242        32.00
   15884.287     0.971875        88542        35.56
   15917.055     0.975000        88808        40.00
   15949.823     0.978125        89090        45.71
   15982.591     0.981250        89356        53.33
   16023.551     0.984375        89680        64.00
   16039.935     0.985938        89811        71.11
   16056.319     0.987500        89939        80.00
   16072.703     0.989062        90084        91.43
   16089.087     0.990625        90209       106.67
   16105.471     0.992188        90359       128.00
   16113.663     0.992969        90428       142.22
   16130.047     0.993750        90578       160.00
   16130.047     0.994531        90578       182.86
   16138.239     0.995313        90638       213.33
   16154.623     0.996094        90781       256.00
   16154.623     0.996484        90781       284.44
   16154.623     0.996875        90781       320.00
   16162.815     0.997266        90852       365.71
   16162.815     0.997656        90852       426.67
   16171.007     0.998047        90896       512.00
   16179.199     0.998242        90935       568.89
   16179.199     0.998437        90935       640.00
   16187.391     0.998633        90989       731.43
   16187.391     0.998828        90989       853.33
   16187.391     0.999023        90989      1024.00
   16187.391     0.999121        90989      1137.78
   16195.583     0.999219        91023      1280.00
   16195.583     0.999316        91023      1462.86
   16195.583     0.999414        91023      1706.67
   16195.583     0.999512        91023      2048.00
   16195.583     0.999561        91023      2275.56
   16203.775     0.999609        91035      2560.00
   16203.775     0.999658        91035      2925.71
   16211.967     0.999707        91048      3413.33
   16211.967     0.999756        91048      4096.00
   16211.967     0.999780        91048      4551.11
   16211.967     0.999805        91048      5120.00
   16211.967     0.999829        91048      5851.43
   16220.159     0.999854        91057      6826.67
   16220.159     0.999878        91057      8192.00
   16220.159     0.999890        91057      9102.22
   16220.159     0.999902        91057     10240.00
   16220.159     0.999915        91057     11702.86
   16220.159     0.999927        91057     13653.33
   16220.159     0.999939        91057     16384.00
   16220.159     0.999945        91057     18204.44
   16228.351     0.999951        91061     20480.00
   16228.351     0.999957        91061     23405.71
   16228.351     0.999963        91061     27306.67
   16228.351     0.999969        91061     32768.00
   16228.351     0.999973        91061     36408.89
   16228.351     0.999976        91061     40960.00
   16228.351     0.999979        91061     46811.43
   16228.351     0.999982        91061     54613.33
   16228.351     0.999985        91061     65536.00
   16228.351     0.999986        91061     72817.78
   16228.351     0.999988        91061     81920.00
   16244.735     0.999989        91062     93622.86
   16244.735     1.000000        91062          inf
#[Mean    =    10786.152, StdDeviation   =     3123.324]
#[Max     =    16236.544, Total count    =        91062]
#[Buckets =           27, SubBuckets     =         2048]
----------------------------------------------------------
  137541 requests in 30.02s, 1.82GB read
Requests/sec:   4581.44
Transfer/sec:     62.22MB
WRKX_RESULT {"durationUs":30021339,"requests":137541,"responses":137541,"errors":0,"bytes":1958721381,"latencyAvgUs":10786152.293,"latencyP95Us":15646719.000,"latencyP99Us":16089087.000}
