Running 30s test @ http://localhost:9991/postgres/orders
  16 threads and 256 connections
  Thread calibration: mean lat.: 4186.237ms, rate sampling interval: 15302ms
  Thread calibration: mean lat.: 4186.870ms, rate sampling interval: 15286ms
  Thread calibration: mean lat.: 4186.679ms, rate sampling interval: 15286ms
  Thread calibration: mean lat.: 3841.604ms, rate sampling interval: 13885ms
  Thread calibration: mean lat.: 4189.174ms, rate sampling interval: 15294ms
  Thread calibration: mean lat.: 4184.247ms, rate sampling interval: 15302ms
  Thread calibration: mean lat.: 4186.390ms, rate sampling interval: 15302ms
  Thread calibration: mean lat.: 4189.788ms, rate sampling interval: 15310ms
  Thread calibration: mean lat.: 4189.317ms, rate sampling interval: 15310ms
  Thread calibration: mean lat.: 4187.631ms, rate sampling interval: 15286ms
  Thread calibration: mean lat.: 4183.451ms, rate sampling interval: 15286ms
  Thread calibration: mean lat.: 4188.111ms, rate sampling interval: 15294ms
  Thread calibration: mean lat.: 4188.248ms, rate sampling interval: 15278ms
  Thread calibration: mean lat.: 4185.715ms, rate sampling interval: 15269ms
  Thread calibration: mean lat.: 4187.656ms, rate sampling interval: 15302ms
  Thread calibration: mean lat.: 4188.493ms, rate sampling interval: 15286ms
  Thread Stats   Avg      Stdev     Max   +/- Stdev
    Latency    16.76s     4.86s   25.30s    57.71%
    Req/Sec   294.88      0.33   295.00    100.00%
  Latency Distribution (HdrHistogram - Recorded Latency)
 50.000%   16.73s 
 75.000%   20.97s 
 90.000%   23.54s 
 99.000%   25.12s 
 99.900%   25.28s 
 99.990%   25.30s 
 99.999%   25.31s 
100.000%   25.31s 

  Detailed Percentile spectrum:
       Value   Percentile   TotalCount 1/(1-Percentile)

    7692.287     0.000000            1         1.00
   10067.967     0.100000         9370         1.11
   11689.983     0.200000        18739         1.25
   13352.959     0.300000        28115         1.43
   15040.511     0.400000        37456         1.67
   16728.063     0.500000        46855         2.00
   17596.415     0.550000        51578         2.22
   18431.999     0.600000        56212         2.50
   19316.735     0.650000        60951         2.86
   20152.319     0.700000        65595         3.33
   20971.519     0.750000        70271         4.00
   21397.503     0.775000        72638         4.44
   21823.487     0.800000        74975         5.00
   22249.471     0.825000        77334         5.71
   22675.455     0.850000        79625         6.67
   23117.823     0.875000        81962         8.00
   23330.815     0.887500        83124         8.89
   23543.807     0.900000        84302        10.00
   23756.799     0.912500        85484        11.43
   23969.791     0.925000        86669        13.33
   24166.399     0.937500        87803        16.00
   24281.087     0.943750        88447        17.78
   24379.391     0.950000        88987        20.00
   24494.079     0.956250        89598        22.86
   24608.767     0.962500        90169        26.67
   24723.455     0.968750        90719        32.00
   24788.991     0.971875        91037        35.56
   24854.527     0.975000        91350        40.00
   24903.679     0.978125        91606        45.71
   24969.215     0.981250        91950        53.33
   25018.367     0.984375        92208        64.00
   25051.135     0.985938        92379        71.11
   25067.519     0.987500        92473        80.00
   25100.287     0.989062        92642        91.43
   25133.055     0.990625        92817       106.67
   25149.439     0.992188        92911       128.00
   25165.823     0.992969        93005       142.22
   25182.207     0.993750        93085       160.00
   25198.591     0.994531        93179       182.86
   25214.975     0.995313        93255       213.33
   25231.359     0.996094        93348       256.00
   25231.359     0.996484        93348       284.44
   25231.359     0.996875        93348       320.00
   25247.743     0.997266        93428       365.71
   25247.743     0.997656        93428       426.67
   25264.127     0.998047        93502       512.00
   25264.127     0.998242        93502       568.89
   25264.127     0.998437        93502       640.00
   25280.511     0.998633        93580       731.43
   25280.511     0.998828        93580       853.33
   25280.511     0.999023        93580      1024.00
   25280.511     0.999121        93580      1137.78
   25280.511     0.999219        93580      1280.00
   25280.511     0.999316        93580      1462.86
   25296.895     0.999414        93630      1706.67
   25296.895     0.999512        93630      2048.00
   25296.895     0.999561        93630      2275.56
   25296.895     0.999609        93630      2560.00
   25296.895     0.999658        93630      2925.71
   25296.895     0.999707        93630      3413.33
   25296.895     0.999756        93630      4096.00
   25296.895     0.999780        93630      4551.11
   25296.895     0.999805        93630      5120.00
   25296.895     0.999829        93630      5851.43
   25296.895     0.999854        93630      6826.67
   25296.895     0.999878        93630      8192.00
   25296.895     0.999890        93630      9102.22
   25296.895     0.999902        93630     10240.00
   25296.895     0.999915        93630     11702.86
   25313.279     0.999927        93638     13653.33
   25313.279     1.000000        93638          inf
#[Mean    =    16762.725, StdDeviation   =     4864.737]
#[Max     =    25296.896, Total count    =        93638]
#[Buckets =           27, SubBuckets     =         2048]
----------------------------------------------------------
  139982 requests in 30.01s, 1.86GB read
Requests/sec:   4664.88
Transfer/sec:     63.36MB
WRKX_RESULT {"durationUs":30007637,"requests":139982,"responses":139982,"errors":0,"bytes":1993483662,"latencyAvgUs":16762725.106,"latencyP95Us":24379391.000,"latencyP99Us":25116671.000}
