Running 30s test @ http://localhost:9991/postgres/orders
  16 threads and 256 connections
  Thread calibration: mean lat.: 3349.185ms, rate sampling interval: 12386ms
  Thread calibration: mean lat.: 3338.160ms, rate sampling interval: 12361ms
  Thread calibration: mean lat.: 3345.595ms, rate sampling interval: 12386ms
  Thread calibration: mean lat.: 3338.172ms, rate sampling interval: 12378ms
  Thread calibration: mean lat.: 3341.709ms, rate sampling interval: 12378ms
  Thread calibration: mean lat.: 3350.329ms, rate sampling interval: 12394ms
  Thread calibration: mean lat.: 3337.174ms, rate sampling interval: 12361ms
  Thread calibration: mean lat.: 3348.728ms, rate sampling interval: 12386ms
  Thread calibration: mean lat.: 3349.806ms, rate sampling interval: 12394ms
  Thread calibration: mean lat.: 3346.342ms, rate sampling interval: 12369ms
  Thread calibration: mean lat.: 3341.671ms, rate sampling interval: 12369ms
  Thread calibration: mean lat.: 3346.587ms, rate sampling interval: 12394ms
  Thread calibration: mean lat.: 3347.777ms, rate sampling interval: 12378ms
  Thread calibration: mean lat.: 3139.982ms, rate sampling interval: 11345ms
  Thread calibration: mean lat.: 3345.865ms, rate sampling interval: 12369ms
  Thread calibration: mean lat.: 3136.552ms, rate sampling interval: 11337ms
  Thread Stats   Avg      Stdev     Max   +/- Stdev
    Latency    14.12s     4.13s   21.14s    57.23%
    Req/Sec   261.56      0.50   262.00    100.00%
  Latency Distribution (HdrHistogram - Recorded Latency)
 50.000%   14.29s 
 75.000%   17.74s 
 90.000%   19.68s 
 99.000%   20.96s 
 99.900%   21.10s 
 99.990%   21.14s 
 99.999%   21.14s 
100.000%   21.15s 

  Detailed Percentile spectrum:
       Value   Percentile   TotalCount 1/(1-Percentile)

    6336.511     0.000000            1         1.00
    8368.127     0.100000         8649         1.11
    9773.055     0.200000        17299         1.25
   11165.695     0.300000        25936         1.43
   12779.519     0.400000        34578         1.67
   14286.847     0.500000        43224         2.00
   15056.895     0.550000        47551         2.22
   15769.599     0.600000        51867         2.50
   16424.959     0.650000        56171         2.86
   17104.895     0.700000        60545         3.33
   17743.871     0.750000        64818         4.00
   18087.935     0.775000        67042         4.44
   18399.231     0.800000        69171         5.00
   18694.143     0.825000        71288         5.71
   18989.055     0.850000        73438         6.67
   19333.119     0.875000        75673         8.00
   19496.959     0.887500        76726         8.89
   19677.183     0.900000        77779        10.00
   19857.407     0.912500        78832        11.43
   20037.631     0.925000        79988        13.33
   20201.471     0.937500        81055        16.00
   20283.391     0.943750        81615        17.78
   20348.927     0.950000        82072        20.00
   20430.847     0.956250        82619        22.86
   20529.151     0.962500        83246        26.67
   20611.071     0.968750        83700        32.00
   20660.223     0.971875        83967        35.56
   20709.375     0.975000        84259        40.00
   20758.527     0.978125        84556        45.71
   20807.679     0.981250        84813        53.33
   20856.831     0.984375        85066        64.00
   20889.599     0.985938        85240        71.11
   20905.983     0.987500        85327        80.00
   20938.751     0.989062        85501        91.43
   20955.135     0.990625        85579       106.67
   20987.903     0.992188        85741       128.00
   21004.287     0.992969        85818       142.22
   21020.671     0.993750        85916       160.00
   21020.671     0.994531        85916       182.86
   21037.055     0.995313        85993       213.33
   21053.439     0.996094        86094       256.00
   21053.439     0.996484        86094       284.44
   21069.823     0.996875        86180       320.00
   21069.823     0.997266        86180       365.71
   21086.207     0.997656        86276       426.67
   21086.207     0.998047        86276       512.00
   21086.207     0.998242        86276       568.89
   21086.207     0.998437        86276       640.00
   21086.207     0.998633        86276       731.43
   21102.591     0.998828        86351       853.33
   21102.591     0.999023        86351      1024.00
   21102.591     0.999121        86351      1137.78
   21102.591     0.999219        86351      1280.00
   21102.591     0.999316        86351      1462.86
   21102.591     0.999414        86351      1706.67
   21102.591     0.999512        86351      2048.00
   21102.591     0.999561        86351      2275.56
   21118.975     0.999609        86376      2560.00
   21118.975     0.999658        86376      2925.71
   21118.975     0.999707        86376      3413.33
   21118.975     0.999756        86376      4096.00
   21118.975     0.999780        86376      4551.11
   21118.975     0.999805        86376      5120.00
   21118.975     0.999829        86376      5851.43
   21118.975     0.999854        86376      6826.67
   21118.975     0.999878        86376      8192.00
   21135.359     0.999890        86385      9102.22
   21135.359     0.999902        86385     10240.00
   21135.359     0.999915        86385     11702.86
   21135.359     0.999927        86385     13653.33
   21135.359     0.999939        86385     16384.00
   21135.359     0.999945        86385     18204.44
   21135.359     0.999951        86385     20480.00
   21135.359     0.999957        86385     23405.71
   21135.359     0.999963        86385     27306.67
   21135.359     0.999969        86385     32768.00
   21135.359     0.999973        86385     36408.89
   21135.359     0.999976        86385     40960.00
   21135.359     0.999979        86385     46811.43
   21135.359     0.999982        86385     54613.33
   21135.359     0.999985        86385     65536.00
   21135.359     0.999986        86385     72817.78
   21135.359     0.999988        86385     81920.00
   21151.743     0.999989        86386     93622.86
   21151.743     1.000000        86386          inf
#[Mean    =    14117.923, StdDeviation   =     4129.882]
#[Max     =    21135.360, Total count    =        86386]
#[Buckets =           27, SubBuckets     =         2048]
----------------------------------------------------------
  132268 requests in 30.00s, 1.75GB read
Requests/sec:   4408.27
Transfer/sec:     59.87MB
WRKX_RESULT {"durationUs":30004512,"requests":132268,"responses":132268,"errors":0,"bytes":1883628740,"latencyAvgUs":14117922.684,"latencyP95Us":20348927.000,"latencyP99Us":20955135.000}
