Running 30s test @ http://localhost:9991/postgres/orders
  16 threads and 256 connections
  Thread calibration: mean lat.: 4572.198ms, rate sampling interval: 16637ms
  Thread calibration: mean lat.: 4574.756ms, rate sampling interval: 16621ms
  Thread calibration: mean lat.: 4571.373ms, rate sampling interval: 16613ms
  Thread calibration: mean lat.: 4566.522ms, rate sampling interval: 16596ms
  Thread calibration: mean lat.: 4579.771ms, rate sampling interval: 16637ms
  Thread calibration: mean lat.: 4572.237ms, rate sampling interval: 16637ms
  Thread calibration: mean lat.: 4569.942ms, rate sampling interval: 16613ms
  Thread calibration: mean lat.: 4570.184ms, rate sampling interval: 16605ms
  Thread calibration: mean lat.: 4574.056ms, rate sampling interval: 16613ms
  Thread calibration: mean lat.: 4566.795ms, rate sampling interval: 16596ms
  Thread calibration: mean lat.: 4573.625ms, rate sampling interval: 16613ms
  Thread calibration: mean lat.: 4570.595ms, rate sampling interval: 16613ms
  Thread calibration: mean lat.: 4575.818ms, rate sampling interval: 16629ms
  Thread calibration: mean lat.: 4578.969ms, rate sampling interval: 16621ms
  Thread calibration: mean lat.: 4578.861ms, rate sampling interval: 16629ms
  Thread calibration: mean lat.: 4581.475ms, rate sampling interval: 16613ms
  Thread Stats   Avg      Stdev     Max   +/- Stdev
    Latency    19.06s     5.45s   28.25s    57.50%
    Req/Sec   261.44      0.50   262.00    100.00%
  Latency Distribution (HdrHistogram - Recorded Latency)
 50.000%   19.22s 
 75.000%   23.81s 
 90.000%   26.46s 
 99.000%   28.07s 
 99.900%   28.21s 
 99.990%   28.25s 
 99.999%   28.26s 
100.000%   28.26s 

  Detailed Percentile spectrum:
       Value   Percentile   TotalCount 1/(1-Percentile)

    9404.415     0.000000            2         1.00
   11427.839     0.100000         8464         1.11
   13328.383     0.200000        16894         1.25
   15261.695     0.300000        25356         1.43
   17268.735     0.400000        33802         1.67
   19218.431     0.500000        42284         2.00
   20185.087     0.550000        46457         2.22
   21118.975     0.600000        50724         2.50
   22036.479     0.650000        54953         2.86
   22953.983     0.700000        59192         3.33
   23805.951     0.750000        63370         4.00
   24264.703     0.775000        65523         4.44
   24690.687     0.800000        67584         5.00
   25133.055     0.825000        69721         5.71
   25575.423     0.850000        71811         6.67
   26017.791     0.875000        73943         8.00
   26230.783     0.887500        74985         8.89
   26460.159     0.900000        76061        10.00
   26689.535     0.912500        77090        11.43
   26935.295     0.925000        78191        13.33
   27164.671     0.937500        79245        16.00
   27262.975     0.943750        79743        17.78
   27361.279     0.950000        80242        20.00
   27492.351     0.956250        80832        22.86
   27590.655     0.962500        81305        26.67
   27705.343     0.968750        81857        32.00
   27754.495     0.971875        82086        35.56
   27820.031     0.975000        82412        40.00
   27869.183     0.978125        82648        45.71
   27918.335     0.981250        82897        53.33
   27967.487     0.984375        83148        64.00
   28000.255     0.985938        83314        71.11
   28033.023     0.987500        83481        80.00
   28049.407     0.989062        83561        91.43
   28082.175     0.990625        83731       106.67
   28098.559     0.992188        83813       128.00
   28114.943     0.992969        83905       142.22
   28131.327     0.993750        83983       160.00
   28147.711     0.994531        84066       182.86
   28147.711     0.995313        84066       213.33
   28164.095     0.996094        84155       256.00
   28180.479     0.996484        84233       284.44
   28180.479     0.996875        84233       320.00
   28180.479     0.997266        84233       365.71
   28196.863     0.997656        84314       426.67
   28196.863     0.998047        84314       512.00
   28196.863     0.998242        84314       568.89
   28213.247     0.998437        84388       640.00
   28213.247     0.998633        84388       731.43
   28213.247     0.998828        84388       853.33
   28213.247     0.999023        84388      1024.00
   28213.247     0.999121        84388      1137.78
   28229.631     0.999219        84432      1280.00
   28229.631     0.999316        84432      1462.86
   28229.631     0.999414        84432      1706.67
   28229.631     0.999512        84432      2048.00
   28229.631     0.999561        84432      2275.56
   28229.631     0.999609        84432      2560.00
   28229.631     0.999658        84432      2925.71
   28229.631     0.999707        84432      3413.33
   28246.015     0.999756        84453      4096.00
   28246.015     0.999780        84453      4551.11
   28246.015     0.999805        84453      5120.00
   28246.015     0.999829        84453      5851.43
   28246.015     0.999854        84453      6826.67
   28246.015     0.999878        84453      8192.00
   28246.015     0.999890        84453      9102.22
   28246.015     0.999902        84453     10240.00
   28246.015     0.999915        84453     11702.86
   28246.015     0.999927        84453     13653.33
   28246.015     0.999939        84453     16384.00
   28246.015     0.999945        84453     18204.44
   28246.015     0.999951        84453     20480.00
   28246.015     0.999957        84453     23405.71
   28246.015     0.999963        84453     27306.67
   28262.399     0.999969        84456     32768.00
   28262.399     1.000000        84456          inf
#[Mean    =    19056.197, StdDeviation   =     5445.553]
#[Max     =    28246.016, Total count    =        84456]
#[Buckets =           27, SubBuckets     =         2048]
----------------------------------------------------------
  130278 requests in 30.00s, 1.73GB read
Requests/sec:   4341.91
Transfer/sec:     58.97MB
WRKX_RESULT {"durationUs":30004745,"requests":130278,"responses":130278,"errors":0,"bytes":1855288998,"latencyAvgUs":19056196.868,"latencyP95Us":27361279.000,"latencyP99Us":28065791.000}
