Running 30s test @ http://localhost:9991/postgres/orders
  16 threads and 256 connections
  Thread calibration: mean lat.: 4512.217ms, rate sampling interval: 16457ms
  Thread calibration: mean lat.: 4507.575ms, rate sampling interval: 16441ms
  Thread calibration: mean lat.: 4514.503ms, rate sampling interval: 16449ms
  Thread calibration: mean lat.: 4508.491ms, rate sampling interval: 16433ms
  Thread calibration: mean lat.: 4516.017ms, rate sampling interval: 16433ms
  Thread calibration: mean lat.: 4514.150ms, rate sampling interval: 16449ms
  Thread calibration: mean lat.: 4519.073ms, rate sampling interval: 16449ms
  Thread calibration: mean lat.: 4527.610ms, rate sampling interval: 16465ms
  Thread calibration: mean lat.: 4514.775ms, rate sampling interval: 16457ms
  Thread calibration: mean lat.: 4512.264ms, rate sampling interval: 16441ms
  Thread calibration: mean lat.: 4512.355ms, rate sampling interval: 16441ms
  Thread calibration: mean lat.: 4515.329ms, rate sampling interval: 16449ms
  Thread calibration: mean lat.: 4506.490ms, rate sampling interval: 16433ms
  Thread calibration: mean lat.: 4512.393ms, rate sampling interval: 16433ms
  Thread calibration: mean lat.: 4506.827ms, rate sampling interval: 16441ms
  Thread calibration: mean lat.: 4527.563ms, rate sampling interval: 16474ms
  Thread Stats   Avg      Stdev     Max   +/- Stdev
    Latency    18.20s     5.24s   27.25s    57.82%
    Req/Sec   285.00      0.00   285.00    100.00%
  Latency Distribution (HdrHistogram - Recorded Latency)
 50.000%   18.17s 
 75.000%   22.76s 
 90.000%   25.46s 
 99.000%   27.05s 
 99.900%   27.21s 
 99.990%   27.25s 
 99.999%   27.26s 
100.000%   27.26s 

  Detailed Percentile spectrum:
       Value   Percentile   TotalCount 1/(1-Percentile)

    9109.503     0.000000            6         1.00
   10928.127     0.100000         9162         1.11
   12771.327     0.200000        18263         1.25
   14573.567     0.300000        27394         1.43
   16392.191     0.400000        36495         1.67
   18169.855     0.500000        45634         2.00
   19087.359     0.550000        50168         2.22
   20037.631     0.600000        54773         2.50
   20955.135     0.650000        59305         2.86
   21839.871     0.700000        63870         3.33
   22757.375     0.750000        68457         4.00
   23216.127     0.775000        70712         4.44
   23658.495     0.800000        73010         5.00
   24084.479     0.825000        75213         5.71
   24559.615     0.850000        77537         6.67
   25018.367     0.875000        79836         8.00
   25231.359     0.887500        80914         8.89
   25460.735     0.900000        82058        10.00
   25706.495     0.912500        83261        11.43
   25919.487     0.925000        84387        13.33
   26148.863     0.937500        85543        16.00
   26247.167     0.943750        86062        17.78
   26361.855     0.950000        86683        20.00
   26460.159     0.956250        87207        22.86
   26574.847     0.962500        87825        26.67
   26673.151     0.968750        88337        32.00
   26738.687     0.971875        88695        35.56
   26787.839     0.975000        88952        40.00
   26836.991     0.978125        89210        45.71
   26902.527     0.981250        89539        53.33
   26951.679     0.984375        89791        64.00
   26984.447     0.985938        89948        71.11
   27000.831     0.987500        90039        80.00
   27033.599     0.989062        90189        91.43
   27066.367     0.990625        90362       106.67
   27099.135     0.992188        90532       128.00
   27099.135     0.992969        90532       142.22
   27115.519     0.993750        90614       160.00
   27131.903     0.994531        90685       182.86
   27148.287     0.995313        90781       213.33
   27164.671     0.996094        90861       256.00
   27164.671     0.996484        90861       284.44
   27181.055     0.996875        90942       320.00
   27181.055     0.997266        90942       365.71
   27197.439     0.997656        91035       426.67
   27197.439     0.998047        91035       512.00
   27197.439     0.998242        91035       568.89
   27197.439     0.998437        91035       640.00
   27213.823     0.998633        91104       731.43
   27213.823     0.998828        91104       853.33
   27213.823     0.999023        91104      1024.00
   27213.823     0.999121        91104      1137.78
   27213.823     0.999219        91104      1280.00
   27213.823     0.999316        91104      1462.86
   27230.207     0.999414        91149      1706.67
   27230.207     0.999512        91149      2048.00
   27230.207     0.999561        91149      2275.56
   27230.207     0.999609        91149      2560.00
   27230.207     0.999658        91149      2925.71
   27230.207     0.999707        91149      3413.33
   27230.207     0.999756        91149      4096.00
   27230.207     0.999780        91149      4551.11
   27230.207     0.999805        91149      5120.00
   27246.591     0.999829        91164      5851.43
   27246.591     0.999854        91164      6826.67
   27246.591     0.999878        91164      8192.00
   27246.591     0.999890        91164      9102.22
   27246.591     0.999902        91164     10240.00
   27246.591     0.999915        91164     11702.86
   27246.591     0.999927        91164     13653.33
   27246.591     0.999939        91164     16384.00
   27246.591     0.999945        91164     18204.44
   27246.591     0.999951        91164     20480.00
   27246.591     0.999957        91164     23405.71
   27246.591     0.999963        91164     27306.67
   27246.591     0.999969        91164     32768.00
   27246.591     0.999973        91164     36408.89
   27246.591     0.999976        91164     40960.00
   27262.975     0.999979        91166     46811.43
   27262.975     1.000000        91166          inf
#[Mean    =    18196.354, StdDeviation   =     5235.579]
#[Max     =    27246.592, Total count    =        91166]
#[Buckets =           27, SubBuckets     =         2048]
----------------------------------------------------------
  137003 requests in 30.01s, 1.82GB read
Requests/sec:   4565.07
Transfer/sec:     62.00MB
WRKX_RESULT {"durationUs":30011182,"requests":137003,"responses":137003,"errors":0,"bytes":1951059723,"latencyAvgUs":18196353.884,"latencyP95Us":26361855.000,"latencyP99Us":27049983.000}
