Running 30s test @ http://localhost:9991/postgres/orders
  16 threads and 256 connections
  Thread calibration: mean lat.: 4040.908ms, rate sampling interval: 14696ms
  Thread calibration: mean lat.: 4040.771ms, rate sampling interval: 14688ms
  Thread calibration: mean lat.: 4043.851ms, rate sampling interval: 14688ms
  Thread calibration: mean lat.: 4035.283ms, rate sampling interval: 14688ms
  Thread calibration: mean lat.: 4037.721ms, rate sampling interval: 14680ms
  Thread calibration: mean lat.: 4040.204ms, rate sampling interval: 14704ms
  Thread calibration: mean lat.: 4041.593ms, rate sampling interval: 14696ms
  Thread calibration: mean lat.: 4048.845ms, rate sampling interval: 14712ms
  Thread calibration: mean lat.: 4047.733ms, rate sampling interval: 14696ms
  Thread calibration: mean lat.: 4042.355ms, rate sampling interval: 14704ms
  Thread calibration: mean lat.: 4041.447ms, rate sampling interval: 14688ms
  Thread calibration: mean lat.: 4040.394ms, rate sampling interval: 14688ms
  Thread calibration: mean lat.: 4048.524ms, rate sampling interval: 14704ms
  Thread calibration: mean lat.: 4047.529ms, rate sampling interval: 14704ms
  Thread calibration: mean lat.: 4038.588ms, rate sampling interval: 14688ms
  Thread calibration: mean lat.: 4043.990ms, rate sampling interval: 14704ms
  Thread Stats   Avg      Stdev     Max   +/- Stdev
    Latency    16.55s     4.73s   24.69s    57.78%
    Req/Sec   267.25      0.43   268.00    100.00%
  Latency Distribution (HdrHistogram - Recorded Latency)
 50.000%   16.68s 
 75.000%   20.64s 
 90.000%   23.02s 
 99.000%   24.51s 
 99.900%   24.66s 
 99.990%   24.69s 
 99.999%   24.69s 
100.000%   24.71s 

  Detailed Percentile spectrum:
       Value   Percentile   TotalCount 1/(1-Percentile)

    8163.327     0.000000            1         1.00
    9986.047     0.100000         8615         1.11
   11624.447     0.200000        17211         1.25
   13262.847     0.300000        25809         1.43
   14974.975     0.400000        34369         1.67
   16678.911     0.500000        42984         2.00
   17514.495     0.550000        47302         2.22
   18300.927     0.600000        51622         2.50
   19054.591     0.650000        55866         2.86
   19824.639     0.700000        60198         3.33
   20643.839     0.750000        64494         4.00
   21037.055     0.775000        66645         4.44
   21430.271     0.800000        68826         5.00
   21823.487     0.825000        70951         5.71
   22216.703     0.850000        73088         6.67
   22626.303     0.875000        75267         8.00
   22822.911     0.887500        76326         8.89
   23019.519     0.900000        77396        10.00
   23216.127     0.912500        78425        11.43
   23429.119     0.925000        79495        13.33
   23642.111     0.937500        80568        16.00
   23756.799     0.943750        81174        17.78
   23855.103     0.950000        81689        20.00
   23953.407     0.956250        82196        22.86
   24051.711     0.962500        82735        26.67
   24166.399     0.968750        83311        32.00
   24215.551     0.971875        83568        35.56
   24264.703     0.975000        83826        40.00
   24313.855     0.978125        84060        45.71
   24363.007     0.981250        84315        53.33
   24428.543     0.984375        84662        64.00
   24444.927     0.985938        84748        71.11
   24477.695     0.987500        84924        80.00
   24494.079     0.989062        85007        91.43
   24526.847     0.990625        85187       106.67
   24543.231     0.992188        85269       128.00
   24559.615     0.992969        85353       142.22
   24575.999     0.993750        85436       160.00
   24592.383     0.994531        85519       182.86
   24608.767     0.995313        85611       213.33
   24608.767     0.996094        85611       256.00
   24625.151     0.996484        85700       284.44
   24625.151     0.996875        85700       320.00
   24625.151     0.997266        85700       365.71
   24641.535     0.997656        85783       426.67
   24641.535     0.998047        85783       512.00
   24641.535     0.998242        85783       568.89
   24657.919     0.998437        85866       640.00
   24657.919     0.998633        85866       731.43
   24657.919     0.998828        85866       853.33
   24657.919     0.999023        85866      1024.00
   24657.919     0.999121        85866      1137.78
   24657.919     0.999219        85866      1280.00
   24657.919     0.999316        85866      1462.86
   24674.303     0.999414        85907      1706.67
   24674.303     0.999512        85907      2048.00
   24674.303     0.999561        85907      2275.56
   24674.303     0.999609        85907      2560.00
   24674.303     0.999658        85907      2925.71
   24674.303     0.999707        85907      3413.33
   24674.303     0.999756        85907      4096.00
   24674.303     0.999780        85907      4551.11
   24674.303     0.999805        85907      5120.00
   24690.687     0.999829        85921      5851.43
   24690.687     0.999854        85921      6826.67
   24690.687     0.999878        85921      8192.00
   24690.687     0.999890        85921      9102.22
   24690.687     0.999902        85921     10240.00
   24690.687     0.999915        85921     11702.86
   24690.687     0.999927        85921     13653.33
   24690.687     0.999939        85921     16384.00
   24690.687     0.999945        85921     18204.44
   24690.687     0.999951        85921     20480.00
   24690.687     0.999957        85921     23405.71
   24690.687     0.999963        85921     27306.67
   24690.687     0.999969        85921     32768.00
   24690.687     0.999973        85921     36408.89
   24690.687     0.999976        85921     40960.00
   24690.687     0.999979        85921     46811.43
   24690.687     0.999982        85921     54613.33
   24690.687     0.999985        85921     65536.00
   24690.687     0.999986        85921     72817.78
   24690.687     0.999988        85921     81920.00
   24707.071     0.999989        85922     93622.86
   24707.071     1.000000        85922          inf
#[Mean    =    16549.655, StdDeviation   =     4728.104]
#[Max     =    24690.688, Total count    =        85922]
#[Buckets =           27, SubBuckets     =         2048]
----------------------------------------------------------
  132535 requests in 30.01s, 1.76GB read
Requests/sec:   4416.85
Transfer/sec:     59.99MB
WRKX_RESULT {"durationUs":30006645,"requests":132535,"responses":132535,"errors":0,"bytes":1887430935,"latencyAvgUs":16549654.626,"latencyP95Us":23855103.000,"latencyP99Us":24510463.000}
