Running 30s test @ http://localhost:9991/postgres/orders
  16 threads and 256 connections
  Thread calibration: mean lat.: 4374.897ms, rate sampling interval: 15802ms
  Thread calibration: mean lat.: 4376.010ms, rate sampling interval: 15810ms
  Thread calibration: mean lat.: 4374.053ms, rate sampling interval: 15802ms
  Thread calibration: mean lat.: 4376.614ms, rate sampling interval: 15810ms
  Thread calibration: mean lat.: 4370.660ms, rate sampling interval: 15810ms
  Thread calibration: mean lat.: 4377.198ms, rate sampling interval: 15802ms
  Thread calibration: mean lat.: 4374.024ms, rate sampling interval: 15802ms
  Thread calibration: mean lat.: 4376.372ms, rate sampling interval: 15794ms
  Thread calibration: mean lat.: 4374.152ms, rate sampling interval: 15810ms
  Thread calibration: mean lat.: 4372.350ms, rate sampling interval: 15802ms
  Thread calibration: mean lat.: 4375.006ms, rate sampling interval: 15810ms
  Thread calibration: mean lat.: 4371.885ms, rate sampling interval: 15802ms
  Thread calibration: mean lat.: 4380.144ms, rate sampling interval: 15802ms
  Thread calibration: mean lat.: 4381.819ms, rate sampling interval: 15818ms
  Thread calibration: mean lat.: 4371.139ms, rate sampling interval: 15794ms
  Thread calibration: mean lat.: 4381.000ms, rate sampling interval: 15818ms
  Thread Stats   Avg      Stdev     Max   +/- Stdev
    Latency    17.83s     5.14s   26.61s    57.43%
    Req/Sec   272.31      0.46   273.00    100.00%
  Latency Distribution (HdrHistogram - Recorded Latency)
 50.000%   17.91s 
 75.000%   22.30s 
 90.000%   24.90s 
 99.000%   26.43s 
 99.900%   26.57s 
 99.990%   26.61s 
 99.999%   26.61s 
100.000%   26.62s 

  Detailed Percentile spectrum:
       Value   Percentile   TotalCount 1/(1-Percentile)

    8839.167     0.000000            4         1.00
   10690.559     0.100000         8779         1.11
   12451.839     0.200000        17577         1.25
   14237.695     0.300000        26351         1.43
   16072.703     0.400000        35097         1.67
   17907.711     0.500000        43906         2.00
   18841.599     0.550000        48306         2.22
   19709.951     0.600000        52664         2.50
   20578.303     0.650000        57052         2.86
   21430.271     0.700000        61443         3.33
   22298.623     0.750000        65810         4.00
   22740.991     0.775000        68023         4.44
   23166.975     0.800000        70159         5.00
   23609.343     0.825000        72371         5.71
   24035.327     0.850000        74569         6.67
   24477.695     0.875000        76754         8.00
   24690.687     0.887500        77871         8.89
   24903.679     0.900000        78982        10.00
   25100.287     0.912500        80021        11.43
   25313.279     0.925000        81168        13.33
   25526.271     0.937500        82273        16.00
   25624.575     0.943750        82784        17.78
   25739.263     0.950000        83382        20.00
   25837.567     0.956250        83903        22.86
   25952.255     0.962500        84464        26.67
   26050.559     0.968750        84967        32.00
   26116.095     0.971875        85312        35.56
   26165.247     0.975000        85563        40.00
   26214.399     0.978125        85806        45.71
   26279.935     0.981250        86133        53.33
   26329.087     0.984375        86385        64.00
   26345.471     0.985938        86463        71.11
   26378.239     0.987500        86636        80.00
   26411.007     0.989062        86799        91.43
   26427.391     0.990625        86894       106.67
   26460.159     0.992188        87052       128.00
   26476.543     0.992969        87141       142.22
   26492.927     0.993750        87224       160.00
   26492.927     0.994531        87224       182.86
   26509.311     0.995313        87309       213.33
   26525.695     0.996094        87394       256.00
   26525.695     0.996484        87394       284.44
   26542.079     0.996875        87476       320.00
   26542.079     0.997266        87476       365.71
   26558.463     0.997656        87554       426.67
   26558.463     0.998047        87554       512.00
   26558.463     0.998242        87554       568.89
   26558.463     0.998437        87554       640.00
   26574.847     0.998633        87622       731.43
   26574.847     0.998828        87622       853.33
   26574.847     0.999023        87622      1024.00
   26574.847     0.999121        87622      1137.78
   26591.231     0.999219        87675      1280.00
   26591.231     0.999316        87675      1462.86
   26591.231     0.999414        87675      1706.67
   26591.231     0.999512        87675      2048.00
   26591.231     0.999561        87675      2275.56
   26591.231     0.999609        87675      2560.00
   26591.231     0.999658        87675      2925.71
   26591.231     0.999707        87675      3413.33
   26591.231     0.999756        87675      4096.00
   26591.231     0.999780        87675      4551.11
   26591.231     0.999805        87675      5120.00
   26607.615     0.999829        87690      5851.43
   26607.615     0.999854        87690      6826.67
   26607.615     0.999878        87690      8192.00
   26607.615     0.999890        87690      9102.22
   26607.615     0.999902        87690     10240.00
   26607.615     0.999915        87690     11702.86
   26607.615     0.999927        87690     13653.33
   26607.615     0.999939        87690     16384.00
   26607.615     0.999945        87690     18204.44
   26607.615     0.999951        87690     20480.00
   26607.615     0.999957        87690     23405.71
   26607.615     0.999963        87690     27306.67
   26607.615     0.999969        87690     32768.00
   26607.615     0.999973        87690     36408.89
   26607.615     0.999976        87690     40960.00
   26607.615     0.999979        87690     46811.43
   26607.615     0.999982        87690     54613.33
   26607.615     0.999985        87690     65536.00
   26607.615     0.999986        87690     72817.78
   26607.615     0.999988        87690     81920.00
   26623.999     0.999989        87691     93622.86
   26623.999     1.000000        87691          inf
#[Mean    =    17826.218, StdDeviation   =     5135.872]
#[Max     =    26607.616, Total count    =        87691]
#[Buckets =           27, SubBuckets     =         2048]
----------------------------------------------------------
  135156 requests in 30.01s, 1.79GB read
Requests/sec:   4503.92
Transfer/sec:     61.17MB
WRKX_RESULT {"durationUs":30008509,"requests":135156,"responses":135156,"errors":0,"bytes":1924756596,"latencyAvgUs":17826217.804,"latencyP95Us":25739263.000,"latencyP99Us":26427391.000}
