Running 30s test @ http://localhost:9991/postgres/orders
  16 threads and 256 connections
  Thread calibration: mean lat.: 4810.200ms, rate sampling interval: 17219ms
  Thread calibration: mean lat.: 4815.934ms, rate sampling interval: 17252ms
  Thread calibration: mean lat.: 4814.261ms, rate sampling interval: 17235ms
  Thread calibration: mean lat.: 4815.369ms, rate sampling interval: 17252ms
  Thread calibration: mean lat.: 4813.494ms, rate sampling interval: 17235ms
  Thread calibration: mean lat.: 4820.774ms, rate sampling interval: 17252ms
  Thread calibration: mean lat.: 4819.351ms, rate sampling interval: 17268ms
  Thread calibration: mean lat.: 4808.816ms, rate sampling interval: 17235ms
  Thread calibration: mean lat.: 4811.034ms, rate sampling interval: 17235ms
  Thread calibration: mean lat.: 4812.273ms, rate sampling interval: 17252ms
  Thread calibration: mean lat.: 4814.500ms, rate sampling interval: 17235ms
  Thread calibration: mean lat.: 4812.710ms, rate sampling interval: 17219ms
  Thread calibration: mean lat.: 4814.312ms, rate sampling interval: 17235ms
  Thread calibration: mean lat.: 4812.140ms, rate sampling interval: 17235ms
  Thread calibration: mean lat.: 4818.896ms, rate sampling interval: 17219ms
  Thread calibration: mean lat.: 4819.332ms, rate sampling interval: 17252ms
  Thread Stats   Avg      Stdev     Max   +/- Stdev
    Latency    19.00s     5.52s   28.64s    57.54%
    Req/Sec   282.62      0.48   283.00    100.00%
  Latency Distribution (HdrHistogram - Recorded Latency)
 50.000%   18.92s 
 75.000%   23.82s 
 90.000%   26.71s 
 99.000%   28.43s 
 99.900%   28.61s 
 99.990%   28.64s 
 99.999%   28.64s 
100.000%   28.66s 

  Detailed Percentile spectrum:
       Value   Percentile   TotalCount 1/(1-Percentile)

    9568.255     0.000000            7         1.00
   11468.799     0.100000         9035         1.11
   13287.423     0.200000        18033         1.25
   15106.047     0.300000        27044         1.43
   16973.823     0.400000        36078         1.67
   18923.519     0.500000        45054         2.00
   19890.175     0.550000        49541         2.22
   20922.367     0.600000        54042         2.50
   21938.175     0.650000        58610         2.86
   22888.447     0.700000        63118         3.33
   23822.335     0.750000        67554         4.00
   24313.855     0.775000        69874         4.44
   24772.607     0.800000        72098         5.00
   25231.359     0.825000        74331         5.71
   25722.879     0.850000        76620         6.67
   26214.399     0.875000        78825         8.00
   26460.159     0.887500        79953         8.89
   26705.919     0.900000        81061        10.00
   26951.679     0.912500        82226        11.43
   27181.055     0.925000        83314        13.33
   27426.815     0.937500        84469        16.00
   27541.503     0.943750        85012        17.78
   27656.191     0.950000        85578        20.00
   27770.879     0.956250        86129        22.86
   27901.951     0.962500        86745        26.67
   28016.639     0.968750        87267        32.00
   28082.175     0.971875        87584        35.56
   28131.327     0.975000        87817        40.00
   28196.863     0.978125        88127        45.71
   28262.399     0.981250        88448        53.33
   28311.551     0.984375        88674        64.00
   28344.319     0.985938        88823        71.11
   28377.087     0.987500        88987        80.00
   28409.855     0.989062        89142        91.43
   28426.239     0.990625        89227       106.67
   28459.007     0.992188        89381       128.00
   28475.391     0.992969        89456       142.22
   28491.775     0.993750        89535       160.00
   28508.159     0.994531        89592       182.86
   28524.543     0.995313        89671       213.33
   28540.927     0.996094        89753       256.00
   28540.927     0.996484        89753       284.44
   28557.311     0.996875        89815       320.00
   28573.695     0.997266        89898       365.71
   28573.695     0.997656        89898       426.67
   28573.695     0.998047        89898       512.00
   28590.079     0.998242        89972       568.89
   28590.079     0.998437        89972       640.00
   28590.079     0.998633        89972       731.43
   28590.079     0.998828        89972       853.33
   28606.463     0.999023        90023      1024.00
   28606.463     0.999121        90023      1137.78
   28606.463     0.999219        90023      1280.00
   28606.463     0.999316        90023      1462.86
   28606.463     0.999414        90023      1706.67
   28606.463     0.999512        90023      2048.00
   28622.847     0.999561        90050      2275.56
   28622.847     0.999609        90050      2560.00
   28622.847     0.999658        90050      2925.71
   28622.847     0.999707        90050      3413.33
   28622.847     0.999756        90050      4096.00
   28622.847     0.999780        90050      4551.11
   28622.847     0.999805        90050      5120.00
   28622.847     0.999829        90050      5851.43
   28639.231     0.999854        90064      6826.67
   28639.231     0.999878        90064      8192.00
   28639.231     0.999890        90064      9102.22
   28639.231     0.999902        90064     10240.00
   28639.231     0.999915        90064     11702.86
   28639.231     0.999927        90064     13653.33
   28639.231     0.999939        90064     16384.00
   28639.231     0.999945        90064     18204.44
   28639.231     0.999951        90064     20480.00
   28639.231     0.999957        90064     23405.71
   28639.231     0.999963        90064     27306.67
   28639.231     0.999969        90064     32768.00
   28639.231     0.999973        90064     36408.89
   28639.231     0.999976        90064     40960.00
   28639.231     0.999979        90064     46811.43
   28639.231     0.999982        90064     54613.33
   28639.231     0.999985        90064     65536.00
   28639.231     0.999986        90064     72817.78
   28639.231     0.999988        90064     81920.00
   28655.615     0.999989        90065     93622.86
   28655.615     1.000000        90065          inf
#[Mean    =    19004.977, StdDeviation   =     5518.716]
#[Max     =    28639.232, Total count    =        90065]
#[Buckets =           27, SubBuckets     =         2048]
----------------------------------------------------------
  135310 requests in 30.01s, 1.79GB read
Requests/sec:   4508.96
Transfer/sec:     61.24MB
WRKX_RESULT {"durationUs":30009122,"requests":135310,"responses":135310,"errors":0,"bytes":1926949710,"latencyAvgUs":19004977.168,"latencyP95Us":27656191.000,"latencyP99Us":28426239.000}
