Running 30s test @ http://localhost:9991/postgres/orders
  16 threads and 256 connections
  Thread calibration: mean lat.: 3779.339ms, rate sampling interval: 13705ms
  Thread calibration: mean lat.: 3782.002ms, rate sampling interval: 13697ms
  Thread calibration: mean lat.: 3780.742ms, rate sampling interval: 13697ms
  Thread calibration: mean lat.: 3778.404ms, rate sampling interval: 13697ms
  Thread calibration: mean lat.: 3787.314ms, rate sampling interval: 13713ms
  Thread calibration: mean lat.: 3782.720ms, rate sampling interval: 13697ms
  Thread calibration: mean lat.: 3784.563ms, rate sampling interval: 13729ms
  Thread calibration: mean lat.: 3781.309ms, rate sampling interval: 13705ms
  Thread calibration: mean lat.: 3783.310ms, rate sampling interval: 13688ms
  Thread calibration: mean lat.: 3786.198ms, rate sampling interval: 13721ms
  Thread calibration: mean lat.: 3784.485ms, rate sampling interval: 13713ms
  Thread calibration: mean lat.: 3780.056ms, rate sampling interval: 13688ms
  Thread calibration: mean lat.: 3775.267ms, rate sampling interval: 13697ms
  Thread calibration: mean lat.: 3778.970ms, rate sampling interval: 13705ms
  Thread calibration: mean lat.: 3782.924ms, rate sampling interval: 13705ms
  Thread calibration: mean lat.: 3781.093ms, rate sampling interval: 13705ms
  Thread Stats   Avg      Stdev     Max   +/- Stdev
    Latency    15.22s     4.40s   22.95s    57.82%
    Req/Sec   291.62      0.48   292.00    100.00%
  Latency Distribution (HdrHistogram - Recorded Latency)
 50.000%   15.20s 
 75.000%   19.02s 
 90.000%   21.36s 
 99.000%   22.81s 
 99.900%   22.94s 
 99.990%   22.97s 
 99.999%   22.97s 
100.000%   22.97s 

  Detailed Percentile spectrum:
       Value   Percentile   TotalCount 1/(1-Percentile)

    7634.943     0.000000            1         1.00
    9183.231     0.100000         9292         1.11
   10649.599     0.200000        18527         1.25
   12165.119     0.300000        27798         1.43
   13639.679     0.400000        37105         1.67
   15196.159     0.500000        46362         2.00
   15933.439     0.550000        50973         2.22
   16703.487     0.600000        55602         2.50
   17498.111     0.650000        60222         2.86
   18284.543     0.700000        64845         3.33
   19021.823     0.750000        69527         4.00
   19415.039     0.775000        71876         4.44
   19791.871     0.800000        74112         5.00
   20201.471     0.825000        76525         5.71
   20594.687     0.850000        78821         6.67
   20987.903     0.875000        81125         8.00
   21168.127     0.887500        82270         8.89
   21364.735     0.900000        83400        10.00
   21561.343     0.912500        84607        11.43
   21757.951     0.925000        85756        13.33
   21954.559     0.937500        86896        16.00
   22052.863     0.943750        87476        17.78
   22151.167     0.950000        88048        20.00
   22249.471     0.956250        88631        22.86
   22347.775     0.962500        89200        26.67
   22446.079     0.968750        89757        32.00
   22495.231     0.971875        90044        35.56
   22560.767     0.975000        90366        40.00
   22609.919     0.978125        90639        45.71
   22659.071     0.981250        90918        53.33
   22724.607     0.984375        91280        64.00
   22740.991     0.985938        91384        71.11
   22773.759     0.987500        91584        80.00
   22790.143     0.989062        91678        91.43
   22806.527     0.990625        91780       106.67
   22839.295     0.992188        91965       128.00
   22855.679     0.992969        92090       142.22
   22855.679     0.993750        92090       160.00
   22872.063     0.994531        92187       182.86
   22888.447     0.995313        92294       213.33
   22888.447     0.996094        92294       256.00
   22904.831     0.996484        92403       284.44
   22904.831     0.996875        92403       320.00
   22904.831     0.997266        92403       365.71
   22921.215     0.997656        92484       426.67
   22921.215     0.998047        92484       512.00
   22921.215     0.998242        92484       568.89
   22937.599     0.998437        92590       640.00
   22937.599     0.998633        92590       731.43
   22937.599     0.998828        92590       853.33
   22937.599     0.999023        92590      1024.00
   22937.599     0.999121        92590      1137.78
   22937.599     0.999219        92590      1280.00
   22937.599     0.999316        92590      1462.86
   22937.599     0.999414        92590      1706.67
   22937.599     0.999512        92590      2048.00
   22953.983     0.999561        92624      2275.56
   22953.983     0.999609        92624      2560.00
   22953.983     0.999658        92624      2925.71
   22953.983     0.999707        92624      3413.33
   22953.983     0.999756        92624      4096.00
   22953.983     0.999780        92624      4551.11
   22953.983     0.999805        92624      5120.00
   22953.983     0.999829        92624      5851.43
   22953.983     0.999854        92624      6826.67
   22953.983     0.999878        92624      8192.00
   22970.367     0.999890        92635      9102.22
   22970.367     1.000000        92635          inf
#[Mean    =    15222.075, StdDeviation   =     4403.518]
#[Max     =    22953.984, Total count    =        92635]
#[Buckets =           27, SubBuckets     =         2048]
----------------------------------------------------------
  140528 requests in 30.01s, 1.86GB read
Requests/sec:   4682.92
Transfer/sec:     63.60MB
WRKX_RESULT {"durationUs":30008642,"requests":140528,"responses":140528,"errors":0,"bytes":2001259400,"latencyAvgUs":15222074.612,"latencyP95Us":22151167.000,"latencyP99Us":22806527.000}
