Running 30s test @ http://localhost:9991/postgres/orders
  16 threads and 256 connections
  Thread calibration: mean lat.: 4832.455ms, rate sampling interval: 17399ms
  Thread calibration: mean lat.: 4836.330ms, rate sampling interval: 17432ms
  Thread calibration: mean lat.: 4833.204ms, rate sampling interval: 17416ms
  Thread calibration: mean lat.: 4836.545ms, rate sampling interval: 17416ms
  Thread calibration: mean lat.: 4828.985ms, rate sampling interval: 17383ms
  Thread calibration: mean lat.: 4831.138ms, rate sampling interval: 17416ms
  Thread calibration: mean lat.: 4835.261ms, rate sampling interval: 17383ms
  Thread calibration: mean lat.: 4831.219ms, rate sampling interval: 17399ms
  Thread calibration: mean lat.: 4835.455ms, rate sampling interval: 17416ms
  Thread calibration: mean lat.: 4830.465ms, rate sampling interval: 17399ms
  Thread calibration: mean lat.: 4829.045ms, rate sampling interval: 17399ms
  Thread calibration: mean lat.: 4836.232ms, rate sampling interval: 17416ms
  Thread calibration: mean lat.: 4833.753ms, rate sampling interval: 17399ms
  Thread calibration: mean lat.: 4832.898ms, rate sampling interval: 17399ms
  Thread calibration: mean lat.: 4835.668ms, rate sampling interval: 17416ms
  Thread calibration: mean lat.: 4840.411ms, rate sampling interval: 17432ms
  Thread Stats   Avg      Stdev     Max   +/- Stdev
    Latency    19.53s     5.60s   29.10s    57.16%
    Req/Sec   274.00      0.00   274.00    100.00%
  Latency Distribution (HdrHistogram - Recorded Latency)
 50.000%   19.66s 
 75.000%   24.38s 
 90.000%   27.23s 
 99.000%   28.90s 
 99.900%   29.07s 
 99.990%   29.10s 
 99.999%   29.11s 
100.000%   29.11s 

  Detailed Percentile spectrum:
       Value   Percentile   TotalCount 1/(1-Percentile)

    9715.711     0.000000            8         1.00
   11747.327     0.100000         8808         1.11
   13606.911     0.200000        17634         1.25
   15679.487     0.300000        26410         1.43
   17711.103     0.400000        35232         1.67
   19660.799     0.500000        44015         2.00
   20611.071     0.550000        48419         2.22
   21544.959     0.600000        52846         2.50
   22478.847     0.650000        57232         2.86
   23429.119     0.700000        61680         3.33
   24379.391     0.750000        66024         4.00
   24870.911     0.775000        68281         4.44
   25346.047     0.800000        70480         5.00
   25804.799     0.825000        72631         5.71
   26279.935     0.850000        74840         6.67
   26755.071     0.875000        77042         8.00
   26984.447     0.887500        78107         8.89
   27230.207     0.900000        79278        10.00
   27443.199     0.912500        80304        11.43
   27688.959     0.925000        81413        13.33
   27934.719     0.937500        82554        16.00
   28049.407     0.943750        83075        17.78
   28164.095     0.950000        83610        20.00
   28295.167     0.956250        84199        22.86
   28409.855     0.962500        84742        26.67
   28524.543     0.968750        85264        32.00
   28590.079     0.971875        85563        35.56
   28639.231     0.975000        85815        40.00
   28704.767     0.978125        86133        45.71
   28753.919     0.981250        86370        53.33
   28819.455     0.984375        86692        64.00
   28835.839     0.985938        86773        71.11
   28868.607     0.987500        86947        80.00
   28901.375     0.989062        87124        91.43
   28917.759     0.990625        87215       106.67
   28950.527     0.992188        87392       128.00
   28950.527     0.992969        87392       142.22
   28966.911     0.993750        87475       160.00
   28983.295     0.994531        87561       182.86
   28999.679     0.995313        87640       213.33
   29016.063     0.996094        87722       256.00
   29016.063     0.996484        87722       284.44
   29032.447     0.996875        87809       320.00
   29032.447     0.997266        87809       365.71
   29032.447     0.997656        87809       426.67
   29048.831     0.998047        87874       512.00
   29048.831     0.998242        87874       568.89
   29048.831     0.998437        87874       640.00
   29065.215     0.998633        87939       731.43
   29065.215     0.998828        87939       853.33
   29065.215     0.999023        87939      1024.00
   29065.215     0.999121        87939      1137.78
   29065.215     0.999219        87939      1280.00
   29081.599     0.999316        87978      1462.86
   29081.599     0.999414        87978      1706.67
   29081.599     0.999512        87978      2048.00
   29081.599     0.999561        87978      2275.56
   29081.599     0.999609        87978      2560.00
   29081.599     0.999658        87978      2925.71
   29081.599     0.999707        87978      3413.33
   29097.983     0.999756        88000      4096.00
   29097.983     0.999780        88000      4551.11
   29097.983     0.999805        88000      5120.00
   29097.983     0.999829        88000      5851.43
   29097.983     0.999854        88000      6826.67
   29097.983     0.999878        88000      8192.00
   29097.983     0.999890        88000      9102.22
   29097.983     0.999902        88000     10240.00
   29097.983     0.999915        88000     11702.86
   29097.983     0.999927        88000     13653.33
   29097.983     0.999939        88000     16384.00
   29097.983     0.999945        88000     18204.44
   29097.983     0.999951        88000     20480.00
   29097.983     0.999957        88000     23405.71
   29097.983     0.999963        88000     27306.67
   29114.367     0.999969        88003     32768.00
   29114.367     1.000000        88003          inf
#[Mean    =    19532.922, StdDeviation   =     5595.172]
#[Max     =    29097.984, Total count    =        88003]
#[Buckets =           27, SubBuckets     =         2048]
----------------------------------------------------------
  133495 requests in 30.01s, 1.77GB read
Requests/sec:   4448.87
Transfer/sec:     60.42MB
WRKX_RESULT {"durationUs":30006493,"requests":133495,"responses":133495,"errors":0,"bytes":1901102295,"latencyAvgUs":19532922.399,"latencyP95Us":28164095.000,"latencyP99Us":28901375.000}
