Running 30s test @ http://localhost:9991/postgres/orders
  16 threads and 256 connections
  Thread calibration: mean lat.: 283.929ms, rate sampling interval: 1229ms
  Thread calibration: mean lat.: 289.680ms, rate sampling interval: 1256ms
  Thread calibration: mean lat.: 286.687ms, rate sampling interval: 1243ms
  Thread calibration: mean lat.: 284.546ms, rate sampling interval: 1234ms
  Thread calibration: mean lat.: 285.034ms, rate sampling interval: 1233ms
  Thread calibration: mean lat.: 286.872ms, rate sampling interval: 1240ms
  Thread calibration: mean lat.: 285.004ms, rate sampling interval: 1236ms
  Thread calibration: mean lat.: 286.404ms, rate sampling interval: 1242ms
  Thread calibration: mean lat.: 288.324ms, rate sampling interval: 1242ms
  Thread calibration: mean lat.: 284.900ms, rate sampling interval: 1241ms
  Thread calibration: mean lat.: 281.906ms, rate sampling interval: 1229ms
  Thread calibration: mean lat.: 280.183ms, rate sampling interval: 1221ms
  Thread calibration: mean lat.: 282.962ms, rate sampling interval: 1224ms
  Thread calibration: mean lat.: 287.644ms, rate sampling interval: 1250ms
  Thread calibration: mean lat.: 282.543ms, rate sampling interval: 1226ms
  Thread calibration: mean lat.: 280.043ms, rate sampling interval: 1212ms
  Thread Stats   Avg      Stdev     Max   +/- Stdev
    Latency     2.26s   818.15ms   3.57s    60.37%
    Req/Sec   268.05     13.47   298.00     69.69%
  Latency Distribution (HdrHistogram - Recorded Latency)
 50.000%    2.38s 
 75.000%    2.99s 
 90.000%    3.24s 
 99.000%    3.50s 
 99.900%    3.55s 
 99.990%    3.56s 
 99.999%    3.57s 
100.000%    3.57s 

  Detailed Percentile spectrum:
       Value   Percentile   TotalCount 1/(1-Percentile)

     649.727     0.000000            1         1.00
    1054.719     0.100000         8566         1.11
    1388.543     0.200000        17162         1.25
    1710.079     0.300000        25697         1.43
    2089.983     0.400000        34280         1.67
    2375.679     0.500000        42833         2.00
    2568.191     0.550000        47124         2.22
    2729.983     0.600000        51421         2.50
    2787.327     0.650000        55722         2.86
    2881.535     0.700000        59985         3.33
    2992.127     0.750000        64277         4.00
    3024.895     0.775000        66472         4.44
    3053.567     0.800000        68654         5.00
    3082.239     0.825000        70760         5.71
    3119.103     0.850000        72868         6.67
    3176.447     0.875000        75019         8.00
    3207.167     0.887500        76035         8.89
    3241.983     0.900000        77107        10.00
    3282.943     0.912500        78160        11.43
    3325.951     0.925000        79224        13.33
    3364.863     0.937500        80336        16.00
    3381.247     0.943750        80834        17.78
    3397.631     0.950000        81371        20.00
    3414.015     0.956250        81916        22.86
    3430.399     0.962500        82499        26.67
    3444.735     0.968750        83030        32.00
    3450.879     0.971875        83270        35.56
    3457.023     0.975000        83506        40.00
    3465.215     0.978125        83812        45.71
    3471.359     0.981250        84053        53.33
    3479.551     0.984375        84327        64.00
    3483.647     0.985938        84464        71.11
    3487.743     0.987500        84601        80.00
    3491.839     0.989062        84718        91.43
    3497.983     0.990625        84883       106.67
    3502.079     0.992188        84981       128.00
    3506.175     0.992969        85073       142.22
    3508.223     0.993750        85122       160.00
    3512.319     0.994531        85218       182.86
    3514.367     0.995313        85259       213.33
    3518.463     0.996094        85314       256.00
    3522.559     0.996484        85370       284.44
    3524.607     0.996875        85395       320.00
    3526.655     0.997266        85415       365.71
    3530.751     0.997656        85460       426.67
    3532.799     0.998047        85480       512.00
    3536.895     0.998242        85510       568.89
    3538.943     0.998437        85526       640.00
    3540.991     0.998633        85542       731.43
    3543.039     0.998828        85560       853.33
    3545.087     0.999023        85573      1024.00
    3545.087     0.999121        85573      1137.78
    3547.135     0.999219        85586      1280.00
    3549.183     0.999316        85600      1462.86
    3549.183     0.999414        85600      1706.67
    3551.231     0.999512        85606      2048.00
    3553.279     0.999561        85615      2275.56
    3553.279     0.999609        85615      2560.00
    3555.327     0.999658        85625      2925.71
    3555.327     0.999707        85625      3413.33
    3557.375     0.999756        85632      4096.00
    3557.375     0.999780        85632      4551.11
    3557.375     0.999805        85632      5120.00
    3559.423     0.999829        85636      5851.43
    3559.423     0.999854        85636      6826.67
    3561.471     0.999878        85641      8192.00
    3561.471     0.999890        85641      9102.22
    3561.471     0.999902        85641     10240.00
    3561.471     0.999915        85641     11702.86
    3561.471     0.999927        85641     13653.33
    3563.519     0.999939        85642     16384.00
    3565.567     0.999945        85644     18204.44
    3565.567     0.999951        85644     20480.00
    3565.567     0.999957        85644     23405.71
    3565.567     0.999963        85644     27306.67
    3567.615     0.999969        85645     32768.00
    3567.615     0.999973        85645     36408.89
    3567.615     0.999976        85645     40960.00
    3569.663     0.999979        85646     46811.43
    3569.663     0.999982        85646     54613.33
    3569.663     0.999985        85646     65536.00
    3569.663     0.999986        85646     72817.78
    3569.663     0.999988        85646     81920.00
    3571.711     0.999989        85647     93622.86
    3571.711     1.000000        85647          inf
#[Mean    =     2261.039, StdDeviation   =      818.150]
#[Max     =     3569.664, Total count    =        85647]
#[Buckets =           27, SubBuckets     =         2048]
----------------------------------------------------------
  132482 requests in 30.01s, 1.76GB read
Requests/sec:   4414.95
Transfer/sec:     59.96MB
WRKX_RESULT {"durationUs":30007601,"requests":132482,"responses":132482,"errors":0,"bytes":1886676162,"latencyAvgUs":2261038.996,"latencyP95Us":3397631.000,"latencyP99Us":3495935.000}
