Running 30s test @ http://localhost:9991/
  16 threads and 256 connections
  Thread calibration: mean lat.: 3.362ms, rate sampling interval: 11ms
  Thread calibration: mean lat.: 3.291ms, rate sampling interval: 11ms
  Thread calibration: mean lat.: 3.302ms, rate sampling interval: 11ms
  Thread calibration: mean lat.: 3.313ms, rate sampling interval: 11ms
  Thread calibration: mean lat.: 3.205ms, rate sampling interval: 10ms
  Thread calibration: mean lat.: 3.291ms, rate sampling interval: 10ms
  Thread calibration: mean lat.: 3.274ms, rate sampling interval: 10ms
  Thread calibration: mean lat.: 3.350ms, rate sampling interval: 11ms
  Thread calibration: mean lat.: 3.254ms, rate sampling interval: 10ms
  Thread calibration: mean lat.: 3.297ms, rate sampling interval: 10ms
  Thread calibration: mean lat.: 3.284ms, rate sampling interval: 10ms
  Thread calibration: mean lat.: 3.237ms, rate sampling interval: 10ms
  Thread calibration: mean lat.: 3.348ms, rate sampling interval: 11ms
  Thread calibration: mean lat.: 3.214ms, rate sampling interval: 10ms
  Thread calibration: mean lat.: 3.262ms, rate sampling interval: 10ms
  Thread calibration: mean lat.: 3.259ms, rate sampling interval: 11ms
  Thread Stats   Avg      Stdev     Max   +/- Stdev
    Latency     3.24ms    1.39ms  11.58ms   80.75%
    Req/Sec   164.48    116.88   600.00     62.32%
  Latency Distribution (HdrHistogram - Recorded Latency)
 50.000%    2.78ms
 75.000%    3.53ms
 90.000%    5.45ms
 99.000%    7.64ms
 99.900%    9.55ms
 99.990%   10.81ms
 99.999%   11.58ms
100.000%   11.58ms

  Detailed Percentile spectrum:
       Value   Percentile   TotalCount 1/(1-Percentile)

       1.351     0.000000            1         1.00
       2.053     0.100000         4981         1.11
       2.275     0.200000         9964         1.25
       2.451     0.300000        14945         1.43
       2.615     0.400000        19947         1.67
       2.783     0.500000        24903         2.00
       2.875     0.550000        27395         2.22
       2.977     0.600000        29888         2.50
       3.097     0.650000        32377         2.86
       3.271     0.700000        34861         3.33
       3.531     0.750000        37361         4.00
       3.731     0.775000        38595         4.44
       3.987     0.800000        39839         5.00
       4.295     0.825000        41081         5.71
       4.635     0.850000        42323         6.67
       4.991     0.875000        43580         8.00
       5.195     0.887500        44192         8.89
       5.451     0.900000        44823        10.00
       5.707     0.912500        45436        11.43
       5.979     0.925000        46065        13.33
       6.243     0.937500        46686        16.00
       6.391     0.943750        46993        17.78
       6.515     0.950000        47306        20.00
       6.623     0.956250        47613        22.86
       6.767     0.962500        47928        26.67
       6.919     0.968750        48239        32.00
       6.999     0.971875        48399        35.56
       7.063     0.975000        48562        40.00
       7.143     0.978125        48713        45.71
       7.231     0.981250        48863        53.33
       7.339     0.984375        49015        64.00
       7.415     0.985938        49093        71.11
       7.507     0.987500        49169        80.00
       7.599     0.989062        49248        91.43
       7.683     0.990625        49327       106.67
       7.799     0.992188        49404       128.00
       7.907     0.992969        49441       142.22
       7.983     0.993750        49484       160.00
       8.031     0.994531        49519       182.86
       8.143     0.995313        49558       213.33
       8.255     0.996094        49598       256.00
       8.327     0.996484        49616       284.44
       8.471     0.996875        49637       320.00
       8.559     0.997266        49655       365.71
       8.703     0.997656        49675       426.67
       8.815     0.998047        49694       512.00
       8.935     0.998242        49704       568.89
       9.167     0.998437        49714       640.00
       9.327     0.998633        49724       731.43
       9.447     0.998828        49733       853.33
       9.583     0.999023        49744      1024.00
       9.743     0.999121        49748      1137.78
       9.839     0.999219        49753      1280.00
       9.919     0.999316        49757      1462.86
       9.951     0.999414        49762      1706.67
      10.007     0.999512        49767      2048.00
      10.359     0.999561        49770      2275.56
      10.567     0.999609        49772      2560.00
      10.695     0.999658        49774      2925.71
      10.719     0.999707        49779      3413.33
      10.719     0.999756        49779      4096.00
      10.727     0.999780        49782      4551.11
      10.727     0.999805        49782      5120.00
      10.735     0.999829        49783      5851.43
      10.751     0.999854        49784      6826.67
      10.783     0.999878        49785      8192.00
      10.815     0.999890        49786      9102.22
      10.871     0.999902        49787     10240.00
      10.871     0.999915        49787     11702.86
      10.903     0.999927        49788     13653.33
      10.903     0.999939        49788     16384.00
      11.079     0.999945        49789     18204.44
      11.079     0.999951        49789     20480.00
      11.079     0.999957        49789     23405.71
      11.559     0.999963        49790     27306.67
      11.559     0.999969        49790     32768.00
      11.559     0.999973        49790     36408.89
      11.559     0.999976        49790     40960.00
      11.559     0.999979        49790     46811.43
      11.583     0.999982        49791     54613.33
      11.583     1.000000        49791          inf
#[Mean    =        3.244, StdDeviation   =        1.387]
#[Max     =       11.576, Total count    =        49791]
#[Buckets =           27, SubBuckets     =         2048]
----------------------------------------------------------
  75024 requests in 30.01s, 14.95MB read
Requests/sec:   2500.25
Transfer/sec:    510.30KB
WRKX_RESULT {"durationUs":30006621,"requests":75024,"responses":75024,"errors":0,"bytes":15680016,"latencyAvgUs":3244.152,"latencyP95Us":6515.000,"latencyP99Us":7643.000}
