Running 30s test @ http://localhost:9991/
  16 threads and 256 connections
  Thread calibration: mean lat.: 4616.147ms, rate sampling interval: 16605ms
  Thread calibration: mean lat.: 4612.486ms, rate sampling interval: 16605ms
  Thread calibration: mean lat.: 4611.479ms, rate sampling interval: 16613ms
  Thread calibration: mean lat.: 4612.384ms, rate sampling interval: 16613ms
  Thread calibration: mean lat.: 4614.135ms, rate sampling interval: 16621ms
  Thread calibration: mean lat.: 4615.749ms, rate sampling interval: 16621ms
  Thread calibration: mean lat.: 4612.457ms, rate sampling interval: 16621ms
  Thread calibration: mean lat.: 4613.480ms, rate sampling interval: 16613ms
  Thread calibration: mean lat.: 4616.080ms, rate sampling interval: 16613ms
  Thread calibration: mean lat.: 4613.224ms, rate sampling interval: 16613ms
  Thread calibration: mean lat.: 4618.057ms, rate sampling interval: 16613ms
  Thread calibration: mean lat.: 4617.766ms, rate sampling interval: 16605ms
  Thread calibration: mean lat.: 4619.423ms, rate sampling interval: 16621ms
  Thread calibration: mean lat.: 4614.648ms, rate sampling interval: 16605ms
  Thread calibration: mean lat.: 4617.212ms, rate sampling interval: 16613ms
  Thread calibration: mean lat.: 4622.416ms, rate sampling interval: 16621ms
  Thread Stats   Avg      Stdev     Max   +/- Stdev
    Latency    18.45s     5.25s   27.57s    57.97%
    Req/Sec   502.25      0.43   503.00    100.00%
  Latency Distribution (HdrHistogram - Recorded Latency)
 50.000%   18.46s 
 75.000%   22.97s 
 90.000%   25.74s 
 99.000%   27.38s 
 99.900%   27.54s 
 99.990%   27.57s 
 99.999%   27.59s 
100.000%   27.59s 

  Detailed Percentile spectrum:
       Value   Percentile   TotalCount 1/(1-Percentile)

    9207.807     0.000000            1         1.00
   11165.695     0.100000        16060         1.11
   13025.279     0.200000        32094         1.25
   14876.671     0.300000        48171         1.43
   16654.335     0.400000        64185         1.67
   18464.767     0.500000        80292         2.00
   19365.887     0.550000        88395         2.22
   20234.239     0.600000        96326         2.50
   21118.975     0.650000       104306         2.86
   22069.247     0.700000       112359         3.33
   22970.367     0.750000       120357         4.00
   23445.503     0.775000       124393         4.44
   23920.639     0.800000       128491         5.00
   24379.391     0.825000       132522         5.71
   24821.759     0.850000       136478         6.67
   25296.895     0.875000       140524         8.00
   25509.887     0.887500       142455         8.89
   25739.263     0.900000       144487        10.00
   25952.255     0.912500       146462        11.43
   26181.631     0.925000       148484        13.33
   26411.007     0.937500       150493        16.00
   26525.695     0.943750       151497        17.78
   26640.383     0.950000       152471        20.00
   26755.071     0.956250       153463        22.86
   26869.759     0.962500       154464        26.67
   26984.447     0.968750       155505        32.00
   27049.983     0.971875       156071        35.56
   27099.135     0.975000       156525        40.00
   27148.287     0.978125       156958        45.71
   27213.823     0.981250       157557        53.33
   27262.975     0.984375       157994        64.00
   27295.743     0.985938       158275        71.11
   27328.511     0.987500       158565        80.00
   27361.279     0.989062       158847        91.43
   27377.663     0.990625       158970       106.67
   27410.431     0.992188       159253       128.00
   27426.815     0.992969       159392       142.22
   27443.199     0.993750       159540       160.00
   27459.583     0.994531       159664       182.86
   27475.967     0.995313       159821       213.33
   27492.351     0.996094       159942       256.00
   27492.351     0.996484       159942       284.44
   27508.735     0.996875       160109       320.00
   27508.735     0.997266       160109       365.71
   27508.735     0.997656       160109       426.67
   27525.119     0.998047       160215       512.00
   27525.119     0.998242       160215       568.89
   27525.119     0.998437       160215       640.00
   27541.503     0.998633       160351       731.43
   27541.503     0.998828       160351       853.33
   27541.503     0.999023       160351      1024.00
   27541.503     0.999121       160351      1137.78
   27541.503     0.999219       160351      1280.00
   27541.503     0.999316       160351      1462.86
   27557.887     0.999414       160422      1706.67
   27557.887     0.999512       160422      2048.00
   27557.887     0.999561       160422      2275.56
   27557.887     0.999609       160422      2560.00
   27557.887     0.999658       160422      2925.71
   27557.887     0.999707       160422      3413.33
   27557.887     0.999756       160422      4096.00
   27557.887     0.999780       160422      4551.11
   27574.271     0.999805       160450      5120.00
   27574.271     0.999829       160450      5851.43
   27574.271     0.999854       160450      6826.67
   27574.271     0.999878       160450      8192.00
   27574.271     0.999890       160450      9102.22
   27574.271     0.999902       160450     10240.00
   27574.271     0.999915       160450     11702.86
   27574.271     0.999927       160450     13653.33
   27574.271     0.999939       160450     16384.00
   27574.271     0.999945       160450     18204.44
   27574.271     0.999951       160450     20480.00
   27574.271     0.999957       160450     23405.71
   27574.271     0.999963       160450     27306.67
   27590.655     0.999969       160455     32768.00
   27590.655     1.000000       160455          inf
#[Mean    =    18449.069, StdDeviation   =     5246.758]
#[Max     =    27574.272, Total count    =       160455]
#[Buckets =           27, SubBuckets     =         2048]
----------------------------------------------------------
  241157 requests in 30.00s, 48.07MB read
Requests/sec:   8037.66
Transfer/sec:      1.60MB
WRKX_RESULT {"durationUs":30003375,"requests":241157,"responses":241157,"errors":0,"bytes":50401813,"latencyAvgUs":18449069.309,"latencyP95Us":26640383.000,"latencyP99Us":27377663.000}
