Running 30s test @ http://localhost:9991/
  16 threads and 256 connections
  Thread calibration: mean lat.: 4128.072ms, rate sampling interval: 15089ms
  Thread calibration: mean lat.: 4127.578ms, rate sampling interval: 15089ms
  Thread calibration: mean lat.: 4128.307ms, rate sampling interval: 15097ms
  Thread calibration: mean lat.: 4131.203ms, rate sampling interval: 15097ms
  Thread calibration: mean lat.: 4127.237ms, rate sampling interval: 15097ms
  Thread calibration: mean lat.: 4126.548ms, rate sampling interval: 15089ms
  Thread calibration: mean lat.: 4131.630ms, rate sampling interval: 15097ms
  Thread calibration: mean lat.: 4131.456ms, rate sampling interval: 15097ms
  Thread calibration: mean lat.: 4137.262ms, rate sampling interval: 15106ms
  Thread calibration: mean lat.: 4126.233ms, rate sampling interval: 15089ms
  Thread calibration: mean lat.: 4123.472ms, rate sampling interval: 15081ms
  Thread calibration: mean lat.: 4128.754ms, rate sampling interval: 15089ms
  Thread calibration: mean lat.: 4133.042ms, rate sampling interval: 15089ms
  Thread calibration: mean lat.: 3801.328ms, rate sampling interval: 13697ms
  Thread calibration: mean lat.: 4136.331ms, rate sampling interval: 15106ms
  Thread calibration: mean lat.: 4133.829ms, rate sampling interval: 15097ms
  Thread Stats   Avg      Stdev     Max   +/- Stdev
    Latency    16.76s     4.83s   25.15s    57.71%
    Req/Sec   498.94      0.24   499.00    100.00%
  Latency Distribution (HdrHistogram - Recorded Latency)
 50.000%   16.77s 
 75.000%   20.96s 
 90.000%   23.43s 
 99.000%   24.95s 
 99.900%   25.12s 
 99.990%   25.15s 
 99.999%   25.17s 
100.000%   25.17s 

  Detailed Percentile spectrum:
       Value   Percentile   TotalCount 1/(1-Percentile)

    7614.463     0.000000            3         1.00
   10076.159     0.100000        15982         1.11
   11747.327     0.200000        31948         1.25
   13393.919     0.300000        47977         1.43
   15089.663     0.400000        63950         1.67
   16769.023     0.500000        79915         2.00
   17612.799     0.550000        87969         2.22
   18448.383     0.600000        95967         2.50
   19300.351     0.650000       103875         2.86
   20135.935     0.700000       111867         3.33
   20955.135     0.750000       119898         4.00
   21364.735     0.775000       123783         4.44
   21807.103     0.800000       127872         5.00
   22200.319     0.825000       131888         5.71
   22626.303     0.850000       135910         6.67
   23035.903     0.875000       139892         8.00
   23232.511     0.887500       141857         8.89
   23429.119     0.900000       143890        10.00
   23625.727     0.912500       145785        11.43
   23838.719     0.925000       147857        13.33
   24051.711     0.937500       149850        16.00
   24150.015     0.943750       150758        17.78
   24264.703     0.950000       151846        20.00
   24363.007     0.956250       152790        22.86
   24477.695     0.962500       153790        26.67
   24575.999     0.968750       154726        32.00
   24641.535     0.971875       155337        35.56
   24690.687     0.975000       155798        40.00
   24739.839     0.978125       156255        45.71
   24805.375     0.981250       156872        53.33
   24854.527     0.984375       157290        64.00
   24887.295     0.985938       157598        71.11
   24903.679     0.987500       157740        80.00
   24936.447     0.989062       158051        91.43
   24969.215     0.990625       158345       106.67
   24985.599     0.992188       158504       128.00
   25001.983     0.992969       158648       142.22
   25018.367     0.993750       158799       160.00
   25034.751     0.994531       158936       182.86
   25051.135     0.995313       159074       213.33
   25067.519     0.996094       159228       256.00
   25067.519     0.996484       159228       284.44
   25067.519     0.996875       159228       320.00
   25083.903     0.997266       159371       365.71
   25083.903     0.997656       159371       426.67
   25100.287     0.998047       159515       512.00
   25100.287     0.998242       159515       568.89
   25100.287     0.998437       159515       640.00
   25100.287     0.998633       159515       731.43
   25116.671     0.998828       159626       853.33
   25116.671     0.999023       159626      1024.00
   25116.671     0.999121       159626      1137.78
   25116.671     0.999219       159626      1280.00
   25116.671     0.999316       159626      1462.86
   25116.671     0.999414       159626      1706.67
   25133.055     0.999512       159691      2048.00
   25133.055     0.999561       159691      2275.56
   25133.055     0.999609       159691      2560.00
   25133.055     0.999658       159691      2925.71
   25133.055     0.999707       159691      3413.33
   25133.055     0.999756       159691      4096.00
   25133.055     0.999780       159691      4551.11
   25133.055     0.999805       159691      5120.00
   25133.055     0.999829       159691      5851.43
   25149.439     0.999854       159712      6826.67
   25149.439     0.999878       159712      8192.00
   25149.439     0.999890       159712      9102.22
   25149.439     0.999902       159712     10240.00
   25149.439     0.999915       159712     11702.86
   25149.439     0.999927       159712     13653.33
   25149.439     0.999939       159712     16384.00
   25149.439     0.999945       159712     18204.44
   25149.439     0.999951       159712     20480.00
   25149.439     0.999957       159712     23405.71
   25149.439     0.999963       159712     27306.67
   25149.439     0.999969       159712     32768.00
   25149.439     0.999973       159712     36408.89
   25149.439     0.999976       159712     40960.00
   25149.439     0.999979       159712     46811.43
   25165.823     0.999982       159715     54613.33
   25165.823     1.000000       159715          inf
#[Mean    =    16757.171, StdDeviation   =     4828.854]
#[Max     =    25149.440, Total count    =       159715]
#[Buckets =           27, SubBuckets     =         2048]
----------------------------------------------------------
  241485 requests in 30.00s, 48.13MB read
Requests/sec:   8048.24
Transfer/sec:      1.60MB
WRKX_RESULT {"durationUs":30004681,"requests":241485,"responses":241485,"errors":0,"bytes":50470509,"latencyAvgUs":16757171.079,"latencyP95Us":24264703.000,"latencyP99Us":24952831.000}
