Running 30s test @ http://localhost:9991/
  16 threads and 256 connections
  Thread calibration: mean lat.: 3429.257ms, rate sampling interval: 12320ms
  Thread calibration: mean lat.: 3426.882ms, rate sampling interval: 12304ms
  Thread calibration: mean lat.: 3432.162ms, rate sampling interval: 12320ms
  Thread calibration: mean lat.: 3431.980ms, rate sampling interval: 12320ms
  Thread calibration: mean lat.: 3428.809ms, rate sampling interval: 12312ms
  Thread calibration: mean lat.: 3427.325ms, rate sampling interval: 12312ms
  Thread calibration: mean lat.: 3434.276ms, rate sampling interval: 12320ms
  Thread calibration: mean lat.: 3425.305ms, rate sampling interval: 12312ms
  Thread calibration: mean lat.: 3432.212ms, rate sampling interval: 12320ms
  Thread calibration: mean lat.: 3429.620ms, rate sampling interval: 12312ms
  Thread calibration: mean lat.: 3431.031ms, rate sampling interval: 12312ms
  Thread calibration: mean lat.: 3425.801ms, rate sampling interval: 12304ms
  Thread calibration: mean lat.: 3434.049ms, rate sampling interval: 12328ms
  Thread calibration: mean lat.: 3431.460ms, rate sampling interval: 12320ms
  Thread calibration: mean lat.: 3428.745ms, rate sampling interval: 12320ms
  Thread calibration: mean lat.: 3428.782ms, rate sampling interval: 12312ms
  Thread Stats   Avg      Stdev     Max   +/- Stdev
    Latency    13.45s     3.84s   20.20s    57.76%
    Req/Sec   514.81      0.63   516.00    100.00%
  Latency Distribution (HdrHistogram - Recorded Latency)
 50.000%   13.46s 
 75.000%   16.79s 
 90.000%   18.78s 
 99.000%   20.04s 
 99.900%   20.19s 
 99.990%   20.22s 
 99.999%   20.22s 
100.000%   20.22s 

  Detailed Percentile spectrum:
       Value   Percentile   TotalCount 1/(1-Percentile)

    6770.687     0.000000            1         1.00
    8163.327     0.100000        16357         1.11
    9461.759     0.200000        32797         1.25
   10764.287     0.300000        49078         1.43
   12107.775     0.400000        65465         1.67
   13459.455     0.500000        81803         2.00
   14131.199     0.550000        89969         2.22
   14770.175     0.600000        98163         2.50
   15450.111     0.650000       106326         2.86
   16121.855     0.700000       114572         3.33
   16793.599     0.750000       122862         4.00
   17121.279     0.775000       126851         4.44
   17448.959     0.800000       130896         5.00
   17776.639     0.825000       135110         5.71
   18120.703     0.850000       139213         6.67
   18431.999     0.875000       143201         8.00
   18595.839     0.887500       145191         8.89
   18776.063     0.900000       147342        10.00
   18956.287     0.912500       149380        11.43
   19120.127     0.925000       151395        13.33
   19300.351     0.937500       153411        16.00
   19398.655     0.943750       154508        17.78
   19480.575     0.950000       155452        20.00
   19562.495     0.956250       156420        22.86
   19660.799     0.962500       157604        26.67
   19742.719     0.968750       158601        32.00
   19775.487     0.971875       159040        35.56
   19824.639     0.975000       159671        40.00
   19857.407     0.978125       160083        45.71
   19906.559     0.981250       160633        53.33
   19939.327     0.984375       161010        64.00
   19972.095     0.985938       161362        71.11
   19988.479     0.987500       161533        80.00
   20021.247     0.989062       161881        91.43
   20037.631     0.990625       162063       106.67
   20070.399     0.992188       162395       128.00
   20086.783     0.992969       162577       142.22
   20086.783     0.993750       162577       160.00
   20103.167     0.994531       162748       182.86
   20119.551     0.995313       162916       213.33
   20119.551     0.996094       162916       256.00
   20135.935     0.996484       163094       284.44
   20135.935     0.996875       163094       320.00
   20152.319     0.997266       163246       365.71
   20152.319     0.997656       163246       426.67
   20152.319     0.998047       163246       512.00
   20168.703     0.998242       163375       568.89
   20168.703     0.998437       163375       640.00
   20168.703     0.998633       163375       731.43
   20168.703     0.998828       163375       853.33
   20185.087     0.999023       163471      1024.00
   20185.087     0.999121       163471      1137.78
   20185.087     0.999219       163471      1280.00
   20185.087     0.999316       163471      1462.86
   20185.087     0.999414       163471      1706.67
   20201.471     0.999512       163535      2048.00
   20201.471     0.999561       163535      2275.56
   20201.471     0.999609       163535      2560.00
   20201.471     0.999658       163535      2925.71
   20201.471     0.999707       163535      3413.33
   20201.471     0.999756       163535      4096.00
   20201.471     0.999780       163535      4551.11
   20201.471     0.999805       163535      5120.00
   20201.471     0.999829       163535      5851.43
   20201.471     0.999854       163535      6826.67
   20201.471     0.999878       163535      8192.00
   20217.855     0.999890       163553      9102.22
   20217.855     1.000000       163553          inf
#[Mean    =    13450.593, StdDeviation   =     3843.914]
#[Max     =    20201.472, Total count    =       163553]
#[Buckets =           27, SubBuckets     =         2048]
----------------------------------------------------------
  244752 requests in 30.00s, 48.78MB read
Requests/sec:   8157.15
Transfer/sec:      1.63MB
WRKX_RESULT {"durationUs":30004603,"requests":244752,"responses":244752,"errors":0,"bytes":51153168,"latencyAvgUs":13450592.824,"latencyP95Us":19480575.000,"latencyP99Us":20037631.000}
