Running 30s test @ http://localhost:9991/
  16 threads and 256 connections
  Thread calibration: mean lat.: 3989.654ms, rate sampling interval: 14368ms
  Thread calibration: mean lat.: 3978.719ms, rate sampling interval: 14368ms
  Thread calibration: mean lat.: 3980.493ms, rate sampling interval: 14360ms
  Thread calibration: mean lat.: 3985.464ms, rate sampling interval: 14376ms
  Thread calibration: mean lat.: 3981.019ms, rate sampling interval: 14360ms
  Thread calibration: mean lat.: 3986.888ms, rate sampling interval: 14376ms
  Thread calibration: mean lat.: 3987.670ms, rate sampling interval: 14376ms
  Thread calibration: mean lat.: 3983.425ms, rate sampling interval: 14376ms
  Thread calibration: mean lat.: 3986.977ms, rate sampling interval: 14376ms
  Thread calibration: mean lat.: 3982.459ms, rate sampling interval: 14360ms
  Thread calibration: mean lat.: 3986.717ms, rate sampling interval: 14385ms
  Thread calibration: mean lat.: 3984.618ms, rate sampling interval: 14368ms
  Thread calibration: mean lat.: 3985.549ms, rate sampling interval: 14385ms
  Thread calibration: mean lat.: 3987.561ms, rate sampling interval: 14360ms
  Thread calibration: mean lat.: 3988.787ms, rate sampling interval: 14376ms
  Thread calibration: mean lat.: 3985.539ms, rate sampling interval: 14376ms
  Thread Stats   Avg      Stdev     Max   +/- Stdev
    Latency    15.96s     4.56s   23.89s    57.94%
    Req/Sec   509.75      0.56   511.00    100.00%
  Latency Distribution (HdrHistogram - Recorded Latency)
 50.000%   15.99s 
 75.000%   19.92s 
 90.000%   22.25s 
 99.000%   23.69s 
 99.900%   23.84s 
 99.990%   23.87s 
 99.999%   23.89s 
100.000%   23.90s 

  Detailed Percentile spectrum:
       Value   Percentile   TotalCount 1/(1-Percentile)

    7970.815     0.000000            1         1.00
    9625.599     0.100000        16345         1.11
   11231.231     0.200000        32633         1.25
   12836.863     0.300000        48912         1.43
   14409.727     0.400000        65243         1.67
   15990.783     0.500000        81472         2.00
   16769.023     0.550000        89634         2.22
   17530.879     0.600000        97852         2.50
   18333.695     0.650000       105912         2.86
   19136.511     0.700000       114152         3.33
   19922.943     0.750000       122250         4.00
   20299.775     0.775000       126342         4.44
   20692.991     0.800000       130465         5.00
   21069.823     0.825000       134441         5.71
   21479.423     0.850000       138543         6.67
   21872.639     0.875000       142601         8.00
   22069.247     0.887500       144754         8.89
   22249.471     0.900000       146653        10.00
   22462.463     0.912500       148786        11.43
   22675.455     0.925000       150834        13.33
   22872.063     0.937500       152777        16.00
   22986.751     0.943750       153913        17.78
   23085.055     0.950000       154892        20.00
   23183.359     0.956250       155922        22.86
   23281.663     0.962500       156932        26.67
   23379.967     0.968750       157935        32.00
   23429.119     0.971875       158473        35.56
   23478.271     0.975000       159014        40.00
   23511.039     0.978125       159383        45.71
   23560.191     0.981250       159931        53.33
   23609.343     0.984375       160451        64.00
   23642.111     0.985938       160808        71.11
   23658.495     0.987500       160966        80.00
   23691.263     0.989062       161316        91.43
   23707.647     0.990625       161469       106.67
   23740.415     0.992188       161812       128.00
   23740.415     0.992969       161812       142.22
   23756.799     0.993750       161979       160.00
   23773.183     0.994531       162157       182.86
   23789.567     0.995313       162332       213.33
   23789.567     0.996094       162332       256.00
   23805.951     0.996484       162503       284.44
   23805.951     0.996875       162503       320.00
   23805.951     0.997266       162503       365.71
   23822.335     0.997656       162653       426.67
   23822.335     0.998047       162653       512.00
   23822.335     0.998242       162653       568.89
   23838.719     0.998437       162785       640.00
   23838.719     0.998633       162785       731.43
   23838.719     0.998828       162785       853.33
   23838.719     0.999023       162785      1024.00
   23838.719     0.999121       162785      1137.78
   23855.103     0.999219       162872      1280.00
   23855.103     0.999316       162872      1462.86
   23855.103     0.999414       162872      1706.67
   23855.103     0.999512       162872      2048.00
   23855.103     0.999561       162872      2275.56
   23855.103     0.999609       162872      2560.00
   23855.103     0.999658       162872      2925.71
   23871.487     0.999707       162909      3413.33
   23871.487     0.999756       162909      4096.00
   23871.487     0.999780       162909      4551.11
   23871.487     0.999805       162909      5120.00
   23871.487     0.999829       162909      5851.43
   23871.487     0.999854       162909      6826.67
   23871.487     0.999878       162909      8192.00
   23871.487     0.999890       162909      9102.22
   23871.487     0.999902       162909     10240.00
   23887.871     0.999915       162922     11702.86
   23887.871     0.999927       162922     13653.33
   23887.871     0.999939       162922     16384.00
   23887.871     0.999945       162922     18204.44
   23887.871     0.999951       162922     20480.00
   23887.871     0.999957       162922     23405.71
   23887.871     0.999963       162922     27306.67
   23887.871     0.999969       162922     32768.00
   23887.871     0.999973       162922     36408.89
   23887.871     0.999976       162922     40960.00
   23887.871     0.999979       162922     46811.43
   23887.871     0.999982       162922     54613.33
   23887.871     0.999985       162922     65536.00
   23887.871     0.999986       162922     72817.78
   23887.871     0.999988       162922     81920.00
   23887.871     0.999989       162922     93622.86
   23887.871     0.999991       162922    109226.67
   23887.871     0.999992       162922    131072.00
   23887.871     0.999993       162922    145635.56
   23904.255     0.999994       162923    163840.00
   23904.255     1.000000       162923          inf
#[Mean    =    15959.929, StdDeviation   =     4560.801]
#[Max     =    23887.872, Total count    =       162923]
#[Buckets =           27, SubBuckets     =         2048]
----------------------------------------------------------
  244696 requests in 30.00s, 48.77MB read
Requests/sec:   8155.50
Transfer/sec:      1.63MB
WRKX_RESULT {"durationUs":30003816,"requests":244696,"responses":244696,"errors":0,"bytes":51141464,"latencyAvgUs":15959928.680,"latencyP95Us":23085055.000,"latencyP99Us":23691263.000}
