Running 30s test @ http://localhost:9991/
  16 threads and 256 connections
  Thread calibration: mean lat.: 968.105ms, rate sampling interval: 3557ms
  Thread calibration: mean lat.: 970.646ms, rate sampling interval: 3561ms
  Thread calibration: mean lat.: 967.064ms, rate sampling interval: 3553ms
  Thread calibration: mean lat.: 970.383ms, rate sampling interval: 3569ms
  Thread calibration: mean lat.: 973.827ms, rate sampling interval: 3577ms
  Thread calibration: mean lat.: 969.151ms, rate sampling interval: 3553ms
  Thread calibration: mean lat.: 971.118ms, rate sampling interval: 3565ms
  Thread calibration: mean lat.: 972.478ms, rate sampling interval: 3565ms
  Thread calibration: mean lat.: 970.363ms, rate sampling interval: 3559ms
  Thread calibration: mean lat.: 970.264ms, rate sampling interval: 3569ms
  Thread calibration: mean lat.: 976.377ms, rate sampling interval: 3573ms
  Thread calibration: mean lat.: 967.984ms, rate sampling interval: 3555ms
  Thread calibration: mean lat.: 972.226ms, rate sampling interval: 3573ms
  Thread calibration: mean lat.: 968.763ms, rate sampling interval: 3545ms
  Thread calibration: mean lat.: 970.051ms, rate sampling interval: 3555ms
  Thread calibration: mean lat.: 966.192ms, rate sampling interval: 3545ms
  Thread Stats   Avg      Stdev     Max   +/- Stdev
    Latency     3.94s     1.10s    5.92s    59.10%
    Req/Sec   503.40      9.47   522.00     75.00%
  Latency Distribution (HdrHistogram - Recorded Latency)
 50.000%    3.98s 
 75.000%    4.84s 
 90.000%    5.44s 
 99.000%    5.80s 
 99.900%    5.87s 
 99.990%    5.91s 
 99.999%    5.92s 
100.000%    5.93s 

  Detailed Percentile spectrum:
       Value   Percentile   TotalCount 1/(1-Percentile)

    1884.159     0.000000            1         1.00
    2396.159     0.100000        16151         1.11
    2795.519     0.200000        32207         1.25
    3209.215     0.300000        48315         1.43
    3624.959     0.400000        64373         1.67
    3979.263     0.500000        80403         2.00
    4206.591     0.550000        88461         2.22
    4386.815     0.600000        96592         2.50
    4542.463     0.650000       104749         2.86
    4669.439     0.700000       112779         3.33
    4841.471     0.750000       120592         4.00
    4939.775     0.775000       124704         4.44
    5029.887     0.800000       128771         5.00
    5124.095     0.825000       132673         5.71
    5226.495     0.850000       136772         6.67
    5332.991     0.875000       140772         8.00
    5390.335     0.887500       142841         8.89
    5443.583     0.900000       144837        10.00
    5492.735     0.912500       146750        11.43
    5550.079     0.925000       148875        13.33
    5599.231     0.937500       150744        16.00
    5623.807     0.943750       151744        17.78
    5648.383     0.950000       152792        20.00
    5672.959     0.956250       153893        22.86
    5693.439     0.962500       154843        26.67
    5713.919     0.968750       155813        32.00
    5726.207     0.971875       156364        35.56
    5738.495     0.975000       156882        40.00
    5750.783     0.978125       157392        45.71
    5763.071     0.981250       157905        53.33
    5775.359     0.984375       158379        64.00
    5779.455     0.985938       158545        71.11
    5787.647     0.987500       158821        80.00
    5795.839     0.989062       159094        91.43
    5804.031     0.990625       159347       106.67
    5812.223     0.992188       159602       128.00
    5816.319     0.992969       159710       142.22
    5820.415     0.993750       159812       160.00
    5824.511     0.994531       159915       182.86
    5832.703     0.995313       160103       213.33
    5836.799     0.996094       160178       256.00
    5840.895     0.996484       160252       284.44
    5844.991     0.996875       160314       320.00
    5849.087     0.997266       160373       365.71
    5853.183     0.997656       160427       426.67
    5857.279     0.998047       160478       512.00
    5861.375     0.998242       160517       568.89
    5865.471     0.998437       160562       640.00
    5865.471     0.998633       160562       731.43
    5869.567     0.998828       160607       853.33
    5873.663     0.999023       160633      1024.00
    5877.759     0.999121       160655      1137.78
    5881.855     0.999219       160682      1280.00
    5881.855     0.999316       160682      1462.86
    5885.951     0.999414       160702      1706.67
    5890.047     0.999512       160723      2048.00
    5890.047     0.999561       160723      2275.56
    5890.047     0.999609       160723      2560.00
    5894.143     0.999658       160737      2925.71
    5894.143     0.999707       160737      3413.33
    5898.239     0.999756       160747      4096.00
    5898.239     0.999780       160747      4551.11
    5902.335     0.999805       160756      5120.00
    5902.335     0.999829       160756      5851.43
    5906.431     0.999854       160768      6826.67
    5906.431     0.999878       160768      8192.00
    5906.431     0.999890       160768      9102.22
    5906.431     0.999902       160768     10240.00
    5906.431     0.999915       160768     11702.86
    5910.527     0.999927       160770     13653.33
    5914.623     0.999939       160775     16384.00
    5914.623     0.999945       160775     18204.44
    5914.623     0.999951       160775     20480.00
    5914.623     0.999957       160775     23405.71
    5918.719     0.999963       160776     27306.67
    5922.815     0.999969       160779     32768.00
    5922.815     0.999973       160779     36408.89
    5922.815     0.999976       160779     40960.00
    5922.815     0.999979       160779     46811.43
    5922.815     0.999982       160779     54613.33
    5922.815     0.999985       160779     65536.00
    5922.815     0.999986       160779     72817.78
    5926.911     0.999988       160781     81920.00
    5926.911     1.000000       160781          inf
#[Mean    =     3943.281, StdDeviation   =     1095.787]
#[Max     =     5922.816, Total count    =       160781]
#[Buckets =           27, SubBuckets     =         2048]
----------------------------------------------------------
  241732 requests in 30.00s, 48.18MB read
Requests/sec:   8056.56
Transfer/sec:      1.61MB
WRKX_RESULT {"durationUs":30004383,"requests":241732,"responses":241732,"errors":0,"bytes":50522132,"latencyAvgUs":3943280.856,"latencyP95Us":5648383.000,"latencyP99Us":5799935.000}
