Running 30s test @ http://localhost:9991/
  16 threads and 256 connections
  Thread calibration: mean lat.: 4794.645ms, rate sampling interval: 17268ms
  Thread calibration: mean lat.: 4796.740ms, rate sampling interval: 17285ms
  Thread calibration: mean lat.: 4792.812ms, rate sampling interval: 17268ms
  Thread calibration: mean lat.: 4793.374ms, rate sampling interval: 17285ms
  Thread calibration: mean lat.: 4793.417ms, rate sampling interval: 17268ms
  Thread calibration: mean lat.: 4793.603ms, rate sampling interval: 17268ms
  Thread calibration: mean lat.: 4800.871ms, rate sampling interval: 17285ms
  Thread calibration: mean lat.: 4796.344ms, rate sampling interval: 17268ms
  Thread calibration: mean lat.: 4800.967ms, rate sampling interval: 17268ms
  Thread calibration: mean lat.: 4800.904ms, rate sampling interval: 17268ms
  Thread calibration: mean lat.: 4800.075ms, rate sampling interval: 17268ms
  Thread calibration: mean lat.: 4797.355ms, rate sampling interval: 17285ms
  Thread calibration: mean lat.: 4796.502ms, rate sampling interval: 17268ms
  Thread calibration: mean lat.: 4797.854ms, rate sampling interval: 17268ms
  Thread calibration: mean lat.: 4381.306ms, rate sampling interval: 15646ms
  Thread calibration: mean lat.: 4796.065ms, rate sampling interval: 17285ms
  Thread Stats   Avg      Stdev     Max   +/- Stdev
    Latency    19.20s     5.52s   28.77s    57.89%
    Req/Sec   499.19      0.53   500.00    100.00%
  Latency Distribution (HdrHistogram - Recorded Latency)
 50.000%   19.19s 
 75.000%   24.02s 
 90.000%   26.84s 
 99.000%   28.56s 
 99.900%   28.74s 
 99.990%   28.77s 
 99.999%   28.79s 
100.000%   28.79s 

  Detailed Percentile spectrum:
       Value   Percentile   TotalCount 1/(1-Percentile)

    8716.287     0.000000            4         1.00
   11534.335     0.100000        16046         1.11
   13500.415     0.200000        32022         1.25
   15392.767     0.300000        48062         1.43
   17317.887     0.400000        64131         1.67
   19185.663     0.500000        80064         2.00
   20152.319     0.550000        88080         2.22
   21135.359     0.600000        96134         2.50
   22118.399     0.650000       104130         2.86
   23068.671     0.700000       112139         3.33
   24018.943     0.750000       120091         4.00
   24494.079     0.775000       124088         4.44
   24985.599     0.800000       128131         5.00
   25427.967     0.825000       132038         5.71
   25919.487     0.850000       136128         6.67
   26378.239     0.875000       140070         8.00
   26607.615     0.887500       142096         8.89
   26836.991     0.900000       144098        10.00
   27066.367     0.912500       146029        11.43
   27295.743     0.925000       148044        13.33
   27541.503     0.937500       150121        16.00
   27656.191     0.943750       151111        17.78
   27770.879     0.950000       152113        20.00
   27885.567     0.956250       153046        22.86
   28016.639     0.962500       154139        26.67
   28131.327     0.968750       155082        32.00
   28180.479     0.971875       155518        35.56
   28246.015     0.975000       156071        40.00
   28311.551     0.978125       156592        45.71
   28377.087     0.981250       157106        53.33
   28442.623     0.984375       157614        64.00
   28475.391     0.985938       157870        71.11
   28508.159     0.987500       158131        80.00
   28524.543     0.989062       158263        91.43
   28557.311     0.990625       158521       106.67
   28590.079     0.992188       158788       128.00
   28606.463     0.992969       158910       142.22
   28622.847     0.993750       159055       160.00
   28639.231     0.994531       159187       182.86
   28655.615     0.995313       159322       213.33
   28671.999     0.996094       159459       256.00
   28671.999     0.996484       159459       284.44
   28688.383     0.996875       159587       320.00
   28688.383     0.997266       159587       365.71
   28704.767     0.997656       159718       426.67
   28704.767     0.998047       159718       512.00
   28721.151     0.998242       159834       568.89
   28721.151     0.998437       159834       640.00
   28721.151     0.998633       159834       731.43
   28721.151     0.998828       159834       853.33
   28737.535     0.999023       159918      1024.00
   28737.535     0.999121       159918      1137.78
   28737.535     0.999219       159918      1280.00
   28737.535     0.999316       159918      1462.86
   28753.919     0.999414       159976      1706.67
   28753.919     0.999512       159976      2048.00
   28753.919     0.999561       159976      2275.56
   28753.919     0.999609       159976      2560.00
   28753.919     0.999658       159976      2925.71
   28753.919     0.999707       159976      3413.33
   28753.919     0.999756       159976      4096.00
   28770.303     0.999780       160006      4551.11
   28770.303     0.999805       160006      5120.00
   28770.303     0.999829       160006      5851.43
   28770.303     0.999854       160006      6826.67
   28770.303     0.999878       160006      8192.00
   28770.303     0.999890       160006      9102.22
   28770.303     0.999902       160006     10240.00
   28770.303     0.999915       160006     11702.86
   28770.303     0.999927       160006     13653.33
   28770.303     0.999939       160006     16384.00
   28770.303     0.999945       160006     18204.44
   28770.303     0.999951       160006     20480.00
   28770.303     0.999957       160006     23405.71
   28786.687     0.999963       160012     27306.67
   28786.687     1.000000       160012          inf
#[Mean    =    19201.279, StdDeviation   =     5523.613]
#[Max     =    28770.304, Total count    =       160012]
#[Buckets =           27, SubBuckets     =         2048]
----------------------------------------------------------
  243081 requests in 30.00s, 48.45MB read
Requests/sec:   8101.92
Transfer/sec:      1.61MB
WRKX_RESULT {"durationUs":30002905,"requests":243081,"responses":243081,"errors":0,"bytes":50803929,"latencyAvgUs":19201279.469,"latencyP95Us":27770879.000,"latencyP99Us":28557311.000}
