Running 30s test @ http://localhost:9991/
  16 threads and 256 connections
  Thread calibration: mean lat.: 3674.343ms, rate sampling interval: 13238ms
  Thread calibration: mean lat.: 3676.582ms, rate sampling interval: 13254ms
  Thread calibration: mean lat.: 3669.890ms, rate sampling interval: 13230ms
  Thread calibration: mean lat.: 3669.809ms, rate sampling interval: 13238ms
  Thread calibration: mean lat.: 3674.577ms, rate sampling interval: 13254ms
  Thread calibration: mean lat.: 3673.681ms, rate sampling interval: 13246ms
  Thread calibration: mean lat.: 3672.974ms, rate sampling interval: 13254ms
  Thread calibration: mean lat.: 3671.802ms, rate sampling interval: 13254ms
  Thread calibration: mean lat.: 3676.534ms, rate sampling interval: 13238ms
  Thread calibration: mean lat.: 3672.986ms, rate sampling interval: 13246ms
  Thread calibration: mean lat.: 3675.904ms, rate sampling interval: 13254ms
  Thread calibration: mean lat.: 3677.469ms, rate sampling interval: 13254ms
  Thread calibration: mean lat.: 3674.567ms, rate sampling interval: 13246ms
  Thread calibration: mean lat.: 3671.592ms, rate sampling interval: 13230ms
  Thread calibration: mean lat.: 3675.604ms, rate sampling interval: 13254ms
  Thread calibration: mean lat.: 3675.701ms, rate sampling interval: 13238ms
  Thread Stats   Avg      Stdev     Max   +/- Stdev
    Latency    14.82s     4.17s   21.95s    57.99%
    Req/Sec   497.88      0.33   498.00    100.00%
  Latency Distribution (HdrHistogram - Recorded Latency)
 50.000%   14.89s 
 75.000%   18.46s 
 90.000%   20.51s 
 99.000%   21.77s 
 99.900%   21.92s 
 99.990%   21.95s 
 99.999%   21.97s 
100.000%   21.97s 

  Detailed Percentile spectrum:
       Value   Percentile   TotalCount 1/(1-Percentile)

    7364.607     0.000000            1         1.00
    8978.431     0.100000        16153         1.11
   10518.527     0.200000        32286         1.25
   11993.087     0.300000        48446         1.43
   13443.071     0.400000        64655         1.67
   14893.055     0.500000        80747         2.00
   15613.951     0.550000        88846         2.22
   16334.847     0.600000        96915         2.50
   17055.743     0.650000       104939         2.86
   17760.255     0.700000       113127         3.33
   18464.767     0.750000       121233         4.00
   18792.447     0.775000       125109         4.44
   19136.511     0.800000       129205         5.00
   19496.959     0.825000       133341         5.71
   19841.023     0.850000       137315         6.67
   20168.703     0.875000       141263         8.00
   20348.927     0.887500       143385         8.89
   20512.767     0.900000       145323        10.00
   20676.607     0.912500       147406        11.43
   20840.447     0.925000       149347        13.33
   21020.671     0.937500       151416        16.00
   21118.975     0.943750       152517        17.78
   21200.895     0.950000       153447        20.00
   21299.199     0.956250       154539        22.86
   21381.119     0.962500       155484        26.67
   21463.039     0.968750       156465        32.00
   21512.191     0.971875       157057        35.56
   21544.959     0.975000       157430        40.00
   21594.111     0.978125       157992        45.71
   21643.263     0.981250       158532        53.33
   21692.415     0.984375       159039        64.00
   21708.799     0.985938       159206        71.11
   21741.567     0.987500       159549        80.00
   21757.951     0.989062       159726        91.43
   21774.335     0.990625       159903       106.67
   21807.103     0.992188       160236       128.00
   21823.487     0.992969       160403       142.22
   21839.871     0.993750       160564       160.00
   21839.871     0.994531       160564       182.86
   21856.255     0.995313       160725       213.33
   21872.639     0.996094       160866       256.00
   21872.639     0.996484       160866       284.44
   21889.023     0.996875       161026       320.00
   21889.023     0.997266       161026       365.71
   21905.407     0.997656       161182       426.67
   21905.407     0.998047       161182       512.00
   21905.407     0.998242       161182       568.89
   21905.407     0.998437       161182       640.00
   21921.791     0.998633       161300       731.43
   21921.791     0.998828       161300       853.33
   21921.791     0.999023       161300      1024.00
   21921.791     0.999121       161300      1137.78
   21921.791     0.999219       161300      1280.00
   21938.175     0.999316       161379      1462.86
   21938.175     0.999414       161379      1706.67
   21938.175     0.999512       161379      2048.00
   21938.175     0.999561       161379      2275.56
   21938.175     0.999609       161379      2560.00
   21938.175     0.999658       161379      2925.71
   21938.175     0.999707       161379      3413.33
   21938.175     0.999756       161379      4096.00
   21954.559     0.999780       161409      4551.11
   21954.559     0.999805       161409      5120.00
   21954.559     0.999829       161409      5851.43
   21954.559     0.999854       161409      6826.67
   21954.559     0.999878       161409      8192.00
   21954.559     0.999890       161409      9102.22
   21954.559     0.999902       161409     10240.00
   21954.559     0.999915       161409     11702.86
   21954.559     0.999927       161409     13653.33
   21954.559     0.999939       161409     16384.00
   21954.559     0.999945       161409     18204.44
   21954.559     0.999951       161409     20480.00
   21970.943     0.999957       161416     23405.71
   21970.943     1.000000       161416          inf
#[Mean    =    14816.784, StdDeviation   =     4168.259]
#[Max     =    21954.560, Total count    =       161416]
#[Buckets =           27, SubBuckets     =         2048]
----------------------------------------------------------
  241171 requests in 30.00s, 48.07MB read
Requests/sec:   8038.01
Transfer/sec:      1.60MB
WRKX_RESULT {"durationUs":30003803,"requests":241171,"responses":241171,"errors":0,"bytes":50405027,"latencyAvgUs":14816784.418,"latencyP95Us":21200895.000,"latencyP99Us":21774335.000}
