Running 30s test @ http://localhost:9991/
  16 threads and 256 connections
  Thread calibration: mean lat.: 4689.756ms, rate sampling interval: 17121ms
  Thread calibration: mean lat.: 4688.345ms, rate sampling interval: 17104ms
  Thread calibration: mean lat.: 4700.962ms, rate sampling interval: 17137ms
  Thread calibration: mean lat.: 4689.094ms, rate sampling interval: 17121ms
  Thread calibration: mean lat.: 4692.901ms, rate sampling interval: 17137ms
  Thread calibration: mean lat.: 4686.948ms, rate sampling interval: 17104ms
  Thread calibration: mean lat.: 4688.454ms, rate sampling interval: 17121ms
  Thread calibration: mean lat.: 4691.998ms, rate sampling interval: 17104ms
  Thread calibration: mean lat.: 4691.391ms, rate sampling interval: 17104ms
  Thread calibration: mean lat.: 4692.367ms, rate sampling interval: 17104ms
  Thread calibration: mean lat.: 4697.090ms, rate sampling interval: 17121ms
  Thread calibration: mean lat.: 4694.827ms, rate sampling interval: 17121ms
  Thread calibration: mean lat.: 4695.984ms, rate sampling interval: 17121ms
  Thread calibration: mean lat.: 4695.354ms, rate sampling interval: 17121ms
  Thread calibration: mean lat.: 4692.502ms, rate sampling interval: 17121ms
  Thread calibration: mean lat.: 4695.076ms, rate sampling interval: 17121ms
  Thread Stats   Avg      Stdev     Max   +/- Stdev
    Latency    18.94s     5.43s   28.36s    57.80%
    Req/Sec   507.25      0.56   508.00    100.00%
  Latency Distribution (HdrHistogram - Recorded Latency)
 50.000%   18.99s 
 75.000%   23.63s 
 90.000%   26.44s 
 99.000%   28.15s 
 99.900%   28.33s 
 99.990%   28.36s 
 99.999%   28.36s 
100.000%   28.38s 

  Detailed Percentile spectrum:
       Value   Percentile   TotalCount 1/(1-Percentile)

    9461.759     0.000000            2         1.00
   11386.879     0.100000        16248         1.11
   13279.231     0.200000        32384         1.25
   15155.199     0.300000        48605         1.43
   17088.511     0.400000        64796         1.67
   18989.055     0.500000        80981         2.00
   19922.943     0.550000        89127         2.22
   20856.831     0.600000        97253         2.50
   21790.719     0.650000       105305         2.86
   22708.223     0.700000       113355         3.33
   23625.727     0.750000       121491         4.00
   24100.863     0.775000       125579         4.44
   24575.999     0.800000       129554         5.00
   25067.519     0.825000       133686         5.71
   25526.271     0.850000       137693         6.67
   25985.023     0.875000       141655         8.00
   26230.783     0.887500       143802         8.89
   26443.775     0.900000       145718        10.00
   26673.151     0.912500       147738        11.43
   26918.911     0.925000       149787        13.33
   27164.671     0.937500       151866        16.00
   27279.359     0.943750       152872        17.78
   27394.047     0.950000       153876        20.00
   27508.735     0.956250       154877        22.86
   27623.423     0.962500       155830        26.67
   27754.495     0.968750       156899        32.00
   27820.031     0.971875       157471        35.56
   27869.183     0.975000       157901        40.00
   27934.719     0.978125       158475        45.71
   27983.871     0.981250       158885        53.33
   28049.407     0.984375       159433        64.00
   28082.175     0.985938       159713        71.11
   28098.559     0.987500       159856        80.00
   28131.327     0.989062       160145        91.43
   28164.095     0.990625       160433       106.67
   28196.863     0.992188       160721       128.00
   28213.247     0.992969       160860       142.22
   28229.631     0.993750       161003       160.00
   28229.631     0.994531       161003       182.86
   28246.015     0.995313       161146       213.33
   28262.399     0.996094       161282       256.00
   28278.783     0.996484       161432       284.44
   28278.783     0.996875       161432       320.00
   28295.167     0.997266       161568       365.71
   28295.167     0.997656       161568       426.67
   28295.167     0.998047       161568       512.00
   28311.551     0.998242       161690       568.89
   28311.551     0.998437       161690       640.00
   28311.551     0.998633       161690       731.43
   28311.551     0.998828       161690       853.33
   28327.935     0.999023       161792      1024.00
   28327.935     0.999121       161792      1137.78
   28327.935     0.999219       161792      1280.00
   28327.935     0.999316       161792      1462.86
   28327.935     0.999414       161792      1706.67
   28344.319     0.999512       161841      2048.00
   28344.319     0.999561       161841      2275.56
   28344.319     0.999609       161841      2560.00
   28344.319     0.999658       161841      2925.71
   28344.319     0.999707       161841      3413.33
   28344.319     0.999756       161841      4096.00
   28360.703     0.999780       161875      4551.11
   28360.703     0.999805       161875      5120.00
   28360.703     0.999829       161875      5851.43
   28360.703     0.999854       161875      6826.67
   28360.703     0.999878       161875      8192.00
   28360.703     0.999890       161875      9102.22
   28360.703     0.999902       161875     10240.00
   28360.703     0.999915       161875     11702.86
   28360.703     0.999927       161875     13653.33
   28360.703     0.999939       161875     16384.00
   28360.703     0.999945       161875     18204.44
   28360.703     0.999951       161875     20480.00
   28360.703     0.999957       161875     23405.71
   28360.703     0.999963       161875     27306.67
   28360.703     0.999969       161875     32768.00
   28360.703     0.999973       161875     36408.89
   28360.703     0.999976       161875     40960.00
   28360.703     0.999979       161875     46811.43
   28360.703     0.999982       161875     54613.33
   28360.703     0.999985       161875     65536.00
   28360.703     0.999986       161875     72817.78
   28377.087     0.999988       161877     81920.00
   28377.087     1.000000       161877          inf
#[Mean    =    18938.009, StdDeviation   =     5434.011]
#[Max     =    28360.704, Total count    =       161877]
#[Buckets =           27, SubBuckets     =         2048]
----------------------------------------------------------
  244416 requests in 30.00s, 48.72MB read
Requests/sec:   8146.44
Transfer/sec:      1.62MB
WRKX_RESULT {"durationUs":30002793,"requests":244416,"responses":244416,"errors":0,"bytes":51082944,"latencyAvgUs":18938009.173,"latencyP95Us":27394047.000,"latencyP99Us":28147711.000}
