Running 30s test @ http://localhost:9991/
  16 threads and 256 connections
  Thread calibration: mean lat.: 4480.731ms, rate sampling interval: 16105ms
  Thread calibration: mean lat.: 4474.168ms, rate sampling interval: 16089ms
  Thread calibration: mean lat.: 4476.937ms, rate sampling interval: 16097ms
  Thread calibration: mean lat.: 4477.785ms, rate sampling interval: 16097ms
  Thread calibration: mean lat.: 4477.289ms, rate sampling interval: 16097ms
  Thread calibration: mean lat.: 4477.318ms, rate sampling interval: 16105ms
  Thread calibration: mean lat.: 4478.530ms, rate sampling interval: 16097ms
  Thread calibration: mean lat.: 4472.622ms, rate sampling interval: 16089ms
  Thread calibration: mean lat.: 4475.430ms, rate sampling interval: 16097ms
  Thread calibration: mean lat.: 4476.602ms, rate sampling interval: 16097ms
  Thread calibration: mean lat.: 4482.971ms, rate sampling interval: 16105ms
  Thread calibration: mean lat.: 4473.453ms, rate sampling interval: 16097ms
  Thread calibration: mean lat.: 4476.841ms, rate sampling interval: 16105ms
  Thread calibration: mean lat.: 4483.203ms, rate sampling interval: 16097ms
  Thread calibration: mean lat.: 4485.464ms, rate sampling interval: 16105ms
  Thread calibration: mean lat.: 4482.183ms, rate sampling interval: 16105ms
  Thread Stats   Avg      Stdev     Max   +/- Stdev
    Latency    17.84s     5.17s   26.77s    57.29%
    Req/Sec   496.75      0.43   497.00    100.00%
  Latency Distribution (HdrHistogram - Recorded Latency)
 50.000%   17.86s 
 75.000%   22.35s 
 90.000%   25.02s 
 99.000%   26.57s 
 99.900%   26.74s 
 99.990%   26.77s 
 99.999%   26.77s 
100.000%   26.79s 

  Detailed Percentile spectrum:
       Value   Percentile   TotalCount 1/(1-Percentile)

    8904.703     0.000000            1         1.00
   10715.135     0.100000        15971         1.11
   12435.455     0.200000        31859         1.25
   14204.927     0.300000        47703         1.43
   16015.359     0.400000        63611         1.67
   17858.559     0.500000        79622         2.00
   18743.295     0.550000        87469         2.22
   19644.415     0.600000        95464         2.50
   20545.535     0.650000       103433         2.86
   21463.039     0.700000       111403         3.33
   22347.775     0.750000       119309         4.00
   22806.527     0.775000       123250         4.44
   23248.895     0.800000       127235         5.00
   23674.879     0.825000       131180         5.71
   24166.399     0.850000       135214         6.67
   24608.767     0.875000       139140         8.00
   24821.759     0.887500       141187         8.89
   25018.367     0.900000       143102        10.00
   25231.359     0.912500       145151        11.43
   25444.351     0.925000       147082        13.33
   25673.727     0.937500       149095        16.00
   25788.415     0.943750       150150        17.78
   25886.719     0.950000       151055        20.00
   26001.407     0.956250       152149        22.86
   26099.711     0.962500       153081        26.67
   26214.399     0.968750       154165        32.00
   26263.551     0.971875       154622        35.56
   26312.703     0.975000       155072        40.00
   26361.855     0.978125       155514        45.71
   26427.391     0.981250       156112        53.33
   26476.543     0.984375       156564        64.00
   26509.311     0.985938       156854        71.11
   26542.079     0.987500       157142        80.00
   26558.463     0.989062       157295        91.43
   26591.231     0.990625       157578       106.67
   26623.999     0.992188       157866       128.00
   26640.383     0.992969       158003       142.22
   26640.383     0.993750       158003       160.00
   26656.767     0.994531       158158       182.86
   26673.151     0.995313       158293       213.33
   26689.535     0.996094       158452       256.00
   26689.535     0.996484       158452       284.44
   26705.919     0.996875       158601       320.00
   26705.919     0.997266       158601       365.71
   26722.303     0.997656       158749       426.67
   26722.303     0.998047       158749       512.00
   26722.303     0.998242       158749       568.89
   26722.303     0.998437       158749       640.00
   26738.687     0.998633       158868       731.43
   26738.687     0.998828       158868       853.33
   26738.687     0.999023       158868      1024.00
   26738.687     0.999121       158868      1137.78
   26738.687     0.999219       158868      1280.00
   26755.071     0.999316       158944      1462.86
   26755.071     0.999414       158944      1706.67
   26755.071     0.999512       158944      2048.00
   26755.071     0.999561       158944      2275.56
   26755.071     0.999609       158944      2560.00
   26755.071     0.999658       158944      2925.71
   26755.071     0.999707       158944      3413.33
   26771.455     0.999756       158985      4096.00
   26771.455     0.999780       158985      4551.11
   26771.455     0.999805       158985      5120.00
   26771.455     0.999829       158985      5851.43
   26771.455     0.999854       158985      6826.67
   26771.455     0.999878       158985      8192.00
   26771.455     0.999890       158985      9102.22
   26771.455     0.999902       158985     10240.00
   26771.455     0.999915       158985     11702.86
   26771.455     0.999927       158985     13653.33
   26771.455     0.999939       158985     16384.00
   26771.455     0.999945       158985     18204.44
   26771.455     0.999951       158985     20480.00
   26771.455     0.999957       158985     23405.71
   26771.455     0.999963       158985     27306.67
   26771.455     0.999969       158985     32768.00
   26771.455     0.999973       158985     36408.89
   26771.455     0.999976       158985     40960.00
   26771.455     0.999979       158985     46811.43
   26771.455     0.999982       158985     54613.33
   26771.455     0.999985       158985     65536.00
   26771.455     0.999986       158985     72817.78
   26771.455     0.999988       158985     81920.00
   26771.455     0.999989       158985     93622.86
   26771.455     0.999991       158985    109226.67
   26771.455     0.999992       158985    131072.00
   26771.455     0.999993       158985    145635.56
   26787.839     0.999994       158986    163840.00
   26787.839     1.000000       158986          inf
#[Mean    =    17839.111, StdDeviation   =     5173.283]
#[Max     =    26771.456, Total count    =       158986]
#[Buckets =           27, SubBuckets     =         2048]
----------------------------------------------------------
  241309 requests in 30.00s, 48.10MB read
Requests/sec:   8042.49
Transfer/sec:      1.60MB
WRKX_RESULT {"durationUs":30004260,"requests":241309,"responses":241309,"errors":0,"bytes":50433581,"latencyAvgUs":17839111.458,"latencyP95Us":25886719.000,"latencyP99Us":26574847.000}
