Running 30s test @ http://localhost:9991/
  16 threads and 256 connections
  Thread calibration: mean lat.: 3.443ms, rate sampling interval: 10ms
  Thread calibration: mean lat.: 3.603ms, rate sampling interval: 11ms
  Thread calibration: mean lat.: 3.536ms, rate sampling interval: 10ms
  Thread calibration: mean lat.: 3.544ms, rate sampling interval: 11ms
  Thread calibration: mean lat.: 3.560ms, rate sampling interval: 11ms
  Thread calibration: mean lat.: 3.604ms, rate sampling interval: 11ms
  Thread calibration: mean lat.: 3.552ms, rate sampling interval: 11ms
  Thread calibration: mean lat.: 3.515ms, rate sampling interval: 11ms
  Thread calibration: mean lat.: 6.407ms, rate sampling interval: 16ms
  Thread calibration: mean lat.: 3.713ms, rate sampling interval: 11ms
  Thread calibration: mean lat.: 3.706ms, rate sampling interval: 11ms
  Thread calibration: mean lat.: 3.704ms, rate sampling interval: 11ms
  Thread calibration: mean lat.: 3.713ms, rate sampling interval: 11ms
  Thread calibration: mean lat.: 3.756ms, rate sampling interval: 11ms
  Thread calibration: mean lat.: 3.707ms, rate sampling interval: 11ms
  Thread calibration: mean lat.: 3.638ms, rate sampling interval: 11ms
  Thread Stats   Avg      Stdev     Max   +/- Stdev
    Latency     3.78ms    1.58ms  13.43ms   74.46%
    Req/Sec   327.41    128.92     1.07k    82.80%
  Latency Distribution (HdrHistogram - Recorded Latency)
 50.000%    3.32ms
 75.000%    4.55ms
 90.000%    6.11ms
 99.000%    8.73ms
 99.900%   10.38ms
 99.990%   11.69ms
 99.999%   12.96ms
100.000%   13.44ms

  Detailed Percentile spectrum:
       Value   Percentile   TotalCount 1/(1-Percentile)

       1.389     0.000000            1         1.00
       2.201     0.100000         9977         1.11
       2.491     0.200000        19978         1.25
       2.743     0.300000        29899         1.43
       3.005     0.400000        39889         1.67
       3.321     0.500000        49844         2.00
       3.507     0.550000        54793         2.22
       3.711     0.600000        59761         2.50
       3.953     0.650000        64761         2.86
       4.231     0.700000        69730         3.33
       4.547     0.750000        74727         4.00
       4.735     0.775000        77196         4.44
       4.939     0.800000        79681         5.00
       5.171     0.825000        82162         5.71
       5.451     0.850000        84687         6.67
       5.771     0.875000        87151         8.00
       5.943     0.887500        88386         8.89
       6.115     0.900000        89644        10.00
       6.291     0.912500        90875        11.43
       6.503     0.925000        92140        13.33
       6.755     0.937500        93365        16.00
       6.895     0.943750        94004        17.78
       7.035     0.950000        94610        20.00
       7.195     0.956250        95234        22.86
       7.399     0.962500        95860        26.67
       7.595     0.968750        96477        32.00
       7.707     0.971875        96793        35.56
       7.827     0.975000        97101        40.00
       7.967     0.978125        97410        45.71
       8.123     0.981250        97721        53.33
       8.319     0.984375        98038        64.00
       8.423     0.985938        98195        71.11
       8.551     0.987500        98348        80.00
       8.647     0.989062        98510        91.43
       8.783     0.990625        98656       106.67
       8.919     0.992188        98814       128.00
       9.007     0.992969        98889       142.22
       9.095     0.993750        98967       160.00
       9.223     0.994531        99048       182.86
       9.343     0.995313        99129       213.33
       9.439     0.996094        99200       256.00
       9.519     0.996484        99244       284.44
       9.575     0.996875        99278       320.00
       9.679     0.997266        99322       365.71
       9.767     0.997656        99355       426.67
       9.903     0.998047        99395       512.00
       9.943     0.998242        99414       568.89
       9.999     0.998437        99433       640.00
      10.079     0.998633        99455       731.43
      10.287     0.998828        99474       853.33
      10.423     0.999023        99492      1024.00
      10.479     0.999121        99501      1137.78
      10.615     0.999219        99511      1280.00
      10.783     0.999316        99520      1462.86
      10.887     0.999414        99530      1706.67
      11.047     0.999512        99540      2048.00
      11.111     0.999561        99545      2275.56
      11.207     0.999609        99550      2560.00
      11.319     0.999658        99555      2925.71
      11.375     0.999707        99559      3413.33
      11.431     0.999756        99564      4096.00
      11.439     0.999780        99567      4551.11
      11.463     0.999805        99569      5120.00
      11.487     0.999829        99571      5851.43
      11.543     0.999854        99574      6826.67
      11.591     0.999878        99576      8192.00
      11.695     0.999890        99578      9102.22
      11.743     0.999902        99580     10240.00
      11.743     0.999915        99580     11702.86
      11.751     0.999927        99581     13653.33
      11.767     0.999939        99582     16384.00
      11.783     0.999945        99583     18204.44
      11.799     0.999951        99584     20480.00
      11.799     0.999957        99584     23405.71
      12.095     0.999963        99585     27306.67
      12.095     0.999969        99585     32768.00
      12.199     0.999973        99586     36408.89
      12.199     0.999976        99586     40960.00
      12.199     0.999979        99586     46811.43
      12.959     0.999982        99587     54613.33
      12.959     0.999985        99587     65536.00
      12.959     0.999986        99587     72817.78
      12.959     0.999988        99587     81920.00
      12.959     0.999989        99587     93622.86
      13.439     0.999991        99588    109226.67
      13.439     1.000000        99588          inf
#[Mean    =        3.777, StdDeviation   =        1.583]
#[Max     =       13.432, Total count    =        99588]
#[Buckets =           27, SubBuckets     =         2048]
----------------------------------------------------------
  149627 requests in 30.03s, 29.82MB read
Requests/sec:   4982.25
Transfer/sec:      0.99MB
WRKX_RESULT {"durationUs":30032011,"requests":149627,"responses":149627,"errors":0,"bytes":31272043,"latencyAvgUs":3776.590,"latencyP95Us":7035.000,"latencyP99Us":8727.000}
