Running 30s test @ http://localhost:9991/
  16 threads and 256 connections
  Thread calibration: mean lat.: 2892.231ms, rate sampling interval: 10575ms
  Thread calibration: mean lat.: 2890.531ms, rate sampling interval: 10592ms
  Thread calibration: mean lat.: 2888.591ms, rate sampling interval: 10559ms
  Thread calibration: mean lat.: 2886.772ms, rate sampling interval: 10567ms
  Thread calibration: mean lat.: 2887.731ms, rate sampling interval: 10559ms
  Thread calibration: mean lat.: 2887.931ms, rate sampling interval: 10575ms
  Thread calibration: mean lat.: 2895.981ms, rate sampling interval: 10575ms
  Thread calibration: mean lat.: 2891.514ms, rate sampling interval: 10575ms
  Thread calibration: mean lat.: 2891.112ms, rate sampling interval: 10567ms
  Thread calibration: mean lat.: 2891.072ms, rate sampling interval: 10575ms
  Thread calibration: mean lat.: 2890.373ms, rate sampling interval: 10559ms
  Thread calibration: mean lat.: 2655.166ms, rate sampling interval: 9617ms
  Thread calibration: mean lat.: 2888.599ms, rate sampling interval: 10567ms
  Thread calibration: mean lat.: 2891.966ms, rate sampling interval: 10567ms
  Thread calibration: mean lat.: 2889.803ms, rate sampling interval: 10567ms
  Thread calibration: mean lat.: 2902.900ms, rate sampling interval: 10592ms
  Thread Stats   Avg      Stdev     Max   +/- Stdev
    Latency    11.83s     3.46s   17.84s    57.80%
    Req/Sec   500.88      0.96   504.00     94.12%
  Latency Distribution (HdrHistogram - Recorded Latency)
 50.000%   11.83s 
 75.000%   14.83s 
 90.000%   16.65s 
 99.000%   17.68s 
 99.900%   17.81s 
 99.990%   17.84s 
 99.999%   17.86s 
100.000%   17.86s 

  Detailed Percentile spectrum:
       Value   Percentile   TotalCount 1/(1-Percentile)

    5345.279     0.000000            1         1.00
    7041.023     0.100000        16049         1.11
    8228.863     0.200000        32103         1.25
    9404.415     0.300000        48174         1.43
   10633.215     0.400000        64162         1.67
   11829.247     0.500000        80178         2.00
   12435.455     0.550000        88200         2.22
   13041.663     0.600000        96209         2.50
   13639.679     0.650000       104297         2.86
   14204.927     0.700000       112350         3.33
   14827.519     0.750000       120282         4.00
   15130.623     0.775000       124256         4.44
   15417.343     0.800000       128280         5.00
   15745.023     0.825000       132376         5.71
   16048.127     0.850000       136364         6.67
   16343.039     0.875000       140293         8.00
   16498.687     0.887500       142295         8.89
   16646.143     0.900000       144358        10.00
   16793.599     0.912500       146375        11.43
   16957.439     0.925000       148504        13.33
   17072.127     0.937500       150317        16.00
   17137.663     0.943750       151367        17.78
   17203.199     0.950000       152353        20.00
   17285.119     0.956250       153515        22.86
   17350.655     0.962500       154390        26.67
   17432.575     0.968750       155508        32.00
   17465.343     0.971875       155927        35.56
   17498.111     0.975000       156333        40.00
   17547.263     0.978125       156986        45.71
   17580.031     0.981250       157456        53.33
   17612.799     0.984375       157931        64.00
   17629.183     0.985938       158160        71.11
   17645.567     0.987500       158380        80.00
   17661.951     0.989062       158615        91.43
   17678.335     0.990625       158835       106.67
   17711.103     0.992188       159255       128.00
   17711.103     0.992969       159255       142.22
   17727.487     0.993750       159473       160.00
   17727.487     0.994531       159473       182.86
   17743.871     0.995313       159677       213.33
   17760.255     0.996094       159875       256.00
   17760.255     0.996484       159875       284.44
   17760.255     0.996875       159875       320.00
   17776.639     0.997266       160038       365.71
   17776.639     0.997656       160038       426.67
   17776.639     0.998047       160038       512.00
   17793.023     0.998242       160157       568.89
   17793.023     0.998437       160157       640.00
   17793.023     0.998633       160157       731.43
   17793.023     0.998828       160157       853.33
   17809.407     0.999023       160243      1024.00
   17809.407     0.999121       160243      1137.78
   17809.407     0.999219       160243      1280.00
   17809.407     0.999316       160243      1462.86
   17809.407     0.999414       160243      1706.67
   17825.791     0.999512       160298      2048.00
   17825.791     0.999561       160298      2275.56
   17825.791     0.999609       160298      2560.00
   17825.791     0.999658       160298      2925.71
   17825.791     0.999707       160298      3413.33
   17825.791     0.999756       160298      4096.00
   17825.791     0.999780       160298      4551.11
   17825.791     0.999805       160298      5120.00
   17842.175     0.999829       160322      5851.43
   17842.175     0.999854       160322      6826.67
   17842.175     0.999878       160322      8192.00
   17842.175     0.999890       160322      9102.22
   17842.175     0.999902       160322     10240.00
   17842.175     0.999915       160322     11702.86
   17842.175     0.999927       160322     13653.33
   17842.175     0.999939       160322     16384.00
   17842.175     0.999945       160322     18204.44
   17842.175     0.999951       160322     20480.00
   17842.175     0.999957       160322     23405.71
   17842.175     0.999963       160322     27306.67
   17842.175     0.999969       160322     32768.00
   17842.175     0.999973       160322     36408.89
   17858.559     0.999976       160326     40960.00
   17858.559     1.000000       160326          inf
#[Mean    =    11825.386, StdDeviation   =     3463.919]
#[Max     =    17842.176, Total count    =       160326]
#[Buckets =           27, SubBuckets     =         2048]
----------------------------------------------------------
  243056 requests in 30.00s, 48.45MB read
Requests/sec:   8101.05
Transfer/sec:      1.61MB
WRKX_RESULT {"durationUs":30003034,"requests":243056,"responses":243056,"errors":0,"bytes":50798704,"latencyAvgUs":11825386.236,"latencyP95Us":17203199.000,"latencyP99Us":17678335.000}
