Running 30s test @ http://localhost:9991/
  16 threads and 256 connections
  Thread calibration: mean lat.: 2330.748ms, rate sampling interval: 8388ms
  Thread calibration: mean lat.: 2332.580ms, rate sampling interval: 8404ms
  Thread calibration: mean lat.: 2329.774ms, rate sampling interval: 8404ms
  Thread calibration: mean lat.: 2329.305ms, rate sampling interval: 8388ms
  Thread calibration: mean lat.: 2330.860ms, rate sampling interval: 8396ms
  Thread calibration: mean lat.: 2331.290ms, rate sampling interval: 8404ms
  Thread calibration: mean lat.: 2331.908ms, rate sampling interval: 8404ms
  Thread calibration: mean lat.: 2336.858ms, rate sampling interval: 8413ms
  Thread calibration: mean lat.: 2331.333ms, rate sampling interval: 8404ms
  Thread calibration: mean lat.: 2330.817ms, rate sampling interval: 8404ms
  Thread calibration: mean lat.: 2329.056ms, rate sampling interval: 8388ms
  Thread calibration: mean lat.: 2331.816ms, rate sampling interval: 8388ms
  Thread calibration: mean lat.: 2328.523ms, rate sampling interval: 8396ms
  Thread calibration: mean lat.: 2331.133ms, rate sampling interval: 8384ms
  Thread calibration: mean lat.: 2330.243ms, rate sampling interval: 8396ms
  Thread calibration: mean lat.: 2327.773ms, rate sampling interval: 8396ms
  Thread Stats   Avg      Stdev     Max   +/- Stdev
    Latency     9.24s     2.55s   13.71s    58.57%
    Req/Sec   515.44      9.33   526.00     87.50%
  Latency Distribution (HdrHistogram - Recorded Latency)
 50.000%    9.26s 
 75.000%   11.44s 
 90.000%   12.78s 
 99.000%   13.57s 
 99.900%   13.66s 
 99.990%   13.69s 
 99.999%   13.71s 
100.000%   13.71s 

  Detailed Percentile spectrum:
       Value   Percentile   TotalCount 1/(1-Percentile)

    4644.863     0.000000            1         1.00
    5656.575     0.100000        16489         1.11
    6643.711     0.200000        32909         1.25
    7528.447     0.300000        49367         1.43
    8413.183     0.400000        65815         1.67
    9256.959     0.500000        82262         2.00
    9674.751     0.550000        90474         2.22
   10084.351     0.600000        98756         2.50
   10543.103     0.650000       107012         2.86
   10977.279     0.700000       115136         3.33
   11436.031     0.750000       123416         4.00
   11657.215     0.775000       127521         4.44
   11870.207     0.800000       131684         5.00
   12083.199     0.825000       135790         5.71
   12296.191     0.850000       139847         6.67
   12541.951     0.875000       143940         8.00
   12664.831     0.887500       146048         8.89
   12779.519     0.900000       148077        10.00
   12886.015     0.912500       150083        11.43
   13000.703     0.925000       152221        13.33
   13099.007     0.937500       154167        16.00
   13156.351     0.943750       155193        17.78
   13221.887     0.950000       156286        20.00
   13279.231     0.956250       157267        22.86
   13336.575     0.962500       158270        26.67
   13393.919     0.968750       159330        32.00
   13426.687     0.971875       159949        35.56
   13451.263     0.975000       160386        40.00
   13475.839     0.978125       160854        45.71
   13500.415     0.981250       161349        53.33
   13524.991     0.984375       161882        64.00
   13541.375     0.985938       162263        71.11
   13549.567     0.987500       162432        80.00
   13565.951     0.989062       162793        91.43
   13574.143     0.990625       162967       106.67
   13590.527     0.992188       163311       128.00
   13590.527     0.992969       163311       142.22
   13598.719     0.993750       163480       160.00
   13606.911     0.994531       163618       182.86
   13615.103     0.995313       163762       213.33
   13623.295     0.996094       163897       256.00
   13623.295     0.996484       163897       284.44
   13631.487     0.996875       164019       320.00
   13631.487     0.997266       164019       365.71
   13639.679     0.997656       164121       426.67
   13639.679     0.998047       164121       512.00
   13647.871     0.998242       164208       568.89
   13647.871     0.998437       164208       640.00
   13647.871     0.998633       164208       731.43
   13656.063     0.998828       164273       853.33
   13656.063     0.999023       164273      1024.00
   13664.255     0.999121       164333      1137.78
   13664.255     0.999219       164333      1280.00
   13664.255     0.999316       164333      1462.86
   13664.255     0.999414       164333      1706.67
   13672.447     0.999512       164372      2048.00
   13672.447     0.999561       164372      2275.56
   13672.447     0.999609       164372      2560.00
   13672.447     0.999658       164372      2925.71
   13680.639     0.999707       164392      3413.33
   13680.639     0.999756       164392      4096.00
   13680.639     0.999780       164392      4551.11
   13680.639     0.999805       164392      5120.00
   13688.831     0.999829       164409      5851.43
   13688.831     0.999854       164409      6826.67
   13688.831     0.999878       164409      8192.00
   13688.831     0.999890       164409      9102.22
   13688.831     0.999902       164409     10240.00
   13688.831     0.999915       164409     11702.86
   13697.023     0.999927       164418     13653.33
   13697.023     0.999939       164418     16384.00
   13697.023     0.999945       164418     18204.44
   13697.023     0.999951       164418     20480.00
   13697.023     0.999957       164418     23405.71
   13697.023     0.999963       164418     27306.67
   13697.023     0.999969       164418     32768.00
   13705.215     0.999973       164422     36408.89
   13705.215     0.999976       164422     40960.00
   13705.215     0.999979       164422     46811.43
   13705.215     0.999982       164422     54613.33
   13705.215     0.999985       164422     65536.00
   13705.215     0.999986       164422     72817.78
   13705.215     0.999988       164422     81920.00
   13705.215     0.999989       164422     93622.86
   13705.215     0.999991       164422    109226.67
   13705.215     0.999992       164422    131072.00
   13705.215     0.999993       164422    145635.56
   13705.215     0.999994       164422    163840.00
   13713.407     0.999995       164423    187245.71
   13713.407     1.000000       164423          inf
#[Mean    =     9236.386, StdDeviation   =     2550.147]
#[Max     =    13705.216, Total count    =       164423]
#[Buckets =           27, SubBuckets     =         2048]
----------------------------------------------------------
  244983 requests in 30.00s, 48.83MB read
Requests/sec:   8165.16
Transfer/sec:      1.63MB
WRKX_RESULT {"durationUs":30003458,"requests":244983,"responses":244983,"errors":0,"bytes":51201447,"latencyAvgUs":9236385.586,"latencyP95Us":13221887.000,"latencyP99Us":13565951.000}
