Running 30s test @ http://localhost:9991/postgres/orders
  16 threads and 256 connections
  Thread calibration: mean lat.: 3495.576ms, rate sampling interval: 12648ms
  Thread calibration: mean lat.: 3501.888ms, rate sampling interval: 12664ms
  Thread calibration: mean lat.: 3496.682ms, rate sampling interval: 12656ms
  Thread calibration: mean lat.: 3493.468ms, rate sampling interval: 12640ms
  Thread calibration: mean lat.: 3490.153ms, rate sampling interval: 12648ms
  Thread calibration: mean lat.: 3499.803ms, rate sampling interval: 12673ms
  Thread calibration: mean lat.: 3494.418ms, rate sampling interval: 12664ms
  Thread calibration: mean lat.: 3492.133ms, rate sampling interval: 12648ms
  Thread calibration: mean lat.: 3492.338ms, rate sampling interval: 12640ms
  Thread calibration: mean lat.: 3495.803ms, rate sampling interval: 12648ms
  Thread calibration: mean lat.: 3499.961ms, rate sampling interval: 12664ms
  Thread calibration: mean lat.: 3500.719ms, rate sampling interval: 12664ms
  Thread calibration: mean lat.: 3498.579ms, rate sampling interval: 12648ms
  Thread calibration: mean lat.: 3498.101ms, rate sampling interval: 12656ms
  Thread calibration: mean lat.: 3502.586ms, rate sampling interval: 12656ms
  Thread calibration: mean lat.: 3512.172ms, rate sampling interval: 12664ms
  Thread Stats   Avg      Stdev     Max   +/- Stdev
    Latency    14.18s     4.02s   21.05s    57.94%
    Req/Sec   274.25      0.43   275.00    100.00%
  Latency Distribution (HdrHistogram - Recorded Latency)
 50.000%   14.25s 
 75.000%   17.66s 
 90.000%   19.64s 
 99.000%   20.91s 
 99.900%   21.04s 
 99.990%   21.05s 
 99.999%   21.07s 
100.000%   21.07s 

  Detailed Percentile spectrum:
       Value   Percentile   TotalCount 1/(1-Percentile)

    7049.215     0.000000            2         1.00
    8519.679     0.100000         8945         1.11
    9953.279     0.200000        17859         1.25
   11427.839     0.300000        26797         1.43
   12910.591     0.400000        35751         1.67
   14254.079     0.500000        44640         2.00
   14950.399     0.550000        49117         2.22
   15679.487     0.600000        53571         2.50
   16400.383     0.650000        58038         2.86
   17055.743     0.700000        62502         3.33
   17661.951     0.750000        66998         4.00
   17973.247     0.775000        69197         4.44
   18284.543     0.800000        71433         5.00
   18595.839     0.825000        73651         5.71
   18939.903     0.850000        75891         6.67
   19300.351     0.875000        78117         8.00
   19480.575     0.887500        79293         8.89
   19644.415     0.900000        80383        10.00
   19808.255     0.912500        81500        11.43
   19988.479     0.925000        82646        13.33
   20152.319     0.937500        83708        16.00
   20250.623     0.943750        84274        17.78
   20348.927     0.950000        84904        20.00
   20430.847     0.956250        85383        22.86
   20512.767     0.962500        85920        26.67
   20611.071     0.968750        86504        32.00
   20660.223     0.971875        86807        35.56
   20709.375     0.975000        87127        40.00
   20742.143     0.978125        87342        45.71
   20791.295     0.981250        87639        53.33
   20840.447     0.984375        87972        64.00
   20856.831     0.985938        88068        71.11
   20873.215     0.987500        88175        80.00
   20889.599     0.989062        88290        91.43
   20922.367     0.990625        88523       106.67
   20938.751     0.992188        88632       128.00
   20955.135     0.992969        88747       142.22
   20955.135     0.993750        88747       160.00
   20971.519     0.994531        88846       182.86
   20987.903     0.995313        88952       213.33
   20987.903     0.996094        88952       256.00
   20987.903     0.996484        88952       284.44
   21004.287     0.996875        89050       320.00
   21004.287     0.997266        89050       365.71
   21020.671     0.997656        89150       426.67
   21020.671     0.998047        89150       512.00
   21020.671     0.998242        89150       568.89
   21020.671     0.998437        89150       640.00
   21020.671     0.998633        89150       731.43
   21037.055     0.998828        89227       853.33
   21037.055     0.999023        89227      1024.00
   21037.055     0.999121        89227      1137.78
   21037.055     0.999219        89227      1280.00
   21037.055     0.999316        89227      1462.86
   21037.055     0.999414        89227      1706.67
   21037.055     0.999512        89227      2048.00
   21037.055     0.999561        89227      2275.56
   21053.439     0.999609        89257      2560.00
   21053.439     0.999658        89257      2925.71
   21053.439     0.999707        89257      3413.33
   21053.439     0.999756        89257      4096.00
   21053.439     0.999780        89257      4551.11
   21053.439     0.999805        89257      5120.00
   21053.439     0.999829        89257      5851.43
   21053.439     0.999854        89257      6826.67
   21053.439     0.999878        89257      8192.00
   21053.439     0.999890        89257      9102.22
   21053.439     0.999902        89257     10240.00
   21069.823     0.999915        89265     11702.86
   21069.823     1.000000        89265          inf
#[Mean    =    14175.631, StdDeviation   =     4021.959]
#[Max     =    21053.440, Total count    =        89265]
#[Buckets =           27, SubBuckets     =         2048]
----------------------------------------------------------
  133972 requests in 30.01s, 1.78GB read
Requests/sec:   4463.82
Transfer/sec:     60.62MB
WRKX_RESULT {"durationUs":30012889,"requests":133972,"responses":133972,"errors":0,"bytes":1907895252,"latencyAvgUs":14175631.287,"latencyP95Us":20348927.000,"latencyP99Us":20905983.000}
