Running 30s test @ http://localhost:9991/postgres/orders
  16 threads and 256 connections
  Thread calibration: mean lat.: 4057.656ms, rate sampling interval: 14696ms
  Thread calibration: mean lat.: 4061.973ms, rate sampling interval: 14712ms
  Thread calibration: mean lat.: 4060.332ms, rate sampling interval: 14696ms
  Thread calibration: mean lat.: 4058.491ms, rate sampling interval: 14712ms
  Thread calibration: mean lat.: 4059.215ms, rate sampling interval: 14712ms
  Thread calibration: mean lat.: 4057.937ms, rate sampling interval: 14704ms
  Thread calibration: mean lat.: 4053.915ms, rate sampling interval: 14671ms
  Thread calibration: mean lat.: 4057.376ms, rate sampling interval: 14688ms
  Thread calibration: mean lat.: 4058.159ms, rate sampling interval: 14688ms
  Thread calibration: mean lat.: 4061.441ms, rate sampling interval: 14712ms
  Thread calibration: mean lat.: 4055.357ms, rate sampling interval: 14688ms
  Thread calibration: mean lat.: 4055.001ms, rate sampling interval: 14680ms
  Thread calibration: mean lat.: 4052.630ms, rate sampling interval: 14688ms
  Thread calibration: mean lat.: 4066.104ms, rate sampling interval: 14696ms
  Thread calibration: mean lat.: 4065.553ms, rate sampling interval: 14696ms
  Thread calibration: mean lat.: 4060.479ms, rate sampling interval: 14704ms
  Thread Stats   Avg      Stdev     Max   +/- Stdev
    Latency    16.41s     4.72s   24.58s    57.88%
    Req/Sec   278.00      0.00   278.00    100.00%
  Latency Distribution (HdrHistogram - Recorded Latency)
 50.000%   16.41s 
 75.000%   20.53s 
 90.000%   22.97s 
 99.000%   24.41s 
 99.900%   24.56s 
 99.990%   24.58s 
 99.999%   24.59s 
100.000%   24.59s 

  Detailed Percentile spectrum:
       Value   Percentile   TotalCount 1/(1-Percentile)

    8167.423     0.000000            1         1.00
    9871.359     0.100000         8913         1.11
   11517.951     0.200000        17794         1.25
   13139.967     0.300000        26722         1.43
   14802.943     0.400000        35596         1.67
   16408.575     0.500000        44500         2.00
   17235.967     0.550000        48950         2.22
   18055.167     0.600000        53388         2.50
   18841.599     0.650000        57828         2.86
   19726.335     0.700000        62345         3.33
   20529.151     0.750000        66773         4.00
   20922.367     0.775000        68949         4.44
   21331.967     0.800000        71202         5.00
   21725.183     0.825000        73431         5.71
   22134.783     0.850000        75610         6.67
   22544.383     0.875000        77893         8.00
   22757.375     0.887500        79034         8.89
   22970.367     0.900000        80084        10.00
   23183.359     0.912500        81191        11.43
   23396.351     0.925000        82348        13.33
   23592.959     0.937500        83413        16.00
   23707.647     0.943750        84030        17.78
   23805.951     0.950000        84565        20.00
   23904.255     0.956250        85107        22.86
   24002.559     0.962500        85697        26.67
   24084.479     0.968750        86194        32.00
   24133.631     0.971875        86511        35.56
   24182.783     0.975000        86788        40.00
   24231.935     0.978125        87079        45.71
   24281.087     0.981250        87366        53.33
   24313.855     0.984375        87565        64.00
   24346.623     0.985938        87758        71.11
   24363.007     0.987500        87862        80.00
   24395.775     0.989062        88054        91.43
   24412.159     0.990625        88148       106.67
   24444.927     0.992188        88334       128.00
   24444.927     0.992969        88334       142.22
   24461.311     0.993750        88417       160.00
   24477.695     0.994531        88490       182.86
   24494.079     0.995313        88592       213.33
   24510.463     0.996094        88676       256.00
   24510.463     0.996484        88676       284.44
   24510.463     0.996875        88676       320.00
   24526.847     0.997266        88769       365.71
   24526.847     0.997656        88769       426.67
   24543.231     0.998047        88855       512.00
   24543.231     0.998242        88855       568.89
   24543.231     0.998437        88855       640.00
   24543.231     0.998633        88855       731.43
   24543.231     0.998828        88855       853.33
   24559.615     0.999023        88917      1024.00
   24559.615     0.999121        88917      1137.78
   24559.615     0.999219        88917      1280.00
   24559.615     0.999316        88917      1462.86
   24559.615     0.999414        88917      1706.67
   24559.615     0.999512        88917      2048.00
   24559.615     0.999561        88917      2275.56
   24559.615     0.999609        88917      2560.00
   24575.999     0.999658        88946      2925.71
   24575.999     0.999707        88946      3413.33
   24575.999     0.999756        88946      4096.00
   24575.999     0.999780        88946      4551.11
   24575.999     0.999805        88946      5120.00
   24575.999     0.999829        88946      5851.43
   24575.999     0.999854        88946      6826.67
   24575.999     0.999878        88946      8192.00
   24575.999     0.999890        88946      9102.22
   24575.999     0.999902        88946     10240.00
   24575.999     0.999915        88946     11702.86
   24575.999     0.999927        88946     13653.33
   24575.999     0.999939        88946     16384.00
   24592.383     0.999945        88951     18204.44
   24592.383     1.000000        88951          inf
#[Mean    =    16411.815, StdDeviation   =     4724.576]
#[Max     =    24576.000, Total count    =        88951]
#[Buckets =           27, SubBuckets     =         2048]
----------------------------------------------------------
  135136 requests in 30.01s, 1.79GB read
Requests/sec:   4503.66
Transfer/sec:     61.17MB
WRKX_RESULT {"durationUs":30005849,"requests":135136,"responses":135136,"errors":0,"bytes":1924471776,"latencyAvgUs":16411814.751,"latencyP95Us":23805951.000,"latencyP99Us":24412159.000}
