Running 30s test @ http://localhost:9991/postgres/orders
  16 threads and 256 connections
  Thread calibration: mean lat.: 3913.251ms, rate sampling interval: 14016ms
  Thread calibration: mean lat.: 3919.640ms, rate sampling interval: 14032ms
  Thread calibration: mean lat.: 3917.201ms, rate sampling interval: 14008ms
  Thread calibration: mean lat.: 3916.296ms, rate sampling interval: 14024ms
  Thread calibration: mean lat.: 3915.810ms, rate sampling interval: 14008ms
  Thread calibration: mean lat.: 3917.033ms, rate sampling interval: 14008ms
  Thread calibration: mean lat.: 3918.148ms, rate sampling interval: 14016ms
  Thread calibration: mean lat.: 3917.150ms, rate sampling interval: 14016ms
  Thread calibration: mean lat.: 3914.664ms, rate sampling interval: 14032ms
  Thread calibration: mean lat.: 3918.664ms, rate sampling interval: 14024ms
  Thread calibration: mean lat.: 3914.071ms, rate sampling interval: 14016ms
  Thread calibration: mean lat.: 3923.725ms, rate sampling interval: 14032ms
  Thread calibration: mean lat.: 3911.114ms, rate sampling interval: 14016ms
  Thread calibration: mean lat.: 3916.258ms, rate sampling interval: 14041ms
  Thread calibration: mean lat.: 3914.520ms, rate sampling interval: 14016ms
  Thread calibration: mean lat.: 3916.085ms, rate sampling interval: 14008ms
  Thread Stats   Avg      Stdev     Max   +/- Stdev
    Latency    15.53s     4.42s   23.17s    58.00%
    Req/Sec   284.94      0.24   285.00    100.00%
  Latency Distribution (HdrHistogram - Recorded Latency)
 50.000%   15.53s 
 75.000%   19.37s 
 90.000%   21.66s 
 99.000%   22.99s 
 99.900%   23.13s 
 99.990%   23.17s 
 99.999%   23.18s 
100.000%   23.18s 

  Detailed Percentile spectrum:
       Value   Percentile   TotalCount 1/(1-Percentile)

    7774.207     0.000000            2         1.00
    9371.647     0.100000         9179         1.11
   10969.087     0.200000        18340         1.25
   12533.759     0.300000        27437         1.43
   14082.047     0.400000        36630         1.67
   15532.031     0.500000        45759         2.00
   16293.887     0.550000        50344         2.22
   17072.127     0.600000        54956         2.50
   17858.559     0.650000        59532         2.86
   18612.223     0.700000        64024         3.33
   19365.887     0.750000        68630         4.00
   19726.335     0.775000        70930         4.44
   20119.551     0.800000        73202         5.00
   20496.383     0.825000        75489         5.71
   20889.599     0.850000        77809         6.67
   21282.815     0.875000        80116         8.00
   21479.423     0.887500        81255         8.89
   21659.647     0.900000        82385        10.00
   21839.871     0.912500        83466        11.43
   22020.095     0.925000        84628        13.33
   22200.319     0.937500        85791        16.00
   22298.623     0.943750        86399        17.78
   22396.927     0.950000        86966        20.00
   22478.847     0.956250        87474        22.86
   22577.151     0.962500        88063        26.67
   22675.455     0.968750        88645        32.00
   22724.607     0.971875        88933        35.56
   22773.759     0.975000        89256        40.00
   22822.911     0.978125        89545        45.71
   22855.679     0.981250        89753        53.33
   22904.831     0.984375        90059        64.00
   22921.215     0.985938        90171        71.11
   22953.983     0.987500        90349        80.00
   22986.751     0.989062        90555        91.43
   23003.135     0.990625        90659       106.67
   23019.519     0.992188        90749       128.00
   23035.903     0.992969        90849       142.22
   23052.287     0.993750        90948       160.00
   23068.671     0.994531        91048       182.86
   23068.671     0.995313        91048       213.33
   23085.055     0.996094        91141       256.00
   23085.055     0.996484        91141       284.44
   23101.439     0.996875        91227       320.00
   23101.439     0.997266        91227       365.71
   23117.823     0.997656        91328       426.67
   23117.823     0.998047        91328       512.00
   23117.823     0.998242        91328       568.89
   23117.823     0.998437        91328       640.00
   23134.207     0.998633        91400       731.43
   23134.207     0.998828        91400       853.33
   23134.207     0.999023        91400      1024.00
   23134.207     0.999121        91400      1137.78
   23134.207     0.999219        91400      1280.00
   23134.207     0.999316        91400      1462.86
   23150.591     0.999414        91441      1706.67
   23150.591     0.999512        91441      2048.00
   23150.591     0.999561        91441      2275.56
   23150.591     0.999609        91441      2560.00
   23150.591     0.999658        91441      2925.71
   23150.591     0.999707        91441      3413.33
   23150.591     0.999756        91441      4096.00
   23150.591     0.999780        91441      4551.11
   23150.591     0.999805        91441      5120.00
   23150.591     0.999829        91441      5851.43
   23150.591     0.999854        91441      6826.67
   23166.975     0.999878        91452      8192.00
   23166.975     0.999890        91452      9102.22
   23166.975     0.999902        91452     10240.00
   23166.975     0.999915        91452     11702.86
   23166.975     0.999927        91452     13653.33
   23166.975     0.999939        91452     16384.00
   23166.975     0.999945        91452     18204.44
   23166.975     0.999951        91452     20480.00
   23166.975     0.999957        91452     23405.71
   23166.975     0.999963        91452     27306.67
   23166.975     0.999969        91452     32768.00
   23166.975     0.999973        91452     36408.89
   23166.975     0.999976        91452     40960.00
   23183.359     0.999979        91454     46811.43
   23183.359     1.000000        91454          inf
#[Mean    =    15532.990, StdDeviation   =     4416.357]
#[Max     =    23166.976, Total count    =        91454]
#[Buckets =           27, SubBuckets     =         2048]
----------------------------------------------------------
  136545 requests in 30.01s, 1.81GB read
Requests/sec:   4550.49
Transfer/sec:     61.80MB
WRKX_RESULT {"durationUs":30006665,"requests":136545,"responses":136545,"errors":0,"bytes":1944537345,"latencyAvgUs":15532990.364,"latencyP95Us":22396927.000,"latencyP99Us":22986751.000}
