Running 30s test @ http://localhost:9991/postgres/orders
  16 threads and 256 connections
  Thread calibration: mean lat.: 4796.020ms, rate sampling interval: 17268ms
  Thread calibration: mean lat.: 4803.208ms, rate sampling interval: 17285ms
  Thread calibration: mean lat.: 4801.118ms, rate sampling interval: 17285ms
  Thread calibration: mean lat.: 4800.573ms, rate sampling interval: 17285ms
  Thread calibration: mean lat.: 4795.270ms, rate sampling interval: 17285ms
  Thread calibration: mean lat.: 4802.498ms, rate sampling interval: 17285ms
  Thread calibration: mean lat.: 4796.647ms, rate sampling interval: 17268ms
  Thread calibration: mean lat.: 4795.474ms, rate sampling interval: 17252ms
  Thread calibration: mean lat.: 4796.326ms, rate sampling interval: 17268ms
  Thread calibration: mean lat.: 4789.779ms, rate sampling interval: 17268ms
  Thread calibration: mean lat.: 4801.331ms, rate sampling interval: 17285ms
  Thread calibration: mean lat.: 4802.589ms, rate sampling interval: 17285ms
  Thread calibration: mean lat.: 4805.054ms, rate sampling interval: 17285ms
  Thread calibration: mean lat.: 4794.366ms, rate sampling interval: 17268ms
  Thread calibration: mean lat.: 4796.652ms, rate sampling interval: 17285ms
  Thread calibration: mean lat.: 4800.470ms, rate sampling interval: 17268ms
  Thread Stats   Avg      Stdev     Max   +/- Stdev
    Latency    19.08s     5.46s   28.61s    57.65%
    Req/Sec   286.00      0.00   286.00    100.00%
  Latency Distribution (HdrHistogram - Recorded Latency)
 50.000%   19.09s 
 75.000%   23.82s 
 90.000%   26.66s 
 99.000%   28.41s 
 99.900%   28.57s 
 99.990%   28.61s 
 99.999%   28.62s 
100.000%   28.62s 

  Detailed Percentile spectrum:
       Value   Percentile   TotalCount 1/(1-Percentile)

    9551.871     0.000000            2         1.00
   11526.143     0.100000         9141         1.11
   13385.727     0.200000        18226         1.25
   15310.847     0.300000        27342         1.43
   17186.815     0.400000        36448         1.67
   19087.359     0.500000        45559         2.00
   20021.247     0.550000        50112         2.22
   20955.135     0.600000        54684         2.50
   21905.407     0.650000        59223         2.86
   22872.063     0.700000        63740         3.33
   23822.335     0.750000        68307         4.00
   24297.471     0.775000        70622         4.44
   24772.607     0.800000        72942         5.00
   25214.975     0.825000        75151         5.71
   25673.727     0.850000        77403         6.67
   26165.247     0.875000        79701         8.00
   26411.007     0.887500        80840         8.89
   26656.767     0.900000        81984        10.00
   26902.527     0.912500        83161        11.43
   27131.903     0.925000        84229        13.33
   27377.663     0.937500        85401        16.00
   27492.351     0.943750        85949        17.78
   27623.423     0.950000        86563        20.00
   27738.111     0.956250        87117        22.86
   27852.799     0.962500        87647        26.67
   27983.871     0.968750        88261        32.00
   28049.407     0.971875        88563        35.56
   28098.559     0.975000        88784        40.00
   28164.095     0.978125        89068        45.71
   28229.631     0.981250        89376        53.33
   28295.167     0.984375        89682        64.00
   28327.935     0.985938        89821        71.11
   28360.703     0.987500        89974        80.00
   28393.471     0.989062        90125        91.43
   28409.855     0.990625        90202       106.67
   28442.623     0.992188        90349       128.00
   28459.007     0.992969        90436       142.22
   28475.391     0.993750        90518       160.00
   28491.775     0.994531        90599       182.86
   28508.159     0.995313        90682       213.33
   28524.543     0.996094        90758       256.00
   28524.543     0.996484        90758       284.44
   28540.927     0.996875        90841       320.00
   28540.927     0.997266        90841       365.71
   28557.311     0.997656        90920       426.67
   28557.311     0.998047        90920       512.00
   28557.311     0.998242        90920       568.89
   28557.311     0.998437        90920       640.00
   28573.695     0.998633        90989       731.43
   28573.695     0.998828        90989       853.33
   28573.695     0.999023        90989      1024.00
   28573.695     0.999121        90989      1137.78
   28573.695     0.999219        90989      1280.00
   28590.079     0.999316        91028      1462.86
   28590.079     0.999414        91028      1706.67
   28590.079     0.999512        91028      2048.00
   28590.079     0.999561        91028      2275.56
   28590.079     0.999609        91028      2560.00
   28590.079     0.999658        91028      2925.71
   28606.463     0.999707        91048      3413.33
   28606.463     0.999756        91048      4096.00
   28606.463     0.999780        91048      4551.11
   28606.463     0.999805        91048      5120.00
   28606.463     0.999829        91048      5851.43
   28606.463     0.999854        91048      6826.67
   28606.463     0.999878        91048      8192.00
   28606.463     0.999890        91048      9102.22
   28606.463     0.999902        91048     10240.00
   28606.463     0.999915        91048     11702.86
   28622.847     0.999927        91055     13653.33
   28622.847     1.000000        91055          inf
#[Mean    =    19078.367, StdDeviation   =     5464.526]
#[Max     =    28606.464, Total count    =        91055]
#[Buckets =           27, SubBuckets     =         2048]
----------------------------------------------------------
  137735 requests in 30.01s, 1.83GB read
Requests/sec:   4589.51
Transfer/sec:     62.33MB
WRKX_RESULT {"durationUs":30010836,"requests":137735,"responses":137735,"errors":0,"bytes":1961484135,"latencyAvgUs":19078366.794,"latencyP95Us":27623423.000,"latencyP99Us":28409855.000}
