Running 30s test @ http://localhost:9991/postgres/orders
  16 threads and 256 connections
  Thread calibration: mean lat.: 4708.598ms, rate sampling interval: 17006ms
  Thread calibration: mean lat.: 4714.730ms, rate sampling interval: 17022ms
  Thread calibration: mean lat.: 4704.813ms, rate sampling interval: 17006ms
  Thread calibration: mean lat.: 4701.848ms, rate sampling interval: 17006ms
  Thread calibration: mean lat.: 4714.006ms, rate sampling interval: 17022ms
  Thread calibration: mean lat.: 4713.039ms, rate sampling interval: 17022ms
  Thread calibration: mean lat.: 4701.716ms, rate sampling interval: 16990ms
  Thread calibration: mean lat.: 4720.211ms, rate sampling interval: 17022ms
  Thread calibration: mean lat.: 4711.757ms, rate sampling interval: 17022ms
  Thread calibration: mean lat.: 4711.598ms, rate sampling interval: 17022ms
  Thread calibration: mean lat.: 4713.336ms, rate sampling interval: 17022ms
  Thread calibration: mean lat.: 4714.554ms, rate sampling interval: 17006ms
  Thread calibration: mean lat.: 4715.918ms, rate sampling interval: 17022ms
  Thread calibration: mean lat.: 4712.775ms, rate sampling interval: 17039ms
  Thread calibration: mean lat.: 4717.101ms, rate sampling interval: 17022ms
  Thread calibration: mean lat.: 4719.756ms, rate sampling interval: 17039ms
  Thread Stats   Avg      Stdev     Max   +/- Stdev
    Latency    18.77s     5.40s   28.18s    57.83%
    Req/Sec   277.25      0.43   278.00    100.00%
  Latency Distribution (HdrHistogram - Recorded Latency)
 50.000%   18.76s 
 75.000%   23.45s 
 90.000%   26.26s 
 99.000%   28.00s 
 99.900%   28.16s 
 99.990%   28.20s 
 99.999%   28.20s 
100.000%   28.20s 

  Detailed Percentile spectrum:
       Value   Percentile   TotalCount 1/(1-Percentile)

    9396.223     0.000000            1         1.00
   11223.039     0.100000         8875         1.11
   13164.543     0.200000        17714         1.25
   15114.239     0.300000        26564         1.43
   16990.207     0.400000        35428         1.67
   18759.679     0.500000        44255         2.00
   19677.183     0.550000        48658         2.22
   20611.071     0.600000        53090         2.50
   21528.575     0.650000        57506         2.86
   22462.463     0.700000        61975         3.33
   23445.503     0.750000        66400         4.00
   23920.639     0.775000        68564         4.44
   24395.775     0.800000        70812         5.00
   24854.527     0.825000        72998         5.71
   25346.047     0.850000        75237         6.67
   25804.799     0.875000        77393         8.00
   26034.175     0.887500        78511         8.89
   26263.551     0.900000        79618        10.00
   26492.927     0.912500        80719        11.43
   26738.687     0.925000        81858        13.33
   26984.447     0.937500        83002        16.00
   27099.135     0.943750        83533        17.78
   27213.823     0.950000        84057        20.00
   27344.895     0.956250        84639        22.86
   27475.967     0.962500        85180        26.67
   27590.655     0.968750        85713        32.00
   27656.191     0.971875        86018        35.56
   27705.343     0.975000        86241        40.00
   27770.879     0.978125        86539        45.71
   27836.415     0.981250        86858        53.33
   27885.567     0.984375        87087        64.00
   27918.335     0.985938        87237        71.11
   27951.103     0.987500        87404        80.00
   27983.871     0.989062        87549        91.43
   28000.255     0.990625        87636       106.67
   28033.023     0.992188        87776       128.00
   28049.407     0.992969        87864       142.22
   28065.791     0.993750        87948       160.00
   28082.175     0.994531        88015       182.86
   28098.559     0.995313        88099       213.33
   28098.559     0.996094        88099       256.00
   28114.943     0.996484        88192       284.44
   28114.943     0.996875        88192       320.00
   28131.327     0.997266        88258       365.71
   28131.327     0.997656        88258       426.67
   28147.711     0.998047        88338       512.00
   28147.711     0.998242        88338       568.89
   28147.711     0.998437        88338       640.00
   28147.711     0.998633        88338       731.43
   28164.095     0.998828        88396       853.33
   28164.095     0.999023        88396      1024.00
   28164.095     0.999121        88396      1137.78
   28164.095     0.999219        88396      1280.00
   28164.095     0.999316        88396      1462.86
   28164.095     0.999414        88396      1706.67
   28180.479     0.999512        88423      2048.00
   28180.479     0.999561        88423      2275.56
   28180.479     0.999609        88423      2560.00
   28180.479     0.999658        88423      2925.71
   28180.479     0.999707        88423      3413.33
   28180.479     0.999756        88423      4096.00
   28180.479     0.999780        88423      4551.11
   28196.863     0.999805        88442      5120.00
   28196.863     1.000000        88442          inf
#[Mean    =    18770.582, StdDeviation   =     5404.255]
#[Max     =    28180.480, Total count    =        88442]
#[Buckets =           27, SubBuckets     =         2048]
----------------------------------------------------------
  134633 requests in 30.01s, 1.79GB read
Requests/sec:   4486.63
Transfer/sec:     60.93MB
WRKX_RESULT {"durationUs":30007576,"requests":134633,"responses":134633,"errors":0,"bytes":1917308553,"latencyAvgUs":18770582.274,"latencyP95Us":27213823.000,"latencyP99Us":28000255.000}
