Running 30s test @ http://localhost:9991/postgres/orders
  16 threads and 256 connections
  Thread calibration: mean lat.: 4888.768ms, rate sampling interval: 17563ms
  Thread calibration: mean lat.: 4882.034ms, rate sampling interval: 17563ms
  Thread calibration: mean lat.: 4886.724ms, rate sampling interval: 17563ms
  Thread calibration: mean lat.: 4877.043ms, rate sampling interval: 17547ms
  Thread calibration: mean lat.: 4881.580ms, rate sampling interval: 17547ms
  Thread calibration: mean lat.: 4888.688ms, rate sampling interval: 17563ms
  Thread calibration: mean lat.: 4880.771ms, rate sampling interval: 17547ms
  Thread calibration: mean lat.: 4883.628ms, rate sampling interval: 17563ms
  Thread calibration: mean lat.: 4883.118ms, rate sampling interval: 17563ms
  Thread calibration: mean lat.: 4889.115ms, rate sampling interval: 17580ms
  Thread calibration: mean lat.: 4884.712ms, rate sampling interval: 17563ms
  Thread calibration: mean lat.: 4885.663ms, rate sampling interval: 17547ms
  Thread calibration: mean lat.: 4884.447ms, rate sampling interval: 17547ms
  Thread calibration: mean lat.: 4886.716ms, rate sampling interval: 17547ms
  Thread calibration: mean lat.: 4880.897ms, rate sampling interval: 17580ms
  Thread calibration: mean lat.: 4881.805ms, rate sampling interval: 17563ms
  Thread Stats   Avg      Stdev     Max   +/- Stdev
    Latency    19.36s     5.55s   29.08s    57.83%
    Req/Sec   282.50      0.50   283.00    100.00%
  Latency Distribution (HdrHistogram - Recorded Latency)
 50.000%   19.38s 
 75.000%   24.15s 
 90.000%   27.07s 
 99.000%   28.88s 
 99.900%   29.05s 
 99.990%   29.10s 
 99.999%   29.10s 
100.000%   29.10s 

  Detailed Percentile spectrum:
       Value   Percentile   TotalCount 1/(1-Percentile)

    9715.711     0.000000            2         1.00
   11657.215     0.100000         9018         1.11
   13615.103     0.200000        17963         1.25
   15548.415     0.300000        26964         1.43
   17547.263     0.400000        35940         1.67
   19382.271     0.500000        44941         2.00
   20316.159     0.550000        49464         2.22
   21217.279     0.600000        53938         2.50
   22167.551     0.650000        58424         2.86
   23134.207     0.700000        62884         3.33
   24150.015     0.750000        67380         4.00
   24657.919     0.775000        69658         4.44
   25133.055     0.800000        71907         5.00
   25575.423     0.825000        74106         5.71
   26050.559     0.850000        76343         6.67
   26574.847     0.875000        78645         8.00
   26820.607     0.887500        79730         8.89
   27066.367     0.900000        80817        10.00
   27312.127     0.912500        81933        11.43
   27574.271     0.925000        83086        13.33
   27820.031     0.937500        84199        16.00
   27951.103     0.943750        84807        17.78
   28065.791     0.950000        85334        20.00
   28180.479     0.956250        85867        22.86
   28311.551     0.962500        86461        26.67
   28442.623     0.968750        87018        32.00
   28508.159     0.971875        87309        35.56
   28573.695     0.975000        87600        40.00
   28639.231     0.978125        87879        45.71
   28704.767     0.981250        88161        53.33
   28770.303     0.984375        88461        64.00
   28803.071     0.985938        88600        71.11
   28819.455     0.987500        88668        80.00
   28852.223     0.989062        88810        91.43
   28884.991     0.990625        88972       106.67
   28917.759     0.992188        89113       128.00
   28934.143     0.992969        89194       142.22
   28950.527     0.993750        89271       160.00
   28966.911     0.994531        89341       182.86
   28983.295     0.995313        89412       213.33
   28999.679     0.996094        89498       256.00
   28999.679     0.996484        89498       284.44
   29016.063     0.996875        89562       320.00
   29016.063     0.997266        89562       365.71
   29032.447     0.997656        89646       426.67
   29032.447     0.998047        89646       512.00
   29032.447     0.998242        89646       568.89
   29048.831     0.998437        89715       640.00
   29048.831     0.998633        89715       731.43
   29048.831     0.998828        89715       853.33
   29048.831     0.999023        89715      1024.00
   29048.831     0.999121        89715      1137.78
   29065.215     0.999219        89754      1280.00
   29065.215     0.999316        89754      1462.86
   29065.215     0.999414        89754      1706.67
   29065.215     0.999512        89754      2048.00
   29065.215     0.999561        89754      2275.56
   29065.215     0.999609        89754      2560.00
   29081.599     0.999658        89777      2925.71
   29081.599     0.999707        89777      3413.33
   29081.599     0.999756        89777      4096.00
   29081.599     0.999780        89777      4551.11
   29081.599     0.999805        89777      5120.00
   29081.599     0.999829        89777      5851.43
   29081.599     0.999854        89777      6826.67
   29097.983     0.999878        89788      8192.00
   29097.983     1.000000        89788          inf
#[Mean    =    19360.358, StdDeviation   =     5546.086]
#[Max     =    29081.600, Total count    =        89788]
#[Buckets =           27, SubBuckets     =         2048]
----------------------------------------------------------
  135059 requests in 30.01s, 1.79GB read
Requests/sec:   4500.21
Transfer/sec:     61.12MB
WRKX_RESULT {"durationUs":30011692,"requests":135059,"responses":135059,"errors":0,"bytes":1923375219,"latencyAvgUs":19360358.163,"latencyP95Us":28065791.000,"latencyP99Us":28884991.000}
