Running 30s test @ http://localhost:9991/postgres/orders
  16 threads and 256 connections
  Thread calibration: mean lat.: 433.561ms, rate sampling interval: 1659ms
  Thread calibration: mean lat.: 430.698ms, rate sampling interval: 1667ms
  Thread calibration: mean lat.: 433.588ms, rate sampling interval: 1672ms
  Thread calibration: mean lat.: 432.297ms, rate sampling interval: 1662ms
  Thread calibration: mean lat.: 433.206ms, rate sampling interval: 1676ms
  Thread calibration: mean lat.: 478.714ms, rate sampling interval: 1684ms
  Thread calibration: mean lat.: 434.652ms, rate sampling interval: 1671ms
  Thread calibration: mean lat.: 430.125ms, rate sampling interval: 1655ms
  Thread calibration: mean lat.: 437.304ms, rate sampling interval: 1674ms
  Thread calibration: mean lat.: 429.204ms, rate sampling interval: 1651ms
  Thread calibration: mean lat.: 434.157ms, rate sampling interval: 1673ms
  Thread calibration: mean lat.: 429.595ms, rate sampling interval: 1655ms
  Thread calibration: mean lat.: 431.960ms, rate sampling interval: 1665ms
  Thread calibration: mean lat.: 431.411ms, rate sampling interval: 1655ms
  Thread calibration: mean lat.: 428.761ms, rate sampling interval: 1655ms
  Thread calibration: mean lat.: 433.763ms, rate sampling interval: 1666ms
  Thread Stats   Avg      Stdev     Max   +/- Stdev
    Latency     2.24s   787.49ms   3.70s    55.01%
    Req/Sec   270.85      6.04   280.00     67.03%
  Latency Distribution (HdrHistogram - Recorded Latency)
 50.000%    2.25s 
 75.000%    2.93s 
 90.000%    3.33s 
 99.000%    3.55s 
 99.900%    3.61s 
 99.990%    3.65s 
 99.999%    3.69s 
100.000%    3.70s 

  Detailed Percentile spectrum:
       Value   Percentile   TotalCount 1/(1-Percentile)

     896.511     0.000000            1         1.00
    1153.023     0.100000         8693         1.11
    1382.399     0.200000        17342         1.25
    1641.471     0.300000        25969         1.43
    1981.439     0.400000        34604         1.67
    2248.703     0.500000        43295         2.00
    2375.679     0.550000        47564         2.22
    2539.519     0.600000        51908         2.50
    2684.927     0.650000        56209         2.86
    2820.095     0.700000        60591         3.33
    2932.735     0.750000        64879         4.00
    2996.223     0.775000        67040         4.44
    3055.615     0.800000        69206         5.00
    3104.767     0.825000        71346         5.71
    3176.447     0.850000        73507         6.67
    3266.559     0.875000        75724         8.00
    3301.375     0.887500        76809         8.89
    3330.047     0.900000        77887        10.00
    3354.623     0.912500        78912        11.43
    3381.247     0.925000        80055        13.33
    3407.871     0.937500        81104        16.00
    3422.207     0.943750        81611        17.78
    3438.591     0.950000        82165        20.00
    3454.975     0.956250        82703        22.86
    3471.359     0.962500        83242        26.67
    3487.743     0.968750        83772        32.00
    3497.983     0.971875        84100        35.56
    3506.175     0.975000        84357        40.00
    3514.367     0.978125        84617        45.71
    3522.559     0.981250        84874        53.33
    3532.799     0.984375        85167        64.00
    3536.895     0.985938        85273        71.11
    3543.039     0.987500        85438        80.00
    3547.135     0.989062        85548        91.43
    3553.279     0.990625        85678       106.67
    3559.423     0.992188        85817       128.00
    3563.519     0.992969        85880       142.22
    3567.615     0.993750        85966       160.00
    3571.711     0.994531        86028       182.86
    3575.807     0.995313        86090       213.33
    3579.903     0.996094        86140       256.00
    3581.951     0.996484        86168       284.44
    3586.047     0.996875        86219       320.00
    3588.095     0.997266        86240       365.71
    3592.191     0.997656        86280       426.67
    3596.287     0.998047        86308       512.00
    3598.335     0.998242        86330       568.89
    3600.383     0.998437        86345       640.00
    3602.431     0.998633        86355       731.43
    3606.527     0.998828        86378       853.33
    3608.575     0.999023        86389      1024.00
    3610.623     0.999121        86396      1137.78
    3612.671     0.999219        86406      1280.00
    3614.719     0.999316        86412      1462.86
    3618.815     0.999414        86425      1706.67
    3622.911     0.999512        86433      2048.00
    3624.959     0.999561        86441      2275.56
    3624.959     0.999609        86441      2560.00
    3627.007     0.999658        86442      2925.71
    3633.151     0.999707        86449      3413.33
    3635.199     0.999756        86452      4096.00
    3637.247     0.999780        86453      4551.11
    3641.343     0.999805        86457      5120.00
    3641.343     0.999829        86457      5851.43
    3643.391     0.999854        86460      6826.67
    3645.439     0.999878        86461      8192.00
    3651.583     0.999890        86465      9102.22
    3651.583     0.999902        86465     10240.00
    3651.583     0.999915        86465     11702.86
    3651.583     0.999927        86465     13653.33
    3657.727     0.999939        86466     16384.00
    3659.775     0.999945        86467     18204.44
    3659.775     0.999951        86467     20480.00
    3670.015     0.999957        86468     23405.71
    3670.015     0.999963        86468     27306.67
    3682.303     0.999969        86469     32768.00
    3682.303     0.999973        86469     36408.89
    3682.303     0.999976        86469     40960.00
    3690.495     0.999979        86470     46811.43
    3690.495     0.999982        86470     54613.33
    3690.495     0.999985        86470     65536.00
    3690.495     0.999986        86470     72817.78
    3690.495     0.999988        86470     81920.00
    3698.687     0.999989        86471     93622.86
    3698.687     1.000000        86471          inf
#[Mean    =     2239.437, StdDeviation   =      787.487]
#[Max     =     3696.640, Total count    =        86471]
#[Buckets =           27, SubBuckets     =         2048]
----------------------------------------------------------
  131786 requests in 30.02s, 1.75GB read
Requests/sec:   4390.01
Transfer/sec:     59.62MB
WRKX_RESULT {"durationUs":30019533,"requests":131786,"responses":131786,"errors":0,"bytes":1876764578,"latencyAvgUs":2239436.771,"latencyP95Us":3438591.000,"latencyP99Us":3551231.000}
