Running 30s test @ http://localhost:9991/postgres/orders
  16 threads and 256 connections
  Thread calibration: mean lat.: 4546.552ms, rate sampling interval: 16408ms
  Thread calibration: mean lat.: 4537.072ms, rate sampling interval: 16392ms
  Thread calibration: mean lat.: 4533.617ms, rate sampling interval: 16375ms
  Thread calibration: mean lat.: 4531.624ms, rate sampling interval: 16392ms
  Thread calibration: mean lat.: 4537.118ms, rate sampling interval: 16375ms
  Thread calibration: mean lat.: 4530.202ms, rate sampling interval: 16383ms
  Thread calibration: mean lat.: 4536.578ms, rate sampling interval: 16392ms
  Thread calibration: mean lat.: 4144.417ms, rate sampling interval: 14852ms
  Thread calibration: mean lat.: 4536.473ms, rate sampling interval: 16383ms
  Thread calibration: mean lat.: 4543.524ms, rate sampling interval: 16408ms
  Thread calibration: mean lat.: 4534.566ms, rate sampling interval: 16392ms
  Thread calibration: mean lat.: 4534.836ms, rate sampling interval: 16400ms
  Thread calibration: mean lat.: 4535.984ms, rate sampling interval: 16400ms
  Thread calibration: mean lat.: 4542.724ms, rate sampling interval: 16416ms
  Thread calibration: mean lat.: 4526.951ms, rate sampling interval: 16392ms
  Thread calibration: mean lat.: 4531.285ms, rate sampling interval: 16392ms
  Thread Stats   Avg      Stdev     Max   +/- Stdev
    Latency    18.12s     5.27s   27.25s    57.57%
    Req/Sec   282.00      0.00   282.00    100.00%
  Latency Distribution (HdrHistogram - Recorded Latency)
 50.000%   18.14s 
 75.000%   22.71s 
 90.000%   25.44s 
 99.000%   27.05s 
 99.900%   27.21s 
 99.990%   27.25s 
 99.999%   27.26s 
100.000%   27.26s 

  Detailed Percentile spectrum:
       Value   Percentile   TotalCount 1/(1-Percentile)

    8257.535     0.000000            1         1.00
   10862.591     0.100000         9082         1.11
   12648.447     0.200000        18124         1.25
   14417.919     0.300000        27164         1.43
   16302.079     0.400000        36208         1.67
   18137.087     0.500000        45289         2.00
   19054.591     0.550000        49835         2.22
   19955.711     0.600000        54325         2.50
   20873.215     0.650000        58900         2.86
   21774.335     0.700000        63416         3.33
   22708.223     0.750000        67898         4.00
   23166.975     0.775000        70198         4.44
   23609.343     0.800000        72392         5.00
   24084.479     0.825000        74663         5.71
   24526.847     0.850000        76941         6.67
   25001.983     0.875000        79248         8.00
   25231.359     0.887500        80362         8.89
   25444.351     0.900000        81486        10.00
   25673.727     0.912500        82667        11.43
   25870.335     0.925000        83721        13.33
   26099.711     0.937500        84883        16.00
   26214.399     0.943750        85461        17.78
   26329.087     0.950000        86021        20.00
   26443.775     0.956250        86601        22.86
   26558.463     0.962500        87158        26.67
   26673.151     0.968750        87722        32.00
   26722.303     0.971875        87969        35.56
   26771.455     0.975000        88233        40.00
   26836.991     0.978125        88574        45.71
   26886.143     0.981250        88832        53.33
   26935.295     0.984375        89075        64.00
   26968.063     0.985938        89236        71.11
   27000.831     0.987500        89407        80.00
   27033.599     0.989062        89566        91.43
   27049.983     0.990625        89650       106.67
   27082.751     0.992188        89806       128.00
   27099.135     0.992969        89890       142.22
   27115.519     0.993750        89968       160.00
   27131.903     0.994531        90041       182.86
   27148.287     0.995313        90127       213.33
   27164.671     0.996094        90200       256.00
   27164.671     0.996484        90200       284.44
   27181.055     0.996875        90273       320.00
   27181.055     0.997266        90273       365.71
   27197.439     0.997656        90354       426.67
   27197.439     0.998047        90354       512.00
   27197.439     0.998242        90354       568.89
   27197.439     0.998437        90354       640.00
   27213.823     0.998633        90418       731.43
   27213.823     0.998828        90418       853.33
   27213.823     0.999023        90418      1024.00
   27213.823     0.999121        90418      1137.78
   27213.823     0.999219        90418      1280.00
   27230.207     0.999316        90456      1462.86
   27230.207     0.999414        90456      1706.67
   27230.207     0.999512        90456      2048.00
   27230.207     0.999561        90456      2275.56
   27230.207     0.999609        90456      2560.00
   27246.591     0.999658        90479      2925.71
   27246.591     0.999707        90479      3413.33
   27246.591     0.999756        90479      4096.00
   27246.591     0.999780        90479      4551.11
   27246.591     0.999805        90479      5120.00
   27246.591     0.999829        90479      5851.43
   27246.591     0.999854        90479      6826.67
   27246.591     0.999878        90479      8192.00
   27246.591     0.999890        90479      9102.22
   27246.591     0.999902        90479     10240.00
   27262.975     0.999915        90487     11702.86
   27262.975     1.000000        90487          inf
#[Mean    =    18122.267, StdDeviation   =     5268.756]
#[Max     =    27246.592, Total count    =        90487]
#[Buckets =           27, SubBuckets     =         2048]
----------------------------------------------------------
  136269 requests in 30.00s, 1.81GB read
Requests/sec:   4542.47
Transfer/sec:     61.69MB
WRKX_RESULT {"durationUs":29998904,"requests":136269,"responses":136269,"errors":0,"bytes":1940606829,"latencyAvgUs":18122267.154,"latencyP95Us":26329087.000,"latencyP99Us":27049983.000}
