Running 30s test @ http://localhost:9991/postgres/orders
  16 threads and 256 connections
  Thread calibration: mean lat.: 4898.372ms, rate sampling interval: 17678ms
  Thread calibration: mean lat.: 4900.062ms, rate sampling interval: 17694ms
  Thread calibration: mean lat.: 4904.817ms, rate sampling interval: 17678ms
  Thread calibration: mean lat.: 4897.711ms, rate sampling interval: 17661ms
  Thread calibration: mean lat.: 4894.097ms, rate sampling interval: 17678ms
  Thread calibration: mean lat.: 4898.473ms, rate sampling interval: 17661ms
  Thread calibration: mean lat.: 4897.571ms, rate sampling interval: 17678ms
  Thread calibration: mean lat.: 4898.441ms, rate sampling interval: 17661ms
  Thread calibration: mean lat.: 4894.404ms, rate sampling interval: 17678ms
  Thread calibration: mean lat.: 4899.845ms, rate sampling interval: 17678ms
  Thread calibration: mean lat.: 4902.857ms, rate sampling interval: 17694ms
  Thread calibration: mean lat.: 4894.979ms, rate sampling interval: 17678ms
  Thread calibration: mean lat.: 4898.171ms, rate sampling interval: 17678ms
  Thread calibration: mean lat.: 4892.722ms, rate sampling interval: 17661ms
  Thread calibration: mean lat.: 4907.646ms, rate sampling interval: 17694ms
  Thread calibration: mean lat.: 4904.429ms, rate sampling interval: 17678ms
  Thread Stats   Avg      Stdev     Max   +/- Stdev
    Latency    19.56s     5.62s   29.31s    57.67%
    Req/Sec   280.12      0.33   281.00    100.00%
  Latency Distribution (HdrHistogram - Recorded Latency)
 50.000%   19.56s 
 75.000%   24.43s 
 90.000%   27.36s 
 99.000%   29.10s 
 99.900%   29.28s 
 99.990%   29.31s 
 99.999%   29.33s 
100.000%   29.33s 

  Detailed Percentile spectrum:
       Value   Percentile   TotalCount 1/(1-Percentile)

    9789.439     0.000000            5         1.00
   11788.287     0.100000         8955         1.11
   13672.447     0.200000        17910         1.25
   15646.719     0.300000        26862         1.43
   17629.183     0.400000        35838         1.67
   19562.495     0.500000        44795         2.00
   20561.919     0.550000        49254         2.22
   21544.959     0.600000        53778         2.50
   22527.999     0.650000        58231         2.86
   23494.655     0.700000        62692         3.33
   24428.543     0.750000        67212         4.00
   24887.295     0.775000        69444         4.44
   25378.815     0.800000        71628         5.00
   25870.335     0.825000        73908         5.71
   26361.855     0.850000        76117         6.67
   26853.375     0.875000        78325         8.00
   27115.519     0.887500        79495         8.89
   27361.279     0.900000        80601        10.00
   27607.039     0.912500        81705        11.43
   27852.799     0.925000        82870        13.33
   28098.559     0.937500        83977        16.00
   28213.247     0.943750        84498        17.78
   28344.319     0.950000        85099        20.00
   28459.007     0.956250        85644        22.86
   28573.695     0.962500        86179        26.67
   28688.383     0.968750        86715        32.00
   28753.919     0.971875        87031        35.56
   28819.455     0.975000        87330        40.00
   28868.607     0.978125        87568        45.71
   28934.143     0.981250        87871        53.33
   28999.679     0.984375        88166        64.00
   29032.447     0.985938        88321        71.11
   29048.831     0.987500        88388        80.00
   29081.599     0.989062        88543        91.43
   29114.367     0.990625        88697       106.67
   29147.135     0.992188        88852       128.00
   29163.519     0.992969        88918       142.22
   29179.903     0.993750        88995       160.00
   29196.287     0.994531        89084       182.86
   29212.671     0.995313        89156       213.33
   29229.055     0.996094        89237       256.00
   29229.055     0.996484        89237       284.44
   29229.055     0.996875        89237       320.00
   29245.439     0.997266        89315       365.71
   29245.439     0.997656        89315       426.67
   29261.823     0.998047        89393       512.00
   29261.823     0.998242        89393       568.89
   29261.823     0.998437        89393       640.00
   29261.823     0.998633        89393       731.43
   29278.207     0.998828        89446       853.33
   29278.207     0.999023        89446      1024.00
   29278.207     0.999121        89446      1137.78
   29278.207     0.999219        89446      1280.00
   29278.207     0.999316        89446      1462.86
   29294.591     0.999414        89479      1706.67
   29294.591     0.999512        89479      2048.00
   29294.591     0.999561        89479      2275.56
   29294.591     0.999609        89479      2560.00
   29294.591     0.999658        89479      2925.71
   29310.975     0.999707        89504      3413.33
   29310.975     0.999756        89504      4096.00
   29310.975     0.999780        89504      4551.11
   29310.975     0.999805        89504      5120.00
   29310.975     0.999829        89504      5851.43
   29310.975     0.999854        89504      6826.67
   29310.975     0.999878        89504      8192.00
   29310.975     0.999890        89504      9102.22
   29310.975     0.999902        89504     10240.00
   29310.975     0.999915        89504     11702.86
   29310.975     0.999927        89504     13653.33
   29310.975     0.999939        89504     16384.00
   29310.975     0.999945        89504     18204.44
   29310.975     0.999951        89504     20480.00
   29310.975     0.999957        89504     23405.71
   29310.975     0.999963        89504     27306.67
   29310.975     0.999969        89504     32768.00
   29310.975     0.999973        89504     36408.89
   29310.975     0.999976        89504     40960.00
   29327.359     0.999979        89506     46811.43
   29327.359     1.000000        89506          inf
#[Mean    =    19556.374, StdDeviation   =     5624.623]
#[Max     =    29310.976, Total count    =        89506]
#[Buckets =           27, SubBuckets     =         2048]
----------------------------------------------------------
  135360 requests in 30.01s, 1.80GB read
Requests/sec:   4509.87
Transfer/sec:     61.25MB
WRKX_RESULT {"durationUs":30014180,"requests":135360,"responses":135360,"errors":0,"bytes":1927661760,"latencyAvgUs":19556373.600,"latencyP95Us":28344319.000,"latencyP99Us":29097983.000}
