Running 30s test @ http://localhost:9991/postgres/orders
  16 threads and 256 connections
  Thread calibration: mean lat.: 8.043ms, rate sampling interval: 25ms
  Thread calibration: mean lat.: 8.110ms, rate sampling interval: 26ms
  Thread calibration: mean lat.: 8.106ms, rate sampling interval: 27ms
  Thread calibration: mean lat.: 8.080ms, rate sampling interval: 27ms
  Thread calibration: mean lat.: 8.268ms, rate sampling interval: 27ms
  Thread calibration: mean lat.: 8.094ms, rate sampling interval: 27ms
  Thread calibration: mean lat.: 7.990ms, rate sampling interval: 27ms
  Thread calibration: mean lat.: 8.065ms, rate sampling interval: 26ms
  Thread calibration: mean lat.: 8.047ms, rate sampling interval: 27ms
  Thread calibration: mean lat.: 8.050ms, rate sampling interval: 26ms
  Thread calibration: mean lat.: 8.142ms, rate sampling interval: 27ms
  Thread calibration: mean lat.: 8.171ms, rate sampling interval: 27ms
  Thread calibration: mean lat.: 8.026ms, rate sampling interval: 27ms
  Thread calibration: mean lat.: 8.251ms, rate sampling interval: 27ms
  Thread calibration: mean lat.: 8.352ms, rate sampling interval: 27ms
  Thread calibration: mean lat.: 8.407ms, rate sampling interval: 27ms
  Thread Stats   Avg      Stdev     Max   +/- Stdev
    Latency     8.35ms    3.91ms  26.51ms   61.20%
    Req/Sec   159.06     83.74   440.00     64.21%
  Latency Distribution (HdrHistogram - Recorded Latency)
 50.000%    7.73ms
 75.000%   11.32ms
 90.000%   13.95ms
 99.000%   17.73ms
 99.900%   20.78ms
 99.990%   23.02ms
 99.999%   26.53ms
100.000%   26.53ms

  Detailed Percentile spectrum:
       Value   Percentile   TotalCount 1/(1-Percentile)

       2.495     0.000000            1         1.00
       4.001     0.100000         4998         1.11
       4.451     0.200000         9985         1.25
       5.015     0.300000        14952         1.43
       6.163     0.400000        19945         1.67
       7.731     0.500000        24925         2.00
       8.511     0.550000        27413         2.22
       9.255     0.600000        29908         2.50
       9.927     0.650000        32385         2.86
      10.607     0.700000        34876         3.33
      11.319     0.750000        37373         4.00
      11.687     0.775000        38634         4.44
      12.103     0.800000        39868         5.00
      12.551     0.825000        41116         5.71
      12.983     0.850000        42350         6.67
      13.447     0.875000        43599         8.00
      13.695     0.887500        44225         8.89
      13.951     0.900000        44853        10.00
      14.223     0.912500        45467        11.43
      14.559     0.925000        46096        13.33
      14.911     0.937500        46718        16.00
      15.111     0.943750        47029        17.78
      15.319     0.950000        47346        20.00
      15.535     0.956250        47643        22.86
      15.815     0.962500        47954        26.67
      16.119     0.968750        48264        32.00
      16.295     0.971875        48421        35.56
      16.463     0.975000        48576        40.00
      16.703     0.978125        48743        45.71
      16.895     0.981250        48888        53.33
      17.119     0.984375        49050        64.00
      17.247     0.985938        49124        71.11
      17.407     0.987500        49204        80.00
      17.599     0.989062        49280        91.43
      17.807     0.990625        49356       106.67
      18.047     0.992188        49432       128.00
      18.223     0.992969        49474       142.22
      18.367     0.993750        49512       160.00
      18.543     0.994531        49549       182.86
      18.767     0.995313        49589       213.33
      19.039     0.996094        49627       256.00
      19.199     0.996484        49646       284.44
      19.439     0.996875        49671       320.00
      19.599     0.997266        49686       365.71
      19.775     0.997656        49704       426.67
      19.999     0.998047        49723       512.00
      20.095     0.998242        49733       568.89
      20.319     0.998437        49743       640.00
      20.447     0.998633        49752       731.43
      20.639     0.998828        49763       853.33
      20.863     0.999023        49772      1024.00
      21.087     0.999121        49779      1137.78
      21.279     0.999219        49783      1280.00
      21.375     0.999316        49786      1462.86
      21.711     0.999414        49791      1706.67
      21.791     0.999512        49796      2048.00
      21.887     0.999561        49799      2275.56
      21.935     0.999609        49802      2560.00
      21.983     0.999658        49805      2925.71
      22.015     0.999707        49807      3413.33
      22.223     0.999756        49808      4096.00
      22.495     0.999780        49810      4551.11
      22.735     0.999805        49811      5120.00
      22.767     0.999829        49812      5851.43
      22.831     0.999854        49813      6826.67
      22.943     0.999878        49814      8192.00
      23.023     0.999890        49815      9102.22
      23.055     0.999902        49816     10240.00
      23.055     0.999915        49816     11702.86
      23.375     0.999927        49817     13653.33
      23.375     0.999939        49817     16384.00
      23.823     0.999945        49818     18204.44
      23.823     0.999951        49818     20480.00
      23.823     0.999957        49818     23405.71
      25.423     0.999963        49819     27306.67
      25.423     0.999969        49819     32768.00
      25.423     0.999973        49819     36408.89
      25.423     0.999976        49819     40960.00
      25.423     0.999979        49819     46811.43
      26.527     0.999982        49820     54613.33
      26.527     1.000000        49820          inf
#[Mean    =        8.350, StdDeviation   =        3.911]
#[Max     =       26.512, Total count    =        49820]
#[Buckets =           27, SubBuckets     =         2048]
----------------------------------------------------------
  75024 requests in 30.01s, 1.00GB read
Requests/sec:   2500.03
Transfer/sec:     33.95MB
WRKX_RESULT {"durationUs":30009293,"requests":75024,"responses":75024,"errors":0,"bytes":1068416784,"latencyAvgUs":8350.360,"latencyP95Us":15319.000,"latencyP99Us":17727.000}
