Running 30s test @ http://localhost:9991/postgres/orders
  16 threads and 256 connections
  Thread calibration: mean lat.: 4275.006ms, rate sampling interval: 15359ms
  Thread calibration: mean lat.: 4276.084ms, rate sampling interval: 15359ms
  Thread calibration: mean lat.: 4278.029ms, rate sampling interval: 15368ms
  Thread calibration: mean lat.: 4272.306ms, rate sampling interval: 15351ms
  Thread calibration: mean lat.: 4277.574ms, rate sampling interval: 15376ms
  Thread calibration: mean lat.: 4278.659ms, rate sampling interval: 15376ms
  Thread calibration: mean lat.: 4276.571ms, rate sampling interval: 15368ms
  Thread calibration: mean lat.: 4274.820ms, rate sampling interval: 15359ms
  Thread calibration: mean lat.: 4274.790ms, rate sampling interval: 15368ms
  Thread calibration: mean lat.: 4280.600ms, rate sampling interval: 15368ms
  Thread calibration: mean lat.: 4275.881ms, rate sampling interval: 15359ms
  Thread calibration: mean lat.: 4277.081ms, rate sampling interval: 15351ms
  Thread calibration: mean lat.: 4278.269ms, rate sampling interval: 15368ms
  Thread calibration: mean lat.: 4279.044ms, rate sampling interval: 15368ms
  Thread calibration: mean lat.: 4276.313ms, rate sampling interval: 15368ms
  Thread calibration: mean lat.: 4278.842ms, rate sampling interval: 15368ms
  Thread Stats   Avg      Stdev     Max   +/- Stdev
    Latency    16.97s     4.87s   25.44s    57.67%
    Req/Sec   284.00      0.00   284.00    100.00%
  Latency Distribution (HdrHistogram - Recorded Latency)
 50.000%   16.92s 
 75.000%   21.20s 
 90.000%   23.77s 
 99.000%   25.26s 
 99.900%   25.41s 
 99.990%   25.44s 
 99.999%   25.46s 
100.000%   25.46s 

  Detailed Percentile spectrum:
       Value   Percentile   TotalCount 1/(1-Percentile)

    8511.487     0.000000            1         1.00
   10256.383     0.100000         9122         1.11
   11943.935     0.200000        18192         1.25
   13598.719     0.300000        27240         1.43
   15327.231     0.400000        36311         1.67
   16924.671     0.500000        45454         2.00
   17727.487     0.550000        49957         2.22
   18579.455     0.600000        54467         2.50
   19480.575     0.650000        59068         2.86
   20348.927     0.700000        63634         3.33
   21200.895     0.750000        68111         4.00
   21643.263     0.775000        70349         4.44
   22085.631     0.800000        72655         5.00
   22478.847     0.825000        74897         5.71
   22921.215     0.850000        77213         6.67
   23347.199     0.875000        79456         8.00
   23560.191     0.887500        80555         8.89
   23773.183     0.900000        81723        10.00
   23986.175     0.912500        82895        11.43
   24182.783     0.925000        84008        13.33
   24379.391     0.937500        85124        16.00
   24477.695     0.943750        85668        17.78
   24592.383     0.950000        86283        20.00
   24690.687     0.956250        86818        22.86
   24805.375     0.962500        87422        26.67
   24903.679     0.968750        87969        32.00
   24952.831     0.971875        88243        35.56
   25001.983     0.975000        88509        40.00
   25067.519     0.978125        88865        45.71
   25116.671     0.981250        89132        53.33
   25165.823     0.984375        89415        64.00
   25182.207     0.985938        89495        71.11
   25214.975     0.987500        89676        80.00
   25247.743     0.989062        89834        91.43
   25264.127     0.990625        89924       106.67
   25296.895     0.992188        90095       128.00
   25313.279     0.992969        90184       142.22
   25329.663     0.993750        90261       160.00
   25346.047     0.994531        90353       182.86
   25346.047     0.995313        90353       213.33
   25362.431     0.996094        90441       256.00
   25378.815     0.996484        90511       284.44
   25378.815     0.996875        90511       320.00
   25395.199     0.997266        90602       365.71
   25395.199     0.997656        90602       426.67
   25395.199     0.998047        90602       512.00
   25411.583     0.998242        90671       568.89
   25411.583     0.998437        90671       640.00
   25411.583     0.998633        90671       731.43
   25411.583     0.998828        90671       853.33
   25427.967     0.999023        90727      1024.00
   25427.967     0.999121        90727      1137.78
   25427.967     0.999219        90727      1280.00
   25427.967     0.999316        90727      1462.86
   25427.967     0.999414        90727      1706.67
   25427.967     0.999512        90727      2048.00
   25427.967     0.999561        90727      2275.56
   25427.967     0.999609        90727      2560.00
   25444.351     0.999658        90757      2925.71
   25444.351     0.999707        90757      3413.33
   25444.351     0.999756        90757      4096.00
   25444.351     0.999780        90757      4551.11
   25444.351     0.999805        90757      5120.00
   25444.351     0.999829        90757      5851.43
   25444.351     0.999854        90757      6826.67
   25444.351     0.999878        90757      8192.00
   25444.351     0.999890        90757      9102.22
   25444.351     0.999902        90757     10240.00
   25444.351     0.999915        90757     11702.86
   25444.351     0.999927        90757     13653.33
   25444.351     0.999939        90757     16384.00
   25460.735     0.999945        90762     18204.44
   25460.735     1.000000        90762          inf
#[Mean    =    16970.839, StdDeviation   =     4868.054]
#[Max     =    25444.352, Total count    =        90762]
#[Buckets =           27, SubBuckets     =         2048]
----------------------------------------------------------
  136158 requests in 30.01s, 1.81GB read
Requests/sec:   4537.43
Transfer/sec:     61.62MB
WRKX_RESULT {"durationUs":30007708,"requests":136158,"responses":136158,"errors":0,"bytes":1939026078,"latencyAvgUs":16970838.625,"latencyP95Us":24592383.000,"latencyP99Us":25264127.000}
