Running 30s test @ http://localhost:9991/postgres/orders
  16 threads and 256 connections
  Thread calibration: mean lat.: 2766.642ms, rate sampling interval: 10199ms
  Thread calibration: mean lat.: 2762.285ms, rate sampling interval: 10174ms
  Thread calibration: mean lat.: 2765.860ms, rate sampling interval: 10190ms
  Thread calibration: mean lat.: 2765.661ms, rate sampling interval: 10190ms
  Thread calibration: mean lat.: 2766.852ms, rate sampling interval: 10199ms
  Thread calibration: mean lat.: 2763.911ms, rate sampling interval: 10182ms
  Thread calibration: mean lat.: 2765.356ms, rate sampling interval: 10199ms
  Thread calibration: mean lat.: 2646.766ms, rate sampling interval: 9412ms
  Thread calibration: mean lat.: 2767.264ms, rate sampling interval: 10199ms
  Thread calibration: mean lat.: 2769.642ms, rate sampling interval: 10199ms
  Thread calibration: mean lat.: 2763.309ms, rate sampling interval: 10182ms
  Thread calibration: mean lat.: 2760.482ms, rate sampling interval: 10182ms
  Thread calibration: mean lat.: 2771.902ms, rate sampling interval: 10199ms
  Thread calibration: mean lat.: 2768.180ms, rate sampling interval: 10190ms
  Thread calibration: mean lat.: 2634.719ms, rate sampling interval: 9388ms
  Thread calibration: mean lat.: 2770.515ms, rate sampling interval: 10199ms
  Thread Stats   Avg      Stdev     Max   +/- Stdev
    Latency    11.12s     3.18s   16.78s    58.07%
    Req/Sec   276.72      0.93   279.00     88.89%
  Latency Distribution (HdrHistogram - Recorded Latency)
 50.000%   11.17s 
 75.000%   13.81s 
 90.000%   15.55s 
 99.000%   16.61s 
 99.900%   16.73s 
 99.990%   16.76s 
 99.999%   16.78s 
100.000%   16.79s 

  Detailed Percentile spectrum:
       Value   Percentile   TotalCount 1/(1-Percentile)

    5193.727     0.000000            1         1.00
    6733.823     0.100000         8864         1.11
    7798.783     0.200000        17706         1.25
    8904.703     0.300000        26574         1.43
   10076.159     0.400000        35416         1.67
   11165.695     0.500000        44253         2.00
   11698.175     0.550000        48675         2.22
   12238.847     0.600000        53093         2.50
   12779.519     0.650000        57544         2.86
   13295.615     0.700000        61929         3.33
   13811.711     0.750000        66405         4.00
   14082.047     0.775000        68575         4.44
   14368.767     0.800000        70789         5.00
   14655.487     0.825000        73001         5.71
   14950.399     0.850000        75221         6.67
   15245.311     0.875000        77419         8.00
   15400.959     0.887500        78542         8.89
   15548.415     0.900000        79635        10.00
   15695.871     0.912500        80775        11.43
   15826.943     0.925000        81850        13.33
   15966.207     0.937500        82969        16.00
   16031.743     0.943750        83535        17.78
   16097.279     0.950000        84048        20.00
   16171.007     0.956250        84631        22.86
   16244.735     0.962500        85194        26.67
   16326.655     0.968750        85741        32.00
   16367.615     0.971875        86028        35.56
   16408.575     0.975000        86304        40.00
   16441.343     0.978125        86531        45.71
   16490.495     0.981250        86830        53.33
   16531.455     0.984375        87103        64.00
   16547.839     0.985938        87223        71.11
   16572.415     0.987500        87394        80.00
   16588.799     0.989062        87506        91.43
   16613.375     0.990625        87679       106.67
   16629.759     0.992188        87795       128.00
   16637.951     0.992969        87849       142.22
   16654.335     0.993750        87957       160.00
   16662.527     0.994531        88008       182.86
   16670.719     0.995313        88065       213.33
   16687.103     0.996094        88172       256.00
   16687.103     0.996484        88172       284.44
   16695.295     0.996875        88214       320.00
   16703.487     0.997266        88256       365.71
   16703.487     0.997656        88256       426.67
   16711.679     0.998047        88313       512.00
   16711.679     0.998242        88313       568.89
   16719.871     0.998437        88361       640.00
   16719.871     0.998633        88361       731.43
   16719.871     0.998828        88361       853.33
   16728.063     0.999023        88399      1024.00
   16728.063     0.999121        88399      1137.78
   16728.063     0.999219        88399      1280.00
   16736.255     0.999316        88423      1462.86
   16736.255     0.999414        88423      1706.67
   16736.255     0.999512        88423      2048.00
   16744.447     0.999561        88436      2275.56
   16744.447     0.999609        88436      2560.00
   16744.447     0.999658        88436      2925.71
   16752.639     0.999707        88447      3413.33
   16752.639     0.999756        88447      4096.00
   16752.639     0.999780        88447      4551.11
   16752.639     0.999805        88447      5120.00
   16752.639     0.999829        88447      5851.43
   16760.831     0.999854        88456      6826.67
   16760.831     0.999878        88456      8192.00
   16760.831     0.999890        88456      9102.22
   16760.831     0.999902        88456     10240.00
   16760.831     0.999915        88456     11702.86
   16760.831     0.999927        88456     13653.33
   16769.023     0.999939        88459     16384.00
   16769.023     0.999945        88459     18204.44
   16769.023     0.999951        88459     20480.00
   16769.023     0.999957        88459     23405.71
   16769.023     0.999963        88459     27306.67
   16777.215     0.999969        88461     32768.00
   16777.215     0.999973        88461     36408.89
   16777.215     0.999976        88461     40960.00
   16777.215     0.999979        88461     46811.43
   16777.215     0.999982        88461     54613.33
   16777.215     0.999985        88461     65536.00
   16777.215     0.999986        88461     72817.78
   16777.215     0.999988        88461     81920.00
   16793.599     0.999989        88462     93622.86
   16793.599     1.000000        88462          inf
#[Mean    =    11122.670, StdDeviation   =     3178.873]
#[Max     =    16777.216, Total count    =        88462]
#[Buckets =           27, SubBuckets     =         2048]
----------------------------------------------------------
  131756 requests in 30.01s, 1.75GB read
Requests/sec:   4390.94
Transfer/sec:     59.63MB
WRKX_RESULT {"durationUs":30006357,"requests":131756,"responses":131756,"errors":0,"bytes":1876337348,"latencyAvgUs":11122669.525,"latencyP95Us":16097279.000,"latencyP99Us":16605183.000}
