Running 30s test @ http://localhost:9991/postgres/orders
  16 threads and 256 connections
  Thread calibration: mean lat.: 4500.467ms, rate sampling interval: 16089ms
  Thread calibration: mean lat.: 4492.632ms, rate sampling interval: 16089ms
  Thread calibration: mean lat.: 4504.828ms, rate sampling interval: 16105ms
  Thread calibration: mean lat.: 4505.197ms, rate sampling interval: 16113ms
  Thread calibration: mean lat.: 4501.351ms, rate sampling interval: 16089ms
  Thread calibration: mean lat.: 4499.252ms, rate sampling interval: 16097ms
  Thread calibration: mean lat.: 4506.840ms, rate sampling interval: 16097ms
  Thread calibration: mean lat.: 4500.397ms, rate sampling interval: 16089ms
  Thread calibration: mean lat.: 4506.563ms, rate sampling interval: 16097ms
  Thread calibration: mean lat.: 4502.666ms, rate sampling interval: 16080ms
  Thread calibration: mean lat.: 4507.173ms, rate sampling interval: 16105ms
  Thread calibration: mean lat.: 4497.040ms, rate sampling interval: 16080ms
  Thread calibration: mean lat.: 4505.063ms, rate sampling interval: 16097ms
  Thread calibration: mean lat.: 4491.218ms, rate sampling interval: 16072ms
  Thread calibration: mean lat.: 4497.627ms, rate sampling interval: 16089ms
  Thread calibration: mean lat.: 4505.698ms, rate sampling interval: 16089ms
  Thread Stats   Avg      Stdev     Max   +/- Stdev
    Latency    17.74s     5.10s   26.61s    57.89%
    Req/Sec   281.00      0.00   281.00    100.00%
  Latency Distribution (HdrHistogram - Recorded Latency)
 50.000%   17.74s 
 75.000%   22.15s 
 90.000%   24.81s 
 99.000%   26.41s 
 99.900%   26.59s 
 99.990%   26.61s 
 99.999%   26.62s 
100.000%   26.62s 

  Detailed Percentile spectrum:
       Value   Percentile   TotalCount 1/(1-Percentile)

    8888.319     0.000000            1         1.00
   10649.599     0.100000         8993         1.11
   12427.263     0.200000        17922         1.25
   14278.655     0.300000        26845         1.43
   16023.551     0.400000        35780         1.67
   17743.871     0.500000        44782         2.00
   18612.223     0.550000        49224         2.22
   19513.343     0.600000        53700         2.50
   20398.079     0.650000        58152         2.86
   21282.815     0.700000        62681         3.33
   22151.167     0.750000        67150         4.00
   22593.535     0.775000        69385         4.44
   23035.903     0.800000        71590         5.00
   23478.271     0.825000        73850         5.71
   23920.639     0.850000        76070         6.67
   24346.623     0.875000        78280         8.00
   24575.999     0.887500        79390         8.89
   24805.375     0.900000        80495        10.00
   25034.751     0.912500        81629        11.43
   25264.127     0.925000        82778        13.33
   25493.503     0.937500        83898        16.00
   25608.191     0.943750        84488        17.78
   25706.495     0.950000        84973        20.00
   25821.183     0.956250        85543        22.86
   25935.871     0.962500        86112        26.67
   26050.559     0.968750        86713        32.00
   26099.711     0.971875        86969        35.56
   26148.863     0.975000        87218        40.00
   26214.399     0.978125        87567        45.71
   26263.551     0.981250        87830        53.33
   26312.703     0.984375        88079        64.00
   26345.471     0.985938        88240        71.11
   26361.855     0.987500        88328        80.00
   26394.623     0.989062        88477        91.43
   26427.391     0.990625        88636       106.67
   26460.159     0.992188        88794       128.00
   26476.543     0.992969        88874       142.22
   26492.927     0.993750        88945       160.00
   26492.927     0.994531        88945       182.86
   26509.311     0.995313        89016       213.33
   26525.695     0.996094        89095       256.00
   26542.079     0.996484        89174       284.44
   26542.079     0.996875        89174       320.00
   26558.463     0.997266        89247       365.71
   26558.463     0.997656        89247       426.67
   26574.847     0.998047        89336       512.00
   26574.847     0.998242        89336       568.89
   26574.847     0.998437        89336       640.00
   26574.847     0.998633        89336       731.43
   26574.847     0.998828        89336       853.33
   26591.231     0.999023        89390      1024.00
   26591.231     0.999121        89390      1137.78
   26591.231     0.999219        89390      1280.00
   26591.231     0.999316        89390      1462.86
   26591.231     0.999414        89390      1706.67
   26607.615     0.999512        89428      2048.00
   26607.615     0.999561        89428      2275.56
   26607.615     0.999609        89428      2560.00
   26607.615     0.999658        89428      2925.71
   26607.615     0.999707        89428      3413.33
   26607.615     0.999756        89428      4096.00
   26607.615     0.999780        89428      4551.11
   26607.615     0.999805        89428      5120.00
   26607.615     0.999829        89428      5851.43
   26607.615     0.999854        89428      6826.67
   26607.615     0.999878        89428      8192.00
   26607.615     0.999890        89428      9102.22
   26607.615     0.999902        89428     10240.00
   26607.615     0.999915        89428     11702.86
   26607.615     0.999927        89428     13653.33
   26623.999     0.999939        89434     16384.00
   26623.999     1.000000        89434          inf
#[Mean    =    17740.725, StdDeviation   =     5102.173]
#[Max     =    26607.616, Total count    =        89434]
#[Buckets =           27, SubBuckets     =         2048]
----------------------------------------------------------
  134762 requests in 30.00s, 1.79GB read
Requests/sec:   4491.32
Transfer/sec:     61.00MB
WRKX_RESULT {"durationUs":30004979,"requests":134762,"responses":134762,"errors":0,"bytes":1919145642,"latencyAvgUs":17740725.462,"latencyP95Us":25706495.000,"latencyP99Us":26411007.000}
