Running 30s test @ http://localhost:9991/
  16 threads and 256 connections
  Thread calibration: mean lat.: 4675.139ms, rate sampling interval: 16826ms
  Thread calibration: mean lat.: 4679.729ms, rate sampling interval: 16826ms
  Thread calibration: mean lat.: 4683.375ms, rate sampling interval: 16826ms
  Thread calibration: mean lat.: 4679.195ms, rate sampling interval: 16842ms
  Thread calibration: mean lat.: 4685.549ms, rate sampling interval: 16842ms
  Thread calibration: mean lat.: 4682.926ms, rate sampling interval: 16842ms
  Thread calibration: mean lat.: 4683.191ms, rate sampling interval: 16826ms
  Thread calibration: mean lat.: 4679.540ms, rate sampling interval: 16826ms
  Thread calibration: mean lat.: 4680.986ms, rate sampling interval: 16826ms
  Thread calibration: mean lat.: 4679.662ms, rate sampling interval: 16826ms
  Thread calibration: mean lat.: 4680.174ms, rate sampling interval: 16826ms
  Thread calibration: mean lat.: 4681.222ms, rate sampling interval: 16826ms
  Thread calibration: mean lat.: 4682.066ms, rate sampling interval: 16809ms
  Thread calibration: mean lat.: 4682.133ms, rate sampling interval: 16826ms
  Thread calibration: mean lat.: 4680.123ms, rate sampling interval: 16826ms
  Thread calibration: mean lat.: 4683.479ms, rate sampling interval: 16826ms
  Thread Stats   Avg      Stdev     Max   +/- Stdev
    Latency    18.59s     5.33s   27.92s    57.94%
    Req/Sec   432.69      0.46   433.00    100.00%
  Latency Distribution (HdrHistogram - Recorded Latency)
 50.000%   18.61s 
 75.000%   23.22s 
 90.000%   26.00s 
 99.000%   27.72s 
 99.900%   27.89s 
 99.990%   27.92s 
 99.999%   27.93s 
100.000%   27.93s 

  Detailed Percentile spectrum:
       Value   Percentile   TotalCount 1/(1-Percentile)

    9322.495     0.000000            4         1.00
   11198.463     0.100000        13787         1.11
   13074.431     0.200000        27527         1.25
   14901.247     0.300000        41241         1.43
   16793.599     0.400000        55053         1.67
   18612.223     0.500000        68758         2.00
   19529.727     0.550000        75656         2.22
   20414.463     0.600000        82454         2.50
   21331.967     0.650000        89374         2.86
   22265.855     0.700000        96210         3.33
   23216.127     0.750000       103134         4.00
   23674.879     0.775000       106593         4.44
   24117.247     0.800000       110006         5.00
   24559.615     0.825000       113340         5.71
   25034.751     0.850000       116797         6.67
   25526.271     0.875000       120279         8.00
   25755.647     0.887500       121929         8.89
   26001.407     0.900000       123718        10.00
   26247.167     0.912500       125453        11.43
   26476.543     0.925000       127095        13.33
   26722.303     0.937500       128813        16.00
   26853.375     0.943750       129732        17.78
   26968.063     0.950000       130550        20.00
   27082.751     0.956250       131381        22.86
   27213.823     0.962500       132328        26.67
   27328.511     0.968750       133192        32.00
   27377.663     0.971875       133592        35.56
   27426.815     0.975000       133963        40.00
   27492.351     0.978125       134409        45.71
   27557.887     0.981250       134877        53.33
   27623.423     0.984375       135347        64.00
   27639.807     0.985938       135462        71.11
   27672.575     0.987500       135702        80.00
   27705.343     0.989062       135951        91.43
   27721.727     0.990625       136088       106.67
   27754.495     0.992188       136328       128.00
   27770.879     0.992969       136438       142.22
   27787.263     0.993750       136555       160.00
   27803.647     0.994531       136683       182.86
   27820.031     0.995313       136796       213.33
   27836.415     0.996094       136932       256.00
   27836.415     0.996484       136932       284.44
   27852.799     0.996875       137053       320.00
   27852.799     0.997266       137053       365.71
   27869.183     0.997656       137183       426.67
   27869.183     0.998047       137183       512.00
   27869.183     0.998242       137183       568.89
   27869.183     0.998437       137183       640.00
   27885.567     0.998633       137279       731.43
   27885.567     0.998828       137279       853.33
   27885.567     0.999023       137279      1024.00
   27885.567     0.999121       137279      1137.78
   27885.567     0.999219       137279      1280.00
   27901.951     0.999316       137348      1462.86
   27901.951     0.999414       137348      1706.67
   27901.951     0.999512       137348      2048.00
   27901.951     0.999561       137348      2275.56
   27901.951     0.999609       137348      2560.00
   27901.951     0.999658       137348      2925.71
   27901.951     0.999707       137348      3413.33
   27901.951     0.999756       137348      4096.00
   27901.951     0.999780       137348      4551.11
   27918.335     0.999805       137369      5120.00
   27918.335     0.999829       137369      5851.43
   27918.335     0.999854       137369      6826.67
   27918.335     0.999878       137369      8192.00
   27918.335     0.999890       137369      9102.22
   27918.335     0.999902       137369     10240.00
   27918.335     0.999915       137369     11702.86
   27918.335     0.999927       137369     13653.33
   27918.335     0.999939       137369     16384.00
   27918.335     0.999945       137369     18204.44
   27918.335     0.999951       137369     20480.00
   27934.719     0.999957       137375     23405.71
   27934.719     1.000000       137375          inf
#[Mean    =    18593.611, StdDeviation   =     5334.209]
#[Max     =    27918.336, Total count    =       137375]
#[Buckets =           27, SubBuckets     =         2048]
----------------------------------------------------------
  206524 requests in 30.00s, 42.15MB read
Requests/sec:   6883.01
Transfer/sec:      1.40MB
WRKX_RESULT {"durationUs":30004904,"requests":206524,"responses":206524,"errors":0,"bytes":44198073,"latencyAvgUs":18593611.478,"latencyP95Us":26968063.000,"latencyP99Us":27721727.000}
