Running 30s test @ http://localhost:9991/
  16 threads and 256 connections
  Thread calibration: mean lat.: 3227.449ms, rate sampling interval: 11722ms
  Thread calibration: mean lat.: 3230.488ms, rate sampling interval: 11730ms
  Thread calibration: mean lat.: 3230.243ms, rate sampling interval: 11722ms
  Thread calibration: mean lat.: 3234.693ms, rate sampling interval: 11730ms
  Thread calibration: mean lat.: 3231.743ms, rate sampling interval: 11722ms
  Thread calibration: mean lat.: 3226.328ms, rate sampling interval: 11722ms
  Thread calibration: mean lat.: 3235.752ms, rate sampling interval: 11730ms
  Thread calibration: mean lat.: 3226.944ms, rate sampling interval: 11722ms
  Thread calibration: mean lat.: 3234.599ms, rate sampling interval: 11722ms
  Thread calibration: mean lat.: 3230.431ms, rate sampling interval: 11722ms
  Thread calibration: mean lat.: 3228.363ms, rate sampling interval: 11722ms
  Thread calibration: mean lat.: 3229.665ms, rate sampling interval: 11722ms
  Thread calibration: mean lat.: 2997.065ms, rate sampling interval: 10706ms
  Thread calibration: mean lat.: 3229.098ms, rate sampling interval: 11722ms
  Thread calibration: mean lat.: 3235.517ms, rate sampling interval: 11730ms
  Thread calibration: mean lat.: 3232.933ms, rate sampling interval: 11730ms
  Thread Stats   Avg      Stdev     Max   +/- Stdev
    Latency    12.94s     3.74s   19.63s    58.13%
    Req/Sec   434.62      0.48   435.00    100.00%
  Latency Distribution (HdrHistogram - Recorded Latency)
 50.000%   12.94s 
 75.000%   16.14s 
 90.000%   18.14s 
 99.000%   19.45s 
 99.900%   19.58s 
 99.990%   19.61s 
 99.999%   19.63s 
100.000%   19.64s 

  Detailed Percentile spectrum:
       Value   Percentile   TotalCount 1/(1-Percentile)

    5939.199     0.000000            1         1.00
    7782.399     0.100000        13753         1.11
    9076.735     0.200000        27529         1.25
   10338.303     0.300000        41238         1.43
   11624.447     0.400000        54917         1.67
   12943.359     0.500000        68644         2.00
   13549.567     0.550000        75452         2.22
   14196.735     0.600000        82329         2.50
   14843.903     0.650000        89185         2.86
   15491.071     0.700000        96045         3.33
   16138.239     0.750000       102939         4.00
   16474.111     0.775000       106363         4.44
   16809.983     0.800000       109870         5.00
   17137.663     0.825000       113256         5.71
   17465.343     0.850000       116676         6.67
   17809.407     0.875000       120141         8.00
   17973.247     0.887500       121859         8.89
   18137.087     0.900000       123529        10.00
   18300.927     0.912500       125343        11.43
   18464.767     0.925000       127026        13.33
   18628.607     0.937500       128668        16.00
   18710.527     0.943750       129501        17.78
   18808.831     0.950000       130396        20.00
   18907.135     0.956250       131256        22.86
   18989.055     0.962500       132042        26.67
   19103.743     0.968750       133031        32.00
   19152.895     0.971875       133445        35.56
   19202.047     0.975000       133864        40.00
   19251.199     0.978125       134265        45.71
   19300.351     0.981250       134662        53.33
   19349.503     0.984375       135099        64.00
   19382.271     0.985938       135386        71.11
   19398.655     0.987500       135514        80.00
   19431.423     0.989062       135783        91.43
   19447.807     0.990625       135925       106.67
   19480.575     0.992188       136226       128.00
   19480.575     0.992969       136226       142.22
   19496.959     0.993750       136363       160.00
   19513.343     0.994531       136517       182.86
   19529.727     0.995313       136648       213.33
   19546.111     0.996094       136796       256.00
   19546.111     0.996484       136796       284.44
   19546.111     0.996875       136796       320.00
   19562.495     0.997266       136945       365.71
   19562.495     0.997656       136945       426.67
   19562.495     0.998047       136945       512.00
   19562.495     0.998242       136945       568.89
   19578.879     0.998437       137071       640.00
   19578.879     0.998633       137071       731.43
   19578.879     0.998828       137071       853.33
   19578.879     0.999023       137071      1024.00
   19578.879     0.999121       137071      1137.78
   19595.263     0.999219       137144      1280.00
   19595.263     0.999316       137144      1462.86
   19595.263     0.999414       137144      1706.67
   19595.263     0.999512       137144      2048.00
   19595.263     0.999561       137144      2275.56
   19595.263     0.999609       137144      2560.00
   19595.263     0.999658       137144      2925.71
   19611.647     0.999707       137177      3413.33
   19611.647     0.999756       137177      4096.00
   19611.647     0.999780       137177      4551.11
   19611.647     0.999805       137177      5120.00
   19611.647     0.999829       137177      5851.43
   19611.647     0.999854       137177      6826.67
   19611.647     0.999878       137177      8192.00
   19611.647     0.999890       137177      9102.22
   19611.647     0.999902       137177     10240.00
   19611.647     0.999915       137177     11702.86
   19611.647     0.999927       137177     13653.33
   19611.647     0.999939       137177     16384.00
   19628.031     0.999945       137184     18204.44
   19628.031     0.999951       137184     20480.00
   19628.031     0.999957       137184     23405.71
   19628.031     0.999963       137184     27306.67
   19628.031     0.999969       137184     32768.00
   19628.031     0.999973       137184     36408.89
   19628.031     0.999976       137184     40960.00
   19628.031     0.999979       137184     46811.43
   19628.031     0.999982       137184     54613.33
   19628.031     0.999985       137184     65536.00
   19628.031     0.999986       137184     72817.78
   19628.031     0.999988       137184     81920.00
   19628.031     0.999989       137184     93622.86
   19628.031     0.999991       137184    109226.67
   19628.031     0.999992       137184    131072.00
   19644.415     0.999993       137185    145635.56
   19644.415     1.000000       137185          inf
#[Mean    =    12935.419, StdDeviation   =     3736.100]
#[Max     =    19628.032, Total count    =       137185]
#[Buckets =           27, SubBuckets     =         2048]
----------------------------------------------------------
  207146 requests in 30.01s, 42.28MB read
Requests/sec:   6903.59
Transfer/sec:      1.41MB
WRKX_RESULT {"durationUs":30005528,"requests":207146,"responses":207146,"errors":0,"bytes":44329542,"latencyAvgUs":12935419.296,"latencyP95Us":18808831.000,"latencyP99Us":19447807.000}
