Running 30s test @ http://localhost:9991/
  16 threads and 256 connections
  Thread calibration: mean lat.: 4561.243ms, rate sampling interval: 16441ms
  Thread calibration: mean lat.: 4561.094ms, rate sampling interval: 16424ms
  Thread calibration: mean lat.: 4553.608ms, rate sampling interval: 16433ms
  Thread calibration: mean lat.: 4559.637ms, rate sampling interval: 16441ms
  Thread calibration: mean lat.: 4560.930ms, rate sampling interval: 16433ms
  Thread calibration: mean lat.: 4560.017ms, rate sampling interval: 16424ms
  Thread calibration: mean lat.: 4556.658ms, rate sampling interval: 16441ms
  Thread calibration: mean lat.: 4561.073ms, rate sampling interval: 16441ms
  Thread calibration: mean lat.: 4566.323ms, rate sampling interval: 16441ms
  Thread calibration: mean lat.: 4560.692ms, rate sampling interval: 16457ms
  Thread calibration: mean lat.: 4562.068ms, rate sampling interval: 16449ms
  Thread calibration: mean lat.: 4556.638ms, rate sampling interval: 16441ms
  Thread calibration: mean lat.: 4561.550ms, rate sampling interval: 16449ms
  Thread calibration: mean lat.: 4562.709ms, rate sampling interval: 16441ms
  Thread calibration: mean lat.: 4557.059ms, rate sampling interval: 16433ms
  Thread calibration: mean lat.: 4561.764ms, rate sampling interval: 16449ms
  Thread Stats   Avg      Stdev     Max   +/- Stdev
    Latency    18.26s     5.22s   27.26s    57.94%
    Req/Sec   426.00      0.00   426.00    100.00%
  Latency Distribution (HdrHistogram - Recorded Latency)
 50.000%   18.32s 
 75.000%   22.79s 
 90.000%   25.46s 
 99.000%   27.08s 
 99.900%   27.23s 
 99.990%   27.26s 
 99.999%   27.28s 
100.000%   27.28s 

  Detailed Percentile spectrum:
       Value   Percentile   TotalCount 1/(1-Percentile)

    9109.503     0.000000            1         1.00
   10993.663     0.100000        13631         1.11
   12861.439     0.200000        27303         1.25
   14655.487     0.300000        40920         1.43
   16457.727     0.400000        54530         1.67
   18317.311     0.500000        68146         2.00
   19202.047     0.550000        75003         2.22
   20086.783     0.600000        81816         2.50
   20987.903     0.650000        88630         2.86
   21889.023     0.700000        95394         3.33
   22790.143     0.750000       102265         4.00
   23232.511     0.775000       105632         4.44
   23674.879     0.800000       109097         5.00
   24117.247     0.825000       112447         5.71
   24575.999     0.850000       115927         6.67
   25018.367     0.875000       119355         8.00
   25231.359     0.887500       120982         8.89
   25460.735     0.900000       122663        10.00
   25690.111     0.912500       124360        11.43
   25919.487     0.925000       126066        13.33
   26148.863     0.937500       127794        16.00
   26263.551     0.943750       128688        17.78
   26378.239     0.950000       129549        20.00
   26492.927     0.956250       130410        22.86
   26591.231     0.962500       131152        26.67
   26705.919     0.968750       132032        32.00
   26755.071     0.971875       132433        35.56
   26820.607     0.975000       132934        40.00
   26869.759     0.978125       133312        45.71
   26935.295     0.981250       133821        53.33
   26984.447     0.984375       134195        64.00
   27017.215     0.985938       134448        71.11
   27033.599     0.987500       134573        80.00
   27066.367     0.989062       134831        91.43
   27099.135     0.990625       135093       106.67
   27115.519     0.992188       135235       128.00
   27131.903     0.992969       135372       142.22
   27148.287     0.993750       135518       160.00
   27148.287     0.994531       135518       182.86
   27164.671     0.995313       135645       213.33
   27181.055     0.996094       135787       256.00
   27181.055     0.996484       135787       284.44
   27197.439     0.996875       135910       320.00
   27197.439     0.997266       135910       365.71
   27213.823     0.997656       136045       426.67
   27213.823     0.998047       136045       512.00
   27213.823     0.998242       136045       568.89
   27230.207     0.998437       136139       640.00
   27230.207     0.998633       136139       731.43
   27230.207     0.998828       136139       853.33
   27230.207     0.999023       136139      1024.00
   27246.591     0.999121       136216      1137.78
   27246.591     0.999219       136216      1280.00
   27246.591     0.999316       136216      1462.86
   27246.591     0.999414       136216      1706.67
   27246.591     0.999512       136216      2048.00
   27246.591     0.999561       136216      2275.56
   27246.591     0.999609       136216      2560.00
   27246.591     0.999658       136216      2925.71
   27262.975     0.999707       136252      3413.33
   27262.975     0.999756       136252      4096.00
   27262.975     0.999780       136252      4551.11
   27262.975     0.999805       136252      5120.00
   27262.975     0.999829       136252      5851.43
   27262.975     0.999854       136252      6826.67
   27262.975     0.999878       136252      8192.00
   27262.975     0.999890       136252      9102.22
   27262.975     0.999902       136252     10240.00
   27262.975     0.999915       136252     11702.86
   27262.975     0.999927       136252     13653.33
   27262.975     0.999939       136252     16384.00
   27262.975     0.999945       136252     18204.44
   27279.359     0.999951       136259     20480.00
   27279.359     1.000000       136259          inf
#[Mean    =    18255.736, StdDeviation   =     5219.931]
#[Max     =    27262.976, Total count    =       136259]
#[Buckets =           27, SubBuckets     =         2048]
----------------------------------------------------------
  203992 requests in 30.01s, 41.63MB read
Requests/sec:   6798.16
Transfer/sec:      1.39MB
WRKX_RESULT {"durationUs":30006931,"requests":203992,"responses":203992,"errors":0,"bytes":43654884,"latencyAvgUs":18255736.367,"latencyP95Us":26378239.000,"latencyP99Us":27082751.000}
