Running 30s test @ http://localhost:9991/
  16 threads and 256 connections
  Thread calibration: mean lat.: 4159.028ms, rate sampling interval: 15024ms
  Thread calibration: mean lat.: 4159.457ms, rate sampling interval: 15015ms
  Thread calibration: mean lat.: 4164.946ms, rate sampling interval: 15032ms
  Thread calibration: mean lat.: 4159.280ms, rate sampling interval: 15007ms
  Thread calibration: mean lat.: 4160.929ms, rate sampling interval: 15007ms
  Thread calibration: mean lat.: 4159.462ms, rate sampling interval: 15007ms
  Thread calibration: mean lat.: 4162.324ms, rate sampling interval: 15032ms
  Thread calibration: mean lat.: 4167.257ms, rate sampling interval: 15024ms
  Thread calibration: mean lat.: 4160.240ms, rate sampling interval: 15015ms
  Thread calibration: mean lat.: 4161.477ms, rate sampling interval: 15015ms
  Thread calibration: mean lat.: 4160.558ms, rate sampling interval: 15024ms
  Thread calibration: mean lat.: 4162.320ms, rate sampling interval: 15015ms
  Thread calibration: mean lat.: 4163.976ms, rate sampling interval: 15007ms
  Thread calibration: mean lat.: 4165.265ms, rate sampling interval: 15024ms
  Thread calibration: mean lat.: 4163.609ms, rate sampling interval: 15024ms
  Thread calibration: mean lat.: 4164.265ms, rate sampling interval: 15015ms
  Thread Stats   Avg      Stdev     Max   +/- Stdev
    Latency    16.58s     4.78s   24.90s    57.85%
    Req/Sec   423.56      0.50   424.00    100.00%
  Latency Distribution (HdrHistogram - Recorded Latency)
 50.000%   16.59s 
 75.000%   20.71s 
 90.000%   23.22s 
 99.000%   24.72s 
 99.900%   24.89s 
 99.990%   24.90s 
 99.999%   24.92s 
100.000%   24.92s 

  Detailed Percentile spectrum:
       Value   Percentile   TotalCount 1/(1-Percentile)

    8310.783     0.000000            2         1.00
    9977.855     0.100000        13493         1.11
   11616.255     0.200000        26977         1.25
   13295.615     0.300000        40497         1.43
   14901.247     0.400000        53930         1.67
   16588.799     0.500000        67400         2.00
   17399.807     0.550000        74239         2.22
   18219.007     0.600000        80921         2.50
   19021.823     0.650000        87599         2.86
   19857.407     0.700000        94403         3.33
   20709.375     0.750000       101114         4.00
   21135.359     0.775000       104521         4.44
   21561.343     0.800000       107865         5.00
   21987.327     0.825000       111198         5.71
   22413.311     0.850000       114577         6.67
   22822.911     0.875000       118023         8.00
   23019.519     0.887500       119662         8.89
   23216.127     0.900000       121385        10.00
   23429.119     0.912500       123056        11.43
   23642.111     0.925000       124759        13.33
   23838.719     0.937500       126330        16.00
   23953.407     0.943750       127235        17.78
   24051.711     0.950000       128011        20.00
   24166.399     0.956250       128925        22.86
   24264.703     0.962500       129780        26.67
   24363.007     0.968750       130597        32.00
   24412.159     0.971875       130986        35.56
   24461.311     0.975000       131380        40.00
   24510.463     0.978125       131784        45.71
   24575.999     0.981250       132300        53.33
   24625.151     0.984375       132706        64.00
   24641.535     0.985938       132835        71.11
   24674.303     0.987500       133102        80.00
   24707.071     0.989062       133340        91.43
   24739.839     0.990625       133593       106.67
   24756.223     0.992188       133719       128.00
   24772.607     0.992969       133849       142.22
   24788.991     0.993750       133979       160.00
   24805.375     0.994531       134096       182.86
   24821.759     0.995313       134208       213.33
   24821.759     0.996094       134208       256.00
   24838.143     0.996484       134336       284.44
   24838.143     0.996875       134336       320.00
   24854.527     0.997266       134448       365.71
   24854.527     0.997656       134448       426.67
   24870.911     0.998047       134578       512.00
   24870.911     0.998242       134578       568.89
   24870.911     0.998437       134578       640.00
   24870.911     0.998633       134578       731.43
   24870.911     0.998828       134578       853.33
   24887.295     0.999023       134680      1024.00
   24887.295     0.999121       134680      1137.78
   24887.295     0.999219       134680      1280.00
   24887.295     0.999316       134680      1462.86
   24887.295     0.999414       134680      1706.67
   24887.295     0.999512       134680      2048.00
   24887.295     0.999561       134680      2275.56
   24887.295     0.999609       134680      2560.00
   24903.679     0.999658       134722      2925.71
   24903.679     0.999707       134722      3413.33
   24903.679     0.999756       134722      4096.00
   24903.679     0.999780       134722      4551.11
   24903.679     0.999805       134722      5120.00
   24903.679     0.999829       134722      5851.43
   24903.679     0.999854       134722      6826.67
   24903.679     0.999878       134722      8192.00
   24903.679     0.999890       134722      9102.22
   24903.679     0.999902       134722     10240.00
   24903.679     0.999915       134722     11702.86
   24903.679     0.999927       134722     13653.33
   24903.679     0.999939       134722     16384.00
   24903.679     0.999945       134722     18204.44
   24903.679     0.999951       134722     20480.00
   24920.063     0.999957       134728     23405.71
   24920.063     1.000000       134728          inf
#[Mean    =    16578.223, StdDeviation   =     4775.938]
#[Max     =    24903.680, Total count    =       134728]
#[Buckets =           27, SubBuckets     =         2048]
----------------------------------------------------------
  203068 requests in 30.01s, 41.44MB read
Requests/sec:   6767.59
Transfer/sec:      1.38MB
WRKX_RESULT {"durationUs":30005970,"requests":203068,"responses":203068,"errors":0,"bytes":43456850,"latencyAvgUs":16578222.690,"latencyP95Us":24051711.000,"latencyP99Us":24723455.000}
