Running 30s test @ http://localhost:9991/
  16 threads and 256 connections
  Thread calibration: mean lat.: 5.478ms, rate sampling interval: 16ms
  Thread calibration: mean lat.: 5.464ms, rate sampling interval: 16ms
  Thread calibration: mean lat.: 5.361ms, rate sampling interval: 15ms
  Thread calibration: mean lat.: 5.496ms, rate sampling interval: 16ms
  Thread calibration: mean lat.: 5.605ms, rate sampling interval: 16ms
  Thread calibration: mean lat.: 5.496ms, rate sampling interval: 16ms
  Thread calibration: mean lat.: 5.502ms, rate sampling interval: 16ms
  Thread calibration: mean lat.: 5.571ms, rate sampling interval: 16ms
  Thread calibration: mean lat.: 5.587ms, rate sampling interval: 16ms
  Thread calibration: mean lat.: 5.547ms, rate sampling interval: 16ms
  Thread calibration: mean lat.: 5.517ms, rate sampling interval: 16ms
  Thread calibration: mean lat.: 5.673ms, rate sampling interval: 16ms
  Thread calibration: mean lat.: 5.766ms, rate sampling interval: 16ms
  Thread calibration: mean lat.: 5.790ms, rate sampling interval: 16ms
  Thread calibration: mean lat.: 5.574ms, rate sampling interval: 16ms
  Thread calibration: mean lat.: 5.733ms, rate sampling interval: 16ms
  Thread Stats   Avg      Stdev     Max   +/- Stdev
    Latency     5.68ms    1.99ms  25.89ms   68.47%
    Req/Sec   322.49    103.41   666.00     63.96%
  Latency Distribution (HdrHistogram - Recorded Latency)
 50.000%    5.44ms
 75.000%    6.85ms
 90.000%    8.39ms
 99.000%   11.11ms
 99.900%   14.41ms
 99.990%   20.24ms
 99.999%   25.87ms
100.000%   25.90ms

  Detailed Percentile spectrum:
       Value   Percentile   TotalCount 1/(1-Percentile)

       1.631     0.000000            1         1.00
       3.285     0.100000         9963         1.11
       3.971     0.200000        19919         1.25
       4.515     0.300000        29876         1.43
       4.983     0.400000        39856         1.67
       5.439     0.500000        49821         2.00
       5.667     0.550000        54817         2.22
       5.911     0.600000        59794         2.50
       6.187     0.650000        64736         2.86
       6.499     0.700000        69759         3.33
       6.847     0.750000        74703         4.00
       7.047     0.775000        77235         4.44
       7.263     0.800000        79676         5.00
       7.503     0.825000        82189         5.71
       7.755     0.850000        84665         6.67
       8.055     0.875000        87147         8.00
       8.215     0.887500        88396         8.89
       8.391     0.900000        89667        10.00
       8.575     0.912500        90903        11.43
       8.799     0.925000        92148        13.33
       9.039     0.937500        93377        16.00
       9.167     0.943750        93988        17.78
       9.311     0.950000        94616        20.00
       9.479     0.956250        95244        22.86
       9.655     0.962500        95854        26.67
       9.863     0.968750        96486        32.00
       9.991     0.971875        96793        35.56
      10.119     0.975000        97098        40.00
      10.287     0.978125        97413        45.71
      10.463     0.981250        97737        53.33
      10.647     0.984375        98036        64.00
      10.743     0.985938        98194        71.11
      10.871     0.987500        98345        80.00
      11.023     0.989062        98501        91.43
      11.183     0.990625        98654       106.67
      11.399     0.992188        98807       128.00
      11.535     0.992969        98884       142.22
      11.703     0.993750        98964       160.00
      11.895     0.994531        99040       182.86
      12.111     0.995313        99120       213.33
      12.311     0.996094        99195       256.00
      12.471     0.996484        99235       284.44
      12.607     0.996875        99273       320.00
      12.831     0.997266        99317       365.71
      12.999     0.997656        99353       426.67
      13.271     0.998047        99390       512.00
      13.439     0.998242        99409       568.89
      13.639     0.998437        99429       640.00
      13.807     0.998633        99449       731.43
      14.159     0.998828        99468       853.33
      14.471     0.999023        99487      1024.00
      14.663     0.999121        99497      1137.78
      14.871     0.999219        99507      1280.00
      15.023     0.999316        99517      1462.86
      15.511     0.999414        99526      1706.67
      16.063     0.999512        99536      2048.00
      16.167     0.999561        99541      2275.56
      16.607     0.999609        99546      2560.00
      16.815     0.999658        99550      2925.71
      17.087     0.999707        99555      3413.33
      17.519     0.999756        99560      4096.00
      17.871     0.999780        99563      4551.11
      17.967     0.999805        99565      5120.00
      18.063     0.999829        99568      5851.43
      18.143     0.999854        99570      6826.67
      19.903     0.999878        99572      8192.00
      20.239     0.999890        99574      9102.22
      20.367     0.999902        99575     10240.00
      20.623     0.999915        99576     11702.86
      21.199     0.999927        99578     13653.33
      21.199     0.999939        99578     16384.00
      21.503     0.999945        99579     18204.44
      22.015     0.999951        99581     20480.00
      22.015     0.999957        99581     23405.71
      22.015     0.999963        99581     27306.67
      22.015     0.999969        99581     32768.00
      22.399     0.999973        99582     36408.89
      22.399     0.999976        99582     40960.00
      22.399     0.999979        99582     46811.43
      25.871     0.999982        99583     54613.33
      25.871     0.999985        99583     65536.00
      25.871     0.999986        99583     72817.78
      25.871     0.999988        99583     81920.00
      25.871     0.999989        99583     93622.86
      25.903     0.999991        99584    109226.67
      25.903     1.000000        99584          inf
#[Mean    =        5.684, StdDeviation   =        1.986]
#[Max     =       25.888, Total count    =        99584]
#[Buckets =           27, SubBuckets     =         2048]
----------------------------------------------------------
  149904 requests in 30.01s, 30.59MB read
Requests/sec:   4995.84
Transfer/sec:      1.02MB
WRKX_RESULT {"durationUs":30005788,"requests":149904,"responses":149904,"errors":0,"bytes":32079903,"latencyAvgUs":5684.067,"latencyP95Us":9311.000,"latencyP99Us":11111.000}
