Running 30s test @ http://localhost:9991/
  16 threads and 256 connections
  Thread calibration: mean lat.: 4844.476ms, rate sampling interval: 17514ms
  Thread calibration: mean lat.: 4845.734ms, rate sampling interval: 17530ms
  Thread calibration: mean lat.: 4841.260ms, rate sampling interval: 17514ms
  Thread calibration: mean lat.: 4845.999ms, rate sampling interval: 17530ms
  Thread calibration: mean lat.: 4840.385ms, rate sampling interval: 17514ms
  Thread calibration: mean lat.: 4839.343ms, rate sampling interval: 17514ms
  Thread calibration: mean lat.: 4844.729ms, rate sampling interval: 17530ms
  Thread calibration: mean lat.: 4848.021ms, rate sampling interval: 17530ms
  Thread calibration: mean lat.: 4838.705ms, rate sampling interval: 17514ms
  Thread calibration: mean lat.: 4849.592ms, rate sampling interval: 17530ms
  Thread calibration: mean lat.: 4847.279ms, rate sampling interval: 17530ms
  Thread calibration: mean lat.: 4847.656ms, rate sampling interval: 17514ms
  Thread calibration: mean lat.: 4843.020ms, rate sampling interval: 17514ms
  Thread calibration: mean lat.: 4846.222ms, rate sampling interval: 17530ms
  Thread calibration: mean lat.: 4425.841ms, rate sampling interval: 15876ms
  Thread calibration: mean lat.: 4840.035ms, rate sampling interval: 17530ms
  Thread Stats   Avg      Stdev     Max   +/- Stdev
    Latency    19.21s     5.54s   28.95s    58.19%
    Req/Sec   430.50      0.61   432.00    100.00%
  Latency Distribution (HdrHistogram - Recorded Latency)
 50.000%   19.22s 
 75.000%   24.00s 
 90.000%   26.92s 
 99.000%   28.72s 
 99.900%   28.92s 
 99.990%   28.97s 
 99.999%   28.97s 
100.000%   28.97s 

  Detailed Percentile spectrum:
       Value   Percentile   TotalCount 1/(1-Percentile)

    8781.823     0.000000            7         1.00
   11583.487     0.100000        13703         1.11
   13500.415     0.200000        27373         1.25
   15376.383     0.300000        41084         1.43
   17252.351     0.400000        54773         1.67
   19218.431     0.500000        68466         2.00
   20152.319     0.550000        75272         2.22
   21102.591     0.600000        82133         2.50
   22052.863     0.650000        88964         2.86
   23035.903     0.700000        95822         3.33
   24002.559     0.750000       102688         4.00
   24461.311     0.775000       106089         4.44
   24920.063     0.800000       109423         5.00
   25427.967     0.825000       112942         5.71
   25903.103     0.850000       116336         6.67
   26394.623     0.875000       119723         8.00
   26656.767     0.887500       121456         8.89
   26918.911     0.900000       123160        10.00
   27164.671     0.912500       124842        11.43
   27410.431     0.925000       126523        13.33
   27656.191     0.937500       128283        16.00
   27770.879     0.943750       129108        17.78
   27901.951     0.950000       129993        20.00
   28016.639     0.956250       130793        22.86
   28164.095     0.962500       131739        26.67
   28295.167     0.968750       132545        32.00
   28360.703     0.971875       132994        35.56
   28426.239     0.975000       133434        40.00
   28491.775     0.978125       133875        45.71
   28540.927     0.981250       134223        53.33
   28606.463     0.984375       134658        64.00
   28639.231     0.985938       134871        71.11
   28671.999     0.987500       135074        80.00
   28704.767     0.989062       135286        91.43
   28737.535     0.990625       135499       106.67
   28770.303     0.992188       135705       128.00
   28786.687     0.992969       135811       142.22
   28803.071     0.993750       135916       160.00
   28835.839     0.994531       136136       182.86
   28835.839     0.995313       136136       213.33
   28868.607     0.996094       136352       256.00
   28868.607     0.996484       136352       284.44
   28868.607     0.996875       136352       320.00
   28884.991     0.997266       136450       365.71
   28884.991     0.997656       136450       426.67
   28901.375     0.998047       136560       512.00
   28901.375     0.998242       136560       568.89
   28901.375     0.998437       136560       640.00
   28917.759     0.998633       136642       731.43
   28917.759     0.998828       136642       853.33
   28917.759     0.999023       136642      1024.00
   28934.143     0.999121       136705      1137.78
   28934.143     0.999219       136705      1280.00
   28934.143     0.999316       136705      1462.86
   28934.143     0.999414       136705      1706.67
   28934.143     0.999512       136705      2048.00
   28950.527     0.999561       136751      2275.56
   28950.527     0.999609       136751      2560.00
   28950.527     0.999658       136751      2925.71
   28950.527     0.999707       136751      3413.33
   28950.527     0.999756       136751      4096.00
   28950.527     0.999780       136751      4551.11
   28950.527     0.999805       136751      5120.00
   28950.527     0.999829       136751      5851.43
   28950.527     0.999854       136751      6826.67
   28966.911     0.999878       136768      8192.00
   28966.911     1.000000       136768          inf
#[Mean    =    19206.782, StdDeviation   =     5536.400]
#[Max     =    28950.528, Total count    =       136768]
#[Buckets =           27, SubBuckets     =         2048]
----------------------------------------------------------
  205162 requests in 30.00s, 41.87MB read
Requests/sec:   6837.80
Transfer/sec:      1.40MB
WRKX_RESULT {"durationUs":30004095,"requests":205162,"responses":205162,"errors":0,"bytes":43905115,"latencyAvgUs":19206781.754,"latencyP95Us":27901951.000,"latencyP99Us":28721151.000}
