Running 30s test @ http://localhost:9991/
  16 threads and 256 connections
  Thread calibration: mean lat.: 4740.249ms, rate sampling interval: 17235ms
  Thread calibration: mean lat.: 4742.315ms, rate sampling interval: 17219ms
  Thread calibration: mean lat.: 4747.173ms, rate sampling interval: 17219ms
  Thread calibration: mean lat.: 4749.746ms, rate sampling interval: 17235ms
  Thread calibration: mean lat.: 4751.578ms, rate sampling interval: 17252ms
  Thread calibration: mean lat.: 4747.636ms, rate sampling interval: 17252ms
  Thread calibration: mean lat.: 4746.762ms, rate sampling interval: 17235ms
  Thread calibration: mean lat.: 4743.072ms, rate sampling interval: 17235ms
  Thread calibration: mean lat.: 4740.871ms, rate sampling interval: 17235ms
  Thread calibration: mean lat.: 4751.013ms, rate sampling interval: 17252ms
  Thread calibration: mean lat.: 4749.555ms, rate sampling interval: 17235ms
  Thread calibration: mean lat.: 4743.844ms, rate sampling interval: 17235ms
  Thread calibration: mean lat.: 4746.378ms, rate sampling interval: 17235ms
  Thread calibration: mean lat.: 4746.047ms, rate sampling interval: 17252ms
  Thread calibration: mean lat.: 4744.143ms, rate sampling interval: 17235ms
  Thread calibration: mean lat.: 4746.069ms, rate sampling interval: 17235ms
  Thread Stats   Avg      Stdev     Max   +/- Stdev
    Latency    19.06s     5.47s   28.62s    57.85%
    Req/Sec   428.25      0.43   429.00    100.00%
  Latency Distribution (HdrHistogram - Recorded Latency)
 50.000%   19.07s 
 75.000%   23.81s 
 90.000%   26.62s 
 99.000%   28.41s 
 99.900%   28.59s 
 99.990%   28.62s 
 99.999%   28.64s 
100.000%   28.64s 

  Detailed Percentile spectrum:
       Value   Percentile   TotalCount 1/(1-Percentile)

    9560.063     0.000000            5         1.00
   11501.567     0.100000        13651         1.11
   13385.727     0.200000        27233         1.25
   15237.119     0.300000        40875         1.43
   17137.663     0.400000        54523         1.67
   19070.975     0.500000        68150         2.00
   20021.247     0.550000        74955         2.22
   20971.519     0.600000        81707         2.50
   21905.407     0.650000        88516         2.86
   22872.063     0.700000        95354         3.33
   23805.951     0.750000       102139         4.00
   24264.703     0.775000       105530         4.44
   24739.839     0.800000       108928         5.00
   25214.975     0.825000       112358         5.71
   25690.111     0.850000       115714         6.67
   26165.247     0.875000       119213         8.00
   26394.623     0.887500       120905         8.89
   26623.999     0.900000       122530        10.00
   26869.759     0.912500       124312        11.43
   27099.135     0.925000       125963        13.33
   27344.895     0.937500       127657        16.00
   27475.967     0.943750       128563        17.78
   27590.655     0.950000       129330        20.00
   27721.727     0.956250       130212        22.86
   27852.799     0.962500       131076        26.67
   27983.871     0.968750       131974        32.00
   28049.407     0.971875       132404        35.56
   28114.943     0.975000       132831        40.00
   28164.095     0.978125       133156        45.71
   28229.631     0.981250       133597        53.33
   28295.167     0.984375       134042        64.00
   28327.935     0.985938       134261        71.11
   28360.703     0.987500       134488        80.00
   28393.471     0.989062       134694        91.43
   28426.239     0.990625       134918       106.67
   28459.007     0.992188       135143       128.00
   28475.391     0.992969       135256       142.22
   28491.775     0.993750       135370       160.00
   28508.159     0.994531       135457       182.86
   28524.543     0.995313       135582       213.33
   28540.927     0.996094       135685       256.00
   28540.927     0.996484       135685       284.44
   28557.311     0.996875       135815       320.00
   28557.311     0.997266       135815       365.71
   28557.311     0.997656       135815       426.67
   28573.695     0.998047       135922       512.00
   28573.695     0.998242       135922       568.89
   28573.695     0.998437       135922       640.00
   28590.079     0.998633       136018       731.43
   28590.079     0.998828       136018       853.33
   28590.079     0.999023       136018      1024.00
   28590.079     0.999121       136018      1137.78
   28606.463     0.999219       136085      1280.00
   28606.463     0.999316       136085      1462.86
   28606.463     0.999414       136085      1706.67
   28606.463     0.999512       136085      2048.00
   28606.463     0.999561       136085      2275.56
   28606.463     0.999609       136085      2560.00
   28606.463     0.999658       136085      2925.71
   28622.847     0.999707       136117      3413.33
   28622.847     0.999756       136117      4096.00
   28622.847     0.999780       136117      4551.11
   28622.847     0.999805       136117      5120.00
   28622.847     0.999829       136117      5851.43
   28622.847     0.999854       136117      6826.67
   28622.847     0.999878       136117      8192.00
   28622.847     0.999890       136117      9102.22
   28622.847     0.999902       136117     10240.00
   28622.847     0.999915       136117     11702.86
   28639.231     0.999927       136128     13653.33
   28639.231     1.000000       136128          inf
#[Mean    =    19055.523, StdDeviation   =     5471.289]
#[Max     =    28622.848, Total count    =       136128]
#[Buckets =           27, SubBuckets     =         2048]
----------------------------------------------------------
  204092 requests in 30.00s, 41.65MB read
Requests/sec:   6802.05
Transfer/sec:      1.39MB
WRKX_RESULT {"durationUs":30004488,"requests":204092,"responses":204092,"errors":0,"bytes":43675837,"latencyAvgUs":19055522.633,"latencyP95Us":27590655.000,"latencyP99Us":28409855.000}
