Running 30s test @ http://localhost:9991/
  16 threads and 256 connections
  Thread calibration: mean lat.: 3650.477ms, rate sampling interval: 13148ms
  Thread calibration: mean lat.: 3647.819ms, rate sampling interval: 13148ms
  Thread calibration: mean lat.: 3652.963ms, rate sampling interval: 13148ms
  Thread calibration: mean lat.: 3650.464ms, rate sampling interval: 13139ms
  Thread calibration: mean lat.: 3650.848ms, rate sampling interval: 13148ms
  Thread calibration: mean lat.: 3649.096ms, rate sampling interval: 13148ms
  Thread calibration: mean lat.: 3653.025ms, rate sampling interval: 13139ms
  Thread calibration: mean lat.: 3650.078ms, rate sampling interval: 13139ms
  Thread calibration: mean lat.: 3651.342ms, rate sampling interval: 13148ms
  Thread calibration: mean lat.: 3647.112ms, rate sampling interval: 13139ms
  Thread calibration: mean lat.: 3652.329ms, rate sampling interval: 13139ms
  Thread calibration: mean lat.: 3655.228ms, rate sampling interval: 13148ms
  Thread calibration: mean lat.: 3649.117ms, rate sampling interval: 13139ms
  Thread calibration: mean lat.: 3650.262ms, rate sampling interval: 13139ms
  Thread calibration: mean lat.: 3652.579ms, rate sampling interval: 13139ms
  Thread calibration: mean lat.: 3658.237ms, rate sampling interval: 13123ms
  Thread Stats   Avg      Stdev     Max   +/- Stdev
    Latency    14.55s     4.19s   21.86s    57.81%
    Req/Sec   425.25      0.43   426.00    100.00%
  Latency Distribution (HdrHistogram - Recorded Latency)
 50.000%   14.51s 
 75.000%   18.22s 
 90.000%   20.38s 
 99.000%   21.69s 
 99.900%   21.82s 
 99.990%   21.84s 
 99.999%   21.86s 
100.000%   21.87s 

  Detailed Percentile spectrum:
       Value   Percentile   TotalCount 1/(1-Percentile)

    7286.783     0.000000            3         1.00
    8765.439     0.100000        13566         1.11
   10231.807     0.200000        27071         1.25
   11657.215     0.300000        40567         1.43
   13066.239     0.400000        54104         1.67
   14508.031     0.500000        67650         2.00
   15228.927     0.550000        74408         2.22
   15974.399     0.600000        81191         2.50
   16687.103     0.650000        87909         2.86
   17448.959     0.700000        94678         3.33
   18219.007     0.750000       101455         4.00
   18579.455     0.775000       104830         4.44
   18923.519     0.800000       108254         5.00
   19283.967     0.825000       111619         5.71
   19644.415     0.850000       114922         6.67
   20021.247     0.875000       118301         8.00
   20217.855     0.887500       120123         8.89
   20381.695     0.900000       121704        10.00
   20578.303     0.912500       123502        11.43
   20758.527     0.925000       125096        13.33
   20938.751     0.937500       126812        16.00
   21020.671     0.943750       127590        17.78
   21118.975     0.950000       128539        20.00
   21200.895     0.956250       129306        22.86
   21299.199     0.962500       130248        26.67
   21381.119     0.968750       131004        32.00
   21430.271     0.971875       131431        35.56
   21479.423     0.975000       131895        40.00
   21528.575     0.978125       132386        45.71
   21561.343     0.981250       132707        53.33
   21610.495     0.984375       133170        64.00
   21626.879     0.985938       133324        71.11
   21659.647     0.987500       133628        80.00
   21676.031     0.989062       133789        91.43
   21692.415     0.990625       133937       106.67
   21725.183     0.992188       134258       128.00
   21725.183     0.992969       134258       142.22
   21741.567     0.993750       134417       160.00
   21757.951     0.994531       134580       182.86
   21757.951     0.995313       134580       213.33
   21774.335     0.996094       134743       256.00
   21774.335     0.996484       134743       284.44
   21790.719     0.996875       134892       320.00
   21790.719     0.997266       134892       365.71
   21790.719     0.997656       134892       426.67
   21807.103     0.998047       135055       512.00
   21807.103     0.998242       135055       568.89
   21807.103     0.998437       135055       640.00
   21807.103     0.998633       135055       731.43
   21807.103     0.998828       135055       853.33
   21823.487     0.999023       135142      1024.00
   21823.487     0.999121       135142      1137.78
   21823.487     0.999219       135142      1280.00
   21823.487     0.999316       135142      1462.86
   21823.487     0.999414       135142      1706.67
   21823.487     0.999512       135142      2048.00
   21823.487     0.999561       135142      2275.56
   21823.487     0.999609       135142      2560.00
   21839.871     0.999658       135189      2925.71
   21839.871     0.999707       135189      3413.33
   21839.871     0.999756       135189      4096.00
   21839.871     0.999780       135189      4551.11
   21839.871     0.999805       135189      5120.00
   21839.871     0.999829       135189      5851.43
   21839.871     0.999854       135189      6826.67
   21839.871     0.999878       135189      8192.00
   21839.871     0.999890       135189      9102.22
   21839.871     0.999902       135189     10240.00
   21839.871     0.999915       135189     11702.86
   21839.871     0.999927       135189     13653.33
   21839.871     0.999939       135189     16384.00
   21839.871     0.999945       135189     18204.44
   21839.871     0.999951       135189     20480.00
   21839.871     0.999957       135189     23405.71
   21839.871     0.999963       135189     27306.67
   21839.871     0.999969       135189     32768.00
   21856.255     0.999973       135192     36408.89
   21856.255     0.999976       135192     40960.00
   21856.255     0.999979       135192     46811.43
   21856.255     0.999982       135192     54613.33
   21856.255     0.999985       135192     65536.00
   21856.255     0.999986       135192     72817.78
   21856.255     0.999988       135192     81920.00
   21856.255     0.999989       135192     93622.86
   21856.255     0.999991       135192    109226.67
   21856.255     0.999992       135192    131072.00
   21872.639     0.999993       135193    145635.56
   21872.639     1.000000       135193          inf
#[Mean    =    14547.602, StdDeviation   =     4190.073]
#[Max     =    21856.256, Total count    =       135193]
#[Buckets =           27, SubBuckets     =         2048]
----------------------------------------------------------
  203627 requests in 30.00s, 41.56MB read
Requests/sec:   6787.46
Transfer/sec:      1.39MB
WRKX_RESULT {"durationUs":30000479,"requests":203627,"responses":203627,"errors":0,"bytes":43577370,"latencyAvgUs":14547602.212,"latencyP95Us":21118975.000,"latencyP99Us":21692415.000}
