Running 30s test @ http://localhost:9991/
  16 threads and 256 connections
  Thread calibration: mean lat.: 2726.195ms, rate sampling interval: 9764ms
  Thread calibration: mean lat.: 2724.961ms, rate sampling interval: 9764ms
  Thread calibration: mean lat.: 2733.031ms, rate sampling interval: 9789ms
  Thread calibration: mean lat.: 2723.869ms, rate sampling interval: 9764ms
  Thread calibration: mean lat.: 2729.438ms, rate sampling interval: 9773ms
  Thread calibration: mean lat.: 2723.502ms, rate sampling interval: 9773ms
  Thread calibration: mean lat.: 2723.667ms, rate sampling interval: 9773ms
  Thread calibration: mean lat.: 2722.361ms, rate sampling interval: 9756ms
  Thread calibration: mean lat.: 2730.681ms, rate sampling interval: 9773ms
  Thread calibration: mean lat.: 2722.587ms, rate sampling interval: 9764ms
  Thread calibration: mean lat.: 2722.524ms, rate sampling interval: 9773ms
  Thread calibration: mean lat.: 2728.018ms, rate sampling interval: 9781ms
  Thread calibration: mean lat.: 2727.180ms, rate sampling interval: 9773ms
  Thread calibration: mean lat.: 2728.747ms, rate sampling interval: 9773ms
  Thread calibration: mean lat.: 2727.844ms, rate sampling interval: 9773ms
  Thread calibration: mean lat.: 2726.361ms, rate sampling interval: 9773ms
  Thread Stats   Avg      Stdev     Max   +/- Stdev
    Latency    10.80s     3.09s   16.23s    57.83%
    Req/Sec   431.31      0.98   433.00    100.00%
  Latency Distribution (HdrHistogram - Recorded Latency)
 50.000%   10.78s 
 75.000%   13.52s 
 90.000%   15.08s 
 99.000%   16.08s 
 99.900%   16.18s 
 99.990%   16.21s 
 99.999%   16.23s 
100.000%   16.24s 

  Detailed Percentile spectrum:
       Value   Percentile   TotalCount 1/(1-Percentile)

    5406.719     0.000000            3         1.00
    6524.927     0.100000        13788         1.11
    7606.271     0.200000        27550         1.25
    8658.943     0.300000        41270         1.43
    9715.711     0.400000        55021         1.67
   10780.671     0.500000        68848         2.00
   11321.343     0.550000        75694         2.22
   11862.015     0.600000        82624         2.50
   12427.263     0.650000        89463         2.86
   12976.127     0.700000        96307         3.33
   13516.799     0.750000       103175         4.00
   13770.751     0.775000       106682         4.44
   14016.511     0.800000       110044         5.00
   14278.655     0.825000       113531         5.71
   14540.799     0.850000       116954         6.67
   14811.135     0.875000       120424         8.00
   14950.399     0.887500       122130         8.89
   15081.471     0.900000       123883        10.00
   15212.543     0.912500       125549        11.43
   15351.807     0.925000       127270        13.33
   15491.071     0.937500       129048        16.00
   15556.607     0.943750       129885        17.78
   15622.143     0.950000       130685        20.00
   15695.871     0.956250       131580        22.86
   15761.407     0.962500       132423        26.67
   15826.943     0.968750       133260        32.00
   15867.903     0.971875       133751        35.56
   15900.671     0.975000       134143        40.00
   15941.631     0.978125       134581        45.71
   15982.591     0.981250       135028        53.33
   16015.359     0.984375       135404        64.00
   16039.935     0.985938       135700        71.11
   16056.319     0.987500       135892        80.00
   16072.703     0.989062       136100        91.43
   16089.087     0.990625       136309       106.67
   16105.471     0.992188       136531       128.00
   16113.663     0.992969       136635       142.22
   16121.855     0.993750       136745       160.00
   16130.047     0.994531       136856       182.86
   16138.239     0.995313       136963       213.33
   16146.431     0.996094       137079       256.00
   16146.431     0.996484       137079       284.44
   16154.623     0.996875       137178       320.00
   16154.623     0.997266       137178       365.71
   16162.815     0.997656       137292       426.67
   16162.815     0.998047       137292       512.00
   16171.007     0.998242       137361       568.89
   16171.007     0.998437       137361       640.00
   16171.007     0.998633       137361       731.43
   16179.199     0.998828       137437       853.33
   16179.199     0.999023       137437      1024.00
   16179.199     0.999121       137437      1137.78
   16187.391     0.999219       137483      1280.00
   16187.391     0.999316       137483      1462.86
   16187.391     0.999414       137483      1706.67
   16187.391     0.999512       137483      2048.00
   16195.583     0.999561       137516      2275.56
   16195.583     0.999609       137516      2560.00
   16195.583     0.999658       137516      2925.71
   16195.583     0.999707       137516      3413.33
   16195.583     0.999756       137516      4096.00
   16203.775     0.999780       137531      4551.11
   16203.775     0.999805       137531      5120.00
   16203.775     0.999829       137531      5851.43
   16203.775     0.999854       137531      6826.67
   16211.967     0.999878       137541      8192.00
   16211.967     0.999890       137541      9102.22
   16211.967     0.999902       137541     10240.00
   16211.967     0.999915       137541     11702.86
   16211.967     0.999927       137541     13653.33
   16211.967     0.999939       137541     16384.00
   16220.159     0.999945       137547     18204.44
   16220.159     0.999951       137547     20480.00
   16220.159     0.999957       137547     23405.71
   16220.159     0.999963       137547     27306.67
   16220.159     0.999969       137547     32768.00
   16220.159     0.999973       137547     36408.89
   16220.159     0.999976       137547     40960.00
   16220.159     0.999979       137547     46811.43
   16220.159     0.999982       137547     54613.33
   16220.159     0.999985       137547     65536.00
   16228.351     0.999986       137548     72817.78
   16228.351     0.999988       137548     81920.00
   16228.351     0.999989       137548     93622.86
   16228.351     0.999991       137548    109226.67
   16228.351     0.999992       137548    131072.00
   16236.543     0.999993       137549    145635.56
   16236.543     1.000000       137549          inf
#[Mean    =    10802.273, StdDeviation   =     3092.634]
#[Max     =    16228.352, Total count    =       137549]
#[Buckets =           27, SubBuckets     =         2048]
----------------------------------------------------------
  206862 requests in 30.00s, 42.22MB read
Requests/sec:   6894.32
Transfer/sec:      1.41MB
WRKX_RESULT {"durationUs":30004679,"requests":206862,"responses":206862,"errors":0,"bytes":44268766,"latencyAvgUs":10802272.817,"latencyP95Us":15622143.000,"latencyP99Us":16080895.000}
