Running 30s test @ http://localhost:9991/
  16 threads and 256 connections
  Thread calibration: mean lat.: 1483.148ms, rate sampling interval: 5554ms
  Thread calibration: mean lat.: 1478.381ms, rate sampling interval: 5562ms
  Thread calibration: mean lat.: 1472.663ms, rate sampling interval: 5537ms
  Thread calibration: mean lat.: 1476.985ms, rate sampling interval: 5550ms
  Thread calibration: mean lat.: 1477.438ms, rate sampling interval: 5558ms
  Thread calibration: mean lat.: 1464.471ms, rate sampling interval: 5255ms
  Thread calibration: mean lat.: 1480.032ms, rate sampling interval: 5558ms
  Thread calibration: mean lat.: 1476.741ms, rate sampling interval: 5545ms
  Thread calibration: mean lat.: 1480.229ms, rate sampling interval: 5558ms
  Thread calibration: mean lat.: 1476.496ms, rate sampling interval: 5550ms
  Thread calibration: mean lat.: 1462.185ms, rate sampling interval: 5255ms
  Thread calibration: mean lat.: 1474.458ms, rate sampling interval: 5545ms
  Thread calibration: mean lat.: 1485.724ms, rate sampling interval: 5574ms
  Thread calibration: mean lat.: 1476.276ms, rate sampling interval: 5550ms
  Thread calibration: mean lat.: 1479.645ms, rate sampling interval: 5558ms
  Thread calibration: mean lat.: 1477.290ms, rate sampling interval: 5562ms
  Thread Stats   Avg      Stdev     Max   +/- Stdev
    Latency     6.25s     1.82s    9.49s    58.33%
    Req/Sec   425.98      3.33   433.00     83.33%
  Latency Distribution (HdrHistogram - Recorded Latency)
 50.000%    6.29s 
 75.000%    7.82s 
 90.000%    8.72s 
 99.000%    9.35s 
 99.900%    9.44s 
 99.990%    9.48s 
 99.999%    9.49s 
100.000%    9.50s 

  Detailed Percentile spectrum:
       Value   Percentile   TotalCount 1/(1-Percentile)

    2875.391     0.000000            1         1.00
    3692.543     0.100000        13630         1.11
    4370.431     0.200000        27224         1.25
    4993.023     0.300000        40818         1.43
    5648.383     0.400000        54381         1.67
    6291.455     0.500000        67954         2.00
    6606.847     0.550000        74765         2.22
    6918.143     0.600000        81552         2.50
    7241.727     0.650000        88354         2.86
    7524.351     0.700000        95123         3.33
    7819.263     0.750000       101894         4.00
    7974.911     0.775000       105336         4.44
    8122.367     0.800000       108707         5.00
    8278.015     0.825000       112165         5.71
    8429.567     0.850000       115556         6.67
    8577.023     0.875000       118930         8.00
    8650.751     0.887500       120647         8.89
    8724.479     0.900000       122289        10.00
    8814.591     0.912500       124022        11.43
    8904.703     0.925000       125755        13.33
    8994.815     0.937500       127484        16.00
    9035.775     0.943750       128339        17.78
    9076.735     0.950000       129198        20.00
    9109.503     0.956250       129936        22.86
    9150.463     0.962500       130821        26.67
    9191.423     0.968750       131681        32.00
    9215.999     0.971875       132185        35.56
    9232.383     0.975000       132504        40.00
    9256.959     0.978125       132964        45.71
    9281.535     0.981250       133421        53.33
    9306.111     0.984375       133847        64.00
    9314.303     0.985938       134003        71.11
    9330.687     0.987500       134277        80.00
    9338.879     0.989062       134429        91.43
    9355.263     0.990625       134713       106.67
    9363.455     0.992188       134863       128.00
    9371.647     0.992969       134987       142.22
    9379.839     0.993750       135126       160.00
    9379.839     0.994531       135126       182.86
    9388.031     0.995313       135257       213.33
    9396.223     0.996094       135377       256.00
    9396.223     0.996484       135377       284.44
    9404.415     0.996875       135475       320.00
    9412.607     0.997266       135569       365.71
    9412.607     0.997656       135569       426.67
    9420.799     0.998047       135642       512.00
    9420.799     0.998242       135642       568.89
    9420.799     0.998437       135642       640.00
    9428.991     0.998633       135699       731.43
    9428.991     0.998828       135699       853.33
    9437.183     0.999023       135745      1024.00
    9437.183     0.999121       135745      1137.78
    9445.375     0.999219       135780      1280.00
    9445.375     0.999316       135780      1462.86
    9445.375     0.999414       135780      1706.67
    9453.567     0.999512       135801      2048.00
    9453.567     0.999561       135801      2275.56
    9453.567     0.999609       135801      2560.00
    9461.759     0.999658       135820      2925.71
    9461.759     0.999707       135820      3413.33
    9461.759     0.999756       135820      4096.00
    9469.951     0.999780       135831      4551.11
    9469.951     0.999805       135831      5120.00
    9469.951     0.999829       135831      5851.43
    9478.143     0.999854       135840      6826.67
    9478.143     0.999878       135840      8192.00
    9478.143     0.999890       135840      9102.22
    9478.143     0.999902       135840     10240.00
    9486.335     0.999915       135848     11702.86
    9486.335     0.999927       135848     13653.33
    9486.335     0.999939       135848     16384.00
    9486.335     0.999945       135848     18204.44
    9486.335     0.999951       135848     20480.00
    9486.335     0.999957       135848     23405.71
    9486.335     0.999963       135848     27306.67
    9486.335     0.999969       135848     32768.00
    9494.527     0.999973       135851     36408.89
    9494.527     0.999976       135851     40960.00
    9494.527     0.999979       135851     46811.43
    9494.527     0.999982       135851     54613.33
    9494.527     0.999985       135851     65536.00
    9494.527     0.999986       135851     72817.78
    9494.527     0.999988       135851     81920.00
    9494.527     0.999989       135851     93622.86
    9494.527     0.999991       135851    109226.67
    9494.527     0.999992       135851    131072.00
    9502.719     0.999993       135852    145635.56
    9502.719     1.000000       135852          inf
#[Mean    =     6252.384, StdDeviation   =     1821.370]
#[Max     =     9494.528, Total count    =       135852]
#[Buckets =           27, SubBuckets     =         2048]
----------------------------------------------------------
  204579 requests in 30.01s, 41.75MB read
Requests/sec:   6818.02
Transfer/sec:      1.39MB
WRKX_RESULT {"durationUs":30005646,"requests":204579,"responses":204579,"errors":0,"bytes":43780949,"latencyAvgUs":6252384.466,"latencyP95Us":9076735.000,"latencyP99Us":9347071.000}
