Running 30s test @ http://localhost:9991/
  16 threads and 256 connections
  Thread calibration: mean lat.: 3864.743ms, rate sampling interval: 13983ms
  Thread calibration: mean lat.: 3866.560ms, rate sampling interval: 13975ms
  Thread calibration: mean lat.: 3867.360ms, rate sampling interval: 13983ms
  Thread calibration: mean lat.: 3869.729ms, rate sampling interval: 13975ms
  Thread calibration: mean lat.: 3868.337ms, rate sampling interval: 13983ms
  Thread calibration: mean lat.: 3859.849ms, rate sampling interval: 13983ms
  Thread calibration: mean lat.: 3868.093ms, rate sampling interval: 13983ms
  Thread calibration: mean lat.: 3864.318ms, rate sampling interval: 13983ms
  Thread calibration: mean lat.: 3864.972ms, rate sampling interval: 13975ms
  Thread calibration: mean lat.: 3871.183ms, rate sampling interval: 13983ms
  Thread calibration: mean lat.: 3862.940ms, rate sampling interval: 13975ms
  Thread calibration: mean lat.: 3863.962ms, rate sampling interval: 13967ms
  Thread calibration: mean lat.: 3875.400ms, rate sampling interval: 13991ms
  Thread calibration: mean lat.: 3869.979ms, rate sampling interval: 13991ms
  Thread calibration: mean lat.: 3870.291ms, rate sampling interval: 13983ms
  Thread calibration: mean lat.: 3865.492ms, rate sampling interval: 13983ms
  Thread Stats   Avg      Stdev     Max   +/- Stdev
    Latency    15.41s     4.40s   23.17s    58.21%
    Req/Sec   429.19      0.39   430.00    100.00%
  Latency Distribution (HdrHistogram - Recorded Latency)
 50.000%   15.44s 
 75.000%   19.19s 
 90.000%   21.54s 
 99.000%   22.99s 
 99.900%   23.13s 
 99.990%   23.17s 
 99.999%   23.18s 
100.000%   23.18s 

  Detailed Percentile spectrum:
       Value   Percentile   TotalCount 1/(1-Percentile)

    7729.151     0.000000            1         1.00
    9306.111     0.100000        13643         1.11
   10854.399     0.200000        27208         1.25
   12419.071     0.300000        40738         1.43
   13926.399     0.400000        54368         1.67
   15441.919     0.500000        67879         2.00
   16195.583     0.550000        74741         2.22
   16924.671     0.600000        81595         2.50
   17661.951     0.650000        88317         2.86
   18415.615     0.700000        95152         3.33
   19185.663     0.750000       101933         4.00
   19562.495     0.775000       105291         4.44
   19955.711     0.800000       108712         5.00
   20348.927     0.825000       112092         5.71
   20725.759     0.850000       115413         6.67
   21135.359     0.875000       118823         8.00
   21331.967     0.887500       120484         8.89
   21544.959     0.900000       122260        10.00
   21741.567     0.912500       123893        11.43
   21938.175     0.925000       125597        13.33
   22134.783     0.937500       127286        16.00
   22249.471     0.943750       128224        17.78
   22347.775     0.950000       129040        20.00
   22446.079     0.956250       129835        22.86
   22560.767     0.962500       130766        26.67
   22659.071     0.968750       131601        32.00
   22708.223     0.971875       132049        35.56
   22757.375     0.975000       132468        40.00
   22806.527     0.978125       132855        45.71
   22855.679     0.981250       133295        53.33
   22904.831     0.984375       133727        64.00
   22921.215     0.985938       133851        71.11
   22953.983     0.987500       134133        80.00
   22970.367     0.989062       134288        91.43
   23003.135     0.990625       134567       106.67
   23019.519     0.992188       134709       128.00
   23035.903     0.992969       134838       142.22
   23052.287     0.993750       134975       160.00
   23068.671     0.994531       135093       182.86
   23085.055     0.995313       135247       213.33
   23085.055     0.996094       135247       256.00
   23101.439     0.996484       135374       284.44
   23101.439     0.996875       135374       320.00
   23117.823     0.997266       135521       365.71
   23117.823     0.997656       135521       426.67
   23117.823     0.998047       135521       512.00
   23117.823     0.998242       135521       568.89
   23134.207     0.998437       135635       640.00
   23134.207     0.998633       135635       731.43
   23134.207     0.998828       135635       853.33
   23134.207     0.999023       135635      1024.00
   23134.207     0.999121       135635      1137.78
   23150.591     0.999219       135719      1280.00
   23150.591     0.999316       135719      1462.86
   23150.591     0.999414       135719      1706.67
   23150.591     0.999512       135719      2048.00
   23150.591     0.999561       135719      2275.56
   23150.591     0.999609       135719      2560.00
   23150.591     0.999658       135719      2925.71
   23150.591     0.999707       135719      3413.33
   23166.975     0.999756       135746      4096.00
   23166.975     0.999780       135746      4551.11
   23166.975     0.999805       135746      5120.00
   23166.975     0.999829       135746      5851.43
   23166.975     0.999854       135746      6826.67
   23166.975     0.999878       135746      8192.00
   23166.975     0.999890       135746      9102.22
   23166.975     0.999902       135746     10240.00
   23166.975     0.999915       135746     11702.86
   23166.975     0.999927       135746     13653.33
   23166.975     0.999939       135746     16384.00
   23183.359     0.999945       135754     18204.44
   23183.359     1.000000       135754          inf
#[Mean    =    15413.987, StdDeviation   =     4404.364]
#[Max     =    23166.976, Total count    =       135754]
#[Buckets =           27, SubBuckets     =         2048]
----------------------------------------------------------
  204600 requests in 30.00s, 41.76MB read
Requests/sec:   6818.98
Transfer/sec:      1.39MB
WRKX_RESULT {"durationUs":30004491,"requests":204600,"responses":204600,"errors":0,"bytes":43784996,"latencyAvgUs":15413986.601,"latencyP95Us":22347775.000,"latencyP99Us":22986751.000}
