Running 30s test @ http://localhost:9991/
  16 threads and 256 connections
  Thread calibration: mean lat.: 4342.550ms, rate sampling interval: 15622ms
  Thread calibration: mean lat.: 4330.082ms, rate sampling interval: 15605ms
  Thread calibration: mean lat.: 4329.046ms, rate sampling interval: 15589ms
  Thread calibration: mean lat.: 4337.827ms, rate sampling interval: 15597ms
  Thread calibration: mean lat.: 4331.791ms, rate sampling interval: 15605ms
  Thread calibration: mean lat.: 4333.481ms, rate sampling interval: 15597ms
  Thread calibration: mean lat.: 4329.496ms, rate sampling interval: 15589ms
  Thread calibration: mean lat.: 4332.440ms, rate sampling interval: 15589ms
  Thread calibration: mean lat.: 4340.422ms, rate sampling interval: 15597ms
  Thread calibration: mean lat.: 4329.138ms, rate sampling interval: 15597ms
  Thread calibration: mean lat.: 4331.654ms, rate sampling interval: 15597ms
  Thread calibration: mean lat.: 4337.376ms, rate sampling interval: 15597ms
  Thread calibration: mean lat.: 4330.739ms, rate sampling interval: 15597ms
  Thread calibration: mean lat.: 4338.593ms, rate sampling interval: 15605ms
  Thread calibration: mean lat.: 4341.128ms, rate sampling interval: 15589ms
  Thread calibration: mean lat.: 4339.975ms, rate sampling interval: 15622ms
  Thread Stats   Avg      Stdev     Max   +/- Stdev
    Latency    17.28s     4.96s   25.97s    57.96%
    Req/Sec   417.44      0.50   418.00    100.00%
  Latency Distribution (HdrHistogram - Recorded Latency)
 50.000%   17.30s 
 75.000%   21.58s 
 90.000%   24.18s 
 99.000%   25.79s 
 99.900%   25.95s 
 99.990%   25.99s 
 99.999%   25.99s 
100.000%   25.99s 

  Detailed Percentile spectrum:
       Value   Percentile   TotalCount 1/(1-Percentile)

    8667.135     0.000000            1         1.00
   10395.647     0.100000        13279         1.11
   12156.927     0.200000        26552         1.25
   13844.479     0.300000        39783         1.43
   15556.607     0.400000        53073         1.67
   17301.503     0.500000        66367         2.00
   18137.087     0.550000        73023         2.22
   18989.055     0.600000        79627         2.50
   19857.407     0.650000        86240         2.86
   20692.991     0.700000        92885         3.33
   21577.727     0.750000        99499         4.00
   22020.095     0.775000       102876         4.44
   22429.695     0.800000       106151         5.00
   22855.679     0.825000       109382         5.71
   23281.663     0.850000       112704         6.67
   23740.415     0.875000       116112         8.00
   23953.407     0.887500       117677         8.89
   24182.783     0.900000       119446        10.00
   24395.775     0.912500       121075        11.43
   24625.151     0.925000       122730        13.33
   24838.143     0.937500       124302        16.00
   24952.831     0.943750       125134        17.78
   25083.903     0.950000       126044        20.00
   25198.591     0.956250       126874        22.86
   25313.279     0.962500       127715        26.67
   25427.967     0.968750       128553        32.00
   25477.119     0.971875       128928        35.56
   25526.271     0.975000       129304        40.00
   25575.423     0.978125       129690        45.71
   25640.959     0.981250       130179        53.33
   25690.111     0.984375       130545        64.00
   25722.879     0.985938       130792        71.11
   25755.647     0.987500       131030        80.00
   25772.031     0.989062       131140        91.43
   25804.799     0.990625       131365       106.67
   25837.567     0.992188       131614       128.00
   25853.951     0.992969       131745       142.22
   25870.335     0.993750       131868       160.00
   25870.335     0.994531       131868       182.86
   25886.719     0.995313       132003       213.33
   25903.103     0.996094       132120       256.00
   25903.103     0.996484       132120       284.44
   25919.487     0.996875       132258       320.00
   25919.487     0.997266       132258       365.71
   25935.871     0.997656       132375       426.67
   25935.871     0.998047       132375       512.00
   25935.871     0.998242       132375       568.89
   25935.871     0.998437       132375       640.00
   25952.255     0.998633       132479       731.43
   25952.255     0.998828       132479       853.33
   25952.255     0.999023       132479      1024.00
   25952.255     0.999121       132479      1137.78
   25952.255     0.999219       132479      1280.00
   25968.639     0.999316       132547      1462.86
   25968.639     0.999414       132547      1706.67
   25968.639     0.999512       132547      2048.00
   25968.639     0.999561       132547      2275.56
   25968.639     0.999609       132547      2560.00
   25968.639     0.999658       132547      2925.71
   25968.639     0.999707       132547      3413.33
   25968.639     0.999756       132547      4096.00
   25985.023     0.999780       132578      4551.11
   25985.023     1.000000       132578          inf
#[Mean    =    17282.665, StdDeviation   =     4964.821]
#[Max     =    25968.640, Total count    =       132578]
#[Buckets =           27, SubBuckets     =         2048]
----------------------------------------------------------
  200013 requests in 30.00s, 40.82MB read
Requests/sec:   6666.24
Transfer/sec:      1.36MB
WRKX_RESULT {"durationUs":30003876,"requests":200013,"responses":200013,"errors":0,"bytes":42803229,"latencyAvgUs":17282664.804,"latencyP95Us":25083903.000,"latencyP99Us":25788415.000}
