Running 30s test @ http://localhost:9991/postgres/orders
  16 threads and 256 connections
  Thread calibration: mean lat.: 2968.608ms, rate sampling interval: 10788ms
  Thread calibration: mean lat.: 2969.095ms, rate sampling interval: 10780ms
  Thread calibration: mean lat.: 2972.844ms, rate sampling interval: 10780ms
  Thread calibration: mean lat.: 2967.941ms, rate sampling interval: 10780ms
  Thread calibration: mean lat.: 2973.456ms, rate sampling interval: 10788ms
  Thread calibration: mean lat.: 2970.942ms, rate sampling interval: 10780ms
  Thread calibration: mean lat.: 2970.668ms, rate sampling interval: 10780ms
  Thread calibration: mean lat.: 2972.880ms, rate sampling interval: 10788ms
  Thread calibration: mean lat.: 2971.338ms, rate sampling interval: 10788ms
  Thread calibration: mean lat.: 2974.211ms, rate sampling interval: 10788ms
  Thread calibration: mean lat.: 2974.519ms, rate sampling interval: 10780ms
  Thread calibration: mean lat.: 2970.898ms, rate sampling interval: 10780ms
  Thread calibration: mean lat.: 2977.782ms, rate sampling interval: 10788ms
  Thread calibration: mean lat.: 2975.038ms, rate sampling interval: 10788ms
  Thread calibration: mean lat.: 2971.820ms, rate sampling interval: 10788ms
  Thread calibration: mean lat.: 2720.478ms, rate sampling interval: 9805ms
  Thread Stats   Avg      Stdev     Max   +/- Stdev
    Latency    11.99s     3.45s   17.99s    57.82%
    Req/Sec   742.88      3.34   756.00     94.12%
  Latency Distribution (HdrHistogram - Recorded Latency)
 50.000%   12.03s 
 75.000%   14.97s 
 90.000%   16.74s 
 99.000%   17.83s 
 99.900%   17.96s 
 99.990%   17.99s 
 99.999%   18.01s 
100.000%   18.01s 

  Detailed Percentile spectrum:
       Value   Percentile   TotalCount 1/(1-Percentile)

    5451.775     0.000000            1         1.00
    7176.191     0.100000        23947         1.11
    8396.799     0.200000        47838         1.25
    9601.023     0.300000        71693         1.43
   10829.823     0.400000        95656         1.67
   12034.047     0.500000       119558         2.00
   12656.639     0.550000       131461         2.22
   13238.271     0.600000       143468         2.50
   13811.711     0.650000       155311         2.86
   14385.151     0.700000       167230         3.33
   14974.975     0.750000       179230         4.00
   15278.079     0.775000       185186         4.44
   15581.183     0.800000       191075         5.00
   15876.095     0.825000       197065         5.71
   16171.007     0.850000       203030         6.67
   16457.727     0.875000       209074         8.00
   16596.991     0.887500       212060         8.89
   16744.447     0.900000       215101        10.00
   16891.903     0.912500       218078        11.43
   17039.359     0.925000       221155        13.33
   17170.431     0.937500       224050        16.00
   17252.351     0.943750       225720        17.78
   17317.887     0.950000       226984        20.00
   17399.807     0.956250       228667        22.86
   17465.343     0.962500       229913        26.67
   17547.263     0.968750       231458        32.00
   17596.415     0.971875       232384        35.56
   17629.183     0.975000       232995        40.00
   17678.335     0.978125       233872        45.71
   17711.103     0.981250       234478        53.33
   17760.255     0.984375       235364        64.00
   17776.639     0.985938       235650        71.11
   17793.023     0.987500       235921        80.00
   17825.791     0.989062       236484        91.43
   17842.175     0.990625       236771       106.67
   17858.559     0.992188       237060       128.00
   17874.943     0.992969       237337       142.22
   17891.327     0.993750       237614       160.00
   17891.327     0.994531       237614       182.86
   17907.711     0.995313       237887       213.33
   17924.095     0.996094       238165       256.00
   17924.095     0.996484       238165       284.44
   17924.095     0.996875       238165       320.00
   17940.479     0.997266       238429       365.71
   17940.479     0.997656       238429       426.67
   17940.479     0.998047       238429       512.00
   17940.479     0.998242       238429       568.89
   17956.863     0.998437       238663       640.00
   17956.863     0.998633       238663       731.43
   17956.863     0.998828       238663       853.33
   17956.863     0.999023       238663      1024.00
   17956.863     0.999121       238663      1137.78
   17956.863     0.999219       238663      1280.00
   17973.247     0.999316       238795      1462.86
   17973.247     0.999414       238795      1706.67
   17973.247     0.999512       238795      2048.00
   17973.247     0.999561       238795      2275.56
   17973.247     0.999609       238795      2560.00
   17973.247     0.999658       238795      2925.71
   17973.247     0.999707       238795      3413.33
   17973.247     0.999756       238795      4096.00
   17973.247     0.999780       238795      4551.11
   17973.247     0.999805       238795      5120.00
   17973.247     0.999829       238795      5851.43
   17989.631     0.999854       238832      6826.67
   17989.631     0.999878       238832      8192.00
   17989.631     0.999890       238832      9102.22
   17989.631     0.999902       238832     10240.00
   17989.631     0.999915       238832     11702.86
   17989.631     0.999927       238832     13653.33
   17989.631     0.999939       238832     16384.00
   17989.631     0.999945       238832     18204.44
   17989.631     0.999951       238832     20480.00
   17989.631     0.999957       238832     23405.71
   17989.631     0.999963       238832     27306.67
   17989.631     0.999969       238832     32768.00
   17989.631     0.999973       238832     36408.89
   17989.631     0.999976       238832     40960.00
   17989.631     0.999979       238832     46811.43
   17989.631     0.999982       238832     54613.33
   17989.631     0.999985       238832     65536.00
   17989.631     0.999986       238832     72817.78
   18006.015     0.999988       238835     81920.00
   18006.015     1.000000       238835          inf
#[Mean    =    11989.355, StdDeviation   =     3453.806]
#[Max     =    17989.632, Total count    =       238835]
#[Buckets =           27, SubBuckets     =         2048]
----------------------------------------------------------
  359197 requests in 30.00s, 4.82GB read
Requests/sec:  11972.41
Transfer/sec:    164.42MB
WRKX_RESULT {"durationUs":30002075,"requests":359197,"responses":359197,"errors":0,"bytes":5172436800,"latencyAvgUs":11989355.055,"latencyP95Us":17317887.000,"latencyP99Us":17825791.000}
