Running 30s test @ http://localhost:9991/postgres/orders
  16 threads and 256 connections
  Thread calibration: mean lat.: 3493.520ms, rate sampling interval: 12664ms
  Thread calibration: mean lat.: 3491.357ms, rate sampling interval: 12664ms
  Thread calibration: mean lat.: 3489.696ms, rate sampling interval: 12656ms
  Thread calibration: mean lat.: 3493.983ms, rate sampling interval: 12664ms
  Thread calibration: mean lat.: 3494.905ms, rate sampling interval: 12664ms
  Thread calibration: mean lat.: 3491.383ms, rate sampling interval: 12656ms
  Thread calibration: mean lat.: 3489.696ms, rate sampling interval: 12656ms
  Thread calibration: mean lat.: 3493.703ms, rate sampling interval: 12664ms
  Thread calibration: mean lat.: 3491.494ms, rate sampling interval: 12656ms
  Thread calibration: mean lat.: 3491.622ms, rate sampling interval: 12656ms
  Thread calibration: mean lat.: 3489.555ms, rate sampling interval: 12648ms
  Thread calibration: mean lat.: 3495.121ms, rate sampling interval: 12664ms
  Thread calibration: mean lat.: 3499.256ms, rate sampling interval: 12673ms
  Thread calibration: mean lat.: 3496.449ms, rate sampling interval: 12664ms
  Thread calibration: mean lat.: 3496.347ms, rate sampling interval: 12664ms
  Thread calibration: mean lat.: 3492.845ms, rate sampling interval: 12656ms
  Thread Stats   Avg      Stdev     Max   +/- Stdev
    Latency    13.86s     3.97s   20.79s    58.29%
    Req/Sec   774.56      0.50   775.00    100.00%
  Latency Distribution (HdrHistogram - Recorded Latency)
 50.000%   13.80s 
 75.000%   17.29s 
 90.000%   19.43s 
 99.000%   20.64s 
 99.900%   20.77s 
 99.990%   20.81s 
 99.999%   20.81s 
100.000%   20.81s 

  Detailed Percentile spectrum:
       Value   Percentile   TotalCount 1/(1-Percentile)

    6987.775     0.000000            4         1.00
    8372.223     0.100000        24577         1.11
    9789.439     0.200000        49259         1.25
   11124.735     0.300000        73861         1.43
   12451.839     0.400000        98307         1.67
   13795.327     0.500000       122926         2.00
   14483.455     0.550000       135289         2.22
   15187.967     0.600000       147498         2.50
   15900.671     0.650000       159774         2.86
   16596.991     0.700000       172088         3.33
   17285.119     0.750000       184415         4.00
   17629.183     0.775000       190545         4.44
   17989.631     0.800000       196878         5.00
   18350.079     0.825000       202941         5.71
   18710.527     0.850000       208932         6.67
   19070.975     0.875000       215109         8.00
   19251.199     0.887500       218241         8.89
   19431.423     0.900000       221331        10.00
   19611.647     0.912500       224544        11.43
   19775.487     0.925000       227439        13.33
   19939.327     0.937500       230443        16.00
   20021.247     0.943750       232149        17.78
   20086.783     0.950000       233475        20.00
   20168.703     0.956250       235008        22.86
   20267.007     0.962500       236784        26.67
   20348.927     0.968750       238225        32.00
   20398.079     0.971875       239066        35.56
   20430.847     0.975000       239656        40.00
   20479.999     0.978125       240525        45.71
   20529.151     0.981250       241386        53.33
   20561.919     0.984375       241962        64.00
   20594.687     0.985938       242524        71.11
   20611.071     0.987500       242809        80.00
   20627.455     0.989062       243096        91.43
   20660.223     0.990625       243637       106.67
   20676.607     0.992188       243915       128.00
   20692.991     0.992969       244184       142.22
   20709.375     0.993750       244465       160.00
   20709.375     0.994531       244465       182.86
   20725.759     0.995313       244747       213.33
   20742.143     0.996094       245046       256.00
   20742.143     0.996484       245046       284.44
   20742.143     0.996875       245046       320.00
   20758.527     0.997266       245348       365.71
   20758.527     0.997656       245348       426.67
   20758.527     0.998047       245348       512.00
   20758.527     0.998242       245348       568.89
   20774.911     0.998437       245598       640.00
   20774.911     0.998633       245598       731.43
   20774.911     0.998828       245598       853.33
   20774.911     0.999023       245598      1024.00
   20774.911     0.999121       245598      1137.78
   20774.911     0.999219       245598      1280.00
   20774.911     0.999316       245598      1462.86
   20791.295     0.999414       245728      1706.67
   20791.295     0.999512       245728      2048.00
   20791.295     0.999561       245728      2275.56
   20791.295     0.999609       245728      2560.00
   20791.295     0.999658       245728      2925.71
   20791.295     0.999707       245728      3413.33
   20791.295     0.999756       245728      4096.00
   20791.295     0.999780       245728      4551.11
   20791.295     0.999805       245728      5120.00
   20791.295     0.999829       245728      5851.43
   20791.295     0.999854       245728      6826.67
   20807.679     0.999878       245760      8192.00
   20807.679     1.000000       245760          inf
#[Mean    =    13860.691, StdDeviation   =     3969.862]
#[Max     =    20791.296, Total count    =       245760]
#[Buckets =           27, SubBuckets     =         2048]
----------------------------------------------------------
  367291 requests in 30.00s, 4.93GB read
Requests/sec:  12241.75
Transfer/sec:    168.11MB
WRKX_RESULT {"durationUs":30003153,"requests":367291,"responses":367291,"errors":0,"bytes":5288990400,"latencyAvgUs":13860691.208,"latencyP95Us":20086783.000,"latencyP99Us":20643839.000}
