Running 30s test @ http://localhost:9991/postgres/orders
  16 threads and 256 connections
  Thread calibration: mean lat.: 2.483ms, rate sampling interval: 10ms
  Thread calibration: mean lat.: 2.539ms, rate sampling interval: 10ms
  Thread calibration: mean lat.: 2.484ms, rate sampling interval: 10ms
  Thread calibration: mean lat.: 2.518ms, rate sampling interval: 10ms
  Thread calibration: mean lat.: 2.521ms, rate sampling interval: 10ms
  Thread calibration: mean lat.: 2.519ms, rate sampling interval: 10ms
  Thread calibration: mean lat.: 2.552ms, rate sampling interval: 10ms
  Thread calibration: mean lat.: 2.556ms, rate sampling interval: 10ms
  Thread calibration: mean lat.: 2.538ms, rate sampling interval: 10ms
  Thread calibration: mean lat.: 2.625ms, rate sampling interval: 10ms
  Thread calibration: mean lat.: 2.560ms, rate sampling interval: 10ms
  Thread calibration: mean lat.: 2.533ms, rate sampling interval: 10ms
  Thread calibration: mean lat.: 2.553ms, rate sampling interval: 10ms
  Thread calibration: mean lat.: 2.559ms, rate sampling interval: 10ms
  Thread calibration: mean lat.: 2.572ms, rate sampling interval: 10ms
  Thread calibration: mean lat.: 2.524ms, rate sampling interval: 10ms
  Thread Stats   Avg      Stdev     Max   +/- Stdev
    Latency     2.51ms  723.82us   7.35ms   69.48%
    Req/Sec   329.16    149.47   777.00     72.44%
  Latency Distribution (HdrHistogram - Recorded Latency)
 50.000%    2.38ms
 75.000%    2.90ms
 90.000%    3.58ms
 99.000%    4.47ms
 99.900%    5.26ms
 99.990%    6.35ms
 99.999%    6.97ms
100.000%    7.36ms

  Detailed Percentile spectrum:
       Value   Percentile   TotalCount 1/(1-Percentile)

       0.979     0.000000            1         1.00
       1.682     0.100000         9991         1.11
       1.896     0.200000        19951         1.25
       2.067     0.300000        29882         1.43
       2.223     0.400000        39854         1.67
       2.377     0.500000        49827         2.00
       2.459     0.550000        54895         2.22
       2.545     0.600000        59789         2.50
       2.643     0.650000        64738         2.86
       2.757     0.700000        69738         3.33
       2.899     0.750000        74737         4.00
       2.979     0.775000        77184         4.44
       3.073     0.800000        79670         5.00
       3.181     0.825000        82197         5.71
       3.295     0.850000        84665         6.67
       3.429     0.875000        87172         8.00
       3.501     0.887500        88399         8.89
       3.579     0.900000        89656        10.00
       3.657     0.912500        90882        11.43
       3.741     0.925000        92142        13.33
       3.827     0.937500        93362        16.00
       3.879     0.943750        93995        17.78
       3.933     0.950000        94618        20.00
       3.989     0.956250        95252        22.86
       4.045     0.962500        95859        26.67
       4.111     0.968750        96480        32.00
       4.151     0.971875        96798        35.56
       4.187     0.975000        97101        40.00
       4.235     0.978125        97419        45.71
       4.283     0.981250        97722        53.33
       4.343     0.984375        98031        64.00
       4.375     0.985938        98198        71.11
       4.411     0.987500        98352        80.00
       4.447     0.989062        98501        91.43
       4.491     0.990625        98657       106.67
       4.551     0.992188        98812       128.00
       4.583     0.992969        98896       142.22
       4.619     0.993750        98965       160.00
       4.663     0.994531        99041       182.86
       4.719     0.995313        99119       213.33
       4.779     0.996094        99197       256.00
       4.811     0.996484        99235       284.44
       4.839     0.996875        99275       320.00
       4.875     0.997266        99317       365.71
       4.923     0.997656        99355       426.67
       4.995     0.998047        99394       512.00
       5.035     0.998242        99410       568.89
       5.075     0.998437        99432       640.00
       5.115     0.998633        99449       731.43
       5.183     0.998828        99471       853.33
       5.267     0.999023        99488      1024.00
       5.307     0.999121        99498      1137.78
       5.339     0.999219        99508      1280.00
       5.403     0.999316        99517      1462.86
       5.483     0.999414        99528      1706.67
       5.563     0.999512        99538      2048.00
       5.615     0.999561        99543      2275.56
       5.671     0.999609        99547      2560.00
       5.691     0.999658        99551      2925.71
       5.775     0.999707        99556      3413.33
       5.867     0.999756        99561      4096.00
       6.007     0.999780        99565      4551.11
       6.031     0.999805        99566      5120.00
       6.079     0.999829        99568      5851.43
       6.239     0.999854        99571      6826.67
       6.279     0.999878        99573      8192.00
       6.351     0.999890        99575      9102.22
       6.387     0.999902        99576     10240.00
       6.435     0.999915        99577     11702.86
       6.463     0.999927        99578     13653.33
       6.527     0.999939        99579     16384.00
       6.567     0.999945        99580     18204.44
       6.675     0.999951        99581     20480.00
       6.675     0.999957        99581     23405.71
       6.775     0.999963        99582     27306.67
       6.775     0.999969        99582     32768.00
       6.851     0.999973        99583     36408.89
       6.851     0.999976        99583     40960.00
       6.851     0.999979        99583     46811.43
       6.967     0.999982        99584     54613.33
       6.967     0.999985        99584     65536.00
       6.967     0.999986        99584     72817.78
       6.967     0.999988        99584     81920.00
       6.967     0.999989        99584     93622.86
       7.355     0.999991        99585    109226.67
       7.355     1.000000        99585          inf
#[Mean    =        2.506, StdDeviation   =        0.724]
#[Max     =        7.352, Total count    =        99585]
#[Buckets =           27, SubBuckets     =         2048]
----------------------------------------------------------
  149904 requests in 30.00s, 2.01GB read
Requests/sec:   4996.45
Transfer/sec:     68.62MB
WRKX_RESULT {"durationUs":30002124,"requests":149904,"responses":149904,"errors":0,"bytes":2158617600,"latencyAvgUs":2505.881,"latencyP95Us":3933.000,"latencyP99Us":4471.000}
