Running 30s test @ http://localhost:9991/postgres/orders
  16 threads and 256 connections
  Thread calibration: mean lat.: 4415.280ms, rate sampling interval: 15917ms
  Thread calibration: mean lat.: 4411.614ms, rate sampling interval: 15900ms
  Thread calibration: mean lat.: 4410.573ms, rate sampling interval: 15908ms
  Thread calibration: mean lat.: 4410.756ms, rate sampling interval: 15908ms
  Thread calibration: mean lat.: 4412.802ms, rate sampling interval: 15900ms
  Thread calibration: mean lat.: 4410.567ms, rate sampling interval: 15908ms
  Thread calibration: mean lat.: 4415.230ms, rate sampling interval: 15917ms
  Thread calibration: mean lat.: 4408.688ms, rate sampling interval: 15900ms
  Thread calibration: mean lat.: 4414.118ms, rate sampling interval: 15908ms
  Thread calibration: mean lat.: 4412.603ms, rate sampling interval: 15908ms
  Thread calibration: mean lat.: 4417.309ms, rate sampling interval: 15917ms
  Thread calibration: mean lat.: 4411.106ms, rate sampling interval: 15900ms
  Thread calibration: mean lat.: 4416.430ms, rate sampling interval: 15908ms
  Thread calibration: mean lat.: 4419.493ms, rate sampling interval: 15908ms
  Thread calibration: mean lat.: 4419.363ms, rate sampling interval: 15908ms
  Thread calibration: mean lat.: 4417.150ms, rate sampling interval: 15908ms
  Thread Stats   Avg      Stdev     Max   +/- Stdev
    Latency    17.56s     5.05s   26.31s    57.72%
    Req/Sec   758.31      0.46   759.00    100.00%
  Latency Distribution (HdrHistogram - Recorded Latency)
 50.000%   17.61s 
 75.000%   21.91s 
 90.000%   24.51s 
 99.000%   26.13s 
 99.900%   26.30s 
 99.990%   26.33s 
 99.999%   26.33s 
100.000%   26.33s 

  Detailed Percentile spectrum:
       Value   Percentile   TotalCount 1/(1-Percentile)

    8765.439     0.000000            1         1.00
   10543.103     0.100000        24239         1.11
   12296.191     0.200000        48391         1.25
   14041.087     0.300000        72467         1.43
   15859.711     0.400000        96622         1.67
   17612.799     0.500000       120968         2.00
   18448.383     0.550000       132931         2.22
   19333.119     0.600000       145049         2.50
   20234.239     0.650000       157244         2.86
   21086.207     0.700000       169278         3.33
   21905.407     0.750000       181183         4.00
   22347.775     0.775000       187300         4.44
   22790.143     0.800000       193378         5.00
   23232.511     0.825000       199485         5.71
   23642.111     0.850000       205362         6.67
   24084.479     0.875000       211563         8.00
   24297.471     0.887500       214503         8.89
   24510.463     0.900000       217482        10.00
   24723.455     0.912500       220500        11.43
   24952.831     0.925000       223613        13.33
   25165.823     0.937500       226483        16.00
   25280.511     0.943750       228021        17.78
   25395.199     0.950000       229563        20.00
   25509.887     0.956250       231124        22.86
   25624.575     0.962500       232617        26.67
   25739.263     0.968750       234115        32.00
   25804.799     0.971875       234930        35.56
   25853.951     0.975000       235588        40.00
   25919.487     0.978125       236423        45.71
   25968.639     0.981250       237075        53.33
   26034.175     0.984375       237957        64.00
   26050.559     0.985938       238181        71.11
   26083.327     0.987500       238608        80.00
   26116.095     0.989062       239049        91.43
   26148.863     0.990625       239497       106.67
   26165.247     0.992188       239724       128.00
   26181.631     0.992969       239949       142.22
   26198.015     0.993750       240173       160.00
   26214.399     0.994531       240384       182.86
   26230.783     0.995313       240609       213.33
   26247.167     0.996094       240839       256.00
   26247.167     0.996484       240839       284.44
   26247.167     0.996875       240839       320.00
   26263.551     0.997266       241053       365.71
   26263.551     0.997656       241053       426.67
   26279.935     0.998047       241267       512.00
   26279.935     0.998242       241267       568.89
   26279.935     0.998437       241267       640.00
   26279.935     0.998633       241267       731.43
   26296.319     0.998828       241429       853.33
   26296.319     0.999023       241429      1024.00
   26296.319     0.999121       241429      1137.78
   26296.319     0.999219       241429      1280.00
   26296.319     0.999316       241429      1462.86
   26296.319     0.999414       241429      1706.67
   26312.703     0.999512       241528      2048.00
   26312.703     0.999561       241528      2275.56
   26312.703     0.999609       241528      2560.00
   26312.703     0.999658       241528      2925.71
   26312.703     0.999707       241528      3413.33
   26312.703     0.999756       241528      4096.00
   26312.703     0.999780       241528      4551.11
   26312.703     0.999805       241528      5120.00
   26312.703     0.999829       241528      5851.43
   26312.703     0.999854       241528      6826.67
   26312.703     0.999878       241528      8192.00
   26312.703     0.999890       241528      9102.22
   26329.087     0.999902       241553     10240.00
   26329.087     1.000000       241553          inf
#[Mean    =    17555.024, StdDeviation   =     5045.597]
#[Max     =    26312.704, Total count    =       241553]
#[Buckets =           27, SubBuckets     =         2048]
----------------------------------------------------------
  366195 requests in 30.00s, 4.91GB read
Requests/sec:  12205.98
Transfer/sec:    167.62MB
WRKX_RESULT {"durationUs":30001271,"requests":366195,"responses":366195,"errors":0,"bytes":5273208000,"latencyAvgUs":17555024.429,"latencyP95Us":25395199.000,"latencyP99Us":26132479.000}
