Running 30s test @ http://localhost:9991/postgres/orders
  16 threads and 256 connections
  Thread calibration: mean lat.: 5.731ms, rate sampling interval: 16ms
  Thread calibration: mean lat.: 5.702ms, rate sampling interval: 16ms
  Thread calibration: mean lat.: 5.738ms, rate sampling interval: 16ms
  Thread calibration: mean lat.: 5.719ms, rate sampling interval: 16ms
  Thread calibration: mean lat.: 5.737ms, rate sampling interval: 17ms
  Thread calibration: mean lat.: 5.571ms, rate sampling interval: 16ms
  Thread calibration: mean lat.: 5.704ms, rate sampling interval: 16ms
  Thread calibration: mean lat.: 5.706ms, rate sampling interval: 16ms
  Thread calibration: mean lat.: 5.710ms, rate sampling interval: 16ms
  Thread calibration: mean lat.: 5.705ms, rate sampling interval: 16ms
  Thread calibration: mean lat.: 5.685ms, rate sampling interval: 16ms
  Thread calibration: mean lat.: 6.121ms, rate sampling interval: 17ms
  Thread calibration: mean lat.: 6.019ms, rate sampling interval: 17ms
  Thread calibration: mean lat.: 6.027ms, rate sampling interval: 17ms
  Thread calibration: mean lat.: 5.758ms, rate sampling interval: 17ms
  Thread calibration: mean lat.: 5.818ms, rate sampling interval: 17ms
  Thread Stats   Avg      Stdev     Max   +/- Stdev
    Latency     5.69ms    2.15ms  15.42ms   63.16%
    Req/Sec   644.98    112.13     1.00k    69.04%
  Latency Distribution (HdrHistogram - Recorded Latency)
 50.000%    5.84ms
 75.000%    7.33ms
 90.000%    8.41ms
 99.000%   10.18ms
 99.900%   11.59ms
 99.990%   13.10ms
 99.999%   14.38ms
100.000%   15.42ms

  Detailed Percentile spectrum:
       Value   Percentile   TotalCount 1/(1-Percentile)

       1.037     0.000000            1         1.00
       2.567     0.100000        19921         1.11
       3.553     0.200000        39888         1.25
       4.451     0.300000        59848         1.43
       5.183     0.400000        79681         1.67
       5.843     0.500000        99605         2.00
       6.159     0.550000       109579         2.22
       6.455     0.600000       119521         2.50
       6.747     0.650000       129564         2.86
       7.035     0.700000       139455         3.33
       7.331     0.750000       149449         4.00
       7.487     0.775000       154492         4.44
       7.643     0.800000       159405         5.00
       7.811     0.825000       164396         5.71
       7.987     0.850000       169353         6.67
       8.179     0.875000       174308         8.00
       8.287     0.887500       176811         8.89
       8.407     0.900000       179419        10.00
       8.527     0.912500       181780        11.43
       8.671     0.925000       184257        13.33
       8.823     0.937500       186779        16.00
       8.911     0.943750       187993        17.78
       9.007     0.950000       189260        20.00
       9.111     0.956250       190480        22.86
       9.231     0.962500       191751        26.67
       9.367     0.968750       192991        32.00
       9.447     0.971875       193620        35.56
       9.527     0.975000       194232        40.00
       9.623     0.978125       194864        45.71
       9.735     0.981250       195495        53.33
       9.863     0.984375       196087        64.00
       9.943     0.985938       196418        71.11
      10.023     0.987500       196716        80.00
      10.111     0.989062       197030        91.43
      10.215     0.990625       197334       106.67
      10.343     0.992188       197640       128.00
      10.423     0.992969       197799       142.22
      10.495     0.993750       197956       160.00
      10.575     0.994531       198104       182.86
      10.671     0.995313       198263       213.33
      10.775     0.996094       198414       256.00
      10.855     0.996484       198497       284.44
      10.935     0.996875       198573       320.00
      11.023     0.997266       198655       365.71
      11.103     0.997656       198728       426.67
      11.207     0.998047       198804       512.00
      11.263     0.998242       198843       568.89
      11.327     0.998437       198882       640.00
      11.399     0.998633       198924       731.43
      11.479     0.998828       198959       853.33
      11.599     0.999023       199000      1024.00
      11.639     0.999121       199016      1137.78
      11.719     0.999219       199037      1280.00
      11.783     0.999316       199055      1462.86
      11.863     0.999414       199075      1706.67
      11.959     0.999512       199095      2048.00
      12.031     0.999561       199104      2275.56
      12.103     0.999609       199114      2560.00
      12.159     0.999658       199124      2925.71
      12.263     0.999707       199134      3413.33
      12.391     0.999756       199143      4096.00
      12.495     0.999780       199148      4551.11
      12.551     0.999805       199153      5120.00
      12.727     0.999829       199157      5851.43
      12.847     0.999854       199162      6826.67
      12.919     0.999878       199167      8192.00
      13.047     0.999890       199170      9102.22
      13.127     0.999902       199172     10240.00
      13.271     0.999915       199174     11702.86
      13.343     0.999927       199177     13653.33
      13.463     0.999939       199179     16384.00
      13.663     0.999945       199181     18204.44
      13.671     0.999951       199182     20480.00
      13.735     0.999957       199183     23405.71
      13.791     0.999963       199184     27306.67
      13.847     0.999969       199185     32768.00
      14.063     0.999973       199186     36408.89
      14.183     0.999976       199187     40960.00
      14.183     0.999979       199187     46811.43
      14.375     0.999982       199189     54613.33
      14.375     0.999985       199189     65536.00
      14.375     0.999986       199189     72817.78
      14.375     0.999988       199189     81920.00
      14.375     0.999989       199189     93622.86
      14.783     0.999991       199190    109226.67
      14.783     0.999992       199190    131072.00
      14.783     0.999993       199190    145635.56
      14.783     0.999994       199190    163840.00
      14.783     0.999995       199190    187245.71
      15.423     0.999995       199191    218453.33
      15.423     1.000000       199191          inf
#[Mean    =        5.692, StdDeviation   =        2.152]
#[Max     =       15.416, Total count    =       199191]
#[Buckets =           27, SubBuckets     =         2048]
----------------------------------------------------------
  299689 requests in 30.00s, 4.02GB read
Requests/sec:   9988.60
Transfer/sec:    137.17MB
WRKX_RESULT {"durationUs":30003089,"requests":299689,"responses":299689,"errors":0,"bytes":4315521600,"latencyAvgUs":5691.838,"latencyP95Us":9007.000,"latencyP99Us":10175.000}
