Running 30s test @ http://localhost:9991/postgres/orders
  16 threads and 256 connections
  Thread calibration: mean lat.: 3754.667ms, rate sampling interval: 13565ms
  Thread calibration: mean lat.: 3756.338ms, rate sampling interval: 13574ms
  Thread calibration: mean lat.: 3762.052ms, rate sampling interval: 13574ms
  Thread calibration: mean lat.: 3755.062ms, rate sampling interval: 13565ms
  Thread calibration: mean lat.: 3757.395ms, rate sampling interval: 13574ms
  Thread calibration: mean lat.: 3447.203ms, rate sampling interval: 12328ms
  Thread calibration: mean lat.: 3762.103ms, rate sampling interval: 13574ms
  Thread calibration: mean lat.: 3760.606ms, rate sampling interval: 13574ms
  Thread calibration: mean lat.: 3764.896ms, rate sampling interval: 13582ms
  Thread calibration: mean lat.: 3760.143ms, rate sampling interval: 13565ms
  Thread calibration: mean lat.: 3762.868ms, rate sampling interval: 13574ms
  Thread calibration: mean lat.: 3762.388ms, rate sampling interval: 13574ms
  Thread calibration: mean lat.: 3762.244ms, rate sampling interval: 13574ms
  Thread calibration: mean lat.: 3757.684ms, rate sampling interval: 13574ms
  Thread calibration: mean lat.: 3760.818ms, rate sampling interval: 13582ms
  Thread calibration: mean lat.: 3765.019ms, rate sampling interval: 13582ms
  Thread Stats   Avg      Stdev     Max   +/- Stdev
    Latency    15.07s     4.39s   22.64s    57.57%
    Req/Sec   752.06      0.43   753.00    100.00%
  Latency Distribution (HdrHistogram - Recorded Latency)
 50.000%   15.12s 
 75.000%   18.89s 
 90.000%   21.12s 
 99.000%   22.48s 
 99.900%   22.63s 
 99.990%   22.64s 
 99.999%   22.66s 
100.000%   22.66s 

  Detailed Percentile spectrum:
       Value   Percentile   TotalCount 1/(1-Percentile)

    6836.223     0.000000            3         1.00
    8986.623     0.100000        24257         1.11
   10485.759     0.200000        48317         1.25
   11984.895     0.300000        72487         1.43
   13549.567     0.400000        96533         1.67
   15122.431     0.500000       120750         2.00
   15884.287     0.550000       132850         2.22
   16637.951     0.600000       144804         2.50
   17432.575     0.650000       157105         2.86
   18137.087     0.700000       169046         3.33
   18890.751     0.750000       181085         4.00
   19267.583     0.775000       187151         4.44
   19644.415     0.800000       193184         5.00
   20021.247     0.825000       199296         5.71
   20398.079     0.850000       205351         6.67
   20758.527     0.875000       211321         8.00
   20938.751     0.887500       214275         8.89
   21118.975     0.900000       217257        10.00
   21315.583     0.912500       220365        11.43
   21495.807     0.925000       223267        13.33
   21692.415     0.937500       226500        16.00
   21774.335     0.943750       227862        17.78
   21856.255     0.950000       229258        20.00
   21954.559     0.956250       230802        22.86
   22052.863     0.962500       232343        26.67
   22151.167     0.968750       233860        32.00
   22200.319     0.971875       234616        35.56
   22249.471     0.975000       235359        40.00
   22298.623     0.978125       236121        45.71
   22347.775     0.981250       236873        53.33
   22396.927     0.984375       237637        64.00
   22429.695     0.985938       238138        71.11
   22446.079     0.987500       238397        80.00
   22478.847     0.989062       238911        91.43
   22495.231     0.990625       239182       106.67
   22511.615     0.992188       239450       128.00
   22527.999     0.992969       239712       142.22
   22544.383     0.993750       239969       160.00
   22560.767     0.994531       240235       182.86
   22560.767     0.995313       240235       213.33
   22577.151     0.996094       240493       256.00
   22577.151     0.996484       240493       284.44
   22593.535     0.996875       240746       320.00
   22593.535     0.997266       240746       365.71
   22609.919     0.997656       240999       426.67
   22609.919     0.998047       240999       512.00
   22609.919     0.998242       240999       568.89
   22609.919     0.998437       240999       640.00
   22609.919     0.998633       240999       731.43
   22626.303     0.998828       241203       853.33
   22626.303     0.999023       241203      1024.00
   22626.303     0.999121       241203      1137.78
   22626.303     0.999219       241203      1280.00
   22626.303     0.999316       241203      1462.86
   22626.303     0.999414       241203      1706.67
   22626.303     0.999512       241203      2048.00
   22642.687     0.999561       241303      2275.56
   22642.687     0.999609       241303      2560.00
   22642.687     0.999658       241303      2925.71
   22642.687     0.999707       241303      3413.33
   22642.687     0.999756       241303      4096.00
   22642.687     0.999780       241303      4551.11
   22642.687     0.999805       241303      5120.00
   22642.687     0.999829       241303      5851.43
   22642.687     0.999854       241303      6826.67
   22642.687     0.999878       241303      8192.00
   22642.687     0.999890       241303      9102.22
   22642.687     0.999902       241303     10240.00
   22642.687     0.999915       241303     11702.86
   22642.687     0.999927       241303     13653.33
   22659.071     0.999939       241318     16384.00
   22659.071     1.000000       241318          inf
#[Mean    =    15068.350, StdDeviation   =     4391.565]
#[Max     =    22642.688, Total count    =       241318]
#[Buckets =           27, SubBuckets     =         2048]
----------------------------------------------------------
  365884 requests in 30.00s, 4.91GB read
Requests/sec:  12194.98
Transfer/sec:    167.47MB
WRKX_RESULT {"durationUs":30002834,"requests":365884,"responses":365884,"errors":0,"bytes":5268729600,"latencyAvgUs":15068349.602,"latencyP95Us":21856255.000,"latencyP99Us":22478847.000}
