Running 30s test @ http://localhost:9991/postgres/orders
  16 threads and 256 connections
  Thread calibration: mean lat.: 4655.867ms, rate sampling interval: 16973ms
  Thread calibration: mean lat.: 4660.254ms, rate sampling interval: 16973ms
  Thread calibration: mean lat.: 4658.942ms, rate sampling interval: 16973ms
  Thread calibration: mean lat.: 4664.227ms, rate sampling interval: 16973ms
  Thread calibration: mean lat.: 4659.033ms, rate sampling interval: 16973ms
  Thread calibration: mean lat.: 4662.209ms, rate sampling interval: 16973ms
  Thread calibration: mean lat.: 4653.903ms, rate sampling interval: 16957ms
  Thread calibration: mean lat.: 4658.251ms, rate sampling interval: 16973ms
  Thread calibration: mean lat.: 4656.182ms, rate sampling interval: 16973ms
  Thread calibration: mean lat.: 4659.087ms, rate sampling interval: 16973ms
  Thread calibration: mean lat.: 4667.521ms, rate sampling interval: 16973ms
  Thread calibration: mean lat.: 4264.470ms, rate sampling interval: 15376ms
  Thread calibration: mean lat.: 4660.780ms, rate sampling interval: 16973ms
  Thread calibration: mean lat.: 4665.800ms, rate sampling interval: 16990ms
  Thread calibration: mean lat.: 4659.018ms, rate sampling interval: 16973ms
  Thread calibration: mean lat.: 4662.458ms, rate sampling interval: 16973ms
  Thread Stats   Avg      Stdev     Max   +/- Stdev
    Latency    18.71s     5.41s   28.18s    57.84%
    Req/Sec   748.75      0.75   751.00     93.75%
  Latency Distribution (HdrHistogram - Recorded Latency)
 50.000%   18.69s 
 75.000%   23.38s 
 90.000%   26.23s 
 99.000%   27.98s 
 99.900%   28.15s 
 99.990%   28.18s 
 99.999%   28.20s 
100.000%   28.20s 

  Detailed Percentile spectrum:
       Value   Percentile   TotalCount 1/(1-Percentile)

    8544.255     0.000000            6         1.00
   11239.423     0.100000        23923         1.11
   13099.007     0.200000        47788         1.25
   14925.823     0.300000        71621         1.43
   16826.367     0.400000        95515         1.67
   18694.143     0.500000       119464         2.00
   19644.415     0.550000       131425         2.22
   20578.303     0.600000       143315         2.50
   21528.575     0.650000       155277         2.86
   22429.695     0.700000       167147         3.33
   23379.967     0.750000       179059         4.00
   23855.103     0.775000       185018         4.44
   24330.239     0.800000       190954         5.00
   24821.759     0.825000       196949         5.71
   25296.895     0.850000       202928         6.67
   25772.031     0.875000       208985         8.00
   26001.407     0.887500       211853         8.89
   26230.783     0.900000       214811        10.00
   26460.159     0.912500       217754        11.43
   26705.919     0.925000       220926        13.33
   26935.295     0.937500       223737        16.00
   27066.367     0.943750       225299        17.78
   27181.055     0.950000       226721        20.00
   27312.127     0.956250       228290        22.86
   27443.199     0.962500       229860        26.67
   27557.887     0.968750       231293        32.00
   27623.423     0.971875       232080        35.56
   27688.959     0.975000       232853        40.00
   27738.111     0.978125       233428        45.71
   27803.647     0.981250       234208        53.33
   27869.183     0.984375       234997        64.00
   27901.951     0.985938       235374        71.11
   27934.719     0.987500       235777        80.00
   27967.487     0.989062       236187        91.43
   28000.255     0.990625       236585       106.67
   28016.639     0.992188       236788       128.00
   28033.023     0.992969       236984       142.22
   28049.407     0.993750       237199       160.00
   28065.791     0.994531       237399       182.86
   28082.175     0.995313       237616       213.33
   28098.559     0.996094       237833       256.00
   28098.559     0.996484       237833       284.44
   28114.943     0.996875       238038       320.00
   28114.943     0.997266       238038       365.71
   28131.327     0.997656       238243       426.67
   28131.327     0.998047       238243       512.00
   28131.327     0.998242       238243       568.89
   28147.711     0.998437       238416       640.00
   28147.711     0.998633       238416       731.43
   28147.711     0.998828       238416       853.33
   28147.711     0.999023       238416      1024.00
   28164.095     0.999121       238543      1137.78
   28164.095     0.999219       238543      1280.00
   28164.095     0.999316       238543      1462.86
   28164.095     0.999414       238543      1706.67
   28164.095     0.999512       238543      2048.00
   28164.095     0.999561       238543      2275.56
   28164.095     0.999609       238543      2560.00
   28180.479     0.999658       238613      2925.71
   28180.479     0.999707       238613      3413.33
   28180.479     0.999756       238613      4096.00
   28180.479     0.999780       238613      4551.11
   28180.479     0.999805       238613      5120.00
   28180.479     0.999829       238613      5851.43
   28180.479     0.999854       238613      6826.67
   28180.479     0.999878       238613      8192.00
   28180.479     0.999890       238613      9102.22
   28180.479     0.999902       238613     10240.00
   28180.479     0.999915       238613     11702.86
   28196.863     0.999927       238633     13653.33
   28196.863     1.000000       238633          inf
#[Mean    =    18710.451, StdDeviation   =     5412.192]
#[Max     =    28180.480, Total count    =       238633]
#[Buckets =           27, SubBuckets     =         2048]
----------------------------------------------------------
  358890 requests in 30.00s, 4.81GB read
Requests/sec:  11961.86
Transfer/sec:    164.27MB
WRKX_RESULT {"durationUs":30002869,"requests":358890,"responses":358890,"errors":0,"bytes":5168016000,"latencyAvgUs":18710451.481,"latencyP95Us":27181055.000,"latencyP99Us":27983871.000}
