Running 30s test @ http://localhost:9991/postgres/orders
  16 threads and 256 connections
  Thread calibration: mean lat.: 4595.179ms, rate sampling interval: 16539ms
  Thread calibration: mean lat.: 4600.168ms, rate sampling interval: 16556ms
  Thread calibration: mean lat.: 4599.108ms, rate sampling interval: 16556ms
  Thread calibration: mean lat.: 4594.892ms, rate sampling interval: 16539ms
  Thread calibration: mean lat.: 4604.116ms, rate sampling interval: 16556ms
  Thread calibration: mean lat.: 4596.341ms, rate sampling interval: 16556ms
  Thread calibration: mean lat.: 4598.622ms, rate sampling interval: 16547ms
  Thread calibration: mean lat.: 4597.452ms, rate sampling interval: 16547ms
  Thread calibration: mean lat.: 4598.019ms, rate sampling interval: 16547ms
  Thread calibration: mean lat.: 4597.573ms, rate sampling interval: 16547ms
  Thread calibration: mean lat.: 4595.083ms, rate sampling interval: 16547ms
  Thread calibration: mean lat.: 4596.584ms, rate sampling interval: 16547ms
  Thread calibration: mean lat.: 4608.358ms, rate sampling interval: 16556ms
  Thread calibration: mean lat.: 4599.299ms, rate sampling interval: 16547ms
  Thread calibration: mean lat.: 4605.181ms, rate sampling interval: 16556ms
  Thread calibration: mean lat.: 4599.009ms, rate sampling interval: 16556ms
  Thread Stats   Avg      Stdev     Max   +/- Stdev
    Latency    18.47s     5.28s   27.57s    57.78%
    Req/Sec   753.25      0.43   754.00    100.00%
  Latency Distribution (HdrHistogram - Recorded Latency)
 50.000%   18.51s 
 75.000%   23.07s 
 90.000%   25.76s 
 99.000%   27.38s 
 99.900%   27.54s 
 99.990%   27.57s 
 99.999%   27.59s 
100.000%   27.59s 

  Detailed Percentile spectrum:
       Value   Percentile   TotalCount 1/(1-Percentile)

    9207.807     0.000000            1         1.00
   11132.927     0.100000        24185         1.11
   13000.703     0.200000        48276         1.25
   14819.327     0.300000        72336         1.43
   16687.103     0.400000        96526         1.67
   18513.919     0.500000       120694         2.00
   19415.039     0.550000       132685         2.22
   20332.543     0.600000       144753         2.50
   21250.047     0.650000       156782         2.86
   22151.167     0.700000       168849         3.33
   23068.671     0.750000       180969         4.00
   23511.039     0.775000       186915         4.44
   23969.791     0.800000       193007         5.00
   24412.159     0.825000       198939         5.71
   24854.527     0.850000       204946         6.67
   25313.279     0.875000       211168         8.00
   25526.271     0.887500       214031         8.89
   25755.647     0.900000       217103        10.00
   25968.639     0.912500       220004        11.43
   26198.015     0.925000       223146        13.33
   26427.391     0.937500       226167        16.00
   26542.079     0.943750       227680        17.78
   26656.767     0.950000       229181        20.00
   26771.455     0.956250       230686        22.86
   26886.143     0.962500       232214        26.67
   27000.831     0.968750       233696        32.00
   27049.983     0.971875       234342        35.56
   27115.519     0.975000       235214        40.00
   27164.671     0.978125       235879        45.71
   27230.207     0.981250       236762        53.33
   27279.359     0.984375       237422        64.00
   27312.127     0.985938       237856        71.11
   27344.895     0.987500       238285        80.00
   27361.279     0.989062       238502        91.43
   27394.047     0.990625       238942       106.67
   27426.815     0.992188       239368       128.00
   27443.199     0.992969       239577       142.22
   27459.583     0.993750       239807       160.00
   27459.583     0.994531       239807       182.86
   27475.967     0.995313       240036       213.33
   27492.351     0.996094       240256       256.00
   27492.351     0.996484       240256       284.44
   27508.735     0.996875       240477       320.00
   27508.735     0.997266       240477       365.71
   27525.119     0.997656       240694       426.67
   27525.119     0.998047       240694       512.00
   27525.119     0.998242       240694       568.89
   27541.503     0.998437       240883       640.00
   27541.503     0.998633       240883       731.43
   27541.503     0.998828       240883       853.33
   27541.503     0.999023       240883      1024.00
   27557.887     0.999121       241012      1137.78
   27557.887     0.999219       241012      1280.00
   27557.887     0.999316       241012      1462.86
   27557.887     0.999414       241012      1706.67
   27557.887     0.999512       241012      2048.00
   27557.887     0.999561       241012      2275.56
   27557.887     0.999609       241012      2560.00
   27574.271     0.999658       241083      2925.71
   27574.271     0.999707       241083      3413.33
   27574.271     0.999756       241083      4096.00
   27574.271     0.999780       241083      4551.11
   27574.271     0.999805       241083      5120.00
   27574.271     0.999829       241083      5851.43
   27574.271     0.999854       241083      6826.67
   27574.271     0.999878       241083      8192.00
   27574.271     0.999890       241083      9102.22
   27574.271     0.999902       241083     10240.00
   27574.271     0.999915       241083     11702.86
   27574.271     0.999927       241083     13653.33
   27574.271     0.999939       241083     16384.00
   27574.271     0.999945       241083     18204.44
   27590.655     0.999951       241096     20480.00
   27590.655     1.000000       241096          inf
#[Mean    =    18469.644, StdDeviation   =     5278.882]
#[Max     =    27574.272, Total count    =       241096]
#[Buckets =           27, SubBuckets     =         2048]
----------------------------------------------------------
  361186 requests in 30.00s, 4.84GB read
Requests/sec:  12038.88
Transfer/sec:    165.33MB
WRKX_RESULT {"durationUs":30001638,"requests":361186,"responses":361186,"errors":0,"bytes":5201078400,"latencyAvgUs":18469643.578,"latencyP95Us":26656767.000,"latencyP99Us":27377663.000}
