Running 30s test @ http://localhost:9991/postgres/orders
  16 threads and 256 connections
  Thread calibration: mean lat.: 2.313ms, rate sampling interval: 10ms
  Thread calibration: mean lat.: 2.359ms, rate sampling interval: 10ms
  Thread calibration: mean lat.: 2.345ms, rate sampling interval: 10ms
  Thread calibration: mean lat.: 2.342ms, rate sampling interval: 10ms
  Thread calibration: mean lat.: 2.338ms, rate sampling interval: 10ms
  Thread calibration: mean lat.: 2.341ms, rate sampling interval: 10ms
  Thread calibration: mean lat.: 2.334ms, rate sampling interval: 10ms
  Thread calibration: mean lat.: 2.333ms, rate sampling interval: 10ms
  Thread calibration: mean lat.: 2.377ms, rate sampling interval: 10ms
  Thread calibration: mean lat.: 2.322ms, rate sampling interval: 10ms
  Thread calibration: mean lat.: 2.305ms, rate sampling interval: 10ms
  Thread calibration: mean lat.: 2.305ms, rate sampling interval: 10ms
  Thread calibration: mean lat.: 2.302ms, rate sampling interval: 10ms
  Thread calibration: mean lat.: 2.310ms, rate sampling interval: 10ms
  Thread calibration: mean lat.: 2.360ms, rate sampling interval: 10ms
  Thread calibration: mean lat.: 2.351ms, rate sampling interval: 10ms
  Thread Stats   Avg      Stdev     Max   +/- Stdev
    Latency     2.43ms  691.87us   6.86ms   76.45%
    Req/Sec   164.57    114.85   555.00     63.90%
  Latency Distribution (HdrHistogram - Recorded Latency)
 50.000%    2.31ms
 75.000%    2.69ms
 90.000%    3.24ms
 99.000%    4.86ms
 99.900%    5.67ms
 99.990%    6.59ms
 99.999%    6.87ms
100.000%    6.87ms

  Detailed Percentile spectrum:
       Value   Percentile   TotalCount 1/(1-Percentile)

       1.034     0.000000            1         1.00
       1.695     0.100000         4987         1.11
       1.896     0.200000         9980         1.25
       2.053     0.300000        14963         1.43
       2.187     0.400000        19949         1.67
       2.313     0.500000        24911         2.00
       2.375     0.550000        27436         2.22
       2.443     0.600000        29944         2.50
       2.519     0.650000        32415         2.86
       2.597     0.700000        34891         3.33
       2.695     0.750000        37362         4.00
       2.751     0.775000        38602         4.44
       2.815     0.800000        39859         5.00
       2.893     0.825000        41100         5.71
       2.981     0.850000        42345         6.67
       3.087     0.875000        43582         8.00
       3.159     0.887500        44201         8.89
       3.245     0.900000        44818        10.00
       3.353     0.912500        45444        11.43
       3.501     0.925000        46065        13.33
       3.667     0.937500        46685        16.00
       3.763     0.943750        47001        17.78
       3.865     0.950000        47306        20.00
       3.983     0.956250        47620        22.86
       4.123     0.962500        47943        26.67
       4.239     0.968750        48240        32.00
       4.307     0.971875        48402        35.56
       4.375     0.975000        48559        40.00
       4.467     0.978125        48711        45.71
       4.559     0.981250        48863        53.33
       4.643     0.984375        49018        64.00
       4.695     0.985938        49103        71.11
       4.743     0.987500        49176        80.00
       4.815     0.989062        49252        91.43
       4.879     0.990625        49333       106.67
       4.923     0.992188        49412       128.00
       4.951     0.992969        49445       142.22
       4.995     0.993750        49484       160.00
       5.051     0.994531        49525       182.86
       5.111     0.995313        49564       213.33
       5.211     0.996094        49603       256.00
       5.231     0.996484        49620       284.44
       5.299     0.996875        49642       320.00
       5.335     0.997266        49660       365.71
       5.375     0.997656        49680       426.67
       5.423     0.998047        49698       512.00
       5.455     0.998242        49711       568.89
       5.503     0.998437        49718       640.00
       5.551     0.998633        49727       731.43
       5.587     0.998828        49738       853.33
       5.695     0.999023        49747      1024.00
       5.719     0.999121        49752      1137.78
       5.763     0.999219        49757      1280.00
       5.847     0.999316        49761      1462.86
       5.883     0.999414        49766      1706.67
       5.951     0.999512        49771      2048.00
       5.967     0.999561        49774      2275.56
       6.031     0.999609        49776      2560.00
       6.063     0.999658        49778      2925.71
       6.155     0.999707        49781      3413.33
       6.215     0.999756        49784      4096.00
       6.219     0.999780        49785      4551.11
       6.243     0.999805        49786      5120.00
       6.259     0.999829        49787      5851.43
       6.355     0.999854        49788      6826.67
       6.487     0.999878        49789      8192.00
       6.587     0.999890        49790      9102.22
       6.591     0.999902        49791     10240.00
       6.591     0.999915        49791     11702.86
       6.671     0.999927        49792     13653.33
       6.671     0.999939        49792     16384.00
       6.683     0.999945        49793     18204.44
       6.683     0.999951        49793     20480.00
       6.683     0.999957        49793     23405.71
       6.735     0.999963        49794     27306.67
       6.735     0.999969        49794     32768.00
       6.735     0.999973        49794     36408.89
       6.735     0.999976        49794     40960.00
       6.735     0.999979        49794     46811.43
       6.867     0.999982        49795     54613.33
       6.867     1.000000        49795          inf
#[Mean    =        2.427, StdDeviation   =        0.692]
#[Max     =        6.864, Total count    =        49795]
#[Buckets =           27, SubBuckets     =         2048]
----------------------------------------------------------
  75024 requests in 30.01s, 1.01GB read
Requests/sec:   2500.26
Transfer/sec:     34.34MB
WRKX_RESULT {"durationUs":30006539,"requests":75024,"responses":75024,"errors":0,"bytes":1080345600,"latencyAvgUs":2426.669,"latencyP95Us":3865.000,"latencyP99Us":4855.000}
