Running 30s test @ http://localhost:9991/postgres/orders
  16 threads and 256 connections
  Thread calibration: mean lat.: 4183.253ms, rate sampling interval: 15089ms
  Thread calibration: mean lat.: 4182.738ms, rate sampling interval: 15106ms
  Thread calibration: mean lat.: 4181.987ms, rate sampling interval: 15097ms
  Thread calibration: mean lat.: 4182.348ms, rate sampling interval: 15106ms
  Thread calibration: mean lat.: 4184.892ms, rate sampling interval: 15106ms
  Thread calibration: mean lat.: 4176.543ms, rate sampling interval: 15089ms
  Thread calibration: mean lat.: 4182.965ms, rate sampling interval: 15114ms
  Thread calibration: mean lat.: 4183.990ms, rate sampling interval: 15106ms
  Thread calibration: mean lat.: 4179.642ms, rate sampling interval: 15097ms
  Thread calibration: mean lat.: 4180.685ms, rate sampling interval: 15097ms
  Thread calibration: mean lat.: 4180.396ms, rate sampling interval: 15089ms
  Thread calibration: mean lat.: 4184.201ms, rate sampling interval: 15097ms
  Thread calibration: mean lat.: 4187.081ms, rate sampling interval: 15097ms
  Thread calibration: mean lat.: 4184.478ms, rate sampling interval: 15106ms
  Thread calibration: mean lat.: 4185.838ms, rate sampling interval: 15097ms
  Thread calibration: mean lat.: 4184.111ms, rate sampling interval: 15106ms
  Thread Stats   Avg      Stdev     Max   +/- Stdev
    Latency    16.75s     4.80s   25.08s    57.70%
    Req/Sec   766.06      0.24   767.00    100.00%
  Latency Distribution (HdrHistogram - Recorded Latency)
 50.000%   16.75s 
 75.000%   20.92s 
 90.000%   23.41s 
 99.000%   24.90s 
 99.900%   25.05s 
 99.990%   25.08s 
 99.999%   25.10s 
100.000%   25.10s 

  Detailed Percentile spectrum:
       Value   Percentile   TotalCount 1/(1-Percentile)

    8376.319     0.000000            2         1.00
   10117.119     0.100000        24487         1.11
   11763.711     0.200000        48901         1.25
   13443.071     0.300000        73412         1.43
   15114.239     0.400000        97821         1.67
   16752.639     0.500000       122364         2.00
   17563.647     0.550000       134644         2.22
   18382.847     0.600000       146920         2.50
   19251.199     0.650000       159154         2.86
   20086.783     0.700000       171378         3.33
   20922.367     0.750000       183590         4.00
   21331.967     0.775000       189680         4.44
   21757.951     0.800000       195734         5.00
   22183.935     0.825000       201842         5.71
   22593.535     0.850000       207995         6.67
   23003.135     0.875000       214067         8.00
   23216.127     0.887500       217178         8.89
   23412.735     0.900000       220063        10.00
   23625.727     0.912500       223194        11.43
   23822.335     0.925000       226173        13.33
   24035.327     0.937500       229242        16.00
   24150.015     0.943750       230938        17.78
   24248.319     0.950000       232449        20.00
   24346.623     0.956250       233963        22.86
   24444.927     0.962500       235412        26.67
   24559.615     0.968750       237072        32.00
   24608.767     0.971875       237807        35.56
   24657.919     0.975000       238538        40.00
   24707.071     0.978125       239289        45.71
   24756.223     0.981250       240021        53.33
   24805.375     0.984375       240733        64.00
   24838.143     0.985938       241208        71.11
   24854.527     0.987500       241450        80.00
   24887.295     0.989062       241929        91.43
   24920.063     0.990625       242405       106.67
   24936.447     0.992188       242633       128.00
   24952.831     0.992969       242872       142.22
   24969.215     0.993750       243092       160.00
   24985.599     0.994531       243318       182.86
   25001.983     0.995313       243552       213.33
   25001.983     0.996094       243552       256.00
   25018.367     0.996484       243793       284.44
   25018.367     0.996875       243793       320.00
   25034.751     0.997266       244035       365.71
   25034.751     0.997656       244035       426.67
   25034.751     0.998047       244035       512.00
   25051.135     0.998242       244260       568.89
   25051.135     0.998437       244260       640.00
   25051.135     0.998633       244260       731.43
   25051.135     0.998828       244260       853.33
   25051.135     0.999023       244260      1024.00
   25067.519     0.999121       244417      1137.78
   25067.519     0.999219       244417      1280.00
   25067.519     0.999316       244417      1462.86
   25067.519     0.999414       244417      1706.67
   25067.519     0.999512       244417      2048.00
   25067.519     0.999561       244417      2275.56
   25067.519     0.999609       244417      2560.00
   25067.519     0.999658       244417      2925.71
   25083.903     0.999707       244488      3413.33
   25083.903     0.999756       244488      4096.00
   25083.903     0.999780       244488      4551.11
   25083.903     0.999805       244488      5120.00
   25083.903     0.999829       244488      5851.43
   25083.903     0.999854       244488      6826.67
   25083.903     0.999878       244488      8192.00
   25083.903     0.999890       244488      9102.22
   25083.903     0.999902       244488     10240.00
   25083.903     0.999915       244488     11702.86
   25083.903     0.999927       244488     13653.33
   25083.903     0.999939       244488     16384.00
   25083.903     0.999945       244488     18204.44
   25083.903     0.999951       244488     20480.00
   25083.903     0.999957       244488     23405.71
   25083.903     0.999963       244488     27306.67
   25083.903     0.999969       244488     32768.00
   25083.903     0.999973       244488     36408.89
   25100.287     0.999976       244494     40960.00
   25100.287     1.000000       244494          inf
#[Mean    =    16753.481, StdDeviation   =     4797.097]
#[Max     =    25083.904, Total count    =       244494]
#[Buckets =           27, SubBuckets     =         2048]
----------------------------------------------------------
  367256 requests in 30.00s, 4.93GB read
Requests/sec:  12240.99
Transfer/sec:    168.10MB
WRKX_RESULT {"durationUs":30002141,"requests":367256,"responses":367256,"errors":0,"bytes":5288486400,"latencyAvgUs":16753481.007,"latencyP95Us":24248319.000,"latencyP99Us":24903679.000}
