Running 30s test @ http://localhost:9991/postgres/orders
  16 threads and 256 connections
  Thread calibration: mean lat.: 1905.583ms, rate sampling interval: 6922ms
  Thread calibration: mean lat.: 1903.903ms, rate sampling interval: 6918ms
  Thread calibration: mean lat.: 1907.099ms, rate sampling interval: 6926ms
  Thread calibration: mean lat.: 1905.524ms, rate sampling interval: 6914ms
  Thread calibration: mean lat.: 1905.058ms, rate sampling interval: 6918ms
  Thread calibration: mean lat.: 1914.568ms, rate sampling interval: 6930ms
  Thread calibration: mean lat.: 1909.336ms, rate sampling interval: 6926ms
  Thread calibration: mean lat.: 1908.191ms, rate sampling interval: 6922ms
  Thread calibration: mean lat.: 1905.970ms, rate sampling interval: 6918ms
  Thread calibration: mean lat.: 1902.631ms, rate sampling interval: 6909ms
  Thread calibration: mean lat.: 1911.093ms, rate sampling interval: 6930ms
  Thread calibration: mean lat.: 1909.052ms, rate sampling interval: 6926ms
  Thread calibration: mean lat.: 1917.339ms, rate sampling interval: 6938ms
  Thread calibration: mean lat.: 1911.267ms, rate sampling interval: 6926ms
  Thread calibration: mean lat.: 1908.686ms, rate sampling interval: 6922ms
  Thread calibration: mean lat.: 1764.614ms, rate sampling interval: 6324ms
  Thread Stats   Avg      Stdev     Max   +/- Stdev
    Latency     7.83s     2.31s   11.86s    57.51%
    Req/Sec   749.24      4.95   756.00     90.91%
  Latency Distribution (HdrHistogram - Recorded Latency)
 50.000%    7.86s 
 75.000%    9.85s 
 90.000%   11.04s 
 99.000%   11.74s 
 99.900%   11.83s 
 99.990%   11.85s 
 99.999%   11.86s 
100.000%   11.87s 

  Detailed Percentile spectrum:
       Value   Percentile   TotalCount 1/(1-Percentile)

    3520.511     0.000000            1         1.00
    4620.287     0.100000        24053         1.11
    5419.007     0.200000        47841         1.25
    6209.535     0.300000        71816         1.43
    7049.215     0.400000        95764         1.67
    7864.319     0.500000       119637         2.00
    8241.151     0.550000       131662         2.22
    8634.367     0.600000       143678         2.50
    9035.775     0.650000       155698         2.86
    9445.375     0.700000       167672         3.33
    9854.975     0.750000       179520         4.00
   10043.391     0.775000       185427         4.44
   10256.383     0.800000       191373         5.00
   10444.799     0.825000       197514         5.71
   10641.407     0.850000       203427         6.67
   10846.207     0.875000       209505         8.00
   10944.511     0.887500       212445         8.89
   11042.815     0.900000       215550        10.00
   11116.543     0.912500       218311        11.43
   11214.847     0.925000       221477        13.33
   11304.959     0.937500       224355        16.00
   11354.111     0.943750       226026        17.78
   11395.071     0.950000       227464        20.00
   11436.031     0.956250       228795        22.86
   11485.183     0.962500       230305        26.67
   11542.527     0.968750       231931        32.00
   11567.103     0.971875       232589        35.56
   11599.871     0.975000       233359        40.00
   11632.639     0.978125       234134        45.71
   11657.215     0.981250       234738        53.33
   11689.983     0.984375       235558        64.00
   11706.367     0.985938       235979        71.11
   11722.751     0.987500       236411        80.00
   11730.943     0.989062       236632        91.43
   11747.327     0.990625       237068       106.67
   11763.711     0.992188       237515       128.00
   11771.903     0.992969       237725       142.22
   11771.903     0.993750       237725       160.00
   11780.095     0.994531       237938       182.86
   11788.287     0.995313       238163       213.33
   11796.479     0.996094       238386       256.00
   11796.479     0.996484       238386       284.44
   11804.671     0.996875       238588       320.00
   11804.671     0.997266       238588       365.71
   11812.863     0.997656       238776       426.67
   11812.863     0.998047       238776       512.00
   11821.055     0.998242       238939       568.89
   11821.055     0.998437       238939       640.00
   11821.055     0.998633       238939       731.43
   11821.055     0.998828       238939       853.33
   11829.247     0.999023       239053      1024.00
   11829.247     0.999121       239053      1137.78
   11829.247     0.999219       239053      1280.00
   11829.247     0.999316       239053      1462.86
   11837.439     0.999414       239131      1706.67
   11837.439     0.999512       239131      2048.00
   11837.439     0.999561       239131      2275.56
   11837.439     0.999609       239131      2560.00
   11837.439     0.999658       239131      2925.71
   11837.439     0.999707       239131      3413.33
   11845.631     0.999756       239174      4096.00
   11845.631     0.999780       239174      4551.11
   11845.631     0.999805       239174      5120.00
   11845.631     0.999829       239174      5851.43
   11845.631     0.999854       239174      6826.67
   11845.631     0.999878       239174      8192.00
   11845.631     0.999890       239174      9102.22
   11853.823     0.999902       239193     10240.00
   11853.823     0.999915       239193     11702.86
   11853.823     0.999927       239193     13653.33
   11853.823     0.999939       239193     16384.00
   11853.823     0.999945       239193     18204.44
   11853.823     0.999951       239193     20480.00
   11853.823     0.999957       239193     23405.71
   11853.823     0.999963       239193     27306.67
   11853.823     0.999969       239193     32768.00
   11853.823     0.999973       239193     36408.89
   11853.823     0.999976       239193     40960.00
   11853.823     0.999979       239193     46811.43
   11862.015     0.999982       239197     54613.33
   11862.015     0.999985       239197     65536.00
   11862.015     0.999986       239197     72817.78
   11862.015     0.999988       239197     81920.00
   11862.015     0.999989       239197     93622.86
   11862.015     0.999991       239197    109226.67
   11862.015     0.999992       239197    131072.00
   11862.015     0.999993       239197    145635.56
   11862.015     0.999994       239197    163840.00
   11862.015     0.999995       239197    187245.71
   11862.015     0.999995       239197    218453.33
   11870.207     0.999996       239198    262144.00
   11870.207     1.000000       239198          inf
#[Mean    =     7826.196, StdDeviation   =     2313.456]
#[Max     =    11862.016, Total count    =       239198]
#[Buckets =           27, SubBuckets     =         2048]
----------------------------------------------------------
  362012 requests in 30.00s, 4.85GB read
Requests/sec:  12066.43
Transfer/sec:    165.71MB
WRKX_RESULT {"durationUs":30001595,"requests":362012,"responses":362012,"errors":0,"bytes":5212972800,"latencyAvgUs":7826196.084,"latencyP95Us":11395071.000,"latencyP99Us":11739135.000}
