Running 30s test @ http://localhost:9991/postgres/orders
  16 threads and 256 connections
  Thread calibration: mean lat.: 980.912ms, rate sampling interval: 3561ms
  Thread calibration: mean lat.: 982.919ms, rate sampling interval: 3561ms
  Thread calibration: mean lat.: 984.796ms, rate sampling interval: 3569ms
  Thread calibration: mean lat.: 986.878ms, rate sampling interval: 3573ms
  Thread calibration: mean lat.: 986.420ms, rate sampling interval: 3571ms
  Thread calibration: mean lat.: 983.580ms, rate sampling interval: 3565ms
  Thread calibration: mean lat.: 984.522ms, rate sampling interval: 3567ms
  Thread calibration: mean lat.: 984.123ms, rate sampling interval: 3569ms
  Thread calibration: mean lat.: 985.471ms, rate sampling interval: 3565ms
  Thread calibration: mean lat.: 983.912ms, rate sampling interval: 3565ms
  Thread calibration: mean lat.: 988.242ms, rate sampling interval: 3577ms
  Thread calibration: mean lat.: 987.940ms, rate sampling interval: 3573ms
  Thread calibration: mean lat.: 985.032ms, rate sampling interval: 3569ms
  Thread calibration: mean lat.: 985.371ms, rate sampling interval: 3565ms
  Thread calibration: mean lat.: 987.208ms, rate sampling interval: 3571ms
  Thread calibration: mean lat.: 982.076ms, rate sampling interval: 3559ms
  Thread Stats   Avg      Stdev     Max   +/- Stdev
    Latency     3.95s     1.13s    5.94s    57.45%
    Req/Sec   753.01      7.59   767.00     80.00%
  Latency Distribution (HdrHistogram - Recorded Latency)
 50.000%    3.97s 
 75.000%    4.94s 
 90.000%    5.49s 
 99.000%    5.86s 
 99.900%    5.91s 
 99.990%    5.93s 
 99.999%    5.94s 
100.000%    5.95s 

  Detailed Percentile spectrum:
       Value   Percentile   TotalCount 1/(1-Percentile)

    1939.455     0.000000            1         1.00
    2344.959     0.100000        23994         1.11
    2760.703     0.200000        48040         1.25
    3166.207     0.300000        72075         1.43
    3581.951     0.400000        95988         1.67
    3969.023     0.500000       120083         2.00
    4134.911     0.550000       132055         2.22
    4337.663     0.600000       144026         2.50
    4542.463     0.650000       156228         2.86
    4755.455     0.700000       168062         3.33
    4939.775     0.750000       179970         4.00
    5042.175     0.775000       186042         4.44
    5124.095     0.800000       192191         5.00
    5206.015     0.825000       197994         5.71
    5292.031     0.850000       203984         6.67
    5386.239     0.875000       210111         8.00
    5439.487     0.887500       213092         8.89
    5488.639     0.900000       216013        10.00
    5537.791     0.912500       218956        11.43
    5591.039     0.925000       222094        13.33
    5644.287     0.937500       225048        16.00
    5668.863     0.943750       226464        17.78
    5697.535     0.950000       227960        20.00
    5726.207     0.956250       229427        22.86
    5754.879     0.962500       231141        26.67
    5775.359     0.968750       232495        32.00
    5787.647     0.971875       233291        35.56
    5799.935     0.975000       234011        40.00
    5812.223     0.978125       234725        45.71
    5824.511     0.981250       235439        53.33
    5836.799     0.984375       236183        64.00
    5844.991     0.985938       236695        71.11
    5849.087     0.987500       236956        80.00
    5857.279     0.989062       237489        91.43
    5861.375     0.990625       237733       106.67
    5869.567     0.992188       238230       128.00
    5869.567     0.992969       238230       142.22
    5873.663     0.993750       238479       160.00
    5877.759     0.994531       238698       182.86
    5881.855     0.995313       238912       213.33
    5885.951     0.996094       239091       256.00
    5885.951     0.996484       239091       284.44
    5890.047     0.996875       239269       320.00
    5890.047     0.997266       239269       365.71
    5894.143     0.997656       239414       426.67
    5898.239     0.998047       239533       512.00
    5898.239     0.998242       239533       568.89
    5902.335     0.998437       239641       640.00
    5902.335     0.998633       239641       731.43
    5902.335     0.998828       239641       853.33
    5906.431     0.999023       239714      1024.00
    5906.431     0.999121       239714      1137.78
    5910.527     0.999219       239773      1280.00
    5910.527     0.999316       239773      1462.86
    5910.527     0.999414       239773      1706.67
    5914.623     0.999512       239819      2048.00
    5914.623     0.999561       239819      2275.56
    5914.623     0.999609       239819      2560.00
    5918.719     0.999658       239843      2925.71
    5918.719     0.999707       239843      3413.33
    5922.815     0.999756       239868      4096.00
    5922.815     0.999780       239868      4551.11
    5922.815     0.999805       239868      5120.00
    5926.911     0.999829       239883      5851.43
    5926.911     0.999854       239883      6826.67
    5926.911     0.999878       239883      8192.00
    5931.007     0.999890       239899      9102.22
    5931.007     0.999902       239899     10240.00
    5931.007     0.999915       239899     11702.86
    5931.007     0.999927       239899     13653.33
    5931.007     0.999939       239899     16384.00
    5931.007     0.999945       239899     18204.44
    5935.103     0.999951       239904     20480.00
    5935.103     0.999957       239904     23405.71
    5935.103     0.999963       239904     27306.67
    5939.199     0.999969       239908     32768.00
    5939.199     0.999973       239908     36408.89
    5939.199     0.999976       239908     40960.00
    5939.199     0.999979       239908     46811.43
    5939.199     0.999982       239908     54613.33
    5943.295     0.999985       239911     65536.00
    5943.295     0.999986       239911     72817.78
    5943.295     0.999988       239911     81920.00
    5943.295     0.999989       239911     93622.86
    5943.295     0.999991       239911    109226.67
    5943.295     0.999992       239911    131072.00
    5943.295     0.999993       239911    145635.56
    5943.295     0.999994       239911    163840.00
    5943.295     0.999995       239911    187245.71
    5943.295     0.999995       239911    218453.33
    5947.391     0.999996       239912    262144.00
    5947.391     1.000000       239912          inf
#[Mean    =     3945.114, StdDeviation   =     1134.578]
#[Max     =     5943.296, Total count    =       239912]
#[Buckets =           27, SubBuckets     =         2048]
----------------------------------------------------------
  361150 requests in 30.00s, 4.84GB read
Requests/sec:  12037.25
Transfer/sec:    165.31MB
WRKX_RESULT {"durationUs":30002692,"requests":361150,"responses":361150,"errors":0,"bytes":5200560000,"latencyAvgUs":3945113.787,"latencyP95Us":5697535.000,"latencyP99Us":5861375.000}
