Running 30s test @ http://localhost:9991/postgres/orders
  16 threads and 256 connections
  Thread calibration: mean lat.: 2523.083ms, rate sampling interval: 9240ms
  Thread calibration: mean lat.: 2526.312ms, rate sampling interval: 9248ms
  Thread calibration: mean lat.: 2521.072ms, rate sampling interval: 9240ms
  Thread calibration: mean lat.: 2528.097ms, rate sampling interval: 9248ms
  Thread calibration: mean lat.: 2526.704ms, rate sampling interval: 9248ms
  Thread calibration: mean lat.: 2529.476ms, rate sampling interval: 9256ms
  Thread calibration: mean lat.: 2527.135ms, rate sampling interval: 9248ms
  Thread calibration: mean lat.: 2527.688ms, rate sampling interval: 9248ms
  Thread calibration: mean lat.: 2374.532ms, rate sampling interval: 8495ms
  Thread calibration: mean lat.: 2526.205ms, rate sampling interval: 9240ms
  Thread calibration: mean lat.: 2524.970ms, rate sampling interval: 9248ms
  Thread calibration: mean lat.: 2530.518ms, rate sampling interval: 9256ms
  Thread calibration: mean lat.: 2525.645ms, rate sampling interval: 9240ms
  Thread calibration: mean lat.: 2533.049ms, rate sampling interval: 9248ms
  Thread calibration: mean lat.: 2534.042ms, rate sampling interval: 9265ms
  Thread calibration: mean lat.: 2530.298ms, rate sampling interval: 9248ms
  Thread Stats   Avg      Stdev     Max   +/- Stdev
    Latency    10.30s     2.98s   15.51s    57.93%
    Req/Sec   752.88      3.44   757.00    100.00%
  Latency Distribution (HdrHistogram - Recorded Latency)
 50.000%   10.31s 
 75.000%   12.89s 
 90.000%   14.39s 
 99.000%   15.36s 
 99.900%   15.47s 
 99.990%   15.49s 
 99.999%   15.51s 
100.000%   15.52s 

  Detailed Percentile spectrum:
       Value   Percentile   TotalCount 1/(1-Percentile)

    4714.495     0.000000            3         1.00
    6111.231     0.100000        24071         1.11
    7204.863     0.200000        48056         1.25
    8282.111     0.300000        72035         1.43
    9281.535     0.400000        96010         1.67
   10313.727     0.500000       120001         2.00
   10838.015     0.550000       131993         2.22
   11362.303     0.600000       144141         2.50
   11862.015     0.650000       155993         2.86
   12394.495     0.700000       168004         3.33
   12886.015     0.750000       180084         4.00
   13131.775     0.775000       186052         4.44
   13385.727     0.800000       192077         5.00
   13623.295     0.825000       197953         5.71
   13893.631     0.850000       204059         6.67
   14139.391     0.875000       210082         8.00
   14262.271     0.887500       213006         8.89
   14385.151     0.900000       216015        10.00
   14524.415     0.912500       219110        11.43
   14655.487     0.925000       221989        13.33
   14786.559     0.937500       224946        16.00
   14852.095     0.943750       226518        17.78
   14917.631     0.950000       228151        20.00
   14974.975     0.956250       229508        22.86
   15040.511     0.962500       231072        26.67
   15106.047     0.968750       232503        32.00
   15147.007     0.971875       233297        35.56
   15179.775     0.975000       233956        40.00
   15220.735     0.978125       234748        45.71
   15261.695     0.981250       235546        53.33
   15294.463     0.984375       236217        64.00
   15319.039     0.985938       236717        71.11
   15335.423     0.987500       237057        80.00
   15351.807     0.989062       237401        91.43
   15368.191     0.990625       237747       106.67
   15384.575     0.992188       238082       128.00
   15392.767     0.992969       238258       142.22
   15409.151     0.993750       238615       160.00
   15417.343     0.994531       238792       182.86
   15425.535     0.995313       238968       213.33
   15433.727     0.996094       239170       256.00
   15433.727     0.996484       239170       284.44
   15441.919     0.996875       239342       320.00
   15441.919     0.997266       239342       365.71
   15450.111     0.997656       239520       426.67
   15450.111     0.998047       239520       512.00
   15450.111     0.998242       239520       568.89
   15458.303     0.998437       239686       640.00
   15458.303     0.998633       239686       731.43
   15458.303     0.998828       239686       853.33
   15466.495     0.999023       239801      1024.00
   15466.495     0.999121       239801      1137.78
   15466.495     0.999219       239801      1280.00
   15466.495     0.999316       239801      1462.86
   15466.495     0.999414       239801      1706.67
   15474.687     0.999512       239874      2048.00
   15474.687     0.999561       239874      2275.56
   15474.687     0.999609       239874      2560.00
   15474.687     0.999658       239874      2925.71
   15474.687     0.999707       239874      3413.33
   15482.879     0.999756       239915      4096.00
   15482.879     0.999780       239915      4551.11
   15482.879     0.999805       239915      5120.00
   15482.879     0.999829       239915      5851.43
   15482.879     0.999854       239915      6826.67
   15482.879     0.999878       239915      8192.00
   15482.879     0.999890       239915      9102.22
   15491.071     0.999902       239934     10240.00
   15491.071     0.999915       239934     11702.86
   15491.071     0.999927       239934     13653.33
   15491.071     0.999939       239934     16384.00
   15491.071     0.999945       239934     18204.44
   15491.071     0.999951       239934     20480.00
   15491.071     0.999957       239934     23405.71
   15491.071     0.999963       239934     27306.67
   15491.071     0.999969       239934     32768.00
   15491.071     0.999973       239934     36408.89
   15499.263     0.999976       239937     40960.00
   15499.263     0.999979       239937     46811.43
   15499.263     0.999982       239937     54613.33
   15499.263     0.999985       239937     65536.00
   15499.263     0.999986       239937     72817.78
   15507.455     0.999988       239939     81920.00
   15507.455     0.999989       239939     93622.86
   15507.455     0.999991       239939    109226.67
   15507.455     0.999992       239939    131072.00
   15507.455     0.999993       239939    145635.56
   15507.455     0.999994       239939    163840.00
   15507.455     0.999995       239939    187245.71
   15507.455     0.999995       239939    218453.33
   15515.647     0.999996       239940    262144.00
   15515.647     1.000000       239940          inf
#[Mean    =    10298.305, StdDeviation   =     2980.145]
#[Max     =    15507.456, Total count    =       239940]
#[Buckets =           27, SubBuckets     =         2048]
----------------------------------------------------------
  361574 requests in 30.01s, 4.85GB read
Requests/sec:  12049.92
Transfer/sec:    165.48MB
WRKX_RESULT {"durationUs":30006344,"requests":361574,"responses":361574,"errors":0,"bytes":5206665600,"latencyAvgUs":10298304.889,"latencyP95Us":14917631.000,"latencyP99Us":15359999.000}
