Running 30s test @ http://localhost:9991/
  16 threads and 256 connections
  Thread calibration: mean lat.: 4160.820ms, rate sampling interval: 14983ms
  Thread calibration: mean lat.: 3955.676ms, rate sampling interval: 14368ms
  Thread calibration: mean lat.: 3934.854ms, rate sampling interval: 14303ms
  Thread calibration: mean lat.: 4399.123ms, rate sampling interval: 15081ms
  Thread calibration: mean lat.: 3038.579ms, rate sampling interval: 13385ms
  Thread calibration: mean lat.: 3545.191ms, rate sampling interval: 13664ms
  Thread calibration: mean lat.: 3320.162ms, rate sampling interval: 13418ms
  Thread calibration: mean lat.: 3005.062ms, rate sampling interval: 13410ms
  Thread calibration: mean lat.: 3846.783ms, rate sampling interval: 13836ms
  Thread calibration: mean lat.: 3719.204ms, rate sampling interval: 13615ms
  Thread calibration: mean lat.: 3679.436ms, rate sampling interval: 13320ms
  Thread calibration: mean lat.: 3790.633ms, rate sampling interval: 13852ms
  Thread calibration: mean lat.: 3736.727ms, rate sampling interval: 13975ms
  Thread calibration: mean lat.: 3555.725ms, rate sampling interval: 13697ms
  Thread calibration: mean lat.: 4130.668ms, rate sampling interval: 14786ms
  Thread calibration: mean lat.: 3721.845ms, rate sampling interval: 14483ms
  Thread Stats   Avg      Stdev     Max   +/- Stdev
    Latency    14.98s     5.44s   27.74s    63.05%
    Req/Sec   459.00     64.94   568.00     62.50%
  Latency Distribution (HdrHistogram - Recorded Latency)
 50.000%   14.42s 
 75.000%   19.10s 
 90.000%   23.02s 
 99.000%   26.05s 
 99.900%   27.23s 
 99.990%   27.66s 
 99.999%   27.74s 
100.000%   27.75s 

  Detailed Percentile spectrum:
       Value   Percentile   TotalCount 1/(1-Percentile)

    2234.367     0.000000            1         1.00
    8486.911     0.100000        14407         1.11
    9863.167     0.200000        28812         1.25
   11157.503     0.300000        43190         1.43
   12566.527     0.400000        57570         1.67
   14417.919     0.500000        71927         2.00
   15392.767     0.550000        79142         2.22
   16424.959     0.600000        86308         2.50
   17367.039     0.650000        93587         2.86
   18153.471     0.700000       100781         3.33
   19103.743     0.750000       107933         4.00
   19644.415     0.775000       111541         4.44
   20217.855     0.800000       115140         5.00
   20889.599     0.825000       118739         5.71
   21626.879     0.850000       122297         6.67
   22282.239     0.875000       125867         8.00
   22626.303     0.887500       127720         8.89
   23019.519     0.900000       129540        10.00
   23412.735     0.912500       131336        11.43
   23707.647     0.925000       133116        13.33
   24002.559     0.937500       134927        16.00
   24166.399     0.943750       135785        17.78
   24363.007     0.950000       136715        20.00
   24559.615     0.956250       137583        22.86
   24788.991     0.962500       138467        26.67
   25051.135     0.968750       139352        32.00
   25165.823     0.971875       139803        35.56
   25313.279     0.975000       140266        40.00
   25444.351     0.978125       140701        45.71
   25608.191     0.981250       141185        53.33
   25755.647     0.984375       141598        64.00
   25853.951     0.985938       141849        71.11
   25919.487     0.987500       142050        80.00
   26001.407     0.989062       142282        91.43
   26083.327     0.990625       142495       106.67
   26198.015     0.992188       142740       128.00
   26247.167     0.992969       142832       142.22
   26329.087     0.993750       142971       160.00
   26394.623     0.994531       143059       182.86
   26492.927     0.995313       143168       213.33
   26607.615     0.996094       143283       256.00
   26673.151     0.996484       143344       284.44
   26722.303     0.996875       143394       320.00
   26787.839     0.997266       143451       365.71
   26869.759     0.997656       143510       426.67
   26935.295     0.998047       143566       512.00
   26984.447     0.998242       143594       568.89
   27033.599     0.998437       143626       640.00
   27099.135     0.998633       143652       731.43
   27164.671     0.998828       143682       853.33
   27246.591     0.999023       143704      1024.00
   27279.359     0.999121       143718      1137.78
   27328.511     0.999219       143733      1280.00
   27377.663     0.999316       143746      1462.86
   27426.815     0.999414       143764      1706.67
   27475.967     0.999512       143773      2048.00
   27492.351     0.999561       143779      2275.56
   27508.735     0.999609       143786      2560.00
   27525.119     0.999658       143794      2925.71
   27557.887     0.999707       143803      3413.33
   27607.039     0.999756       143813      4096.00
   27607.039     0.999780       143813      4551.11
   27623.423     0.999805       143818      5120.00
   27623.423     0.999829       143818      5851.43
   27639.807     0.999854       143823      6826.67
   27656.191     0.999878       143828      8192.00
   27656.191     0.999890       143828      9102.22
   27656.191     0.999902       143828     10240.00
   27672.575     0.999915       143831     11702.86
   27688.959     0.999927       143832     13653.33
   27721.727     0.999939       143836     16384.00
   27721.727     0.999945       143836     18204.44
   27721.727     0.999951       143836     20480.00
   27721.727     0.999957       143836     23405.71
   27738.111     0.999963       143841     27306.67
   27738.111     0.999969       143841     32768.00
   27738.111     0.999973       143841     36408.89
   27738.111     0.999976       143841     40960.00
   27738.111     0.999979       143841     46811.43
   27738.111     0.999982       143841     54613.33
   27738.111     0.999985       143841     65536.00
   27738.111     0.999986       143841     72817.78
   27738.111     0.999988       143841     81920.00
   27738.111     0.999989       143841     93622.86
   27738.111     0.999991       143841    109226.67
   27738.111     0.999992       143841    131072.00
   27754.495     0.999993       143842    145635.56
   27754.495     1.000000       143842          inf
#[Mean    =    14984.719, StdDeviation   =     5437.229]
#[Max     =    27738.112, Total count    =       143842]
#[Buckets =           27, SubBuckets     =         2048]
----------------------------------------------------------
  220751 requests in 30.01s, 39.59MB read
  Socket errors: connect 0, read 5, write 0, timeout 0
Requests/sec:   7356.72
Transfer/sec:      1.32MB
WRKX_RESULT {"durationUs":30006735,"requests":220751,"responses":220751,"errors":5,"bytes":41508579,"latencyAvgUs":14984718.715,"latencyP95Us":24363007.000,"latencyP99Us":26050559.000}
