Running 30s test @ http://localhost:9991/
  16 threads and 256 connections
  Thread calibration: mean lat.: 1084.044ms, rate sampling interval: 5062ms
  Thread calibration: mean lat.: 1323.390ms, rate sampling interval: 5836ms
  Thread calibration: mean lat.: 835.256ms, rate sampling interval: 4214ms
  Thread calibration: mean lat.: 1211.115ms, rate sampling interval: 5038ms
  Thread calibration: mean lat.: 1219.677ms, rate sampling interval: 5218ms
  Thread calibration: mean lat.: 1286.401ms, rate sampling interval: 5255ms
  Thread calibration: mean lat.: 984.928ms, rate sampling interval: 4698ms
  Thread calibration: mean lat.: 1166.937ms, rate sampling interval: 5124ms
  Thread calibration: mean lat.: 1168.927ms, rate sampling interval: 5238ms
  Thread calibration: mean lat.: 1247.548ms, rate sampling interval: 5189ms
  Thread calibration: mean lat.: 1060.331ms, rate sampling interval: 4902ms
  Thread calibration: mean lat.: 1156.666ms, rate sampling interval: 5144ms
  Thread calibration: mean lat.: 1370.619ms, rate sampling interval: 5365ms
  Thread calibration: mean lat.: 1214.217ms, rate sampling interval: 5234ms
  Thread calibration: mean lat.: 1291.940ms, rate sampling interval: 5541ms
  Thread calibration: mean lat.: 1237.415ms, rate sampling interval: 5439ms
  Thread Stats   Avg      Stdev     Max   +/- Stdev
    Latency     5.04s     3.02s   15.19s    68.89%
    Req/Sec   447.33     32.83   548.00     74.51%
  Latency Distribution (HdrHistogram - Recorded Latency)
 50.000%    4.95s 
 75.000%    7.07s 
 90.000%    8.87s 
 99.000%   12.90s 
 99.900%   14.30s 
 99.990%   14.70s 
 99.999%   15.16s 
100.000%   15.20s 

  Detailed Percentile spectrum:
       Value   Percentile   TotalCount 1/(1-Percentile)

       1.627     0.000000            1         1.00
      58.687     0.100000        14548         1.11
    2631.679     0.200000        29120         1.25
    3545.087     0.300000        43643         1.43
    4243.455     0.400000        58265         1.67
    4947.967     0.500000        72791         2.00
    5316.607     0.550000        80086         2.22
    5681.151     0.600000        87283         2.50
    6119.423     0.650000        94573         2.86
    6569.983     0.700000       101851         3.33
    7069.695     0.750000       109150         4.00
    7315.455     0.775000       112747         4.44
    7585.791     0.800000       116429         5.00
    7835.647     0.825000       120064         5.71
    8089.599     0.850000       123689         6.67
    8421.375     0.875000       127344         8.00
    8634.367     0.887500       129104         8.89
    8871.935     0.900000       130973        10.00
    9117.695     0.912500       132746        11.43
    9412.607     0.925000       134594        13.33
    9756.671     0.937500       136389        16.00
    9961.471     0.943750       137298        17.78
   10231.807     0.950000       138222        20.00
   10461.183     0.956250       139105        22.86
   10723.327     0.962500       140031        26.67
   10944.511     0.968750       140925        32.00
   11100.159     0.971875       141377        35.56
   11280.383     0.975000       141838        40.00
   11517.951     0.978125       142294        45.71
   11804.671     0.981250       142750        53.33
   12189.695     0.984375       143196        64.00
   12394.495     0.985938       143425        71.11
   12517.375     0.987500       143654        80.00
   12713.983     0.989062       143878        91.43
   12984.319     0.990625       144106       106.67
   13271.039     0.992188       144335       128.00
   13443.071     0.992969       144448       142.22
   13582.335     0.993750       144563       160.00
   13713.407     0.994531       144675       182.86
   13811.711     0.995313       144797       213.33
   13885.439     0.996094       144916       256.00
   13910.015     0.996484       144958       284.44
   13967.359     0.996875       145015       320.00
   14016.511     0.997266       145072       365.71
   14082.047     0.997656       145129       426.67
   14147.583     0.998047       145189       512.00
   14180.351     0.998242       145221       568.89
   14204.927     0.998437       145245       640.00
   14245.887     0.998633       145279       731.43
   14270.463     0.998828       145300       853.33
   14303.231     0.999023       145333      1024.00
   14311.423     0.999121       145346      1137.78
   14327.807     0.999219       145356      1280.00
   14344.191     0.999316       145370      1462.86
   14360.575     0.999414       145385      1706.67
   14401.535     0.999512       145400      2048.00
   14417.919     0.999561       145406      2275.56
   14434.303     0.999609       145413      2560.00
   14458.879     0.999658       145419      2925.71
   14516.223     0.999707       145427      3413.33
   14548.991     0.999756       145433      4096.00
   14581.759     0.999780       145438      4551.11
   14614.527     0.999805       145440      5120.00
   14639.103     0.999829       145444      5851.43
   14663.679     0.999854       145447      6826.67
   14696.447     0.999878       145452      8192.00
   14704.639     0.999890       145453      9102.22
   14712.831     0.999902       145454     10240.00
   14778.367     0.999915       145456     11702.86
   14860.287     0.999927       145458     13653.33
   14966.783     0.999939       145460     16384.00
   14991.359     0.999945       145461     18204.44
   14991.359     0.999951       145461     20480.00
   15048.703     0.999957       145462     23405.71
   15065.087     0.999963       145463     27306.67
   15089.663     0.999969       145464     32768.00
   15106.047     0.999973       145465     36408.89
   15106.047     0.999976       145465     40960.00
   15106.047     0.999979       145465     46811.43
   15147.007     0.999982       145466     54613.33
   15147.007     0.999985       145466     65536.00
   15163.391     0.999986       145467     72817.78
   15163.391     0.999988       145467     81920.00
   15163.391     0.999989       145467     93622.86
   15163.391     0.999991       145467    109226.67
   15163.391     0.999992       145467    131072.00
   15196.159     0.999993       145468    145635.56
   15196.159     1.000000       145468          inf
#[Mean    =     5037.241, StdDeviation   =     3021.853]
#[Max     =    15187.968, Total count    =       145468]
#[Buckets =           27, SubBuckets     =         2048]
----------------------------------------------------------
  218777 requests in 30.01s, 39.23MB read
  Socket errors: connect 0, read 8, write 0, timeout 0
Requests/sec:   7290.85
Transfer/sec:      1.31MB
WRKX_RESULT {"durationUs":30007069,"requests":218777,"responses":218777,"errors":8,"bytes":41137277,"latencyAvgUs":5037241.305,"latencyP95Us":10231807.000,"latencyP99Us":12902399.000}
