Running 30s test @ http://localhost:9991/
  16 threads and 256 connections
  Thread calibration: mean lat.: 4.879ms, rate sampling interval: 17ms
  Thread calibration: mean lat.: 4.608ms, rate sampling interval: 16ms
  Thread calibration: mean lat.: 4.248ms, rate sampling interval: 13ms
  Thread calibration: mean lat.: 5.696ms, rate sampling interval: 21ms
  Thread calibration: mean lat.: 5.354ms, rate sampling interval: 17ms
  Thread calibration: mean lat.: 4.240ms, rate sampling interval: 13ms
  Thread calibration: mean lat.: 4.716ms, rate sampling interval: 15ms
  Thread calibration: mean lat.: 5.051ms, rate sampling interval: 16ms
  Thread calibration: mean lat.: 5.384ms, rate sampling interval: 19ms
  Thread calibration: mean lat.: 5.080ms, rate sampling interval: 16ms
  Thread calibration: mean lat.: 5.384ms, rate sampling interval: 19ms
  Thread calibration: mean lat.: 5.748ms, rate sampling interval: 22ms
  Thread calibration: mean lat.: 5.467ms, rate sampling interval: 19ms
  Thread calibration: mean lat.: 5.266ms, rate sampling interval: 18ms
  Thread calibration: mean lat.: 4.549ms, rate sampling interval: 14ms
  Thread calibration: mean lat.: 4.715ms, rate sampling interval: 16ms
  Thread Stats   Avg      Stdev     Max   +/- Stdev
    Latency    22.09ms  113.68ms   1.38s    97.79%
    Req/Sec   318.84     77.91   750.00     68.97%
  Latency Distribution (HdrHistogram - Recorded Latency)
 50.000%    4.66ms
 75.000%    7.64ms
 90.000%   13.49ms
 99.000%  702.97ms
 99.900%    1.30s 
 99.990%    1.37s 
 99.999%    1.38s 
100.000%    1.38s 

  Detailed Percentile spectrum:
       Value   Percentile   TotalCount 1/(1-Percentile)

       1.397     0.000000            1         1.00
       2.601     0.100000         9881         1.11
       3.029     0.200000        19731         1.25
       3.479     0.300000        29599         1.43
       4.029     0.400000        39458         1.67
       4.663     0.500000        49324         2.00
       5.043     0.550000        54221         2.22
       5.507     0.600000        59153         2.50
       6.075     0.650000        64055         2.86
       6.787     0.700000        68996         3.33
       7.643     0.750000        73930         4.00
       8.159     0.775000        76381         4.44
       8.767     0.800000        78876         5.00
       9.511     0.825000        81317         5.71
      10.479     0.850000        83783         6.67
      11.735     0.875000        86233         8.00
      12.535     0.887500        87468         8.89
      13.495     0.900000        88693        10.00
      14.767     0.912500        89928        11.43
      16.431     0.925000        91160        13.33
      18.719     0.937500        92387        16.00
      20.255     0.943750        93007        17.78
      22.159     0.950000        93627        20.00
      25.167     0.956250        94237        22.86
      31.135     0.962500        94853        26.67
      43.711     0.968750        95468        32.00
      81.983     0.971875        95775        35.56
     127.423     0.975000        96085        40.00
     137.215     0.978125        96397        45.71
     269.823     0.981250        96699        53.33
     452.863     0.984375        97007        64.00
     510.719     0.985938        97161        71.11
     589.311     0.987500        97315        80.00
     649.727     0.989062        97469        91.43
     743.423     0.990625        97623       106.67
     847.871     0.992188        97777       128.00
     890.879     0.992969        97854       142.22
     930.815     0.993750        97933       160.00
     981.503     0.994531        98008       182.86
    1038.335     0.995313        98085       213.33
    1091.583     0.996094        98163       256.00
    1111.039     0.996484        98200       284.44
    1131.519     0.996875        98241       320.00
    1160.191     0.997266        98279       365.71
    1192.959     0.997656        98317       426.67
    1223.679     0.998047        98358       512.00
    1238.015     0.998242        98374       568.89
    1252.351     0.998437        98393       640.00
    1273.855     0.998633        98414       731.43
    1290.239     0.998828        98431       853.33
    1303.551     0.999023        98451      1024.00
    1310.719     0.999121        98460      1137.78
    1315.839     0.999219        98470      1280.00
    1325.055     0.999316        98479      1462.86
    1339.391     0.999414        98489      1706.67
    1346.559     0.999512        98499      2048.00
    1347.583     0.999561        98504      2275.56
    1349.631     0.999609        98508      2560.00
    1353.727     0.999658        98513      2925.71
    1361.919     0.999707        98520      3413.33
    1362.943     0.999756        98523      4096.00
    1363.967     0.999780        98525      4551.11
    1364.991     0.999805        98527      5120.00
    1367.039     0.999829        98530      5851.43
    1368.063     0.999854        98533      6826.67
    1369.087     0.999878        98536      8192.00
    1369.087     0.999890        98536      9102.22
    1370.111     0.999902        98538     10240.00
    1370.111     0.999915        98538     11702.86
    1371.135     0.999927        98540     13653.33
    1371.135     0.999939        98540     16384.00
    1373.183     0.999945        98541     18204.44
    1374.207     0.999951        98543     20480.00
    1374.207     0.999957        98543     23405.71
    1374.207     0.999963        98543     27306.67
    1374.207     0.999969        98543     32768.00
    1376.255     0.999973        98544     36408.89
    1376.255     0.999976        98544     40960.00
    1376.255     0.999979        98544     46811.43
    1378.303     0.999982        98546     54613.33
    1378.303     1.000000        98546          inf
#[Mean    =       22.094, StdDeviation   =      113.685]
#[Max     =     1377.280, Total count    =        98546]
#[Buckets =           27, SubBuckets     =         2048]
----------------------------------------------------------
  148869 requests in 30.01s, 26.69MB read
  Socket errors: connect 0, read 184, write 0, timeout 0
Requests/sec:   4961.07
Transfer/sec:      0.89MB
WRKX_RESULT {"durationUs":30007467,"requests":148869,"responses":148869,"errors":184,"bytes":27988645,"latencyAvgUs":22094.453,"latencyP95Us":22159.000,"latencyP99Us":702975.000}
