Running 30s test @ http://localhost:9991/
  16 threads and 256 connections
  Thread calibration: mean lat.: 4534.706ms, rate sampling interval: 15613ms
  Thread calibration: mean lat.: 4543.738ms, rate sampling interval: 16392ms
  Thread calibration: mean lat.: 4406.818ms, rate sampling interval: 16097ms
  Thread calibration: mean lat.: 4159.643ms, rate sampling interval: 15572ms
  Thread calibration: mean lat.: 4498.013ms, rate sampling interval: 16474ms
  Thread calibration: mean lat.: 4786.422ms, rate sampling interval: 15777ms
  Thread calibration: mean lat.: 4696.537ms, rate sampling interval: 16621ms
  Thread calibration: mean lat.: 4642.541ms, rate sampling interval: 16383ms
  Thread calibration: mean lat.: 4588.138ms, rate sampling interval: 14958ms
  Thread calibration: mean lat.: 4774.495ms, rate sampling interval: 15564ms
  Thread calibration: mean lat.: 4267.012ms, rate sampling interval: 15908ms
  Thread calibration: mean lat.: 4357.382ms, rate sampling interval: 16007ms
  Thread calibration: mean lat.: 4383.717ms, rate sampling interval: 16089ms
  Thread calibration: mean lat.: 4460.103ms, rate sampling interval: 16261ms
  Thread calibration: mean lat.: 4238.476ms, rate sampling interval: 15761ms
  Thread calibration: mean lat.: 4283.255ms, rate sampling interval: 15859ms
  Thread Stats   Avg      Stdev     Max   +/- Stdev
    Latency    17.81s     5.68s   28.90s    58.15%
    Req/Sec   474.31    107.81   689.00     56.25%
  Latency Distribution (HdrHistogram - Recorded Latency)
 50.000%   17.55s 
 75.000%   22.59s 
 90.000%   25.85s 
 99.000%   27.98s 
 99.900%   28.61s 
 99.990%   28.82s 
 99.999%   28.88s 
100.000%   28.92s 

  Detailed Percentile spectrum:
       Value   Percentile   TotalCount 1/(1-Percentile)

    7327.743     0.000000            2         1.00
   10223.615     0.100000        15086         1.11
   11993.087     0.200000        30226         1.25
   14000.127     0.300000        45279         1.43
   15835.135     0.400000        60364         1.67
   17547.263     0.500000        75493         2.00
   18497.535     0.550000        83063         2.22
   19513.343     0.600000        90490         2.50
   20529.151     0.650000        98136         2.86
   21528.575     0.700000       105573         3.33
   22593.535     0.750000       113146         4.00
   23150.591     0.775000       116966         4.44
   23756.799     0.800000       120701         5.00
   24346.623     0.825000       124444         5.71
   24805.375     0.850000       128225         6.67
   25329.663     0.875000       132010         8.00
   25608.191     0.887500       133852         8.89
   25853.951     0.900000       135768        10.00
   26083.327     0.912500       137646        11.43
   26378.239     0.925000       139582        13.33
   26640.383     0.937500       141426        16.00
   26771.455     0.943750       142332        17.78
   26918.911     0.950000       143333        20.00
   27049.983     0.956250       144253        22.86
   27197.439     0.962500       145230        26.67
   27344.895     0.968750       146169        32.00
   27426.815     0.971875       146644        35.56
   27508.735     0.975000       147087        40.00
   27590.655     0.978125       147554        45.71
   27672.575     0.981250       148006        53.33
   27770.879     0.984375       148502        64.00
   27820.031     0.985938       148694        71.11
   27885.567     0.987500       148937        80.00
   27951.103     0.989062       149170        91.43
   28016.639     0.990625       149401       106.67
   28098.559     0.992188       149664       128.00
   28131.327     0.992969       149763       142.22
   28180.479     0.993750       149907       160.00
   28213.247     0.994531       150001       182.86
   28262.399     0.995313       150104       213.33
   28311.551     0.996094       150210       256.00
   28344.319     0.996484       150276       284.44
   28377.087     0.996875       150334       320.00
   28409.855     0.997266       150389       365.71
   28459.007     0.997656       150469       426.67
   28491.775     0.998047       150525       512.00
   28508.159     0.998242       150538       568.89
   28524.543     0.998437       150569       640.00
   28557.311     0.998633       150611       731.43
   28573.695     0.998828       150628       853.33
   28606.463     0.999023       150663      1024.00
   28622.847     0.999121       150678      1137.78
   28639.231     0.999219       150689      1280.00
   28655.615     0.999316       150708      1462.86
   28671.999     0.999414       150718      1706.67
   28688.383     0.999512       150729      2048.00
   28704.767     0.999561       150742      2275.56
   28704.767     0.999609       150742      2560.00
   28721.151     0.999658       150750      2925.71
   28737.535     0.999707       150756      3413.33
   28753.919     0.999756       150763      4096.00
   28770.303     0.999780       150768      4551.11
   28786.687     0.999805       150775      5120.00
   28786.687     0.999829       150775      5851.43
   28803.071     0.999854       150780      6826.67
   28819.455     0.999878       150785      8192.00
   28819.455     0.999890       150785      9102.22
   28819.455     0.999902       150785     10240.00
   28835.839     0.999915       150788     11702.86
   28835.839     0.999927       150788     13653.33
   28852.223     0.999939       150792     16384.00
   28852.223     0.999945       150792     18204.44
   28852.223     0.999951       150792     20480.00
   28868.607     0.999957       150795     23405.71
   28868.607     0.999963       150795     27306.67
   28868.607     0.999969       150795     32768.00
   28868.607     0.999973       150795     36408.89
   28884.991     0.999976       150797     40960.00
   28884.991     0.999979       150797     46811.43
   28884.991     0.999982       150797     54613.33
   28884.991     0.999985       150797     65536.00
   28884.991     0.999986       150797     72817.78
   28901.375     0.999988       150798     81920.00
   28901.375     0.999989       150798     93622.86
   28901.375     0.999991       150798    109226.67
   28901.375     0.999992       150798    131072.00
   28901.375     0.999993       150798    145635.56
   28917.759     0.999994       150799    163840.00
   28917.759     1.000000       150799          inf
#[Mean    =    17809.957, StdDeviation   =     5677.672]
#[Max     =    28901.376, Total count    =       150799]
#[Buckets =           27, SubBuckets     =         2048]
----------------------------------------------------------
  230016 requests in 30.00s, 41.25MB read
  Socket errors: connect 0, read 8, write 0, timeout 0
Requests/sec:   7666.67
Transfer/sec:      1.37MB
WRKX_RESULT {"durationUs":30002061,"requests":230016,"responses":230016,"errors":8,"bytes":43250152,"latencyAvgUs":17809957.025,"latencyP95Us":26918911.000,"latencyP99Us":27983871.000}
