Running 30s test @ http://localhost:9991/
  16 threads and 256 connections
  Thread calibration: mean lat.: 3560.110ms, rate sampling interval: 13410ms
  Thread calibration: mean lat.: 2926.331ms, rate sampling interval: 12124ms
  Thread calibration: mean lat.: 3757.031ms, rate sampling interval: 13729ms
  Thread calibration: mean lat.: 3660.829ms, rate sampling interval: 13893ms
  Thread calibration: mean lat.: 3494.304ms, rate sampling interval: 13213ms
  Thread calibration: mean lat.: 3338.552ms, rate sampling interval: 12984ms
  Thread calibration: mean lat.: 3493.148ms, rate sampling interval: 13344ms
  Thread calibration: mean lat.: 3261.605ms, rate sampling interval: 13221ms
  Thread calibration: mean lat.: 3529.500ms, rate sampling interval: 13344ms
  Thread calibration: mean lat.: 3515.189ms, rate sampling interval: 13385ms
  Thread calibration: mean lat.: 2371.264ms, rate sampling interval: 11501ms
  Thread calibration: mean lat.: 3485.904ms, rate sampling interval: 13172ms
  Thread calibration: mean lat.: 3578.110ms, rate sampling interval: 13123ms
  Thread calibration: mean lat.: 3490.221ms, rate sampling interval: 12828ms
  Thread calibration: mean lat.: 3270.965ms, rate sampling interval: 12124ms
  Thread calibration: mean lat.: 3029.116ms, rate sampling interval: 13058ms
  Thread Stats   Avg      Stdev     Max   +/- Stdev
    Latency    13.94s     5.28s   26.67s    65.69%
    Req/Sec   473.25     52.65   630.00     81.25%
  Latency Distribution (HdrHistogram - Recorded Latency)
 50.000%   14.03s 
 75.000%   17.84s 
 90.000%   20.89s 
 99.000%   24.40s 
 99.900%   25.79s 
 99.990%   26.38s 
 99.999%   26.61s 
100.000%   26.69s 

  Detailed Percentile spectrum:
       Value   Percentile   TotalCount 1/(1-Percentile)

       1.710     0.000000            1         1.00
    7553.023     0.100000        15086         1.11
    9379.839     0.200000        30150         1.25
   11173.887     0.300000        45216         1.43
   12713.983     0.400000        60316         1.67
   14032.895     0.500000        75317         2.00
   14704.639     0.550000        82892         2.22
   15417.343     0.600000        90425         2.50
   16056.319     0.650000        97943         2.86
   16891.903     0.700000       105448         3.33
   17842.175     0.750000       113008         4.00
   18333.695     0.775000       116804         4.44
   18857.983     0.800000       120613         5.00
   19382.271     0.825000       124286         5.71
   19906.559     0.850000       128114         6.67
   20414.463     0.875000       131895         8.00
   20627.455     0.887500       133734         8.89
   20889.599     0.900000       135635        10.00
   21135.359     0.912500       137488        11.43
   21430.271     0.925000       139421        13.33
   21741.567     0.937500       141292        16.00
   21921.791     0.943750       142158        17.78
   22134.783     0.950000       143136        20.00
   22364.159     0.956250       144070        22.86
   22626.303     0.962500       144997        26.67
   22904.831     0.968750       145937        32.00
   23052.287     0.971875       146398        35.56
   23232.511     0.975000       146881        40.00
   23412.735     0.978125       147341        45.71
   23642.111     0.981250       147818        53.33
   23871.487     0.984375       148282        64.00
   24002.559     0.985938       148529        71.11
   24133.631     0.987500       148774        80.00
   24281.087     0.989062       148983        91.43
   24444.927     0.990625       149219       106.67
   24625.151     0.992188       149473       128.00
   24707.071     0.992969       149573       142.22
   24805.375     0.993750       149693       160.00
   24903.679     0.994531       149812       182.86
   25001.983     0.995313       149940       213.33
   25083.903     0.996094       150041       256.00
   25116.671     0.996484       150105       284.44
   25165.823     0.996875       150160       320.00
   25231.359     0.997266       150235       365.71
   25280.511     0.997656       150279       426.67
   25378.815     0.998047       150342       512.00
   25444.351     0.998242       150373       568.89
   25509.887     0.998437       150401       640.00
   25591.807     0.998633       150428       731.43
   25690.111     0.998828       150458       853.33
   25804.799     0.999023       150484      1024.00
   25870.335     0.999121       150502      1137.78
   25919.487     0.999219       150513      1280.00
   25968.639     0.999316       150529      1462.86
   26017.791     0.999414       150541      1706.67
   26066.943     0.999512       150561      2048.00
   26083.327     0.999561       150566      2275.56
   26099.711     0.999609       150572      2560.00
   26132.479     0.999658       150581      2925.71
   26165.247     0.999707       150587      3413.33
   26198.015     0.999756       150599      4096.00
   26198.015     0.999780       150599      4551.11
   26214.399     0.999805       150603      5120.00
   26247.167     0.999829       150604      5851.43
   26296.319     0.999854       150608      6826.67
   26345.471     0.999878       150611      8192.00
   26361.855     0.999890       150613      9102.22
   26394.623     0.999902       150615     10240.00
   26411.007     0.999915       150617     11702.86
   26427.391     0.999927       150619     13653.33
   26443.775     0.999939       150620     16384.00
   26476.543     0.999945       150622     18204.44
   26476.543     0.999951       150622     20480.00
   26509.311     0.999957       150623     23405.71
   26525.695     0.999963       150625     27306.67
   26525.695     0.999969       150625     32768.00
   26525.695     0.999973       150625     36408.89
   26607.615     0.999976       150627     40960.00
   26607.615     0.999979       150627     46811.43
   26607.615     0.999982       150627     54613.33
   26607.615     0.999985       150627     65536.00
   26607.615     0.999986       150627     72817.78
   26689.535     0.999988       150629     81920.00
   26689.535     1.000000       150629          inf
#[Mean    =    13938.453, StdDeviation   =     5283.441]
#[Max     =    26673.152, Total count    =       150629]
#[Buckets =           27, SubBuckets     =         2048]
----------------------------------------------------------
  224722 requests in 30.00s, 40.30MB read
  Socket errors: connect 0, read 8, write 0, timeout 0
Requests/sec:   7489.65
Transfer/sec:      1.34MB
WRKX_RESULT {"durationUs":30004335,"requests":224722,"responses":224722,"errors":8,"bytes":42255507,"latencyAvgUs":13938452.936,"latencyP95Us":22134783.000,"latencyP99Us":24395775.000}
