Running 30s test @ http://localhost:9991/
  16 threads and 256 connections
  Thread calibration: mean lat.: 4340.669ms, rate sampling interval: 16048ms
  Thread calibration: mean lat.: 4342.724ms, rate sampling interval: 16056ms
  Thread calibration: mean lat.: 4296.905ms, rate sampling interval: 15851ms
  Thread calibration: mean lat.: 4243.056ms, rate sampling interval: 15769ms
  Thread calibration: mean lat.: 4328.619ms, rate sampling interval: 15867ms
  Thread calibration: mean lat.: 4196.007ms, rate sampling interval: 15720ms
  Thread calibration: mean lat.: 4404.050ms, rate sampling interval: 15867ms
  Thread calibration: mean lat.: 4288.412ms, rate sampling interval: 15851ms
  Thread calibration: mean lat.: 3890.307ms, rate sampling interval: 14360ms
  Thread calibration: mean lat.: 4392.337ms, rate sampling interval: 16056ms
  Thread calibration: mean lat.: 4346.242ms, rate sampling interval: 16023ms
  Thread calibration: mean lat.: 4195.050ms, rate sampling interval: 15810ms
  Thread calibration: mean lat.: 4366.600ms, rate sampling interval: 16023ms
  Thread calibration: mean lat.: 3778.767ms, rate sampling interval: 14548ms
  Thread calibration: mean lat.: 4030.941ms, rate sampling interval: 14999ms
  Thread calibration: mean lat.: 4283.826ms, rate sampling interval: 15867ms
  Thread Stats   Avg      Stdev     Max   +/- Stdev
    Latency    17.14s     5.90s   28.98s    62.65%
    Req/Sec   452.69     68.92   561.00     56.25%
  Latency Distribution (HdrHistogram - Recorded Latency)
 50.000%   16.81s 
 75.000%   22.00s 
 90.000%   25.44s 
 99.000%   27.79s 
 99.900%   28.69s 
 99.990%   28.88s 
 99.999%   28.95s 
100.000%   29.00s 

  Detailed Percentile spectrum:
       Value   Percentile   TotalCount 1/(1-Percentile)

    1480.703     0.000000            1         1.00
   10125.311     0.100000        14418         1.11
   11739.135     0.200000        28817         1.25
   13230.079     0.300000        43247         1.43
   14893.055     0.400000        57660         1.67
   16809.983     0.500000        72045         2.00
   17793.023     0.550000        79247         2.22
   18825.215     0.600000        86459         2.50
   19939.327     0.650000        93713         2.86
   21118.975     0.700000       100853         3.33
   22003.711     0.750000       108087         4.00
   22511.615     0.775000       111646         4.44
   23101.439     0.800000       115338         5.00
   23658.495     0.825000       118840         5.71
   24281.087     0.850000       122469         6.67
   24805.375     0.875000       126129         8.00
   25133.055     0.887500       127912         8.89
   25444.351     0.900000       129664        10.00
   25690.111     0.912500       131562        11.43
   25886.719     0.925000       133298        13.33
   26116.095     0.937500       135123        16.00
   26230.783     0.943750       135998        17.78
   26361.855     0.950000       136908        20.00
   26492.927     0.956250       137807        22.86
   26656.767     0.962500       138703        26.67
   26836.991     0.968750       139610        32.00
   26918.911     0.971875       140002        35.56
   27033.599     0.975000       140496        40.00
   27148.287     0.978125       140936        45.71
   27262.975     0.981250       141343        53.33
   27426.815     0.984375       141813        64.00
   27508.735     0.985938       142039        71.11
   27607.039     0.987500       142268        80.00
   27721.727     0.989062       142492        91.43
   27852.799     0.990625       142714       106.67
   27983.871     0.992188       142918       128.00
   28065.791     0.992969       143042       142.22
   28131.327     0.993750       143151       160.00
   28196.863     0.994531       143252       182.86
   28278.783     0.995313       143377       213.33
   28344.319     0.996094       143484       256.00
   28377.087     0.996484       143534       284.44
   28426.239     0.996875       143609       320.00
   28459.007     0.997266       143660       365.71
   28491.775     0.997656       143708       426.67
   28540.927     0.998047       143766       512.00
   28573.695     0.998242       143799       568.89
   28606.463     0.998437       143832       640.00
   28622.847     0.998633       143844       731.43
   28671.999     0.998828       143882       853.33
   28704.767     0.999023       143908      1024.00
   28721.151     0.999121       143917      1137.78
   28737.535     0.999219       143932      1280.00
   28753.919     0.999316       143945      1462.86
   28770.303     0.999414       143957      1706.67
   28786.687     0.999512       143975      2048.00
   28803.071     0.999561       143986      2275.56
   28803.071     0.999609       143986      2560.00
   28819.455     0.999658       143996      2925.71
   28835.839     0.999707       144004      3413.33
   28835.839     0.999756       144004      4096.00
   28852.223     0.999780       144016      4551.11
   28852.223     0.999805       144016      5120.00
   28852.223     0.999829       144016      5851.43
   28868.607     0.999854       144020      6826.67
   28884.991     0.999878       144027      8192.00
   28884.991     0.999890       144027      9102.22
   28884.991     0.999902       144027     10240.00
   28884.991     0.999915       144027     11702.86
   28901.375     0.999927       144032     13653.33
   28901.375     0.999939       144032     16384.00
   28901.375     0.999945       144032     18204.44
   28901.375     0.999951       144032     20480.00
   28917.759     0.999957       144036     23405.71
   28917.759     0.999963       144036     27306.67
   28917.759     0.999969       144036     32768.00
   28917.759     0.999973       144036     36408.89
   28917.759     0.999976       144036     40960.00
   28917.759     0.999979       144036     46811.43
   28934.143     0.999982       144037     54613.33
   28934.143     0.999985       144037     65536.00
   28950.527     0.999986       144038     72817.78
   28950.527     0.999988       144038     81920.00
   28950.527     0.999989       144038     93622.86
   28950.527     0.999991       144038    109226.67
   28950.527     0.999992       144038    131072.00
   28999.679     0.999993       144039    145635.56
   28999.679     1.000000       144039          inf
#[Mean    =    17135.018, StdDeviation   =     5898.467]
#[Max     =    28983.296, Total count    =       144039]
#[Buckets =           27, SubBuckets     =         2048]
----------------------------------------------------------
  221051 requests in 30.01s, 39.64MB read
  Socket errors: connect 0, read 7, write 0, timeout 0
Requests/sec:   7366.91
Transfer/sec:      1.32MB
WRKX_RESULT {"durationUs":30005931,"requests":221051,"responses":221051,"errors":7,"bytes":41564466,"latencyAvgUs":17135017.758,"latencyP95Us":26361855.000,"latencyP99Us":27787263.000}
