Running 30s test @ http://localhost:9991/
  16 threads and 256 connections
  Thread calibration: mean lat.: 2641.595ms, rate sampling interval: 11526ms
  Thread calibration: mean lat.: 2859.949ms, rate sampling interval: 10764ms
  Thread calibration: mean lat.: 2844.274ms, rate sampling interval: 11395ms
  Thread calibration: mean lat.: 3009.053ms, rate sampling interval: 11378ms
  Thread calibration: mean lat.: 2831.282ms, rate sampling interval: 11116ms
  Thread calibration: mean lat.: 2938.232ms, rate sampling interval: 11354ms
  Thread calibration: mean lat.: 3050.406ms, rate sampling interval: 11542ms
  Thread calibration: mean lat.: 3092.617ms, rate sampling interval: 11100ms
  Thread calibration: mean lat.: 2669.520ms, rate sampling interval: 10944ms
  Thread calibration: mean lat.: 3209.629ms, rate sampling interval: 11542ms
  Thread calibration: mean lat.: 3153.563ms, rate sampling interval: 11345ms
  Thread calibration: mean lat.: 2660.417ms, rate sampling interval: 10747ms
  Thread calibration: mean lat.: 3024.486ms, rate sampling interval: 11288ms
  Thread calibration: mean lat.: 2900.174ms, rate sampling interval: 11476ms
  Thread calibration: mean lat.: 2474.935ms, rate sampling interval: 10403ms
  Thread calibration: mean lat.: 2961.165ms, rate sampling interval: 11165ms
  Thread Stats   Avg      Stdev     Max   +/- Stdev
    Latency    11.24s     5.04s   24.48s    67.59%
    Req/Sec   472.06     97.14   771.00     75.00%
  Latency Distribution (HdrHistogram - Recorded Latency)
 50.000%   10.86s 
 75.000%   14.83s 
 90.000%   18.56s 
 99.000%   21.68s 
 99.900%   23.38s 
 99.990%   24.07s 
 99.999%   24.31s 
100.000%   24.49s 

  Detailed Percentile spectrum:
       Value   Percentile   TotalCount 1/(1-Percentile)

       1.890     0.000000            1         1.00
    5476.351     0.100000        15171         1.11
    7151.615     0.200000        30332         1.25
    8282.111     0.300000        45475         1.43
    9494.527     0.400000        60624         1.67
   10862.591     0.500000        75749         2.00
   11591.679     0.550000        83363         2.22
   12328.959     0.600000        90891         2.50
   13041.663     0.650000        98489         2.86
   13893.631     0.700000       106046         3.33
   14827.519     0.750000       113640         4.00
   15409.151     0.775000       117397         4.44
   16023.551     0.800000       121186         5.00
   16637.951     0.825000       124985         5.71
   17235.967     0.850000       128764         6.67
   17940.479     0.875000       132528         8.00
   18268.159     0.887500       134420         8.89
   18563.071     0.900000       136384        10.00
   18841.599     0.912500       138239        11.43
   19103.743     0.925000       140178        13.33
   19267.583     0.937500       142022        16.00
   19398.655     0.943750       143020        17.78
   19546.111     0.950000       143935        20.00
   19726.335     0.956250       144836        22.86
   19922.943     0.962500       145793        26.67
   20168.703     0.968750       146737        32.00
   20299.775     0.971875       147215        35.56
   20447.231     0.975000       147677        40.00
   20643.839     0.978125       148174        45.71
   20856.831     0.981250       148623        53.33
   21118.975     0.984375       149103        64.00
   21250.047     0.985938       149352        71.11
   21381.119     0.987500       149566        80.00
   21561.343     0.989062       149814        91.43
   21774.335     0.990625       150056       106.67
   22003.711     0.992188       150289       128.00
   22134.783     0.992969       150406       142.22
   22265.855     0.993750       150527       160.00
   22396.927     0.994531       150637       182.86
   22544.383     0.995313       150753       213.33
   22691.839     0.996094       150875       256.00
   22773.759     0.996484       150926       284.44
   22839.295     0.996875       150985       320.00
   22921.215     0.997266       151052       365.71
   23003.135     0.997656       151112       426.67
   23068.671     0.998047       151161       512.00
   23134.207     0.998242       151194       568.89
   23199.743     0.998437       151225       640.00
   23248.895     0.998633       151253       731.43
   23314.431     0.998828       151281       853.33
   23379.967     0.999023       151310      1024.00
   23412.735     0.999121       151326      1137.78
   23445.503     0.999219       151339      1280.00
   23494.655     0.999316       151353      1462.86
   23576.575     0.999414       151371      1706.67
   23625.727     0.999512       151384      2048.00
   23658.495     0.999561       151393      2275.56
   23691.263     0.999609       151400      2560.00
   23724.031     0.999658       151406      2925.71
   23773.183     0.999707       151412      3413.33
   23822.335     0.999756       151422      4096.00
   23838.719     0.999780       151424      4551.11
   23887.871     0.999805       151429      5120.00
   23904.255     0.999829       151431      5851.43
   23953.407     0.999854       151434      6826.67
   24018.943     0.999878       151440      8192.00
   24018.943     0.999890       151440      9102.22
   24068.095     0.999902       151442     10240.00
   24084.479     0.999915       151444     11702.86
   24133.631     0.999927       151446     13653.33
   24150.015     0.999939       151448     16384.00
   24150.015     0.999945       151448     18204.44
   24166.399     0.999951       151449     20480.00
   24182.783     0.999957       151450     23405.71
   24231.935     0.999963       151451     27306.67
   24248.319     0.999969       151452     32768.00
   24248.319     0.999973       151452     36408.89
   24281.087     0.999976       151453     40960.00
   24281.087     0.999979       151453     46811.43
   24313.855     0.999982       151454     54613.33
   24313.855     0.999985       151454     65536.00
   24313.855     0.999986       151454     72817.78
   24412.159     0.999988       151455     81920.00
   24412.159     0.999989       151455     93622.86
   24412.159     0.999991       151455    109226.67
   24412.159     0.999992       151455    131072.00
   24412.159     0.999993       151455    145635.56
   24494.079     0.999994       151456    163840.00
   24494.079     1.000000       151456          inf
#[Mean    =    11240.821, StdDeviation   =     5044.432]
#[Max     =    24477.696, Total count    =       151456]
#[Buckets =           27, SubBuckets     =         2048]
----------------------------------------------------------
  227428 requests in 30.00s, 40.78MB read
  Socket errors: connect 0, read 10, write 0, timeout 0
Requests/sec:   7580.22
Transfer/sec:      1.36MB
WRKX_RESULT {"durationUs":30002813,"requests":227428,"responses":227428,"errors":10,"bytes":42763114,"latencyAvgUs":11240821.402,"latencyP95Us":19546111.000,"latencyP99Us":21676031.000}
