Running 30s test @ http://localhost:9991/
  16 threads and 256 connections
  Thread calibration: mean lat.: 2253.045ms, rate sampling interval: 9453ms
  Thread calibration: mean lat.: 1908.190ms, rate sampling interval: 8544ms
  Thread calibration: mean lat.: 2476.402ms, rate sampling interval: 9232ms
  Thread calibration: mean lat.: 1938.567ms, rate sampling interval: 8220ms
  Thread calibration: mean lat.: 2397.974ms, rate sampling interval: 9101ms
  Thread calibration: mean lat.: 2558.595ms, rate sampling interval: 9379ms
  Thread calibration: mean lat.: 2435.374ms, rate sampling interval: 9338ms
  Thread calibration: mean lat.: 1736.381ms, rate sampling interval: 7913ms
  Thread calibration: mean lat.: 2299.878ms, rate sampling interval: 9568ms
  Thread calibration: mean lat.: 1985.198ms, rate sampling interval: 8830ms
  Thread calibration: mean lat.: 2012.793ms, rate sampling interval: 7581ms
  Thread calibration: mean lat.: 2203.996ms, rate sampling interval: 8536ms
  Thread calibration: mean lat.: 2462.881ms, rate sampling interval: 9338ms
  Thread calibration: mean lat.: 2122.991ms, rate sampling interval: 9486ms
  Thread calibration: mean lat.: 2118.390ms, rate sampling interval: 8355ms
  Thread calibration: mean lat.: 2363.614ms, rate sampling interval: 8863ms
  Thread Stats   Avg      Stdev     Max   +/- Stdev
    Latency     8.28s     4.51s   22.20s    68.54%
    Req/Sec   466.62     63.34   646.00     71.88%
  Latency Distribution (HdrHistogram - Recorded Latency)
 50.000%    7.79s 
 75.000%   11.02s 
 90.000%   14.80s 
 99.000%   19.25s 
 99.900%   20.89s 
 99.990%   21.74s 
 99.999%   22.17s 
100.000%   22.22s 

  Detailed Percentile spectrum:
       Value   Percentile   TotalCount 1/(1-Percentile)

       1.859     0.000000            1         1.00
    2715.647     0.100000        14767         1.11
    4620.287     0.200000        29550         1.25
    5779.455     0.300000        44324         1.43
    6754.303     0.400000        59106         1.67
    7790.591     0.500000        73841         2.00
    8355.839     0.550000        81209         2.22
    8945.663     0.600000        88623         2.50
    9543.679     0.650000        96060         2.86
   10149.887     0.700000       103381         3.33
   11018.239     0.750000       110780         4.00
   11444.223     0.775000       114471         4.44
   11927.551     0.800000       118144         5.00
   12525.567     0.825000       121798         5.71
   13213.695     0.850000       125524         6.67
   13959.167     0.875000       129220         8.00
   14368.767     0.887500       131043         8.89
   14802.943     0.900000       132885        10.00
   15253.503     0.912500       134731        11.43
   15761.407     0.925000       136582        13.33
   16318.463     0.937500       138421        16.00
   16539.647     0.943750       139346        17.78
   16809.983     0.950000       140268        20.00
   17104.895     0.956250       141182        22.86
   17481.727     0.962500       142118        26.67
   17858.559     0.968750       143051        32.00
   18071.551     0.971875       143495        35.56
   18317.311     0.975000       143961        40.00
   18497.535     0.978125       144410        45.71
   18694.143     0.981250       144879        53.33
   18890.751     0.984375       145345        64.00
   18956.287     0.985938       145564        71.11
   19054.591     0.987500       145804        80.00
   19185.663     0.989062       146050        91.43
   19316.735     0.990625       146267       106.67
   19480.575     0.992188       146489       128.00
   19578.879     0.992969       146605       142.22
   19693.567     0.993750       146727       160.00
   19824.639     0.994531       146827       182.86
   20004.863     0.995313       146949       213.33
   20152.319     0.996094       147057       256.00
   20267.007     0.996484       147119       284.44
   20381.695     0.996875       147177       320.00
   20479.999     0.997266       147232       365.71
   20611.071     0.997656       147289       426.67
   20725.759     0.998047       147358       512.00
   20742.143     0.998242       147373       568.89
   20791.295     0.998437       147414       640.00
   20824.063     0.998633       147442       731.43
   20856.831     0.998828       147471       853.33
   20889.599     0.999023       147487      1024.00
   20922.367     0.999121       147510      1137.78
   20938.751     0.999219       147521      1280.00
   20971.519     0.999316       147536      1462.86
   20987.903     0.999414       147546      1706.67
   21053.439     0.999512       147560      2048.00
   21118.975     0.999561       147568      2275.56
   21200.895     0.999609       147574      2560.00
   21250.047     0.999658       147581      2925.71
   21331.967     0.999707       147588      3413.33
   21397.503     0.999756       147595      4096.00
   21446.655     0.999780       147599      4551.11
   21528.575     0.999805       147603      5120.00
   21561.343     0.999829       147606      5851.43
   21659.647     0.999854       147612      6826.67
   21692.415     0.999878       147613      8192.00
   21725.183     0.999890       147615      9102.22
   21774.335     0.999902       147618     10240.00
   21790.719     0.999915       147619     11702.86
   21889.023     0.999927       147621     13653.33
   21921.791     0.999939       147622     16384.00
   21954.559     0.999945       147623     18204.44
   21987.327     0.999951       147624     20480.00
   22020.095     0.999957       147625     23405.71
   22036.479     0.999963       147626     27306.67
   22085.631     0.999969       147627     32768.00
   22085.631     0.999973       147627     36408.89
   22102.015     0.999976       147628     40960.00
   22102.015     0.999979       147628     46811.43
   22134.783     0.999982       147629     54613.33
   22134.783     0.999985       147629     65536.00
   22134.783     0.999986       147629     72817.78
   22167.551     0.999988       147630     81920.00
   22167.551     0.999989       147630     93622.86
   22167.551     0.999991       147630    109226.67
   22167.551     0.999992       147630    131072.00
   22167.551     0.999993       147630    145635.56
   22216.703     0.999994       147631    163840.00
   22216.703     1.000000       147631          inf
#[Mean    =     8275.450, StdDeviation   =     4514.224]
#[Max     =    22200.320, Total count    =       147631]
#[Buckets =           27, SubBuckets     =         2048]
----------------------------------------------------------
  224995 requests in 30.00s, 40.34MB read
  Socket errors: connect 0, read 7, write 0, timeout 0
Requests/sec:   7499.14
Transfer/sec:      1.34MB
WRKX_RESULT {"durationUs":30002758,"requests":224995,"responses":224995,"errors":7,"bytes":42304152,"latencyAvgUs":8275449.612,"latencyP95Us":16809983.000,"latencyP99Us":19251199.000}
