Running 30s test @ http://localhost:9991/
  16 threads and 256 connections
  Thread calibration: mean lat.: 3.109ms, rate sampling interval: 10ms
  Thread calibration: mean lat.: 3.284ms, rate sampling interval: 10ms
  Thread calibration: mean lat.: 3.352ms, rate sampling interval: 10ms
  Thread calibration: mean lat.: 3.250ms, rate sampling interval: 10ms
  Thread calibration: mean lat.: 3.061ms, rate sampling interval: 10ms
  Thread calibration: mean lat.: 3.206ms, rate sampling interval: 10ms
  Thread calibration: mean lat.: 3.401ms, rate sampling interval: 11ms
  Thread calibration: mean lat.: 3.381ms, rate sampling interval: 10ms
  Thread calibration: mean lat.: 3.352ms, rate sampling interval: 10ms
  Thread calibration: mean lat.: 3.529ms, rate sampling interval: 10ms
  Thread calibration: mean lat.: 3.213ms, rate sampling interval: 10ms
  Thread calibration: mean lat.: 3.112ms, rate sampling interval: 10ms
  Thread calibration: mean lat.: 3.282ms, rate sampling interval: 10ms
  Thread calibration: mean lat.: 3.439ms, rate sampling interval: 10ms
  Thread calibration: mean lat.: 3.132ms, rate sampling interval: 10ms
  Thread calibration: mean lat.: 3.156ms, rate sampling interval: 10ms
  Thread Stats   Avg      Stdev     Max   +/- Stdev
    Latency     3.30ms    1.27ms  14.48ms   81.56%
    Req/Sec   164.51    103.93   555.00     66.88%
  Latency Distribution (HdrHistogram - Recorded Latency)
 50.000%    2.95ms
 75.000%    3.66ms
 90.000%    4.88ms
 99.000%    8.12ms
 99.900%   10.49ms
 99.990%   12.35ms
 99.999%   14.49ms
100.000%   14.49ms

  Detailed Percentile spectrum:
       Value   Percentile   TotalCount 1/(1-Percentile)

       1.461     0.000000            2         1.00
       2.183     0.100000         5013         1.11
       2.411     0.200000         9968         1.25
       2.597     0.300000        14977         1.43
       2.771     0.400000        19922         1.67
       2.953     0.500000        24953         2.00
       3.051     0.550000        27437         2.22
       3.161     0.600000        29897         2.50
       3.287     0.650000        32371         2.86
       3.445     0.700000        34872         3.33
       3.665     0.750000        37361         4.00
       3.799     0.775000        38597         4.44
       3.959     0.800000        39840         5.00
       4.151     0.825000        41099         5.71
       4.371     0.850000        42344         6.67
       4.603     0.875000        43568         8.00
       4.743     0.887500        44204         8.89
       4.879     0.900000        44821        10.00
       5.067     0.912500        45445        11.43
       5.311     0.925000        46068        13.33
       5.615     0.937500        46684        16.00
       5.807     0.943750        46996        17.78
       5.991     0.950000        47305        20.00
       6.183     0.956250        47615        22.86
       6.395     0.962500        47930        26.67
       6.607     0.968750        48239        32.00
       6.715     0.971875        48397        35.56
       6.839     0.975000        48550        40.00
       7.003     0.978125        48703        45.71
       7.207     0.981250        48860        53.33
       7.463     0.984375        49014        64.00
       7.627     0.985938        49093        71.11
       7.787     0.987500        49171        80.00
       7.995     0.989062        49249        91.43
       8.207     0.990625        49326       106.67
       8.431     0.992188        49404       128.00
       8.511     0.992969        49443       142.22
       8.639     0.993750        49483       160.00
       8.775     0.994531        49520       182.86
       8.975     0.995313        49559       213.33
       9.151     0.996094        49598       256.00
       9.231     0.996484        49619       284.44
       9.399     0.996875        49639       320.00
       9.487     0.997266        49656       365.71
       9.639     0.997656        49676       426.67
       9.847     0.998047        49695       512.00
       9.983     0.998242        49705       568.89
      10.079     0.998437        49716       640.00
      10.183     0.998633        49725       731.43
      10.319     0.998828        49734       853.33
      10.503     0.999023        49744      1024.00
      10.687     0.999121        49749      1137.78
      10.823     0.999219        49755      1280.00
      10.863     0.999316        49758      1462.86
      10.911     0.999414        49763      1706.67
      11.079     0.999512        49768      2048.00
      11.119     0.999561        49771      2275.56
      11.207     0.999609        49774      2560.00
      11.215     0.999658        49775      2925.71
      11.359     0.999707        49778      3413.33
      11.383     0.999756        49780      4096.00
      11.463     0.999780        49782      4551.11
      11.959     0.999805        49783      5120.00
      12.031     0.999829        49784      5851.43
      12.271     0.999854        49785      6826.67
      12.327     0.999878        49786      8192.00
      12.351     0.999890        49788      9102.22
      12.351     0.999902        49788     10240.00
      12.351     0.999915        49788     11702.86
      12.903     0.999927        49789     13653.33
      12.903     0.999939        49789     16384.00
      12.919     0.999945        49790     18204.44
      12.919     0.999951        49790     20480.00
      12.919     0.999957        49790     23405.71
      14.391     0.999963        49791     27306.67
      14.391     0.999969        49791     32768.00
      14.391     0.999973        49791     36408.89
      14.391     0.999976        49791     40960.00
      14.391     0.999979        49791     46811.43
      14.487     0.999982        49792     54613.33
      14.487     1.000000        49792          inf
#[Mean    =        3.303, StdDeviation   =        1.267]
#[Max     =       14.480, Total count    =        49792]
#[Buckets =           27, SubBuckets     =         2048]
----------------------------------------------------------
  75024 requests in 30.01s, 13.45MB read
Requests/sec:   2500.11
Transfer/sec:    459.00KB
WRKX_RESULT {"durationUs":30008282,"requests":75024,"responses":75024,"errors":0,"bytes":14104512,"latencyAvgUs":3302.535,"latencyP95Us":5991.000,"latencyP99Us":8119.000}
