Running 30s test @ http://localhost:9991/
  16 threads and 256 connections
  Thread calibration: mean lat.: 4804.858ms, rate sampling interval: 17514ms
  Thread calibration: mean lat.: 4761.842ms, rate sampling interval: 17530ms
  Thread calibration: mean lat.: 4768.259ms, rate sampling interval: 17416ms
  Thread calibration: mean lat.: 5129.596ms, rate sampling interval: 16482ms
  Thread calibration: mean lat.: 4908.550ms, rate sampling interval: 17137ms
  Thread calibration: mean lat.: 4715.770ms, rate sampling interval: 17317ms
  Thread calibration: mean lat.: 4710.102ms, rate sampling interval: 17186ms
  Thread calibration: mean lat.: 4656.655ms, rate sampling interval: 17088ms
  Thread calibration: mean lat.: 4826.945ms, rate sampling interval: 17367ms
  Thread calibration: mean lat.: 4681.028ms, rate sampling interval: 17104ms
  Thread calibration: mean lat.: 4836.429ms, rate sampling interval: 17416ms
  Thread calibration: mean lat.: 4195.500ms, rate sampling interval: 15941ms
  Thread calibration: mean lat.: 4836.346ms, rate sampling interval: 17301ms
  Thread calibration: mean lat.: 4769.692ms, rate sampling interval: 17448ms
  Thread calibration: mean lat.: 4685.995ms, rate sampling interval: 17203ms
  Thread calibration: mean lat.: 4795.750ms, rate sampling interval: 17154ms
  Thread Stats   Avg      Stdev     Max   +/- Stdev
    Latency    18.99s     5.59s   29.31s    57.92%
    Req/Sec   486.25     86.91   646.00     56.25%
  Latency Distribution (HdrHistogram - Recorded Latency)
 50.000%   18.89s 
 75.000%   23.87s 
 90.000%   26.72s 
 99.000%   28.70s 
 99.900%   29.11s 
 99.990%   29.28s 
 99.999%   29.31s 
100.000%   29.33s 

  Detailed Percentile spectrum:
       Value   Percentile   TotalCount 1/(1-Percentile)

    6840.319     0.000000            1         1.00
   11313.151     0.100000        15495         1.11
   13189.119     0.200000        30961         1.25
   15089.663     0.300000        46455         1.43
   17072.127     0.400000        62013         1.67
   18890.751     0.500000        77492         2.00
   19972.095     0.550000        85236         2.22
   20955.135     0.600000        92884         2.50
   21823.487     0.650000       100725         2.86
   22740.991     0.700000       108358         3.33
   23871.487     0.750000       116119         4.00
   24313.855     0.775000       120044         4.44
   24805.375     0.800000       123871         5.00
   25313.279     0.825000       127763         5.71
   25804.799     0.850000       131555         6.67
   26247.167     0.875000       135423         8.00
   26476.543     0.887500       137380         8.89
   26722.303     0.900000       139364        10.00
   26968.063     0.912500       141354        11.43
   27197.439     0.925000       143236        13.33
   27459.583     0.937500       145163        16.00
   27590.655     0.943750       146063        17.78
   27738.111     0.950000       147028        20.00
   27885.567     0.956250       148040        22.86
   28033.023     0.962500       148984        26.67
   28196.863     0.968750       149974        32.00
   28278.783     0.971875       150465        35.56
   28360.703     0.975000       150962        40.00
   28442.623     0.978125       151494        45.71
   28508.159     0.981250       151979        53.33
   28573.695     0.984375       152421        64.00
   28606.463     0.985938       152625        71.11
   28639.231     0.987500       152837        80.00
   28688.383     0.989062       153133        91.43
   28737.535     0.990625       153385       106.67
   28786.687     0.992188       153611       128.00
   28803.071     0.992969       153691       142.22
   28835.839     0.993750       153840       160.00
   28868.607     0.994531       153947       182.86
   28901.375     0.995313       154068       213.33
   28934.143     0.996094       154184       256.00
   28950.527     0.996484       154231       284.44
   28966.911     0.996875       154285       320.00
   28999.679     0.997266       154377       365.71
   29016.063     0.997656       154424       426.67
   29032.447     0.998047       154468       512.00
   29048.831     0.998242       154505       568.89
   29065.215     0.998437       154534       640.00
   29081.599     0.998633       154563       731.43
   29097.983     0.998828       154589       853.33
   29114.367     0.999023       154615      1024.00
   29130.751     0.999121       154643      1137.78
   29147.135     0.999219       154659      1280.00
   29163.519     0.999316       154680      1462.86
   29163.519     0.999414       154680      1706.67
   29179.903     0.999512       154703      2048.00
   29179.903     0.999561       154703      2275.56
   29196.287     0.999609       154716      2560.00
   29196.287     0.999658       154716      2925.71
   29212.671     0.999707       154729      3413.33
   29212.671     0.999756       154729      4096.00
   29229.055     0.999780       154735      4551.11
   29229.055     0.999805       154735      5120.00
   29245.439     0.999829       154743      5851.43
   29245.439     0.999854       154743      6826.67
   29261.823     0.999878       154748      8192.00
   29261.823     0.999890       154748      9102.22
   29278.207     0.999902       154758     10240.00
   29278.207     0.999915       154758     11702.86
   29278.207     0.999927       154758     13653.33
   29278.207     0.999939       154758     16384.00
   29278.207     0.999945       154758     18204.44
   29278.207     0.999951       154758     20480.00
   29294.591     0.999957       154761     23405.71
   29294.591     0.999963       154761     27306.67
   29294.591     0.999969       154761     32768.00
   29294.591     0.999973       154761     36408.89
   29310.975     0.999976       154764     40960.00
   29310.975     0.999979       154764     46811.43
   29310.975     0.999982       154764     54613.33
   29310.975     0.999985       154764     65536.00
   29310.975     0.999986       154764     72817.78
   29310.975     0.999988       154764     81920.00
   29310.975     0.999989       154764     93622.86
   29310.975     0.999991       154764    109226.67
   29310.975     0.999992       154764    131072.00
   29310.975     0.999993       154764    145635.56
   29327.359     0.999994       154765    163840.00
   29327.359     1.000000       154765          inf
#[Mean    =    18989.812, StdDeviation   =     5586.352]
#[Max     =    29310.976, Total count    =       154765]
#[Buckets =           27, SubBuckets     =         2048]
----------------------------------------------------------
  233343 requests in 30.00s, 41.84MB read
  Socket errors: connect 0, read 5, write 0, timeout 0
Requests/sec:   7776.95
Transfer/sec:      1.39MB
WRKX_RESULT {"durationUs":30004431,"requests":233343,"responses":233343,"errors":5,"bytes":43874545,"latencyAvgUs":18989811.986,"latencyP95Us":27738111.000,"latencyP99Us":28704767.000}
