Running 30s test @ http://localhost:9991/
  16 threads and 256 connections
  Thread calibration: mean lat.: 4813.572ms, rate sampling interval: 17006ms
  Thread calibration: mean lat.: 4898.135ms, rate sampling interval: 16941ms
  Thread calibration: mean lat.: 4761.949ms, rate sampling interval: 17104ms
  Thread calibration: mean lat.: 4573.814ms, rate sampling interval: 16826ms
  Thread calibration: mean lat.: 4756.102ms, rate sampling interval: 17088ms
  Thread calibration: mean lat.: 4845.523ms, rate sampling interval: 16687ms
  Thread calibration: mean lat.: 4825.365ms, rate sampling interval: 17301ms
  Thread calibration: mean lat.: 4489.821ms, rate sampling interval: 16670ms
  Thread calibration: mean lat.: 4597.825ms, rate sampling interval: 16842ms
  Thread calibration: mean lat.: 4566.238ms, rate sampling interval: 16654ms
  Thread calibration: mean lat.: 4827.348ms, rate sampling interval: 16842ms
  Thread calibration: mean lat.: 4881.539ms, rate sampling interval: 17399ms
  Thread calibration: mean lat.: 4305.062ms, rate sampling interval: 15900ms
  Thread calibration: mean lat.: 4659.093ms, rate sampling interval: 16957ms
  Thread calibration: mean lat.: 4661.131ms, rate sampling interval: 16842ms
  Thread calibration: mean lat.: 4934.988ms, rate sampling interval: 17367ms
  Thread Stats   Avg      Stdev     Max   +/- Stdev
    Latency    18.64s     5.57s   29.39s    57.95%
    Req/Sec   464.56     64.98   638.00     75.00%
  Latency Distribution (HdrHistogram - Recorded Latency)
 50.000%   18.53s 
 75.000%   23.45s 
 90.000%   26.57s 
 99.000%   28.52s 
 99.900%   29.15s 
 99.990%   29.36s 
 99.999%   29.38s 
100.000%   29.41s 

  Detailed Percentile spectrum:
       Value   Percentile   TotalCount 1/(1-Percentile)

    6197.247     0.000000            1         1.00
   11190.271     0.100000        14842         1.11
   12976.127     0.200000        29661         1.25
   14581.759     0.300000        44460         1.43
   16572.415     0.400000        59245         1.67
   18530.303     0.500000        74146         2.00
   19398.655     0.550000        81519         2.22
   20283.391     0.600000        88849         2.50
   21233.663     0.650000        96288         2.86
   22265.855     0.700000       103730         3.33
   23445.503     0.750000       111093         4.00
   23986.175     0.775000       114800         4.44
   24575.999     0.800000       118537         5.00
   25067.519     0.825000       122153         5.71
   25640.959     0.850000       125959         6.67
   26116.095     0.875000       129626         8.00
   26345.471     0.887500       131502         8.89
   26574.847     0.900000       133380        10.00
   26804.223     0.912500       135223        11.43
   27033.599     0.925000       136971        13.33
   27295.743     0.937500       138878        16.00
   27426.815     0.943750       139808        17.78
   27557.887     0.950000       140747        20.00
   27688.959     0.956250       141660        22.86
   27820.031     0.962500       142593        26.67
   27951.103     0.968750       143493        32.00
   28016.639     0.971875       143904        35.56
   28098.559     0.975000       144411        40.00
   28180.479     0.978125       144894        45.71
   28262.399     0.981250       145356        53.33
   28344.319     0.984375       145779        64.00
   28393.471     0.985938       146023        71.11
   28442.623     0.987500       146233        80.00
   28491.775     0.989062       146461        91.43
   28557.311     0.990625       146719       106.67
   28622.847     0.992188       146948       128.00
   28655.615     0.992969       147043       142.22
   28704.767     0.993750       147177       160.00
   28737.535     0.994531       147268       182.86
   28786.687     0.995313       147403       213.33
   28835.839     0.996094       147508       256.00
   28868.607     0.996484       147568       284.44
   28901.375     0.996875       147615       320.00
   28934.143     0.997266       147658       365.71
   28983.295     0.997656       147720       426.67
   29032.447     0.998047       147783       512.00
   29048.831     0.998242       147804       568.89
   29081.599     0.998437       147843       640.00
   29097.983     0.998633       147865       731.43
   29130.751     0.998828       147898       853.33
   29163.519     0.999023       147934      1024.00
   29163.519     0.999121       147934      1137.78
   29179.903     0.999219       147949      1280.00
   29212.671     0.999316       147977      1462.86
   29212.671     0.999414       147977      1706.67
   29245.439     0.999512       147997      2048.00
   29245.439     0.999561       147997      2275.56
   29261.823     0.999609       148006      2560.00
   29278.207     0.999658       148014      2925.71
   29294.591     0.999707       148021      3413.33
   29310.975     0.999756       148026      4096.00
   29327.359     0.999780       148034      4551.11
   29327.359     0.999805       148034      5120.00
   29343.743     0.999829       148042      5851.43
   29343.743     0.999854       148042      6826.67
   29360.127     0.999878       148060      8192.00
   29360.127     0.999890       148060      9102.22
   29360.127     0.999902       148060     10240.00
   29360.127     0.999915       148060     11702.86
   29360.127     0.999927       148060     13653.33
   29360.127     0.999939       148060     16384.00
   29360.127     0.999945       148060     18204.44
   29360.127     0.999951       148060     20480.00
   29360.127     0.999957       148060     23405.71
   29360.127     0.999963       148060     27306.67
   29360.127     0.999969       148060     32768.00
   29360.127     0.999973       148060     36408.89
   29360.127     0.999976       148060     40960.00
   29360.127     0.999979       148060     46811.43
   29360.127     0.999982       148060     54613.33
   29360.127     0.999985       148060     65536.00
   29360.127     0.999986       148060     72817.78
   29376.511     0.999988       148061     81920.00
   29376.511     0.999989       148061     93622.86
   29376.511     0.999991       148061    109226.67
   29376.511     0.999992       148061    131072.00
   29376.511     0.999993       148061    145635.56
   29409.279     0.999994       148062    163840.00
   29409.279     1.000000       148062          inf
#[Mean    =    18642.478, StdDeviation   =     5571.463]
#[Max     =    29392.896, Total count    =       148062]
#[Buckets =           27, SubBuckets     =         2048]
----------------------------------------------------------
  226442 requests in 30.00s, 40.61MB read
  Socket errors: connect 0, read 8, write 0, timeout 0
Requests/sec:   7547.44
Transfer/sec:      1.35MB
WRKX_RESULT {"durationUs":30002476,"requests":226442,"responses":226442,"errors":8,"bytes":42578563,"latencyAvgUs":18642478.178,"latencyP95Us":27557887.000,"latencyP99Us":28524543.000}
