Running 30s test @ http://localhost:9991/
  16 threads and 256 connections
  Thread calibration: mean lat.: 4124.824ms, rate sampling interval: 14761ms
  Thread calibration: mean lat.: 3918.226ms, rate sampling interval: 14327ms
  Thread calibration: mean lat.: 4057.456ms, rate sampling interval: 14827ms
  Thread calibration: mean lat.: 3932.527ms, rate sampling interval: 14385ms
  Thread calibration: mean lat.: 4096.113ms, rate sampling interval: 15024ms
  Thread calibration: mean lat.: 4142.292ms, rate sampling interval: 14974ms
  Thread calibration: mean lat.: 4024.501ms, rate sampling interval: 14761ms
  Thread calibration: mean lat.: 4324.248ms, rate sampling interval: 15359ms
  Thread calibration: mean lat.: 3740.106ms, rate sampling interval: 13287ms
  Thread calibration: mean lat.: 4023.379ms, rate sampling interval: 14508ms
  Thread calibration: mean lat.: 4262.854ms, rate sampling interval: 15179ms
  Thread calibration: mean lat.: 4173.079ms, rate sampling interval: 15024ms
  Thread calibration: mean lat.: 4269.598ms, rate sampling interval: 15253ms
  Thread calibration: mean lat.: 4114.000ms, rate sampling interval: 14868ms
  Thread calibration: mean lat.: 4134.430ms, rate sampling interval: 14712ms
  Thread calibration: mean lat.: 3863.725ms, rate sampling interval: 13713ms
  Thread Stats   Avg      Stdev     Max   +/- Stdev
    Latency    16.21s     5.11s   28.21s    60.08%
    Req/Sec   467.50     81.22   642.00     68.75%
  Latency Distribution (HdrHistogram - Recorded Latency)
 50.000%   16.32s 
 75.000%   20.38s 
 90.000%   23.04s 
 99.000%   26.03s 
 99.900%   27.74s 
 99.990%   28.18s 
 99.999%   28.21s 
100.000%   28.23s 

  Detailed Percentile spectrum:
       Value   Percentile   TotalCount 1/(1-Percentile)

    5119.999     0.000000            2         1.00
    9338.879     0.100000        15050         1.11
   11026.431     0.200000        30048         1.25
   12894.207     0.300000        45031         1.43
   14745.599     0.400000        60137         1.67
   16318.463     0.500000        75071         2.00
   16941.055     0.550000        82578         2.22
   17743.871     0.600000        90053         2.50
   18644.991     0.650000        97591         2.86
   19480.575     0.700000       105144         3.33
   20381.695     0.750000       112592         4.00
   20758.527     0.775000       116359         4.44
   21233.663     0.800000       120086         5.00
   21708.799     0.825000       123888         5.71
   22151.167     0.850000       127675         6.67
   22560.767     0.875000       131433         8.00
   22790.143     0.887500       133250         8.89
   23035.903     0.900000       135079        10.00
   23330.815     0.912500       137048        11.43
   23625.727     0.925000       138898        13.33
   23953.407     0.937500       140787        16.00
   24117.247     0.943750       141665        17.78
   24313.855     0.950000       142599        20.00
   24526.847     0.956250       143573        22.86
   24739.839     0.962500       144492        26.67
   24969.215     0.968750       145426        32.00
   25083.903     0.971875       145862        35.56
   25214.975     0.975000       146335        40.00
   25362.431     0.978125       146840        45.71
   25444.351     0.981250       147314        53.33
   25591.807     0.984375       147736        64.00
   25706.495     0.985938       147999        71.11
   25821.183     0.987500       148220        80.00
   25952.255     0.989062       148462        91.43
   26099.711     0.990625       148689       106.67
   26279.935     0.992188       148932       128.00
   26345.471     0.992969       149026       142.22
   26427.391     0.993750       149149       160.00
   26542.079     0.994531       149271       182.86
   26656.767     0.995313       149384       213.33
   26804.223     0.996094       149496       256.00
   26918.911     0.996484       149560       284.44
   27017.215     0.996875       149620       320.00
   27099.135     0.997266       149676       365.71
   27197.439     0.997656       149730       426.67
   27312.127     0.998047       149791       512.00
   27394.047     0.998242       149819       568.89
   27475.967     0.998437       149848       640.00
   27574.271     0.998633       149881       731.43
   27656.191     0.998828       149906       853.33
   27754.495     0.999023       149938      1024.00
   27803.647     0.999121       149951      1137.78
   27852.799     0.999219       149968      1280.00
   27901.951     0.999316       149982      1462.86
   27951.103     0.999414       149996      1706.67
   28016.639     0.999512       150011      2048.00
   28049.407     0.999561       150022      2275.56
   28065.791     0.999609       150024      2560.00
   28098.559     0.999658       150033      2925.71
   28114.943     0.999707       150040      3413.33
   28131.327     0.999756       150046      4096.00
   28147.711     0.999780       150053      4551.11
   28147.711     0.999805       150053      5120.00
   28164.095     0.999829       150061      5851.43
   28164.095     0.999854       150061      6826.67
   28180.479     0.999878       150068      8192.00
   28180.479     0.999890       150068      9102.22
   28180.479     0.999902       150068     10240.00
   28196.863     0.999915       150074     11702.86
   28196.863     0.999927       150074     13653.33
   28196.863     0.999939       150074     16384.00
   28196.863     0.999945       150074     18204.44
   28196.863     0.999951       150074     20480.00
   28213.247     0.999957       150080     23405.71
   28213.247     0.999963       150080     27306.67
   28213.247     0.999969       150080     32768.00
   28213.247     0.999973       150080     36408.89
   28213.247     0.999976       150080     40960.00
   28213.247     0.999979       150080     46811.43
   28213.247     0.999982       150080     54613.33
   28213.247     0.999985       150080     65536.00
   28213.247     0.999986       150080     72817.78
   28213.247     0.999988       150080     81920.00
   28213.247     0.999989       150080     93622.86
   28213.247     0.999991       150080    109226.67
   28213.247     0.999992       150080    131072.00
   28213.247     0.999993       150080    145635.56
   28229.631     0.999994       150081    163840.00
   28229.631     1.000000       150081          inf
#[Mean    =    16209.511, StdDeviation   =     5110.009]
#[Max     =    28213.248, Total count    =       150081]
#[Buckets =           27, SubBuckets     =         2048]
----------------------------------------------------------
  225954 requests in 30.01s, 40.52MB read
  Socket errors: connect 0, read 8, write 0, timeout 0
Requests/sec:   7530.13
Transfer/sec:      1.35MB
WRKX_RESULT {"durationUs":30006655,"requests":225954,"responses":225954,"errors":8,"bytes":42484767,"latencyAvgUs":16209510.621,"latencyP95Us":24313855.000,"latencyP99Us":26034175.000}
