Running 30s test @ http://localhost:9991/
  16 threads and 256 connections
  Thread calibration: mean lat.: 2869.151ms, rate sampling interval: 11804ms
  Thread calibration: mean lat.: 3219.067ms, rate sampling interval: 12558ms
  Thread calibration: mean lat.: 2864.105ms, rate sampling interval: 11935ms
  Thread calibration: mean lat.: 3500.947ms, rate sampling interval: 12656ms
  Thread calibration: mean lat.: 3492.777ms, rate sampling interval: 13049ms
  Thread calibration: mean lat.: 3401.378ms, rate sampling interval: 12517ms
  Thread calibration: mean lat.: 2874.052ms, rate sampling interval: 12492ms
  Thread calibration: mean lat.: 3191.709ms, rate sampling interval: 12206ms
  Thread calibration: mean lat.: 2534.031ms, rate sampling interval: 11485ms
  Thread calibration: mean lat.: 3512.444ms, rate sampling interval: 13164ms
  Thread calibration: mean lat.: 2962.932ms, rate sampling interval: 12738ms
  Thread calibration: mean lat.: 2900.339ms, rate sampling interval: 12427ms
  Thread calibration: mean lat.: 3376.742ms, rate sampling interval: 12673ms
  Thread calibration: mean lat.: 3616.025ms, rate sampling interval: 12861ms
  Thread calibration: mean lat.: 3327.764ms, rate sampling interval: 12247ms
  Thread calibration: mean lat.: 3353.386ms, rate sampling interval: 12361ms
  Thread Stats   Avg      Stdev     Max   +/- Stdev
    Latency    12.57s     5.19s   25.64s    69.09%
    Req/Sec   477.31     75.85   632.00     62.50%
  Latency Distribution (HdrHistogram - Recorded Latency)
 50.000%   12.27s 
 75.000%   16.33s 
 90.000%   19.89s 
 99.000%   23.25s 
 99.900%   24.72s 
 99.990%   25.44s 
 99.999%   25.64s 
100.000%   25.66s 

  Detailed Percentile spectrum:
       Value   Percentile   TotalCount 1/(1-Percentile)

       1.877     0.000000            1         1.00
    6791.167     0.100000        14676         1.11
    8310.783     0.200000        29333         1.25
    9560.063     0.300000        44077         1.43
   10911.743     0.400000        58743         1.67
   12271.615     0.500000        73392         2.00
   12918.783     0.550000        80665         2.22
   13697.023     0.600000        88059         2.50
   14524.415     0.650000        95340         2.86
   15409.151     0.700000       102713         3.33
   16334.847     0.750000       109992         4.00
   16842.751     0.775000       113735         4.44
   17367.039     0.800000       117391         5.00
   17924.095     0.825000       121009         5.71
   18546.687     0.850000       124705         6.67
   19185.663     0.875000       128395         8.00
   19546.111     0.887500       130177         8.89
   19890.175     0.900000       132060        10.00
   20185.087     0.912500       133854        11.43
   20447.231     0.925000       135735        13.33
   20758.527     0.937500       137549        16.00
   20922.367     0.943750       138445        17.78
   21118.975     0.950000       139343        20.00
   21348.351     0.956250       140252        22.86
   21594.111     0.962500       141165        26.67
   21889.023     0.968750       142077        32.00
   22052.863     0.971875       142548        35.56
   22233.087     0.975000       143008        40.00
   22429.695     0.978125       143466        45.71
   22626.303     0.981250       143944        53.33
   22839.295     0.984375       144370        64.00
   22953.983     0.985938       144603        71.11
   23068.671     0.987500       144828        80.00
   23183.359     0.989062       145063        91.43
   23298.047     0.990625       145290       106.67
   23445.503     0.992188       145515       128.00
   23543.807     0.992969       145647       142.22
   23609.343     0.993750       145744       160.00
   23691.263     0.994531       145854       182.86
   23805.951     0.995313       145975       213.33
   23953.407     0.996094       146088       256.00
   24035.327     0.996484       146140       284.44
   24100.863     0.996875       146200       320.00
   24166.399     0.997266       146257       365.71
   24297.471     0.997656       146316       426.67
   24428.543     0.998047       146367       512.00
   24510.463     0.998242       146398       568.89
   24559.615     0.998437       146452       640.00
   24575.999     0.998633       146466       731.43
   24625.151     0.998828       146485       853.33
   24723.455     0.999023       146512      1024.00
   24788.991     0.999121       146526      1137.78
   24870.911     0.999219       146541      1280.00
   24952.831     0.999316       146556      1462.86
   25018.367     0.999414       146568      1706.67
   25100.287     0.999512       146583      2048.00
   25149.439     0.999561       146593      2275.56
   25165.823     0.999609       146596      2560.00
   25198.591     0.999658       146605      2925.71
   25247.743     0.999707       146612      3413.33
   25280.511     0.999756       146618      4096.00
   25313.279     0.999780       146622      4551.11
   25329.663     0.999805       146625      5120.00
   25362.431     0.999829       146629      5851.43
   25395.199     0.999854       146633      6826.67
   25411.583     0.999878       146636      8192.00
   25427.967     0.999890       146637      9102.22
   25444.351     0.999902       146639     10240.00
   25460.735     0.999915       146642     11702.86
   25477.119     0.999927       146643     13653.33
   25509.887     0.999939       146646     16384.00
   25509.887     0.999945       146646     18204.44
   25509.887     0.999951       146646     20480.00
   25542.655     0.999957       146648     23405.71
   25542.655     0.999963       146648     27306.67
   25559.039     0.999969       146649     32768.00
   25559.039     0.999973       146649     36408.89
   25575.423     0.999976       146650     40960.00
   25575.423     0.999979       146650     46811.43
   25624.575     0.999982       146651     54613.33
   25624.575     0.999985       146651     65536.00
   25624.575     0.999986       146651     72817.78
   25640.959     0.999988       146652     81920.00
   25640.959     0.999989       146652     93622.86
   25640.959     0.999991       146652    109226.67
   25640.959     0.999992       146652    131072.00
   25640.959     0.999993       146652    145635.56
   25657.343     0.999994       146653    163840.00
   25657.343     1.000000       146653          inf
#[Mean    =    12567.151, StdDeviation   =     5190.435]
#[Max     =    25640.960, Total count    =       146653]
#[Buckets =           27, SubBuckets     =         2048]
----------------------------------------------------------
  223531 requests in 30.00s, 40.08MB read
  Socket errors: connect 0, read 6, write 0, timeout 0
Requests/sec:   7450.38
Transfer/sec:      1.34MB
WRKX_RESULT {"durationUs":30002620,"requests":223531,"responses":223531,"errors":6,"bytes":42031219,"latencyAvgUs":12567151.174,"latencyP95Us":21118975.000,"latencyP99Us":23248895.000}
