Running 30s test @ http://localhost:9991/
  16 threads and 256 connections
  Thread calibration: mean lat.: 450.331ms, rate sampling interval: 2103ms
  Thread calibration: mean lat.: 557.698ms, rate sampling interval: 2674ms
  Thread calibration: mean lat.: 401.260ms, rate sampling interval: 2172ms
  Thread calibration: mean lat.: 537.353ms, rate sampling interval: 2828ms
  Thread calibration: mean lat.: 538.266ms, rate sampling interval: 2512ms
  Thread calibration: mean lat.: 445.219ms, rate sampling interval: 2484ms
  Thread calibration: mean lat.: 495.894ms, rate sampling interval: 2543ms
  Thread calibration: mean lat.: 613.663ms, rate sampling interval: 2850ms
  Thread calibration: mean lat.: 469.685ms, rate sampling interval: 2455ms
  Thread calibration: mean lat.: 534.248ms, rate sampling interval: 2869ms
  Thread calibration: mean lat.: 350.848ms, rate sampling interval: 1753ms
  Thread calibration: mean lat.: 593.572ms, rate sampling interval: 2938ms
  Thread calibration: mean lat.: 593.339ms, rate sampling interval: 2983ms
  Thread calibration: mean lat.: 422.132ms, rate sampling interval: 2230ms
  Thread calibration: mean lat.: 570.253ms, rate sampling interval: 2809ms
  Thread calibration: mean lat.: 632.102ms, rate sampling interval: 3141ms
  Thread Stats   Avg      Stdev     Max   +/- Stdev
    Latency     1.99s     1.31s    7.04s    66.80%
    Req/Sec     5.65k   333.33     6.38k    70.34%
  Latency Distribution (HdrHistogram - Recorded Latency)
 50.000%    1.85s 
 75.000%    2.79s 
 90.000%    3.77s 
 99.000%    5.62s 
 99.900%    6.55s 
 99.990%    6.97s 
 99.999%    7.02s 
100.000%    7.04s 

  Detailed Percentile spectrum:
       Value   Percentile   TotalCount 1/(1-Percentile)

       0.149     0.000000            1         1.00
     340.223     0.100000       179269         1.11
     809.471     0.200000       358494         1.25
    1184.767     0.300000       537518         1.43
    1532.927     0.400000       716683         1.67
    1846.271     0.500000       896284         2.00
    2001.919     0.550000       985680         2.22
    2168.831     0.600000      1075145         2.50
    2359.295     0.650000      1164947         2.86
    2559.999     0.700000      1254744         3.33
    2791.423     0.750000      1344272         4.00
    2920.447     0.775000      1389122         4.44
    3061.759     0.800000      1433647         5.00
    3205.119     0.825000      1478201         5.71
    3375.103     0.850000      1523159         6.67
    3565.567     0.875000      1567825         8.00
    3663.871     0.887500      1590424         8.89
    3770.367     0.900000      1612821        10.00
    3889.151     0.912500      1635026        11.43
    4044.799     0.925000      1657501        13.33
    4210.687     0.937500      1680241        16.00
    4304.895     0.943750      1691253        17.78
    4407.295     0.950000      1702264        20.00
    4501.503     0.956250      1713729        22.86
    4624.383     0.962500      1724561        26.67
    4759.551     0.968750      1735699        32.00
    4853.759     0.971875      1741451        35.56
    4980.735     0.975000      1746873        40.00
    5119.999     0.978125      1752520        45.71
    5234.687     0.981250      1758078        53.33
    5378.047     0.984375      1763657        64.00
    5439.487     0.985938      1766536        71.11
    5513.215     0.987500      1769376        80.00
    5574.655     0.989062      1772165        91.43
    5644.287     0.990625      1774965       106.67
    5730.303     0.992188      1777765       128.00
    5775.359     0.992969      1779053       142.22
    5836.799     0.993750      1780513       160.00
    5894.143     0.994531      1781874       182.86
    6012.927     0.995313      1783282       213.33
    6103.039     0.996094      1784697       256.00
    6152.191     0.996484      1785359       284.44
    6197.247     0.996875      1786092       320.00
    6250.495     0.997266      1786771       365.71
    6291.455     0.997656      1787546       426.67
    6324.223     0.998047      1788160       512.00
    6344.703     0.998242      1788527       568.89
    6373.375     0.998437      1788863       640.00
    6402.047     0.998633      1789213       731.43
    6475.775     0.998828      1789554       853.33
    6565.887     0.999023      1789902      1024.00
    6594.559     0.999121      1790080      1137.78
    6647.807     0.999219      1790260      1280.00
    6688.767     0.999316      1790424      1462.86
    6750.207     0.999414      1790610      1706.67
    6803.455     0.999512      1790773      2048.00
    6840.319     0.999561      1790872      2275.56
    6860.799     0.999609      1790962      2560.00
    6885.375     0.999658      1791042      2925.71
    6909.951     0.999707      1791129      3413.33
    6922.239     0.999756      1791252      4096.00
    6926.335     0.999780      1791275      4551.11
    6934.527     0.999805      1791300      5120.00
    6946.815     0.999829      1791349      5851.43
    6959.103     0.999854      1791424      6826.67
    6963.199     0.999878      1791464      8192.00
    6963.199     0.999890      1791464      9102.22
    6967.295     0.999902      1791489     10240.00
    6971.391     0.999915      1791505     11702.86
    6975.487     0.999927      1791546     13653.33
    6975.487     0.999939      1791546     16384.00
    6979.583     0.999945      1791559     18204.44
    6983.679     0.999951      1791565     20480.00
    6991.871     0.999957      1791575     23405.71
    6995.967     0.999963      1791586     27306.67
    7000.063     0.999969      1791593     32768.00
    7004.159     0.999973      1791598     36408.89
    7012.351     0.999976      1791604     40960.00
    7016.447     0.999979      1791611     46811.43
    7020.543     0.999982      1791625     54613.33
    7020.543     0.999985      1791625     65536.00
    7020.543     0.999986      1791625     72817.78
    7024.639     0.999988      1791633     81920.00
    7024.639     0.999989      1791633     93622.86
    7024.639     0.999991      1791633    109226.67
    7028.735     0.999992      1791638    131072.00
    7028.735     0.999993      1791638    145635.56
    7028.735     0.999994      1791638    163840.00
    7028.735     0.999995      1791638    187245.71
    7032.831     0.999995      1791644    218453.33
    7032.831     0.999996      1791644    262144.00
    7032.831     0.999997      1791644    291271.11
    7032.831     0.999997      1791644    327680.00
    7032.831     0.999997      1791644    374491.43
    7032.831     0.999998      1791644    436906.67
    7032.831     0.999998      1791644    524288.00
    7032.831     0.999998      1791644    582542.22
    7036.927     0.999998      1791646    655360.00
    7036.927     0.999999      1791646    748982.86
    7036.927     0.999999      1791646    873813.33
    7036.927     0.999999      1791646   1048576.00
    7036.927     0.999999      1791646   1165084.44
    7036.927     0.999999      1791646   1310720.00
    7036.927     0.999999      1791646   1497965.71
    7036.927     0.999999      1791646   1747626.67
    7041.023     1.000000      1791647   2097152.00
    7041.023     1.000000      1791647          inf
#[Mean    =     1987.417, StdDeviation   =     1306.247]
#[Max     =     7036.928, Total count    =      1791647]
#[Buckets =           27, SubBuckets     =         2048]
----------------------------------------------------------
  2679305 requests in 30.00s, 480.47MB read
  Socket errors: connect 0, read 735, write 0, timeout 0
Requests/sec:  89312.89
Transfer/sec:     16.02MB
WRKX_RESULT {"durationUs":29999085,"requests":2679305,"responses":2679305,"errors":735,"bytes":503809546,"latencyAvgUs":1987417.058,"latencyP95Us":4407295.000,"latencyP99Us":5615615.000}
