Running 30s test @ http://localhost:9991/
  16 threads and 256 connections
  Thread calibration: mean lat.: 1.119ms, rate sampling interval: 10ms
  Thread calibration: mean lat.: 1.118ms, rate sampling interval: 10ms
  Thread calibration: mean lat.: 1.118ms, rate sampling interval: 10ms
  Thread calibration: mean lat.: 1.106ms, rate sampling interval: 10ms
  Thread calibration: mean lat.: 1.105ms, rate sampling interval: 10ms
  Thread calibration: mean lat.: 1.110ms, rate sampling interval: 10ms
  Thread calibration: mean lat.: 1.100ms, rate sampling interval: 10ms
  Thread calibration: mean lat.: 1.116ms, rate sampling interval: 10ms
  Thread calibration: mean lat.: 1.103ms, rate sampling interval: 10ms
  Thread calibration: mean lat.: 1.110ms, rate sampling interval: 10ms
  Thread calibration: mean lat.: 1.132ms, rate sampling interval: 10ms
  Thread calibration: mean lat.: 1.125ms, rate sampling interval: 10ms
  Thread calibration: mean lat.: 1.139ms, rate sampling interval: 10ms
  Thread calibration: mean lat.: 1.143ms, rate sampling interval: 10ms
  Thread calibration: mean lat.: 1.096ms, rate sampling interval: 10ms
  Thread calibration: mean lat.: 1.155ms, rate sampling interval: 10ms
  Thread Stats   Avg      Stdev     Max   +/- Stdev
    Latency     1.21ms  555.66us   7.82ms   68.26%
    Req/Sec     2.64k   276.01     3.78k    78.76%
  Latency Distribution (HdrHistogram - Recorded Latency)
 50.000%    1.16ms
 75.000%    1.56ms
 90.000%    1.92ms
 99.000%    2.76ms
 99.900%    3.85ms
 99.990%    5.18ms
 99.999%    6.41ms
100.000%    7.82ms

  Detailed Percentile spectrum:
       Value   Percentile   TotalCount 1/(1-Percentile)

       0.111     0.000000            1         1.00
       0.526     0.100000        79775         1.11
       0.709     0.200000       159644         1.25
       0.868     0.300000       239091         1.43
       1.018     0.400000       318972         1.67
       1.163     0.500000       398597         2.00
       1.236     0.550000       438444         2.22
       1.311     0.600000       478417         2.50
       1.388     0.650000       518104         2.86
       1.469     0.700000       557810         3.33
       1.556     0.750000       597632         4.00
       1.603     0.775000       617887         4.44
       1.653     0.800000       637728         5.00
       1.707     0.825000       657476         5.71
       1.767     0.850000       677253         6.67
       1.837     0.875000       697337         8.00
       1.876     0.887500       707166         8.89
       1.920     0.900000       717264        10.00
       1.967     0.912500       727117        11.43
       2.021     0.925000       737091        13.33
       2.085     0.937500       747145        16.00
       2.121     0.943750       752017        17.78
       2.161     0.950000       756913        20.00
       2.209     0.956250       761942        22.86
       2.263     0.962500       767056        26.67
       2.327     0.968750       771954        32.00
       2.363     0.971875       774366        35.56
       2.407     0.975000       776950        40.00
       2.455     0.978125       779353        45.71
       2.513     0.981250       781875        53.33
       2.581     0.984375       784313        64.00
       2.623     0.985938       785587        71.11
       2.669     0.987500       786802        80.00
       2.723     0.989062       788037        91.43
       2.787     0.990625       789301       106.67
       2.867     0.992188       790540       128.00
       2.911     0.992969       791174       142.22
       2.963     0.993750       791770       160.00
       3.021     0.994531       792403       182.86
       3.091     0.995313       793035       213.33
       3.169     0.996094       793642       256.00
       3.217     0.996484       793951       284.44
       3.275     0.996875       794263       320.00
       3.331     0.997266       794571       365.71
       3.403     0.997656       794882       426.67
       3.495     0.998047       795194       512.00
       3.545     0.998242       795352       568.89
       3.605     0.998437       795504       640.00
       3.675     0.998633       795662       731.43
       3.759     0.998828       795818       853.33
       3.857     0.999023       795972      1024.00
       3.911     0.999121       796049      1137.78
       3.965     0.999219       796126      1280.00
       4.029     0.999316       796208      1462.86
       4.123     0.999414       796284      1706.67
       4.231     0.999512       796360      2048.00
       4.291     0.999561       796399      2275.56
       4.375     0.999609       796437      2560.00
       4.455     0.999658       796477      2925.71
       4.551     0.999707       796517      3413.33
       4.647     0.999756       796554      4096.00
       4.723     0.999780       796573      4551.11
       4.811     0.999805       796593      5120.00
       4.883     0.999829       796612      5851.43
       4.995     0.999854       796632      6826.67
       5.091     0.999878       796651      8192.00
       5.143     0.999890       796661      9102.22
       5.191     0.999902       796671     10240.00
       5.267     0.999915       796680     11702.86
       5.315     0.999927       796690     13653.33
       5.375     0.999939       796700     16384.00
       5.427     0.999945       796705     18204.44
       5.471     0.999951       796710     20480.00
       5.559     0.999957       796714     23405.71
       5.715     0.999963       796719     27306.67
       5.783     0.999969       796724     32768.00
       5.823     0.999973       796727     36408.89
       5.903     0.999976       796729     40960.00
       5.927     0.999979       796731     46811.43
       6.059     0.999982       796734     54613.33
       6.191     0.999985       796736     65536.00
       6.387     0.999986       796738     72817.78
       6.403     0.999988       796739     81920.00
       6.407     0.999989       796740     93622.86
       6.439     0.999991       796741    109226.67
       6.483     0.999992       796742    131072.00
       6.539     0.999993       796743    145635.56
       6.663     0.999994       796744    163840.00
       6.663     0.999995       796744    187245.71
       6.711     0.999995       796745    218453.33
       6.711     0.999996       796745    262144.00
       6.903     0.999997       796746    291271.11
       6.903     0.999997       796746    327680.00
       6.903     0.999997       796746    374491.43
       7.083     0.999998       796747    436906.67
       7.083     0.999998       796747    524288.00
       7.083     0.999998       796747    582542.22
       7.083     0.999998       796747    655360.00
       7.083     0.999999       796747    748982.86
       7.819     0.999999       796748    873813.33
       7.819     1.000000       796748          inf
#[Mean    =        1.209, StdDeviation   =        0.556]
#[Max     =        7.816, Total count    =       796748]
#[Buckets =           27, SubBuckets     =         2048]
----------------------------------------------------------
  1196096 requests in 30.00s, 214.45MB read
  Socket errors: connect 0, read 2366, write 0, timeout 0
Requests/sec:  39870.52
Transfer/sec:      7.15MB
WRKX_RESULT {"durationUs":29999507,"requests":1196096,"responses":1196096,"errors":2366,"bytes":224868784,"latencyAvgUs":1208.571,"latencyP95Us":2161.000,"latencyP99Us":2759.000}
