Running 30s test @ http://localhost:9991/
  16 threads and 256 connections
  Thread calibration: mean lat.: 1.003ms, rate sampling interval: 10ms
  Thread calibration: mean lat.: 1.024ms, rate sampling interval: 10ms
  Thread calibration: mean lat.: 0.994ms, rate sampling interval: 10ms
  Thread calibration: mean lat.: 1.011ms, rate sampling interval: 10ms
  Thread calibration: mean lat.: 0.990ms, rate sampling interval: 10ms
  Thread calibration: mean lat.: 1.006ms, rate sampling interval: 10ms
  Thread calibration: mean lat.: 0.986ms, rate sampling interval: 10ms
  Thread calibration: mean lat.: 0.998ms, rate sampling interval: 10ms
  Thread calibration: mean lat.: 0.992ms, rate sampling interval: 10ms
  Thread calibration: mean lat.: 1.005ms, rate sampling interval: 10ms
  Thread calibration: mean lat.: 1.000ms, rate sampling interval: 10ms
  Thread calibration: mean lat.: 0.989ms, rate sampling interval: 10ms
  Thread calibration: mean lat.: 0.974ms, rate sampling interval: 10ms
  Thread calibration: mean lat.: 0.990ms, rate sampling interval: 10ms
  Thread calibration: mean lat.: 1.008ms, rate sampling interval: 10ms
  Thread calibration: mean lat.: 0.997ms, rate sampling interval: 10ms
  Thread Stats   Avg      Stdev     Max   +/- Stdev
    Latency     1.03ms  399.95us   3.67ms   66.47%
    Req/Sec   328.68    126.81   666.00     74.42%
  Latency Distribution (HdrHistogram - Recorded Latency)
 50.000%    1.03ms
 75.000%    1.30ms
 90.000%    1.55ms
 99.000%    2.02ms
 99.900%    2.31ms
 99.990%    2.78ms
 99.999%    3.32ms
100.000%    3.67ms

  Detailed Percentile spectrum:
       Value   Percentile   TotalCount 1/(1-Percentile)

       0.124     0.000000            1         1.00
       0.501     0.100000         9985         1.11
       0.662     0.200000        19966         1.25
       0.797     0.300000        29905         1.43
       0.918     0.400000        39884         1.67
       1.034     0.500000        49885         2.00
       1.087     0.550000        54787         2.22
       1.140     0.600000        59806         2.50
       1.192     0.650000        64784         2.86
       1.246     0.700000        69799         3.33
       1.301     0.750000        74730         4.00
       1.332     0.775000        77259         4.44
       1.364     0.800000        79704         5.00
       1.401     0.825000        82197         5.71
       1.444     0.850000        84689         6.67
       1.493     0.875000        87179         8.00
       1.523     0.887500        88429         8.89
       1.553     0.900000        89646        10.00
       1.588     0.912500        90917        11.43
       1.626     0.925000        92168        13.33
       1.671     0.937500        93410        16.00
       1.695     0.943750        94022        17.78
       1.721     0.950000        94643        20.00
       1.749     0.956250        95254        22.86
       1.784     0.962500        95883        26.67
       1.820     0.968750        96506        32.00
       1.841     0.971875        96817        35.56
       1.863     0.975000        97117        40.00
       1.885     0.978125        97428        45.71
       1.913     0.981250        97746        53.33
       1.944     0.984375        98057        64.00
       1.963     0.985938        98207        71.11
       1.979     0.987500        98364        80.00
       2.003     0.989062        98524        91.43
       2.025     0.990625        98678       106.67
       2.049     0.992188        98839       128.00
       2.059     0.992969        98906       142.22
       2.075     0.993750        98986       160.00
       2.091     0.994531        99069       182.86
       2.111     0.995313        99144       213.33
       2.131     0.996094        99222       256.00
       2.143     0.996484        99262       284.44
       2.163     0.996875        99303       320.00
       2.173     0.997266        99335       365.71
       2.195     0.997656        99375       426.67
       2.215     0.998047        99412       512.00
       2.229     0.998242        99431       568.89
       2.241     0.998437        99452       640.00
       2.253     0.998633        99471       731.43
       2.273     0.998828        99490       853.33
       2.309     0.999023        99509      1024.00
       2.325     0.999121        99519      1137.78
       2.347     0.999219        99530      1280.00
       2.369     0.999316        99539      1462.86
       2.385     0.999414        99548      1706.67
       2.403     0.999512        99560      2048.00
       2.411     0.999561        99563      2275.56
       2.455     0.999609        99569      2560.00
       2.481     0.999658        99572      2925.71
       2.543     0.999707        99577      3413.33
       2.585     0.999756        99582      4096.00
       2.591     0.999780        99585      4551.11
       2.623     0.999805        99587      5120.00
       2.635     0.999829        99589      5851.43
       2.721     0.999854        99592      6826.67
       2.743     0.999878        99594      8192.00
       2.779     0.999890        99596      9102.22
       2.793     0.999902        99597     10240.00
       2.831     0.999915        99598     11702.86
       2.847     0.999927        99599     13653.33
       2.865     0.999939        99600     16384.00
       2.987     0.999945        99601     18204.44
       3.039     0.999951        99602     20480.00
       3.039     0.999957        99602     23405.71
       3.073     0.999963        99603     27306.67
       3.073     0.999969        99603     32768.00
       3.179     0.999973        99604     36408.89
       3.179     0.999976        99604     40960.00
       3.179     0.999979        99604     46811.43
       3.315     0.999982        99605     54613.33
       3.315     0.999985        99605     65536.00
       3.315     0.999986        99605     72817.78
       3.315     0.999988        99605     81920.00
       3.315     0.999989        99605     93622.86
       3.669     0.999991        99606    109226.67
       3.669     1.000000        99606          inf
#[Mean    =        1.034, StdDeviation   =        0.400]
#[Max     =        3.668, Total count    =        99606]
#[Buckets =           27, SubBuckets     =         2048]
----------------------------------------------------------
  149923 requests in 30.00s, 26.88MB read
  Socket errors: connect 0, read 119, write 0, timeout 0
Requests/sec:   4996.85
Transfer/sec:      0.90MB
WRKX_RESULT {"durationUs":30003498,"requests":149923,"responses":149923,"errors":119,"bytes":28185524,"latencyAvgUs":1033.508,"latencyP95Us":1721.000,"latencyP99Us":2015.000}
