Running 30s test @ http://localhost:9991/
  16 threads and 256 connections
  Thread calibration: mean lat.: 1.047ms, rate sampling interval: 10ms
  Thread calibration: mean lat.: 1.036ms, rate sampling interval: 10ms
  Thread calibration: mean lat.: 1.045ms, rate sampling interval: 10ms
  Thread calibration: mean lat.: 1.041ms, rate sampling interval: 10ms
  Thread calibration: mean lat.: 1.046ms, rate sampling interval: 10ms
  Thread calibration: mean lat.: 1.054ms, rate sampling interval: 10ms
  Thread calibration: mean lat.: 1.044ms, rate sampling interval: 10ms
  Thread calibration: mean lat.: 1.029ms, rate sampling interval: 10ms
  Thread calibration: mean lat.: 1.056ms, rate sampling interval: 10ms
  Thread calibration: mean lat.: 1.037ms, rate sampling interval: 10ms
  Thread calibration: mean lat.: 1.042ms, rate sampling interval: 10ms
  Thread calibration: mean lat.: 1.047ms, rate sampling interval: 10ms
  Thread calibration: mean lat.: 1.032ms, rate sampling interval: 10ms
  Thread calibration: mean lat.: 1.027ms, rate sampling interval: 10ms
  Thread calibration: mean lat.: 1.031ms, rate sampling interval: 10ms
  Thread calibration: mean lat.: 1.024ms, rate sampling interval: 10ms
  Thread Stats   Avg      Stdev     Max   +/- Stdev
    Latency     1.03ms  447.41us   4.32ms   65.45%
    Req/Sec     1.32k   200.27     1.78k    65.44%
  Latency Distribution (HdrHistogram - Recorded Latency)
 50.000%    1.01ms
 75.000%    1.34ms
 90.000%    1.62ms
 99.000%    2.12ms
 99.900%    2.70ms
 99.990%    3.36ms
 99.999%    4.20ms
100.000%    4.33ms

  Detailed Percentile spectrum:
       Value   Percentile   TotalCount 1/(1-Percentile)

       0.110     0.000000            1         1.00
       0.443     0.100000        39854         1.11
       0.606     0.200000        79733         1.25
       0.748     0.300000       119737         1.43
       0.881     0.400000       159422         1.67
       1.011     0.500000       199488         2.00
       1.075     0.550000       219314         2.22
       1.139     0.600000       239256         2.50
       1.202     0.650000       259213         2.86
       1.267     0.700000       279062         3.33
       1.336     0.750000       298879         4.00
       1.374     0.775000       308820         4.44
       1.413     0.800000       318705         5.00
       1.455     0.825000       328695         5.71
       1.502     0.850000       338718         6.67
       1.554     0.875000       348680         8.00
       1.583     0.887500       353628         8.89
       1.615     0.900000       358550        10.00
       1.650     0.912500       363515        11.43
       1.689     0.925000       368528        13.33
       1.734     0.937500       373469        16.00
       1.758     0.943750       375979        17.78
       1.785     0.950000       378449        20.00
       1.816     0.956250       380968        22.86
       1.851     0.962500       383448        26.67
       1.889     0.968750       385975        32.00
       1.912     0.971875       387205        35.56
       1.936     0.975000       388467        40.00
       1.963     0.978125       389665        45.71
       1.993     0.981250       390917        53.33
       2.029     0.984375       392162        64.00
       2.049     0.985938       392786        71.11
       2.073     0.987500       393393        80.00
       2.101     0.989062       394032        91.43
       2.133     0.990625       394649       106.67
       2.169     0.992188       395284       128.00
       2.193     0.992969       395566       142.22
       2.219     0.993750       395874       160.00
       2.249     0.994531       396184       182.86
       2.281     0.995313       396506       213.33
       2.325     0.996094       396806       256.00
       2.351     0.996484       396965       284.44
       2.379     0.996875       397116       320.00
       2.413     0.997266       397275       365.71
       2.455     0.997656       397430       426.67
       2.499     0.998047       397582       512.00
       2.525     0.998242       397660       568.89
       2.557     0.998437       397745       640.00
       2.593     0.998633       397816       731.43
       2.645     0.998828       397896       853.33
       2.709     0.999023       397971      1024.00
       2.743     0.999121       398012      1137.78
       2.777     0.999219       398051      1280.00
       2.805     0.999316       398088      1462.86
       2.843     0.999414       398127      1706.67
       2.891     0.999512       398166      2048.00
       2.923     0.999561       398185      2275.56
       2.947     0.999609       398206      2560.00
       2.987     0.999658       398225      2925.71
       3.039     0.999707       398245      3413.33
       3.087     0.999756       398263      4096.00
       3.131     0.999780       398273      4551.11
       3.155     0.999805       398283      5120.00
       3.183     0.999829       398292      5851.43
       3.253     0.999854       398302      6826.67
       3.317     0.999878       398312      8192.00
       3.347     0.999890       398317      9102.22
       3.383     0.999902       398322     10240.00
       3.401     0.999915       398326     11702.86
       3.431     0.999927       398331     13653.33
       3.469     0.999939       398336     16384.00
       3.527     0.999945       398339     18204.44
       3.571     0.999951       398341     20480.00
       3.629     0.999957       398344     23405.71
       3.635     0.999963       398346     27306.67
       3.683     0.999969       398348     32768.00
       3.701     0.999973       398350     36408.89
       3.787     0.999976       398351     40960.00
       3.817     0.999979       398352     46811.43
       3.859     0.999982       398353     54613.33
       3.891     0.999985       398354     65536.00
       3.963     0.999986       398355     72817.78
       4.195     0.999988       398356     81920.00
       4.195     0.999989       398356     93622.86
       4.219     0.999991       398357    109226.67
       4.219     0.999992       398357    131072.00
       4.251     0.999993       398358    145635.56
       4.251     0.999994       398358    163840.00
       4.251     0.999995       398358    187245.71
       4.311     0.999995       398359    218453.33
       4.311     0.999996       398359    262144.00
       4.311     0.999997       398359    291271.11
       4.311     0.999997       398359    327680.00
       4.311     0.999997       398359    374491.43
       4.327     0.999998       398360    436906.67
       4.327     1.000000       398360          inf
#[Mean    =        1.027, StdDeviation   =        0.447]
#[Max     =        4.324, Total count    =       398360]
#[Buckets =           27, SubBuckets     =         2048]
----------------------------------------------------------
  599305 requests in 30.00s, 107.45MB read
  Socket errors: connect 0, read 1165, write 0, timeout 0
Requests/sec:  19976.60
Transfer/sec:      3.58MB
WRKX_RESULT {"durationUs":30000350,"requests":599305,"responses":599305,"errors":1165,"bytes":112670024,"latencyAvgUs":1027.041,"latencyP95Us":1785.000,"latencyP99Us":2119.000}
