Running 30s test @ http://localhost:9991/
  16 threads and 256 connections
  Thread calibration: mean lat.: 1893.314ms, rate sampling interval: 7786ms
  Thread calibration: mean lat.: 1933.416ms, rate sampling interval: 7651ms
  Thread calibration: mean lat.: 2239.508ms, rate sampling interval: 8003ms
  Thread calibration: mean lat.: 1863.248ms, rate sampling interval: 7589ms
  Thread calibration: mean lat.: 1946.313ms, rate sampling interval: 7737ms
  Thread calibration: mean lat.: 2075.545ms, rate sampling interval: 7942ms
  Thread calibration: mean lat.: 2007.899ms, rate sampling interval: 7806ms
  Thread calibration: mean lat.: 2188.259ms, rate sampling interval: 8110ms
  Thread calibration: mean lat.: 1807.473ms, rate sampling interval: 6524ms
  Thread calibration: mean lat.: 2135.370ms, rate sampling interval: 7774ms
  Thread calibration: mean lat.: 2162.880ms, rate sampling interval: 7852ms
  Thread calibration: mean lat.: 1797.481ms, rate sampling interval: 7016ms
  Thread calibration: mean lat.: 1788.132ms, rate sampling interval: 7340ms
  Thread calibration: mean lat.: 2030.220ms, rate sampling interval: 7581ms
  Thread calibration: mean lat.: 2151.461ms, rate sampling interval: 7757ms
  Thread calibration: mean lat.: 2012.619ms, rate sampling interval: 7729ms
  Thread Stats   Avg      Stdev     Max   +/- Stdev
    Latency     8.31s     2.76s   15.98s    60.97%
    Req/Sec     5.32k   233.08     5.85k    66.67%
  Latency Distribution (HdrHistogram - Recorded Latency)
 50.000%    8.24s 
 75.000%   10.55s 
 90.000%   12.03s 
 99.000%   13.88s 
 99.900%   15.04s 
 99.990%   15.87s 
 99.999%   15.97s 
100.000%   15.99s 

  Detailed Percentile spectrum:
       Value   Percentile   TotalCount 1/(1-Percentile)

     732.159     0.000000            2         1.00
    4681.727     0.100000       171436         1.11
    5578.751     0.200000       342514         1.25
    6422.527     0.300000       513304         1.43
    7335.935     0.400000       683949         1.67
    8237.055     0.500000       855255         2.00
    8716.287     0.550000       940378         2.22
    9199.615     0.600000      1026352         2.50
    9650.175     0.650000      1111159         2.86
   10100.735     0.700000      1197467         3.33
   10551.295     0.750000      1282510         4.00
   10772.479     0.775000      1325036         4.44
   11010.047     0.800000      1368265         5.00
   11223.039     0.825000      1410353         5.71
   11468.799     0.850000      1453787         6.67
   11730.943     0.875000      1496084         8.00
   11886.591     0.887500      1518178         8.89
   12034.047     0.900000      1538853        10.00
   12189.695     0.912500      1560965        11.43
   12345.343     0.925000      1581304        13.33
   12533.759     0.937500      1603088        16.00
   12648.447     0.943750      1613588        17.78
   12754.943     0.950000      1624519        20.00
   12861.439     0.956250      1635025        22.86
   12984.319     0.962500      1645400        26.67
   13131.775     0.968750      1656005        32.00
   13230.079     0.971875      1661783        35.56
   13311.999     0.975000      1666719        40.00
   13402.111     0.978125      1672367        45.71
   13500.415     0.981250      1677358        53.33
   13615.103     0.984375      1682689        64.00
   13680.639     0.985938      1685594        71.11
   13762.559     0.987500      1688034        80.00
   13836.287     0.989062      1690941        91.43
   13910.015     0.990625      1693631       106.67
   14000.127     0.992188      1696089       128.00
   14049.279     0.992969      1697394       142.22
   14139.391     0.993750      1698758       160.00
   14221.311     0.994531      1700120       182.86
   14303.231     0.995313      1701387       213.33
   14385.151     0.996094      1702788       256.00
   14426.111     0.996484      1703396       284.44
   14483.455     0.996875      1704072       320.00
   14573.567     0.997266      1704740       365.71
   14696.447     0.997656      1705402       426.67
   14761.983     0.998047      1706053       512.00
   14827.519     0.998242      1706441       568.89
   14860.287     0.998437      1706757       640.00
   14893.055     0.998633      1707089       731.43
   14934.015     0.998828      1707403       853.33
   15056.895     0.999023      1707733      1024.00
   15081.471     0.999121      1707912      1137.78
   15097.855     0.999219      1708088      1280.00
   15114.239     0.999316      1708226      1462.86
   15187.967     0.999414      1708392      1706.67
   15278.079     0.999512      1708576      2048.00
   15302.655     0.999561      1708651      2275.56
   15343.615     0.999609      1708723      2560.00
   15433.727     0.999658      1708808      2925.71
   15548.415     0.999707      1708893      3413.33
   15695.871     0.999756      1708971      4096.00
   15785.983     0.999780      1709014      4551.11
   15826.943     0.999805      1709075      5120.00
   15835.135     0.999829      1709097      5851.43
   15851.519     0.999854      1709160      6826.67
   15859.711     0.999878      1709196      8192.00
   15867.903     0.999890      1709226      9102.22
   15867.903     0.999902      1709226     10240.00
   15876.095     0.999915      1709241     11702.86
   15900.671     0.999927      1709268     13653.33
   15908.863     0.999939      1709285     16384.00
   15917.055     0.999945      1709298     18204.44
   15925.247     0.999951      1709307     20480.00
   15933.439     0.999957      1709317     23405.71
   15941.631     0.999963      1709327     27306.67
   15949.823     0.999969      1709339     32768.00
   15958.015     0.999973      1709350     36408.89
   15958.015     0.999976      1709350     40960.00
   15966.207     0.999979      1709359     46811.43
   15966.207     0.999982      1709359     54613.33
   15974.399     0.999985      1709370     65536.00
   15974.399     0.999986      1709370     72817.78
   15974.399     0.999988      1709370     81920.00
   15974.399     0.999989      1709370     93622.86
   15982.591     0.999991      1709383    109226.67
   15982.591     0.999992      1709383    131072.00
   15982.591     0.999993      1709383    145635.56
   15982.591     0.999994      1709383    163840.00
   15982.591     0.999995      1709383    187245.71
   15982.591     0.999995      1709383    218453.33
   15982.591     0.999996      1709383    262144.00
   15982.591     0.999997      1709383    291271.11
   15982.591     0.999997      1709383    327680.00
   15982.591     0.999997      1709383    374491.43
   15990.783     0.999998      1709387    436906.67
   15990.783     1.000000      1709387          inf
#[Mean    =     8305.182, StdDeviation   =     2762.224]
#[Max     =    15982.592, Total count    =      1709387]
#[Buckets =           27, SubBuckets     =         2048]
----------------------------------------------------------
  2605007 requests in 30.00s, 467.14MB read
  Socket errors: connect 0, read 770, write 0, timeout 0
Requests/sec:  86835.68
Transfer/sec:     15.57MB
WRKX_RESULT {"durationUs":29999271,"requests":2605007,"responses":2605007,"errors":770,"bytes":489836373,"latencyAvgUs":8305182.218,"latencyP95Us":12754943.000,"latencyP99Us":13877247.000}
