Running 30s test @ http://localhost:9991/
  16 threads and 256 connections
  Thread calibration: mean lat.: 0.968ms, rate sampling interval: 10ms
  Thread calibration: mean lat.: 0.966ms, rate sampling interval: 10ms
  Thread calibration: mean lat.: 0.956ms, rate sampling interval: 10ms
  Thread calibration: mean lat.: 0.979ms, rate sampling interval: 10ms
  Thread calibration: mean lat.: 0.975ms, rate sampling interval: 10ms
  Thread calibration: mean lat.: 0.971ms, rate sampling interval: 10ms
  Thread calibration: mean lat.: 0.972ms, rate sampling interval: 10ms
  Thread calibration: mean lat.: 0.968ms, rate sampling interval: 10ms
  Thread calibration: mean lat.: 0.998ms, rate sampling interval: 10ms
  Thread calibration: mean lat.: 1.060ms, rate sampling interval: 10ms
  Thread calibration: mean lat.: 0.989ms, rate sampling interval: 10ms
  Thread calibration: mean lat.: 0.970ms, rate sampling interval: 10ms
  Thread calibration: mean lat.: 0.984ms, rate sampling interval: 10ms
  Thread calibration: mean lat.: 0.964ms, rate sampling interval: 10ms
  Thread calibration: mean lat.: 0.981ms, rate sampling interval: 10ms
  Thread calibration: mean lat.: 0.988ms, rate sampling interval: 10ms
  Thread Stats   Avg      Stdev     Max   +/- Stdev
    Latency     1.01ms  425.55us   5.50ms   65.54%
    Req/Sec     0.99k   255.86     1.89k    85.51%
  Latency Distribution (HdrHistogram - Recorded Latency)
 50.000%    1.00ms
 75.000%    1.30ms
 90.000%    1.56ms
 99.000%    2.04ms
 99.900%    2.50ms
 99.990%    3.31ms
 99.999%    4.43ms
100.000%    5.50ms

  Detailed Percentile spectrum:
       Value   Percentile   TotalCount 1/(1-Percentile)

       0.105     0.000000            1         1.00
       0.447     0.100000        29894         1.11
       0.608     0.200000        59836         1.25
       0.747     0.300000        89698         1.43
       0.875     0.400000       119721         1.67
       0.996     0.500000       149446         2.00
       1.056     0.550000       164519         2.22
       1.115     0.600000       179439         2.50
       1.174     0.650000       194418         2.86
       1.233     0.700000       209411         3.33
       1.297     0.750000       224169         4.00
       1.333     0.775000       231717         4.44
       1.371     0.800000       239188         5.00
       1.413     0.825000       246675         5.71
       1.457     0.850000       254091         6.67
       1.507     0.875000       261561         8.00
       1.534     0.887500       265254         8.89
       1.564     0.900000       268939        10.00
       1.598     0.912500       272744        11.43
       1.635     0.925000       276411        13.33
       1.678     0.937500       280149        16.00
       1.703     0.943750       282052        17.78
       1.730     0.950000       283927        20.00
       1.761     0.956250       285747        22.86
       1.796     0.962500       287643        26.67
       1.835     0.968750       289503        32.00
       1.857     0.971875       290436        35.56
       1.880     0.975000       291354        40.00
       1.906     0.978125       292289        45.71
       1.934     0.981250       293212        53.33
       1.964     0.984375       294147        64.00
       1.982     0.985938       294620        71.11
       2.000     0.987500       295078        80.00
       2.023     0.989062       295553        91.43
       2.051     0.990625       296026       106.67
       2.079     0.992188       296479       128.00
       2.099     0.992969       296731       142.22
       2.119     0.993750       296962       160.00
       2.145     0.994531       297198       182.86
       2.173     0.995313       297425       213.33
       2.201     0.996094       297652       256.00
       2.221     0.996484       297762       284.44
       2.245     0.996875       297882       320.00
       2.273     0.997266       298002       365.71
       2.303     0.997656       298112       426.67
       2.347     0.998047       298230       512.00
       2.367     0.998242       298289       568.89
       2.389     0.998437       298350       640.00
       2.425     0.998633       298404       731.43
       2.463     0.998828       298464       853.33
       2.507     0.999023       298521      1024.00
       2.529     0.999121       298551      1137.78
       2.551     0.999219       298582      1280.00
       2.585     0.999316       298608      1462.86
       2.637     0.999414       298637      1706.67
       2.677     0.999512       298667      2048.00
       2.709     0.999561       298682      2275.56
       2.739     0.999609       298696      2560.00
       2.765     0.999658       298710      2925.71
       2.819     0.999707       298726      3413.33
       2.909     0.999756       298740      4096.00
       2.963     0.999780       298747      4551.11
       2.997     0.999805       298754      5120.00
       3.053     0.999829       298761      5851.43
       3.127     0.999854       298769      6826.67
       3.217     0.999878       298776      8192.00
       3.267     0.999890       298780      9102.22
       3.309     0.999902       298783     10240.00
       3.397     0.999915       298787     11702.86
       3.481     0.999927       298791     13653.33
       3.529     0.999939       298794     16384.00
       3.783     0.999945       298796     18204.44
       3.805     0.999951       298798     20480.00
       3.891     0.999957       298800     23405.71
       4.037     0.999963       298802     27306.67
       4.065     0.999969       298803     32768.00
       4.077     0.999973       298804     36408.89
       4.091     0.999976       298805     40960.00
       4.135     0.999979       298806     46811.43
       4.167     0.999982       298807     54613.33
       4.207     0.999985       298808     65536.00
       4.207     0.999986       298808     72817.78
       4.431     0.999988       298809     81920.00
       4.431     0.999989       298809     93622.86
       4.515     0.999991       298810    109226.67
       4.515     0.999992       298810    131072.00
       4.515     0.999993       298810    145635.56
       4.607     0.999994       298811    163840.00
       4.607     0.999995       298811    187245.71
       4.607     0.999995       298811    218453.33
       4.607     0.999996       298811    262144.00
       4.607     0.999997       298811    291271.11
       5.499     0.999997       298812    327680.00
       5.499     1.000000       298812          inf
#[Mean    =        1.007, StdDeviation   =        0.426]
#[Max     =        5.496, Total count    =       298812]
#[Buckets =           27, SubBuckets     =         2048]
----------------------------------------------------------
  448632 requests in 30.01s, 80.44MB read
  Socket errors: connect 0, read 923, write 0, timeout 0
Requests/sec:  14947.58
Transfer/sec:      2.68MB
WRKX_RESULT {"durationUs":30013681,"requests":448632,"responses":448632,"errors":923,"bytes":84343557,"latencyAvgUs":1007.124,"latencyP95Us":1730.000,"latencyP99Us":2039.000}
