Running 30s test @ http://localhost:9991/
  16 threads and 256 connections
  Thread calibration: mean lat.: 1.001ms, rate sampling interval: 10ms
  Thread calibration: mean lat.: 1.002ms, rate sampling interval: 10ms
  Thread calibration: mean lat.: 1.002ms, rate sampling interval: 10ms
  Thread calibration: mean lat.: 1.006ms, rate sampling interval: 10ms
  Thread calibration: mean lat.: 1.014ms, rate sampling interval: 10ms
  Thread calibration: mean lat.: 1.010ms, rate sampling interval: 10ms
  Thread calibration: mean lat.: 1.008ms, rate sampling interval: 10ms
  Thread calibration: mean lat.: 1.035ms, rate sampling interval: 10ms
  Thread calibration: mean lat.: 1.019ms, rate sampling interval: 10ms
  Thread calibration: mean lat.: 1.003ms, rate sampling interval: 10ms
  Thread calibration: mean lat.: 1.015ms, rate sampling interval: 10ms
  Thread calibration: mean lat.: 1.011ms, rate sampling interval: 10ms
  Thread calibration: mean lat.: 1.030ms, rate sampling interval: 10ms
  Thread calibration: mean lat.: 1.034ms, rate sampling interval: 10ms
  Thread calibration: mean lat.: 1.042ms, rate sampling interval: 10ms
  Thread calibration: mean lat.: 1.042ms, rate sampling interval: 10ms
  Thread Stats   Avg      Stdev     Max   +/- Stdev
    Latency     1.02ms  450.13us   4.76ms   65.15%
    Req/Sec     1.98k   175.29     2.78k    72.28%
  Latency Distribution (HdrHistogram - Recorded Latency)
 50.000%    1.00ms
 75.000%    1.34ms
 90.000%    1.61ms
 99.000%    2.09ms
 99.900%    2.67ms
 99.990%    3.61ms
 99.999%    4.31ms
100.000%    4.76ms

  Detailed Percentile spectrum:
       Value   Percentile   TotalCount 1/(1-Percentile)

       0.105     0.000000            1         1.00
       0.424     0.100000        59874         1.11
       0.590     0.200000       119572         1.25
       0.737     0.300000       179430         1.43
       0.873     0.400000       239160         1.67
       1.004     0.500000       299119         2.00
       1.068     0.550000       329069         2.22
       1.133     0.600000       359031         2.50
       1.197     0.650000       388490         2.86
       1.265     0.700000       418716         3.33
       1.335     0.750000       448525         4.00
       1.371     0.775000       463292         4.44
       1.409     0.800000       478118         5.00
       1.450     0.825000       493224         5.71
       1.495     0.850000       508236         6.67
       1.546     0.875000       523057         8.00
       1.574     0.887500       530550         8.89
       1.605     0.900000       538028        10.00
       1.640     0.912500       545503        11.43
       1.678     0.925000       552820        13.33
       1.722     0.937500       560353        16.00
       1.746     0.943750       564020        17.78
       1.773     0.950000       567737        20.00
       1.802     0.956250       571457        22.86
       1.836     0.962500       575252        26.67
       1.874     0.968750       578995        32.00
       1.894     0.971875       580791        35.56
       1.918     0.975000       582697        40.00
       1.944     0.978125       584569        45.71
       1.974     0.981250       586411        53.33
       2.009     0.984375       588272        64.00
       2.028     0.985938       589217        71.11
       2.049     0.987500       590120        80.00
       2.075     0.989062       591075        91.43
       2.103     0.990625       591986       106.67
       2.141     0.992188       592942       128.00
       2.161     0.992969       593392       142.22
       2.187     0.993750       593869       160.00
       2.213     0.994531       594334       182.86
       2.245     0.995313       594784       213.33
       2.287     0.996094       595251       256.00
       2.313     0.996484       595497       284.44
       2.343     0.996875       595728       320.00
       2.375     0.997266       595958       365.71
       2.419     0.997656       596186       426.67
       2.469     0.998047       596418       512.00
       2.501     0.998242       596534       568.89
       2.533     0.998437       596651       640.00
       2.579     0.998633       596768       731.43
       2.623     0.998828       596884       853.33
       2.673     0.999023       597001      1024.00
       2.721     0.999121       597060      1137.78
       2.755     0.999219       597119      1280.00
       2.801     0.999316       597177      1462.86
       2.859     0.999414       597234      1706.67
       2.913     0.999512       597293      2048.00
       2.965     0.999561       597321      2275.56
       3.019     0.999609       597350      2560.00
       3.063     0.999658       597379      2925.71
       3.139     0.999707       597408      3413.33
       3.213     0.999756       597438      4096.00
       3.253     0.999780       597452      4551.11
       3.329     0.999805       597467      5120.00
       3.395     0.999829       597481      5851.43
       3.449     0.999854       597496      6826.67
       3.557     0.999878       597511      8192.00
       3.587     0.999890       597519      9102.22
       3.619     0.999902       597525     10240.00
       3.653     0.999915       597532     11702.86
       3.695     0.999927       597540     13653.33
       3.797     0.999939       597547     16384.00
       3.837     0.999945       597551     18204.44
       3.869     0.999951       597554     20480.00
       3.937     0.999957       597558     23405.71
       3.997     0.999963       597562     27306.67
       4.047     0.999969       597565     32768.00
       4.131     0.999973       597567     36408.89
       4.151     0.999976       597569     40960.00
       4.215     0.999979       597572     46811.43
       4.223     0.999982       597573     54613.33
       4.227     0.999985       597574     65536.00
       4.255     0.999986       597575     72817.78
       4.259     0.999988       597576     81920.00
       4.311     0.999989       597577     93622.86
       4.339     0.999991       597578    109226.67
       4.379     0.999992       597579    131072.00
       4.379     0.999993       597579    145635.56
       4.439     0.999994       597580    163840.00
       4.439     0.999995       597580    187245.71
       4.519     0.999995       597581    218453.33
       4.519     0.999996       597581    262144.00
       4.519     0.999997       597581    291271.11
       4.715     0.999997       597582    327680.00
       4.715     0.999997       597582    374491.43
       4.715     0.999998       597582    436906.67
       4.715     0.999998       597582    524288.00
       4.715     0.999998       597582    582542.22
       4.759     0.999998       597583    655360.00
       4.759     1.000000       597583          inf
#[Mean    =        1.017, StdDeviation   =        0.450]
#[Max     =        4.756, Total count    =       597583]
#[Buckets =           27, SubBuckets     =         2048]
----------------------------------------------------------
  898913 requests in 30.00s, 161.17MB read
  Socket errors: connect 0, read 1932, write 0, timeout 0
Requests/sec:  29963.37
Transfer/sec:      5.37MB
WRKX_RESULT {"durationUs":30000400,"requests":898913,"responses":898913,"errors":1932,"bytes":168997164,"latencyAvgUs":1016.951,"latencyP95Us":1773.000,"latencyP99Us":2093.000}
