Running 30s test @ http://localhost:9991/
  16 threads and 256 connections
  Thread calibration: mean lat.: 2729.450ms, rate sampling interval: 9723ms
  Thread calibration: mean lat.: 2679.548ms, rate sampling interval: 10428ms
  Thread calibration: mean lat.: 2659.359ms, rate sampling interval: 9641ms
  Thread calibration: mean lat.: 2373.458ms, rate sampling interval: 9003ms
  Thread calibration: mean lat.: 2356.154ms, rate sampling interval: 9551ms
  Thread calibration: mean lat.: 2262.832ms, rate sampling interval: 8585ms
  Thread calibration: mean lat.: 2488.643ms, rate sampling interval: 9232ms
  Thread calibration: mean lat.: 2466.537ms, rate sampling interval: 9224ms
  Thread calibration: mean lat.: 2632.360ms, rate sampling interval: 9560ms
  Thread calibration: mean lat.: 2768.753ms, rate sampling interval: 10166ms
  Thread calibration: mean lat.: 2640.661ms, rate sampling interval: 9936ms
  Thread calibration: mean lat.: 2461.406ms, rate sampling interval: 9191ms
  Thread calibration: mean lat.: 2544.018ms, rate sampling interval: 9969ms
  Thread calibration: mean lat.: 2388.257ms, rate sampling interval: 9297ms
  Thread calibration: mean lat.: 2479.778ms, rate sampling interval: 9224ms
  Thread calibration: mean lat.: 2513.920ms, rate sampling interval: 9519ms
  Thread Stats   Avg      Stdev     Max   +/- Stdev
    Latency    10.72s     3.27s   18.56s    60.25%
    Req/Sec     5.61k   194.88     6.06k    75.86%
  Latency Distribution (HdrHistogram - Recorded Latency)
 50.000%   10.68s 
 75.000%   13.38s 
 90.000%   15.20s 
 99.000%   17.06s 
 99.900%   18.07s 
 99.990%   18.50s 
 99.999%   18.58s 
100.000%   18.58s 

  Detailed Percentile spectrum:
       Value   Percentile   TotalCount 1/(1-Percentile)

    2666.495     0.000000            1         1.00
    6316.031     0.100000       178076         1.11
    7426.047     0.200000       356507         1.25
    8511.487     0.300000       535202         1.43
    9560.063     0.400000       712426         1.67
   10682.367     0.500000       890606         2.00
   11231.231     0.550000       980105         2.22
   11796.479     0.600000      1068864         2.50
   12328.959     0.650000      1158593         2.86
   12877.823     0.700000      1247516         3.33
   13377.535     0.750000      1335894         4.00
   13647.871     0.775000      1380873         4.44
   13934.591     0.800000      1424824         5.00
   14229.503     0.825000      1470358         5.71
   14540.799     0.850000      1514467         6.67
   14860.287     0.875000      1558456         8.00
   15015.935     0.887500      1581150         8.89
   15196.159     0.900000      1603420        10.00
   15384.575     0.912500      1625250        11.43
   15581.183     0.925000      1647591        13.33
   15777.791     0.937500      1669644        16.00
   15876.095     0.943750      1681278        17.78
   15982.591     0.950000      1692002        20.00
   16105.471     0.956250      1703057        22.86
   16261.119     0.962500      1714465        26.67
   16383.999     0.968750      1725115        32.00
   16449.535     0.971875      1730991        35.56
   16531.455     0.975000      1736282        40.00
   16621.567     0.978125      1741852        45.71
   16728.063     0.981250      1747536        53.33
   16842.751     0.984375      1753844        64.00
   16875.519     0.985938      1755723        71.11
   16941.055     0.987500      1758883        80.00
   17006.591     0.989062      1761262        91.43
   17088.511     0.990625      1764126       106.67
   17203.199     0.992188      1767125       128.00
   17252.351     0.992969      1768302       142.22
   17334.271     0.993750      1769805       160.00
   17416.191     0.994531      1771224       182.86
   17481.727     0.995313      1772469       213.33
   17580.031     0.996094      1773781       256.00
   17612.799     0.996484      1774439       284.44
   17678.335     0.996875      1775183       320.00
   17727.487     0.997266      1775842       365.71
   17793.023     0.997656      1776581       426.67
   17858.559     0.998047      1777367       512.00
   17874.943     0.998242      1777625       568.89
   17907.711     0.998437      1777933       640.00
   17956.863     0.998633      1778297       731.43
   18006.015     0.998828      1778593       853.33
   18087.935     0.999023      1778983      1024.00
   18137.087     0.999121      1779152      1137.78
   18186.239     0.999219      1779307      1280.00
   18219.007     0.999316      1779535      1462.86
   18251.775     0.999414      1779722      1706.67
   18284.543     0.999512      1779847      2048.00
   18300.927     0.999561      1779905      2275.56
   18333.695     0.999609      1780016      2560.00
   18350.079     0.999658      1780078      2925.71
   18382.847     0.999707      1780190      3413.33
   18399.231     0.999756      1780235      4096.00
   18415.615     0.999780      1780281      4551.11
   18431.999     0.999805      1780334      5120.00
   18448.383     0.999829      1780380      5851.43
   18464.767     0.999854      1780423      6826.67
   18481.151     0.999878      1780463      8192.00
   18497.535     0.999890      1780489      9102.22
   18513.919     0.999902      1780508     10240.00
   18530.303     0.999915      1780521     11702.86
   18546.687     0.999927      1780566     13653.33
   18546.687     0.999939      1780566     16384.00
   18546.687     0.999945      1780566     18204.44
   18563.071     0.999951      1780628     20480.00
   18563.071     0.999957      1780628     23405.71
   18563.071     0.999963      1780628     27306.67
   18563.071     0.999969      1780628     32768.00
   18563.071     0.999973      1780628     36408.89
   18563.071     0.999976      1780628     40960.00
   18563.071     0.999979      1780628     46811.43
   18579.455     0.999982      1780663     54613.33
   18579.455     1.000000      1780663          inf
#[Mean    =    10720.707, StdDeviation   =     3269.067]
#[Max     =    18563.072, Total count    =      1780663]
#[Buckets =           27, SubBuckets     =         2048]
----------------------------------------------------------
  2705731 requests in 30.00s, 485.21MB read
  Socket errors: connect 0, read 730, write 0, timeout 0
Requests/sec:  90191.79
Transfer/sec:     16.17MB
WRKX_RESULT {"durationUs":29999747,"requests":2705731,"responses":2705731,"errors":730,"bytes":508777463,"latencyAvgUs":10720707.264,"latencyP95Us":15982591.000,"latencyP99Us":17055743.000}
