Running 30s test @ http://localhost:9991/
  16 threads and 256 connections
  Thread calibration: mean lat.: 1.304ms, rate sampling interval: 10ms
  Thread calibration: mean lat.: 1.295ms, rate sampling interval: 10ms
  Thread calibration: mean lat.: 1.433ms, rate sampling interval: 10ms
  Thread calibration: mean lat.: 1.483ms, rate sampling interval: 10ms
  Thread calibration: mean lat.: 1.492ms, rate sampling interval: 10ms
  Thread calibration: mean lat.: 1.427ms, rate sampling interval: 10ms
  Thread calibration: mean lat.: 1.456ms, rate sampling interval: 10ms
  Thread calibration: mean lat.: 1.436ms, rate sampling interval: 10ms
  Thread calibration: mean lat.: 1.467ms, rate sampling interval: 10ms
  Thread calibration: mean lat.: 1.504ms, rate sampling interval: 10ms
  Thread calibration: mean lat.: 1.476ms, rate sampling interval: 10ms
  Thread calibration: mean lat.: 1.497ms, rate sampling interval: 10ms
  Thread calibration: mean lat.: 1.491ms, rate sampling interval: 10ms
  Thread calibration: mean lat.: 1.452ms, rate sampling interval: 10ms
  Thread calibration: mean lat.: 1.414ms, rate sampling interval: 10ms
  Thread calibration: mean lat.: 1.446ms, rate sampling interval: 10ms
  Thread Stats   Avg      Stdev     Max   +/- Stdev
    Latency     1.48ms  773.52us  13.40ms   69.98%
    Req/Sec     3.29k   279.73     5.00k    75.32%
  Latency Distribution (HdrHistogram - Recorded Latency)
 50.000%    1.38ms
 75.000%    1.93ms
 90.000%    2.49ms
 99.000%    3.61ms
 99.900%    5.39ms
 99.990%   10.57ms
 99.999%   12.32ms
100.000%   13.41ms

  Detailed Percentile spectrum:
       Value   Percentile   TotalCount 1/(1-Percentile)

       0.097     0.000000            1         1.00
       0.590     0.100000        99697         1.11
       0.812     0.200000       199487         1.25
       1.004     0.300000       298950         1.43
       1.190     0.400000       398789         1.67
       1.377     0.500000       498201         2.00
       1.475     0.550000       547942         2.22
       1.577     0.600000       597649         2.50
       1.686     0.650000       647496         2.86
       1.804     0.700000       697496         3.33
       1.932     0.750000       747044         4.00
       2.003     0.775000       772077         4.44
       2.081     0.800000       797402         5.00
       2.163     0.825000       821794         5.71
       2.259     0.850000       847024         6.67
       2.367     0.875000       871841         8.00
       2.427     0.887500       884011         8.89
       2.495     0.900000       896675        10.00
       2.569     0.912500       909168        11.43
       2.651     0.925000       921511        13.33
       2.745     0.937500       933833        16.00
       2.799     0.943750       940062        17.78
       2.859     0.950000       946346        20.00
       2.923     0.956250       952438        22.86
       2.999     0.962500       958765        26.67
       3.087     0.968750       964947        32.00
       3.137     0.971875       968075        35.56
       3.191     0.975000       971173        40.00
       3.251     0.978125       974209        45.71
       3.323     0.981250       977359        53.33
       3.407     0.984375       980462        64.00
       3.455     0.985938       982022        71.11
       3.507     0.987500       983570        80.00
       3.569     0.989062       985115        91.43
       3.643     0.990625       986680       106.67
       3.731     0.992188       988230       128.00
       3.781     0.992969       988987       142.22
       3.837     0.993750       989779       160.00
       3.905     0.994531       990555       182.86
       3.979     0.995313       991332       213.33
       4.075     0.996094       992105       256.00
       4.131     0.996484       992502       284.44
       4.199     0.996875       992884       320.00
       4.283     0.997266       993265       365.71
       4.395     0.997656       993662       426.67
       4.539     0.998047       994047       512.00
       4.635     0.998242       994243       568.89
       4.739     0.998437       994433       640.00
       4.907     0.998633       994630       731.43
       5.123     0.998828       994822       853.33
       5.447     0.999023       995016      1024.00
       5.699     0.999121       995113      1137.78
       6.007     0.999219       995210      1280.00
       6.431     0.999316       995309      1462.86
       7.015     0.999414       995405      1706.67
       7.575     0.999512       995502      2048.00
       7.923     0.999561       995551      2275.56
       8.207     0.999609       995599      2560.00
       8.527     0.999658       995648      2925.71
       8.751     0.999707       995698      3413.33
       9.135     0.999756       995746      4096.00
       9.367     0.999780       995770      4551.11
       9.535     0.999805       995794      5120.00
       9.807     0.999829       995818      5851.43
      10.063     0.999854       995843      6826.67
      10.383     0.999878       995868      8192.00
      10.495     0.999890       995879      9102.22
      10.615     0.999902       995891     10240.00
      10.751     0.999915       995903     11702.86
      10.951     0.999927       995918     13653.33
      11.191     0.999939       995930     16384.00
      11.271     0.999945       995934     18204.44
      11.351     0.999951       995940     20480.00
      11.423     0.999957       995946     23405.71
      11.471     0.999963       995953     27306.67
      11.519     0.999969       995958     32768.00
      11.535     0.999973       995961     36408.89
      11.663     0.999976       995964     40960.00
      11.847     0.999979       995967     46811.43
      11.935     0.999982       995970     54613.33
      12.039     0.999985       995973     65536.00
      12.071     0.999986       995975     72817.78
      12.287     0.999988       995976     81920.00
      12.319     0.999989       995978     93622.86
      12.463     0.999991       995980    109226.67
      12.479     0.999992       995981    131072.00
      12.559     0.999993       995982    145635.56
      12.559     0.999994       995982    163840.00
      12.679     0.999995       995983    187245.71
      12.783     0.999995       995984    218453.33
      12.799     0.999996       995985    262144.00
      12.799     0.999997       995985    291271.11
      12.799     0.999997       995985    327680.00
      12.943     0.999997       995986    374491.43
      12.943     0.999998       995986    436906.67
      12.959     0.999998       995987    524288.00
      12.959     0.999998       995987    582542.22
      12.959     0.999998       995987    655360.00
      12.959     0.999999       995987    748982.86
      12.959     0.999999       995987    873813.33
      13.407     0.999999       995988   1048576.00
      13.407     1.000000       995988          inf
#[Mean    =        1.482, StdDeviation   =        0.774]
#[Max     =       13.400, Total count    =       995988]
#[Buckets =           27, SubBuckets     =         2048]
----------------------------------------------------------
  1498090 requests in 30.00s, 268.60MB read
  Socket errors: connect 0, read 2703, write 0, timeout 0
Requests/sec:  49937.00
Transfer/sec:      8.95MB
WRKX_RESULT {"durationUs":29999602,"requests":1498090,"responses":1498090,"errors":2703,"bytes":281651465,"latencyAvgUs":1481.824,"latencyP95Us":2859.000,"latencyP99Us":3611.000}
