Running 30s test @ http://localhost:9991/
  16 threads and 256 connections
  Thread calibration: mean lat.: 1.033ms, rate sampling interval: 10ms
  Thread calibration: mean lat.: 1.043ms, rate sampling interval: 10ms
  Thread calibration: mean lat.: 1.031ms, rate sampling interval: 10ms
  Thread calibration: mean lat.: 1.040ms, rate sampling interval: 10ms
  Thread calibration: mean lat.: 1.044ms, rate sampling interval: 10ms
  Thread calibration: mean lat.: 1.049ms, rate sampling interval: 10ms
  Thread calibration: mean lat.: 1.041ms, rate sampling interval: 10ms
  Thread calibration: mean lat.: 1.048ms, rate sampling interval: 10ms
  Thread calibration: mean lat.: 1.051ms, rate sampling interval: 10ms
  Thread calibration: mean lat.: 1.054ms, rate sampling interval: 10ms
  Thread calibration: mean lat.: 1.055ms, rate sampling interval: 10ms
  Thread calibration: mean lat.: 1.023ms, rate sampling interval: 10ms
  Thread calibration: mean lat.: 1.052ms, rate sampling interval: 10ms
  Thread calibration: mean lat.: 1.044ms, rate sampling interval: 10ms
  Thread calibration: mean lat.: 1.033ms, rate sampling interval: 10ms
  Thread calibration: mean lat.: 1.036ms, rate sampling interval: 10ms
  Thread Stats   Avg      Stdev     Max   +/- Stdev
    Latency     1.04ms  464.35us   5.09ms   65.63%
    Req/Sec     1.65k   126.48     2.44k    55.71%
  Latency Distribution (HdrHistogram - Recorded Latency)
 50.000%    1.02ms
 75.000%    1.36ms
 90.000%    1.65ms
 99.000%    2.19ms
 99.900%    2.85ms
 99.990%    3.95ms
 99.999%    4.65ms
100.000%    5.09ms

  Detailed Percentile spectrum:
       Value   Percentile   TotalCount 1/(1-Percentile)

       0.108     0.000000            1         1.00
       0.443     0.100000        49850         1.11
       0.604     0.200000        99685         1.25
       0.747     0.300000       149510         1.43
       0.884     0.400000       199349         1.67
       1.017     0.500000       249067         2.00
       1.084     0.550000       274170         2.22
       1.151     0.600000       298966         2.50
       1.218     0.650000       323706         2.86
       1.288     0.700000       348879         3.33
       1.361     0.750000       373753         4.00
       1.399     0.775000       385964         4.44
       1.441     0.800000       398698         5.00
       1.484     0.825000       410958         5.71
       1.532     0.850000       423476         6.67
       1.585     0.875000       435758         8.00
       1.615     0.887500       441993         8.89
       1.650     0.900000       448358        10.00
       1.686     0.912500       454489        11.43
       1.727     0.925000       460760        13.33
       1.774     0.937500       466962        16.00
       1.800     0.943750       470044        17.78
       1.828     0.950000       473124        20.00
       1.860     0.956250       476231        22.86
       1.897     0.962500       479376        26.67
       1.939     0.968750       482468        32.00
       1.962     0.971875       484013        35.56
       1.991     0.975000       485597        40.00
       2.021     0.978125       487144        45.71
       2.055     0.981250       488680        53.33
       2.095     0.984375       490283        64.00
       2.119     0.985938       491064        71.11
       2.145     0.987500       491819        80.00
       2.173     0.989062       492571        91.43
       2.209     0.990625       493377       106.67
       2.251     0.992188       494126       128.00
       2.279     0.992969       494523       142.22
       2.309     0.993750       494904       160.00
       2.341     0.994531       495289       182.86
       2.383     0.995313       495691       213.33
       2.429     0.996094       496069       256.00
       2.457     0.996484       496266       284.44
       2.491     0.996875       496461       320.00
       2.531     0.997266       496657       365.71
       2.577     0.997656       496852       426.67
       2.627     0.998047       497037       512.00
       2.657     0.998242       497137       568.89
       2.693     0.998437       497235       640.00
       2.733     0.998633       497333       731.43
       2.787     0.998828       497426       853.33
       2.861     0.999023       497523      1024.00
       2.897     0.999121       497573      1137.78
       2.949     0.999219       497622      1280.00
       3.005     0.999316       497669      1462.86
       3.071     0.999414       497718      1706.67
       3.141     0.999512       497766      2048.00
       3.197     0.999561       497791      2275.56
       3.239     0.999609       497815      2560.00
       3.307     0.999658       497839      2925.71
       3.417     0.999707       497864      3413.33
       3.495     0.999756       497888      4096.00
       3.523     0.999780       497900      4551.11
       3.617     0.999805       497912      5120.00
       3.683     0.999829       497924      5851.43
       3.757     0.999854       497937      6826.67
       3.867     0.999878       497949      8192.00
       3.887     0.999890       497955      9102.22
       3.957     0.999902       497961     10240.00
       4.021     0.999915       497967     11702.86
       4.089     0.999927       497973     13653.33
       4.215     0.999939       497979     16384.00
       4.291     0.999945       497982     18204.44
       4.335     0.999951       497985     20480.00
       4.363     0.999957       497988     23405.71
       4.383     0.999963       497991     27306.67
       4.395     0.999969       497994     32768.00
       4.503     0.999973       497996     36408.89
       4.511     0.999976       497997     40960.00
       4.547     0.999979       497999     46811.43
       4.575     0.999982       498000     54613.33
       4.599     0.999985       498002     65536.00
       4.611     0.999986       498003     72817.78
       4.611     0.999988       498003     81920.00
       4.647     0.999989       498004     93622.86
       4.747     0.999991       498005    109226.67
       4.859     0.999992       498006    131072.00
       4.859     0.999993       498006    145635.56
       4.859     0.999994       498006    163840.00
       4.887     0.999995       498007    187245.71
       4.887     0.999995       498007    218453.33
       4.915     0.999996       498008    262144.00
       4.915     0.999997       498008    291271.11
       4.915     0.999997       498008    327680.00
       4.915     0.999997       498008    374491.43
       4.915     0.999998       498008    436906.67
       5.095     0.999998       498009    524288.00
       5.095     1.000000       498009          inf
#[Mean    =        1.041, StdDeviation   =        0.464]
#[Max     =        5.092, Total count    =       498009]
#[Buckets =           27, SubBuckets     =         2048]
----------------------------------------------------------
  749140 requests in 30.00s, 134.32MB read
  Socket errors: connect 0, read 1437, write 0, timeout 0
Requests/sec:  24969.74
Transfer/sec:      4.48MB
WRKX_RESULT {"durationUs":30001916,"requests":749140,"responses":749140,"errors":1437,"bytes":140839555,"latencyAvgUs":1040.838,"latencyP95Us":1828.000,"latencyP99Us":2195.000}
