Running 30s test @ http://localhost:9991/
  16 threads and 256 connections
  Thread calibration: mean lat.: 0.996ms, rate sampling interval: 10ms
  Thread calibration: mean lat.: 0.974ms, rate sampling interval: 10ms
  Thread calibration: mean lat.: 0.975ms, rate sampling interval: 10ms
  Thread calibration: mean lat.: 0.974ms, rate sampling interval: 10ms
  Thread calibration: mean lat.: 0.982ms, rate sampling interval: 10ms
  Thread calibration: mean lat.: 0.966ms, rate sampling interval: 10ms
  Thread calibration: mean lat.: 0.998ms, rate sampling interval: 10ms
  Thread calibration: mean lat.: 0.974ms, rate sampling interval: 10ms
  Thread calibration: mean lat.: 0.989ms, rate sampling interval: 10ms
  Thread calibration: mean lat.: 0.994ms, rate sampling interval: 10ms
  Thread calibration: mean lat.: 0.954ms, rate sampling interval: 10ms
  Thread calibration: mean lat.: 0.979ms, rate sampling interval: 10ms
  Thread calibration: mean lat.: 0.962ms, rate sampling interval: 10ms
  Thread calibration: mean lat.: 0.968ms, rate sampling interval: 10ms
  Thread calibration: mean lat.: 1.036ms, rate sampling interval: 10ms
  Thread calibration: mean lat.: 0.967ms, rate sampling interval: 10ms
  Thread Stats   Avg      Stdev     Max   +/- Stdev
    Latency     1.00ms  413.85us   4.68ms   65.24%
    Req/Sec   657.24    260.43     2.00k    90.40%
  Latency Distribution (HdrHistogram - Recorded Latency)
 50.000%    1.00ms
 75.000%    1.29ms
 90.000%    1.55ms
 99.000%    1.98ms
 99.900%    2.31ms
 99.990%    3.48ms
 99.999%    4.50ms
100.000%    4.68ms

  Detailed Percentile spectrum:
       Value   Percentile   TotalCount 1/(1-Percentile)

       0.115     0.000000            1         1.00
       0.452     0.100000        19938         1.11
       0.611     0.200000        39853         1.25
       0.749     0.300000        59790         1.43
       0.876     0.400000        79701         1.67
       0.997     0.500000        99665         2.00
       1.055     0.550000       109580         2.22
       1.113     0.600000       119622         2.50
       1.170     0.650000       129515         2.86
       1.228     0.700000       139625         3.33
       1.288     0.750000       149499         4.00
       1.321     0.775000       154501         4.44
       1.357     0.800000       159429         5.00
       1.397     0.825000       164389         5.71
       1.441     0.850000       169411         6.67
       1.489     0.875000       174351         8.00
       1.516     0.887500       176813         8.89
       1.546     0.900000       179308        10.00
       1.579     0.912500       181822        11.43
       1.614     0.925000       184308        13.33
       1.656     0.937500       186813        16.00
       1.678     0.943750       188026        17.78
       1.703     0.950000       189268        20.00
       1.730     0.956250       190497        22.86
       1.762     0.962500       191740        26.67
       1.797     0.968750       193015        32.00
       1.815     0.971875       193635        35.56
       1.836     0.975000       194248        40.00
       1.859     0.978125       194869        45.71
       1.882     0.981250       195488        53.33
       1.913     0.984375       196102        64.00
       1.929     0.985938       196419        71.11
       1.945     0.987500       196719        80.00
       1.966     0.989062       197034        91.43
       1.987     0.990625       197349       106.67
       2.013     0.992188       197653       128.00
       2.029     0.992969       197814       142.22
       2.045     0.993750       197969       160.00
       2.063     0.994531       198117       182.86
       2.085     0.995313       198275       213.33
       2.107     0.996094       198430       256.00
       2.121     0.996484       198514       284.44
       2.139     0.996875       198591       320.00
       2.157     0.997266       198664       365.71
       2.177     0.997656       198740       426.67
       2.205     0.998047       198820       512.00
       2.219     0.998242       198860       568.89
       2.237     0.998437       198896       640.00
       2.261     0.998633       198936       731.43
       2.283     0.998828       198974       853.33
       2.309     0.999023       199013      1024.00
       2.331     0.999121       199031      1137.78
       2.357     0.999219       199052      1280.00
       2.387     0.999316       199070      1462.86
       2.419     0.999414       199092      1706.67
       2.459     0.999512       199109      2048.00
       2.493     0.999561       199119      2275.56
       2.553     0.999609       199131      2560.00
       2.571     0.999658       199138      2925.71
       2.635     0.999707       199149      3413.33
       2.737     0.999756       199158      4096.00
       2.817     0.999780       199163      4551.11
       2.997     0.999805       199168      5120.00
       3.009     0.999829       199172      5851.43
       3.237     0.999854       199177      6826.67
       3.359     0.999878       199182      8192.00
       3.465     0.999890       199185      9102.22
       3.497     0.999902       199187     10240.00
       3.613     0.999915       199189     11702.86
       3.813     0.999927       199192     13653.33
       3.899     0.999939       199194     16384.00
       3.957     0.999945       199196     18204.44
       4.069     0.999951       199197     20480.00
       4.071     0.999957       199198     23405.71
       4.379     0.999963       199199     27306.67
       4.383     0.999969       199200     32768.00
       4.407     0.999973       199201     36408.89
       4.435     0.999976       199202     40960.00
       4.435     0.999979       199202     46811.43
       4.475     0.999982       199203     54613.33
       4.475     0.999985       199203     65536.00
       4.499     0.999986       199204     72817.78
       4.499     0.999988       199204     81920.00
       4.499     0.999989       199204     93622.86
       4.643     0.999991       199205    109226.67
       4.643     0.999992       199205    131072.00
       4.643     0.999993       199205    145635.56
       4.643     0.999994       199205    163840.00
       4.643     0.999995       199205    187245.71
       4.679     0.999995       199206    218453.33
       4.679     1.000000       199206          inf
#[Mean    =        1.002, StdDeviation   =        0.414]
#[Max     =        4.676, Total count    =       199206]
#[Buckets =           27, SubBuckets     =         2048]
----------------------------------------------------------
  299137 requests in 30.01s, 53.63MB read
  Socket errors: connect 0, read 668, write 0, timeout 0
Requests/sec:   9969.43
Transfer/sec:      1.79MB
WRKX_RESULT {"durationUs":30005441,"requests":299137,"responses":299137,"errors":668,"bytes":56237927,"latencyAvgUs":1002.020,"latencyP95Us":1703.000,"latencyP99Us":1980.000}
