Running 30s test @ http://localhost:9991/
  16 threads and 256 connections
  Thread calibration: mean lat.: 13.005ms, rate sampling interval: 78ms
  Thread calibration: mean lat.: 15.892ms, rate sampling interval: 86ms
  Thread calibration: mean lat.: 14.647ms, rate sampling interval: 83ms
  Thread calibration: mean lat.: 19.830ms, rate sampling interval: 112ms
  Thread calibration: mean lat.: 16.675ms, rate sampling interval: 87ms
  Thread calibration: mean lat.: 13.388ms, rate sampling interval: 79ms
  Thread calibration: mean lat.: 14.727ms, rate sampling interval: 88ms
  Thread calibration: mean lat.: 15.274ms, rate sampling interval: 81ms
  Thread calibration: mean lat.: 20.841ms, rate sampling interval: 123ms
  Thread calibration: mean lat.: 13.973ms, rate sampling interval: 78ms
  Thread calibration: mean lat.: 14.992ms, rate sampling interval: 88ms
  Thread calibration: mean lat.: 13.303ms, rate sampling interval: 66ms
  Thread calibration: mean lat.: 15.188ms, rate sampling interval: 85ms
  Thread calibration: mean lat.: 14.967ms, rate sampling interval: 89ms
  Thread calibration: mean lat.: 10.912ms, rate sampling interval: 53ms
  Thread calibration: mean lat.: 18.398ms, rate sampling interval: 116ms
  Thread Stats   Avg      Stdev     Max   +/- Stdev
    Latency    84.07ms  170.22ms   1.71s    89.14%
    Req/Sec     4.72k   474.46     8.52k    77.07%
  Latency Distribution (HdrHistogram - Recorded Latency)
 50.000%    8.11ms
 75.000%   80.32ms
 90.000%  272.89ms
 99.000%  826.37ms
 99.900%    1.35s 
 99.990%    1.61s 
 99.999%    1.69s 
100.000%    1.71s 

  Detailed Percentile spectrum:
       Value   Percentile   TotalCount 1/(1-Percentile)

       0.130     0.000000            1         1.00
       1.236     0.100000       149497         1.11
       1.821     0.200000       299221         1.25
       2.569     0.300000       448612         1.43
       3.889     0.400000       598030         1.67
       8.111     0.500000       747521         2.00
      13.255     0.550000       822294         2.22
      21.167     0.600000       897015         2.50
      33.439     0.650000       971753         2.86
      53.663     0.700000      1046469         3.33
      80.319     0.750000      1121337         4.00
      99.007     0.775000      1158571         4.44
     121.855     0.800000      1196023         5.00
     148.479     0.825000      1233353         5.71
     177.535     0.850000      1270778         6.67
     219.775     0.875000      1308113         8.00
     245.375     0.887500      1326751         8.89
     272.895     0.900000      1345563        10.00
     303.615     0.912500      1364152        11.43
     343.039     0.925000      1382897        13.33
     386.047     0.937500      1401575        16.00
     410.879     0.943750      1410898        17.78
     438.271     0.950000      1420179        20.00
     468.735     0.956250      1429539        22.86
     503.295     0.962500      1438874        26.67
     551.935     0.968750      1448226        32.00
     575.999     0.971875      1452908        35.56
     607.231     0.975000      1457564        40.00
     637.951     0.978125      1462215        45.71
     667.135     0.981250      1466920        53.33
     711.679     0.984375      1471590        64.00
     738.815     0.985938      1473903        71.11
     772.607     0.987500      1476248        80.00
     806.399     0.989062      1478596        91.43
     842.239     0.990625      1480914       106.67
     894.975     0.992188      1483246       128.00
     924.671     0.992969      1484409       142.22
     956.415     0.993750      1485580       160.00
     990.719     0.994531      1486752       182.86
    1035.263     0.995313      1487914       213.33
    1076.223     0.996094      1489077       256.00
    1095.679     0.996484      1489674       284.44
    1114.111     0.996875      1490246       320.00
    1136.639     0.997266      1490833       365.71
    1173.503     0.997656      1491417       426.67
    1196.031     0.998047      1492002       512.00
    1209.343     0.998242      1492301       568.89
    1220.607     0.998437      1492585       640.00
    1240.063     0.998633      1492887       731.43
    1274.879     0.998828      1493168       853.33
    1352.703     0.999023      1493458      1024.00
    1380.351     0.999121      1493603      1137.78
    1404.927     0.999219      1493752      1280.00
    1432.575     0.999316      1493899      1462.86
    1459.199     0.999414      1494041      1706.67
    1490.943     0.999512      1494206      2048.00
    1497.087     0.999561      1494262      2275.56
    1504.255     0.999609      1494340      2560.00
    1511.423     0.999658      1494407      2925.71
    1528.831     0.999707      1494486      3413.33
    1541.119     0.999756      1494552      4096.00
    1546.239     0.999780      1494589      4551.11
    1554.431     0.999805      1494625      5120.00
    1562.623     0.999829      1494662      5851.43
    1582.079     0.999854      1494701      6826.67
    1597.439     0.999878      1494734      8192.00
    1604.607     0.999890      1494753      9102.22
    1614.847     0.999902      1494771     10240.00
    1619.967     0.999915      1494796     11702.86
    1622.015     0.999927      1494812     13653.33
    1629.183     0.999939      1494825     16384.00
    1636.351     0.999945      1494834     18204.44
    1642.495     0.999951      1494846     20480.00
    1646.591     0.999957      1494853     23405.71
    1655.807     0.999963      1494862     27306.67
    1663.999     0.999969      1494872     32768.00
    1669.119     0.999973      1494875     36408.89
    1677.311     0.999976      1494880     40960.00
    1683.455     0.999979      1494885     46811.43
    1688.575     0.999982      1494889     54613.33
    1691.647     0.999985      1494894     65536.00
    1692.671     0.999986      1494897     72817.78
    1693.695     0.999988      1494898     81920.00
    1694.719     0.999989      1494901     93622.86
    1696.767     0.999991      1494903    109226.67
    1697.791     0.999992      1494905    131072.00
    1698.815     0.999993      1494906    145635.56
    1699.839     0.999994      1494907    163840.00
    1702.911     0.999995      1494909    187245.71
    1703.935     0.999995      1494911    218453.33
    1703.935     0.999996      1494911    262144.00
    1703.935     0.999997      1494911    291271.11
    1704.959     0.999997      1494913    327680.00
    1704.959     0.999997      1494913    374491.43
    1704.959     0.999998      1494913    436906.67
    1708.031     0.999998      1494914    524288.00
    1708.031     0.999998      1494914    582542.22
    1708.031     0.999998      1494914    655360.00
    1709.055     0.999999      1494915    748982.86
    1709.055     0.999999      1494915    873813.33
    1709.055     0.999999      1494915   1048576.00
    1709.055     0.999999      1494915   1165084.44
    1709.055     0.999999      1494915   1310720.00
    1711.103     0.999999      1494916   1497965.71
    1711.103     1.000000      1494916          inf
#[Mean    =       84.073, StdDeviation   =      170.220]
#[Max     =     1710.080, Total count    =      1494916]
#[Buckets =           27, SubBuckets     =         2048]
----------------------------------------------------------
  2246706 requests in 30.00s, 402.88MB read
  Socket errors: connect 0, read 935, write 0, timeout 0
Requests/sec:  74891.67
Transfer/sec:     13.43MB
WRKX_RESULT {"durationUs":29999412,"requests":2246706,"responses":2246706,"errors":935,"bytes":422454144,"latencyAvgUs":84073.272,"latencyP95Us":438271.000,"latencyP99Us":826367.000}
